 ------------------------------------------------------------------------------------------------------------------------------------------------------ 
| Snapshot                | WNS                  | TNS                  | Density (%) | Hotspot      | Resource               | DRVs       | Layer-OPT |
|                         | HEPG (ns) | ALL (ns) | HEPG (ns) | ALL (ns) |             | Max  | Total | Real (s) | Memory (MB) | Tran | Cap | M8        |
|-------------------------+-----------+----------+-----------+----------+-------------+------+-------+----------+-------------+------+-----+-----------|
| initial_summary         |    -0.036 |   -0.063 |           |     -414 |       95.50 |      |       | 0:00:17  |        5791 |    0 |   0 |           |
| route_type_refinement   |           |          |           |          |             |      |       | 0:00:03  |        5792 |      |     |       196 |
| simplify_netlist        |           |          |           |          |             |      |       | 0:00:05  |        5794 |      |     |           |
| excluded_clk_net_fixing |           |          |           |          |             |      |       | 0:00:00  |        5794 |      |     |           |
| global_opt              |           |   -0.105 |           |     -431 |       95.50 |      |       | 0:00:14  |        5926 |      |     |       196 |
| global_opt_2            |           |   -0.105 |           |     -431 |       95.50 |      |       | 0:00:24  |        5989 |      |     |       196 |
| area_reclaiming         |    -0.036 |   -0.095 |       -12 |     -438 |       95.27 |      |       | 0:00:17  |        6058 |      |     |       185 |
| wns_fixing              |    -0.010 |   -0.088 |        -4 |     -421 |       95.58 |      |       | 0:02:38  |        7649 |      |     |       207 |
| tns_fixing              |    -0.011 |   -0.088 |        -1 |     -335 |       96.54 |      |       | 0:04:28  |        8002 |      |     |       289 |
| area_reclaiming_2       |    -0.011 |   -0.081 |        -1 |     -335 |       96.54 |      |       | 0:00:09  |        6992 |      |     |       289 |
| area_reclaiming_3       |    -0.015 |   -0.080 |        -1 |     -344 |       95.98 |      |       | 0:00:21  |        6994 |      |     |       265 |
| local_wire_reclaim      |           |          |           |          |             |      |       | 0:00:38  |        6989 |      |     |           |
| global_route            |           |          |           |          |             | 0.26 |  0.26 | 0:00:09  |        6738 |      |     |           |
| route_type_refinement_2 |           |          |           |          |             |      |       | 0:00:00  |        6738 |      |     |       265 |
| drv_eco_fixing          |    -0.016 |   -0.085 |        -2 |     -376 |       95.98 |      |       | 0:00:05  |        6832 |    0 |   0 |       265 |
| tns_eco_fixing          |    -0.015 |   -0.085 |        -1 |     -374 |       96.10 |      |       | 0:01:11  |        7765 |      |     |       269 |
| tns_eco_fixing_2        |    -0.015 |   -0.085 |        -1 |     -374 |       96.10 |      |       | 0:00:13  |        7565 |      |     |       269 |
| final_summary           |    -0.015 |   -0.085 |           |     -374 |       96.10 | 0.00 |  0.00 | 0:00:10  |        6909 |    0 |   0 |           |
 ------------------------------------------------------------------------------------------------------------------------------------------------------ 
