============================================================
  Generated by:           Genus(TM) Synthesis Solution 23.10-p004_1
  Generated on:           Feb 17 2025  09:06:06 pm
  Module:                 pp_fir_u_7
  Library domain:         timing_cond_wcl_slow
    Domain index:         0
    Technology library:   sc9mcpp140z_cln28ht_base_lvt_c30_ssg_cworstt_max_0p81v_125c 1.0
  Library domain:         timing_cond_wcl_fast
    Domain index:         1
    Technology library:   sc9mcpp140z_cln28ht_base_lvt_c30_ffg_cbestt_min_0p99v_m40c 1.0
  Library domain:         timing_cond_wcl_typical
    Domain index:         2
    Technology library:   sc9mcpp140z_cln28ht_base_lvt_c30_tt_ctypical_max_0p90v_25c 1.0
  Operating conditions:   ssg_cworstt_max_0p81v_125c 
  Operating conditions:   ffg_cbestt_min_0p99v_m40c 
  Operating conditions:   tt_ctypical_max_0p90v_25c 
  Interconnect mode:      placement
  Area mode:              physical library
============================================================

Timing
--------

  Analysis view  Clock Period 
------------------------------
view_wcl_slow    clk    500.0 
view_wcl_fast    clk    500.0 
view_wcl_typical clk    500.0 


    Analysis       Cost   Critical            Violating 
      View        Group  Path Slack    TNS      Paths   
--------------------------------------------------------
view_wcl_slow        clk      -58.6 -65428.0       2503 
                 default   No paths      0.0          0 
--------------------------------------------------------
Total                               -65428.0       2503 
                                                        
view_wcl_fast        clk       -1.0     -1.6          2 
                 default   No paths      0.0          0 
--------------------------------------------------------
Total                                   -1.6          2 
                                                        
view_wcl_typical     clk      -23.8 -11846.6       1493 
                 default   No paths      0.0          0 
--------------------------------------------------------
Total                               -11846.6       1493 
                                                        

Instance Count
--------------
Leaf Instance Count             25967 
Physical Instance count          1107 
Sequential Instance Count        3622 
Combinational Instance Count    22345 
Hierarchical Instance Count         0 

Area
----
Cell Area                          29254.176
Physical Cell Area                 596.610
Total Cell Area (Cell+Physical)    29850.786
Net Area                           8066.803
Total Area (Cell+Physical+Net)     37917.589

Floorplan Utilization              79.66%
Runtime                            95.089892 seconds
Elapsed Runtime                    2366 seconds
Genus peak memory usage            3575.32 
Innovus peak memory usage          5543.527344 
Hostname                           tc022.cm.cluster

Physical Data
-------------
Total Net Length                   161336.07 um
Average Net Length                 5.94 um
