============================================================
  Generated by:           Genus(TM) Synthesis Solution 23.10-p004_1
  Generated on:           Feb 17 2025  08:39:09 pm
  Module:                 pp_fir_u_7
  Library domain:         timing_cond_wcl_slow
    Domain index:         0
    Technology library:   sc9mcpp140z_cln28ht_base_lvt_c30_ssg_cworstt_max_0p81v_125c 1.0
  Library domain:         timing_cond_wcl_fast
    Domain index:         1
    Technology library:   sc9mcpp140z_cln28ht_base_lvt_c30_ffg_cbestt_min_0p99v_m40c 1.0
  Library domain:         timing_cond_wcl_typical
    Domain index:         2
    Technology library:   sc9mcpp140z_cln28ht_base_lvt_c30_tt_ctypical_max_0p90v_25c 1.0
  Operating conditions:   ssg_cworstt_max_0p81v_125c 
  Operating conditions:   ffg_cbestt_min_0p99v_m40c 
  Operating conditions:   tt_ctypical_max_0p90v_25c 
  Interconnect mode:      spatial
  Area mode:              physical library
============================================================

Timing
--------

  Analysis view  Clock Period 
------------------------------
view_wcl_slow    clk    500.0 
view_wcl_fast    clk    500.0 
view_wcl_typical clk    500.0 


    Analysis       Cost   Critical            Violating 
      View        Group  Path Slack    TNS      Paths   
--------------------------------------------------------
view_wcl_slow        clk      -14.9 -23514.7       2449 
                 default   No paths      0.0          0 
--------------------------------------------------------
Total                               -23514.7       2449 
                                                        
view_wcl_fast        clk       24.3      0.0          0 
                 default   No paths      0.0          0 
--------------------------------------------------------
Total                                   -0.0          0 
                                                        
view_wcl_typical     clk        7.5      0.0          0 
                 default   No paths      0.0          0 
--------------------------------------------------------
Total                                   -0.0          0 
                                                        

Instance Count
--------------
Leaf Instance Count             26385 
Physical Instance count          1107 
Sequential Instance Count        3622 
Combinational Instance Count    22763 
Hierarchical Instance Count         0 

Area
----
Cell Area                          28721.448
Physical Cell Area                 596.610
Total Cell Area (Cell+Physical)    29318.058
Net Area                           7303.667
Total Area (Cell+Physical+Net)     36621.725

Floorplan Utilization              78.21%
Runtime                            97.089892 seconds
Elapsed Runtime                    751 seconds
Genus peak memory usage            2610.34 
Innovus peak memory usage          no_value 
Hostname                           tc022.cm.cluster
