

Working Directory = /data/projects/28HPC_summer2024/jswalling/synthesis/cadence/phase2_int_work/work
QoS Summary for scpa_dig_ana_ppfir
==========================================================================================
Metric                          generic         map             invs            final          
==========================================================================================

View : slow-slow-maxrc
Slack (ps):                       -94             -75             -52             -52
  R2R (ps):                       -94             -75             -52             -52
  I2R (ps):                  no_value        no_value        no_value        no_value
  R2O (ps):                       109               6        no_value               0
  I2O (ps):                  no_value        no_value        no_value        no_value
  CG  (ps):                  no_value        no_value        no_value        no_value
TNS (ps):                    -109,492        -116,856         -30,783         -34,184
  R2R (ps):                  -109,492        -116,856         -30,783         -34,184
  I2R (ps):                  no_value        no_value        no_value        no_value
  R2O (ps):                         0               0        no_value               0
  I2O (ps):                  no_value        no_value        no_value        no_value
  CG  (ps):                  no_value        no_value        no_value        no_value
Failing Paths:                  1,903           1,995        no_value           1,731

View : fast-fast-minrc
Slack (ps):                        26              40        no_value              58
  R2R (ps):                        26              40        no_value              58
  I2R (ps):                  no_value        no_value        no_value        no_value
  R2O (ps):                       115              67        no_value              69
  I2O (ps):                  no_value        no_value        no_value        no_value
  CG  (ps):                  no_value        no_value        no_value        no_value
TNS (ps):                           0               0        no_value               0
  R2R (ps):                         0               0        no_value               0
  I2R (ps):                  no_value        no_value        no_value        no_value
  R2O (ps):                         0               0        no_value               0
  I2O (ps):                  no_value        no_value        no_value        no_value
  CG  (ps):                  no_value        no_value        no_value        no_value
Failing Paths:                      0               0        no_value               0

View : func-typ-typ
Slack (ps):                       -24              -9        no_value              12
  R2R (ps):                       -24              -9        no_value              12
  I2R (ps):                  no_value        no_value        no_value        no_value
  R2O (ps):                       103              42        no_value              44
  I2O (ps):                  no_value        no_value        no_value        no_value
  CG  (ps):                  no_value        no_value        no_value        no_value
TNS (ps):                      -3,766          -6,860        no_value               0
  R2R (ps):                    -3,766          -6,860        no_value               0
  I2R (ps):                  no_value        no_value        no_value        no_value
  R2O (ps):                         0               0        no_value               0
  I2O (ps):                  no_value        no_value        no_value        no_value
  CG  (ps):                  no_value        no_value        no_value        no_value
Failing Paths:                    694           1,252        no_value               0

Cell Area:                    276,841         142,955        no_value         145,754
Total Cell Area:              280,570         146,684         145,754         149,483
Leaf Instances:               160,034         133,253         132,818         132,818
Total Instances:              166,671         139,890         132,818         139,455
Utilization (%):                58.40           59.20           60.36           60.36
Tot. Net Length (um):        no_value        no_value       1,427,890       1,403,052
Avg. Net Length (um):        no_value        no_value               9               9
Route Overflow H (%):            0.00            0.00            0.00            0.00
Route Overflow V (%):            0.00            0.00            0.00            0.00
MBCI(%) (bits/gate) :            0.00            0.00        no_value            0.00
Norm Cong Hotspot Area:
  Max Cong:                      0.00            0.00            0.00            0.00
  Tot Cong:                      0.00            0.00            0.00            0.00
==========================================================================================
CPU  Runtime (h:m:s):        01:16:44        00:56:16        01:20:28        00:03:48
Real Runtime (h:m:s):        00:26:19        00:15:51        00:17:44        00:05:52
CPU  Elapsed (h:m:s):        01:17:18        02:13:40        03:36:37        03:40:53
Real Elapsed (h:m:s):        00:26:34        00:42:23        01:03:06        01:06:00
Memory (MB):                  5527.99         5857.28         7798.01         7353.61
==========================================================================================
==========================================================================================
Flow Settings:
==========================================================================================
Total Runtime (h:m:s): 01:06:00
Total Memory (MB):     7353.61
Executable Version:    23.14-s090_1
==========================================================================================
Total Cell Area =  Cell Area + Physical Cell Area
Total Instances =  Leaf Instances + Physical Instances


