============================================================
  Generated by:           Genus(TM) Synthesis Solution 23.14-s090_1
  Generated on:           Jan 26 2026  12:37:03 pm
  Module:                 scpa_dig_ana_ppfir
  Library domain:         slow
    Domain index:         0
    Technology libraries: sc9mcpp140z_cln28ht_base_lvt_c30_ssg_cworstt_max_0p81v_125c 1.0
                          sc9mcpp140z_cln28ht_hpk_lvt_c30_ssg_cworstt_max_0p81v_125c 1.0
                          sc9mcpp140z_cln28ht_base_svt_c30_ssg_cworstt_max_0p81v_125c 1.0
                          sc9mcpp140z_cln28ht_hpk_svt_c30_ssg_cworstt_max_0p81v_125c 1.0
                          sc9mcpp140z_cln28ht_base_ulvt_c30_ssg_cworstt_max_0p81v_125c 1.0
                          sc9mcpp140z_cln28ht_hpk_ulvt_c30_ssg_cworstt_max_0p81v_125c 1.0
  Library domain:         fast
    Domain index:         1
    Technology libraries: sc9mcpp140z_cln28ht_base_lvt_c30_ffg_cbestt_min_0p99v_m40c 1.0
                          sc9mcpp140z_cln28ht_hpk_lvt_c30_ffg_cbestt_min_0p99v_m40c 1.0
                          sc9mcpp140z_cln28ht_base_svt_c30_ffg_cbestt_min_0p99v_m40c 1.0
                          sc9mcpp140z_cln28ht_hpk_svt_c30_ffg_cbestt_min_0p99v_m40c 1.0
                          sc9mcpp140z_cln28ht_base_ulvt_c30_ffg_cbestt_min_0p99v_m40c 1.0
                          sc9mcpp140z_cln28ht_hpk_ulvt_c30_ffg_cbestt_min_0p99v_m40c 1.0
  Library domain:         nom
    Domain index:         2
    Technology libraries: sc9mcpp140z_cln28ht_base_lvt_c30_tt_ctypical_max_0p90v_25c 1.0
                          sc9mcpp140z_cln28ht_hpk_lvt_c30_tt_ctypical_max_0p90v_25c 1.0
                          sc9mcpp140z_cln28ht_base_svt_c30_tt_ctypical_max_0p90v_25c 1.0
                          sc9mcpp140z_cln28ht_hpk_svt_c30_tt_ctypical_max_0p90v_25c 1.0
                          sc9mcpp140z_cln28ht_base_ulvt_c30_tt_ctypical_max_0p90v_25c 1.0
                          sc9mcpp140z_cln28ht_hpk_ulvt_c30_tt_ctypical_max_0p90v_25c 1.0
  Operating conditions:   ssg_cworstt_max_0p81v_125c 
  Operating conditions:   ffg_cbestt_min_0p99v_m40c 
  Operating conditions:   tt_ctypical_max_0p90v_25c 
  Interconnect mode:      placement
  Area mode:              physical library
============================================================

                                                            Leakage                                                                    Library 
              Gate                Instances     Area      Power (nW)                               Library                              Domain 
-----------------------------------------------------------------------------------------------------------------------------------------------
ADDF_X1M_A9PP140ZTUL_C30              20794   41920.704   32684746.086    sc9mcpp140z_cln28ht_base_ulvt_c30_ssg_cworstt_max_0p81v_125c    slow 
ADDF_X1P4M_A9PP140ZTUL_C30                8      18.144      16940.292    sc9mcpp140z_cln28ht_base_ulvt_c30_ssg_cworstt_max_0p81v_125c    slow 
ADDF_X2M_A9PP140ZTUL_C30                 85     192.780     189137.724    sc9mcpp140z_cln28ht_base_ulvt_c30_ssg_cworstt_max_0p81v_125c    slow 
ADDH_X1M_A9PP140ZTUL_C30                405     510.300     467032.746    sc9mcpp140z_cln28ht_base_ulvt_c30_ssg_cworstt_max_0p81v_125c    slow 
AND2_X0P5B_A9PP140ZTUL_C30               24      12.096       7056.427    sc9mcpp140z_cln28ht_base_ulvt_c30_ssg_cworstt_max_0p81v_125c    slow 
AND2_X0P7M_A9PP140ZTUL_C30                2       1.008        958.217    sc9mcpp140z_cln28ht_base_ulvt_c30_ssg_cworstt_max_0p81v_125c    slow 
AND2_X11B_A9PP140ZTUL_C30                 1       2.520       4993.224    sc9mcpp140z_cln28ht_base_ulvt_c30_ssg_cworstt_max_0p81v_125c    slow 
AND2_X11M_A9PP140ZTUL_C30                 7      23.814      42288.289    sc9mcpp140z_cln28ht_base_ulvt_c30_ssg_cworstt_max_0p81v_125c    slow 
AND2_X11TM_A9PP140ZTUL_C30                1       4.284       5732.950    sc9mcpp140z_cln28ht_hpk_ulvt_c30_ssg_cworstt_max_0p81v_125c     slow 
AND2_X1M_A9PP140ZTUL_C30               1300     655.200     601710.677    sc9mcpp140z_cln28ht_base_ulvt_c30_ssg_cworstt_max_0p81v_125c    slow 
AND2_X1P4M_A9PP140ZTUL_C30                5       3.150       3681.880    sc9mcpp140z_cln28ht_base_ulvt_c30_ssg_cworstt_max_0p81v_125c    slow 
AND2_X1TM_A9PP140ZTUL_C30                 2       1.512       1087.032    sc9mcpp140z_cln28ht_hpk_ulvt_c30_ssg_cworstt_max_0p81v_125c     slow 
AND2_X2B_A9PP140ZTUL_C30                  3       1.890       2229.012    sc9mcpp140z_cln28ht_base_ulvt_c30_ssg_cworstt_max_0p81v_125c    slow 
AND2_X2M_A9PP140ZTUL_C30                 28      17.640      24522.793    sc9mcpp140z_cln28ht_base_ulvt_c30_ssg_cworstt_max_0p81v_125c    slow 
AND2_X2TM_A9PP140ZTUL_C30                 1       0.882        968.427    sc9mcpp140z_cln28ht_hpk_ulvt_c30_ssg_cworstt_max_0p81v_125c     slow 
AND2_X3B_A9PP140ZTUL_C30                  1       0.756       1316.786    sc9mcpp140z_cln28ht_base_ulvt_c30_ssg_cworstt_max_0p81v_125c    slow 
AND2_X3M_A9PP140ZTUL_C30                 12      12.096      18620.198    sc9mcpp140z_cln28ht_base_ulvt_c30_ssg_cworstt_max_0p81v_125c    slow 
AND2_X3TM_A9PP140ZTUL_C30                 1       1.386       1606.699    sc9mcpp140z_cln28ht_hpk_ulvt_c30_ssg_cworstt_max_0p81v_125c     slow 
AND2_X4TM_A9PP140ZTUL_C30                 1       1.512       2215.567    sc9mcpp140z_cln28ht_hpk_ulvt_c30_ssg_cworstt_max_0p81v_125c     slow 
AND2_X6B_A9PP140ZTUL_C30                  1       1.386       1949.782    sc9mcpp140z_cln28ht_base_ulvt_c30_ssg_cworstt_max_0p81v_125c    slow 
AND2_X6M_A9PP140ZTUL_C30                  2       3.780       7077.637    sc9mcpp140z_cln28ht_base_ulvt_c30_ssg_cworstt_max_0p81v_125c    slow 
AND2_X6TM_A9PP140ZTUL_C30                 1       2.520       3441.419    sc9mcpp140z_cln28ht_hpk_ulvt_c30_ssg_cworstt_max_0p81v_125c     slow 
AND3_X0P7M_A9PP140ZTUL_C30                1       0.630        585.563    sc9mcpp140z_cln28ht_base_ulvt_c30_ssg_cworstt_max_0p81v_125c    slow 
AND3_X1M_A9PP140ZTUL_C30                 15       9.450       7549.888    sc9mcpp140z_cln28ht_base_ulvt_c30_ssg_cworstt_max_0p81v_125c    slow 
AND3_X3M_A9PP140ZTUL_C30                  2       2.772       2790.233    sc9mcpp140z_cln28ht_base_ulvt_c30_ssg_cworstt_max_0p81v_125c    slow 
AND3_X6M_A9PP140ZTUL_C30                  1       2.520       3515.434    sc9mcpp140z_cln28ht_base_ulvt_c30_ssg_cworstt_max_0p81v_125c    slow 
AND4_X0P7M_A9PP140ZTUL_C30                1       0.756        462.907    sc9mcpp140z_cln28ht_base_ulvt_c30_ssg_cworstt_max_0p81v_125c    slow 
AND4_X1M_A9PP140ZTUL_C30                  1       0.756        243.200    sc9mcpp140z_cln28ht_base_ulvt_c30_ssg_cworstt_max_0p81v_125c    slow 
AO1B2_X1M_A9PP140ZTUL_C30               260     163.800     138768.901    sc9mcpp140z_cln28ht_base_ulvt_c30_ssg_cworstt_max_0p81v_125c    slow 
AO1B2_X1P4M_A9PP140ZTUL_C30              10       8.820       8364.757    sc9mcpp140z_cln28ht_base_ulvt_c30_ssg_cworstt_max_0p81v_125c    slow 
AO1B2_X2M_A9PP140ZTUL_C30               249     219.618     245192.261    sc9mcpp140z_cln28ht_base_ulvt_c30_ssg_cworstt_max_0p81v_125c    slow 
AO1B2_X3M_A9PP140ZTUL_C30                59      81.774      96763.910    sc9mcpp140z_cln28ht_base_ulvt_c30_ssg_cworstt_max_0p81v_125c    slow 
AO1B2_X4M_A9PP140ZTUL_C30                39      63.882      81313.028    sc9mcpp140z_cln28ht_base_ulvt_c30_ssg_cworstt_max_0p81v_125c    slow 
AO1B2_X6M_A9PP140ZTUL_C30                 2       4.788       5018.340    sc9mcpp140z_cln28ht_base_ulvt_c30_ssg_cworstt_max_0p81v_125c    slow 
AO21A1AI2_X0P5M_A9PP140ZTUL_C30           2       1.260        572.915    sc9mcpp140z_cln28ht_base_ulvt_c30_ssg_cworstt_max_0p81v_125c    slow 
AO21A1AI2_X0P7M_A9PP140ZTUL_C30           3       1.890        991.508    sc9mcpp140z_cln28ht_base_ulvt_c30_ssg_cworstt_max_0p81v_125c    slow 
AO21A1AI2_X1M_A9PP140ZTUL_C30           367     231.210     132460.249    sc9mcpp140z_cln28ht_base_ulvt_c30_ssg_cworstt_max_0p81v_125c    slow 
AO21A1AI2_X1P4M_A9PP140ZTUL_C30          17      19.278      10430.132    sc9mcpp140z_cln28ht_base_ulvt_c30_ssg_cworstt_max_0p81v_125c    slow 
AO21A1AI2_X2M_A9PP140ZTUL_C30            21      23.814      15040.176    sc9mcpp140z_cln28ht_base_ulvt_c30_ssg_cworstt_max_0p81v_125c    slow 
AO21A1AI2_X3M_A9PP140ZTUL_C30            15      24.570      16319.078    sc9mcpp140z_cln28ht_base_ulvt_c30_ssg_cworstt_max_0p81v_125c    slow 
AO21A1AI2_X4M_A9PP140ZTUL_C30             6      12.852       8532.278    sc9mcpp140z_cln28ht_base_ulvt_c30_ssg_cworstt_max_0p81v_125c    slow 
AO21A1AI2_X8M_A9PP140ZTUL_C30             2       8.316       5699.111    sc9mcpp140z_cln28ht_hpk_ulvt_c30_ssg_cworstt_max_0p81v_125c     slow 
AO21B_X1M_A9PP140ZTUL_C30               994     626.220     539692.357    sc9mcpp140z_cln28ht_base_ulvt_c30_ssg_cworstt_max_0p81v_125c    slow 
AO21B_X1P4M_A9PP140ZTUL_C30              15      13.230      13393.192    sc9mcpp140z_cln28ht_base_ulvt_c30_ssg_cworstt_max_0p81v_125c    slow 
AO21B_X2M_A9PP140ZTUL_C30               251     221.382     257232.741    sc9mcpp140z_cln28ht_base_ulvt_c30_ssg_cworstt_max_0p81v_125c    slow 
AO21B_X3M_A9PP140ZTUL_C30                94     130.284     155354.892    sc9mcpp140z_cln28ht_base_ulvt_c30_ssg_cworstt_max_0p81v_125c    slow 
AO21B_X4M_A9PP140ZTUL_C30                13      21.294      23884.921    sc9mcpp140z_cln28ht_base_ulvt_c30_ssg_cworstt_max_0p81v_125c    slow 
AO21B_X6M_A9PP140ZTUL_C30                 2       4.788       4026.059    sc9mcpp140z_cln28ht_base_ulvt_c30_ssg_cworstt_max_0p81v_125c    slow 
AO21_X0P7M_A9PP140ZTUL_C30               10       7.560       5518.430    sc9mcpp140z_cln28ht_base_ulvt_c30_ssg_cworstt_max_0p81v_125c    slow 
AO21_X1M_A9PP140ZTUL_C30                 94      71.064      60345.195    sc9mcpp140z_cln28ht_base_ulvt_c30_ssg_cworstt_max_0p81v_125c    slow 
AO21_X1P4M_A9PP140ZTUL_C30                1       0.882        901.080    sc9mcpp140z_cln28ht_base_ulvt_c30_ssg_cworstt_max_0p81v_125c    slow 
AO21_X2M_A9PP140ZTUL_C30                  6       5.292       5677.801    sc9mcpp140z_cln28ht_base_ulvt_c30_ssg_cworstt_max_0p81v_125c    slow 
AO21_X3M_A9PP140ZTUL_C30                  2       2.772       3431.800    sc9mcpp140z_cln28ht_base_ulvt_c30_ssg_cworstt_max_0p81v_125c    slow 
AO21_X6M_A9PP140ZTUL_C30                  1       2.520       3439.372    sc9mcpp140z_cln28ht_base_ulvt_c30_ssg_cworstt_max_0p81v_125c    slow 
AO22_X0P7M_A9PP140ZTUL_C30               31      27.342      19282.434    sc9mcpp140z_cln28ht_base_ulvt_c30_ssg_cworstt_max_0p81v_125c    slow 
AO22_X1M_A9PP140ZTUL_C30                388     342.216     259733.637    sc9mcpp140z_cln28ht_base_ulvt_c30_ssg_cworstt_max_0p81v_125c    slow 
AO22_X1P4M_A9PP140ZTUL_C30               20      20.160      18305.669    sc9mcpp140z_cln28ht_base_ulvt_c30_ssg_cworstt_max_0p81v_125c    slow 
AO22_X3M_A9PP140ZTUL_C30                 16      26.208      26826.247    sc9mcpp140z_cln28ht_base_ulvt_c30_ssg_cworstt_max_0p81v_125c    slow 
AOI211_X0P7M_A9PP140ZTUL_C30             24      15.120       8928.433    sc9mcpp140z_cln28ht_base_ulvt_c30_ssg_cworstt_max_0p81v_125c    slow 
AOI211_X1M_A9PP140ZTUL_C30                6       3.780       2254.118    sc9mcpp140z_cln28ht_base_ulvt_c30_ssg_cworstt_max_0p81v_125c    slow 
AOI211_X2M_A9PP140ZTUL_C30               34      38.556      26904.494    sc9mcpp140z_cln28ht_base_ulvt_c30_ssg_cworstt_max_0p81v_125c    slow 
AOI211_X3M_A9PP140ZTUL_C30                8      13.104       9265.296    sc9mcpp140z_cln28ht_base_ulvt_c30_ssg_cworstt_max_0p81v_125c    slow 
AOI211_X4M_A9PP140ZTUL_C30                1       2.142       1630.295    sc9mcpp140z_cln28ht_base_ulvt_c30_ssg_cworstt_max_0p81v_125c    slow 
AOI21B_X0P7M_A9PP140ZTUL_C30              8       6.048       3398.659    sc9mcpp140z_cln28ht_base_ulvt_c30_ssg_cworstt_max_0p81v_125c    slow 
AOI21B_X1M_A9PP140ZTUL_C30               43      32.508      19426.106    sc9mcpp140z_cln28ht_base_ulvt_c30_ssg_cworstt_max_0p81v_125c    slow 
AOI21B_X2M_A9PP140ZTUL_C30               15      17.010      14980.628    sc9mcpp140z_cln28ht_base_ulvt_c30_ssg_cworstt_max_0p81v_125c    slow 
AOI21B_X3M_A9PP140ZTUL_C30                2       3.024       2954.866    sc9mcpp140z_cln28ht_base_ulvt_c30_ssg_cworstt_max_0p81v_125c    slow 
AOI21B_X4M_A9PP140ZTUL_C30                4       7.560       6697.091    sc9mcpp140z_cln28ht_base_ulvt_c30_ssg_cworstt_max_0p81v_125c    slow 
AOI21B_X6M_A9PP140ZTUL_C30                1       2.772       3012.309    sc9mcpp140z_cln28ht_base_ulvt_c30_ssg_cworstt_max_0p81v_125c    slow 
AOI21_X0P7A_A9PP140ZTUL_C30               2       1.008        796.019    sc9mcpp140z_cln28ht_hpk_ulvt_c30_ssg_cworstt_max_0p81v_125c     slow 
AOI21_X0P7M_A9PP140ZTUL_C30               4       2.016       1209.119    sc9mcpp140z_cln28ht_base_ulvt_c30_ssg_cworstt_max_0p81v_125c    slow 
AOI21_X1A_A9PP140ZTUL_C30              1423     717.192     595021.175    sc9mcpp140z_cln28ht_hpk_ulvt_c30_ssg_cworstt_max_0p81v_125c     slow 
AOI21_X1M_A9PP140ZTUL_C30               661     333.144     258292.141    sc9mcpp140z_cln28ht_base_ulvt_c30_ssg_cworstt_max_0p81v_125c    slow 
AOI21_X1P4A_A9PP140ZTUL_C30               3       2.646       1995.658    sc9mcpp140z_cln28ht_hpk_ulvt_c30_ssg_cworstt_max_0p81v_125c     slow 
AOI21_X1P4M_A9PP140ZTUL_C30               2       1.764       1371.599    sc9mcpp140z_cln28ht_base_ulvt_c30_ssg_cworstt_max_0p81v_125c    slow 
AOI21_X2A_A9PP140ZTUL_C30                60      52.920      45685.452    sc9mcpp140z_cln28ht_hpk_ulvt_c30_ssg_cworstt_max_0p81v_125c     slow 
AOI21_X2M_A9PP140ZTUL_C30               632     557.424     483667.249    sc9mcpp140z_cln28ht_base_ulvt_c30_ssg_cworstt_max_0p81v_125c    slow 
AOI21_X3A_A9PP140ZTUL_C30                 5       6.300       5661.776    sc9mcpp140z_cln28ht_hpk_ulvt_c30_ssg_cworstt_max_0p81v_125c     slow 
AOI21_X3M_A9PP140ZTUL_C30                68      85.680      77013.741    sc9mcpp140z_cln28ht_base_ulvt_c30_ssg_cworstt_max_0p81v_125c    slow 
AOI21_X4A_A9PP140ZTUL_C30                 6       9.828       6941.314    sc9mcpp140z_cln28ht_hpk_ulvt_c30_ssg_cworstt_max_0p81v_125c     slow 
AOI21_X4M_A9PP140ZTUL_C30                25      40.950      39832.746    sc9mcpp140z_cln28ht_base_ulvt_c30_ssg_cworstt_max_0p81v_125c    slow 
AOI21_X6M_A9PP140ZTUL_C30                 6      14.364      15007.224    sc9mcpp140z_cln28ht_base_ulvt_c30_ssg_cworstt_max_0p81v_125c    slow 
AOI21_X8M_A9PP140ZTUL_C30                 2       6.300       4606.563    sc9mcpp140z_cln28ht_base_ulvt_c30_ssg_cworstt_max_0p81v_125c    slow 
AOI22BB_X1M_A9PP140ZTUL_C30               5       4.410       3214.558    sc9mcpp140z_cln28ht_base_ulvt_c30_ssg_cworstt_max_0p81v_125c    slow 
AOI22BB_X1P4M_A9PP140ZTUL_C30             1       1.260        965.344    sc9mcpp140z_cln28ht_base_ulvt_c30_ssg_cworstt_max_0p81v_125c    slow 
AOI22BB_X2M_A9PP140ZTUL_C30               2       2.520       2405.533    sc9mcpp140z_cln28ht_base_ulvt_c30_ssg_cworstt_max_0p81v_125c    slow 
AOI22BB_X3M_A9PP140ZTUL_C30               1       1.890       1982.518    sc9mcpp140z_cln28ht_base_ulvt_c30_ssg_cworstt_max_0p81v_125c    slow 
AOI22_X11A_A9PP140ZTUL_C30                1       5.670       4773.248    sc9mcpp140z_cln28ht_hpk_ulvt_c30_ssg_cworstt_max_0p81v_125c     slow 
AOI22_X1A_A9PP140ZTUL_C30                 2       1.260        832.171    sc9mcpp140z_cln28ht_hpk_ulvt_c30_ssg_cworstt_max_0p81v_125c     slow 
AOI22_X1M_A9PP140ZTUL_C30                 7       4.410       3161.678    sc9mcpp140z_cln28ht_base_ulvt_c30_ssg_cworstt_max_0p81v_125c    slow 
AOI22_X2A_A9PP140ZTUL_C30                 2       2.268       1699.151    sc9mcpp140z_cln28ht_hpk_ulvt_c30_ssg_cworstt_max_0p81v_125c     slow 
AOI22_X3M_A9PP140ZTUL_C30                 3       4.914       3071.351    sc9mcpp140z_cln28ht_base_ulvt_c30_ssg_cworstt_max_0p81v_125c    slow 
AOI22_X4A_A9PP140ZTUL_C30                 1       2.142       1675.554    sc9mcpp140z_cln28ht_hpk_ulvt_c30_ssg_cworstt_max_0p81v_125c     slow 
AOI2XB1_X1M_A9PP140ZTUL_C30             152     114.912      87847.190    sc9mcpp140z_cln28ht_base_ulvt_c30_ssg_cworstt_max_0p81v_125c    slow 
AOI2XB1_X1P4M_A9PP140ZTUL_C30             1       1.134       1029.583    sc9mcpp140z_cln28ht_base_ulvt_c30_ssg_cworstt_max_0p81v_125c    slow 
AOI2XB1_X2M_A9PP140ZTUL_C30              49      55.566      47840.240    sc9mcpp140z_cln28ht_base_ulvt_c30_ssg_cworstt_max_0p81v_125c    slow 
AOI2XB1_X3M_A9PP140ZTUL_C30              18      27.216      24744.995    sc9mcpp140z_cln28ht_base_ulvt_c30_ssg_cworstt_max_0p81v_125c    slow 
AOI2XB1_X4M_A9PP140ZTUL_C30               6      12.096      10691.534    sc9mcpp140z_cln28ht_base_ulvt_c30_ssg_cworstt_max_0p81v_125c    slow 
AOI2XB1_X8M_A9PP140ZTUL_C30               2       7.308       9441.027    sc9mcpp140z_cln28ht_base_ulvt_c30_ssg_cworstt_max_0p81v_125c    slow 
AOI31_X1M_A9PP140ZTUL_C30                45      28.350      16319.615    sc9mcpp140z_cln28ht_base_ulvt_c30_ssg_cworstt_max_0p81v_125c    slow 
AOI31_X1P4M_A9PP140ZTUL_C30               9      10.206       5368.450    sc9mcpp140z_cln28ht_base_ulvt_c30_ssg_cworstt_max_0p81v_125c    slow 
AOI31_X2M_A9PP140ZTUL_C30                 6       7.560       4440.007    sc9mcpp140z_cln28ht_base_ulvt_c30_ssg_cworstt_max_0p81v_125c    slow 
AOI31_X3M_A9PP140ZTUL_C30                14      22.932      15782.204    sc9mcpp140z_cln28ht_base_ulvt_c30_ssg_cworstt_max_0p81v_125c    slow 
AOI31_X4M_A9PP140ZTUL_C30                 2       4.284       2595.605    sc9mcpp140z_cln28ht_base_ulvt_c30_ssg_cworstt_max_0p81v_125c    slow 
BUFH_X16M_A9PP140ZTUL_C30               158     557.424    1364431.506    sc9mcpp140z_cln28ht_base_ulvt_c30_ssg_cworstt_max_0p81v_125c    slow 
BUFH_X1M_A9PP140ZTUL_C30                370     139.860     189395.408    sc9mcpp140z_cln28ht_base_ulvt_c30_ssg_cworstt_max_0p81v_125c    slow 
BUFH_X2M_A9PP140ZTUL_C30                205     103.320     178330.149    sc9mcpp140z_cln28ht_base_ulvt_c30_ssg_cworstt_max_0p81v_125c    slow 
BUFH_X3M_A9PP140ZTUL_C30                 84      63.504     129305.763    sc9mcpp140z_cln28ht_base_ulvt_c30_ssg_cworstt_max_0p81v_125c    slow 
BUFH_X3P5M_A9PP140ZTUL_C30               13      11.466      23511.363    sc9mcpp140z_cln28ht_base_ulvt_c30_ssg_cworstt_max_0p81v_125c    slow 
BUFH_X4M_A9PP140ZTUL_C30                 58      51.156     109077.400    sc9mcpp140z_cln28ht_base_ulvt_c30_ssg_cworstt_max_0p81v_125c    slow 
BUFH_X6M_A9PP140ZTUL_C30                 94     130.284     304493.793    sc9mcpp140z_cln28ht_base_ulvt_c30_ssg_cworstt_max_0p81v_125c    slow 
BUFH_X7P5M_A9PP140ZTUL_C30                1       1.764       4287.180    sc9mcpp140z_cln28ht_base_ulvt_c30_ssg_cworstt_max_0p81v_125c    slow 
BUF_X11M_A9PP140ZTUL_C30                 34      72.828     168573.446    sc9mcpp140z_cln28ht_base_ulvt_c30_ssg_cworstt_max_0p81v_125c    slow 
BUF_X13M_A9PP140ZTUL_C30                 35      83.790     193616.407    sc9mcpp140z_cln28ht_base_ulvt_c30_ssg_cworstt_max_0p81v_125c    slow 
BUF_X16M_A9PP140ZTUL_C30                 42     121.716     293254.861    sc9mcpp140z_cln28ht_base_ulvt_c30_ssg_cworstt_max_0p81v_125c    slow 
BUF_X1M_A9PP140ZTUL_C30                 785     296.730     304409.831    sc9mcpp140z_cln28ht_base_ulvt_c30_ssg_cworstt_max_0p81v_125c    slow 
BUF_X1P7M_A9PP140ZTUL_C30                12       6.048       9403.302    sc9mcpp140z_cln28ht_base_ulvt_c30_ssg_cworstt_max_0p81v_125c    slow 
BUF_X2M_A9PP140ZTUL_C30                 113      56.952      90247.634    sc9mcpp140z_cln28ht_base_ulvt_c30_ssg_cworstt_max_0p81v_125c    slow 
BUF_X2P5M_A9PP140ZTUL_C30               113      71.190     133394.193    sc9mcpp140z_cln28ht_base_ulvt_c30_ssg_cworstt_max_0p81v_125c    slow 
BUF_X3M_A9PP140ZTUL_C30                  65      40.950      77183.666    sc9mcpp140z_cln28ht_base_ulvt_c30_ssg_cworstt_max_0p81v_125c    slow 
BUF_X3P5M_A9PP140ZTUL_C30                12       9.072      18302.199    sc9mcpp140z_cln28ht_base_ulvt_c30_ssg_cworstt_max_0p81v_125c    slow 
BUF_X4M_A9PP140ZTUL_C30                   6       5.292      10529.142    sc9mcpp140z_cln28ht_base_ulvt_c30_ssg_cworstt_max_0p81v_125c    slow 
BUF_X5M_A9PP140ZTUL_C30                  15      15.120      32173.481    sc9mcpp140z_cln28ht_base_ulvt_c30_ssg_cworstt_max_0p81v_125c    slow 
BUF_X6M_A9PP140ZTUL_C30                  33      37.422      84245.427    sc9mcpp140z_cln28ht_base_ulvt_c30_ssg_cworstt_max_0p81v_125c    slow 
BUF_X7P5M_A9PP140ZTUL_C30                 4       6.048      14060.023    sc9mcpp140z_cln28ht_base_ulvt_c30_ssg_cworstt_max_0p81v_125c    slow 
BUF_X9M_A9PP140ZTUL_C30                   6      10.584      23398.416    sc9mcpp140z_cln28ht_base_ulvt_c30_ssg_cworstt_max_0p81v_125c    slow 
CGENI_X1M_A9PP140ZTUL_C30               153     115.668      69258.830    sc9mcpp140z_cln28ht_base_ulvt_c30_ssg_cworstt_max_0p81v_125c    slow 
CGENI_X2M_A9PP140ZTUL_C30                 1       1.386        902.562    sc9mcpp140z_cln28ht_base_ulvt_c30_ssg_cworstt_max_0p81v_125c    slow 
CGEN_X1M_A9PP140ZTUL_C30                 92      81.144      67273.438    sc9mcpp140z_cln28ht_base_ulvt_c30_ssg_cworstt_max_0p81v_125c    slow 
DFFQA_X1M_A9PP140ZTUL_C30                 2       3.780       2955.742    sc9mcpp140z_cln28ht_base_ulvt_c30_ssg_cworstt_max_0p81v_125c    slow 
DFFQNA_X1M_A9PP140ZTUL_C30                2       3.528       2432.676    sc9mcpp140z_cln28ht_base_ulvt_c30_ssg_cworstt_max_0p81v_125c    slow 
DFFRPQA_X1M_A9PP140ZTUL_C30           16226   34756.092   26604813.829    sc9mcpp140z_cln28ht_base_ulvt_c30_ssg_cworstt_max_0p81v_125c    slow 
DFFRPQL_X1M_A9PP140ZTUL_C30             150     378.000     251682.064    sc9mcpp140z_cln28ht_base_ulvt_c30_ssg_cworstt_max_0p81v_125c    slow 
DFFRPQNA_X1M_A9PP140ZTUL_C30           1844    3717.504    2443292.582    sc9mcpp140z_cln28ht_base_ulvt_c30_ssg_cworstt_max_0p81v_125c    slow 
DFFRPQNL_X1M_A9PP140ZTUL_C30              2       4.788       2846.117    sc9mcpp140z_cln28ht_base_ulvt_c30_ssg_cworstt_max_0p81v_125c    slow 
DFFRPQN_X1M_A9PP140ZTUL_C30             148     354.312     238124.686    sc9mcpp140z_cln28ht_base_ulvt_c30_ssg_cworstt_max_0p81v_125c    slow 
DFFRPQN_X2M_A9PP140ZTUL_C30             107     269.640     216089.009    sc9mcpp140z_cln28ht_base_ulvt_c30_ssg_cworstt_max_0p81v_125c    slow 
DFFRPQN_X3M_A9PP140ZTUL_C30              37      97.902      91039.595    sc9mcpp140z_cln28ht_base_ulvt_c30_ssg_cworstt_max_0p81v_125c    slow 
DFFRPQ_X1M_A9PP140ZTUL_C30              523    1317.960     895019.000    sc9mcpp140z_cln28ht_base_ulvt_c30_ssg_cworstt_max_0p81v_125c    slow 
DFFRPQ_X2M_A9PP140ZTUL_C30               82     216.972     173143.595    sc9mcpp140z_cln28ht_base_ulvt_c30_ssg_cworstt_max_0p81v_125c    slow 
DFFRPQ_X3M_A9PP140ZTUL_C30             1153    3196.116    2818064.545    sc9mcpp140z_cln28ht_base_ulvt_c30_ssg_cworstt_max_0p81v_125c    slow 
DFFRPQ_X4M_A9PP140ZTUL_C30               38     114.912     115693.199    sc9mcpp140z_cln28ht_base_ulvt_c30_ssg_cworstt_max_0p81v_125c    slow 
DFFSQA_X1M_A9PP140ZTUL_C30                1       2.142       1275.196    sc9mcpp140z_cln28ht_base_ulvt_c30_ssg_cworstt_max_0p81v_125c    slow 
DFFSQNA_X1M_A9PP140ZTUL_C30               1       2.016       1169.935    sc9mcpp140z_cln28ht_base_ulvt_c30_ssg_cworstt_max_0p81v_125c    slow 
DFFSQ_X4M_A9PP140ZTUL_C30                 1       3.024       3070.930    sc9mcpp140z_cln28ht_base_ulvt_c30_ssg_cworstt_max_0p81v_125c    slow 
INV_X0P6B_A9PP140ZTUL_C30               500     126.000      70860.246    sc9mcpp140z_cln28ht_base_ulvt_c30_ssg_cworstt_max_0p81v_125c    slow 
INV_X0P6M_A9PP140ZTUL_C30                 1       0.252        113.506    sc9mcpp140z_cln28ht_base_ulvt_c30_ssg_cworstt_max_0p81v_125c    slow 
INV_X0P7M_A9PP140ZTUL_C30                16       4.032       3512.500    sc9mcpp140z_cln28ht_base_ulvt_c30_ssg_cworstt_max_0p81v_125c    slow 
INV_X0P8B_A9PP140ZTUL_C30               536     135.072      96720.775    sc9mcpp140z_cln28ht_base_ulvt_c30_ssg_cworstt_max_0p81v_125c    slow 
INV_X0P8M_A9PP140ZTUL_C30              2408     606.816     578450.902    sc9mcpp140z_cln28ht_base_ulvt_c30_ssg_cworstt_max_0p81v_125c    slow 
INV_X11M_A9PP140ZTUL_C30                 60      98.280     213122.909    sc9mcpp140z_cln28ht_base_ulvt_c30_ssg_cworstt_max_0p81v_125c    slow 
INV_X13M_A9PP140ZTUL_C30                 99     187.110     426931.938    sc9mcpp140z_cln28ht_base_ulvt_c30_ssg_cworstt_max_0p81v_125c    slow 
INV_X13M_A9PP140ZTUL_C30_XGCAP13          1       3.654       5180.551    sc9mcpp140z_cln28ht_base_ulvt_c30_ssg_cworstt_max_0p81v_125c    slow 
INV_X16M_A9PP140ZTUL_C30                 72     163.296     374016.235    sc9mcpp140z_cln28ht_base_ulvt_c30_ssg_cworstt_max_0p81v_125c    slow 
INV_X1B_A9PP140ZTUL_C30                 541     136.332     110558.393    sc9mcpp140z_cln28ht_base_ulvt_c30_ssg_cworstt_max_0p81v_125c    slow 
INV_X1M_A9PP140ZTUL_C30                5783    1457.316    1402811.778    sc9mcpp140z_cln28ht_base_ulvt_c30_ssg_cworstt_max_0p81v_125c    slow 
INV_X1P2M_A9PP140ZTUL_C30                 9       3.402       3743.681    sc9mcpp140z_cln28ht_base_ulvt_c30_ssg_cworstt_max_0p81v_125c    slow 
INV_X1P4M_A9PP140ZTUL_C30                75      28.350      33963.801    sc9mcpp140z_cln28ht_base_ulvt_c30_ssg_cworstt_max_0p81v_125c    slow 
INV_X1P7B_A9PP140ZTUL_C30                 1       0.378        302.196    sc9mcpp140z_cln28ht_base_ulvt_c30_ssg_cworstt_max_0p81v_125c    slow 
INV_X1P7M_A9PP140ZTUL_C30               194      73.332      97029.805    sc9mcpp140z_cln28ht_base_ulvt_c30_ssg_cworstt_max_0p81v_125c    slow 
INV_X20M_A9PP140ZTUL_C30                 71     196.812     461021.016    sc9mcpp140z_cln28ht_hpk_ulvt_c30_ssg_cworstt_max_0p81v_125c     slow 
INV_X2B_A9PP140ZTUL_C30                  29      10.962      12034.838    sc9mcpp140z_cln28ht_base_ulvt_c30_ssg_cworstt_max_0p81v_125c    slow 
INV_X2M_A9PP140ZTUL_C30                1170     442.260     630029.778    sc9mcpp140z_cln28ht_base_ulvt_c30_ssg_cworstt_max_0p81v_125c    slow 
INV_X2P5M_A9PP140ZTUL_C30                 1       0.504        458.268    sc9mcpp140z_cln28ht_base_ulvt_c30_ssg_cworstt_max_0p81v_125c    slow 
INV_X3B_A9PP140ZTUL_C30                   3       1.512       2317.275    sc9mcpp140z_cln28ht_base_ulvt_c30_ssg_cworstt_max_0p81v_125c    slow 
INV_X3M_A9PP140ZTUL_C30                 163      82.152     138094.049    sc9mcpp140z_cln28ht_base_ulvt_c30_ssg_cworstt_max_0p81v_125c    slow 
INV_X3P5M_A9PP140ZTUL_C30                42      26.460      50104.705    sc9mcpp140z_cln28ht_base_ulvt_c30_ssg_cworstt_max_0p81v_125c    slow 
INV_X4B_A9PP140ZTUL_C30                   1       0.630        970.717    sc9mcpp140z_cln28ht_base_ulvt_c30_ssg_cworstt_max_0p81v_125c    slow 
INV_X4M_A9PP140ZTUL_C30                 162     102.060     197220.076    sc9mcpp140z_cln28ht_base_ulvt_c30_ssg_cworstt_max_0p81v_125c    slow 
INV_X5M_A9PP140ZTUL_C30                  51      38.556      75870.176    sc9mcpp140z_cln28ht_base_ulvt_c30_ssg_cworstt_max_0p81v_125c    slow 
INV_X6M_A9PP140ZTUL_C30                  93      82.026     168761.419    sc9mcpp140z_cln28ht_base_ulvt_c30_ssg_cworstt_max_0p81v_125c    slow 
INV_X7P5B_A9PP140ZTUL_C30                 1       1.134       1955.091    sc9mcpp140z_cln28ht_base_ulvt_c30_ssg_cworstt_max_0p81v_125c    slow 
INV_X7P5M_A9PP140ZTUL_C30                84      95.256     218892.369    sc9mcpp140z_cln28ht_base_ulvt_c30_ssg_cworstt_max_0p81v_125c    slow 
INV_X9M_A9PP140ZTUL_C30                  35      44.100     102292.100    sc9mcpp140z_cln28ht_base_ulvt_c30_ssg_cworstt_max_0p81v_125c    slow 
MX2_X1B_A9PP140ZTUL_C30                  14      15.876      12405.732    sc9mcpp140z_cln28ht_base_ulvt_c30_ssg_cworstt_max_0p81v_125c    slow 
MX2_X2B_A9PP140ZTUL_C30                  31      42.966      47832.661    sc9mcpp140z_cln28ht_base_ulvt_c30_ssg_cworstt_max_0p81v_125c    slow 
MX2_X3B_A9PP140ZTUL_C30                  10      21.420      25199.767    sc9mcpp140z_cln28ht_base_ulvt_c30_ssg_cworstt_max_0p81v_125c    slow 
MX2_X4B_A9PP140ZTUL_C30                   5      11.970      15824.246    sc9mcpp140z_cln28ht_base_ulvt_c30_ssg_cworstt_max_0p81v_125c    slow 
MXIT2_X1M_A9PP140ZTUL_C30               189     166.698     175331.021    sc9mcpp140z_cln28ht_base_ulvt_c30_ssg_cworstt_max_0p81v_125c    slow 
MXIT2_X1P4M_A9PP140ZTUL_C30              68      85.680     112739.532    sc9mcpp140z_cln28ht_base_ulvt_c30_ssg_cworstt_max_0p81v_125c    slow 
MXIT2_X4M_A9PP140ZTUL_C30                 4       9.576      17447.263    sc9mcpp140z_cln28ht_base_ulvt_c30_ssg_cworstt_max_0p81v_125c    slow 
MXT2_X0P5B_A9PP140ZTUL_C30            15382   13566.924    9786333.716    sc9mcpp140z_cln28ht_base_ulvt_c30_ssg_cworstt_max_0p81v_125c    slow 
MXT2_X0P5M_A9PP140ZTUL_C30                2       2.016       1369.468    sc9mcpp140z_cln28ht_base_ulvt_c30_ssg_cworstt_max_0p81v_125c    slow 
MXT2_X0P7M_A9PP140ZTUL_C30                1       1.134       1083.995    sc9mcpp140z_cln28ht_base_ulvt_c30_ssg_cworstt_max_0p81v_125c    slow 
MXT2_X1M_A9PP140ZTUL_C30                  2       2.268       2305.921    sc9mcpp140z_cln28ht_base_ulvt_c30_ssg_cworstt_max_0p81v_125c    slow 
MXT2_X1P4M_A9PP140ZTUL_C30                3       3.402       4582.307    sc9mcpp140z_cln28ht_base_ulvt_c30_ssg_cworstt_max_0p81v_125c    slow 
MXT2_X2M_A9PP140ZTUL_C30                  2       2.268       3155.513    sc9mcpp140z_cln28ht_base_ulvt_c30_ssg_cworstt_max_0p81v_125c    slow 
NAND2B_X0P5M_A9PP140ZTUL_C30             35      17.640      11663.062    sc9mcpp140z_cln28ht_base_ulvt_c30_ssg_cworstt_max_0p81v_125c    slow 
NAND2B_X1M_A9PP140ZTUL_C30             3001    1512.504    1324808.608    sc9mcpp140z_cln28ht_base_ulvt_c30_ssg_cworstt_max_0p81v_125c    slow 
NAND2B_X2M_A9PP140ZTUL_C30                6       4.536       4731.698    sc9mcpp140z_cln28ht_base_ulvt_c30_ssg_cworstt_max_0p81v_125c    slow 
NAND2B_X4M_A9PP140ZTUL_C30                2       2.520       3264.010    sc9mcpp140z_cln28ht_base_ulvt_c30_ssg_cworstt_max_0p81v_125c    slow 
NAND2B_X6M_A9PP140ZTUL_C30                1       1.890       2472.042    sc9mcpp140z_cln28ht_base_ulvt_c30_ssg_cworstt_max_0p81v_125c    slow 
NAND2B_X8M_A9PP140ZTUL_C30                7      16.758      20699.275    sc9mcpp140z_cln28ht_base_ulvt_c30_ssg_cworstt_max_0p81v_125c    slow 
NAND2XB_X1M_A9PP140ZTUL_C30             625     315.000     286072.146    sc9mcpp140z_cln28ht_base_ulvt_c30_ssg_cworstt_max_0p81v_125c    slow 
NAND2XB_X1P4M_A9PP140ZTUL_C30             8       6.048       4895.544    sc9mcpp140z_cln28ht_base_ulvt_c30_ssg_cworstt_max_0p81v_125c    slow 
NAND2XB_X2M_A9PP140ZTUL_C30              78      58.968      62814.043    sc9mcpp140z_cln28ht_base_ulvt_c30_ssg_cworstt_max_0p81v_125c    slow 
NAND2XB_X3M_A9PP140ZTUL_C30              18      18.144      22048.505    sc9mcpp140z_cln28ht_base_ulvt_c30_ssg_cworstt_max_0p81v_125c    slow 
NAND2XB_X4M_A9PP140ZTUL_C30              19      23.940      30369.584    sc9mcpp140z_cln28ht_base_ulvt_c30_ssg_cworstt_max_0p81v_125c    slow 
NAND2XB_X6M_A9PP140ZTUL_C30               8      15.120      17710.390    sc9mcpp140z_cln28ht_base_ulvt_c30_ssg_cworstt_max_0p81v_125c    slow 
NAND2XB_X8M_A9PP140ZTUL_C30              33      79.002      94154.590    sc9mcpp140z_cln28ht_base_ulvt_c30_ssg_cworstt_max_0p81v_125c    slow 
NAND2_X0P5A_A9PP140ZTUL_C30               1       0.378        182.186    sc9mcpp140z_cln28ht_base_ulvt_c30_ssg_cworstt_max_0p81v_125c    slow 
NAND2_X0P5M_A9PP140ZTUL_C30               1       0.378        185.640    sc9mcpp140z_cln28ht_base_ulvt_c30_ssg_cworstt_max_0p81v_125c    slow 
NAND2_X0P7A_A9PP140ZTUL_C30              51      19.278      12274.570    sc9mcpp140z_cln28ht_base_ulvt_c30_ssg_cworstt_max_0p81v_125c    slow 
NAND2_X0P7B_A9PP140ZTUL_C30               4       1.512        987.351    sc9mcpp140z_cln28ht_base_ulvt_c30_ssg_cworstt_max_0p81v_125c    slow 
NAND2_X0P7M_A9PP140ZTUL_C30               1       0.378        230.976    sc9mcpp140z_cln28ht_base_ulvt_c30_ssg_cworstt_max_0p81v_125c    slow 
NAND2_X11A_A9PP140ZTUL_C30                7      20.286      25107.385    sc9mcpp140z_cln28ht_hpk_ulvt_c30_ssg_cworstt_max_0p81v_125c     slow 
NAND2_X11B_A9PP140ZTUL_C30                2       5.796       6945.431    sc9mcpp140z_cln28ht_hpk_ulvt_c30_ssg_cworstt_max_0p81v_125c     slow 
NAND2_X11M_A9PP140ZTUL_C30               13      37.674      44284.384    sc9mcpp140z_cln28ht_hpk_ulvt_c30_ssg_cworstt_max_0p81v_125c     slow 
NAND2_X11TA_A9PP140ZTUL_C30               6      26.460      28255.633    sc9mcpp140z_cln28ht_hpk_ulvt_c30_ssg_cworstt_max_0p81v_125c     slow 
NAND2_X1A_A9PP140ZTUL_C30              2618     989.604     729462.134    sc9mcpp140z_cln28ht_base_ulvt_c30_ssg_cworstt_max_0p81v_125c    slow 
NAND2_X1B_A9PP140ZTUL_C30              3606    1363.068     944820.843    sc9mcpp140z_cln28ht_base_ulvt_c30_ssg_cworstt_max_0p81v_125c    slow 
NAND2_X1M_A9PP140ZTUL_C30              4130    1561.140    1109510.104    sc9mcpp140z_cln28ht_base_ulvt_c30_ssg_cworstt_max_0p81v_125c    slow 
NAND2_X1P4A_A9PP140ZTUL_C30              16      10.080       7504.304    sc9mcpp140z_cln28ht_base_ulvt_c30_ssg_cworstt_max_0p81v_125c    slow 
NAND2_X1P4B_A9PP140ZTUL_C30              28      17.640      12667.494    sc9mcpp140z_cln28ht_base_ulvt_c30_ssg_cworstt_max_0p81v_125c    slow 
NAND2_X1P4M_A9PP140ZTUL_C30               9       5.670       4408.018    sc9mcpp140z_cln28ht_base_ulvt_c30_ssg_cworstt_max_0p81v_125c    slow 
NAND2_X1P4TA_A9PP140ZTUL_C30              7       5.292       4264.342    sc9mcpp140z_cln28ht_hpk_ulvt_c30_ssg_cworstt_max_0p81v_125c     slow 
NAND2_X1TA_A9PP140ZTUL_C30              103      51.912      37102.756    sc9mcpp140z_cln28ht_hpk_ulvt_c30_ssg_cworstt_max_0p81v_125c     slow 
NAND2_X2A_A9PP140ZTUL_C30               336     211.680     214753.904    sc9mcpp140z_cln28ht_base_ulvt_c30_ssg_cworstt_max_0p81v_125c    slow 
NAND2_X2B_A9PP140ZTUL_C30               484     304.920     248030.545    sc9mcpp140z_cln28ht_base_ulvt_c30_ssg_cworstt_max_0p81v_125c    slow 
NAND2_X2M_A9PP140ZTUL_C30               480     302.400     282985.689    sc9mcpp140z_cln28ht_base_ulvt_c30_ssg_cworstt_max_0p81v_125c    slow 
NAND2_X2TA_A9PP140ZTUL_C30               57      50.274      50880.966    sc9mcpp140z_cln28ht_hpk_ulvt_c30_ssg_cworstt_max_0p81v_125c     slow 
NAND2_X3A_A9PP140ZTUL_C30                83      73.206      86210.946    sc9mcpp140z_cln28ht_base_ulvt_c30_ssg_cworstt_max_0p81v_125c    slow 
NAND2_X3B_A9PP140ZTUL_C30                71      62.622      68966.441    sc9mcpp140z_cln28ht_base_ulvt_c30_ssg_cworstt_max_0p81v_125c    slow 
NAND2_X3M_A9PP140ZTUL_C30                91      80.262      80829.420    sc9mcpp140z_cln28ht_base_ulvt_c30_ssg_cworstt_max_0p81v_125c    slow 
NAND2_X3TA_A9PP140ZTUL_C30               24      30.240      31678.063    sc9mcpp140z_cln28ht_hpk_ulvt_c30_ssg_cworstt_max_0p81v_125c     slow 
NAND2_X4A_A9PP140ZTUL_C30                99     112.266     138879.985    sc9mcpp140z_cln28ht_base_ulvt_c30_ssg_cworstt_max_0p81v_125c    slow 
NAND2_X4B_A9PP140ZTUL_C30                66      74.844      92633.974    sc9mcpp140z_cln28ht_base_ulvt_c30_ssg_cworstt_max_0p81v_125c    slow 
NAND2_X4M_A9PP140ZTUL_C30               206     233.604     255483.049    sc9mcpp140z_cln28ht_base_ulvt_c30_ssg_cworstt_max_0p81v_125c    slow 
NAND2_X4TA_A9PP140ZTUL_C30               34      55.692      54045.002    sc9mcpp140z_cln28ht_hpk_ulvt_c30_ssg_cworstt_max_0p81v_125c     slow 
NAND2_X6A_A9PP140ZTUL_C30                34      55.692      71455.070    sc9mcpp140z_cln28ht_base_ulvt_c30_ssg_cworstt_max_0p81v_125c    slow 
NAND2_X6B_A9PP140ZTUL_C30                17      27.846      38300.280    sc9mcpp140z_cln28ht_base_ulvt_c30_ssg_cworstt_max_0p81v_125c    slow 
NAND2_X6M_A9PP140ZTUL_C30                74     121.212     136493.913    sc9mcpp140z_cln28ht_base_ulvt_c30_ssg_cworstt_max_0p81v_125c    slow 
NAND2_X6TA_A9PP140ZTUL_C30               14      33.516      34334.881    sc9mcpp140z_cln28ht_hpk_ulvt_c30_ssg_cworstt_max_0p81v_125c     slow 
NAND2_X8A_A9PP140ZTUL_C30                12      25.704      33897.732    sc9mcpp140z_cln28ht_base_ulvt_c30_ssg_cworstt_max_0p81v_125c    slow 
NAND2_X8B_A9PP140ZTUL_C30                 7      14.994      19386.042    sc9mcpp140z_cln28ht_base_ulvt_c30_ssg_cworstt_max_0p81v_125c    slow 
NAND2_X8M_A9PP140ZTUL_C30                25      53.550      60022.133    sc9mcpp140z_cln28ht_base_ulvt_c30_ssg_cworstt_max_0p81v_125c    slow 
NAND2_X8TA_A9PP140ZTUL_C30                4      12.600      13688.495    sc9mcpp140z_cln28ht_hpk_ulvt_c30_ssg_cworstt_max_0p81v_125c     slow 
NAND3BB_X1M_A9PP140ZTUL_C30             377     237.510     266020.288    sc9mcpp140z_cln28ht_base_ulvt_c30_ssg_cworstt_max_0p81v_125c    slow 
NAND3BB_X1P4M_A9PP140ZTUL_C30             2       1.764       1953.990    sc9mcpp140z_cln28ht_base_ulvt_c30_ssg_cworstt_max_0p81v_125c    slow 
NAND3BB_X2M_A9PP140ZTUL_C30             218     192.276     248187.773    sc9mcpp140z_cln28ht_base_ulvt_c30_ssg_cworstt_max_0p81v_125c    slow 
NAND3BB_X3M_A9PP140ZTUL_C30              78     108.108     160742.720    sc9mcpp140z_cln28ht_base_ulvt_c30_ssg_cworstt_max_0p81v_125c    slow 
NAND3BB_X4M_A9PP140ZTUL_C30              67     109.746     164124.088    sc9mcpp140z_cln28ht_base_ulvt_c30_ssg_cworstt_max_0p81v_125c    slow 
NAND3BB_X6M_A9PP140ZTUL_C30              50     132.300     212488.789    sc9mcpp140z_cln28ht_base_ulvt_c30_ssg_cworstt_max_0p81v_125c    slow 
NAND3BB_X8M_A9PP140ZTUL_C30              51     173.502     283086.403    sc9mcpp140z_cln28ht_base_ulvt_c30_ssg_cworstt_max_0p81v_125c    slow 
NAND3B_X1M_A9PP140ZTUL_C30               38      23.940      16951.776    sc9mcpp140z_cln28ht_base_ulvt_c30_ssg_cworstt_max_0p81v_125c    slow 
NAND3B_X3M_A9PP140ZTUL_C30                1       1.386       1290.242    sc9mcpp140z_cln28ht_base_ulvt_c30_ssg_cworstt_max_0p81v_125c    slow 
NAND3XXB_X0P7M_A9PP140ZTUL_C30            1       0.630        372.191    sc9mcpp140z_cln28ht_base_ulvt_c30_ssg_cworstt_max_0p81v_125c    slow 
NAND3XXB_X1M_A9PP140ZTUL_C30            101      63.630      45613.533    sc9mcpp140z_cln28ht_base_ulvt_c30_ssg_cworstt_max_0p81v_125c    slow 
NAND3XXB_X2M_A9PP140ZTUL_C30             25      28.350      17561.402    sc9mcpp140z_cln28ht_base_ulvt_c30_ssg_cworstt_max_0p81v_125c    slow 
NAND3XXB_X3M_A9PP140ZTUL_C30             11      15.246      12638.790    sc9mcpp140z_cln28ht_base_ulvt_c30_ssg_cworstt_max_0p81v_125c    slow 
NAND3XXB_X4M_A9PP140ZTUL_C30              1       1.890       1807.966    sc9mcpp140z_cln28ht_base_ulvt_c30_ssg_cworstt_max_0p81v_125c    slow 
NAND3_X1A_A9PP140ZTUL_C30                94      47.376      30843.666    sc9mcpp140z_cln28ht_base_ulvt_c30_ssg_cworstt_max_0p81v_125c    slow 
NAND3_X1M_A9PP140ZTUL_C30                50      25.200      12931.461    sc9mcpp140z_cln28ht_base_ulvt_c30_ssg_cworstt_max_0p81v_125c    slow 
NAND3_X1P4A_A9PP140ZTUL_C30               2       1.764       1145.494    sc9mcpp140z_cln28ht_base_ulvt_c30_ssg_cworstt_max_0p81v_125c    slow 
NAND3_X1P4M_A9PP140ZTUL_C30               1       0.882        425.931    sc9mcpp140z_cln28ht_base_ulvt_c30_ssg_cworstt_max_0p81v_125c    slow 
NAND3_X2A_A9PP140ZTUL_C30                49      43.218      36941.853    sc9mcpp140z_cln28ht_base_ulvt_c30_ssg_cworstt_max_0p81v_125c    slow 
NAND3_X2M_A9PP140ZTUL_C30                53      46.746      29289.921    sc9mcpp140z_cln28ht_base_ulvt_c30_ssg_cworstt_max_0p81v_125c    slow 
NAND3_X3A_A9PP140ZTUL_C30                 8      10.080      10145.675    sc9mcpp140z_cln28ht_base_ulvt_c30_ssg_cworstt_max_0p81v_125c    slow 
NAND3_X3M_A9PP140ZTUL_C30                 7       8.820       6049.112    sc9mcpp140z_cln28ht_base_ulvt_c30_ssg_cworstt_max_0p81v_125c    slow 
NAND3_X4A_A9PP140ZTUL_C30                12      19.656      21822.998    sc9mcpp140z_cln28ht_base_ulvt_c30_ssg_cworstt_max_0p81v_125c    slow 
NAND3_X4M_A9PP140ZTUL_C30                 5       8.190       6444.881    sc9mcpp140z_cln28ht_base_ulvt_c30_ssg_cworstt_max_0p81v_125c    slow 
NAND3_X6A_A9PP140ZTUL_C30                 2       4.788       5690.561    sc9mcpp140z_cln28ht_base_ulvt_c30_ssg_cworstt_max_0p81v_125c    slow 
NAND3_X6M_A9PP140ZTUL_C30                 4       9.576       7730.727    sc9mcpp140z_cln28ht_base_ulvt_c30_ssg_cworstt_max_0p81v_125c    slow 
NAND3_X8A_A9PP140ZTUL_C30                 5      15.750      17716.722    sc9mcpp140z_cln28ht_hpk_ulvt_c30_ssg_cworstt_max_0p81v_125c     slow 
NAND3_X8M_A9PP140ZTUL_C30                 7      22.050      18281.536    sc9mcpp140z_cln28ht_hpk_ulvt_c30_ssg_cworstt_max_0p81v_125c     slow 
NAND4BB_X1M_A9PP140ZTUL_C30              86      65.016      56154.435    sc9mcpp140z_cln28ht_base_ulvt_c30_ssg_cworstt_max_0p81v_125c    slow 
NAND4BB_X1P4M_A9PP140ZTUL_C30             1       1.260        983.864    sc9mcpp140z_cln28ht_base_ulvt_c30_ssg_cworstt_max_0p81v_125c    slow 
NAND4BB_X2M_A9PP140ZTUL_C30              10      12.600      11566.733    sc9mcpp140z_cln28ht_base_ulvt_c30_ssg_cworstt_max_0p81v_125c    slow 
NAND4BB_X3M_A9PP140ZTUL_C30              11      19.404      23994.134    sc9mcpp140z_cln28ht_base_ulvt_c30_ssg_cworstt_max_0p81v_125c    slow 
NAND4BB_X4M_A9PP140ZTUL_C30               5      11.340      13100.251    sc9mcpp140z_cln28ht_base_ulvt_c30_ssg_cworstt_max_0p81v_125c    slow 
NAND4BB_X6M_A9PP140ZTUL_C30               3      10.584      13056.284    sc9mcpp140z_cln28ht_base_ulvt_c30_ssg_cworstt_max_0p81v_125c    slow 
NAND4XXXB_X0P5M_A9PP140ZTUL_C30           1       0.756        380.955    sc9mcpp140z_cln28ht_base_ulvt_c30_ssg_cworstt_max_0p81v_125c    slow 
NAND4XXXB_X0P7M_A9PP140ZTUL_C30           1       0.756        370.623    sc9mcpp140z_cln28ht_base_ulvt_c30_ssg_cworstt_max_0p81v_125c    slow 
NAND4XXXB_X1M_A9PP140ZTUL_C30             7       5.292       2700.093    sc9mcpp140z_cln28ht_base_ulvt_c30_ssg_cworstt_max_0p81v_125c    slow 
NAND4XXXB_X2M_A9PP140ZTUL_C30             1       1.386        906.559    sc9mcpp140z_cln28ht_base_ulvt_c30_ssg_cworstt_max_0p81v_125c    slow 
NAND4_X1A_A9PP140ZTUL_C30                 7       4.410       2059.869    sc9mcpp140z_cln28ht_base_ulvt_c30_ssg_cworstt_max_0p81v_125c    slow 
NAND4_X1M_A9PP140ZTUL_C30                 4       2.520       1176.582    sc9mcpp140z_cln28ht_base_ulvt_c30_ssg_cworstt_max_0p81v_125c    slow 
NAND4_X2A_A9PP140ZTUL_C30                 7       7.938       6315.964    sc9mcpp140z_cln28ht_base_ulvt_c30_ssg_cworstt_max_0p81v_125c    slow 
NAND4_X2M_A9PP140ZTUL_C30                 3       3.402       2045.690    sc9mcpp140z_cln28ht_base_ulvt_c30_ssg_cworstt_max_0p81v_125c    slow 
NAND4_X3A_A9PP140ZTUL_C30                 4       6.552       5683.559    sc9mcpp140z_cln28ht_base_ulvt_c30_ssg_cworstt_max_0p81v_125c    slow 
NAND4_X3M_A9PP140ZTUL_C30                 3       4.914       3152.015    sc9mcpp140z_cln28ht_base_ulvt_c30_ssg_cworstt_max_0p81v_125c    slow 
NAND4_X4A_A9PP140ZTUL_C30                 2       4.284       4029.532    sc9mcpp140z_cln28ht_base_ulvt_c30_ssg_cworstt_max_0p81v_125c    slow 
NAND4_X4M_A9PP140ZTUL_C30                 3       6.426       4291.863    sc9mcpp140z_cln28ht_base_ulvt_c30_ssg_cworstt_max_0p81v_125c    slow 
NAND4_X6A_A9PP140ZTUL_C30                 4      12.600      10920.731    sc9mcpp140z_cln28ht_hpk_ulvt_c30_ssg_cworstt_max_0p81v_125c     slow 
NAND4_X6M_A9PP140ZTUL_C30                 2       6.300       4534.820    sc9mcpp140z_cln28ht_hpk_ulvt_c30_ssg_cworstt_max_0p81v_125c     slow 
NOR2B_X0P5M_A9PP140ZTUL_C30               3       1.512        917.171    sc9mcpp140z_cln28ht_base_ulvt_c30_ssg_cworstt_max_0p81v_125c    slow 
NOR2B_X0P7M_A9PP140ZTUL_C30               1       0.504        432.990    sc9mcpp140z_cln28ht_base_ulvt_c30_ssg_cworstt_max_0p81v_125c    slow 
NOR2B_X1M_A9PP140ZTUL_C30              2839    1430.856    1477411.477    sc9mcpp140z_cln28ht_base_ulvt_c30_ssg_cworstt_max_0p81v_125c    slow 
NOR2B_X2M_A9PP140ZTUL_C30                37      27.972      36908.107    sc9mcpp140z_cln28ht_base_ulvt_c30_ssg_cworstt_max_0p81v_125c    slow 
NOR2B_X3M_A9PP140ZTUL_C30                 1       1.008       1581.794    sc9mcpp140z_cln28ht_base_ulvt_c30_ssg_cworstt_max_0p81v_125c    slow 
NOR2B_X4M_A9PP140ZTUL_C30                 2       2.520       4838.114    sc9mcpp140z_cln28ht_base_ulvt_c30_ssg_cworstt_max_0p81v_125c    slow 
NOR2B_X6M_A9PP140ZTUL_C30                 3       5.670       6448.814    sc9mcpp140z_cln28ht_base_ulvt_c30_ssg_cworstt_max_0p81v_125c    slow 
NOR2XB_X0P5M_A9PP140ZTUL_C30             47      23.688      16478.828    sc9mcpp140z_cln28ht_base_ulvt_c30_ssg_cworstt_max_0p81v_125c    slow 
NOR2XB_X0P7M_A9PP140ZTUL_C30              4       2.016       1790.300    sc9mcpp140z_cln28ht_base_ulvt_c30_ssg_cworstt_max_0p81v_125c    slow 
NOR2XB_X1M_A9PP140ZTUL_C30              366     184.464     178622.596    sc9mcpp140z_cln28ht_base_ulvt_c30_ssg_cworstt_max_0p81v_125c    slow 
NOR2XB_X2M_A9PP140ZTUL_C30               48      36.288      53451.545    sc9mcpp140z_cln28ht_base_ulvt_c30_ssg_cworstt_max_0p81v_125c    slow 
NOR2XB_X3M_A9PP140ZTUL_C30                7       7.056       9261.268    sc9mcpp140z_cln28ht_base_ulvt_c30_ssg_cworstt_max_0p81v_125c    slow 
NOR2XB_X4M_A9PP140ZTUL_C30                5       6.300      11035.760    sc9mcpp140z_cln28ht_base_ulvt_c30_ssg_cworstt_max_0p81v_125c    slow 
NOR2XB_X6M_A9PP140ZTUL_C30                5       9.450      14185.714    sc9mcpp140z_cln28ht_base_ulvt_c30_ssg_cworstt_max_0p81v_125c    slow 
NOR2_X0P7A_A9PP140ZTUL_C30               17       6.426       2887.782    sc9mcpp140z_cln28ht_base_ulvt_c30_ssg_cworstt_max_0p81v_125c    slow 
NOR2_X0P7B_A9PP140ZTUL_C30               58      21.924       8222.475    sc9mcpp140z_cln28ht_base_ulvt_c30_ssg_cworstt_max_0p81v_125c    slow 
NOR2_X0P7M_A9PP140ZTUL_C30                2       0.756        338.382    sc9mcpp140z_cln28ht_base_ulvt_c30_ssg_cworstt_max_0p81v_125c    slow 
NOR2_X11A_A9PP140ZTUL_C30                12      34.776      38653.435    sc9mcpp140z_cln28ht_hpk_ulvt_c30_ssg_cworstt_max_0p81v_125c     slow 
NOR2_X11B_A9PP140ZTUL_C30                 5      14.490      20783.247    sc9mcpp140z_cln28ht_hpk_ulvt_c30_ssg_cworstt_max_0p81v_125c     slow 
NOR2_X11M_A9PP140ZTUL_C30                 5      14.490      25325.684    sc9mcpp140z_cln28ht_hpk_ulvt_c30_ssg_cworstt_max_0p81v_125c     slow 
NOR2_X11TA_A9PP140ZTUL_C30                9      39.690      53069.119    sc9mcpp140z_cln28ht_hpk_ulvt_c30_ssg_cworstt_max_0p81v_125c     slow 
NOR2_X1A_A9PP140ZTUL_C30               5635    2130.030    1670557.635    sc9mcpp140z_cln28ht_base_ulvt_c30_ssg_cworstt_max_0p81v_125c    slow 
NOR2_X1B_A9PP140ZTUL_C30               1367     516.726     260154.443    sc9mcpp140z_cln28ht_base_ulvt_c30_ssg_cworstt_max_0p81v_125c    slow 
NOR2_X1M_A9PP140ZTUL_C30               1441     544.698     296759.337    sc9mcpp140z_cln28ht_base_ulvt_c30_ssg_cworstt_max_0p81v_125c    slow 
NOR2_X1P4A_A9PP140ZTUL_C30                6       3.780       3670.260    sc9mcpp140z_cln28ht_base_ulvt_c30_ssg_cworstt_max_0p81v_125c    slow 
NOR2_X1P4M_A9PP140ZTUL_C30                3       1.890       1326.178    sc9mcpp140z_cln28ht_base_ulvt_c30_ssg_cworstt_max_0p81v_125c    slow 
NOR2_X1P4TA_A9PP140ZTUL_C30              17      12.852       2830.962    sc9mcpp140z_cln28ht_hpk_ulvt_c30_ssg_cworstt_max_0p81v_125c     slow 
NOR2_X1TA_A9PP140ZTUL_C30               262     132.048      83978.534    sc9mcpp140z_cln28ht_hpk_ulvt_c30_ssg_cworstt_max_0p81v_125c     slow 
NOR2_X2A_A9PP140ZTUL_C30               1036     652.680     648875.170    sc9mcpp140z_cln28ht_base_ulvt_c30_ssg_cworstt_max_0p81v_125c    slow 
NOR2_X2B_A9PP140ZTUL_C30                 44      27.720      19877.076    sc9mcpp140z_cln28ht_base_ulvt_c30_ssg_cworstt_max_0p81v_125c    slow 
NOR2_X2M_A9PP140ZTUL_C30                298     187.740     171039.695    sc9mcpp140z_cln28ht_base_ulvt_c30_ssg_cworstt_max_0p81v_125c    slow 
NOR2_X2TA_A9PP140ZTUL_C30                96      84.672      93308.502    sc9mcpp140z_cln28ht_hpk_ulvt_c30_ssg_cworstt_max_0p81v_125c     slow 
NOR2_X3A_A9PP140ZTUL_C30                411     362.502     342815.261    sc9mcpp140z_cln28ht_base_ulvt_c30_ssg_cworstt_max_0p81v_125c    slow 
NOR2_X3B_A9PP140ZTUL_C30                 22      19.404      17262.924    sc9mcpp140z_cln28ht_base_ulvt_c30_ssg_cworstt_max_0p81v_125c    slow 
NOR2_X3M_A9PP140ZTUL_C30                 67      59.094      54911.044    sc9mcpp140z_cln28ht_base_ulvt_c30_ssg_cworstt_max_0p81v_125c    slow 
NOR2_X3TA_A9PP140ZTUL_C30                49      61.740      64559.897    sc9mcpp140z_cln28ht_hpk_ulvt_c30_ssg_cworstt_max_0p81v_125c     slow 
NOR2_X4A_A9PP140ZTUL_C30                371     420.714     462881.719    sc9mcpp140z_cln28ht_base_ulvt_c30_ssg_cworstt_max_0p81v_125c    slow 
NOR2_X4B_A9PP140ZTUL_C30                 35      39.690      52053.739    sc9mcpp140z_cln28ht_base_ulvt_c30_ssg_cworstt_max_0p81v_125c    slow 
NOR2_X4M_A9PP140ZTUL_C30                 95     107.730     151695.571    sc9mcpp140z_cln28ht_base_ulvt_c30_ssg_cworstt_max_0p81v_125c    slow 
NOR2_X4TA_A9PP140ZTUL_C30                95     155.610     216994.999    sc9mcpp140z_cln28ht_hpk_ulvt_c30_ssg_cworstt_max_0p81v_125c     slow 
NOR2_X6A_A9PP140ZTUL_C30                117     191.646     226888.907    sc9mcpp140z_cln28ht_base_ulvt_c30_ssg_cworstt_max_0p81v_125c    slow 
NOR2_X6B_A9PP140ZTUL_C30                 18      29.484      32019.867    sc9mcpp140z_cln28ht_base_ulvt_c30_ssg_cworstt_max_0p81v_125c    slow 
NOR2_X6M_A9PP140ZTUL_C30                 64     104.832     140320.851    sc9mcpp140z_cln28ht_base_ulvt_c30_ssg_cworstt_max_0p81v_125c    slow 
NOR2_X6TA_A9PP140ZTUL_C30                48     114.912     141581.566    sc9mcpp140z_cln28ht_hpk_ulvt_c30_ssg_cworstt_max_0p81v_125c     slow 
NOR2_X8A_A9PP140ZTUL_C30                 45      96.390     120051.699    sc9mcpp140z_cln28ht_base_ulvt_c30_ssg_cworstt_max_0p81v_125c    slow 
NOR2_X8B_A9PP140ZTUL_C30                  6      12.852      12566.740    sc9mcpp140z_cln28ht_base_ulvt_c30_ssg_cworstt_max_0p81v_125c    slow 
NOR2_X8M_A9PP140ZTUL_C30                 21      44.982      65438.915    sc9mcpp140z_cln28ht_base_ulvt_c30_ssg_cworstt_max_0p81v_125c    slow 
NOR2_X8TA_A9PP140ZTUL_C30                20      63.000      47438.238    sc9mcpp140z_cln28ht_hpk_ulvt_c30_ssg_cworstt_max_0p81v_125c     slow 
NOR3BB_X0P7M_A9PP140ZTUL_C30            137      86.310      63997.069    sc9mcpp140z_cln28ht_base_ulvt_c30_ssg_cworstt_max_0p81v_125c    slow 
NOR3BB_X1M_A9PP140ZTUL_C30               67      42.210      30013.603    sc9mcpp140z_cln28ht_base_ulvt_c30_ssg_cworstt_max_0p81v_125c    slow 
NOR3BB_X1P4M_A9PP140ZTUL_C30             39      34.398      37816.194    sc9mcpp140z_cln28ht_base_ulvt_c30_ssg_cworstt_max_0p81v_125c    slow 
NOR3BB_X2M_A9PP140ZTUL_C30               22      19.404      22202.819    sc9mcpp140z_cln28ht_base_ulvt_c30_ssg_cworstt_max_0p81v_125c    slow 
NOR3BB_X3M_A9PP140ZTUL_C30                8      11.088      13538.227    sc9mcpp140z_cln28ht_base_ulvt_c30_ssg_cworstt_max_0p81v_125c    slow 
NOR3BB_X4M_A9PP140ZTUL_C30                9      14.742      20311.044    sc9mcpp140z_cln28ht_base_ulvt_c30_ssg_cworstt_max_0p81v_125c    slow 
NOR3BB_X6M_A9PP140ZTUL_C30                6      12.852      19155.835    sc9mcpp140z_cln28ht_base_ulvt_c30_ssg_cworstt_max_0p81v_125c    slow 
NOR3BB_X8M_A9PP140ZTUL_C30                6      17.388      26512.684    sc9mcpp140z_cln28ht_base_ulvt_c30_ssg_cworstt_max_0p81v_125c    slow 
NOR3_X1A_A9PP140ZTUL_C30                412     207.648     207155.550    sc9mcpp140z_cln28ht_base_ulvt_c30_ssg_cworstt_max_0p81v_125c    slow 
NOR3_X1M_A9PP140ZTUL_C30                 76      38.304      30100.791    sc9mcpp140z_cln28ht_base_ulvt_c30_ssg_cworstt_max_0p81v_125c    slow 
NOR3_X2A_A9PP140ZTUL_C30                 38      33.516      51607.454    sc9mcpp140z_cln28ht_base_ulvt_c30_ssg_cworstt_max_0p81v_125c    slow 
NOR3_X2M_A9PP140ZTUL_C30                 17      14.994      17944.712    sc9mcpp140z_cln28ht_base_ulvt_c30_ssg_cworstt_max_0p81v_125c    slow 
NOR3_X3A_A9PP140ZTUL_C30                 17      21.420      44041.874    sc9mcpp140z_cln28ht_base_ulvt_c30_ssg_cworstt_max_0p81v_125c    slow 
NOR3_X3M_A9PP140ZTUL_C30                  7       8.820      11819.088    sc9mcpp140z_cln28ht_base_ulvt_c30_ssg_cworstt_max_0p81v_125c    slow 
NOR3_X4A_A9PP140ZTUL_C30                 21      34.398      68655.117    sc9mcpp140z_cln28ht_base_ulvt_c30_ssg_cworstt_max_0p81v_125c    slow 
NOR3_X4M_A9PP140ZTUL_C30                  8      13.104      17137.752    sc9mcpp140z_cln28ht_base_ulvt_c30_ssg_cworstt_max_0p81v_125c    slow 
NOR3_X6A_A9PP140ZTUL_C30                 27      64.638     136136.983    sc9mcpp140z_cln28ht_hpk_ulvt_c30_ssg_cworstt_max_0p81v_125c     slow 
NOR3_X6M_A9PP140ZTUL_C30                  4       9.576      16439.064    sc9mcpp140z_cln28ht_hpk_ulvt_c30_ssg_cworstt_max_0p81v_125c     slow 
NOR4BB_X0P5M_A9PP140ZTUL_C30              2       1.512        579.063    sc9mcpp140z_cln28ht_base_ulvt_c30_ssg_cworstt_max_0p81v_125c    slow 
NOR4BB_X0P7M_A9PP140ZTUL_C30              7       5.292       3255.611    sc9mcpp140z_cln28ht_base_ulvt_c30_ssg_cworstt_max_0p81v_125c    slow 
NOR4BB_X1M_A9PP140ZTUL_C30               22      16.632      11361.825    sc9mcpp140z_cln28ht_base_ulvt_c30_ssg_cworstt_max_0p81v_125c    slow 
NOR4BB_X2M_A9PP140ZTUL_C30                2       2.520       2083.794    sc9mcpp140z_cln28ht_base_ulvt_c30_ssg_cworstt_max_0p81v_125c    slow 
NOR4BB_X3M_A9PP140ZTUL_C30                1       1.764       2065.990    sc9mcpp140z_cln28ht_base_ulvt_c30_ssg_cworstt_max_0p81v_125c    slow 
NOR4BB_X4M_A9PP140ZTUL_C30                1       2.268       3122.154    sc9mcpp140z_cln28ht_base_ulvt_c30_ssg_cworstt_max_0p81v_125c    slow 
OA1B2_X1M_A9PP140ZTUL_C30               139      87.570     103859.724    sc9mcpp140z_cln28ht_base_ulvt_c30_ssg_cworstt_max_0p81v_125c    slow 
OA1B2_X1P4M_A9PP140ZTUL_C30              29      25.578      35700.661    sc9mcpp140z_cln28ht_base_ulvt_c30_ssg_cworstt_max_0p81v_125c    slow 
OA1B2_X2M_A9PP140ZTUL_C30                25      28.350      39676.470    sc9mcpp140z_cln28ht_base_ulvt_c30_ssg_cworstt_max_0p81v_125c    slow 
OA1B2_X3M_A9PP140ZTUL_C30                 9      12.474      19261.844    sc9mcpp140z_cln28ht_base_ulvt_c30_ssg_cworstt_max_0p81v_125c    slow 
OA1B2_X4M_A9PP140ZTUL_C30                 1       1.638       2226.640    sc9mcpp140z_cln28ht_base_ulvt_c30_ssg_cworstt_max_0p81v_125c    slow 
OA211_X0P7M_A9PP140ZTUL_C30               2       1.764       1111.562    sc9mcpp140z_cln28ht_base_ulvt_c30_ssg_cworstt_max_0p81v_125c    slow 
OA211_X1M_A9PP140ZTUL_C30                 2       1.764       1184.825    sc9mcpp140z_cln28ht_base_ulvt_c30_ssg_cworstt_max_0p81v_125c    slow 
OA211_X1P4M_A9PP140ZTUL_C30               3       3.024       2493.951    sc9mcpp140z_cln28ht_base_ulvt_c30_ssg_cworstt_max_0p81v_125c    slow 
OA211_X4M_A9PP140ZTUL_C30                 1       2.268       2111.934    sc9mcpp140z_cln28ht_base_ulvt_c30_ssg_cworstt_max_0p81v_125c    slow 
OA21A1OI2_X0P7M_A9PP140ZTUL_C30          29      18.270       7154.637    sc9mcpp140z_cln28ht_base_ulvt_c30_ssg_cworstt_max_0p81v_125c    slow 
OA21A1OI2_X1M_A9PP140ZTUL_C30           271     170.730      94400.700    sc9mcpp140z_cln28ht_base_ulvt_c30_ssg_cworstt_max_0p81v_125c    slow 
OA21A1OI2_X1P4M_A9PP140ZTUL_C30           1       1.134        665.669    sc9mcpp140z_cln28ht_base_ulvt_c30_ssg_cworstt_max_0p81v_125c    slow 
OA21A1OI2_X2M_A9PP140ZTUL_C30            10      11.340       6620.405    sc9mcpp140z_cln28ht_base_ulvt_c30_ssg_cworstt_max_0p81v_125c    slow 
OA21A1OI2_X3M_A9PP140ZTUL_C30             3       4.914       2813.963    sc9mcpp140z_cln28ht_base_ulvt_c30_ssg_cworstt_max_0p81v_125c    slow 
OA21B_X1M_A9PP140ZTUL_C30               153      96.390     118238.073    sc9mcpp140z_cln28ht_base_ulvt_c30_ssg_cworstt_max_0p81v_125c    slow 
OA21B_X1P4M_A9PP140ZTUL_C30              16      14.112      20561.389    sc9mcpp140z_cln28ht_base_ulvt_c30_ssg_cworstt_max_0p81v_125c    slow 
OA21B_X2M_A9PP140ZTUL_C30                 8       9.072      12335.196    sc9mcpp140z_cln28ht_base_ulvt_c30_ssg_cworstt_max_0p81v_125c    slow 
OA21B_X3M_A9PP140ZTUL_C30                 8      11.088      16566.017    sc9mcpp140z_cln28ht_base_ulvt_c30_ssg_cworstt_max_0p81v_125c    slow 
OA21B_X4M_A9PP140ZTUL_C30                 1       1.638       2288.771    sc9mcpp140z_cln28ht_base_ulvt_c30_ssg_cworstt_max_0p81v_125c    slow 
OA21_X0P5M_A9PP140ZTUL_C30                2       1.512        873.645    sc9mcpp140z_cln28ht_base_ulvt_c30_ssg_cworstt_max_0p81v_125c    slow 
OA21_X0P7M_A9PP140ZTUL_C30               17      12.852       9001.988    sc9mcpp140z_cln28ht_base_ulvt_c30_ssg_cworstt_max_0p81v_125c    slow 
OA21_X1M_A9PP140ZTUL_C30                184     139.104     104370.032    sc9mcpp140z_cln28ht_base_ulvt_c30_ssg_cworstt_max_0p81v_125c    slow 
OA21_X1P4M_A9PP140ZTUL_C30                2       1.764       1708.764    sc9mcpp140z_cln28ht_base_ulvt_c30_ssg_cworstt_max_0p81v_125c    slow 
OA21_X2M_A9PP140ZTUL_C30                  1       0.882        839.387    sc9mcpp140z_cln28ht_base_ulvt_c30_ssg_cworstt_max_0p81v_125c    slow 
OA21_X3M_A9PP140ZTUL_C30                 10      13.860      15963.783    sc9mcpp140z_cln28ht_base_ulvt_c30_ssg_cworstt_max_0p81v_125c    slow 
OAI211_X1M_A9PP140ZTUL_C30              116      73.080      38232.399    sc9mcpp140z_cln28ht_base_ulvt_c30_ssg_cworstt_max_0p81v_125c    slow 
OAI211_X1P4M_A9PP140ZTUL_C30             17      19.278      10139.288    sc9mcpp140z_cln28ht_base_ulvt_c30_ssg_cworstt_max_0p81v_125c    slow 
OAI211_X2M_A9PP140ZTUL_C30              153     173.502     108690.897    sc9mcpp140z_cln28ht_base_ulvt_c30_ssg_cworstt_max_0p81v_125c    slow 
OAI211_X3M_A9PP140ZTUL_C30               20      32.760      21405.283    sc9mcpp140z_cln28ht_base_ulvt_c30_ssg_cworstt_max_0p81v_125c    slow 
OAI211_X4M_A9PP140ZTUL_C30                3       6.426       4364.176    sc9mcpp140z_cln28ht_base_ulvt_c30_ssg_cworstt_max_0p81v_125c    slow 
OAI21B_X1M_A9PP140ZTUL_C30               21      15.876       9036.409    sc9mcpp140z_cln28ht_base_ulvt_c30_ssg_cworstt_max_0p81v_125c    slow 
OAI21B_X2M_A9PP140ZTUL_C30                6       6.804       5219.684    sc9mcpp140z_cln28ht_base_ulvt_c30_ssg_cworstt_max_0p81v_125c    slow 
OAI21B_X3M_A9PP140ZTUL_C30               10      15.120      11565.197    sc9mcpp140z_cln28ht_base_ulvt_c30_ssg_cworstt_max_0p81v_125c    slow 
OAI21B_X4M_A9PP140ZTUL_C30                1       1.890       1618.171    sc9mcpp140z_cln28ht_base_ulvt_c30_ssg_cworstt_max_0p81v_125c    slow 
OAI21B_X6M_A9PP140ZTUL_C30                1       2.772       2614.461    sc9mcpp140z_cln28ht_base_ulvt_c30_ssg_cworstt_max_0p81v_125c    slow 
OAI21B_X8M_A9PP140ZTUL_C30                1       3.528       3721.005    sc9mcpp140z_cln28ht_base_ulvt_c30_ssg_cworstt_max_0p81v_125c    slow 
OAI21_X0P5M_A9PP140ZTUL_C30              16       8.064       2900.244    sc9mcpp140z_cln28ht_base_ulvt_c30_ssg_cworstt_max_0p81v_125c    slow 
OAI21_X1A_A9PP140ZTUL_C30               894     450.576     329988.821    sc9mcpp140z_cln28ht_hpk_ulvt_c30_ssg_cworstt_max_0p81v_125c     slow 
OAI21_X1M_A9PP140ZTUL_C30              1685     849.240     576995.681    sc9mcpp140z_cln28ht_base_ulvt_c30_ssg_cworstt_max_0p81v_125c    slow 
OAI21_X1P4A_A9PP140ZTUL_C30               2       1.764       1131.217    sc9mcpp140z_cln28ht_hpk_ulvt_c30_ssg_cworstt_max_0p81v_125c     slow 
OAI21_X1P4M_A9PP140ZTUL_C30              18      15.876       9088.855    sc9mcpp140z_cln28ht_base_ulvt_c30_ssg_cworstt_max_0p81v_125c    slow 
OAI21_X2A_A9PP140ZTUL_C30               495     436.590     395786.868    sc9mcpp140z_cln28ht_hpk_ulvt_c30_ssg_cworstt_max_0p81v_125c     slow 
OAI21_X2M_A9PP140ZTUL_C30               388     342.216     295487.652    sc9mcpp140z_cln28ht_base_ulvt_c30_ssg_cworstt_max_0p81v_125c    slow 
OAI21_X3A_A9PP140ZTUL_C30                24      30.240      28321.243    sc9mcpp140z_cln28ht_hpk_ulvt_c30_ssg_cworstt_max_0p81v_125c     slow 
OAI21_X3M_A9PP140ZTUL_C30                16      20.160      18434.202    sc9mcpp140z_cln28ht_base_ulvt_c30_ssg_cworstt_max_0p81v_125c    slow 
OAI21_X4A_A9PP140ZTUL_C30                22      36.036      32497.438    sc9mcpp140z_cln28ht_hpk_ulvt_c30_ssg_cworstt_max_0p81v_125c     slow 
OAI21_X4M_A9PP140ZTUL_C30                 8      13.104      12038.405    sc9mcpp140z_cln28ht_base_ulvt_c30_ssg_cworstt_max_0p81v_125c    slow 
OAI21_X6M_A9PP140ZTUL_C30                 2       4.788       4548.212    sc9mcpp140z_cln28ht_base_ulvt_c30_ssg_cworstt_max_0p81v_125c    slow 
OAI21_X8A_A9PP140ZTUL_C30                 1       3.150       3400.665    sc9mcpp140z_cln28ht_hpk_ulvt_c30_ssg_cworstt_max_0p81v_125c     slow 
OAI22BB_X0P5M_A9PP140ZTUL_C30            50      44.100      17551.122    sc9mcpp140z_cln28ht_base_ulvt_c30_ssg_cworstt_max_0p81v_125c    slow 
OAI22BB_X0P7M_A9PP140ZTUL_C30             1       0.882        434.172    sc9mcpp140z_cln28ht_base_ulvt_c30_ssg_cworstt_max_0p81v_125c    slow 
OAI22BB_X1M_A9PP140ZTUL_C30            2481    2188.242    1177471.856    sc9mcpp140z_cln28ht_base_ulvt_c30_ssg_cworstt_max_0p81v_125c    slow 
OAI22BB_X1P4M_A9PP140ZTUL_C30             3       3.780       2248.117    sc9mcpp140z_cln28ht_base_ulvt_c30_ssg_cworstt_max_0p81v_125c    slow 
OAI22BB_X2M_A9PP140ZTUL_C30             181     228.060     168099.655    sc9mcpp140z_cln28ht_base_ulvt_c30_ssg_cworstt_max_0p81v_125c    slow 
OAI22BB_X4M_A9PP140ZTUL_C30               2       4.536       3629.155    sc9mcpp140z_cln28ht_base_ulvt_c30_ssg_cworstt_max_0p81v_125c    slow 
OAI22BB_X6M_A9PP140ZTUL_C30               1       3.024       2612.762    sc9mcpp140z_cln28ht_base_ulvt_c30_ssg_cworstt_max_0p81v_125c    slow 
OAI22_X0P5M_A9PP140ZTUL_C30               4       2.520       1218.918    sc9mcpp140z_cln28ht_base_ulvt_c30_ssg_cworstt_max_0p81v_125c    slow 
OAI22_X0P7A_A9PP140ZTUL_C30             519     326.970     195533.832    sc9mcpp140z_cln28ht_hpk_ulvt_c30_ssg_cworstt_max_0p81v_125c     slow 
OAI22_X1A_A9PP140ZTUL_C30                37      23.310      16763.076    sc9mcpp140z_cln28ht_hpk_ulvt_c30_ssg_cworstt_max_0p81v_125c     slow 
OAI22_X1M_A9PP140ZTUL_C30                63      39.690      25614.170    sc9mcpp140z_cln28ht_base_ulvt_c30_ssg_cworstt_max_0p81v_125c    slow 
OAI22_X1P4A_A9PP140ZTUL_C30               4       4.536       3391.046    sc9mcpp140z_cln28ht_hpk_ulvt_c30_ssg_cworstt_max_0p81v_125c     slow 
OAI22_X2A_A9PP140ZTUL_C30                 4       4.536       3994.599    sc9mcpp140z_cln28ht_hpk_ulvt_c30_ssg_cworstt_max_0p81v_125c     slow 
OAI22_X2M_A9PP140ZTUL_C30                 1       1.134       1168.116    sc9mcpp140z_cln28ht_base_ulvt_c30_ssg_cworstt_max_0p81v_125c    slow 
OAI22_X4M_A9PP140ZTUL_C30                 1       2.142        340.296    sc9mcpp140z_cln28ht_base_ulvt_c30_ssg_cworstt_max_0p81v_125c    slow 
OAI22_X6M_A9PP140ZTUL_C30                 1       3.150        624.445    sc9mcpp140z_cln28ht_base_ulvt_c30_ssg_cworstt_max_0p81v_125c    slow 
OAI2XB1_X0P5M_A9PP140ZTUL_C30             2       1.512        654.477    sc9mcpp140z_cln28ht_base_ulvt_c30_ssg_cworstt_max_0p81v_125c    slow 
OAI2XB1_X1M_A9PP140ZTUL_C30             501     378.756     217385.723    sc9mcpp140z_cln28ht_base_ulvt_c30_ssg_cworstt_max_0p81v_125c    slow 
OAI2XB1_X1P4M_A9PP140ZTUL_C30            59      66.906      44162.060    sc9mcpp140z_cln28ht_base_ulvt_c30_ssg_cworstt_max_0p81v_125c    slow 
OAI2XB1_X2M_A9PP140ZTUL_C30             130     147.420     123273.852    sc9mcpp140z_cln28ht_base_ulvt_c30_ssg_cworstt_max_0p81v_125c    slow 
OAI2XB1_X3M_A9PP140ZTUL_C30              14      21.168      18730.664    sc9mcpp140z_cln28ht_base_ulvt_c30_ssg_cworstt_max_0p81v_125c    slow 
OAI2XB1_X4M_A9PP140ZTUL_C30              12      24.192      21911.554    sc9mcpp140z_cln28ht_base_ulvt_c30_ssg_cworstt_max_0p81v_125c    slow 
OAI2XB1_X6M_A9PP140ZTUL_C30               1       2.772       2566.064    sc9mcpp140z_cln28ht_base_ulvt_c30_ssg_cworstt_max_0p81v_125c    slow 
OAI2XB1_X8M_A9PP140ZTUL_C30               2       7.308       7679.809    sc9mcpp140z_cln28ht_base_ulvt_c30_ssg_cworstt_max_0p81v_125c    slow 
OAI31_X0P5M_A9PP140ZTUL_C30               1       0.630        146.560    sc9mcpp140z_cln28ht_base_ulvt_c30_ssg_cworstt_max_0p81v_125c    slow 
OAI31_X1M_A9PP140ZTUL_C30                88      55.440      33758.280    sc9mcpp140z_cln28ht_base_ulvt_c30_ssg_cworstt_max_0p81v_125c    slow 
OAI31_X1P4M_A9PP140ZTUL_C30              23      26.082      15523.545    sc9mcpp140z_cln28ht_base_ulvt_c30_ssg_cworstt_max_0p81v_125c    slow 
OAI31_X2M_A9PP140ZTUL_C30                36      45.360      26865.248    sc9mcpp140z_cln28ht_base_ulvt_c30_ssg_cworstt_max_0p81v_125c    slow 
OAI31_X3M_A9PP140ZTUL_C30                26      42.588      31877.310    sc9mcpp140z_cln28ht_base_ulvt_c30_ssg_cworstt_max_0p81v_125c    slow 
OR2_X0P5B_A9PP140ZTUL_C30                13       6.552       5412.373    sc9mcpp140z_cln28ht_base_ulvt_c30_ssg_cworstt_max_0p81v_125c    slow 
OR2_X0P5M_A9PP140ZTUL_C30                 1       0.504        578.725    sc9mcpp140z_cln28ht_base_ulvt_c30_ssg_cworstt_max_0p81v_125c    slow 
OR2_X0P7B_A9PP140ZTUL_C30                 4       2.016       1853.665    sc9mcpp140z_cln28ht_base_ulvt_c30_ssg_cworstt_max_0p81v_125c    slow 
OR2_X11M_A9PP140ZTUL_C30                114     387.828     645979.150    sc9mcpp140z_cln28ht_base_ulvt_c30_ssg_cworstt_max_0p81v_125c    slow 
OR2_X11TM_A9PP140ZTUL_C30                22      94.248     132393.708    sc9mcpp140z_cln28ht_hpk_ulvt_c30_ssg_cworstt_max_0p81v_125c     slow 
OR2_X1B_A9PP140ZTUL_C30                 395     199.080     224474.132    sc9mcpp140z_cln28ht_base_ulvt_c30_ssg_cworstt_max_0p81v_125c    slow 
OR2_X1M_A9PP140ZTUL_C30                1475     743.400     805249.442    sc9mcpp140z_cln28ht_base_ulvt_c30_ssg_cworstt_max_0p81v_125c    slow 
OR2_X1P4M_A9PP140ZTUL_C30                29      18.270      27556.093    sc9mcpp140z_cln28ht_base_ulvt_c30_ssg_cworstt_max_0p81v_125c    slow 
OR2_X1P4TM_A9PP140ZTUL_C30                1       0.882        924.004    sc9mcpp140z_cln28ht_hpk_ulvt_c30_ssg_cworstt_max_0p81v_125c     slow 
OR2_X1TM_A9PP140ZTUL_C30                  2       1.512       1043.416    sc9mcpp140z_cln28ht_hpk_ulvt_c30_ssg_cworstt_max_0p81v_125c     slow 
OR2_X2M_A9PP140ZTUL_C30                  34      21.420      34251.674    sc9mcpp140z_cln28ht_base_ulvt_c30_ssg_cworstt_max_0p81v_125c    slow 
OR2_X2TM_A9PP140ZTUL_C30                  8       7.056       7644.043    sc9mcpp140z_cln28ht_hpk_ulvt_c30_ssg_cworstt_max_0p81v_125c     slow 
OR2_X3B_A9PP140ZTUL_C30                   1       1.008       1516.817    sc9mcpp140z_cln28ht_base_ulvt_c30_ssg_cworstt_max_0p81v_125c    slow 
OR2_X3M_A9PP140ZTUL_C30                 121     121.968     231014.867    sc9mcpp140z_cln28ht_base_ulvt_c30_ssg_cworstt_max_0p81v_125c    slow 
OR2_X3TM_A9PP140ZTUL_C30                 14      19.404      24872.105    sc9mcpp140z_cln28ht_hpk_ulvt_c30_ssg_cworstt_max_0p81v_125c     slow 
OR2_X4M_A9PP140ZTUL_C30                   8       9.072      15424.163    sc9mcpp140z_cln28ht_base_ulvt_c30_ssg_cworstt_max_0p81v_125c    slow 
OR2_X4TM_A9PP140ZTUL_C30                  1       1.512       2129.577    sc9mcpp140z_cln28ht_hpk_ulvt_c30_ssg_cworstt_max_0p81v_125c     slow 
OR2_X6M_A9PP140ZTUL_C30                  48      90.720     157035.580    sc9mcpp140z_cln28ht_base_ulvt_c30_ssg_cworstt_max_0p81v_125c    slow 
OR2_X6TM_A9PP140ZTUL_C30                 10      25.200      34242.058    sc9mcpp140z_cln28ht_hpk_ulvt_c30_ssg_cworstt_max_0p81v_125c     slow 
OR2_X8M_A9PP140ZTUL_C30                  71     169.974     290567.486    sc9mcpp140z_cln28ht_base_ulvt_c30_ssg_cworstt_max_0p81v_125c    slow 
OR2_X8TM_A9PP140ZTUL_C30                  7      22.050      29178.140    sc9mcpp140z_cln28ht_hpk_ulvt_c30_ssg_cworstt_max_0p81v_125c     slow 
OR3_X0P7M_A9PP140ZTUL_C30                 2       1.260       1273.870    sc9mcpp140z_cln28ht_base_ulvt_c30_ssg_cworstt_max_0p81v_125c    slow 
OR3_X1M_A9PP140ZTUL_C30                   6       3.780       3629.660    sc9mcpp140z_cln28ht_base_ulvt_c30_ssg_cworstt_max_0p81v_125c    slow 
OR3_X8M_A9PP140ZTUL_C30                   4      12.096      19332.784    sc9mcpp140z_cln28ht_base_ulvt_c30_ssg_cworstt_max_0p81v_125c    slow 
OR4_X1M_A9PP140ZTUL_C30                   1       1.008       1265.536    sc9mcpp140z_cln28ht_base_ulvt_c30_ssg_cworstt_max_0p81v_125c    slow 
OR4_X2M_A9PP140ZTUL_C30                   3       3.780       5201.791    sc9mcpp140z_cln28ht_base_ulvt_c30_ssg_cworstt_max_0p81v_125c    slow 
OR4_X3M_A9PP140ZTUL_C30                   7      14.112      23610.394    sc9mcpp140z_cln28ht_base_ulvt_c30_ssg_cworstt_max_0p81v_125c    slow 
OR4_X6M_A9PP140ZTUL_C30                   2       7.560      13277.058    sc9mcpp140z_cln28ht_base_ulvt_c30_ssg_cworstt_max_0p81v_125c    slow 
OR4_X8M_A9PP140ZTUL_C30                   8      38.304      71156.404    sc9mcpp140z_cln28ht_base_ulvt_c30_ssg_cworstt_max_0p81v_125c    slow 
XNOR2_X0P5M_A9PP140ZTUL_C30             179     135.324      73486.957    sc9mcpp140z_cln28ht_base_ulvt_c30_ssg_cworstt_max_0p81v_125c    slow 
XNOR2_X0P7M_A9PP140ZTUL_C30            6382    4824.792    3200275.374    sc9mcpp140z_cln28ht_base_ulvt_c30_ssg_cworstt_max_0p81v_125c    slow 
XNOR2_X1M_A9PP140ZTUL_C30                 4       4.536       5187.289    sc9mcpp140z_cln28ht_base_ulvt_c30_ssg_cworstt_max_0p81v_125c    slow 
XNOR2_X1P4M_A9PP140ZTUL_C30              99     112.266     131670.354    sc9mcpp140z_cln28ht_base_ulvt_c30_ssg_cworstt_max_0p81v_125c    slow 
XNOR2_X2M_A9PP140ZTUL_C30                23      34.776      57968.979    sc9mcpp140z_cln28ht_base_ulvt_c30_ssg_cworstt_max_0p81v_125c    slow 
XNOR2_X3M_A9PP140ZTUL_C30                 9      18.144      30753.664    sc9mcpp140z_cln28ht_base_ulvt_c30_ssg_cworstt_max_0p81v_125c    slow 
XNOR2_X4M_A9PP140ZTUL_C30                11      29.106      55853.276    sc9mcpp140z_cln28ht_base_ulvt_c30_ssg_cworstt_max_0p81v_125c    slow 
XNOR3_X0P5M_A9PP140ZTUL_C30               9      13.608       8441.969    sc9mcpp140z_cln28ht_base_ulvt_c30_ssg_cworstt_max_0p81v_125c    slow 
XNOR3_X0P7M_A9PP140ZTUL_C30              26      39.312      28350.433    sc9mcpp140z_cln28ht_base_ulvt_c30_ssg_cworstt_max_0p81v_125c    slow 
XNOR3_X1M_A9PP140ZTUL_C30                 1       1.890       2175.452    sc9mcpp140z_cln28ht_base_ulvt_c30_ssg_cworstt_max_0p81v_125c    slow 
XNOR3_X2M_A9PP140ZTUL_C30                 2       4.536       7057.694    sc9mcpp140z_cln28ht_base_ulvt_c30_ssg_cworstt_max_0p81v_125c    slow 
XOR2_X0P5M_A9PP140ZTUL_C30               73      55.188      36938.006    sc9mcpp140z_cln28ht_base_ulvt_c30_ssg_cworstt_max_0p81v_125c    slow 
XOR2_X0P7M_A9PP140ZTUL_C30              340     257.040     192859.592    sc9mcpp140z_cln28ht_base_ulvt_c30_ssg_cworstt_max_0p81v_125c    slow 
XOR2_X1P4M_A9PP140ZTUL_C30                5       5.670       6728.612    sc9mcpp140z_cln28ht_base_ulvt_c30_ssg_cworstt_max_0p81v_125c    slow 
XOR2_X2M_A9PP140ZTUL_C30                  5       7.560      12559.654    sc9mcpp140z_cln28ht_base_ulvt_c30_ssg_cworstt_max_0p81v_125c    slow 
XOR2_X3M_A9PP140ZTUL_C30                  1       2.016       3408.536    sc9mcpp140z_cln28ht_base_ulvt_c30_ssg_cworstt_max_0p81v_125c    slow 
XOR2_X4M_A9PP140ZTUL_C30                  3       7.938      15469.900    sc9mcpp140z_cln28ht_base_ulvt_c30_ssg_cworstt_max_0p81v_125c    slow 
XOR3_X0P5M_A9PP140ZTUL_C30                7      10.584       7004.675    sc9mcpp140z_cln28ht_base_ulvt_c30_ssg_cworstt_max_0p81v_125c    slow 
XOR3_X0P7M_A9PP140ZTUL_C30               48      72.576      54838.738    sc9mcpp140z_cln28ht_base_ulvt_c30_ssg_cworstt_max_0p81v_125c    slow 
XOR3_X1M_A9PP140ZTUL_C30                  7      13.230      14761.956    sc9mcpp140z_cln28ht_base_ulvt_c30_ssg_cworstt_max_0p81v_125c    slow 
XOR3_X2M_A9PP140ZTUL_C30                  3       6.804      10533.636    sc9mcpp140z_cln28ht_base_ulvt_c30_ssg_cworstt_max_0p81v_125c    slow 
-----------------------------------------------------------------------------------------------------------------------------------------------
total                                132818  145753.524  119967171.233                                                                 


                                                                                                 Leakage    Leakage 
                           Library                           Instances Instances %    Area      Power (nW)  Power % 
--------------------------------------------------------------------------------------------------------------------
sc9mcpp140z_cln28ht_base_ulvt_c30_ssg_cworstt_max_0p81v_125c    128228        96.5 142056.558 116253940.264    96.9 
sc9mcpp140z_cln28ht_hpk_ulvt_c30_ssg_cworstt_max_0p81v_125c       4590         3.5   3696.966   3713230.969     3.1 

                                              Leakage    Leakage 
     Type      Instances    Area    Area %   Power (nW)  Power % 
-----------------------------------------------------------------
sequential         20317  44438.688   29.7  33860712.701    28.2 
inverter           12202   4148.046    2.8   5477341.094     4.6 
buffer              2258   1892.520    1.3   3755624.590     3.1 
logic              98041  95274.270   63.7  76873492.849    64.1 
physical_cells      6637   3729.222    2.5         0.000     0.0 
-----------------------------------------------------------------
total             139455 149482.746  100.0 119967171.233   100.0 

