============================================================
  Generated by:           Genus(TM) Synthesis Solution 23.14-s090_1
  Generated on:           Jan 26 2026  11:57:35 am
  Module:                 scpa_dig_ana_ppfir
  Library domain:         fast
    Domain index:         0
    Technology libraries: sc9mcpp140z_cln28ht_base_lvt_c30_ffg_cbestt_min_0p99v_m40c 1.0
                          sc9mcpp140z_cln28ht_hpk_lvt_c30_ffg_cbestt_min_0p99v_m40c 1.0
                          sc9mcpp140z_cln28ht_base_svt_c30_ffg_cbestt_min_0p99v_m40c 1.0
                          sc9mcpp140z_cln28ht_hpk_svt_c30_ffg_cbestt_min_0p99v_m40c 1.0
                          sc9mcpp140z_cln28ht_base_ulvt_c30_ffg_cbestt_min_0p99v_m40c 1.0
                          sc9mcpp140z_cln28ht_hpk_ulvt_c30_ffg_cbestt_min_0p99v_m40c 1.0
  Library domain:         nom
    Domain index:         1
    Technology libraries: sc9mcpp140z_cln28ht_base_lvt_c30_tt_ctypical_max_0p90v_25c 1.0
                          sc9mcpp140z_cln28ht_hpk_lvt_c30_tt_ctypical_max_0p90v_25c 1.0
                          sc9mcpp140z_cln28ht_base_svt_c30_tt_ctypical_max_0p90v_25c 1.0
                          sc9mcpp140z_cln28ht_hpk_svt_c30_tt_ctypical_max_0p90v_25c 1.0
                          sc9mcpp140z_cln28ht_base_ulvt_c30_tt_ctypical_max_0p90v_25c 1.0
                          sc9mcpp140z_cln28ht_hpk_ulvt_c30_tt_ctypical_max_0p90v_25c 1.0
  Operating conditions:   ffg_cbestt_min_0p99v_m40c 
  Operating conditions:   tt_ctypical_max_0p90v_25c 
  Interconnect mode:      spatial
  Area mode:              physical library
============================================================

Timing
--------

 Analysis view  Clock Period 
-----------------------------
slow-slow-maxrc clk    278.0 
                clk_2  556.0 
                clk_8 2224.0 
fast-fast-minrc clk    278.0 
                clk_2  556.0 
                clk_8 2224.0 
func-typ-typ    clk    278.0 
                clk_2  556.0 
                clk_8 2224.0 


    Analysis      Cost   Critical             Violating 
      View       Group  Path Slack    TNS       Paths   
--------------------------------------------------------
slow-slow-maxrc     clk      -94.4 -109491.9       1903 
                  clk_2       36.1       0.0          0 
                  clk_8     1657.2       0.0          0 
                default   No paths       0.0          0 
--------------------------------------------------------
Total                              -109491.9       1903 
                                                        
fast-fast-minrc     clk       25.7       0.0          0 
                  clk_2      241.7       0.0          0 
                  clk_8     1878.9       0.0          0 
                default   No paths       0.0          0 
--------------------------------------------------------
Total                                   -0.0          0 
                                                        
func-typ-typ        clk      -24.0   -3766.2        694 
                  clk_2      161.8       0.0          0 
                  clk_8     1791.3       0.0          0 
                default   No paths       0.0          0 
--------------------------------------------------------
Total                                -3766.2        694 
                                                        

Instance Count
--------------
Leaf Instance Count             160034 
Physical Instance count           6637 
Sequential Instance Count        20317 
Combinational Instance Count    139717 
Hierarchical Instance Count        477 

Area
----
Cell Area                          276550.305
Physical Cell Area                 3729.222
Total Cell Area (Cell+Physical)    280279.527
Net Area                           290.282
Total Area (Cell+Physical+Net)     280569.809

Floorplan Utilization              58.40%
Runtime                            644.345609 seconds
Elapsed Runtime                    1593 seconds
Genus peak memory usage            5495.98 
Innovus peak memory usage          no_value 
Hostname                           lnx-prd-05.ece.vt.edu
