============================================================
  Generated by:           Genus(TM) Synthesis Solution 23.14-s090_1
  Generated on:           Jan 26 2026  12:36:49 pm
  Module:                 scpa_dig_ana_ppfir
  Library domain:         slow
    Domain index:         0
    Technology libraries: sc9mcpp140z_cln28ht_base_lvt_c30_ssg_cworstt_max_0p81v_125c 1.0
                          sc9mcpp140z_cln28ht_hpk_lvt_c30_ssg_cworstt_max_0p81v_125c 1.0
                          sc9mcpp140z_cln28ht_base_svt_c30_ssg_cworstt_max_0p81v_125c 1.0
                          sc9mcpp140z_cln28ht_hpk_svt_c30_ssg_cworstt_max_0p81v_125c 1.0
                          sc9mcpp140z_cln28ht_base_ulvt_c30_ssg_cworstt_max_0p81v_125c 1.0
                          sc9mcpp140z_cln28ht_hpk_ulvt_c30_ssg_cworstt_max_0p81v_125c 1.0
  Library domain:         fast
    Domain index:         1
    Technology libraries: sc9mcpp140z_cln28ht_base_lvt_c30_ffg_cbestt_min_0p99v_m40c 1.0
                          sc9mcpp140z_cln28ht_hpk_lvt_c30_ffg_cbestt_min_0p99v_m40c 1.0
                          sc9mcpp140z_cln28ht_base_svt_c30_ffg_cbestt_min_0p99v_m40c 1.0
                          sc9mcpp140z_cln28ht_hpk_svt_c30_ffg_cbestt_min_0p99v_m40c 1.0
                          sc9mcpp140z_cln28ht_base_ulvt_c30_ffg_cbestt_min_0p99v_m40c 1.0
                          sc9mcpp140z_cln28ht_hpk_ulvt_c30_ffg_cbestt_min_0p99v_m40c 1.0
  Library domain:         nom
    Domain index:         2
    Technology libraries: sc9mcpp140z_cln28ht_base_lvt_c30_tt_ctypical_max_0p90v_25c 1.0
                          sc9mcpp140z_cln28ht_hpk_lvt_c30_tt_ctypical_max_0p90v_25c 1.0
                          sc9mcpp140z_cln28ht_base_svt_c30_tt_ctypical_max_0p90v_25c 1.0
                          sc9mcpp140z_cln28ht_hpk_svt_c30_tt_ctypical_max_0p90v_25c 1.0
                          sc9mcpp140z_cln28ht_base_ulvt_c30_tt_ctypical_max_0p90v_25c 1.0
                          sc9mcpp140z_cln28ht_hpk_ulvt_c30_tt_ctypical_max_0p90v_25c 1.0
  Operating conditions:   ssg_cworstt_max_0p81v_125c 
  Operating conditions:   ffg_cbestt_min_0p99v_m40c 
  Operating conditions:   tt_ctypical_max_0p90v_25c 
  Interconnect mode:      placement
  Area mode:              physical library
============================================================

Timing
--------

 Analysis view  Clock Period 
-----------------------------
slow-slow-maxrc clk    278.0 
                clk_2  556.0 
                clk_8 2224.0 
fast-fast-minrc clk    278.0 
                clk_2  556.0 
                clk_8 2224.0 
func-typ-typ    clk    278.0 
                clk_2  556.0 
                clk_8 2224.0 


    Analysis      Cost   Critical            Violating 
      View       Group  Path Slack    TNS      Paths   
-------------------------------------------------------
slow-slow-maxrc     clk      -52.1 -30775.6       1124 
                  clk_2      -23.7  -3408.9        607 
                  clk_8      967.0      0.0          0 
                default   No paths      0.0          0 
-------------------------------------------------------
Total                              -34184.5       1731 
                                                       
fast-fast-minrc     clk       57.7      0.0          0 
                  clk_2      206.2      0.0          0 
                  clk_8     1491.1      0.0          0 
                default   No paths      0.0          0 
-------------------------------------------------------
Total                                  -0.0          0 
                                                       
func-typ-typ        clk       12.2      0.0          0 
                  clk_2      122.3      0.0          0 
                  clk_8     1280.2      0.0          0 
                default   No paths      0.0          0 
-------------------------------------------------------
Total                                  -0.0          0 
                                                       

Instance Count
--------------
Leaf Instance Count             132818 
Physical Instance count           6637 
Sequential Instance Count        20317 
Combinational Instance Count    112501 
Hierarchical Instance Count          5 

Area
----
Cell Area                          145753.524
Physical Cell Area                 3729.222
Total Cell Area (Cell+Physical)    149482.746
Net Area                           70152.588
Total Area (Cell+Physical+Net)     219635.334

Floorplan Utilization              60.36%
Runtime                            939.2603789999998 seconds
Elapsed Runtime                    3942 seconds
Genus peak memory usage            7318.66 
Innovus peak memory usage          7798.011719 
Hostname                           lnx-prd-05.ece.vt.edu

Physical Data
-------------
Total Net Length                   1403051.76 um
Average Net Length                 9.12 um
