============================================================
  Generated by:           Genus(TM) Synthesis Solution 23.14-s090_1
  Generated on:           Jan 26 2026  12:13:45 pm
  Module:                 scpa_dig_ana_ppfir
  Library domain:         fast
    Domain index:         0
    Technology libraries: sc9mcpp140z_cln28ht_base_lvt_c30_ffg_cbestt_min_0p99v_m40c 1.0
                          sc9mcpp140z_cln28ht_hpk_lvt_c30_ffg_cbestt_min_0p99v_m40c 1.0
                          sc9mcpp140z_cln28ht_base_svt_c30_ffg_cbestt_min_0p99v_m40c 1.0
                          sc9mcpp140z_cln28ht_hpk_svt_c30_ffg_cbestt_min_0p99v_m40c 1.0
                          sc9mcpp140z_cln28ht_base_ulvt_c30_ffg_cbestt_min_0p99v_m40c 1.0
                          sc9mcpp140z_cln28ht_hpk_ulvt_c30_ffg_cbestt_min_0p99v_m40c 1.0
  Library domain:         nom
    Domain index:         1
    Technology libraries: sc9mcpp140z_cln28ht_base_lvt_c30_tt_ctypical_max_0p90v_25c 1.0
                          sc9mcpp140z_cln28ht_hpk_lvt_c30_tt_ctypical_max_0p90v_25c 1.0
                          sc9mcpp140z_cln28ht_base_svt_c30_tt_ctypical_max_0p90v_25c 1.0
                          sc9mcpp140z_cln28ht_hpk_svt_c30_tt_ctypical_max_0p90v_25c 1.0
                          sc9mcpp140z_cln28ht_base_ulvt_c30_tt_ctypical_max_0p90v_25c 1.0
                          sc9mcpp140z_cln28ht_hpk_ulvt_c30_tt_ctypical_max_0p90v_25c 1.0
  Operating conditions:   ffg_cbestt_min_0p99v_m40c 
  Operating conditions:   tt_ctypical_max_0p90v_25c 
  Interconnect mode:      spatial
  Area mode:              physical library
============================================================

                                                            Leakage                                                                    Library 
              Gate                Instances     Area      Power (nW)                               Library                              Domain 
-----------------------------------------------------------------------------------------------------------------------------------------------
ADDF_X1M_A9PP140ZTUL_C30              20799   41930.784   32704229.157    sc9mcpp140z_cln28ht_base_ulvt_c30_ssg_cworstt_max_0p81v_125c    slow 
ADDF_X1P4M_A9PP140ZTUL_C30               19      43.092      40225.183    sc9mcpp140z_cln28ht_base_ulvt_c30_ssg_cworstt_max_0p81v_125c    slow 
ADDF_X2M_A9PP140ZTUL_C30                123     278.964     273520.782    sc9mcpp140z_cln28ht_base_ulvt_c30_ssg_cworstt_max_0p81v_125c    slow 
ADDH_X1M_A9PP140ZTUL_C30                408     514.080     470088.467    sc9mcpp140z_cln28ht_base_ulvt_c30_ssg_cworstt_max_0p81v_125c    slow 
AND2_X0P5B_A9PP140ZTUL_C30               23      11.592       6788.627    sc9mcpp140z_cln28ht_base_ulvt_c30_ssg_cworstt_max_0p81v_125c    slow 
AND2_X11B_A9PP140ZTUL_C30                 7      17.640      33965.441    sc9mcpp140z_cln28ht_base_ulvt_c30_ssg_cworstt_max_0p81v_125c    slow 
AND2_X1M_A9PP140ZTUL_C30               1082     545.328     505864.106    sc9mcpp140z_cln28ht_base_ulvt_c30_ssg_cworstt_max_0p81v_125c    slow 
AND2_X1P4B_A9PP140ZTUL_C30                2       1.260       1351.669    sc9mcpp140z_cln28ht_base_ulvt_c30_ssg_cworstt_max_0p81v_125c    slow 
AND2_X1P4M_A9PP140ZTUL_C30                6       3.780       4516.564    sc9mcpp140z_cln28ht_base_ulvt_c30_ssg_cworstt_max_0p81v_125c    slow 
AND2_X1P4TM_A9PP140ZTUL_C30               5       4.410       4138.333    sc9mcpp140z_cln28ht_hpk_ulvt_c30_ssg_cworstt_max_0p81v_125c     slow 
AND2_X1TM_A9PP140ZTUL_C30                 1       0.756        522.228    sc9mcpp140z_cln28ht_hpk_ulvt_c30_ssg_cworstt_max_0p81v_125c     slow 
AND2_X2B_A9PP140ZTUL_C30                 16      10.080      11808.956    sc9mcpp140z_cln28ht_base_ulvt_c30_ssg_cworstt_max_0p81v_125c    slow 
AND2_X2M_A9PP140ZTUL_C30                 29      18.270      24834.771    sc9mcpp140z_cln28ht_base_ulvt_c30_ssg_cworstt_max_0p81v_125c    slow 
AND2_X3B_A9PP140ZTUL_C30                  3       2.268       3218.717    sc9mcpp140z_cln28ht_base_ulvt_c30_ssg_cworstt_max_0p81v_125c    slow 
AND2_X3M_A9PP140ZTUL_C30                 11      11.088      18686.048    sc9mcpp140z_cln28ht_base_ulvt_c30_ssg_cworstt_max_0p81v_125c    slow 
AND2_X4M_A9PP140ZTUL_C30                  1       1.134       1572.672    sc9mcpp140z_cln28ht_base_ulvt_c30_ssg_cworstt_max_0p81v_125c    slow 
AND2_X4TM_A9PP140ZTUL_C30                 1       1.512       1766.999    sc9mcpp140z_cln28ht_hpk_ulvt_c30_ssg_cworstt_max_0p81v_125c     slow 
AND2_X6TM_A9PP140ZTUL_C30                 1       2.520       3256.411    sc9mcpp140z_cln28ht_hpk_ulvt_c30_ssg_cworstt_max_0p81v_125c     slow 
AND2_X8M_A9PP140ZTUL_C30                  1       2.394       3704.218    sc9mcpp140z_cln28ht_base_ulvt_c30_ssg_cworstt_max_0p81v_125c    slow 
AND3_X1M_A9PP140ZTUL_C30                 17      10.710       8033.041    sc9mcpp140z_cln28ht_base_ulvt_c30_ssg_cworstt_max_0p81v_125c    slow 
AND3_X3M_A9PP140ZTUL_C30                  2       2.772       3102.774    sc9mcpp140z_cln28ht_base_ulvt_c30_ssg_cworstt_max_0p81v_125c    slow 
AND4_X0P7M_A9PP140ZTUL_C30                1       0.756        199.919    sc9mcpp140z_cln28ht_base_ulvt_c30_ssg_cworstt_max_0p81v_125c    slow 
AND4_X1M_A9PP140ZTUL_C30                  1       0.756        452.413    sc9mcpp140z_cln28ht_base_ulvt_c30_ssg_cworstt_max_0p81v_125c    slow 
AO1B2_X1M_A9PP140ZTUL_C30               446     280.980     246443.651    sc9mcpp140z_cln28ht_base_ulvt_c30_ssg_cworstt_max_0p81v_125c    slow 
AO1B2_X1P4M_A9PP140ZTUL_C30             165     145.530     134189.388    sc9mcpp140z_cln28ht_base_ulvt_c30_ssg_cworstt_max_0p81v_125c    slow 
AO1B2_X2M_A9PP140ZTUL_C30               226     199.332     227607.610    sc9mcpp140z_cln28ht_base_ulvt_c30_ssg_cworstt_max_0p81v_125c    slow 
AO1B2_X3M_A9PP140ZTUL_C30                 6       8.316      10311.946    sc9mcpp140z_cln28ht_base_ulvt_c30_ssg_cworstt_max_0p81v_125c    slow 
AO1B2_X4M_A9PP140ZTUL_C30                14      22.932      31443.461    sc9mcpp140z_cln28ht_base_ulvt_c30_ssg_cworstt_max_0p81v_125c    slow 
AO21A1AI2_X0P7M_A9PP140ZTUL_C30           4       2.520       1112.465    sc9mcpp140z_cln28ht_base_ulvt_c30_ssg_cworstt_max_0p81v_125c    slow 
AO21A1AI2_X1M_A9PP140ZTUL_C30           408     257.040     144907.130    sc9mcpp140z_cln28ht_base_ulvt_c30_ssg_cworstt_max_0p81v_125c    slow 
AO21A1AI2_X1P4M_A9PP140ZTUL_C30           6       6.804       3080.576    sc9mcpp140z_cln28ht_base_ulvt_c30_ssg_cworstt_max_0p81v_125c    slow 
AO21A1AI2_X2M_A9PP140ZTUL_C30            13      14.742       9908.099    sc9mcpp140z_cln28ht_base_ulvt_c30_ssg_cworstt_max_0p81v_125c    slow 
AO21B_X0P7M_A9PP140ZTUL_C30               2       1.260        923.680    sc9mcpp140z_cln28ht_base_ulvt_c30_ssg_cworstt_max_0p81v_125c    slow 
AO21B_X1M_A9PP140ZTUL_C30              1574     991.620     857648.299    sc9mcpp140z_cln28ht_base_ulvt_c30_ssg_cworstt_max_0p81v_125c    slow 
AO21B_X1P4M_A9PP140ZTUL_C30              25      22.050      20599.979    sc9mcpp140z_cln28ht_base_ulvt_c30_ssg_cworstt_max_0p81v_125c    slow 
AO21B_X2M_A9PP140ZTUL_C30                85      74.970      85875.154    sc9mcpp140z_cln28ht_base_ulvt_c30_ssg_cworstt_max_0p81v_125c    slow 
AO21B_X3M_A9PP140ZTUL_C30                20      27.720      33472.113    sc9mcpp140z_cln28ht_base_ulvt_c30_ssg_cworstt_max_0p81v_125c    slow 
AO21B_X4M_A9PP140ZTUL_C30                 4       6.552       8730.931    sc9mcpp140z_cln28ht_base_ulvt_c30_ssg_cworstt_max_0p81v_125c    slow 
AO21_X0P7M_A9PP140ZTUL_C30               12       9.072       6494.719    sc9mcpp140z_cln28ht_base_ulvt_c30_ssg_cworstt_max_0p81v_125c    slow 
AO21_X1M_A9PP140ZTUL_C30                 88      66.528      56922.019    sc9mcpp140z_cln28ht_base_ulvt_c30_ssg_cworstt_max_0p81v_125c    slow 
AO21_X1P4M_A9PP140ZTUL_C30                4       3.528       3606.700    sc9mcpp140z_cln28ht_base_ulvt_c30_ssg_cworstt_max_0p81v_125c    slow 
AO21_X2M_A9PP140ZTUL_C30                  7       6.174       6620.397    sc9mcpp140z_cln28ht_base_ulvt_c30_ssg_cworstt_max_0p81v_125c    slow 
AO22_X0P7M_A9PP140ZTUL_C30               29      25.578      16214.837    sc9mcpp140z_cln28ht_base_ulvt_c30_ssg_cworstt_max_0p81v_125c    slow 
AO22_X1M_A9PP140ZTUL_C30                445     392.490     298283.765    sc9mcpp140z_cln28ht_base_ulvt_c30_ssg_cworstt_max_0p81v_125c    slow 
AO22_X1P4M_A9PP140ZTUL_C30               49      49.392      44233.241    sc9mcpp140z_cln28ht_base_ulvt_c30_ssg_cworstt_max_0p81v_125c    slow 
AOI211_X0P7M_A9PP140ZTUL_C30             44      27.720      17301.018    sc9mcpp140z_cln28ht_base_ulvt_c30_ssg_cworstt_max_0p81v_125c    slow 
AOI211_X1M_A9PP140ZTUL_C30                2       1.260        716.445    sc9mcpp140z_cln28ht_base_ulvt_c30_ssg_cworstt_max_0p81v_125c    slow 
AOI211_X2M_A9PP140ZTUL_C30               28      31.752      22622.728    sc9mcpp140z_cln28ht_base_ulvt_c30_ssg_cworstt_max_0p81v_125c    slow 
AOI21B_X0P7M_A9PP140ZTUL_C30              8       6.048       3394.891    sc9mcpp140z_cln28ht_base_ulvt_c30_ssg_cworstt_max_0p81v_125c    slow 
AOI21B_X1M_A9PP140ZTUL_C30               36      27.216      17023.814    sc9mcpp140z_cln28ht_base_ulvt_c30_ssg_cworstt_max_0p81v_125c    slow 
AOI21_X0P7A_A9PP140ZTUL_C30               2       1.008        773.855    sc9mcpp140z_cln28ht_hpk_ulvt_c30_ssg_cworstt_max_0p81v_125c     slow 
AOI21_X0P7M_A9PP140ZTUL_C30               4       2.016       1209.119    sc9mcpp140z_cln28ht_base_ulvt_c30_ssg_cworstt_max_0p81v_125c    slow 
AOI21_X1A_A9PP140ZTUL_C30              1473     742.392     618355.502    sc9mcpp140z_cln28ht_hpk_ulvt_c30_ssg_cworstt_max_0p81v_125c     slow 
AOI21_X1M_A9PP140ZTUL_C30               698     351.792     275421.235    sc9mcpp140z_cln28ht_base_ulvt_c30_ssg_cworstt_max_0p81v_125c    slow 
AOI21_X1P4A_A9PP140ZTUL_C30               2       1.764       1301.171    sc9mcpp140z_cln28ht_hpk_ulvt_c30_ssg_cworstt_max_0p81v_125c     slow 
AOI21_X2A_A9PP140ZTUL_C30                26      22.932      23012.552    sc9mcpp140z_cln28ht_hpk_ulvt_c30_ssg_cworstt_max_0p81v_125c     slow 
AOI21_X2M_A9PP140ZTUL_C30               583     514.206     458095.922    sc9mcpp140z_cln28ht_base_ulvt_c30_ssg_cworstt_max_0p81v_125c    slow 
AOI21_X3M_A9PP140ZTUL_C30                52      65.520      60571.011    sc9mcpp140z_cln28ht_base_ulvt_c30_ssg_cworstt_max_0p81v_125c    slow 
AOI22_X1A_A9PP140ZTUL_C30                 2       1.260        797.950    sc9mcpp140z_cln28ht_hpk_ulvt_c30_ssg_cworstt_max_0p81v_125c     slow 
AOI22_X1M_A9PP140ZTUL_C30                12       7.560       5386.547    sc9mcpp140z_cln28ht_base_ulvt_c30_ssg_cworstt_max_0p81v_125c    slow 
AOI2XB1_X1M_A9PP140ZTUL_C30             160     120.960      91616.008    sc9mcpp140z_cln28ht_base_ulvt_c30_ssg_cworstt_max_0p81v_125c    slow 
AOI2XB1_X2M_A9PP140ZTUL_C30               9      10.206       9632.345    sc9mcpp140z_cln28ht_base_ulvt_c30_ssg_cworstt_max_0p81v_125c    slow 
AOI31_X1M_A9PP140ZTUL_C30                50      31.500      18430.237    sc9mcpp140z_cln28ht_base_ulvt_c30_ssg_cworstt_max_0p81v_125c    slow 
AOI31_X1P4M_A9PP140ZTUL_C30               7       7.938       4093.318    sc9mcpp140z_cln28ht_base_ulvt_c30_ssg_cworstt_max_0p81v_125c    slow 
AOI31_X2M_A9PP140ZTUL_C30                13      16.380       9060.165    sc9mcpp140z_cln28ht_base_ulvt_c30_ssg_cworstt_max_0p81v_125c    slow 
AOI31_X3M_A9PP140ZTUL_C30                 4       6.552       4093.154    sc9mcpp140z_cln28ht_base_ulvt_c30_ssg_cworstt_max_0p81v_125c    slow 
BUFH_X16M_A9PP140ZTUL_C30                 1       3.528       8537.945    sc9mcpp140z_cln28ht_base_ulvt_c30_ssg_cworstt_max_0p81v_125c    slow 
BUFH_X1M_A9PP140ZTUL_C30                856     323.568     447265.527    sc9mcpp140z_cln28ht_base_ulvt_c30_ssg_cworstt_max_0p81v_125c    slow 
BUFH_X1P2M_A9PP140ZTUL_C30               21      10.584      16363.292    sc9mcpp140z_cln28ht_base_ulvt_c30_ssg_cworstt_max_0p81v_125c    slow 
BUFH_X1P4M_A9PP140ZTUL_C30                1       0.504        809.906    sc9mcpp140z_cln28ht_base_ulvt_c30_ssg_cworstt_max_0p81v_125c    slow 
BUFH_X1P7M_A9PP140ZTUL_C30               73      36.792      55741.611    sc9mcpp140z_cln28ht_base_ulvt_c30_ssg_cworstt_max_0p81v_125c    slow 
BUFH_X2M_A9PP140ZTUL_C30                 52      26.208      46380.277    sc9mcpp140z_cln28ht_base_ulvt_c30_ssg_cworstt_max_0p81v_125c    slow 
BUFH_X3M_A9PP140ZTUL_C30                597     451.332     913468.595    sc9mcpp140z_cln28ht_base_ulvt_c30_ssg_cworstt_max_0p81v_125c    slow 
BUFH_X3P5M_A9PP140ZTUL_C30                9       7.938      16067.682    sc9mcpp140z_cln28ht_base_ulvt_c30_ssg_cworstt_max_0p81v_125c    slow 
BUFH_X4M_A9PP140ZTUL_C30                  2       1.764       3846.766    sc9mcpp140z_cln28ht_base_ulvt_c30_ssg_cworstt_max_0p81v_125c    slow 
BUFH_X5M_A9PP140ZTUL_C30                  9      10.206      22580.227    sc9mcpp140z_cln28ht_base_ulvt_c30_ssg_cworstt_max_0p81v_125c    slow 
BUFH_X6M_A9PP140ZTUL_C30                143     198.198     458137.761    sc9mcpp140z_cln28ht_base_ulvt_c30_ssg_cworstt_max_0p81v_125c    slow 
BUFH_X7P5M_A9PP140ZTUL_C30                1       1.764       4237.404    sc9mcpp140z_cln28ht_base_ulvt_c30_ssg_cworstt_max_0p81v_125c    slow 
BUF_X0P5B_A9PP140ZTUL_C30                 3       1.134        948.169    sc9mcpp140z_cln28ht_base_ulvt_c30_ssg_cworstt_max_0p81v_125c    slow 
BUF_X11M_A9PP140ZTUL_C30                 14      29.988      67438.464    sc9mcpp140z_cln28ht_base_ulvt_c30_ssg_cworstt_max_0p81v_125c    slow 
BUF_X13B_A9PP140ZTUL_C30                  3       6.804      13333.373    sc9mcpp140z_cln28ht_base_ulvt_c30_ssg_cworstt_max_0p81v_125c    slow 
BUF_X13M_A9PP140ZTUL_C30                 24      57.456     132918.117    sc9mcpp140z_cln28ht_base_ulvt_c30_ssg_cworstt_max_0p81v_125c    slow 
BUF_X16M_A9PP140ZTUL_C30                 17      49.266     117021.509    sc9mcpp140z_cln28ht_base_ulvt_c30_ssg_cworstt_max_0p81v_125c    slow 
BUF_X1M_A9PP140ZTUL_C30                  15       5.670       5933.634    sc9mcpp140z_cln28ht_base_ulvt_c30_ssg_cworstt_max_0p81v_125c    slow 
BUF_X1P4M_A9PP140ZTUL_C30                 2       1.008       1066.702    sc9mcpp140z_cln28ht_base_ulvt_c30_ssg_cworstt_max_0p81v_125c    slow 
BUF_X2B_A9PP140ZTUL_C30                   2       1.008       1326.563    sc9mcpp140z_cln28ht_base_ulvt_c30_ssg_cworstt_max_0p81v_125c    slow 
BUF_X2M_A9PP140ZTUL_C30                  17       8.568      13938.952    sc9mcpp140z_cln28ht_base_ulvt_c30_ssg_cworstt_max_0p81v_125c    slow 
BUF_X2P5B_A9PP140ZTUL_C30                 1       0.630        699.510    sc9mcpp140z_cln28ht_base_ulvt_c30_ssg_cworstt_max_0p81v_125c    slow 
BUF_X2P5M_A9PP140ZTUL_C30                91      57.330      96152.855    sc9mcpp140z_cln28ht_base_ulvt_c30_ssg_cworstt_max_0p81v_125c    slow 
BUF_X3P5B_A9PP140ZTUL_C30                 1       0.882       1181.474    sc9mcpp140z_cln28ht_base_ulvt_c30_ssg_cworstt_max_0p81v_125c    slow 
BUF_X4B_A9PP140ZTUL_C30                   1       0.882       1120.907    sc9mcpp140z_cln28ht_base_ulvt_c30_ssg_cworstt_max_0p81v_125c    slow 
BUF_X4M_A9PP140ZTUL_C30                  49      43.218      85118.707    sc9mcpp140z_cln28ht_base_ulvt_c30_ssg_cworstt_max_0p81v_125c    slow 
BUF_X6M_A9PP140ZTUL_C30                  98     111.132     246235.874    sc9mcpp140z_cln28ht_base_ulvt_c30_ssg_cworstt_max_0p81v_125c    slow 
BUF_X7P5B_A9PP140ZTUL_C30                 1       1.512       2653.887    sc9mcpp140z_cln28ht_base_ulvt_c30_ssg_cworstt_max_0p81v_125c    slow 
BUF_X7P5B_A9PP140ZTUL_C30_XGCAP8          1       2.646       2913.574    sc9mcpp140z_cln28ht_base_ulvt_c30_ssg_cworstt_max_0p81v_125c    slow 
BUF_X7P5M_A9PP140ZTUL_C30                 4       6.048      14375.293    sc9mcpp140z_cln28ht_base_ulvt_c30_ssg_cworstt_max_0p81v_125c    slow 
BUF_X9B_A9PP140ZTUL_C30_XGCAP9            1       2.898       3409.710    sc9mcpp140z_cln28ht_base_ulvt_c30_ssg_cworstt_max_0p81v_125c    slow 
CGENI_X1M_A9PP140ZTUL_C30               152     114.912      70004.408    sc9mcpp140z_cln28ht_base_ulvt_c30_ssg_cworstt_max_0p81v_125c    slow 
CGEN_X1M_A9PP140ZTUL_C30                 90      79.380      65817.902    sc9mcpp140z_cln28ht_base_ulvt_c30_ssg_cworstt_max_0p81v_125c    slow 
DFFQA_X1M_A9PP140ZTUL_C30                 2       3.780       3020.197    sc9mcpp140z_cln28ht_base_ulvt_c30_ssg_cworstt_max_0p81v_125c    slow 
DFFQNA_X1M_A9PP140ZTUL_C30                2       3.528       2522.331    sc9mcpp140z_cln28ht_base_ulvt_c30_ssg_cworstt_max_0p81v_125c    slow 
DFFRPQA_X1M_A9PP140ZTUL_C30           16399   35126.658   34867471.504    sc9mcpp140z_cln28ht_base_ulvt_c30_ssg_cworstt_max_0p81v_125c    slow 
DFFRPQNA_X1M_A9PP140ZTUL_C30           1908    3846.528    3071012.462    sc9mcpp140z_cln28ht_base_ulvt_c30_ssg_cworstt_max_0p81v_125c    slow 
DFFRPQN_X1M_A9PP140ZTUL_C30             220     526.680     428764.737    sc9mcpp140z_cln28ht_base_ulvt_c30_ssg_cworstt_max_0p81v_125c    slow 
DFFRPQN_X2M_A9PP140ZTUL_C30              10      25.200      22850.516    sc9mcpp140z_cln28ht_base_ulvt_c30_ssg_cworstt_max_0p81v_125c    slow 
DFFRPQ_X1M_A9PP140ZTUL_C30              912    2298.240    1980252.356    sc9mcpp140z_cln28ht_base_ulvt_c30_ssg_cworstt_max_0p81v_125c    slow 
DFFRPQ_X2M_A9PP140ZTUL_C30                7      18.522      19071.281    sc9mcpp140z_cln28ht_base_ulvt_c30_ssg_cworstt_max_0p81v_125c    slow 
DFFRPQ_X3M_A9PP140ZTUL_C30              852    2361.744    2730416.386    sc9mcpp140z_cln28ht_base_ulvt_c30_ssg_cworstt_max_0p81v_125c    slow 
DFFRPQ_X4M_A9PP140ZTUL_C30                2       6.048       7558.047    sc9mcpp140z_cln28ht_base_ulvt_c30_ssg_cworstt_max_0p81v_125c    slow 
DFFSQA_X1M_A9PP140ZTUL_C30                2       4.284       2963.667    sc9mcpp140z_cln28ht_base_ulvt_c30_ssg_cworstt_max_0p81v_125c    slow 
DFFSQNA_X1M_A9PP140ZTUL_C30               1       2.016       1619.043    sc9mcpp140z_cln28ht_base_ulvt_c30_ssg_cworstt_max_0p81v_125c    slow 
INV_X0P5M_A9PP140ZTUL_C30                 2       0.504        310.702    sc9mcpp140z_cln28ht_base_ulvt_c30_ssg_cworstt_max_0p81v_125c    slow 
INV_X0P6B_A9PP140ZTUL_C30                54      13.608       8215.491    sc9mcpp140z_cln28ht_base_ulvt_c30_ssg_cworstt_max_0p81v_125c    slow 
INV_X0P6M_A9PP140ZTUL_C30                 1       0.252        146.786    sc9mcpp140z_cln28ht_base_ulvt_c30_ssg_cworstt_max_0p81v_125c    slow 
INV_X0P7B_A9PP140ZTUL_C30                 1       0.252        133.606    sc9mcpp140z_cln28ht_base_ulvt_c30_ssg_cworstt_max_0p81v_125c    slow 
INV_X0P7M_A9PP140ZTUL_C30                24       6.048       5146.140    sc9mcpp140z_cln28ht_base_ulvt_c30_ssg_cworstt_max_0p81v_125c    slow 
INV_X0P8B_A9PP140ZTUL_C30               506     127.512      90588.028    sc9mcpp140z_cln28ht_base_ulvt_c30_ssg_cworstt_max_0p81v_125c    slow 
INV_X0P8M_A9PP140ZTUL_C30              2399     604.548     578105.620    sc9mcpp140z_cln28ht_base_ulvt_c30_ssg_cworstt_max_0p81v_125c    slow 
INV_X11B_A9PP140ZTUL_C30                 26      39.312      73349.880    sc9mcpp140z_cln28ht_base_ulvt_c30_ssg_cworstt_max_0p81v_125c    slow 
INV_X11M_A9PP140ZTUL_C30                 25      40.950      91967.657    sc9mcpp140z_cln28ht_base_ulvt_c30_ssg_cworstt_max_0p81v_125c    slow 
INV_X11M_A9PP140ZTUL_C30_XGCAP11          2       6.300       7464.709    sc9mcpp140z_cln28ht_base_ulvt_c30_ssg_cworstt_max_0p81v_125c    slow 
INV_X13B_A9PP140ZTUL_C30                  2       3.528       6722.070    sc9mcpp140z_cln28ht_base_ulvt_c30_ssg_cworstt_max_0p81v_125c    slow 
INV_X13M_A9PP140ZTUL_C30                 19      35.910      79113.597    sc9mcpp140z_cln28ht_base_ulvt_c30_ssg_cworstt_max_0p81v_125c    slow 
INV_X13M_A9PP140ZTUL_C30_XGCAP13          1       3.654       4220.174    sc9mcpp140z_cln28ht_base_ulvt_c30_ssg_cworstt_max_0p81v_125c    slow 
INV_X16M_A9PP140ZTUL_C30                  4       9.072      20487.805    sc9mcpp140z_cln28ht_base_ulvt_c30_ssg_cworstt_max_0p81v_125c    slow 
INV_X1B_A9PP140ZTUL_C30                 263      66.276      53403.437    sc9mcpp140z_cln28ht_base_ulvt_c30_ssg_cworstt_max_0p81v_125c    slow 
INV_X1M_A9PP140ZTUL_C30                6414    1616.328    1557464.719    sc9mcpp140z_cln28ht_base_ulvt_c30_ssg_cworstt_max_0p81v_125c    slow 
INV_X1P2B_A9PP140ZTUL_C30                 9       3.402       2015.108    sc9mcpp140z_cln28ht_base_ulvt_c30_ssg_cworstt_max_0p81v_125c    slow 
INV_X1P2M_A9PP140ZTUL_C30               379     143.262     173484.955    sc9mcpp140z_cln28ht_base_ulvt_c30_ssg_cworstt_max_0p81v_125c    slow 
INV_X1P4B_A9PP140ZTUL_C30                 8       3.024       2702.331    sc9mcpp140z_cln28ht_base_ulvt_c30_ssg_cworstt_max_0p81v_125c    slow 
INV_X1P4M_A9PP140ZTUL_C30               430     162.540     215402.490    sc9mcpp140z_cln28ht_base_ulvt_c30_ssg_cworstt_max_0p81v_125c    slow 
INV_X1P7B_A9PP140ZTUL_C30                65      24.570      25307.324    sc9mcpp140z_cln28ht_base_ulvt_c30_ssg_cworstt_max_0p81v_125c    slow 
INV_X1P7M_A9PP140ZTUL_C30               543     205.254     285804.043    sc9mcpp140z_cln28ht_base_ulvt_c30_ssg_cworstt_max_0p81v_125c    slow 
INV_X20M_A9PP140ZTUL_C30                 16      44.352     101691.788    sc9mcpp140z_cln28ht_hpk_ulvt_c30_ssg_cworstt_max_0p81v_125c     slow 
INV_X2B_A9PP140ZTUL_C30                  82      30.996      36103.862    sc9mcpp140z_cln28ht_base_ulvt_c30_ssg_cworstt_max_0p81v_125c    slow 
INV_X2M_A9PP140ZTUL_C30                1179     445.662     640882.954    sc9mcpp140z_cln28ht_base_ulvt_c30_ssg_cworstt_max_0p81v_125c    slow 
INV_X2P5B_A9PP140ZTUL_C30                 4       2.016       3070.107    sc9mcpp140z_cln28ht_base_ulvt_c30_ssg_cworstt_max_0p81v_125c    slow 
INV_X2P5M_A9PP140ZTUL_C30                78      39.312      69086.483    sc9mcpp140z_cln28ht_base_ulvt_c30_ssg_cworstt_max_0p81v_125c    slow 
INV_X3B_A9PP140ZTUL_C30                  38      19.152      26365.993    sc9mcpp140z_cln28ht_base_ulvt_c30_ssg_cworstt_max_0p81v_125c    slow 
INV_X3M_A9PP140ZTUL_C30                 759     382.536     653041.664    sc9mcpp140z_cln28ht_base_ulvt_c30_ssg_cworstt_max_0p81v_125c    slow 
INV_X3P5B_A9PP140ZTUL_C30                 5       3.150       4022.581    sc9mcpp140z_cln28ht_base_ulvt_c30_ssg_cworstt_max_0p81v_125c    slow 
INV_X3P5M_A9PP140ZTUL_C30               134      84.420     170398.671    sc9mcpp140z_cln28ht_base_ulvt_c30_ssg_cworstt_max_0p81v_125c    slow 
INV_X4B_A9PP140ZTUL_C30                  18      11.340      16131.769    sc9mcpp140z_cln28ht_base_ulvt_c30_ssg_cworstt_max_0p81v_125c    slow 
INV_X4M_A9PP140ZTUL_C30                 201     126.630     238630.010    sc9mcpp140z_cln28ht_base_ulvt_c30_ssg_cworstt_max_0p81v_125c    slow 
INV_X5B_A9PP140ZTUL_C30                  23      17.388      25542.684    sc9mcpp140z_cln28ht_base_ulvt_c30_ssg_cworstt_max_0p81v_125c    slow 
INV_X5M_A9PP140ZTUL_C30                  73      55.188     122984.608    sc9mcpp140z_cln28ht_base_ulvt_c30_ssg_cworstt_max_0p81v_125c    slow 
INV_X5M_A9PP140ZTUL_C30_XGCAP5            2       3.024       2931.404    sc9mcpp140z_cln28ht_base_ulvt_c30_ssg_cworstt_max_0p81v_125c    slow 
INV_X6B_A9PP140ZTUL_C30                  12      10.584      18620.207    sc9mcpp140z_cln28ht_base_ulvt_c30_ssg_cworstt_max_0p81v_125c    slow 
INV_X6M_A9PP140ZTUL_C30                  37      32.634      67143.453    sc9mcpp140z_cln28ht_base_ulvt_c30_ssg_cworstt_max_0p81v_125c    slow 
INV_X7P5M_A9PP140ZTUL_C30                60      68.040     166611.347    sc9mcpp140z_cln28ht_base_ulvt_c30_ssg_cworstt_max_0p81v_125c    slow 
INV_X7P5M_A9PP140ZTUL_C30_XGCAP8          6      13.608      15617.029    sc9mcpp140z_cln28ht_base_ulvt_c30_ssg_cworstt_max_0p81v_125c    slow 
INV_X9B_A9PP140ZTUL_C30                   1       1.260       2220.323    sc9mcpp140z_cln28ht_base_ulvt_c30_ssg_cworstt_max_0p81v_125c    slow 
INV_X9M_A9PP140ZTUL_C30                   3       3.780       8976.991    sc9mcpp140z_cln28ht_base_ulvt_c30_ssg_cworstt_max_0p81v_125c    slow 
MX2_X2B_A9PP140ZTUL_C30                  53      73.458      79852.217    sc9mcpp140z_cln28ht_base_ulvt_c30_ssg_cworstt_max_0p81v_125c    slow 
MXIT2_X1M_A9PP140ZTUL_C30               161     142.002     148981.569    sc9mcpp140z_cln28ht_base_ulvt_c30_ssg_cworstt_max_0p81v_125c    slow 
MXIT2_X1P4M_A9PP140ZTUL_C30              99     124.740     167708.757    sc9mcpp140z_cln28ht_base_ulvt_c30_ssg_cworstt_max_0p81v_125c    slow 
MXT2_X0P5B_A9PP140ZTUL_C30            15397   13580.154    9801413.232    sc9mcpp140z_cln28ht_base_ulvt_c30_ssg_cworstt_max_0p81v_125c    slow 
MXT2_X0P7B_A9PP140ZTUL_C30                2       2.016       1396.015    sc9mcpp140z_cln28ht_base_ulvt_c30_ssg_cworstt_max_0p81v_125c    slow 
NAND2B_X0P5M_A9PP140ZTUL_C30             35      17.640      11663.585    sc9mcpp140z_cln28ht_base_ulvt_c30_ssg_cworstt_max_0p81v_125c    slow 
NAND2B_X1M_A9PP140ZTUL_C30             2979    1501.416    1314846.355    sc9mcpp140z_cln28ht_base_ulvt_c30_ssg_cworstt_max_0p81v_125c    slow 
NAND2B_X2M_A9PP140ZTUL_C30                7       5.292       5794.246    sc9mcpp140z_cln28ht_base_ulvt_c30_ssg_cworstt_max_0p81v_125c    slow 
NAND2B_X6M_A9PP140ZTUL_C30                4       7.560      10207.856    sc9mcpp140z_cln28ht_base_ulvt_c30_ssg_cworstt_max_0p81v_125c    slow 
NAND2B_X8M_A9PP140ZTUL_C30                3       7.182       9741.231    sc9mcpp140z_cln28ht_base_ulvt_c30_ssg_cworstt_max_0p81v_125c    slow 
NAND2XB_X1M_A9PP140ZTUL_C30             554     279.216     256088.290    sc9mcpp140z_cln28ht_base_ulvt_c30_ssg_cworstt_max_0p81v_125c    slow 
NAND2XB_X1P4M_A9PP140ZTUL_C30            10       7.560       6211.192    sc9mcpp140z_cln28ht_base_ulvt_c30_ssg_cworstt_max_0p81v_125c    slow 
NAND2XB_X2M_A9PP140ZTUL_C30             114      86.184      97990.767    sc9mcpp140z_cln28ht_base_ulvt_c30_ssg_cworstt_max_0p81v_125c    slow 
NAND2XB_X3M_A9PP140ZTUL_C30               8       8.064       9238.671    sc9mcpp140z_cln28ht_base_ulvt_c30_ssg_cworstt_max_0p81v_125c    slow 
NAND2XB_X4M_A9PP140ZTUL_C30               9      11.340      13103.895    sc9mcpp140z_cln28ht_base_ulvt_c30_ssg_cworstt_max_0p81v_125c    slow 
NAND2XB_X6M_A9PP140ZTUL_C30               7      13.230      19344.640    sc9mcpp140z_cln28ht_base_ulvt_c30_ssg_cworstt_max_0p81v_125c    slow 
NAND2XB_X8M_A9PP140ZTUL_C30              22      52.668      53381.549    sc9mcpp140z_cln28ht_base_ulvt_c30_ssg_cworstt_max_0p81v_125c    slow 
NAND2_X0P7A_A9PP140ZTUL_C30              51      19.278      12268.362    sc9mcpp140z_cln28ht_base_ulvt_c30_ssg_cworstt_max_0p81v_125c    slow 
NAND2_X0P7B_A9PP140ZTUL_C30               2       0.756        504.109    sc9mcpp140z_cln28ht_base_ulvt_c30_ssg_cworstt_max_0p81v_125c    slow 
NAND2_X0P7M_A9PP140ZTUL_C30               2       0.756        353.361    sc9mcpp140z_cln28ht_base_ulvt_c30_ssg_cworstt_max_0p81v_125c    slow 
NAND2_X11M_A9PP140ZTUL_C30                3       8.694       9445.710    sc9mcpp140z_cln28ht_hpk_ulvt_c30_ssg_cworstt_max_0p81v_125c     slow 
NAND2_X11TA_A9PP140ZTUL_C30               1       4.410       3604.978    sc9mcpp140z_cln28ht_hpk_ulvt_c30_ssg_cworstt_max_0p81v_125c     slow 
NAND2_X1A_A9PP140ZTUL_C30              2388     902.664     666079.320    sc9mcpp140z_cln28ht_base_ulvt_c30_ssg_cworstt_max_0p81v_125c    slow 
NAND2_X1B_A9PP140ZTUL_C30              3147    1189.566     831670.336    sc9mcpp140z_cln28ht_base_ulvt_c30_ssg_cworstt_max_0p81v_125c    slow 
NAND2_X1M_A9PP140ZTUL_C30              3881    1467.018    1037707.470    sc9mcpp140z_cln28ht_base_ulvt_c30_ssg_cworstt_max_0p81v_125c    slow 
NAND2_X1P4A_A9PP140ZTUL_C30             297     187.110     139601.711    sc9mcpp140z_cln28ht_base_ulvt_c30_ssg_cworstt_max_0p81v_125c    slow 
NAND2_X1P4B_A9PP140ZTUL_C30             221     139.230     122239.848    sc9mcpp140z_cln28ht_base_ulvt_c30_ssg_cworstt_max_0p81v_125c    slow 
NAND2_X1P4M_A9PP140ZTUL_C30              29      18.270      14718.556    sc9mcpp140z_cln28ht_base_ulvt_c30_ssg_cworstt_max_0p81v_125c    slow 
NAND2_X1P4TA_A9PP140ZTUL_C30            194     146.664     111951.347    sc9mcpp140z_cln28ht_hpk_ulvt_c30_ssg_cworstt_max_0p81v_125c     slow 
NAND2_X1TA_A9PP140ZTUL_C30               62      31.248      24454.450    sc9mcpp140z_cln28ht_hpk_ulvt_c30_ssg_cworstt_max_0p81v_125c     slow 
NAND2_X2A_A9PP140ZTUL_C30               304     191.520     190053.913    sc9mcpp140z_cln28ht_base_ulvt_c30_ssg_cworstt_max_0p81v_125c    slow 
NAND2_X2B_A9PP140ZTUL_C30               162     102.060      84104.056    sc9mcpp140z_cln28ht_base_ulvt_c30_ssg_cworstt_max_0p81v_125c    slow 
NAND2_X2M_A9PP140ZTUL_C30               923     581.490     528570.458    sc9mcpp140z_cln28ht_base_ulvt_c30_ssg_cworstt_max_0p81v_125c    slow 
NAND2_X2TA_A9PP140ZTUL_C30              306     269.892     224005.616    sc9mcpp140z_cln28ht_hpk_ulvt_c30_ssg_cworstt_max_0p81v_125c     slow 
NAND2_X3A_A9PP140ZTUL_C30                12      10.584      12377.665    sc9mcpp140z_cln28ht_base_ulvt_c30_ssg_cworstt_max_0p81v_125c    slow 
NAND2_X3B_A9PP140ZTUL_C30                 8       7.056       7297.771    sc9mcpp140z_cln28ht_base_ulvt_c30_ssg_cworstt_max_0p81v_125c    slow 
NAND2_X3M_A9PP140ZTUL_C30                33      29.106      26314.020    sc9mcpp140z_cln28ht_base_ulvt_c30_ssg_cworstt_max_0p81v_125c    slow 
NAND2_X3TA_A9PP140ZTUL_C30                4       5.040       4239.448    sc9mcpp140z_cln28ht_hpk_ulvt_c30_ssg_cworstt_max_0p81v_125c     slow 
NAND2_X4A_A9PP140ZTUL_C30                22      24.948      26656.328    sc9mcpp140z_cln28ht_base_ulvt_c30_ssg_cworstt_max_0p81v_125c    slow 
NAND2_X4B_A9PP140ZTUL_C30                 8       9.072       9610.664    sc9mcpp140z_cln28ht_base_ulvt_c30_ssg_cworstt_max_0p81v_125c    slow 
NAND2_X4M_A9PP140ZTUL_C30                57      64.638      59772.384    sc9mcpp140z_cln28ht_base_ulvt_c30_ssg_cworstt_max_0p81v_125c    slow 
NAND2_X4TA_A9PP140ZTUL_C30                2       3.276       2930.385    sc9mcpp140z_cln28ht_hpk_ulvt_c30_ssg_cworstt_max_0p81v_125c     slow 
NAND2_X6A_A9PP140ZTUL_C30                11      18.018      20114.460    sc9mcpp140z_cln28ht_base_ulvt_c30_ssg_cworstt_max_0p81v_125c    slow 
NAND2_X6B_A9PP140ZTUL_C30                 5       8.190      11014.604    sc9mcpp140z_cln28ht_base_ulvt_c30_ssg_cworstt_max_0p81v_125c    slow 
NAND2_X6M_A9PP140ZTUL_C30                31      50.778      56642.957    sc9mcpp140z_cln28ht_base_ulvt_c30_ssg_cworstt_max_0p81v_125c    slow 
NAND2_X6TA_A9PP140ZTUL_C30                1       2.394       2272.819    sc9mcpp140z_cln28ht_hpk_ulvt_c30_ssg_cworstt_max_0p81v_125c     slow 
NAND2_X8A_A9PP140ZTUL_C30                 5      10.710      14703.117    sc9mcpp140z_cln28ht_base_ulvt_c30_ssg_cworstt_max_0p81v_125c    slow 
NAND2_X8M_A9PP140ZTUL_C30                 2       4.284       4528.345    sc9mcpp140z_cln28ht_base_ulvt_c30_ssg_cworstt_max_0p81v_125c    slow 
NAND3BB_X0P7M_A9PP140ZTUL_C30             9       5.670       4899.201    sc9mcpp140z_cln28ht_base_ulvt_c30_ssg_cworstt_max_0p81v_125c    slow 
NAND3BB_X1M_A9PP140ZTUL_C30             446     280.980     315717.264    sc9mcpp140z_cln28ht_base_ulvt_c30_ssg_cworstt_max_0p81v_125c    slow 
NAND3BB_X1P4M_A9PP140ZTUL_C30             2       1.764       1880.185    sc9mcpp140z_cln28ht_base_ulvt_c30_ssg_cworstt_max_0p81v_125c    slow 
NAND3BB_X2M_A9PP140ZTUL_C30             247     217.854     282427.309    sc9mcpp140z_cln28ht_base_ulvt_c30_ssg_cworstt_max_0p81v_125c    slow 
NAND3BB_X3M_A9PP140ZTUL_C30              65      90.090     136101.223    sc9mcpp140z_cln28ht_base_ulvt_c30_ssg_cworstt_max_0p81v_125c    slow 
NAND3BB_X4M_A9PP140ZTUL_C30              59      96.642     146306.633    sc9mcpp140z_cln28ht_base_ulvt_c30_ssg_cworstt_max_0p81v_125c    slow 
NAND3BB_X6M_A9PP140ZTUL_C30              25      66.150     107350.224    sc9mcpp140z_cln28ht_base_ulvt_c30_ssg_cworstt_max_0p81v_125c    slow 
NAND3BB_X8M_A9PP140ZTUL_C30              14      47.628      75598.163    sc9mcpp140z_cln28ht_base_ulvt_c30_ssg_cworstt_max_0p81v_125c    slow 
NAND3B_X1M_A9PP140ZTUL_C30               38      23.940      16993.469    sc9mcpp140z_cln28ht_base_ulvt_c30_ssg_cworstt_max_0p81v_125c    slow 
NAND3XXB_X0P7M_A9PP140ZTUL_C30            1       0.630        371.631    sc9mcpp140z_cln28ht_base_ulvt_c30_ssg_cworstt_max_0p81v_125c    slow 
NAND3XXB_X1M_A9PP140ZTUL_C30            101      63.630      45710.384    sc9mcpp140z_cln28ht_base_ulvt_c30_ssg_cworstt_max_0p81v_125c    slow 
NAND3XXB_X1P4M_A9PP140ZTUL_C30            2       2.268       1304.429    sc9mcpp140z_cln28ht_base_ulvt_c30_ssg_cworstt_max_0p81v_125c    slow 
NAND3XXB_X2M_A9PP140ZTUL_C30             10      11.340       8672.820    sc9mcpp140z_cln28ht_base_ulvt_c30_ssg_cworstt_max_0p81v_125c    slow 
NAND3XXB_X3M_A9PP140ZTUL_C30              5       6.930       5989.818    sc9mcpp140z_cln28ht_base_ulvt_c30_ssg_cworstt_max_0p81v_125c    slow 
NAND3_X1A_A9PP140ZTUL_C30               103      51.912      35339.783    sc9mcpp140z_cln28ht_base_ulvt_c30_ssg_cworstt_max_0p81v_125c    slow 
NAND3_X1M_A9PP140ZTUL_C30                35      17.640       9288.184    sc9mcpp140z_cln28ht_base_ulvt_c30_ssg_cworstt_max_0p81v_125c    slow 
NAND3_X1P4A_A9PP140ZTUL_C30              12      10.584       6771.453    sc9mcpp140z_cln28ht_base_ulvt_c30_ssg_cworstt_max_0p81v_125c    slow 
NAND3_X1P4M_A9PP140ZTUL_C30               9       7.938       3859.796    sc9mcpp140z_cln28ht_base_ulvt_c30_ssg_cworstt_max_0p81v_125c    slow 
NAND3_X2A_A9PP140ZTUL_C30                15      13.230      12356.824    sc9mcpp140z_cln28ht_base_ulvt_c30_ssg_cworstt_max_0p81v_125c    slow 
NAND3_X2M_A9PP140ZTUL_C30                46      40.572      27775.659    sc9mcpp140z_cln28ht_base_ulvt_c30_ssg_cworstt_max_0p81v_125c    slow 
NAND3_X3M_A9PP140ZTUL_C30                 2       2.520       1925.797    sc9mcpp140z_cln28ht_base_ulvt_c30_ssg_cworstt_max_0p81v_125c    slow 
NAND3_X6M_A9PP140ZTUL_C30                 7      16.758      13538.553    sc9mcpp140z_cln28ht_base_ulvt_c30_ssg_cworstt_max_0p81v_125c    slow 
NAND3_X8A_A9PP140ZTUL_C30                 5      15.750      18412.306    sc9mcpp140z_cln28ht_hpk_ulvt_c30_ssg_cworstt_max_0p81v_125c     slow 
NAND3_X8M_A9PP140ZTUL_C30                 2       6.300       5257.879    sc9mcpp140z_cln28ht_hpk_ulvt_c30_ssg_cworstt_max_0p81v_125c     slow 
NAND4BB_X1M_A9PP140ZTUL_C30              77      58.212      48662.792    sc9mcpp140z_cln28ht_base_ulvt_c30_ssg_cworstt_max_0p81v_125c    slow 
NAND4BB_X1P4M_A9PP140ZTUL_C30             1       1.260       1009.629    sc9mcpp140z_cln28ht_base_ulvt_c30_ssg_cworstt_max_0p81v_125c    slow 
NAND4BB_X2M_A9PP140ZTUL_C30              33      41.580      38240.855    sc9mcpp140z_cln28ht_base_ulvt_c30_ssg_cworstt_max_0p81v_125c    slow 
NAND4BB_X3M_A9PP140ZTUL_C30               5       8.820      10877.384    sc9mcpp140z_cln28ht_base_ulvt_c30_ssg_cworstt_max_0p81v_125c    slow 
NAND4XXXB_X1M_A9PP140ZTUL_C30             8       6.048       2968.765    sc9mcpp140z_cln28ht_base_ulvt_c30_ssg_cworstt_max_0p81v_125c    slow 
NAND4XXXB_X2M_A9PP140ZTUL_C30             2       2.772       1600.067    sc9mcpp140z_cln28ht_base_ulvt_c30_ssg_cworstt_max_0p81v_125c    slow 
NAND4_X1A_A9PP140ZTUL_C30                 2       1.260        699.498    sc9mcpp140z_cln28ht_base_ulvt_c30_ssg_cworstt_max_0p81v_125c    slow 
NAND4_X1M_A9PP140ZTUL_C30                 2       1.260        535.574    sc9mcpp140z_cln28ht_base_ulvt_c30_ssg_cworstt_max_0p81v_125c    slow 
NAND4_X1P4M_A9PP140ZTUL_C30               3       3.402       1349.229    sc9mcpp140z_cln28ht_base_ulvt_c30_ssg_cworstt_max_0p81v_125c    slow 
NAND4_X2A_A9PP140ZTUL_C30                10      11.340       9069.057    sc9mcpp140z_cln28ht_base_ulvt_c30_ssg_cworstt_max_0p81v_125c    slow 
NAND4_X2M_A9PP140ZTUL_C30                12      13.608       7173.245    sc9mcpp140z_cln28ht_base_ulvt_c30_ssg_cworstt_max_0p81v_125c    slow 
NAND4_X3A_A9PP140ZTUL_C30                 1       1.638       1466.688    sc9mcpp140z_cln28ht_base_ulvt_c30_ssg_cworstt_max_0p81v_125c    slow 
NAND4_X3M_A9PP140ZTUL_C30                11      18.018      11333.086    sc9mcpp140z_cln28ht_base_ulvt_c30_ssg_cworstt_max_0p81v_125c    slow 
NAND4_X4M_A9PP140ZTUL_C30                 2       4.284       2848.133    sc9mcpp140z_cln28ht_base_ulvt_c30_ssg_cworstt_max_0p81v_125c    slow 
NOR2B_X0P7M_A9PP140ZTUL_C30               1       0.504        354.454    sc9mcpp140z_cln28ht_base_ulvt_c30_ssg_cworstt_max_0p81v_125c    slow 
NOR2B_X1M_A9PP140ZTUL_C30              2801    1411.704    1459339.152    sc9mcpp140z_cln28ht_base_ulvt_c30_ssg_cworstt_max_0p81v_125c    slow 
NOR2B_X1P4M_A9PP140ZTUL_C30               2       1.512       1743.850    sc9mcpp140z_cln28ht_base_ulvt_c30_ssg_cworstt_max_0p81v_125c    slow 
NOR2B_X2M_A9PP140ZTUL_C30                20      15.120      18489.397    sc9mcpp140z_cln28ht_base_ulvt_c30_ssg_cworstt_max_0p81v_125c    slow 
NOR2B_X4M_A9PP140ZTUL_C30                 1       1.260       2403.975    sc9mcpp140z_cln28ht_base_ulvt_c30_ssg_cworstt_max_0p81v_125c    slow 
NOR2B_X6M_A9PP140ZTUL_C30                 1       1.890       3772.534    sc9mcpp140z_cln28ht_base_ulvt_c30_ssg_cworstt_max_0p81v_125c    slow 
NOR2XB_X0P5M_A9PP140ZTUL_C30             47      23.688      16472.107    sc9mcpp140z_cln28ht_base_ulvt_c30_ssg_cworstt_max_0p81v_125c    slow 
NOR2XB_X0P7M_A9PP140ZTUL_C30              3       1.512       1420.980    sc9mcpp140z_cln28ht_base_ulvt_c30_ssg_cworstt_max_0p81v_125c    slow 
NOR2XB_X1M_A9PP140ZTUL_C30              310     156.240     153293.744    sc9mcpp140z_cln28ht_base_ulvt_c30_ssg_cworstt_max_0p81v_125c    slow 
NOR2XB_X1P4M_A9PP140ZTUL_C30              1       0.756        298.602    sc9mcpp140z_cln28ht_base_ulvt_c30_ssg_cworstt_max_0p81v_125c    slow 
NOR2XB_X2M_A9PP140ZTUL_C30               70      52.920      87794.586    sc9mcpp140z_cln28ht_base_ulvt_c30_ssg_cworstt_max_0p81v_125c    slow 
NOR2XB_X3M_A9PP140ZTUL_C30                1       1.008       1990.769    sc9mcpp140z_cln28ht_base_ulvt_c30_ssg_cworstt_max_0p81v_125c    slow 
NOR2_X0P5M_A9PP140ZTUL_C30                2       0.756         21.344    sc9mcpp140z_cln28ht_base_ulvt_c30_ssg_cworstt_max_0p81v_125c    slow 
NOR2_X0P7A_A9PP140ZTUL_C30                7       2.646       1476.409    sc9mcpp140z_cln28ht_base_ulvt_c30_ssg_cworstt_max_0p81v_125c    slow 
NOR2_X0P7B_A9PP140ZTUL_C30               58      21.924       8374.965    sc9mcpp140z_cln28ht_base_ulvt_c30_ssg_cworstt_max_0p81v_125c    slow 
NOR2_X0P7M_A9PP140ZTUL_C30                2       0.756        338.382    sc9mcpp140z_cln28ht_base_ulvt_c30_ssg_cworstt_max_0p81v_125c    slow 
NOR2_X11A_A9PP140ZTUL_C30                 6      17.388      42319.905    sc9mcpp140z_cln28ht_hpk_ulvt_c30_ssg_cworstt_max_0p81v_125c     slow 
NOR2_X11M_A9PP140ZTUL_C30                 1       2.898       5341.654    sc9mcpp140z_cln28ht_hpk_ulvt_c30_ssg_cworstt_max_0p81v_125c     slow 
NOR2_X1A_A9PP140ZTUL_C30               5064    1914.192    1480471.824    sc9mcpp140z_cln28ht_base_ulvt_c30_ssg_cworstt_max_0p81v_125c    slow 
NOR2_X1B_A9PP140ZTUL_C30               1297     490.266     252001.042    sc9mcpp140z_cln28ht_base_ulvt_c30_ssg_cworstt_max_0p81v_125c    slow 
NOR2_X1M_A9PP140ZTUL_C30               1298     490.644     262435.051    sc9mcpp140z_cln28ht_base_ulvt_c30_ssg_cworstt_max_0p81v_125c    slow 
NOR2_X1P4A_A9PP140ZTUL_C30              144      90.720      66020.933    sc9mcpp140z_cln28ht_base_ulvt_c30_ssg_cworstt_max_0p81v_125c    slow 
NOR2_X1P4B_A9PP140ZTUL_C30                6       3.780       1265.102    sc9mcpp140z_cln28ht_base_ulvt_c30_ssg_cworstt_max_0p81v_125c    slow 
NOR2_X1P4M_A9PP140ZTUL_C30               15       9.450       8776.100    sc9mcpp140z_cln28ht_base_ulvt_c30_ssg_cworstt_max_0p81v_125c    slow 
NOR2_X1P4TA_A9PP140ZTUL_C30              52      39.312      10630.176    sc9mcpp140z_cln28ht_hpk_ulvt_c30_ssg_cworstt_max_0p81v_125c     slow 
NOR2_X1TA_A9PP140ZTUL_C30               571     287.784     313416.762    sc9mcpp140z_cln28ht_hpk_ulvt_c30_ssg_cworstt_max_0p81v_125c     slow 
NOR2_X2A_A9PP140ZTUL_C30               2170    1367.100    1139856.936    sc9mcpp140z_cln28ht_base_ulvt_c30_ssg_cworstt_max_0p81v_125c    slow 
NOR2_X2B_A9PP140ZTUL_C30                 34      21.420       8912.772    sc9mcpp140z_cln28ht_base_ulvt_c30_ssg_cworstt_max_0p81v_125c    slow 
NOR2_X2M_A9PP140ZTUL_C30                171     107.730      80550.866    sc9mcpp140z_cln28ht_base_ulvt_c30_ssg_cworstt_max_0p81v_125c    slow 
NOR2_X2TA_A9PP140ZTUL_C30               307     270.774     271585.039    sc9mcpp140z_cln28ht_hpk_ulvt_c30_ssg_cworstt_max_0p81v_125c     slow 
NOR2_X3A_A9PP140ZTUL_C30                144     127.008     167610.980    sc9mcpp140z_cln28ht_base_ulvt_c30_ssg_cworstt_max_0p81v_125c    slow 
NOR2_X3B_A9PP140ZTUL_C30                 10       8.820       8312.959    sc9mcpp140z_cln28ht_base_ulvt_c30_ssg_cworstt_max_0p81v_125c    slow 
NOR2_X3M_A9PP140ZTUL_C30                 23      20.286      26827.693    sc9mcpp140z_cln28ht_base_ulvt_c30_ssg_cworstt_max_0p81v_125c    slow 
NOR2_X3TA_A9PP140ZTUL_C30                63      79.380     143413.409    sc9mcpp140z_cln28ht_hpk_ulvt_c30_ssg_cworstt_max_0p81v_125c     slow 
NOR2_X4A_A9PP140ZTUL_C30                157     178.038     412203.715    sc9mcpp140z_cln28ht_base_ulvt_c30_ssg_cworstt_max_0p81v_125c    slow 
NOR2_X4B_A9PP140ZTUL_C30                  1       1.134        290.412    sc9mcpp140z_cln28ht_base_ulvt_c30_ssg_cworstt_max_0p81v_125c    slow 
NOR2_X4M_A9PP140ZTUL_C30                  9      10.206      18032.706    sc9mcpp140z_cln28ht_base_ulvt_c30_ssg_cworstt_max_0p81v_125c    slow 
NOR2_X4TA_A9PP140ZTUL_C30                11      18.018      36810.235    sc9mcpp140z_cln28ht_hpk_ulvt_c30_ssg_cworstt_max_0p81v_125c     slow 
NOR2_X6A_A9PP140ZTUL_C30                 15      24.570      63822.496    sc9mcpp140z_cln28ht_base_ulvt_c30_ssg_cworstt_max_0p81v_125c    slow 
NOR2_X6M_A9PP140ZTUL_C30                  2       3.276       6619.275    sc9mcpp140z_cln28ht_base_ulvt_c30_ssg_cworstt_max_0p81v_125c    slow 
NOR2_X6TA_A9PP140ZTUL_C30                 1       2.394       4601.789    sc9mcpp140z_cln28ht_hpk_ulvt_c30_ssg_cworstt_max_0p81v_125c     slow 
NOR3BB_X0P7M_A9PP140ZTUL_C30            123      77.490      53946.955    sc9mcpp140z_cln28ht_base_ulvt_c30_ssg_cworstt_max_0p81v_125c    slow 
NOR3BB_X1M_A9PP140ZTUL_C30               39      24.570      15503.099    sc9mcpp140z_cln28ht_base_ulvt_c30_ssg_cworstt_max_0p81v_125c    slow 
NOR3BB_X1P4M_A9PP140ZTUL_C30            103      90.846     103153.290    sc9mcpp140z_cln28ht_base_ulvt_c30_ssg_cworstt_max_0p81v_125c    slow 
NOR3BB_X2M_A9PP140ZTUL_C30               17      14.994      16461.367    sc9mcpp140z_cln28ht_base_ulvt_c30_ssg_cworstt_max_0p81v_125c    slow 
NOR3BB_X3M_A9PP140ZTUL_C30                5       6.930       8348.134    sc9mcpp140z_cln28ht_base_ulvt_c30_ssg_cworstt_max_0p81v_125c    slow 
NOR3BB_X4M_A9PP140ZTUL_C30               12      19.656      27839.978    sc9mcpp140z_cln28ht_base_ulvt_c30_ssg_cworstt_max_0p81v_125c    slow 
NOR3BB_X6M_A9PP140ZTUL_C30                1       2.142       3390.485    sc9mcpp140z_cln28ht_base_ulvt_c30_ssg_cworstt_max_0p81v_125c    slow 
NOR3_X1A_A9PP140ZTUL_C30                398     200.592     181817.805    sc9mcpp140z_cln28ht_base_ulvt_c30_ssg_cworstt_max_0p81v_125c    slow 
NOR3_X1M_A9PP140ZTUL_C30                 68      34.272      24422.313    sc9mcpp140z_cln28ht_base_ulvt_c30_ssg_cworstt_max_0p81v_125c    slow 
NOR3_X1P4A_A9PP140ZTUL_C30                2       1.764       2469.562    sc9mcpp140z_cln28ht_base_ulvt_c30_ssg_cworstt_max_0p81v_125c    slow 
NOR3_X2A_A9PP140ZTUL_C30                 86      75.852     137639.969    sc9mcpp140z_cln28ht_base_ulvt_c30_ssg_cworstt_max_0p81v_125c    slow 
NOR3_X2M_A9PP140ZTUL_C30                 18      15.876      14719.243    sc9mcpp140z_cln28ht_base_ulvt_c30_ssg_cworstt_max_0p81v_125c    slow 
NOR3_X3A_A9PP140ZTUL_C30                 11      13.860      27903.684    sc9mcpp140z_cln28ht_base_ulvt_c30_ssg_cworstt_max_0p81v_125c    slow 
NOR3_X3M_A9PP140ZTUL_C30                  1       1.260       2120.836    sc9mcpp140z_cln28ht_base_ulvt_c30_ssg_cworstt_max_0p81v_125c    slow 
NOR3_X4A_A9PP140ZTUL_C30                 15      24.570      55106.489    sc9mcpp140z_cln28ht_base_ulvt_c30_ssg_cworstt_max_0p81v_125c    slow 
NOR3_X4M_A9PP140ZTUL_C30                  3       4.914       8408.346    sc9mcpp140z_cln28ht_base_ulvt_c30_ssg_cworstt_max_0p81v_125c    slow 
NOR3_X6A_A9PP140ZTUL_C30                  7      16.758      39407.667    sc9mcpp140z_cln28ht_hpk_ulvt_c30_ssg_cworstt_max_0p81v_125c     slow 
NOR3_X6M_A9PP140ZTUL_C30                  4       9.576      16658.667    sc9mcpp140z_cln28ht_hpk_ulvt_c30_ssg_cworstt_max_0p81v_125c     slow 
NOR4BB_X1M_A9PP140ZTUL_C30               24      18.144      11853.986    sc9mcpp140z_cln28ht_base_ulvt_c30_ssg_cworstt_max_0p81v_125c    slow 
NOR4BB_X2M_A9PP140ZTUL_C30               10      12.600       8612.058    sc9mcpp140z_cln28ht_base_ulvt_c30_ssg_cworstt_max_0p81v_125c    slow 
NOR4BB_X4M_A9PP140ZTUL_C30                1       2.268       3011.237    sc9mcpp140z_cln28ht_base_ulvt_c30_ssg_cworstt_max_0p81v_125c    slow 
OA1B2_X1M_A9PP140ZTUL_C30               132      83.160      98866.346    sc9mcpp140z_cln28ht_base_ulvt_c30_ssg_cworstt_max_0p81v_125c    slow 
OA1B2_X1P4M_A9PP140ZTUL_C30              11       9.702      12237.138    sc9mcpp140z_cln28ht_base_ulvt_c30_ssg_cworstt_max_0p81v_125c    slow 
OA1B2_X2M_A9PP140ZTUL_C30                 4       4.536       6191.615    sc9mcpp140z_cln28ht_base_ulvt_c30_ssg_cworstt_max_0p81v_125c    slow 
OA1B2_X3M_A9PP140ZTUL_C30                 2       2.772       3546.938    sc9mcpp140z_cln28ht_base_ulvt_c30_ssg_cworstt_max_0p81v_125c    slow 
OA211_X0P7M_A9PP140ZTUL_C30               4       3.528       2222.686    sc9mcpp140z_cln28ht_base_ulvt_c30_ssg_cworstt_max_0p81v_125c    slow 
OA211_X1M_A9PP140ZTUL_C30                 2       1.764       1184.825    sc9mcpp140z_cln28ht_base_ulvt_c30_ssg_cworstt_max_0p81v_125c    slow 
OA211_X1P4M_A9PP140ZTUL_C30               2       2.016       1643.675    sc9mcpp140z_cln28ht_base_ulvt_c30_ssg_cworstt_max_0p81v_125c    slow 
OA21A1OI2_X0P7M_A9PP140ZTUL_C30          30      18.900       6014.212    sc9mcpp140z_cln28ht_base_ulvt_c30_ssg_cworstt_max_0p81v_125c    slow 
OA21A1OI2_X1M_A9PP140ZTUL_C30           286     180.180      97823.624    sc9mcpp140z_cln28ht_base_ulvt_c30_ssg_cworstt_max_0p81v_125c    slow 
OA21B_X1M_A9PP140ZTUL_C30               151      95.130     116522.409    sc9mcpp140z_cln28ht_base_ulvt_c30_ssg_cworstt_max_0p81v_125c    slow 
OA21B_X1P4M_A9PP140ZTUL_C30              18      15.876      22877.645    sc9mcpp140z_cln28ht_base_ulvt_c30_ssg_cworstt_max_0p81v_125c    slow 
OA21B_X2M_A9PP140ZTUL_C30                 8       9.072      12606.596    sc9mcpp140z_cln28ht_base_ulvt_c30_ssg_cworstt_max_0p81v_125c    slow 
OA21B_X3M_A9PP140ZTUL_C30                 2       2.772       4068.580    sc9mcpp140z_cln28ht_base_ulvt_c30_ssg_cworstt_max_0p81v_125c    slow 
OA21_X0P5M_A9PP140ZTUL_C30                2       1.512        879.693    sc9mcpp140z_cln28ht_base_ulvt_c30_ssg_cworstt_max_0p81v_125c    slow 
OA21_X0P7M_A9PP140ZTUL_C30               16      12.096       8485.248    sc9mcpp140z_cln28ht_base_ulvt_c30_ssg_cworstt_max_0p81v_125c    slow 
OA21_X1M_A9PP140ZTUL_C30                177     133.812     100584.019    sc9mcpp140z_cln28ht_base_ulvt_c30_ssg_cworstt_max_0p81v_125c    slow 
OAI211_X1M_A9PP140ZTUL_C30              109      68.670      35317.878    sc9mcpp140z_cln28ht_base_ulvt_c30_ssg_cworstt_max_0p81v_125c    slow 
OAI211_X2M_A9PP140ZTUL_C30                8       9.072       5717.314    sc9mcpp140z_cln28ht_base_ulvt_c30_ssg_cworstt_max_0p81v_125c    slow 
OAI211_X3M_A9PP140ZTUL_C30                2       3.276       2108.357    sc9mcpp140z_cln28ht_base_ulvt_c30_ssg_cworstt_max_0p81v_125c    slow 
OAI21B_X1M_A9PP140ZTUL_C30                9       6.804       4546.163    sc9mcpp140z_cln28ht_base_ulvt_c30_ssg_cworstt_max_0p81v_125c    slow 
OAI21B_X2M_A9PP140ZTUL_C30               32      36.288      24948.631    sc9mcpp140z_cln28ht_base_ulvt_c30_ssg_cworstt_max_0p81v_125c    slow 
OAI21B_X3M_A9PP140ZTUL_C30                1       1.512        872.089    sc9mcpp140z_cln28ht_base_ulvt_c30_ssg_cworstt_max_0p81v_125c    slow 
OAI21_X0P5M_A9PP140ZTUL_C30              16       8.064       2900.171    sc9mcpp140z_cln28ht_base_ulvt_c30_ssg_cworstt_max_0p81v_125c    slow 
OAI21_X1A_A9PP140ZTUL_C30               809     407.736     296842.201    sc9mcpp140z_cln28ht_hpk_ulvt_c30_ssg_cworstt_max_0p81v_125c     slow 
OAI21_X1M_A9PP140ZTUL_C30              1797     905.688     605552.598    sc9mcpp140z_cln28ht_base_ulvt_c30_ssg_cworstt_max_0p81v_125c    slow 
OAI21_X1P4A_A9PP140ZTUL_C30              10       8.820       6143.412    sc9mcpp140z_cln28ht_hpk_ulvt_c30_ssg_cworstt_max_0p81v_125c     slow 
OAI21_X1P4M_A9PP140ZTUL_C30               5       4.410       1690.722    sc9mcpp140z_cln28ht_base_ulvt_c30_ssg_cworstt_max_0p81v_125c    slow 
OAI21_X2A_A9PP140ZTUL_C30               449     396.018     364504.386    sc9mcpp140z_cln28ht_hpk_ulvt_c30_ssg_cworstt_max_0p81v_125c     slow 
OAI21_X2M_A9PP140ZTUL_C30               425     374.850     325178.124    sc9mcpp140z_cln28ht_base_ulvt_c30_ssg_cworstt_max_0p81v_125c    slow 
OAI21_X3A_A9PP140ZTUL_C30                10      12.600      12836.957    sc9mcpp140z_cln28ht_hpk_ulvt_c30_ssg_cworstt_max_0p81v_125c     slow 
OAI21_X3M_A9PP140ZTUL_C30                16      20.160      18769.415    sc9mcpp140z_cln28ht_base_ulvt_c30_ssg_cworstt_max_0p81v_125c    slow 
OAI21_X4A_A9PP140ZTUL_C30                 2       3.276       3448.024    sc9mcpp140z_cln28ht_hpk_ulvt_c30_ssg_cworstt_max_0p81v_125c     slow 
OAI21_X4M_A9PP140ZTUL_C30                 2       3.276       3317.648    sc9mcpp140z_cln28ht_base_ulvt_c30_ssg_cworstt_max_0p81v_125c    slow 
OAI22BB_X0P5M_A9PP140ZTUL_C30            48      42.336      17332.445    sc9mcpp140z_cln28ht_base_ulvt_c30_ssg_cworstt_max_0p81v_125c    slow 
OAI22BB_X0P7M_A9PP140ZTUL_C30             1       0.882        451.108    sc9mcpp140z_cln28ht_base_ulvt_c30_ssg_cworstt_max_0p81v_125c    slow 
OAI22BB_X1M_A9PP140ZTUL_C30            2251    1985.382    1006170.003    sc9mcpp140z_cln28ht_base_ulvt_c30_ssg_cworstt_max_0p81v_125c    slow 
OAI22BB_X1P4M_A9PP140ZTUL_C30            90     113.400      65771.110    sc9mcpp140z_cln28ht_base_ulvt_c30_ssg_cworstt_max_0p81v_125c    slow 
OAI22BB_X2M_A9PP140ZTUL_C30             518     652.680     465634.412    sc9mcpp140z_cln28ht_base_ulvt_c30_ssg_cworstt_max_0p81v_125c    slow 
OAI22_X0P5M_A9PP140ZTUL_C30               4       2.520       1223.296    sc9mcpp140z_cln28ht_base_ulvt_c30_ssg_cworstt_max_0p81v_125c    slow 
OAI22_X0P7A_A9PP140ZTUL_C30             524     330.120     171442.088    sc9mcpp140z_cln28ht_hpk_ulvt_c30_ssg_cworstt_max_0p81v_125c     slow 
OAI22_X1A_A9PP140ZTUL_C30                30      18.900      12786.211    sc9mcpp140z_cln28ht_hpk_ulvt_c30_ssg_cworstt_max_0p81v_125c     slow 
OAI22_X1M_A9PP140ZTUL_C30                67      42.210      29637.878    sc9mcpp140z_cln28ht_base_ulvt_c30_ssg_cworstt_max_0p81v_125c    slow 
OAI22_X1P4A_A9PP140ZTUL_C30              16      18.144      14086.140    sc9mcpp140z_cln28ht_hpk_ulvt_c30_ssg_cworstt_max_0p81v_125c     slow 
OAI22_X1P4M_A9PP140ZTUL_C30               4       4.536       3555.925    sc9mcpp140z_cln28ht_base_ulvt_c30_ssg_cworstt_max_0p81v_125c    slow 
OAI22_X2A_A9PP140ZTUL_C30                 4       4.536       3557.031    sc9mcpp140z_cln28ht_hpk_ulvt_c30_ssg_cworstt_max_0p81v_125c     slow 
OAI2XB1_X0P5M_A9PP140ZTUL_C30             2       1.512        654.477    sc9mcpp140z_cln28ht_base_ulvt_c30_ssg_cworstt_max_0p81v_125c    slow 
OAI2XB1_X1M_A9PP140ZTUL_C30             424     320.544     175971.332    sc9mcpp140z_cln28ht_base_ulvt_c30_ssg_cworstt_max_0p81v_125c    slow 
OAI2XB1_X1P4M_A9PP140ZTUL_C30            67      75.978      48478.308    sc9mcpp140z_cln28ht_base_ulvt_c30_ssg_cworstt_max_0p81v_125c    slow 
OAI2XB1_X2M_A9PP140ZTUL_C30              78      88.452      74710.891    sc9mcpp140z_cln28ht_base_ulvt_c30_ssg_cworstt_max_0p81v_125c    slow 
OAI31_X0P5M_A9PP140ZTUL_C30               1       0.630        146.565    sc9mcpp140z_cln28ht_base_ulvt_c30_ssg_cworstt_max_0p81v_125c    slow 
OAI31_X1M_A9PP140ZTUL_C30               177     111.510      64741.961    sc9mcpp140z_cln28ht_base_ulvt_c30_ssg_cworstt_max_0p81v_125c    slow 
OR2_X0P5B_A9PP140ZTUL_C30                13       6.552       5411.431    sc9mcpp140z_cln28ht_base_ulvt_c30_ssg_cworstt_max_0p81v_125c    slow 
OR2_X0P5M_A9PP140ZTUL_C30                 1       0.504        577.075    sc9mcpp140z_cln28ht_base_ulvt_c30_ssg_cworstt_max_0p81v_125c    slow 
OR2_X0P7B_A9PP140ZTUL_C30                 4       2.016       1874.282    sc9mcpp140z_cln28ht_base_ulvt_c30_ssg_cworstt_max_0p81v_125c    slow 
OR2_X11M_A9PP140ZTUL_C30                  7      23.814      45748.284    sc9mcpp140z_cln28ht_base_ulvt_c30_ssg_cworstt_max_0p81v_125c    slow 
OR2_X11TM_A9PP140ZTUL_C30                 6      25.704      41385.070    sc9mcpp140z_cln28ht_hpk_ulvt_c30_ssg_cworstt_max_0p81v_125c     slow 
OR2_X1B_A9PP140ZTUL_C30                 375     189.000     213157.591    sc9mcpp140z_cln28ht_base_ulvt_c30_ssg_cworstt_max_0p81v_125c    slow 
OR2_X1M_A9PP140ZTUL_C30                1341     675.864     729824.079    sc9mcpp140z_cln28ht_base_ulvt_c30_ssg_cworstt_max_0p81v_125c    slow 
OR2_X1P4M_A9PP140ZTUL_C30                31      19.530      29394.326    sc9mcpp140z_cln28ht_base_ulvt_c30_ssg_cworstt_max_0p81v_125c    slow 
OR2_X1P4TM_A9PP140ZTUL_C30                3       2.646       2710.156    sc9mcpp140z_cln28ht_hpk_ulvt_c30_ssg_cworstt_max_0p81v_125c     slow 
OR2_X1TM_A9PP140ZTUL_C30                 13       9.828       7295.392    sc9mcpp140z_cln28ht_hpk_ulvt_c30_ssg_cworstt_max_0p81v_125c     slow 
OR2_X2M_A9PP140ZTUL_C30                  55      34.650      55877.956    sc9mcpp140z_cln28ht_base_ulvt_c30_ssg_cworstt_max_0p81v_125c    slow 
OR2_X2TM_A9PP140ZTUL_C30                  2       1.764       2020.232    sc9mcpp140z_cln28ht_hpk_ulvt_c30_ssg_cworstt_max_0p81v_125c     slow 
OR2_X3M_A9PP140ZTUL_C30                 155     156.240     306586.560    sc9mcpp140z_cln28ht_base_ulvt_c30_ssg_cworstt_max_0p81v_125c    slow 
OR2_X4M_A9PP140ZTUL_C30                  45      51.030      91274.514    sc9mcpp140z_cln28ht_base_ulvt_c30_ssg_cworstt_max_0p81v_125c    slow 
OR2_X4TM_A9PP140ZTUL_C30                  3       4.536       5897.145    sc9mcpp140z_cln28ht_hpk_ulvt_c30_ssg_cworstt_max_0p81v_125c     slow 
OR2_X6B_A9PP140ZTUL_C30                   1       1.890       2525.350    sc9mcpp140z_cln28ht_base_ulvt_c30_ssg_cworstt_max_0p81v_125c    slow 
OR2_X6M_A9PP140ZTUL_C30                 141     266.490     424608.709    sc9mcpp140z_cln28ht_base_ulvt_c30_ssg_cworstt_max_0p81v_125c    slow 
OR2_X6TM_A9PP140ZTUL_C30                  3       7.560       9358.093    sc9mcpp140z_cln28ht_hpk_ulvt_c30_ssg_cworstt_max_0p81v_125c     slow 
OR2_X8M_A9PP140ZTUL_C30                  48     114.912     198131.088    sc9mcpp140z_cln28ht_base_ulvt_c30_ssg_cworstt_max_0p81v_125c    slow 
OR2_X8TM_A9PP140ZTUL_C30                  3       9.450      12520.654    sc9mcpp140z_cln28ht_hpk_ulvt_c30_ssg_cworstt_max_0p81v_125c     slow 
OR3_X0P7M_A9PP140ZTUL_C30                 2       1.260       1276.459    sc9mcpp140z_cln28ht_base_ulvt_c30_ssg_cworstt_max_0p81v_125c    slow 
OR3_X1M_A9PP140ZTUL_C30                   5       3.150       2884.075    sc9mcpp140z_cln28ht_base_ulvt_c30_ssg_cworstt_max_0p81v_125c    slow 
OR3_X8M_A9PP140ZTUL_C30                   7      21.168      32983.311    sc9mcpp140z_cln28ht_base_ulvt_c30_ssg_cworstt_max_0p81v_125c    slow 
OR4_X3M_A9PP140ZTUL_C30                   5      10.080      17108.981    sc9mcpp140z_cln28ht_base_ulvt_c30_ssg_cworstt_max_0p81v_125c    slow 
OR4_X4M_A9PP140ZTUL_C30                  12      27.216      46160.074    sc9mcpp140z_cln28ht_base_ulvt_c30_ssg_cworstt_max_0p81v_125c    slow 
OR4_X6M_A9PP140ZTUL_C30                   1       3.780       6116.607    sc9mcpp140z_cln28ht_base_ulvt_c30_ssg_cworstt_max_0p81v_125c    slow 
OR4_X8M_A9PP140ZTUL_C30                   1       4.788       7962.065    sc9mcpp140z_cln28ht_base_ulvt_c30_ssg_cworstt_max_0p81v_125c    slow 
XNOR2_X0P5M_A9PP140ZTUL_C30             195     147.420      80025.540    sc9mcpp140z_cln28ht_base_ulvt_c30_ssg_cworstt_max_0p81v_125c    slow 
XNOR2_X0P7M_A9PP140ZTUL_C30            6476    4895.856    3253173.221    sc9mcpp140z_cln28ht_base_ulvt_c30_ssg_cworstt_max_0p81v_125c    slow 
XNOR2_X1P4M_A9PP140ZTUL_C30              40      45.360      52932.478    sc9mcpp140z_cln28ht_base_ulvt_c30_ssg_cworstt_max_0p81v_125c    slow 
XNOR3_X0P5M_A9PP140ZTUL_C30               9      13.608       8488.835    sc9mcpp140z_cln28ht_base_ulvt_c30_ssg_cworstt_max_0p81v_125c    slow 
XNOR3_X0P7M_A9PP140ZTUL_C30              25      37.800      27416.677    sc9mcpp140z_cln28ht_base_ulvt_c30_ssg_cworstt_max_0p81v_125c    slow 
XOR2_X0P5M_A9PP140ZTUL_C30               74      55.944      37552.656    sc9mcpp140z_cln28ht_base_ulvt_c30_ssg_cworstt_max_0p81v_125c    slow 
XOR2_X0P7M_A9PP140ZTUL_C30              335     253.260     190301.682    sc9mcpp140z_cln28ht_base_ulvt_c30_ssg_cworstt_max_0p81v_125c    slow 
XOR2_X2M_A9PP140ZTUL_C30                  1       1.512       2438.384    sc9mcpp140z_cln28ht_base_ulvt_c30_ssg_cworstt_max_0p81v_125c    slow 
XOR3_X0P5M_A9PP140ZTUL_C30               11      16.632      11162.535    sc9mcpp140z_cln28ht_base_ulvt_c30_ssg_cworstt_max_0p81v_125c    slow 
XOR3_X0P7M_A9PP140ZTUL_C30               48      72.576      55981.889    sc9mcpp140z_cln28ht_base_ulvt_c30_ssg_cworstt_max_0p81v_125c    slow 
XOR3_X2M_A9PP140ZTUL_C30                  4       9.072      14061.115    sc9mcpp140z_cln28ht_base_ulvt_c30_ssg_cworstt_max_0p81v_125c    slow 
-----------------------------------------------------------------------------------------------------------------------------------------------
total                                133253  142954.686  125205557.303                                                                 


                                                                                                 Leakage    Leakage 
                           Library                           Instances Instances %    Area      Power (nW)  Power % 
--------------------------------------------------------------------------------------------------------------------
sc9mcpp140z_cln28ht_base_ulvt_c30_ssg_cworstt_max_0p81v_125c    128234        96.2 139632.192 122192347.082    97.6 
sc9mcpp140z_cln28ht_hpk_ulvt_c30_ssg_cworstt_max_0p81v_125c       5019         3.8   3322.494   3013210.221     2.4 

                                              Leakage    Leakage 
     Type      Instances    Area    Area %   Power (nW)  Power % 
-----------------------------------------------------------------
sequential         20317  44223.228   30.1  43137522.527    34.5 
inverter           13908   4511.178    3.1   5671630.595     4.5 
buffer              2110   1460.466    1.0   2801224.267     2.2 
logic              96918  92759.814   63.2  73595179.913    58.8 
physical_cells      6637   3729.222    2.5         0.000     0.0 
-----------------------------------------------------------------
total             139890 146683.908  100.0 125205557.303   100.0 

