============================================================
  Generated by:           Genus(TM) Synthesis Solution 23.14-s090_1
  Generated on:           Jan 26 2026  12:13:25 pm
  Module:                 scpa_dig_ana_ppfir
  Library domain:         fast
    Domain index:         0
    Technology libraries: sc9mcpp140z_cln28ht_base_lvt_c30_ffg_cbestt_min_0p99v_m40c 1.0
                          sc9mcpp140z_cln28ht_hpk_lvt_c30_ffg_cbestt_min_0p99v_m40c 1.0
                          sc9mcpp140z_cln28ht_base_svt_c30_ffg_cbestt_min_0p99v_m40c 1.0
                          sc9mcpp140z_cln28ht_hpk_svt_c30_ffg_cbestt_min_0p99v_m40c 1.0
                          sc9mcpp140z_cln28ht_base_ulvt_c30_ffg_cbestt_min_0p99v_m40c 1.0
                          sc9mcpp140z_cln28ht_hpk_ulvt_c30_ffg_cbestt_min_0p99v_m40c 1.0
  Library domain:         nom
    Domain index:         1
    Technology libraries: sc9mcpp140z_cln28ht_base_lvt_c30_tt_ctypical_max_0p90v_25c 1.0
                          sc9mcpp140z_cln28ht_hpk_lvt_c30_tt_ctypical_max_0p90v_25c 1.0
                          sc9mcpp140z_cln28ht_base_svt_c30_tt_ctypical_max_0p90v_25c 1.0
                          sc9mcpp140z_cln28ht_hpk_svt_c30_tt_ctypical_max_0p90v_25c 1.0
                          sc9mcpp140z_cln28ht_base_ulvt_c30_tt_ctypical_max_0p90v_25c 1.0
                          sc9mcpp140z_cln28ht_hpk_ulvt_c30_tt_ctypical_max_0p90v_25c 1.0
  Operating conditions:   ffg_cbestt_min_0p99v_m40c 
  Operating conditions:   tt_ctypical_max_0p90v_25c 
  Interconnect mode:      spatial
  Area mode:              physical library
============================================================

Timing
--------

 Analysis view  Clock Period 
-----------------------------
slow-slow-maxrc clk    278.0 
                clk_2  556.0 
                clk_8 2224.0 
fast-fast-minrc clk    278.0 
                clk_2  556.0 
                clk_8 2224.0 
func-typ-typ    clk    278.0 
                clk_2  556.0 
                clk_8 2224.0 


    Analysis      Cost   Critical             Violating 
      View       Group  Path Slack    TNS       Paths   
--------------------------------------------------------
slow-slow-maxrc     clk      -74.9 -116856.4       1995 
                  clk_2        0.0       0.0          0 
                  clk_8     1261.1       0.0          0 
                default   No paths       0.0          0 
--------------------------------------------------------
Total                              -116856.4       1995 
                                                        
fast-fast-minrc     clk       39.5       0.0          0 
                  clk_2      229.5       0.0          0 
                  clk_8     1676.1       0.0          0 
                default   No paths       0.0          0 
--------------------------------------------------------
Total                                   -0.0          0 
                                                        
func-typ-typ        clk       -8.8   -6859.8       1252 
                  clk_2      130.3       0.0          0 
                  clk_8     1506.5       0.0          0 
                default   No paths       0.0          0 
--------------------------------------------------------
Total                                -6859.8       1252 
                                                        

Instance Count
--------------
Leaf Instance Count             133253 
Physical Instance count           6637 
Sequential Instance Count        20317 
Combinational Instance Count    112936 
Hierarchical Instance Count          5 

Area
----
Cell Area                          142954.686
Physical Cell Area                 3729.222
Total Cell Area (Cell+Physical)    146683.908
Net Area                           35177.306
Total Area (Cell+Physical+Net)     181861.214

Floorplan Utilization              59.20%
Runtime                            945.2603789999998 seconds
Elapsed Runtime                    2545 seconds
Genus peak memory usage            5825.27 
Innovus peak memory usage          no_value 
Hostname                           lnx-prd-05.ece.vt.edu
