============================================================
  Generated by:           Genus(TM) Synthesis Solution 23.14-s090_1
  Generated on:           Jan 26 2026  12:36:11 pm
  Module:                 scpa_dig_ana_ppfir
  Library domain:         slow
    Domain index:         0
    Technology libraries: sc9mcpp140z_cln28ht_base_lvt_c30_ssg_cworstt_max_0p81v_125c 1.0
                          sc9mcpp140z_cln28ht_hpk_lvt_c30_ssg_cworstt_max_0p81v_125c 1.0
                          sc9mcpp140z_cln28ht_base_svt_c30_ssg_cworstt_max_0p81v_125c 1.0
                          sc9mcpp140z_cln28ht_hpk_svt_c30_ssg_cworstt_max_0p81v_125c 1.0
                          sc9mcpp140z_cln28ht_base_ulvt_c30_ssg_cworstt_max_0p81v_125c 1.0
                          sc9mcpp140z_cln28ht_hpk_ulvt_c30_ssg_cworstt_max_0p81v_125c 1.0
  Library domain:         fast
    Domain index:         1
    Technology libraries: sc9mcpp140z_cln28ht_base_lvt_c30_ffg_cbestt_min_0p99v_m40c 1.0
                          sc9mcpp140z_cln28ht_hpk_lvt_c30_ffg_cbestt_min_0p99v_m40c 1.0
                          sc9mcpp140z_cln28ht_base_svt_c30_ffg_cbestt_min_0p99v_m40c 1.0
                          sc9mcpp140z_cln28ht_hpk_svt_c30_ffg_cbestt_min_0p99v_m40c 1.0
                          sc9mcpp140z_cln28ht_base_ulvt_c30_ffg_cbestt_min_0p99v_m40c 1.0
                          sc9mcpp140z_cln28ht_hpk_ulvt_c30_ffg_cbestt_min_0p99v_m40c 1.0
  Library domain:         nom
    Domain index:         2
    Technology libraries: sc9mcpp140z_cln28ht_base_lvt_c30_tt_ctypical_max_0p90v_25c 1.0
                          sc9mcpp140z_cln28ht_hpk_lvt_c30_tt_ctypical_max_0p90v_25c 1.0
                          sc9mcpp140z_cln28ht_base_svt_c30_tt_ctypical_max_0p90v_25c 1.0
                          sc9mcpp140z_cln28ht_hpk_svt_c30_tt_ctypical_max_0p90v_25c 1.0
                          sc9mcpp140z_cln28ht_base_ulvt_c30_tt_ctypical_max_0p90v_25c 1.0
                          sc9mcpp140z_cln28ht_hpk_ulvt_c30_tt_ctypical_max_0p90v_25c 1.0
  Operating conditions:   ssg_cworstt_max_0p81v_125c 
  Operating conditions:   ffg_cbestt_min_0p99v_m40c 
  Operating conditions:   tt_ctypical_max_0p90v_25c 
  Interconnect mode:      placement
  Area mode:              physical library
============================================================

                                                                                                                        Library 
              Gate                Instances     Area                                Library                              Domain 
--------------------------------------------------------------------------------------------------------------------------------
ADDF_X1M_A9PP140ZTUL_C30              20794   41920.704    sc9mcpp140z_cln28ht_base_ulvt_c30_ssg_cworstt_max_0p81v_125c    slow 
ADDF_X1P4M_A9PP140ZTUL_C30                8      18.144    sc9mcpp140z_cln28ht_base_ulvt_c30_ssg_cworstt_max_0p81v_125c    slow 
ADDF_X2M_A9PP140ZTUL_C30                 85     192.780    sc9mcpp140z_cln28ht_base_ulvt_c30_ssg_cworstt_max_0p81v_125c    slow 
ADDH_X1M_A9PP140ZTUL_C30                405     510.300    sc9mcpp140z_cln28ht_base_ulvt_c30_ssg_cworstt_max_0p81v_125c    slow 
AND2_X0P5B_A9PP140ZTUL_C30               24      12.096    sc9mcpp140z_cln28ht_base_ulvt_c30_ssg_cworstt_max_0p81v_125c    slow 
AND2_X0P7M_A9PP140ZTUL_C30                2       1.008    sc9mcpp140z_cln28ht_base_ulvt_c30_ssg_cworstt_max_0p81v_125c    slow 
AND2_X11B_A9PP140ZTUL_C30                 1       2.520    sc9mcpp140z_cln28ht_base_ulvt_c30_ssg_cworstt_max_0p81v_125c    slow 
AND2_X11M_A9PP140ZTUL_C30                 7      23.814    sc9mcpp140z_cln28ht_base_ulvt_c30_ssg_cworstt_max_0p81v_125c    slow 
AND2_X11TM_A9PP140ZTUL_C30                1       4.284    sc9mcpp140z_cln28ht_hpk_ulvt_c30_ssg_cworstt_max_0p81v_125c     slow 
AND2_X1M_A9PP140ZTUL_C30               1300     655.200    sc9mcpp140z_cln28ht_base_ulvt_c30_ssg_cworstt_max_0p81v_125c    slow 
AND2_X1P4M_A9PP140ZTUL_C30                5       3.150    sc9mcpp140z_cln28ht_base_ulvt_c30_ssg_cworstt_max_0p81v_125c    slow 
AND2_X1TM_A9PP140ZTUL_C30                 2       1.512    sc9mcpp140z_cln28ht_hpk_ulvt_c30_ssg_cworstt_max_0p81v_125c     slow 
AND2_X2B_A9PP140ZTUL_C30                  3       1.890    sc9mcpp140z_cln28ht_base_ulvt_c30_ssg_cworstt_max_0p81v_125c    slow 
AND2_X2M_A9PP140ZTUL_C30                 28      17.640    sc9mcpp140z_cln28ht_base_ulvt_c30_ssg_cworstt_max_0p81v_125c    slow 
AND2_X2TM_A9PP140ZTUL_C30                 1       0.882    sc9mcpp140z_cln28ht_hpk_ulvt_c30_ssg_cworstt_max_0p81v_125c     slow 
AND2_X3B_A9PP140ZTUL_C30                  1       0.756    sc9mcpp140z_cln28ht_base_ulvt_c30_ssg_cworstt_max_0p81v_125c    slow 
AND2_X3M_A9PP140ZTUL_C30                 12      12.096    sc9mcpp140z_cln28ht_base_ulvt_c30_ssg_cworstt_max_0p81v_125c    slow 
AND2_X3TM_A9PP140ZTUL_C30                 1       1.386    sc9mcpp140z_cln28ht_hpk_ulvt_c30_ssg_cworstt_max_0p81v_125c     slow 
AND2_X4TM_A9PP140ZTUL_C30                 1       1.512    sc9mcpp140z_cln28ht_hpk_ulvt_c30_ssg_cworstt_max_0p81v_125c     slow 
AND2_X6B_A9PP140ZTUL_C30                  1       1.386    sc9mcpp140z_cln28ht_base_ulvt_c30_ssg_cworstt_max_0p81v_125c    slow 
AND2_X6M_A9PP140ZTUL_C30                  2       3.780    sc9mcpp140z_cln28ht_base_ulvt_c30_ssg_cworstt_max_0p81v_125c    slow 
AND2_X6TM_A9PP140ZTUL_C30                 1       2.520    sc9mcpp140z_cln28ht_hpk_ulvt_c30_ssg_cworstt_max_0p81v_125c     slow 
AND3_X0P7M_A9PP140ZTUL_C30                1       0.630    sc9mcpp140z_cln28ht_base_ulvt_c30_ssg_cworstt_max_0p81v_125c    slow 
AND3_X1M_A9PP140ZTUL_C30                 15       9.450    sc9mcpp140z_cln28ht_base_ulvt_c30_ssg_cworstt_max_0p81v_125c    slow 
AND3_X3M_A9PP140ZTUL_C30                  2       2.772    sc9mcpp140z_cln28ht_base_ulvt_c30_ssg_cworstt_max_0p81v_125c    slow 
AND3_X6M_A9PP140ZTUL_C30                  1       2.520    sc9mcpp140z_cln28ht_base_ulvt_c30_ssg_cworstt_max_0p81v_125c    slow 
AND4_X0P7M_A9PP140ZTUL_C30                1       0.756    sc9mcpp140z_cln28ht_base_ulvt_c30_ssg_cworstt_max_0p81v_125c    slow 
AND4_X1M_A9PP140ZTUL_C30                  1       0.756    sc9mcpp140z_cln28ht_base_ulvt_c30_ssg_cworstt_max_0p81v_125c    slow 
AO1B2_X1M_A9PP140ZTUL_C30               260     163.800    sc9mcpp140z_cln28ht_base_ulvt_c30_ssg_cworstt_max_0p81v_125c    slow 
AO1B2_X1P4M_A9PP140ZTUL_C30              10       8.820    sc9mcpp140z_cln28ht_base_ulvt_c30_ssg_cworstt_max_0p81v_125c    slow 
AO1B2_X2M_A9PP140ZTUL_C30               249     219.618    sc9mcpp140z_cln28ht_base_ulvt_c30_ssg_cworstt_max_0p81v_125c    slow 
AO1B2_X3M_A9PP140ZTUL_C30                59      81.774    sc9mcpp140z_cln28ht_base_ulvt_c30_ssg_cworstt_max_0p81v_125c    slow 
AO1B2_X4M_A9PP140ZTUL_C30                39      63.882    sc9mcpp140z_cln28ht_base_ulvt_c30_ssg_cworstt_max_0p81v_125c    slow 
AO1B2_X6M_A9PP140ZTUL_C30                 2       4.788    sc9mcpp140z_cln28ht_base_ulvt_c30_ssg_cworstt_max_0p81v_125c    slow 
AO21A1AI2_X0P5M_A9PP140ZTUL_C30           2       1.260    sc9mcpp140z_cln28ht_base_ulvt_c30_ssg_cworstt_max_0p81v_125c    slow 
AO21A1AI2_X0P7M_A9PP140ZTUL_C30           3       1.890    sc9mcpp140z_cln28ht_base_ulvt_c30_ssg_cworstt_max_0p81v_125c    slow 
AO21A1AI2_X1M_A9PP140ZTUL_C30           367     231.210    sc9mcpp140z_cln28ht_base_ulvt_c30_ssg_cworstt_max_0p81v_125c    slow 
AO21A1AI2_X1P4M_A9PP140ZTUL_C30          17      19.278    sc9mcpp140z_cln28ht_base_ulvt_c30_ssg_cworstt_max_0p81v_125c    slow 
AO21A1AI2_X2M_A9PP140ZTUL_C30            21      23.814    sc9mcpp140z_cln28ht_base_ulvt_c30_ssg_cworstt_max_0p81v_125c    slow 
AO21A1AI2_X3M_A9PP140ZTUL_C30            15      24.570    sc9mcpp140z_cln28ht_base_ulvt_c30_ssg_cworstt_max_0p81v_125c    slow 
AO21A1AI2_X4M_A9PP140ZTUL_C30             6      12.852    sc9mcpp140z_cln28ht_base_ulvt_c30_ssg_cworstt_max_0p81v_125c    slow 
AO21A1AI2_X8M_A9PP140ZTUL_C30             2       8.316    sc9mcpp140z_cln28ht_hpk_ulvt_c30_ssg_cworstt_max_0p81v_125c     slow 
AO21B_X1M_A9PP140ZTUL_C30               994     626.220    sc9mcpp140z_cln28ht_base_ulvt_c30_ssg_cworstt_max_0p81v_125c    slow 
AO21B_X1P4M_A9PP140ZTUL_C30              15      13.230    sc9mcpp140z_cln28ht_base_ulvt_c30_ssg_cworstt_max_0p81v_125c    slow 
AO21B_X2M_A9PP140ZTUL_C30               251     221.382    sc9mcpp140z_cln28ht_base_ulvt_c30_ssg_cworstt_max_0p81v_125c    slow 
AO21B_X3M_A9PP140ZTUL_C30                94     130.284    sc9mcpp140z_cln28ht_base_ulvt_c30_ssg_cworstt_max_0p81v_125c    slow 
AO21B_X4M_A9PP140ZTUL_C30                13      21.294    sc9mcpp140z_cln28ht_base_ulvt_c30_ssg_cworstt_max_0p81v_125c    slow 
AO21B_X6M_A9PP140ZTUL_C30                 2       4.788    sc9mcpp140z_cln28ht_base_ulvt_c30_ssg_cworstt_max_0p81v_125c    slow 
AO21_X0P7M_A9PP140ZTUL_C30               10       7.560    sc9mcpp140z_cln28ht_base_ulvt_c30_ssg_cworstt_max_0p81v_125c    slow 
AO21_X1M_A9PP140ZTUL_C30                 94      71.064    sc9mcpp140z_cln28ht_base_ulvt_c30_ssg_cworstt_max_0p81v_125c    slow 
AO21_X1P4M_A9PP140ZTUL_C30                1       0.882    sc9mcpp140z_cln28ht_base_ulvt_c30_ssg_cworstt_max_0p81v_125c    slow 
AO21_X2M_A9PP140ZTUL_C30                  6       5.292    sc9mcpp140z_cln28ht_base_ulvt_c30_ssg_cworstt_max_0p81v_125c    slow 
AO21_X3M_A9PP140ZTUL_C30                  2       2.772    sc9mcpp140z_cln28ht_base_ulvt_c30_ssg_cworstt_max_0p81v_125c    slow 
AO21_X6M_A9PP140ZTUL_C30                  1       2.520    sc9mcpp140z_cln28ht_base_ulvt_c30_ssg_cworstt_max_0p81v_125c    slow 
AO22_X0P7M_A9PP140ZTUL_C30               31      27.342    sc9mcpp140z_cln28ht_base_ulvt_c30_ssg_cworstt_max_0p81v_125c    slow 
AO22_X1M_A9PP140ZTUL_C30                388     342.216    sc9mcpp140z_cln28ht_base_ulvt_c30_ssg_cworstt_max_0p81v_125c    slow 
AO22_X1P4M_A9PP140ZTUL_C30               20      20.160    sc9mcpp140z_cln28ht_base_ulvt_c30_ssg_cworstt_max_0p81v_125c    slow 
AO22_X3M_A9PP140ZTUL_C30                 16      26.208    sc9mcpp140z_cln28ht_base_ulvt_c30_ssg_cworstt_max_0p81v_125c    slow 
AOI211_X0P7M_A9PP140ZTUL_C30             24      15.120    sc9mcpp140z_cln28ht_base_ulvt_c30_ssg_cworstt_max_0p81v_125c    slow 
AOI211_X1M_A9PP140ZTUL_C30                6       3.780    sc9mcpp140z_cln28ht_base_ulvt_c30_ssg_cworstt_max_0p81v_125c    slow 
AOI211_X2M_A9PP140ZTUL_C30               34      38.556    sc9mcpp140z_cln28ht_base_ulvt_c30_ssg_cworstt_max_0p81v_125c    slow 
AOI211_X3M_A9PP140ZTUL_C30                8      13.104    sc9mcpp140z_cln28ht_base_ulvt_c30_ssg_cworstt_max_0p81v_125c    slow 
AOI211_X4M_A9PP140ZTUL_C30                1       2.142    sc9mcpp140z_cln28ht_base_ulvt_c30_ssg_cworstt_max_0p81v_125c    slow 
AOI21B_X0P7M_A9PP140ZTUL_C30              8       6.048    sc9mcpp140z_cln28ht_base_ulvt_c30_ssg_cworstt_max_0p81v_125c    slow 
AOI21B_X1M_A9PP140ZTUL_C30               43      32.508    sc9mcpp140z_cln28ht_base_ulvt_c30_ssg_cworstt_max_0p81v_125c    slow 
AOI21B_X2M_A9PP140ZTUL_C30               15      17.010    sc9mcpp140z_cln28ht_base_ulvt_c30_ssg_cworstt_max_0p81v_125c    slow 
AOI21B_X3M_A9PP140ZTUL_C30                2       3.024    sc9mcpp140z_cln28ht_base_ulvt_c30_ssg_cworstt_max_0p81v_125c    slow 
AOI21B_X4M_A9PP140ZTUL_C30                4       7.560    sc9mcpp140z_cln28ht_base_ulvt_c30_ssg_cworstt_max_0p81v_125c    slow 
AOI21B_X6M_A9PP140ZTUL_C30                1       2.772    sc9mcpp140z_cln28ht_base_ulvt_c30_ssg_cworstt_max_0p81v_125c    slow 
AOI21_X0P7A_A9PP140ZTUL_C30               2       1.008    sc9mcpp140z_cln28ht_hpk_ulvt_c30_ssg_cworstt_max_0p81v_125c     slow 
AOI21_X0P7M_A9PP140ZTUL_C30               4       2.016    sc9mcpp140z_cln28ht_base_ulvt_c30_ssg_cworstt_max_0p81v_125c    slow 
AOI21_X1A_A9PP140ZTUL_C30              1423     717.192    sc9mcpp140z_cln28ht_hpk_ulvt_c30_ssg_cworstt_max_0p81v_125c     slow 
AOI21_X1M_A9PP140ZTUL_C30               661     333.144    sc9mcpp140z_cln28ht_base_ulvt_c30_ssg_cworstt_max_0p81v_125c    slow 
AOI21_X1P4A_A9PP140ZTUL_C30               3       2.646    sc9mcpp140z_cln28ht_hpk_ulvt_c30_ssg_cworstt_max_0p81v_125c     slow 
AOI21_X1P4M_A9PP140ZTUL_C30               2       1.764    sc9mcpp140z_cln28ht_base_ulvt_c30_ssg_cworstt_max_0p81v_125c    slow 
AOI21_X2A_A9PP140ZTUL_C30                60      52.920    sc9mcpp140z_cln28ht_hpk_ulvt_c30_ssg_cworstt_max_0p81v_125c     slow 
AOI21_X2M_A9PP140ZTUL_C30               632     557.424    sc9mcpp140z_cln28ht_base_ulvt_c30_ssg_cworstt_max_0p81v_125c    slow 
AOI21_X3A_A9PP140ZTUL_C30                 5       6.300    sc9mcpp140z_cln28ht_hpk_ulvt_c30_ssg_cworstt_max_0p81v_125c     slow 
AOI21_X3M_A9PP140ZTUL_C30                68      85.680    sc9mcpp140z_cln28ht_base_ulvt_c30_ssg_cworstt_max_0p81v_125c    slow 
AOI21_X4A_A9PP140ZTUL_C30                 6       9.828    sc9mcpp140z_cln28ht_hpk_ulvt_c30_ssg_cworstt_max_0p81v_125c     slow 
AOI21_X4M_A9PP140ZTUL_C30                25      40.950    sc9mcpp140z_cln28ht_base_ulvt_c30_ssg_cworstt_max_0p81v_125c    slow 
AOI21_X6M_A9PP140ZTUL_C30                 6      14.364    sc9mcpp140z_cln28ht_base_ulvt_c30_ssg_cworstt_max_0p81v_125c    slow 
AOI21_X8M_A9PP140ZTUL_C30                 2       6.300    sc9mcpp140z_cln28ht_base_ulvt_c30_ssg_cworstt_max_0p81v_125c    slow 
AOI22BB_X1M_A9PP140ZTUL_C30               5       4.410    sc9mcpp140z_cln28ht_base_ulvt_c30_ssg_cworstt_max_0p81v_125c    slow 
AOI22BB_X1P4M_A9PP140ZTUL_C30             1       1.260    sc9mcpp140z_cln28ht_base_ulvt_c30_ssg_cworstt_max_0p81v_125c    slow 
AOI22BB_X2M_A9PP140ZTUL_C30               2       2.520    sc9mcpp140z_cln28ht_base_ulvt_c30_ssg_cworstt_max_0p81v_125c    slow 
AOI22BB_X3M_A9PP140ZTUL_C30               1       1.890    sc9mcpp140z_cln28ht_base_ulvt_c30_ssg_cworstt_max_0p81v_125c    slow 
AOI22_X11A_A9PP140ZTUL_C30                1       5.670    sc9mcpp140z_cln28ht_hpk_ulvt_c30_ssg_cworstt_max_0p81v_125c     slow 
AOI22_X1A_A9PP140ZTUL_C30                 2       1.260    sc9mcpp140z_cln28ht_hpk_ulvt_c30_ssg_cworstt_max_0p81v_125c     slow 
AOI22_X1M_A9PP140ZTUL_C30                 7       4.410    sc9mcpp140z_cln28ht_base_ulvt_c30_ssg_cworstt_max_0p81v_125c    slow 
AOI22_X2A_A9PP140ZTUL_C30                 2       2.268    sc9mcpp140z_cln28ht_hpk_ulvt_c30_ssg_cworstt_max_0p81v_125c     slow 
AOI22_X3M_A9PP140ZTUL_C30                 3       4.914    sc9mcpp140z_cln28ht_base_ulvt_c30_ssg_cworstt_max_0p81v_125c    slow 
AOI22_X4A_A9PP140ZTUL_C30                 1       2.142    sc9mcpp140z_cln28ht_hpk_ulvt_c30_ssg_cworstt_max_0p81v_125c     slow 
AOI2XB1_X1M_A9PP140ZTUL_C30             152     114.912    sc9mcpp140z_cln28ht_base_ulvt_c30_ssg_cworstt_max_0p81v_125c    slow 
AOI2XB1_X1P4M_A9PP140ZTUL_C30             1       1.134    sc9mcpp140z_cln28ht_base_ulvt_c30_ssg_cworstt_max_0p81v_125c    slow 
AOI2XB1_X2M_A9PP140ZTUL_C30              49      55.566    sc9mcpp140z_cln28ht_base_ulvt_c30_ssg_cworstt_max_0p81v_125c    slow 
AOI2XB1_X3M_A9PP140ZTUL_C30              18      27.216    sc9mcpp140z_cln28ht_base_ulvt_c30_ssg_cworstt_max_0p81v_125c    slow 
AOI2XB1_X4M_A9PP140ZTUL_C30               6      12.096    sc9mcpp140z_cln28ht_base_ulvt_c30_ssg_cworstt_max_0p81v_125c    slow 
AOI2XB1_X8M_A9PP140ZTUL_C30               2       7.308    sc9mcpp140z_cln28ht_base_ulvt_c30_ssg_cworstt_max_0p81v_125c    slow 
AOI31_X1M_A9PP140ZTUL_C30                45      28.350    sc9mcpp140z_cln28ht_base_ulvt_c30_ssg_cworstt_max_0p81v_125c    slow 
AOI31_X1P4M_A9PP140ZTUL_C30               9      10.206    sc9mcpp140z_cln28ht_base_ulvt_c30_ssg_cworstt_max_0p81v_125c    slow 
AOI31_X2M_A9PP140ZTUL_C30                 6       7.560    sc9mcpp140z_cln28ht_base_ulvt_c30_ssg_cworstt_max_0p81v_125c    slow 
AOI31_X3M_A9PP140ZTUL_C30                14      22.932    sc9mcpp140z_cln28ht_base_ulvt_c30_ssg_cworstt_max_0p81v_125c    slow 
AOI31_X4M_A9PP140ZTUL_C30                 2       4.284    sc9mcpp140z_cln28ht_base_ulvt_c30_ssg_cworstt_max_0p81v_125c    slow 
BUFH_X16M_A9PP140ZTUL_C30               158     557.424    sc9mcpp140z_cln28ht_base_ulvt_c30_ssg_cworstt_max_0p81v_125c    slow 
BUFH_X1M_A9PP140ZTUL_C30                370     139.860    sc9mcpp140z_cln28ht_base_ulvt_c30_ssg_cworstt_max_0p81v_125c    slow 
BUFH_X2M_A9PP140ZTUL_C30                205     103.320    sc9mcpp140z_cln28ht_base_ulvt_c30_ssg_cworstt_max_0p81v_125c    slow 
BUFH_X3M_A9PP140ZTUL_C30                 84      63.504    sc9mcpp140z_cln28ht_base_ulvt_c30_ssg_cworstt_max_0p81v_125c    slow 
BUFH_X3P5M_A9PP140ZTUL_C30               13      11.466    sc9mcpp140z_cln28ht_base_ulvt_c30_ssg_cworstt_max_0p81v_125c    slow 
BUFH_X4M_A9PP140ZTUL_C30                 58      51.156    sc9mcpp140z_cln28ht_base_ulvt_c30_ssg_cworstt_max_0p81v_125c    slow 
BUFH_X6M_A9PP140ZTUL_C30                 94     130.284    sc9mcpp140z_cln28ht_base_ulvt_c30_ssg_cworstt_max_0p81v_125c    slow 
BUFH_X7P5M_A9PP140ZTUL_C30                1       1.764    sc9mcpp140z_cln28ht_base_ulvt_c30_ssg_cworstt_max_0p81v_125c    slow 
BUF_X11M_A9PP140ZTUL_C30                 34      72.828    sc9mcpp140z_cln28ht_base_ulvt_c30_ssg_cworstt_max_0p81v_125c    slow 
BUF_X13M_A9PP140ZTUL_C30                 35      83.790    sc9mcpp140z_cln28ht_base_ulvt_c30_ssg_cworstt_max_0p81v_125c    slow 
BUF_X16M_A9PP140ZTUL_C30                 42     121.716    sc9mcpp140z_cln28ht_base_ulvt_c30_ssg_cworstt_max_0p81v_125c    slow 
BUF_X1M_A9PP140ZTUL_C30                 785     296.730    sc9mcpp140z_cln28ht_base_ulvt_c30_ssg_cworstt_max_0p81v_125c    slow 
BUF_X1P7M_A9PP140ZTUL_C30                12       6.048    sc9mcpp140z_cln28ht_base_ulvt_c30_ssg_cworstt_max_0p81v_125c    slow 
BUF_X2M_A9PP140ZTUL_C30                 113      56.952    sc9mcpp140z_cln28ht_base_ulvt_c30_ssg_cworstt_max_0p81v_125c    slow 
BUF_X2P5M_A9PP140ZTUL_C30               113      71.190    sc9mcpp140z_cln28ht_base_ulvt_c30_ssg_cworstt_max_0p81v_125c    slow 
BUF_X3M_A9PP140ZTUL_C30                  65      40.950    sc9mcpp140z_cln28ht_base_ulvt_c30_ssg_cworstt_max_0p81v_125c    slow 
BUF_X3P5M_A9PP140ZTUL_C30                12       9.072    sc9mcpp140z_cln28ht_base_ulvt_c30_ssg_cworstt_max_0p81v_125c    slow 
BUF_X4M_A9PP140ZTUL_C30                   6       5.292    sc9mcpp140z_cln28ht_base_ulvt_c30_ssg_cworstt_max_0p81v_125c    slow 
BUF_X5M_A9PP140ZTUL_C30                  15      15.120    sc9mcpp140z_cln28ht_base_ulvt_c30_ssg_cworstt_max_0p81v_125c    slow 
BUF_X6M_A9PP140ZTUL_C30                  33      37.422    sc9mcpp140z_cln28ht_base_ulvt_c30_ssg_cworstt_max_0p81v_125c    slow 
BUF_X7P5M_A9PP140ZTUL_C30                 4       6.048    sc9mcpp140z_cln28ht_base_ulvt_c30_ssg_cworstt_max_0p81v_125c    slow 
BUF_X9M_A9PP140ZTUL_C30                   6      10.584    sc9mcpp140z_cln28ht_base_ulvt_c30_ssg_cworstt_max_0p81v_125c    slow 
CGENI_X1M_A9PP140ZTUL_C30               153     115.668    sc9mcpp140z_cln28ht_base_ulvt_c30_ssg_cworstt_max_0p81v_125c    slow 
CGENI_X2M_A9PP140ZTUL_C30                 1       1.386    sc9mcpp140z_cln28ht_base_ulvt_c30_ssg_cworstt_max_0p81v_125c    slow 
CGEN_X1M_A9PP140ZTUL_C30                 92      81.144    sc9mcpp140z_cln28ht_base_ulvt_c30_ssg_cworstt_max_0p81v_125c    slow 
DFFQA_X1M_A9PP140ZTUL_C30                 2       3.780    sc9mcpp140z_cln28ht_base_ulvt_c30_ssg_cworstt_max_0p81v_125c    slow 
DFFQNA_X1M_A9PP140ZTUL_C30                2       3.528    sc9mcpp140z_cln28ht_base_ulvt_c30_ssg_cworstt_max_0p81v_125c    slow 
DFFRPQA_X1M_A9PP140ZTUL_C30           16226   34756.092    sc9mcpp140z_cln28ht_base_ulvt_c30_ssg_cworstt_max_0p81v_125c    slow 
DFFRPQL_X1M_A9PP140ZTUL_C30             150     378.000    sc9mcpp140z_cln28ht_base_ulvt_c30_ssg_cworstt_max_0p81v_125c    slow 
DFFRPQNA_X1M_A9PP140ZTUL_C30           1844    3717.504    sc9mcpp140z_cln28ht_base_ulvt_c30_ssg_cworstt_max_0p81v_125c    slow 
DFFRPQNL_X1M_A9PP140ZTUL_C30              2       4.788    sc9mcpp140z_cln28ht_base_ulvt_c30_ssg_cworstt_max_0p81v_125c    slow 
DFFRPQN_X1M_A9PP140ZTUL_C30             148     354.312    sc9mcpp140z_cln28ht_base_ulvt_c30_ssg_cworstt_max_0p81v_125c    slow 
DFFRPQN_X2M_A9PP140ZTUL_C30             107     269.640    sc9mcpp140z_cln28ht_base_ulvt_c30_ssg_cworstt_max_0p81v_125c    slow 
DFFRPQN_X3M_A9PP140ZTUL_C30              37      97.902    sc9mcpp140z_cln28ht_base_ulvt_c30_ssg_cworstt_max_0p81v_125c    slow 
DFFRPQ_X1M_A9PP140ZTUL_C30              523    1317.960    sc9mcpp140z_cln28ht_base_ulvt_c30_ssg_cworstt_max_0p81v_125c    slow 
DFFRPQ_X2M_A9PP140ZTUL_C30               82     216.972    sc9mcpp140z_cln28ht_base_ulvt_c30_ssg_cworstt_max_0p81v_125c    slow 
DFFRPQ_X3M_A9PP140ZTUL_C30             1153    3196.116    sc9mcpp140z_cln28ht_base_ulvt_c30_ssg_cworstt_max_0p81v_125c    slow 
DFFRPQ_X4M_A9PP140ZTUL_C30               38     114.912    sc9mcpp140z_cln28ht_base_ulvt_c30_ssg_cworstt_max_0p81v_125c    slow 
DFFSQA_X1M_A9PP140ZTUL_C30                1       2.142    sc9mcpp140z_cln28ht_base_ulvt_c30_ssg_cworstt_max_0p81v_125c    slow 
DFFSQNA_X1M_A9PP140ZTUL_C30               1       2.016    sc9mcpp140z_cln28ht_base_ulvt_c30_ssg_cworstt_max_0p81v_125c    slow 
DFFSQ_X4M_A9PP140ZTUL_C30                 1       3.024    sc9mcpp140z_cln28ht_base_ulvt_c30_ssg_cworstt_max_0p81v_125c    slow 
INV_X0P6B_A9PP140ZTUL_C30               500     126.000    sc9mcpp140z_cln28ht_base_ulvt_c30_ssg_cworstt_max_0p81v_125c    slow 
INV_X0P6M_A9PP140ZTUL_C30                 1       0.252    sc9mcpp140z_cln28ht_base_ulvt_c30_ssg_cworstt_max_0p81v_125c    slow 
INV_X0P7M_A9PP140ZTUL_C30                16       4.032    sc9mcpp140z_cln28ht_base_ulvt_c30_ssg_cworstt_max_0p81v_125c    slow 
INV_X0P8B_A9PP140ZTUL_C30               536     135.072    sc9mcpp140z_cln28ht_base_ulvt_c30_ssg_cworstt_max_0p81v_125c    slow 
INV_X0P8M_A9PP140ZTUL_C30              2408     606.816    sc9mcpp140z_cln28ht_base_ulvt_c30_ssg_cworstt_max_0p81v_125c    slow 
INV_X11M_A9PP140ZTUL_C30                 60      98.280    sc9mcpp140z_cln28ht_base_ulvt_c30_ssg_cworstt_max_0p81v_125c    slow 
INV_X13M_A9PP140ZTUL_C30                 99     187.110    sc9mcpp140z_cln28ht_base_ulvt_c30_ssg_cworstt_max_0p81v_125c    slow 
INV_X13M_A9PP140ZTUL_C30_XGCAP13          1       3.654    sc9mcpp140z_cln28ht_base_ulvt_c30_ssg_cworstt_max_0p81v_125c    slow 
INV_X16M_A9PP140ZTUL_C30                 72     163.296    sc9mcpp140z_cln28ht_base_ulvt_c30_ssg_cworstt_max_0p81v_125c    slow 
INV_X1B_A9PP140ZTUL_C30                 541     136.332    sc9mcpp140z_cln28ht_base_ulvt_c30_ssg_cworstt_max_0p81v_125c    slow 
INV_X1M_A9PP140ZTUL_C30                5783    1457.316    sc9mcpp140z_cln28ht_base_ulvt_c30_ssg_cworstt_max_0p81v_125c    slow 
INV_X1P2M_A9PP140ZTUL_C30                 9       3.402    sc9mcpp140z_cln28ht_base_ulvt_c30_ssg_cworstt_max_0p81v_125c    slow 
INV_X1P4M_A9PP140ZTUL_C30                75      28.350    sc9mcpp140z_cln28ht_base_ulvt_c30_ssg_cworstt_max_0p81v_125c    slow 
INV_X1P7B_A9PP140ZTUL_C30                 1       0.378    sc9mcpp140z_cln28ht_base_ulvt_c30_ssg_cworstt_max_0p81v_125c    slow 
INV_X1P7M_A9PP140ZTUL_C30               194      73.332    sc9mcpp140z_cln28ht_base_ulvt_c30_ssg_cworstt_max_0p81v_125c    slow 
INV_X20M_A9PP140ZTUL_C30                 71     196.812    sc9mcpp140z_cln28ht_hpk_ulvt_c30_ssg_cworstt_max_0p81v_125c     slow 
INV_X2B_A9PP140ZTUL_C30                  29      10.962    sc9mcpp140z_cln28ht_base_ulvt_c30_ssg_cworstt_max_0p81v_125c    slow 
INV_X2M_A9PP140ZTUL_C30                1170     442.260    sc9mcpp140z_cln28ht_base_ulvt_c30_ssg_cworstt_max_0p81v_125c    slow 
INV_X2P5M_A9PP140ZTUL_C30                 1       0.504    sc9mcpp140z_cln28ht_base_ulvt_c30_ssg_cworstt_max_0p81v_125c    slow 
INV_X3B_A9PP140ZTUL_C30                   3       1.512    sc9mcpp140z_cln28ht_base_ulvt_c30_ssg_cworstt_max_0p81v_125c    slow 
INV_X3M_A9PP140ZTUL_C30                 163      82.152    sc9mcpp140z_cln28ht_base_ulvt_c30_ssg_cworstt_max_0p81v_125c    slow 
INV_X3P5M_A9PP140ZTUL_C30                42      26.460    sc9mcpp140z_cln28ht_base_ulvt_c30_ssg_cworstt_max_0p81v_125c    slow 
INV_X4B_A9PP140ZTUL_C30                   1       0.630    sc9mcpp140z_cln28ht_base_ulvt_c30_ssg_cworstt_max_0p81v_125c    slow 
INV_X4M_A9PP140ZTUL_C30                 162     102.060    sc9mcpp140z_cln28ht_base_ulvt_c30_ssg_cworstt_max_0p81v_125c    slow 
INV_X5M_A9PP140ZTUL_C30                  51      38.556    sc9mcpp140z_cln28ht_base_ulvt_c30_ssg_cworstt_max_0p81v_125c    slow 
INV_X6M_A9PP140ZTUL_C30                  93      82.026    sc9mcpp140z_cln28ht_base_ulvt_c30_ssg_cworstt_max_0p81v_125c    slow 
INV_X7P5B_A9PP140ZTUL_C30                 1       1.134    sc9mcpp140z_cln28ht_base_ulvt_c30_ssg_cworstt_max_0p81v_125c    slow 
INV_X7P5M_A9PP140ZTUL_C30                84      95.256    sc9mcpp140z_cln28ht_base_ulvt_c30_ssg_cworstt_max_0p81v_125c    slow 
INV_X9M_A9PP140ZTUL_C30                  35      44.100    sc9mcpp140z_cln28ht_base_ulvt_c30_ssg_cworstt_max_0p81v_125c    slow 
MX2_X1B_A9PP140ZTUL_C30                  14      15.876    sc9mcpp140z_cln28ht_base_ulvt_c30_ssg_cworstt_max_0p81v_125c    slow 
MX2_X2B_A9PP140ZTUL_C30                  31      42.966    sc9mcpp140z_cln28ht_base_ulvt_c30_ssg_cworstt_max_0p81v_125c    slow 
MX2_X3B_A9PP140ZTUL_C30                  10      21.420    sc9mcpp140z_cln28ht_base_ulvt_c30_ssg_cworstt_max_0p81v_125c    slow 
MX2_X4B_A9PP140ZTUL_C30                   5      11.970    sc9mcpp140z_cln28ht_base_ulvt_c30_ssg_cworstt_max_0p81v_125c    slow 
MXIT2_X1M_A9PP140ZTUL_C30               189     166.698    sc9mcpp140z_cln28ht_base_ulvt_c30_ssg_cworstt_max_0p81v_125c    slow 
MXIT2_X1P4M_A9PP140ZTUL_C30              68      85.680    sc9mcpp140z_cln28ht_base_ulvt_c30_ssg_cworstt_max_0p81v_125c    slow 
MXIT2_X4M_A9PP140ZTUL_C30                 4       9.576    sc9mcpp140z_cln28ht_base_ulvt_c30_ssg_cworstt_max_0p81v_125c    slow 
MXT2_X0P5B_A9PP140ZTUL_C30            15382   13566.924    sc9mcpp140z_cln28ht_base_ulvt_c30_ssg_cworstt_max_0p81v_125c    slow 
MXT2_X0P5M_A9PP140ZTUL_C30                2       2.016    sc9mcpp140z_cln28ht_base_ulvt_c30_ssg_cworstt_max_0p81v_125c    slow 
MXT2_X0P7M_A9PP140ZTUL_C30                1       1.134    sc9mcpp140z_cln28ht_base_ulvt_c30_ssg_cworstt_max_0p81v_125c    slow 
MXT2_X1M_A9PP140ZTUL_C30                  2       2.268    sc9mcpp140z_cln28ht_base_ulvt_c30_ssg_cworstt_max_0p81v_125c    slow 
MXT2_X1P4M_A9PP140ZTUL_C30                3       3.402    sc9mcpp140z_cln28ht_base_ulvt_c30_ssg_cworstt_max_0p81v_125c    slow 
MXT2_X2M_A9PP140ZTUL_C30                  2       2.268    sc9mcpp140z_cln28ht_base_ulvt_c30_ssg_cworstt_max_0p81v_125c    slow 
NAND2B_X0P5M_A9PP140ZTUL_C30             35      17.640    sc9mcpp140z_cln28ht_base_ulvt_c30_ssg_cworstt_max_0p81v_125c    slow 
NAND2B_X1M_A9PP140ZTUL_C30             3001    1512.504    sc9mcpp140z_cln28ht_base_ulvt_c30_ssg_cworstt_max_0p81v_125c    slow 
NAND2B_X2M_A9PP140ZTUL_C30                6       4.536    sc9mcpp140z_cln28ht_base_ulvt_c30_ssg_cworstt_max_0p81v_125c    slow 
NAND2B_X4M_A9PP140ZTUL_C30                2       2.520    sc9mcpp140z_cln28ht_base_ulvt_c30_ssg_cworstt_max_0p81v_125c    slow 
NAND2B_X6M_A9PP140ZTUL_C30                1       1.890    sc9mcpp140z_cln28ht_base_ulvt_c30_ssg_cworstt_max_0p81v_125c    slow 
NAND2B_X8M_A9PP140ZTUL_C30                7      16.758    sc9mcpp140z_cln28ht_base_ulvt_c30_ssg_cworstt_max_0p81v_125c    slow 
NAND2XB_X1M_A9PP140ZTUL_C30             625     315.000    sc9mcpp140z_cln28ht_base_ulvt_c30_ssg_cworstt_max_0p81v_125c    slow 
NAND2XB_X1P4M_A9PP140ZTUL_C30             8       6.048    sc9mcpp140z_cln28ht_base_ulvt_c30_ssg_cworstt_max_0p81v_125c    slow 
NAND2XB_X2M_A9PP140ZTUL_C30              78      58.968    sc9mcpp140z_cln28ht_base_ulvt_c30_ssg_cworstt_max_0p81v_125c    slow 
NAND2XB_X3M_A9PP140ZTUL_C30              18      18.144    sc9mcpp140z_cln28ht_base_ulvt_c30_ssg_cworstt_max_0p81v_125c    slow 
NAND2XB_X4M_A9PP140ZTUL_C30              19      23.940    sc9mcpp140z_cln28ht_base_ulvt_c30_ssg_cworstt_max_0p81v_125c    slow 
NAND2XB_X6M_A9PP140ZTUL_C30               8      15.120    sc9mcpp140z_cln28ht_base_ulvt_c30_ssg_cworstt_max_0p81v_125c    slow 
NAND2XB_X8M_A9PP140ZTUL_C30              33      79.002    sc9mcpp140z_cln28ht_base_ulvt_c30_ssg_cworstt_max_0p81v_125c    slow 
NAND2_X0P5A_A9PP140ZTUL_C30               1       0.378    sc9mcpp140z_cln28ht_base_ulvt_c30_ssg_cworstt_max_0p81v_125c    slow 
NAND2_X0P5M_A9PP140ZTUL_C30               1       0.378    sc9mcpp140z_cln28ht_base_ulvt_c30_ssg_cworstt_max_0p81v_125c    slow 
NAND2_X0P7A_A9PP140ZTUL_C30              51      19.278    sc9mcpp140z_cln28ht_base_ulvt_c30_ssg_cworstt_max_0p81v_125c    slow 
NAND2_X0P7B_A9PP140ZTUL_C30               4       1.512    sc9mcpp140z_cln28ht_base_ulvt_c30_ssg_cworstt_max_0p81v_125c    slow 
NAND2_X0P7M_A9PP140ZTUL_C30               1       0.378    sc9mcpp140z_cln28ht_base_ulvt_c30_ssg_cworstt_max_0p81v_125c    slow 
NAND2_X11A_A9PP140ZTUL_C30                7      20.286    sc9mcpp140z_cln28ht_hpk_ulvt_c30_ssg_cworstt_max_0p81v_125c     slow 
NAND2_X11B_A9PP140ZTUL_C30                2       5.796    sc9mcpp140z_cln28ht_hpk_ulvt_c30_ssg_cworstt_max_0p81v_125c     slow 
NAND2_X11M_A9PP140ZTUL_C30               13      37.674    sc9mcpp140z_cln28ht_hpk_ulvt_c30_ssg_cworstt_max_0p81v_125c     slow 
NAND2_X11TA_A9PP140ZTUL_C30               6      26.460    sc9mcpp140z_cln28ht_hpk_ulvt_c30_ssg_cworstt_max_0p81v_125c     slow 
NAND2_X1A_A9PP140ZTUL_C30              2618     989.604    sc9mcpp140z_cln28ht_base_ulvt_c30_ssg_cworstt_max_0p81v_125c    slow 
NAND2_X1B_A9PP140ZTUL_C30              3606    1363.068    sc9mcpp140z_cln28ht_base_ulvt_c30_ssg_cworstt_max_0p81v_125c    slow 
NAND2_X1M_A9PP140ZTUL_C30              4130    1561.140    sc9mcpp140z_cln28ht_base_ulvt_c30_ssg_cworstt_max_0p81v_125c    slow 
NAND2_X1P4A_A9PP140ZTUL_C30              16      10.080    sc9mcpp140z_cln28ht_base_ulvt_c30_ssg_cworstt_max_0p81v_125c    slow 
NAND2_X1P4B_A9PP140ZTUL_C30              28      17.640    sc9mcpp140z_cln28ht_base_ulvt_c30_ssg_cworstt_max_0p81v_125c    slow 
NAND2_X1P4M_A9PP140ZTUL_C30               9       5.670    sc9mcpp140z_cln28ht_base_ulvt_c30_ssg_cworstt_max_0p81v_125c    slow 
NAND2_X1P4TA_A9PP140ZTUL_C30              7       5.292    sc9mcpp140z_cln28ht_hpk_ulvt_c30_ssg_cworstt_max_0p81v_125c     slow 
NAND2_X1TA_A9PP140ZTUL_C30              103      51.912    sc9mcpp140z_cln28ht_hpk_ulvt_c30_ssg_cworstt_max_0p81v_125c     slow 
NAND2_X2A_A9PP140ZTUL_C30               336     211.680    sc9mcpp140z_cln28ht_base_ulvt_c30_ssg_cworstt_max_0p81v_125c    slow 
NAND2_X2B_A9PP140ZTUL_C30               484     304.920    sc9mcpp140z_cln28ht_base_ulvt_c30_ssg_cworstt_max_0p81v_125c    slow 
NAND2_X2M_A9PP140ZTUL_C30               480     302.400    sc9mcpp140z_cln28ht_base_ulvt_c30_ssg_cworstt_max_0p81v_125c    slow 
NAND2_X2TA_A9PP140ZTUL_C30               57      50.274    sc9mcpp140z_cln28ht_hpk_ulvt_c30_ssg_cworstt_max_0p81v_125c     slow 
NAND2_X3A_A9PP140ZTUL_C30                83      73.206    sc9mcpp140z_cln28ht_base_ulvt_c30_ssg_cworstt_max_0p81v_125c    slow 
NAND2_X3B_A9PP140ZTUL_C30                71      62.622    sc9mcpp140z_cln28ht_base_ulvt_c30_ssg_cworstt_max_0p81v_125c    slow 
NAND2_X3M_A9PP140ZTUL_C30                91      80.262    sc9mcpp140z_cln28ht_base_ulvt_c30_ssg_cworstt_max_0p81v_125c    slow 
NAND2_X3TA_A9PP140ZTUL_C30               24      30.240    sc9mcpp140z_cln28ht_hpk_ulvt_c30_ssg_cworstt_max_0p81v_125c     slow 
NAND2_X4A_A9PP140ZTUL_C30                99     112.266    sc9mcpp140z_cln28ht_base_ulvt_c30_ssg_cworstt_max_0p81v_125c    slow 
NAND2_X4B_A9PP140ZTUL_C30                66      74.844    sc9mcpp140z_cln28ht_base_ulvt_c30_ssg_cworstt_max_0p81v_125c    slow 
NAND2_X4M_A9PP140ZTUL_C30               206     233.604    sc9mcpp140z_cln28ht_base_ulvt_c30_ssg_cworstt_max_0p81v_125c    slow 
NAND2_X4TA_A9PP140ZTUL_C30               34      55.692    sc9mcpp140z_cln28ht_hpk_ulvt_c30_ssg_cworstt_max_0p81v_125c     slow 
NAND2_X6A_A9PP140ZTUL_C30                34      55.692    sc9mcpp140z_cln28ht_base_ulvt_c30_ssg_cworstt_max_0p81v_125c    slow 
NAND2_X6B_A9PP140ZTUL_C30                17      27.846    sc9mcpp140z_cln28ht_base_ulvt_c30_ssg_cworstt_max_0p81v_125c    slow 
NAND2_X6M_A9PP140ZTUL_C30                74     121.212    sc9mcpp140z_cln28ht_base_ulvt_c30_ssg_cworstt_max_0p81v_125c    slow 
NAND2_X6TA_A9PP140ZTUL_C30               14      33.516    sc9mcpp140z_cln28ht_hpk_ulvt_c30_ssg_cworstt_max_0p81v_125c     slow 
NAND2_X8A_A9PP140ZTUL_C30                12      25.704    sc9mcpp140z_cln28ht_base_ulvt_c30_ssg_cworstt_max_0p81v_125c    slow 
NAND2_X8B_A9PP140ZTUL_C30                 7      14.994    sc9mcpp140z_cln28ht_base_ulvt_c30_ssg_cworstt_max_0p81v_125c    slow 
NAND2_X8M_A9PP140ZTUL_C30                25      53.550    sc9mcpp140z_cln28ht_base_ulvt_c30_ssg_cworstt_max_0p81v_125c    slow 
NAND2_X8TA_A9PP140ZTUL_C30                4      12.600    sc9mcpp140z_cln28ht_hpk_ulvt_c30_ssg_cworstt_max_0p81v_125c     slow 
NAND3BB_X1M_A9PP140ZTUL_C30             377     237.510    sc9mcpp140z_cln28ht_base_ulvt_c30_ssg_cworstt_max_0p81v_125c    slow 
NAND3BB_X1P4M_A9PP140ZTUL_C30             2       1.764    sc9mcpp140z_cln28ht_base_ulvt_c30_ssg_cworstt_max_0p81v_125c    slow 
NAND3BB_X2M_A9PP140ZTUL_C30             218     192.276    sc9mcpp140z_cln28ht_base_ulvt_c30_ssg_cworstt_max_0p81v_125c    slow 
NAND3BB_X3M_A9PP140ZTUL_C30              78     108.108    sc9mcpp140z_cln28ht_base_ulvt_c30_ssg_cworstt_max_0p81v_125c    slow 
NAND3BB_X4M_A9PP140ZTUL_C30              67     109.746    sc9mcpp140z_cln28ht_base_ulvt_c30_ssg_cworstt_max_0p81v_125c    slow 
NAND3BB_X6M_A9PP140ZTUL_C30              50     132.300    sc9mcpp140z_cln28ht_base_ulvt_c30_ssg_cworstt_max_0p81v_125c    slow 
NAND3BB_X8M_A9PP140ZTUL_C30              51     173.502    sc9mcpp140z_cln28ht_base_ulvt_c30_ssg_cworstt_max_0p81v_125c    slow 
NAND3B_X1M_A9PP140ZTUL_C30               38      23.940    sc9mcpp140z_cln28ht_base_ulvt_c30_ssg_cworstt_max_0p81v_125c    slow 
NAND3B_X3M_A9PP140ZTUL_C30                1       1.386    sc9mcpp140z_cln28ht_base_ulvt_c30_ssg_cworstt_max_0p81v_125c    slow 
NAND3XXB_X0P7M_A9PP140ZTUL_C30            1       0.630    sc9mcpp140z_cln28ht_base_ulvt_c30_ssg_cworstt_max_0p81v_125c    slow 
NAND3XXB_X1M_A9PP140ZTUL_C30            101      63.630    sc9mcpp140z_cln28ht_base_ulvt_c30_ssg_cworstt_max_0p81v_125c    slow 
NAND3XXB_X2M_A9PP140ZTUL_C30             25      28.350    sc9mcpp140z_cln28ht_base_ulvt_c30_ssg_cworstt_max_0p81v_125c    slow 
NAND3XXB_X3M_A9PP140ZTUL_C30             11      15.246    sc9mcpp140z_cln28ht_base_ulvt_c30_ssg_cworstt_max_0p81v_125c    slow 
NAND3XXB_X4M_A9PP140ZTUL_C30              1       1.890    sc9mcpp140z_cln28ht_base_ulvt_c30_ssg_cworstt_max_0p81v_125c    slow 
NAND3_X1A_A9PP140ZTUL_C30                94      47.376    sc9mcpp140z_cln28ht_base_ulvt_c30_ssg_cworstt_max_0p81v_125c    slow 
NAND3_X1M_A9PP140ZTUL_C30                50      25.200    sc9mcpp140z_cln28ht_base_ulvt_c30_ssg_cworstt_max_0p81v_125c    slow 
NAND3_X1P4A_A9PP140ZTUL_C30               2       1.764    sc9mcpp140z_cln28ht_base_ulvt_c30_ssg_cworstt_max_0p81v_125c    slow 
NAND3_X1P4M_A9PP140ZTUL_C30               1       0.882    sc9mcpp140z_cln28ht_base_ulvt_c30_ssg_cworstt_max_0p81v_125c    slow 
NAND3_X2A_A9PP140ZTUL_C30                49      43.218    sc9mcpp140z_cln28ht_base_ulvt_c30_ssg_cworstt_max_0p81v_125c    slow 
NAND3_X2M_A9PP140ZTUL_C30                53      46.746    sc9mcpp140z_cln28ht_base_ulvt_c30_ssg_cworstt_max_0p81v_125c    slow 
NAND3_X3A_A9PP140ZTUL_C30                 8      10.080    sc9mcpp140z_cln28ht_base_ulvt_c30_ssg_cworstt_max_0p81v_125c    slow 
NAND3_X3M_A9PP140ZTUL_C30                 7       8.820    sc9mcpp140z_cln28ht_base_ulvt_c30_ssg_cworstt_max_0p81v_125c    slow 
NAND3_X4A_A9PP140ZTUL_C30                12      19.656    sc9mcpp140z_cln28ht_base_ulvt_c30_ssg_cworstt_max_0p81v_125c    slow 
NAND3_X4M_A9PP140ZTUL_C30                 5       8.190    sc9mcpp140z_cln28ht_base_ulvt_c30_ssg_cworstt_max_0p81v_125c    slow 
NAND3_X6A_A9PP140ZTUL_C30                 2       4.788    sc9mcpp140z_cln28ht_base_ulvt_c30_ssg_cworstt_max_0p81v_125c    slow 
NAND3_X6M_A9PP140ZTUL_C30                 4       9.576    sc9mcpp140z_cln28ht_base_ulvt_c30_ssg_cworstt_max_0p81v_125c    slow 
NAND3_X8A_A9PP140ZTUL_C30                 5      15.750    sc9mcpp140z_cln28ht_hpk_ulvt_c30_ssg_cworstt_max_0p81v_125c     slow 
NAND3_X8M_A9PP140ZTUL_C30                 7      22.050    sc9mcpp140z_cln28ht_hpk_ulvt_c30_ssg_cworstt_max_0p81v_125c     slow 
NAND4BB_X1M_A9PP140ZTUL_C30              86      65.016    sc9mcpp140z_cln28ht_base_ulvt_c30_ssg_cworstt_max_0p81v_125c    slow 
NAND4BB_X1P4M_A9PP140ZTUL_C30             1       1.260    sc9mcpp140z_cln28ht_base_ulvt_c30_ssg_cworstt_max_0p81v_125c    slow 
NAND4BB_X2M_A9PP140ZTUL_C30              10      12.600    sc9mcpp140z_cln28ht_base_ulvt_c30_ssg_cworstt_max_0p81v_125c    slow 
NAND4BB_X3M_A9PP140ZTUL_C30              11      19.404    sc9mcpp140z_cln28ht_base_ulvt_c30_ssg_cworstt_max_0p81v_125c    slow 
NAND4BB_X4M_A9PP140ZTUL_C30               5      11.340    sc9mcpp140z_cln28ht_base_ulvt_c30_ssg_cworstt_max_0p81v_125c    slow 
NAND4BB_X6M_A9PP140ZTUL_C30               3      10.584    sc9mcpp140z_cln28ht_base_ulvt_c30_ssg_cworstt_max_0p81v_125c    slow 
NAND4XXXB_X0P5M_A9PP140ZTUL_C30           1       0.756    sc9mcpp140z_cln28ht_base_ulvt_c30_ssg_cworstt_max_0p81v_125c    slow 
NAND4XXXB_X0P7M_A9PP140ZTUL_C30           1       0.756    sc9mcpp140z_cln28ht_base_ulvt_c30_ssg_cworstt_max_0p81v_125c    slow 
NAND4XXXB_X1M_A9PP140ZTUL_C30             7       5.292    sc9mcpp140z_cln28ht_base_ulvt_c30_ssg_cworstt_max_0p81v_125c    slow 
NAND4XXXB_X2M_A9PP140ZTUL_C30             1       1.386    sc9mcpp140z_cln28ht_base_ulvt_c30_ssg_cworstt_max_0p81v_125c    slow 
NAND4_X1A_A9PP140ZTUL_C30                 7       4.410    sc9mcpp140z_cln28ht_base_ulvt_c30_ssg_cworstt_max_0p81v_125c    slow 
NAND4_X1M_A9PP140ZTUL_C30                 4       2.520    sc9mcpp140z_cln28ht_base_ulvt_c30_ssg_cworstt_max_0p81v_125c    slow 
NAND4_X2A_A9PP140ZTUL_C30                 7       7.938    sc9mcpp140z_cln28ht_base_ulvt_c30_ssg_cworstt_max_0p81v_125c    slow 
NAND4_X2M_A9PP140ZTUL_C30                 3       3.402    sc9mcpp140z_cln28ht_base_ulvt_c30_ssg_cworstt_max_0p81v_125c    slow 
NAND4_X3A_A9PP140ZTUL_C30                 4       6.552    sc9mcpp140z_cln28ht_base_ulvt_c30_ssg_cworstt_max_0p81v_125c    slow 
NAND4_X3M_A9PP140ZTUL_C30                 3       4.914    sc9mcpp140z_cln28ht_base_ulvt_c30_ssg_cworstt_max_0p81v_125c    slow 
NAND4_X4A_A9PP140ZTUL_C30                 2       4.284    sc9mcpp140z_cln28ht_base_ulvt_c30_ssg_cworstt_max_0p81v_125c    slow 
NAND4_X4M_A9PP140ZTUL_C30                 3       6.426    sc9mcpp140z_cln28ht_base_ulvt_c30_ssg_cworstt_max_0p81v_125c    slow 
NAND4_X6A_A9PP140ZTUL_C30                 4      12.600    sc9mcpp140z_cln28ht_hpk_ulvt_c30_ssg_cworstt_max_0p81v_125c     slow 
NAND4_X6M_A9PP140ZTUL_C30                 2       6.300    sc9mcpp140z_cln28ht_hpk_ulvt_c30_ssg_cworstt_max_0p81v_125c     slow 
NOR2B_X0P5M_A9PP140ZTUL_C30               3       1.512    sc9mcpp140z_cln28ht_base_ulvt_c30_ssg_cworstt_max_0p81v_125c    slow 
NOR2B_X0P7M_A9PP140ZTUL_C30               1       0.504    sc9mcpp140z_cln28ht_base_ulvt_c30_ssg_cworstt_max_0p81v_125c    slow 
NOR2B_X1M_A9PP140ZTUL_C30              2839    1430.856    sc9mcpp140z_cln28ht_base_ulvt_c30_ssg_cworstt_max_0p81v_125c    slow 
NOR2B_X2M_A9PP140ZTUL_C30                37      27.972    sc9mcpp140z_cln28ht_base_ulvt_c30_ssg_cworstt_max_0p81v_125c    slow 
NOR2B_X3M_A9PP140ZTUL_C30                 1       1.008    sc9mcpp140z_cln28ht_base_ulvt_c30_ssg_cworstt_max_0p81v_125c    slow 
NOR2B_X4M_A9PP140ZTUL_C30                 2       2.520    sc9mcpp140z_cln28ht_base_ulvt_c30_ssg_cworstt_max_0p81v_125c    slow 
NOR2B_X6M_A9PP140ZTUL_C30                 3       5.670    sc9mcpp140z_cln28ht_base_ulvt_c30_ssg_cworstt_max_0p81v_125c    slow 
NOR2XB_X0P5M_A9PP140ZTUL_C30             47      23.688    sc9mcpp140z_cln28ht_base_ulvt_c30_ssg_cworstt_max_0p81v_125c    slow 
NOR2XB_X0P7M_A9PP140ZTUL_C30              4       2.016    sc9mcpp140z_cln28ht_base_ulvt_c30_ssg_cworstt_max_0p81v_125c    slow 
NOR2XB_X1M_A9PP140ZTUL_C30              366     184.464    sc9mcpp140z_cln28ht_base_ulvt_c30_ssg_cworstt_max_0p81v_125c    slow 
NOR2XB_X2M_A9PP140ZTUL_C30               48      36.288    sc9mcpp140z_cln28ht_base_ulvt_c30_ssg_cworstt_max_0p81v_125c    slow 
NOR2XB_X3M_A9PP140ZTUL_C30                7       7.056    sc9mcpp140z_cln28ht_base_ulvt_c30_ssg_cworstt_max_0p81v_125c    slow 
NOR2XB_X4M_A9PP140ZTUL_C30                5       6.300    sc9mcpp140z_cln28ht_base_ulvt_c30_ssg_cworstt_max_0p81v_125c    slow 
NOR2XB_X6M_A9PP140ZTUL_C30                5       9.450    sc9mcpp140z_cln28ht_base_ulvt_c30_ssg_cworstt_max_0p81v_125c    slow 
NOR2_X0P7A_A9PP140ZTUL_C30               17       6.426    sc9mcpp140z_cln28ht_base_ulvt_c30_ssg_cworstt_max_0p81v_125c    slow 
NOR2_X0P7B_A9PP140ZTUL_C30               58      21.924    sc9mcpp140z_cln28ht_base_ulvt_c30_ssg_cworstt_max_0p81v_125c    slow 
NOR2_X0P7M_A9PP140ZTUL_C30                2       0.756    sc9mcpp140z_cln28ht_base_ulvt_c30_ssg_cworstt_max_0p81v_125c    slow 
NOR2_X11A_A9PP140ZTUL_C30                12      34.776    sc9mcpp140z_cln28ht_hpk_ulvt_c30_ssg_cworstt_max_0p81v_125c     slow 
NOR2_X11B_A9PP140ZTUL_C30                 5      14.490    sc9mcpp140z_cln28ht_hpk_ulvt_c30_ssg_cworstt_max_0p81v_125c     slow 
NOR2_X11M_A9PP140ZTUL_C30                 5      14.490    sc9mcpp140z_cln28ht_hpk_ulvt_c30_ssg_cworstt_max_0p81v_125c     slow 
NOR2_X11TA_A9PP140ZTUL_C30                9      39.690    sc9mcpp140z_cln28ht_hpk_ulvt_c30_ssg_cworstt_max_0p81v_125c     slow 
NOR2_X1A_A9PP140ZTUL_C30               5635    2130.030    sc9mcpp140z_cln28ht_base_ulvt_c30_ssg_cworstt_max_0p81v_125c    slow 
NOR2_X1B_A9PP140ZTUL_C30               1367     516.726    sc9mcpp140z_cln28ht_base_ulvt_c30_ssg_cworstt_max_0p81v_125c    slow 
NOR2_X1M_A9PP140ZTUL_C30               1441     544.698    sc9mcpp140z_cln28ht_base_ulvt_c30_ssg_cworstt_max_0p81v_125c    slow 
NOR2_X1P4A_A9PP140ZTUL_C30                6       3.780    sc9mcpp140z_cln28ht_base_ulvt_c30_ssg_cworstt_max_0p81v_125c    slow 
NOR2_X1P4M_A9PP140ZTUL_C30                3       1.890    sc9mcpp140z_cln28ht_base_ulvt_c30_ssg_cworstt_max_0p81v_125c    slow 
NOR2_X1P4TA_A9PP140ZTUL_C30              17      12.852    sc9mcpp140z_cln28ht_hpk_ulvt_c30_ssg_cworstt_max_0p81v_125c     slow 
NOR2_X1TA_A9PP140ZTUL_C30               262     132.048    sc9mcpp140z_cln28ht_hpk_ulvt_c30_ssg_cworstt_max_0p81v_125c     slow 
NOR2_X2A_A9PP140ZTUL_C30               1036     652.680    sc9mcpp140z_cln28ht_base_ulvt_c30_ssg_cworstt_max_0p81v_125c    slow 
NOR2_X2B_A9PP140ZTUL_C30                 44      27.720    sc9mcpp140z_cln28ht_base_ulvt_c30_ssg_cworstt_max_0p81v_125c    slow 
NOR2_X2M_A9PP140ZTUL_C30                298     187.740    sc9mcpp140z_cln28ht_base_ulvt_c30_ssg_cworstt_max_0p81v_125c    slow 
NOR2_X2TA_A9PP140ZTUL_C30                96      84.672    sc9mcpp140z_cln28ht_hpk_ulvt_c30_ssg_cworstt_max_0p81v_125c     slow 
NOR2_X3A_A9PP140ZTUL_C30                411     362.502    sc9mcpp140z_cln28ht_base_ulvt_c30_ssg_cworstt_max_0p81v_125c    slow 
NOR2_X3B_A9PP140ZTUL_C30                 22      19.404    sc9mcpp140z_cln28ht_base_ulvt_c30_ssg_cworstt_max_0p81v_125c    slow 
NOR2_X3M_A9PP140ZTUL_C30                 67      59.094    sc9mcpp140z_cln28ht_base_ulvt_c30_ssg_cworstt_max_0p81v_125c    slow 
NOR2_X3TA_A9PP140ZTUL_C30                49      61.740    sc9mcpp140z_cln28ht_hpk_ulvt_c30_ssg_cworstt_max_0p81v_125c     slow 
NOR2_X4A_A9PP140ZTUL_C30                371     420.714    sc9mcpp140z_cln28ht_base_ulvt_c30_ssg_cworstt_max_0p81v_125c    slow 
NOR2_X4B_A9PP140ZTUL_C30                 35      39.690    sc9mcpp140z_cln28ht_base_ulvt_c30_ssg_cworstt_max_0p81v_125c    slow 
NOR2_X4M_A9PP140ZTUL_C30                 95     107.730    sc9mcpp140z_cln28ht_base_ulvt_c30_ssg_cworstt_max_0p81v_125c    slow 
NOR2_X4TA_A9PP140ZTUL_C30                95     155.610    sc9mcpp140z_cln28ht_hpk_ulvt_c30_ssg_cworstt_max_0p81v_125c     slow 
NOR2_X6A_A9PP140ZTUL_C30                117     191.646    sc9mcpp140z_cln28ht_base_ulvt_c30_ssg_cworstt_max_0p81v_125c    slow 
NOR2_X6B_A9PP140ZTUL_C30                 18      29.484    sc9mcpp140z_cln28ht_base_ulvt_c30_ssg_cworstt_max_0p81v_125c    slow 
NOR2_X6M_A9PP140ZTUL_C30                 64     104.832    sc9mcpp140z_cln28ht_base_ulvt_c30_ssg_cworstt_max_0p81v_125c    slow 
NOR2_X6TA_A9PP140ZTUL_C30                48     114.912    sc9mcpp140z_cln28ht_hpk_ulvt_c30_ssg_cworstt_max_0p81v_125c     slow 
NOR2_X8A_A9PP140ZTUL_C30                 45      96.390    sc9mcpp140z_cln28ht_base_ulvt_c30_ssg_cworstt_max_0p81v_125c    slow 
NOR2_X8B_A9PP140ZTUL_C30                  6      12.852    sc9mcpp140z_cln28ht_base_ulvt_c30_ssg_cworstt_max_0p81v_125c    slow 
NOR2_X8M_A9PP140ZTUL_C30                 21      44.982    sc9mcpp140z_cln28ht_base_ulvt_c30_ssg_cworstt_max_0p81v_125c    slow 
NOR2_X8TA_A9PP140ZTUL_C30                20      63.000    sc9mcpp140z_cln28ht_hpk_ulvt_c30_ssg_cworstt_max_0p81v_125c     slow 
NOR3BB_X0P7M_A9PP140ZTUL_C30            137      86.310    sc9mcpp140z_cln28ht_base_ulvt_c30_ssg_cworstt_max_0p81v_125c    slow 
NOR3BB_X1M_A9PP140ZTUL_C30               67      42.210    sc9mcpp140z_cln28ht_base_ulvt_c30_ssg_cworstt_max_0p81v_125c    slow 
NOR3BB_X1P4M_A9PP140ZTUL_C30             39      34.398    sc9mcpp140z_cln28ht_base_ulvt_c30_ssg_cworstt_max_0p81v_125c    slow 
NOR3BB_X2M_A9PP140ZTUL_C30               22      19.404    sc9mcpp140z_cln28ht_base_ulvt_c30_ssg_cworstt_max_0p81v_125c    slow 
NOR3BB_X3M_A9PP140ZTUL_C30                8      11.088    sc9mcpp140z_cln28ht_base_ulvt_c30_ssg_cworstt_max_0p81v_125c    slow 
NOR3BB_X4M_A9PP140ZTUL_C30                9      14.742    sc9mcpp140z_cln28ht_base_ulvt_c30_ssg_cworstt_max_0p81v_125c    slow 
NOR3BB_X6M_A9PP140ZTUL_C30                6      12.852    sc9mcpp140z_cln28ht_base_ulvt_c30_ssg_cworstt_max_0p81v_125c    slow 
NOR3BB_X8M_A9PP140ZTUL_C30                6      17.388    sc9mcpp140z_cln28ht_base_ulvt_c30_ssg_cworstt_max_0p81v_125c    slow 
NOR3_X1A_A9PP140ZTUL_C30                412     207.648    sc9mcpp140z_cln28ht_base_ulvt_c30_ssg_cworstt_max_0p81v_125c    slow 
NOR3_X1M_A9PP140ZTUL_C30                 76      38.304    sc9mcpp140z_cln28ht_base_ulvt_c30_ssg_cworstt_max_0p81v_125c    slow 
NOR3_X2A_A9PP140ZTUL_C30                 38      33.516    sc9mcpp140z_cln28ht_base_ulvt_c30_ssg_cworstt_max_0p81v_125c    slow 
NOR3_X2M_A9PP140ZTUL_C30                 17      14.994    sc9mcpp140z_cln28ht_base_ulvt_c30_ssg_cworstt_max_0p81v_125c    slow 
NOR3_X3A_A9PP140ZTUL_C30                 17      21.420    sc9mcpp140z_cln28ht_base_ulvt_c30_ssg_cworstt_max_0p81v_125c    slow 
NOR3_X3M_A9PP140ZTUL_C30                  7       8.820    sc9mcpp140z_cln28ht_base_ulvt_c30_ssg_cworstt_max_0p81v_125c    slow 
NOR3_X4A_A9PP140ZTUL_C30                 21      34.398    sc9mcpp140z_cln28ht_base_ulvt_c30_ssg_cworstt_max_0p81v_125c    slow 
NOR3_X4M_A9PP140ZTUL_C30                  8      13.104    sc9mcpp140z_cln28ht_base_ulvt_c30_ssg_cworstt_max_0p81v_125c    slow 
NOR3_X6A_A9PP140ZTUL_C30                 27      64.638    sc9mcpp140z_cln28ht_hpk_ulvt_c30_ssg_cworstt_max_0p81v_125c     slow 
NOR3_X6M_A9PP140ZTUL_C30                  4       9.576    sc9mcpp140z_cln28ht_hpk_ulvt_c30_ssg_cworstt_max_0p81v_125c     slow 
NOR4BB_X0P5M_A9PP140ZTUL_C30              2       1.512    sc9mcpp140z_cln28ht_base_ulvt_c30_ssg_cworstt_max_0p81v_125c    slow 
NOR4BB_X0P7M_A9PP140ZTUL_C30              7       5.292    sc9mcpp140z_cln28ht_base_ulvt_c30_ssg_cworstt_max_0p81v_125c    slow 
NOR4BB_X1M_A9PP140ZTUL_C30               22      16.632    sc9mcpp140z_cln28ht_base_ulvt_c30_ssg_cworstt_max_0p81v_125c    slow 
NOR4BB_X2M_A9PP140ZTUL_C30                2       2.520    sc9mcpp140z_cln28ht_base_ulvt_c30_ssg_cworstt_max_0p81v_125c    slow 
NOR4BB_X3M_A9PP140ZTUL_C30                1       1.764    sc9mcpp140z_cln28ht_base_ulvt_c30_ssg_cworstt_max_0p81v_125c    slow 
NOR4BB_X4M_A9PP140ZTUL_C30                1       2.268    sc9mcpp140z_cln28ht_base_ulvt_c30_ssg_cworstt_max_0p81v_125c    slow 
OA1B2_X1M_A9PP140ZTUL_C30               139      87.570    sc9mcpp140z_cln28ht_base_ulvt_c30_ssg_cworstt_max_0p81v_125c    slow 
OA1B2_X1P4M_A9PP140ZTUL_C30              29      25.578    sc9mcpp140z_cln28ht_base_ulvt_c30_ssg_cworstt_max_0p81v_125c    slow 
OA1B2_X2M_A9PP140ZTUL_C30                25      28.350    sc9mcpp140z_cln28ht_base_ulvt_c30_ssg_cworstt_max_0p81v_125c    slow 
OA1B2_X3M_A9PP140ZTUL_C30                 9      12.474    sc9mcpp140z_cln28ht_base_ulvt_c30_ssg_cworstt_max_0p81v_125c    slow 
OA1B2_X4M_A9PP140ZTUL_C30                 1       1.638    sc9mcpp140z_cln28ht_base_ulvt_c30_ssg_cworstt_max_0p81v_125c    slow 
OA211_X0P7M_A9PP140ZTUL_C30               2       1.764    sc9mcpp140z_cln28ht_base_ulvt_c30_ssg_cworstt_max_0p81v_125c    slow 
OA211_X1M_A9PP140ZTUL_C30                 2       1.764    sc9mcpp140z_cln28ht_base_ulvt_c30_ssg_cworstt_max_0p81v_125c    slow 
OA211_X1P4M_A9PP140ZTUL_C30               3       3.024    sc9mcpp140z_cln28ht_base_ulvt_c30_ssg_cworstt_max_0p81v_125c    slow 
OA211_X4M_A9PP140ZTUL_C30                 1       2.268    sc9mcpp140z_cln28ht_base_ulvt_c30_ssg_cworstt_max_0p81v_125c    slow 
OA21A1OI2_X0P7M_A9PP140ZTUL_C30          29      18.270    sc9mcpp140z_cln28ht_base_ulvt_c30_ssg_cworstt_max_0p81v_125c    slow 
OA21A1OI2_X1M_A9PP140ZTUL_C30           271     170.730    sc9mcpp140z_cln28ht_base_ulvt_c30_ssg_cworstt_max_0p81v_125c    slow 
OA21A1OI2_X1P4M_A9PP140ZTUL_C30           1       1.134    sc9mcpp140z_cln28ht_base_ulvt_c30_ssg_cworstt_max_0p81v_125c    slow 
OA21A1OI2_X2M_A9PP140ZTUL_C30            10      11.340    sc9mcpp140z_cln28ht_base_ulvt_c30_ssg_cworstt_max_0p81v_125c    slow 
OA21A1OI2_X3M_A9PP140ZTUL_C30             3       4.914    sc9mcpp140z_cln28ht_base_ulvt_c30_ssg_cworstt_max_0p81v_125c    slow 
OA21B_X1M_A9PP140ZTUL_C30               153      96.390    sc9mcpp140z_cln28ht_base_ulvt_c30_ssg_cworstt_max_0p81v_125c    slow 
OA21B_X1P4M_A9PP140ZTUL_C30              16      14.112    sc9mcpp140z_cln28ht_base_ulvt_c30_ssg_cworstt_max_0p81v_125c    slow 
OA21B_X2M_A9PP140ZTUL_C30                 8       9.072    sc9mcpp140z_cln28ht_base_ulvt_c30_ssg_cworstt_max_0p81v_125c    slow 
OA21B_X3M_A9PP140ZTUL_C30                 8      11.088    sc9mcpp140z_cln28ht_base_ulvt_c30_ssg_cworstt_max_0p81v_125c    slow 
OA21B_X4M_A9PP140ZTUL_C30                 1       1.638    sc9mcpp140z_cln28ht_base_ulvt_c30_ssg_cworstt_max_0p81v_125c    slow 
OA21_X0P5M_A9PP140ZTUL_C30                2       1.512    sc9mcpp140z_cln28ht_base_ulvt_c30_ssg_cworstt_max_0p81v_125c    slow 
OA21_X0P7M_A9PP140ZTUL_C30               17      12.852    sc9mcpp140z_cln28ht_base_ulvt_c30_ssg_cworstt_max_0p81v_125c    slow 
OA21_X1M_A9PP140ZTUL_C30                184     139.104    sc9mcpp140z_cln28ht_base_ulvt_c30_ssg_cworstt_max_0p81v_125c    slow 
OA21_X1P4M_A9PP140ZTUL_C30                2       1.764    sc9mcpp140z_cln28ht_base_ulvt_c30_ssg_cworstt_max_0p81v_125c    slow 
OA21_X2M_A9PP140ZTUL_C30                  1       0.882    sc9mcpp140z_cln28ht_base_ulvt_c30_ssg_cworstt_max_0p81v_125c    slow 
OA21_X3M_A9PP140ZTUL_C30                 10      13.860    sc9mcpp140z_cln28ht_base_ulvt_c30_ssg_cworstt_max_0p81v_125c    slow 
OAI211_X1M_A9PP140ZTUL_C30              116      73.080    sc9mcpp140z_cln28ht_base_ulvt_c30_ssg_cworstt_max_0p81v_125c    slow 
OAI211_X1P4M_A9PP140ZTUL_C30             17      19.278    sc9mcpp140z_cln28ht_base_ulvt_c30_ssg_cworstt_max_0p81v_125c    slow 
OAI211_X2M_A9PP140ZTUL_C30              153     173.502    sc9mcpp140z_cln28ht_base_ulvt_c30_ssg_cworstt_max_0p81v_125c    slow 
OAI211_X3M_A9PP140ZTUL_C30               20      32.760    sc9mcpp140z_cln28ht_base_ulvt_c30_ssg_cworstt_max_0p81v_125c    slow 
OAI211_X4M_A9PP140ZTUL_C30                3       6.426    sc9mcpp140z_cln28ht_base_ulvt_c30_ssg_cworstt_max_0p81v_125c    slow 
OAI21B_X1M_A9PP140ZTUL_C30               21      15.876    sc9mcpp140z_cln28ht_base_ulvt_c30_ssg_cworstt_max_0p81v_125c    slow 
OAI21B_X2M_A9PP140ZTUL_C30                6       6.804    sc9mcpp140z_cln28ht_base_ulvt_c30_ssg_cworstt_max_0p81v_125c    slow 
OAI21B_X3M_A9PP140ZTUL_C30               10      15.120    sc9mcpp140z_cln28ht_base_ulvt_c30_ssg_cworstt_max_0p81v_125c    slow 
OAI21B_X4M_A9PP140ZTUL_C30                1       1.890    sc9mcpp140z_cln28ht_base_ulvt_c30_ssg_cworstt_max_0p81v_125c    slow 
OAI21B_X6M_A9PP140ZTUL_C30                1       2.772    sc9mcpp140z_cln28ht_base_ulvt_c30_ssg_cworstt_max_0p81v_125c    slow 
OAI21B_X8M_A9PP140ZTUL_C30                1       3.528    sc9mcpp140z_cln28ht_base_ulvt_c30_ssg_cworstt_max_0p81v_125c    slow 
OAI21_X0P5M_A9PP140ZTUL_C30              16       8.064    sc9mcpp140z_cln28ht_base_ulvt_c30_ssg_cworstt_max_0p81v_125c    slow 
OAI21_X1A_A9PP140ZTUL_C30               894     450.576    sc9mcpp140z_cln28ht_hpk_ulvt_c30_ssg_cworstt_max_0p81v_125c     slow 
OAI21_X1M_A9PP140ZTUL_C30              1685     849.240    sc9mcpp140z_cln28ht_base_ulvt_c30_ssg_cworstt_max_0p81v_125c    slow 
OAI21_X1P4A_A9PP140ZTUL_C30               2       1.764    sc9mcpp140z_cln28ht_hpk_ulvt_c30_ssg_cworstt_max_0p81v_125c     slow 
OAI21_X1P4M_A9PP140ZTUL_C30              18      15.876    sc9mcpp140z_cln28ht_base_ulvt_c30_ssg_cworstt_max_0p81v_125c    slow 
OAI21_X2A_A9PP140ZTUL_C30               495     436.590    sc9mcpp140z_cln28ht_hpk_ulvt_c30_ssg_cworstt_max_0p81v_125c     slow 
OAI21_X2M_A9PP140ZTUL_C30               388     342.216    sc9mcpp140z_cln28ht_base_ulvt_c30_ssg_cworstt_max_0p81v_125c    slow 
OAI21_X3A_A9PP140ZTUL_C30                24      30.240    sc9mcpp140z_cln28ht_hpk_ulvt_c30_ssg_cworstt_max_0p81v_125c     slow 
OAI21_X3M_A9PP140ZTUL_C30                16      20.160    sc9mcpp140z_cln28ht_base_ulvt_c30_ssg_cworstt_max_0p81v_125c    slow 
OAI21_X4A_A9PP140ZTUL_C30                22      36.036    sc9mcpp140z_cln28ht_hpk_ulvt_c30_ssg_cworstt_max_0p81v_125c     slow 
OAI21_X4M_A9PP140ZTUL_C30                 8      13.104    sc9mcpp140z_cln28ht_base_ulvt_c30_ssg_cworstt_max_0p81v_125c    slow 
OAI21_X6M_A9PP140ZTUL_C30                 2       4.788    sc9mcpp140z_cln28ht_base_ulvt_c30_ssg_cworstt_max_0p81v_125c    slow 
OAI21_X8A_A9PP140ZTUL_C30                 1       3.150    sc9mcpp140z_cln28ht_hpk_ulvt_c30_ssg_cworstt_max_0p81v_125c     slow 
OAI22BB_X0P5M_A9PP140ZTUL_C30            50      44.100    sc9mcpp140z_cln28ht_base_ulvt_c30_ssg_cworstt_max_0p81v_125c    slow 
OAI22BB_X0P7M_A9PP140ZTUL_C30             1       0.882    sc9mcpp140z_cln28ht_base_ulvt_c30_ssg_cworstt_max_0p81v_125c    slow 
OAI22BB_X1M_A9PP140ZTUL_C30            2481    2188.242    sc9mcpp140z_cln28ht_base_ulvt_c30_ssg_cworstt_max_0p81v_125c    slow 
OAI22BB_X1P4M_A9PP140ZTUL_C30             3       3.780    sc9mcpp140z_cln28ht_base_ulvt_c30_ssg_cworstt_max_0p81v_125c    slow 
OAI22BB_X2M_A9PP140ZTUL_C30             181     228.060    sc9mcpp140z_cln28ht_base_ulvt_c30_ssg_cworstt_max_0p81v_125c    slow 
OAI22BB_X4M_A9PP140ZTUL_C30               2       4.536    sc9mcpp140z_cln28ht_base_ulvt_c30_ssg_cworstt_max_0p81v_125c    slow 
OAI22BB_X6M_A9PP140ZTUL_C30               1       3.024    sc9mcpp140z_cln28ht_base_ulvt_c30_ssg_cworstt_max_0p81v_125c    slow 
OAI22_X0P5M_A9PP140ZTUL_C30               4       2.520    sc9mcpp140z_cln28ht_base_ulvt_c30_ssg_cworstt_max_0p81v_125c    slow 
OAI22_X0P7A_A9PP140ZTUL_C30             519     326.970    sc9mcpp140z_cln28ht_hpk_ulvt_c30_ssg_cworstt_max_0p81v_125c     slow 
OAI22_X1A_A9PP140ZTUL_C30                37      23.310    sc9mcpp140z_cln28ht_hpk_ulvt_c30_ssg_cworstt_max_0p81v_125c     slow 
OAI22_X1M_A9PP140ZTUL_C30                63      39.690    sc9mcpp140z_cln28ht_base_ulvt_c30_ssg_cworstt_max_0p81v_125c    slow 
OAI22_X1P4A_A9PP140ZTUL_C30               4       4.536    sc9mcpp140z_cln28ht_hpk_ulvt_c30_ssg_cworstt_max_0p81v_125c     slow 
OAI22_X2A_A9PP140ZTUL_C30                 4       4.536    sc9mcpp140z_cln28ht_hpk_ulvt_c30_ssg_cworstt_max_0p81v_125c     slow 
OAI22_X2M_A9PP140ZTUL_C30                 1       1.134    sc9mcpp140z_cln28ht_base_ulvt_c30_ssg_cworstt_max_0p81v_125c    slow 
OAI22_X4M_A9PP140ZTUL_C30                 1       2.142    sc9mcpp140z_cln28ht_base_ulvt_c30_ssg_cworstt_max_0p81v_125c    slow 
OAI22_X6M_A9PP140ZTUL_C30                 1       3.150    sc9mcpp140z_cln28ht_base_ulvt_c30_ssg_cworstt_max_0p81v_125c    slow 
OAI2XB1_X0P5M_A9PP140ZTUL_C30             2       1.512    sc9mcpp140z_cln28ht_base_ulvt_c30_ssg_cworstt_max_0p81v_125c    slow 
OAI2XB1_X1M_A9PP140ZTUL_C30             501     378.756    sc9mcpp140z_cln28ht_base_ulvt_c30_ssg_cworstt_max_0p81v_125c    slow 
OAI2XB1_X1P4M_A9PP140ZTUL_C30            59      66.906    sc9mcpp140z_cln28ht_base_ulvt_c30_ssg_cworstt_max_0p81v_125c    slow 
OAI2XB1_X2M_A9PP140ZTUL_C30             130     147.420    sc9mcpp140z_cln28ht_base_ulvt_c30_ssg_cworstt_max_0p81v_125c    slow 
OAI2XB1_X3M_A9PP140ZTUL_C30              14      21.168    sc9mcpp140z_cln28ht_base_ulvt_c30_ssg_cworstt_max_0p81v_125c    slow 
OAI2XB1_X4M_A9PP140ZTUL_C30              12      24.192    sc9mcpp140z_cln28ht_base_ulvt_c30_ssg_cworstt_max_0p81v_125c    slow 
OAI2XB1_X6M_A9PP140ZTUL_C30               1       2.772    sc9mcpp140z_cln28ht_base_ulvt_c30_ssg_cworstt_max_0p81v_125c    slow 
OAI2XB1_X8M_A9PP140ZTUL_C30               2       7.308    sc9mcpp140z_cln28ht_base_ulvt_c30_ssg_cworstt_max_0p81v_125c    slow 
OAI31_X0P5M_A9PP140ZTUL_C30               1       0.630    sc9mcpp140z_cln28ht_base_ulvt_c30_ssg_cworstt_max_0p81v_125c    slow 
OAI31_X1M_A9PP140ZTUL_C30                88      55.440    sc9mcpp140z_cln28ht_base_ulvt_c30_ssg_cworstt_max_0p81v_125c    slow 
OAI31_X1P4M_A9PP140ZTUL_C30              23      26.082    sc9mcpp140z_cln28ht_base_ulvt_c30_ssg_cworstt_max_0p81v_125c    slow 
OAI31_X2M_A9PP140ZTUL_C30                36      45.360    sc9mcpp140z_cln28ht_base_ulvt_c30_ssg_cworstt_max_0p81v_125c    slow 
OAI31_X3M_A9PP140ZTUL_C30                26      42.588    sc9mcpp140z_cln28ht_base_ulvt_c30_ssg_cworstt_max_0p81v_125c    slow 
OR2_X0P5B_A9PP140ZTUL_C30                13       6.552    sc9mcpp140z_cln28ht_base_ulvt_c30_ssg_cworstt_max_0p81v_125c    slow 
OR2_X0P5M_A9PP140ZTUL_C30                 1       0.504    sc9mcpp140z_cln28ht_base_ulvt_c30_ssg_cworstt_max_0p81v_125c    slow 
OR2_X0P7B_A9PP140ZTUL_C30                 4       2.016    sc9mcpp140z_cln28ht_base_ulvt_c30_ssg_cworstt_max_0p81v_125c    slow 
OR2_X11M_A9PP140ZTUL_C30                114     387.828    sc9mcpp140z_cln28ht_base_ulvt_c30_ssg_cworstt_max_0p81v_125c    slow 
OR2_X11TM_A9PP140ZTUL_C30                22      94.248    sc9mcpp140z_cln28ht_hpk_ulvt_c30_ssg_cworstt_max_0p81v_125c     slow 
OR2_X1B_A9PP140ZTUL_C30                 395     199.080    sc9mcpp140z_cln28ht_base_ulvt_c30_ssg_cworstt_max_0p81v_125c    slow 
OR2_X1M_A9PP140ZTUL_C30                1475     743.400    sc9mcpp140z_cln28ht_base_ulvt_c30_ssg_cworstt_max_0p81v_125c    slow 
OR2_X1P4M_A9PP140ZTUL_C30                29      18.270    sc9mcpp140z_cln28ht_base_ulvt_c30_ssg_cworstt_max_0p81v_125c    slow 
OR2_X1P4TM_A9PP140ZTUL_C30                1       0.882    sc9mcpp140z_cln28ht_hpk_ulvt_c30_ssg_cworstt_max_0p81v_125c     slow 
OR2_X1TM_A9PP140ZTUL_C30                  2       1.512    sc9mcpp140z_cln28ht_hpk_ulvt_c30_ssg_cworstt_max_0p81v_125c     slow 
OR2_X2M_A9PP140ZTUL_C30                  34      21.420    sc9mcpp140z_cln28ht_base_ulvt_c30_ssg_cworstt_max_0p81v_125c    slow 
OR2_X2TM_A9PP140ZTUL_C30                  8       7.056    sc9mcpp140z_cln28ht_hpk_ulvt_c30_ssg_cworstt_max_0p81v_125c     slow 
OR2_X3B_A9PP140ZTUL_C30                   1       1.008    sc9mcpp140z_cln28ht_base_ulvt_c30_ssg_cworstt_max_0p81v_125c    slow 
OR2_X3M_A9PP140ZTUL_C30                 121     121.968    sc9mcpp140z_cln28ht_base_ulvt_c30_ssg_cworstt_max_0p81v_125c    slow 
OR2_X3TM_A9PP140ZTUL_C30                 14      19.404    sc9mcpp140z_cln28ht_hpk_ulvt_c30_ssg_cworstt_max_0p81v_125c     slow 
OR2_X4M_A9PP140ZTUL_C30                   8       9.072    sc9mcpp140z_cln28ht_base_ulvt_c30_ssg_cworstt_max_0p81v_125c    slow 
OR2_X4TM_A9PP140ZTUL_C30                  1       1.512    sc9mcpp140z_cln28ht_hpk_ulvt_c30_ssg_cworstt_max_0p81v_125c     slow 
OR2_X6M_A9PP140ZTUL_C30                  48      90.720    sc9mcpp140z_cln28ht_base_ulvt_c30_ssg_cworstt_max_0p81v_125c    slow 
OR2_X6TM_A9PP140ZTUL_C30                 10      25.200    sc9mcpp140z_cln28ht_hpk_ulvt_c30_ssg_cworstt_max_0p81v_125c     slow 
OR2_X8M_A9PP140ZTUL_C30                  71     169.974    sc9mcpp140z_cln28ht_base_ulvt_c30_ssg_cworstt_max_0p81v_125c    slow 
OR2_X8TM_A9PP140ZTUL_C30                  7      22.050    sc9mcpp140z_cln28ht_hpk_ulvt_c30_ssg_cworstt_max_0p81v_125c     slow 
OR3_X0P7M_A9PP140ZTUL_C30                 2       1.260    sc9mcpp140z_cln28ht_base_ulvt_c30_ssg_cworstt_max_0p81v_125c    slow 
OR3_X1M_A9PP140ZTUL_C30                   6       3.780    sc9mcpp140z_cln28ht_base_ulvt_c30_ssg_cworstt_max_0p81v_125c    slow 
OR3_X8M_A9PP140ZTUL_C30                   4      12.096    sc9mcpp140z_cln28ht_base_ulvt_c30_ssg_cworstt_max_0p81v_125c    slow 
OR4_X1M_A9PP140ZTUL_C30                   1       1.008    sc9mcpp140z_cln28ht_base_ulvt_c30_ssg_cworstt_max_0p81v_125c    slow 
OR4_X2M_A9PP140ZTUL_C30                   3       3.780    sc9mcpp140z_cln28ht_base_ulvt_c30_ssg_cworstt_max_0p81v_125c    slow 
OR4_X3M_A9PP140ZTUL_C30                   7      14.112    sc9mcpp140z_cln28ht_base_ulvt_c30_ssg_cworstt_max_0p81v_125c    slow 
OR4_X6M_A9PP140ZTUL_C30                   2       7.560    sc9mcpp140z_cln28ht_base_ulvt_c30_ssg_cworstt_max_0p81v_125c    slow 
OR4_X8M_A9PP140ZTUL_C30                   8      38.304    sc9mcpp140z_cln28ht_base_ulvt_c30_ssg_cworstt_max_0p81v_125c    slow 
XNOR2_X0P5M_A9PP140ZTUL_C30             179     135.324    sc9mcpp140z_cln28ht_base_ulvt_c30_ssg_cworstt_max_0p81v_125c    slow 
XNOR2_X0P7M_A9PP140ZTUL_C30            6382    4824.792    sc9mcpp140z_cln28ht_base_ulvt_c30_ssg_cworstt_max_0p81v_125c    slow 
XNOR2_X1M_A9PP140ZTUL_C30                 4       4.536    sc9mcpp140z_cln28ht_base_ulvt_c30_ssg_cworstt_max_0p81v_125c    slow 
XNOR2_X1P4M_A9PP140ZTUL_C30              99     112.266    sc9mcpp140z_cln28ht_base_ulvt_c30_ssg_cworstt_max_0p81v_125c    slow 
XNOR2_X2M_A9PP140ZTUL_C30                23      34.776    sc9mcpp140z_cln28ht_base_ulvt_c30_ssg_cworstt_max_0p81v_125c    slow 
XNOR2_X3M_A9PP140ZTUL_C30                 9      18.144    sc9mcpp140z_cln28ht_base_ulvt_c30_ssg_cworstt_max_0p81v_125c    slow 
XNOR2_X4M_A9PP140ZTUL_C30                11      29.106    sc9mcpp140z_cln28ht_base_ulvt_c30_ssg_cworstt_max_0p81v_125c    slow 
XNOR3_X0P5M_A9PP140ZTUL_C30               9      13.608    sc9mcpp140z_cln28ht_base_ulvt_c30_ssg_cworstt_max_0p81v_125c    slow 
XNOR3_X0P7M_A9PP140ZTUL_C30              26      39.312    sc9mcpp140z_cln28ht_base_ulvt_c30_ssg_cworstt_max_0p81v_125c    slow 
XNOR3_X1M_A9PP140ZTUL_C30                 1       1.890    sc9mcpp140z_cln28ht_base_ulvt_c30_ssg_cworstt_max_0p81v_125c    slow 
XNOR3_X2M_A9PP140ZTUL_C30                 2       4.536    sc9mcpp140z_cln28ht_base_ulvt_c30_ssg_cworstt_max_0p81v_125c    slow 
XOR2_X0P5M_A9PP140ZTUL_C30               73      55.188    sc9mcpp140z_cln28ht_base_ulvt_c30_ssg_cworstt_max_0p81v_125c    slow 
XOR2_X0P7M_A9PP140ZTUL_C30              340     257.040    sc9mcpp140z_cln28ht_base_ulvt_c30_ssg_cworstt_max_0p81v_125c    slow 
XOR2_X1P4M_A9PP140ZTUL_C30                5       5.670    sc9mcpp140z_cln28ht_base_ulvt_c30_ssg_cworstt_max_0p81v_125c    slow 
XOR2_X2M_A9PP140ZTUL_C30                  5       7.560    sc9mcpp140z_cln28ht_base_ulvt_c30_ssg_cworstt_max_0p81v_125c    slow 
XOR2_X3M_A9PP140ZTUL_C30                  1       2.016    sc9mcpp140z_cln28ht_base_ulvt_c30_ssg_cworstt_max_0p81v_125c    slow 
XOR2_X4M_A9PP140ZTUL_C30                  3       7.938    sc9mcpp140z_cln28ht_base_ulvt_c30_ssg_cworstt_max_0p81v_125c    slow 
XOR3_X0P5M_A9PP140ZTUL_C30                7      10.584    sc9mcpp140z_cln28ht_base_ulvt_c30_ssg_cworstt_max_0p81v_125c    slow 
XOR3_X0P7M_A9PP140ZTUL_C30               48      72.576    sc9mcpp140z_cln28ht_base_ulvt_c30_ssg_cworstt_max_0p81v_125c    slow 
XOR3_X1M_A9PP140ZTUL_C30                  7      13.230    sc9mcpp140z_cln28ht_base_ulvt_c30_ssg_cworstt_max_0p81v_125c    slow 
XOR3_X2M_A9PP140ZTUL_C30                  3       6.804    sc9mcpp140z_cln28ht_base_ulvt_c30_ssg_cworstt_max_0p81v_125c    slow 
--------------------------------------------------------------------------------------------------------------------------------
total                                132818  145753.524                                                                 


                           Library                           Instances    Area    Instances % 
----------------------------------------------------------------------------------------------
sc9mcpp140z_cln28ht_base_ulvt_c30_ssg_cworstt_max_0p81v_125c    128228 142056.558        96.5 
sc9mcpp140z_cln28ht_hpk_ulvt_c30_ssg_cworstt_max_0p81v_125c       4590   3696.966         3.5 

                                           
     Type      Instances    Area    Area % 
-------------------------------------------
sequential         20317  44438.688   29.7 
inverter           12202   4148.046    2.8 
buffer              2258   1892.520    1.3 
logic              98041  95274.270   63.7 
physical_cells      6637   3729.222    2.5 
-------------------------------------------
total             139455 149482.746  100.0 

