  =================
   Message Summary
  =================
-----------------------------------------------------------------------------------------------------------------------------------------------------------------
|   Id    |  Sev  |Count|                                                             Message Text                                                              |
-----------------------------------------------------------------------------------------------------------------------------------------------------------------
|CFM-1    |Info   |    2|Wrote dofile.                                                                                                                          |
|CFM-5    |Info   |    1|Wrote formal verification information.                                                                                                 |
|GLO-51   |Info   |   20|Hierarchical instance automatically ungrouped.                                                                                         |
|         |       |     |Hierarchical instances can be automatically ungrouped to allow for better area or timing optimization. To prevent this ungroup, set the|
|         |       |     | root-level attribute 'auto_ungroup' to 'none'. You can also prevent individual ungroup with setting the attribute 'ungroup_ok' of     |
|         |       |     | instances or modules to 'false'.                                                                                                      |
|INVS-8   |Info   |    1|Innovus executable found.                                                                                                              |
|         |       |     |The specified Innovus executable will be used for the Innovus batch jobs.                                                              |
|INVS-13  |Info   |    1|The design has been changed by Innovus.                                                                                                |
|         |       |     |The design was changed during QoS prediction. This may include netlist structural changes.                                             |
|INVS-18  |Info   |    1|The following executable version was used for the Innovus session.                                                                     |
|         |       |     |The specified Innovus version was used for the Innovus batch job.                                                                      |
|INVS-99  |Info   |    2|Setting Innovus attribute that is not used by Genus.                                                                                   |
|         |       |     |This attribute exists to allow configuration of Innovus from Genus.                                                                    |
|LBR-109  |Info   |    1|Set default library domain.                                                                                                            |
|LBR-168  |Warning|    1|Invalid library establishment.                                                                                                         |
|         |       |     |Establish library after setting the default library domain.                                                                            |
|LBR-412  |Info   |   18|Created nominal operating condition.                                                                                                   |
|         |       |     |The nominal operating condition is represented, either by the nominal PVT values specified in the library source                       |
|         |       |     | (via nom_process,nom_voltage and nom_temperature respectively), or by the default PVT values (1.0,1.0,1.0).                           |
|MESG-6   |Warning|   16|Message truncated because it exceeds the maximum length of 4096 characters.                                                            |
|         |       |     |By default messages are limited to 4096 characters. All characters after the 4096 character limit are truncated. To remove this limit, |
|         |       |     | set the message attribute 'truncate' to 'false'. However, this may dramatically increase the size of the log file.                    |
|MESG-11  |Warning|   20|Maximum message print count reached.                                                                                                   |
|MMMC-100 |Warning|    2|The given constraint mode is dangling and is not associated with any analysis_view.                                                    |
|         |       |     |No timing modes with name INACTIVE_<constraint_mode> will be created. The constraints will not be maintained/renamed for this          |
|         |       |     | constraint mode during the flow.                                                                                                      |
|PHYS-12  |Warning|    1|The variant range of wire parameters is too large. An example of wire parameters are, a WIDTH for layer, PITCH for layer, MINSPACING   |
|         |       |     | for layers, etc.                                                                                                                      |
|         |       |     |Check the consistency of the parameters, and see if you can ignore this message or you're using different LEF file with wrong          |
|         |       |     | parameters.                                                                                                                           |
|PHYS-25  |Warning|    1|Minimum width of layer in LEF does not match minimum width of layer in cap table.                                                      |
|         |       |     |Compare the layer MinWidth of the cap_table_file with the MinWidth (WIDTH)                                                             |
|         |       |     | of the corresponding layer in LEF. Set the attribute 'shrink_factor' to adjust the MinWidth layer value in the captable file          |
|PHYS-52  |Info   |    1|Physical information has been annotated.                                                                                               |
|         |       |     |The physical information for the design has been prepared and annotated.                                                               |
|PHYS-90  |Info   |    3|Generating design database.                                                                                                            |
|         |       |     |The database contains all the files required to restore the design in the specified application.                                       |
|PHYS-256 |Warning|    3|Annotated physical data will be ignored for timing analysis.                                                                           |
|PHYS-262 |Warning|    3|Small lumped capacitance will be ignored.                                                                                              |
|PHYS-279 |Warning|    4|Physical cell not defined in library.                                                                                                  |
|         |       |     |Ensure that the proper library files are available and have been imported.                                                             |
|PHYS-280 |Warning|   20|Duplicate via definition.                                                                                                              |
|         |       |     |Only one via definition allowed. Check LEF and DEF via definitions.                                                                    |
|PHYS-428 |Error  |    1|The command has to be run with the '-initialize' switch first.                                                                         |
|         |       |     |Before highlighting movement the '-initialize' switch has to be used.                                                                  |
|PHYS-752 |Info   |    1|Partition Based Synthesis execution skipped.                                                                                           |
|PHYS-1019|Warning|    2|There are settings for use of this physical process that should be reviewed as they are likely inappropriate.                          |
|         |       |     |Review associated messages in log file.                                                                                                |
|PHYS-1025|Warning|    1|Path-groups have been reset before iSpatial.                                                                                           |
|         |       |     |Recreation of path-groups is left to the user after iSpatial for reporting.                                                            |
|RPT-16   |Info   |    1|Joules engine is used.                                                                                                                 |
|RTLOPT-55|Warning|    4|Inferred datapath logic has changed and cannot be considered for datapath optimizations.                                               |
|         |       |     |For best results, ensure this command is issued after syn_map, when all datapath optimizations have finished.                          |
|ST-110   |Info   |    7|Connection established with super-threading server.                                                                                    |
|         |       |     |The tool is entering super-threading mode and has established a connection with a CPU server process.  This is enabled by the root     |
|         |       |     | attributes 'super_thread_servers' or 'auto_super_thread'.                                                                             |
|ST-112   |Info   |    7|A super-threading server has been shut down normally.                                                                                  |
|         |       |     |A super-threaded optimization is complete and a CPU server was successfully shut down.                                                 |
|ST-128   |Info   |    1|Super thread servers are launched successfully.                                                                                        |
|SYNTH-2  |Info   |    1|Done synthesizing.                                                                                                                     |
|SYNTH-4  |Info   |    1|Mapping.                                                                                                                               |
|SYNTH-5  |Info   |    1|Done mapping.                                                                                                                          |
|TIM-45   |Info   |    1|AAE enabled for delay calculation.                                                                                                     |
|TUI-58   |Info   |    6|Removed object.                                                                                                                        |
|TUI-82   |Warning|    1|Enabling message severity downgrade.                                                                                                   |
-----------------------------------------------------------------------------------------------------------------------------------------------------------------
