============================================================
  Generated by:           Genus(TM) Synthesis Solution 22.10-p001_1
  Generated on:           Jan 13 2025  10:38:14 am
  Module:                 pp_fir_u_3
  Library domain:         timing_cond_wcl_slow
    Domain index:         0
    Technology library:   sc9mcpp140z_cln28ht_base_lvt_c30_ssg_cworstt_max_0p81v_125c 1.0
  Library domain:         timing_cond_wcl_fast
    Domain index:         1
    Technology library:   sc9mcpp140z_cln28ht_base_lvt_c30_ffg_cbestt_min_0p99v_m40c 1.0
  Library domain:         timing_cond_wcl_typical
    Domain index:         2
    Technology library:   sc9mcpp140z_cln28ht_base_lvt_c30_tt_ctypical_max_0p90v_25c 1.0
  Operating conditions:   ssg_cworstt_max_0p81v_125c 
  Operating conditions:   ffg_cbestt_min_0p99v_m40c 
  Operating conditions:   tt_ctypical_max_0p90v_25c 
  Interconnect mode:      placement
  Area mode:              physical library
============================================================

                                                      Leakage                                                                  Library 
            Gate              Instances    Area     Power (nW)                              Library                             Domain 
---------------------------------------------------------------------------------------------------------------------------------------
ADDF_X1M_A9PP140ZTL_C30            1356   2733.696   791004.337    sc9mcpp140z_cln28ht_base_lvt_c30_ssg_cworstt_max_0p81v_125c       0 
ADDF_X1P4M_A9PP140ZTL_C30            66    149.688    54611.126    sc9mcpp140z_cln28ht_base_lvt_c30_ssg_cworstt_max_0p81v_125c       0 
ADDF_X2M_A9PP140ZTL_C30              34     77.112    27776.891    sc9mcpp140z_cln28ht_base_lvt_c30_ssg_cworstt_max_0p81v_125c       0 
ADDH_X1M_A9PP140ZTL_C30              58     73.080    24217.587    sc9mcpp140z_cln28ht_base_lvt_c30_ssg_cworstt_max_0p81v_125c       0 
AND2_X1M_A9PP140ZTL_C30             219    110.376    38291.169    sc9mcpp140z_cln28ht_base_lvt_c30_ssg_cworstt_max_0p81v_125c       0 
AND2_X1P4M_A9PP140ZTL_C30             4      2.520     1020.401    sc9mcpp140z_cln28ht_base_lvt_c30_ssg_cworstt_max_0p81v_125c       0 
AND2_X2M_A9PP140ZTL_C30              10      6.300     2685.547    sc9mcpp140z_cln28ht_base_lvt_c30_ssg_cworstt_max_0p81v_125c       0 
AND2_X3M_A9PP140ZTL_C30              11     11.088     5627.315    sc9mcpp140z_cln28ht_base_lvt_c30_ssg_cworstt_max_0p81v_125c       0 
AND2_X8B_A9PP140ZTL_C30               1      1.890     1118.407    sc9mcpp140z_cln28ht_base_lvt_c30_ssg_cworstt_max_0p81v_125c       0 
AO1B2_X1M_A9PP140ZTL_C30             41     25.830     8790.000    sc9mcpp140z_cln28ht_base_lvt_c30_ssg_cworstt_max_0p81v_125c       0 
AO1B2_X1P4M_A9PP140ZTL_C30            1      0.882      348.011    sc9mcpp140z_cln28ht_base_lvt_c30_ssg_cworstt_max_0p81v_125c       0 
AO1B2_X2M_A9PP140ZTL_C30             18     15.876     6627.371    sc9mcpp140z_cln28ht_base_lvt_c30_ssg_cworstt_max_0p81v_125c       0 
AO1B2_X3M_A9PP140ZTL_C30             12     16.632     7510.246    sc9mcpp140z_cln28ht_base_lvt_c30_ssg_cworstt_max_0p81v_125c       0 
AO1B2_X4M_A9PP140ZTL_C30              9     14.742     7006.703    sc9mcpp140z_cln28ht_base_lvt_c30_ssg_cworstt_max_0p81v_125c       0 
AO1B2_X6M_A9PP140ZTL_C30              2      4.788     2363.106    sc9mcpp140z_cln28ht_base_lvt_c30_ssg_cworstt_max_0p81v_125c       0 
AO21A1AI2_X1M_A9PP140ZTL_C30         72     45.360     9432.932    sc9mcpp140z_cln28ht_base_lvt_c30_ssg_cworstt_max_0p81v_125c       0 
AO21A1AI2_X3M_A9PP140ZTL_C30          3      4.914     1209.826    sc9mcpp140z_cln28ht_base_lvt_c30_ssg_cworstt_max_0p81v_125c       0 
AO21B_X1M_A9PP140ZTL_C30             87     54.810    18358.258    sc9mcpp140z_cln28ht_base_lvt_c30_ssg_cworstt_max_0p81v_125c       0 
AO21B_X1P4M_A9PP140ZTL_C30            6      5.292     2067.020    sc9mcpp140z_cln28ht_base_lvt_c30_ssg_cworstt_max_0p81v_125c       0 
AO21B_X2M_A9PP140ZTL_C30             30     26.460    10884.227    sc9mcpp140z_cln28ht_base_lvt_c30_ssg_cworstt_max_0p81v_125c       0 
AO21B_X3M_A9PP140ZTL_C30             11     15.246     6780.050    sc9mcpp140z_cln28ht_base_lvt_c30_ssg_cworstt_max_0p81v_125c       0 
AO21B_X4M_A9PP140ZTL_C30              3      4.914     2360.918    sc9mcpp140z_cln28ht_base_lvt_c30_ssg_cworstt_max_0p81v_125c       0 
AO21B_X6M_A9PP140ZTL_C30              5     11.970     5920.291    sc9mcpp140z_cln28ht_base_lvt_c30_ssg_cworstt_max_0p81v_125c       0 
AO21_X1M_A9PP140ZTL_C30               5      3.780     1216.993    sc9mcpp140z_cln28ht_base_lvt_c30_ssg_cworstt_max_0p81v_125c       0 
AO21_X4M_A9PP140ZTL_C30               1      1.512      760.987    sc9mcpp140z_cln28ht_base_lvt_c30_ssg_cworstt_max_0p81v_125c       0 
AO21_X6M_A9PP140ZTL_C30               1      2.520     1323.765    sc9mcpp140z_cln28ht_base_lvt_c30_ssg_cworstt_max_0p81v_125c       0 
AOI211_X1M_A9PP140ZTL_C30             6      3.780     1186.620    sc9mcpp140z_cln28ht_base_lvt_c30_ssg_cworstt_max_0p81v_125c       0 
AOI211_X2M_A9PP140ZTL_C30             2      2.268      831.227    sc9mcpp140z_cln28ht_base_lvt_c30_ssg_cworstt_max_0p81v_125c       0 
AOI21B_X0P7M_A9PP140ZTL_C30           2      1.512      391.854    sc9mcpp140z_cln28ht_base_lvt_c30_ssg_cworstt_max_0p81v_125c       0 
AOI21B_X1M_A9PP140ZTL_C30             7      5.292     1331.580    sc9mcpp140z_cln28ht_base_lvt_c30_ssg_cworstt_max_0p81v_125c       0 
AOI21B_X2M_A9PP140ZTL_C30             4      4.536     1466.548    sc9mcpp140z_cln28ht_base_lvt_c30_ssg_cworstt_max_0p81v_125c       0 
AOI21_X0P5M_A9PP140ZTL_C30            2      1.008      294.203    sc9mcpp140z_cln28ht_base_lvt_c30_ssg_cworstt_max_0p81v_125c       0 
AOI21_X0P7M_A9PP140ZTL_C30            4      2.016      553.373    sc9mcpp140z_cln28ht_base_lvt_c30_ssg_cworstt_max_0p81v_125c       0 
AOI21_X1M_A9PP140ZTL_C30            345    173.880    50346.130    sc9mcpp140z_cln28ht_base_lvt_c30_ssg_cworstt_max_0p81v_125c       0 
AOI21_X1P4M_A9PP140ZTL_C30            5      4.410     1693.625    sc9mcpp140z_cln28ht_base_lvt_c30_ssg_cworstt_max_0p81v_125c       0 
AOI21_X2M_A9PP140ZTL_C30            213    187.866    68513.418    sc9mcpp140z_cln28ht_base_lvt_c30_ssg_cworstt_max_0p81v_125c       0 
AOI21_X3M_A9PP140ZTL_C30             56     70.560    28154.157    sc9mcpp140z_cln28ht_base_lvt_c30_ssg_cworstt_max_0p81v_125c       0 
AOI21_X4M_A9PP140ZTL_C30             34     55.692    22287.648    sc9mcpp140z_cln28ht_base_lvt_c30_ssg_cworstt_max_0p81v_125c       0 
AOI21_X6M_A9PP140ZTL_C30             15     35.910    14501.165    sc9mcpp140z_cln28ht_base_lvt_c30_ssg_cworstt_max_0p81v_125c       0 
AOI21_X8M_A9PP140ZTL_C30              2      6.300     2479.718    sc9mcpp140z_cln28ht_base_lvt_c30_ssg_cworstt_max_0p81v_125c       0 
AOI22BB_X1M_A9PP140ZTL_C30            5      4.410     1302.762    sc9mcpp140z_cln28ht_base_lvt_c30_ssg_cworstt_max_0p81v_125c       0 
AOI22BB_X2M_A9PP140ZTL_C30           22     27.720     9987.910    sc9mcpp140z_cln28ht_base_lvt_c30_ssg_cworstt_max_0p81v_125c       0 
AOI22BB_X3M_A9PP140ZTL_C30            3      5.670     2242.502    sc9mcpp140z_cln28ht_base_lvt_c30_ssg_cworstt_max_0p81v_125c       0 
AOI22BB_X4M_A9PP140ZTL_C30            4      9.072     3793.950    sc9mcpp140z_cln28ht_base_lvt_c30_ssg_cworstt_max_0p81v_125c       0 
AOI22_X1M_A9PP140ZTL_C30             10      6.300     1699.987    sc9mcpp140z_cln28ht_base_lvt_c30_ssg_cworstt_max_0p81v_125c       0 
AOI22_X2M_A9PP140ZTL_C30              8      9.072     2741.034    sc9mcpp140z_cln28ht_base_lvt_c30_ssg_cworstt_max_0p81v_125c       0 
AOI22_X3M_A9PP140ZTL_C30              2      3.276     1043.057    sc9mcpp140z_cln28ht_base_lvt_c30_ssg_cworstt_max_0p81v_125c       0 
AOI22_X6M_A9PP140ZTL_C30              1      3.150     1059.920    sc9mcpp140z_cln28ht_base_lvt_c30_ssg_cworstt_max_0p81v_125c       0 
AOI2XB1_X1M_A9PP140ZTL_C30           24     18.144     5838.976    sc9mcpp140z_cln28ht_base_lvt_c30_ssg_cworstt_max_0p81v_125c       0 
AOI2XB1_X2M_A9PP140ZTL_C30            9     10.206     4016.901    sc9mcpp140z_cln28ht_base_lvt_c30_ssg_cworstt_max_0p81v_125c       0 
AOI2XB1_X3M_A9PP140ZTL_C30            4      6.048     2484.067    sc9mcpp140z_cln28ht_base_lvt_c30_ssg_cworstt_max_0p81v_125c       0 
AOI2XB1_X4M_A9PP140ZTL_C30            4      8.064     3608.461    sc9mcpp140z_cln28ht_base_lvt_c30_ssg_cworstt_max_0p81v_125c       0 
AOI2XB1_X6M_A9PP140ZTL_C30            1      2.772     1351.604    sc9mcpp140z_cln28ht_base_lvt_c30_ssg_cworstt_max_0p81v_125c       0 
AOI2XB1_X8M_A9PP140ZTL_C30            1      3.654     1383.012    sc9mcpp140z_cln28ht_base_lvt_c30_ssg_cworstt_max_0p81v_125c       0 
AOI31_X1M_A9PP140ZTL_C30             20     12.600     2641.689    sc9mcpp140z_cln28ht_base_lvt_c30_ssg_cworstt_max_0p81v_125c       0 
AOI31_X1P4M_A9PP140ZTL_C30            3      3.402      626.273    sc9mcpp140z_cln28ht_base_lvt_c30_ssg_cworstt_max_0p81v_125c       0 
AOI31_X2M_A9PP140ZTL_C30              2      2.520      491.998    sc9mcpp140z_cln28ht_base_lvt_c30_ssg_cworstt_max_0p81v_125c       0 
AOI31_X3M_A9PP140ZTL_C30             10     16.380     4065.038    sc9mcpp140z_cln28ht_base_lvt_c30_ssg_cworstt_max_0p81v_125c       0 
AOI31_X4M_A9PP140ZTL_C30              5     10.710     2536.323    sc9mcpp140z_cln28ht_base_lvt_c30_ssg_cworstt_max_0p81v_125c       0 
AOI31_X6M_A9PP140ZTL_C30              5     15.750     3907.702    sc9mcpp140z_cln28ht_base_lvt_c30_ssg_cworstt_max_0p81v_125c       0 
BUFH_X16M_A9PP140ZTL_C30             18     63.504    55464.278    sc9mcpp140z_cln28ht_base_lvt_c30_ssg_cworstt_max_0p81v_125c       0 
BUFH_X1M_A9PP140ZTL_C30             132     49.896    24826.208    sc9mcpp140z_cln28ht_base_lvt_c30_ssg_cworstt_max_0p81v_125c       0 
BUFH_X2M_A9PP140ZTL_C30              80     40.320    24551.082    sc9mcpp140z_cln28ht_base_lvt_c30_ssg_cworstt_max_0p81v_125c       0 
BUFH_X3M_A9PP140ZTL_C30              78     58.968    43420.091    sc9mcpp140z_cln28ht_base_lvt_c30_ssg_cworstt_max_0p81v_125c       0 
BUFH_X3P5M_A9PP140ZTL_C30            10      8.820     6951.733    sc9mcpp140z_cln28ht_base_lvt_c30_ssg_cworstt_max_0p81v_125c       0 
BUFH_X4M_A9PP140ZTL_C30              53     46.746    35086.060    sc9mcpp140z_cln28ht_base_lvt_c30_ssg_cworstt_max_0p81v_125c       0 
BUF_X11M_A9PP140ZTL_C30              11     23.562    19602.515    sc9mcpp140z_cln28ht_base_lvt_c30_ssg_cworstt_max_0p81v_125c       0 
BUF_X13M_A9PP140ZTL_C30               2      4.788     4003.611    sc9mcpp140z_cln28ht_base_lvt_c30_ssg_cworstt_max_0p81v_125c       0 
BUF_X16M_A9PP140ZTL_C30               5     14.490    12466.604    sc9mcpp140z_cln28ht_base_lvt_c30_ssg_cworstt_max_0p81v_125c       0 
BUF_X1M_A9PP140ZTL_C30               54     20.412     8521.934    sc9mcpp140z_cln28ht_base_lvt_c30_ssg_cworstt_max_0p81v_125c       0 
BUF_X1P7M_A9PP140ZTL_C30              7      3.528     2177.424    sc9mcpp140z_cln28ht_base_lvt_c30_ssg_cworstt_max_0p81v_125c       0 
BUF_X2M_A9PP140ZTL_C30               10      5.040     2962.839    sc9mcpp140z_cln28ht_base_lvt_c30_ssg_cworstt_max_0p81v_125c       0 
BUF_X3M_A9PP140ZTL_C30               42     26.460    18035.120    sc9mcpp140z_cln28ht_base_lvt_c30_ssg_cworstt_max_0p81v_125c       0 
BUF_X3P5M_A9PP140ZTL_C30              6      4.536     3468.012    sc9mcpp140z_cln28ht_base_lvt_c30_ssg_cworstt_max_0p81v_125c       0 
BUF_X4M_A9PP140ZTL_C30               16     14.112    10269.244    sc9mcpp140z_cln28ht_base_lvt_c30_ssg_cworstt_max_0p81v_125c       0 
BUF_X5M_A9PP140ZTL_C30               26     26.208    20344.280    sc9mcpp140z_cln28ht_base_lvt_c30_ssg_cworstt_max_0p81v_125c       0 
BUF_X6M_A9PP140ZTL_C30               38     43.092    34688.182    sc9mcpp140z_cln28ht_base_lvt_c30_ssg_cworstt_max_0p81v_125c       0 
BUF_X7P5M_A9PP140ZTL_C30             10     15.120    13324.122    sc9mcpp140z_cln28ht_base_lvt_c30_ssg_cworstt_max_0p81v_125c       0 
BUF_X9M_A9PP140ZTL_C30                3      5.292     4260.683    sc9mcpp140z_cln28ht_base_lvt_c30_ssg_cworstt_max_0p81v_125c       0 
CGENCIN_X1P4M_A9PP140ZTL_C30          2      5.292     2682.567    sc9mcpp140z_cln28ht_base_lvt_c30_ssg_cworstt_max_0p81v_125c       0 
CGENI_X1M_A9PP140ZTL_C30            120     90.720    20053.672    sc9mcpp140z_cln28ht_base_lvt_c30_ssg_cworstt_max_0p81v_125c       0 
CGENI_X1P4M_A9PP140ZTL_C30            8     11.088     2674.857    sc9mcpp140z_cln28ht_base_lvt_c30_ssg_cworstt_max_0p81v_125c       0 
CGENI_X2M_A9PP140ZTL_C30            223    309.078    79003.529    sc9mcpp140z_cln28ht_base_lvt_c30_ssg_cworstt_max_0p81v_125c       0 
CGEN_X1M_A9PP140ZTL_C30             235    207.270    63338.358    sc9mcpp140z_cln28ht_base_lvt_c30_ssg_cworstt_max_0p81v_125c       0 
CGEN_X1P4M_A9PP140ZTL_C30            84     84.672    32581.554    sc9mcpp140z_cln28ht_base_lvt_c30_ssg_cworstt_max_0p81v_125c       0 
CGEN_X2M_A9PP140ZTL_C30             144    145.152    55390.674    sc9mcpp140z_cln28ht_base_lvt_c30_ssg_cworstt_max_0p81v_125c       0 
DFFRPQA_X1M_A9PP140ZTL_C30         1317   2821.014   934348.383    sc9mcpp140z_cln28ht_base_lvt_c30_ssg_cworstt_max_0p81v_125c       0 
DFFRPQNA_X1M_A9PP140ZTL_C30          31     62.496    19501.802    sc9mcpp140z_cln28ht_base_lvt_c30_ssg_cworstt_max_0p81v_125c       0 
DFFRPQN_X2M_A9PP140ZTL_C30            1      2.520      870.720    sc9mcpp140z_cln28ht_base_lvt_c30_ssg_cworstt_max_0p81v_125c       0 
DFFRPQ_X1M_A9PP140ZTL_C30            10     25.200     7644.513    sc9mcpp140z_cln28ht_base_lvt_c30_ssg_cworstt_max_0p81v_125c       0 
DFFRPQ_X2M_A9PP140ZTL_C30             8     21.168     7147.042    sc9mcpp140z_cln28ht_base_lvt_c30_ssg_cworstt_max_0p81v_125c       0 
DFFRPQ_X3M_A9PP140ZTL_C30             9     24.948     9019.960    sc9mcpp140z_cln28ht_base_lvt_c30_ssg_cworstt_max_0p81v_125c       0 
DFFRPQ_X4M_A9PP140ZTL_C30           117    353.808   144499.578    sc9mcpp140z_cln28ht_base_lvt_c30_ssg_cworstt_max_0p81v_125c       0 
INV_X0P6B_A9PP140ZTL_C30             55     13.860     3917.183    sc9mcpp140z_cln28ht_base_lvt_c30_ssg_cworstt_max_0p81v_125c       0 
INV_X0P7M_A9PP140ZTL_C30             11      2.772      970.852    sc9mcpp140z_cln28ht_base_lvt_c30_ssg_cworstt_max_0p81v_125c       0 
INV_X0P8B_A9PP140ZTL_C30             55     13.860     4371.137    sc9mcpp140z_cln28ht_base_lvt_c30_ssg_cworstt_max_0p81v_125c       0 
INV_X0P8M_A9PP140ZTL_C30            963    242.676    85671.109    sc9mcpp140z_cln28ht_base_lvt_c30_ssg_cworstt_max_0p81v_125c       0 
INV_X11M_A9PP140ZTL_C30              13     21.294    16555.407    sc9mcpp140z_cln28ht_base_lvt_c30_ssg_cworstt_max_0p81v_125c       0 
INV_X13M_A9PP140ZTL_C30              12     22.680    17921.456    sc9mcpp140z_cln28ht_base_lvt_c30_ssg_cworstt_max_0p81v_125c       0 
INV_X16M_A9PP140ZTL_C30               8     18.144    14812.396    sc9mcpp140z_cln28ht_base_lvt_c30_ssg_cworstt_max_0p81v_125c       0 
INV_X1B_A9PP140ZTL_C30              238     59.976    20103.543    sc9mcpp140z_cln28ht_base_lvt_c30_ssg_cworstt_max_0p81v_125c       0 
INV_X1M_A9PP140ZTL_C30             1332    335.664   112432.267    sc9mcpp140z_cln28ht_base_lvt_c30_ssg_cworstt_max_0p81v_125c       0 
INV_X1P4M_A9PP140ZTL_C30              6      2.268     1143.660    sc9mcpp140z_cln28ht_base_lvt_c30_ssg_cworstt_max_0p81v_125c       0 
INV_X1P7B_A9PP140ZTL_C30              2      0.756      371.417    sc9mcpp140z_cln28ht_base_lvt_c30_ssg_cworstt_max_0p81v_125c       0 
INV_X1P7M_A9PP140ZTL_C30             92     34.776    19145.039    sc9mcpp140z_cln28ht_base_lvt_c30_ssg_cworstt_max_0p81v_125c       0 
INV_X2B_A9PP140ZTL_C30               13      4.914     2483.390    sc9mcpp140z_cln28ht_base_lvt_c30_ssg_cworstt_max_0p81v_125c       0 
INV_X2M_A9PP140ZTL_C30              506    191.268    96538.937    sc9mcpp140z_cln28ht_base_lvt_c30_ssg_cworstt_max_0p81v_125c       0 
INV_X2P5B_A9PP140ZTL_C30              1      0.504      286.883    sc9mcpp140z_cln28ht_base_lvt_c30_ssg_cworstt_max_0p81v_125c       0 
INV_X2P5M_A9PP140ZTL_C30              1      0.504      334.465    sc9mcpp140z_cln28ht_base_lvt_c30_ssg_cworstt_max_0p81v_125c       0 
INV_X3B_A9PP140ZTL_C30                1      0.504      306.306    sc9mcpp140z_cln28ht_base_lvt_c30_ssg_cworstt_max_0p81v_125c       0 
INV_X3M_A9PP140ZTL_C30              134     67.536    40922.109    sc9mcpp140z_cln28ht_base_lvt_c30_ssg_cworstt_max_0p81v_125c       0 
INV_X3P5M_A9PP140ZTL_C30             50     31.500    23220.732    sc9mcpp140z_cln28ht_base_lvt_c30_ssg_cworstt_max_0p81v_125c       0 
INV_X4M_A9PP140ZTL_C30              105     66.150    44181.603    sc9mcpp140z_cln28ht_base_lvt_c30_ssg_cworstt_max_0p81v_125c       0 
INV_X5M_A9PP140ZTL_C30               20     15.120    10842.686    sc9mcpp140z_cln28ht_base_lvt_c30_ssg_cworstt_max_0p81v_125c       0 
INV_X6M_A9PP140ZTL_C30               39     34.398    26017.399    sc9mcpp140z_cln28ht_base_lvt_c30_ssg_cworstt_max_0p81v_125c       0 
INV_X7P5M_A9PP140ZTL_C30             35     39.690    34040.666    sc9mcpp140z_cln28ht_base_lvt_c30_ssg_cworstt_max_0p81v_125c       0 
INV_X9B_A9PP140ZTL_C30                1      1.260      985.692    sc9mcpp140z_cln28ht_base_lvt_c30_ssg_cworstt_max_0p81v_125c       0 
INV_X9M_A9PP140ZTL_C30                5      6.300     5082.186    sc9mcpp140z_cln28ht_base_lvt_c30_ssg_cworstt_max_0p81v_125c       0 
MX2_X3B_A9PP140ZTL_C30                1      2.142      963.640    sc9mcpp140z_cln28ht_base_lvt_c30_ssg_cworstt_max_0p81v_125c       0 
MXIT2_X0P5M_A9PP140ZTL_C30            1      0.882      315.965    sc9mcpp140z_cln28ht_base_lvt_c30_ssg_cworstt_max_0p81v_125c       0 
MXIT2_X0P7M_A9PP140ZTL_C30           22     19.404     7471.607    sc9mcpp140z_cln28ht_base_lvt_c30_ssg_cworstt_max_0p81v_125c       0 
MXIT2_X1M_A9PP140ZTL_C30            445    392.490   166048.919    sc9mcpp140z_cln28ht_base_lvt_c30_ssg_cworstt_max_0p81v_125c       0 
MXIT2_X1P4M_A9PP140ZTL_C30          283    356.580   180871.856    sc9mcpp140z_cln28ht_base_lvt_c30_ssg_cworstt_max_0p81v_125c       0 
MXIT2_X2M_A9PP140ZTL_C30             18     27.216    12954.968    sc9mcpp140z_cln28ht_base_lvt_c30_ssg_cworstt_max_0p81v_125c       0 
MXIT2_X3M_A9PP140ZTL_C30             32     56.448    31049.810    sc9mcpp140z_cln28ht_base_lvt_c30_ssg_cworstt_max_0p81v_125c       0 
MXIT2_X4M_A9PP140ZTL_C30            107    256.158   152275.263    sc9mcpp140z_cln28ht_base_lvt_c30_ssg_cworstt_max_0p81v_125c       0 
MXT2_X0P5B_A9PP140ZTL_C30           442    389.844   138315.186    sc9mcpp140z_cln28ht_base_lvt_c30_ssg_cworstt_max_0p81v_125c       0 
MXT2_X0P5M_A9PP140ZTL_C30             1      1.008      307.141    sc9mcpp140z_cln28ht_base_lvt_c30_ssg_cworstt_max_0p81v_125c       0 
MXT2_X2M_A9PP140ZTL_C30              19     21.546    11645.618    sc9mcpp140z_cln28ht_base_lvt_c30_ssg_cworstt_max_0p81v_125c       0 
MXT2_X3M_A9PP140ZTL_C30               7     13.230     7621.120    sc9mcpp140z_cln28ht_base_lvt_c30_ssg_cworstt_max_0p81v_125c       0 
MXT2_X4M_A9PP140ZTL_C30               2      4.032     2396.097    sc9mcpp140z_cln28ht_base_lvt_c30_ssg_cworstt_max_0p81v_125c       0 
MXT2_X6M_A9PP140ZTL_C30              10     30.240    18946.330    sc9mcpp140z_cln28ht_base_lvt_c30_ssg_cworstt_max_0p81v_125c       0 
NAND2B_X0P7M_A9PP140ZTL_C30           2      1.008      372.988    sc9mcpp140z_cln28ht_base_lvt_c30_ssg_cworstt_max_0p81v_125c       0 
NAND2B_X1M_A9PP140ZTL_C30           664    334.656   127057.698    sc9mcpp140z_cln28ht_base_lvt_c30_ssg_cworstt_max_0p81v_125c       0 
NAND2B_X2M_A9PP140ZTL_C30             2      1.512      636.545    sc9mcpp140z_cln28ht_base_lvt_c30_ssg_cworstt_max_0p81v_125c       0 
NAND2B_X6M_A9PP140ZTL_C30             2      3.780     1877.820    sc9mcpp140z_cln28ht_base_lvt_c30_ssg_cworstt_max_0p81v_125c       0 
NAND2XB_X1M_A9PP140ZTL_C30          177     89.208    35225.242    sc9mcpp140z_cln28ht_base_lvt_c30_ssg_cworstt_max_0p81v_125c       0 
NAND2XB_X1P4M_A9PP140ZTL_C30          5      3.780     1646.549    sc9mcpp140z_cln28ht_base_lvt_c30_ssg_cworstt_max_0p81v_125c       0 
NAND2XB_X2M_A9PP140ZTL_C30           33     24.948    10660.230    sc9mcpp140z_cln28ht_base_lvt_c30_ssg_cworstt_max_0p81v_125c       0 
NAND2XB_X3M_A9PP140ZTL_C30            5      5.040     2386.915    sc9mcpp140z_cln28ht_base_lvt_c30_ssg_cworstt_max_0p81v_125c       0 
NAND2XB_X4M_A9PP140ZTL_C30            5      6.300     2902.805    sc9mcpp140z_cln28ht_base_lvt_c30_ssg_cworstt_max_0p81v_125c       0 
NAND2XB_X6M_A9PP140ZTL_C30           10     18.900     9496.708    sc9mcpp140z_cln28ht_base_lvt_c30_ssg_cworstt_max_0p81v_125c       0 
NAND2XB_X8M_A9PP140ZTL_C30            1      2.394     1217.094    sc9mcpp140z_cln28ht_base_lvt_c30_ssg_cworstt_max_0p81v_125c       0 
NAND2_X0P5M_A9PP140ZTL_C30            1      0.378       70.769    sc9mcpp140z_cln28ht_base_lvt_c30_ssg_cworstt_max_0p81v_125c       0 
NAND2_X0P7M_A9PP140ZTL_C30            1      0.378       92.466    sc9mcpp140z_cln28ht_base_lvt_c30_ssg_cworstt_max_0p81v_125c       0 
NAND2_X1A_A9PP140ZTL_C30            499    188.622    49968.493    sc9mcpp140z_cln28ht_base_lvt_c30_ssg_cworstt_max_0p81v_125c       0 
NAND2_X1B_A9PP140ZTL_C30            495    187.110    46339.175    sc9mcpp140z_cln28ht_base_lvt_c30_ssg_cworstt_max_0p81v_125c       0 
NAND2_X1M_A9PP140ZTL_C30            627    237.006    61346.105    sc9mcpp140z_cln28ht_base_lvt_c30_ssg_cworstt_max_0p81v_125c       0 
NAND2_X1P4A_A9PP140ZTL_C30            2      1.260      436.834    sc9mcpp140z_cln28ht_base_lvt_c30_ssg_cworstt_max_0p81v_125c       0 
NAND2_X1P4B_A9PP140ZTL_C30            8      5.040     1845.863    sc9mcpp140z_cln28ht_base_lvt_c30_ssg_cworstt_max_0p81v_125c       0 
NAND2_X1P4M_A9PP140ZTL_C30            1      0.630      213.162    sc9mcpp140z_cln28ht_base_lvt_c30_ssg_cworstt_max_0p81v_125c       0 
NAND2_X2A_A9PP140ZTL_C30             96     60.480    21946.904    sc9mcpp140z_cln28ht_base_lvt_c30_ssg_cworstt_max_0p81v_125c       0 
NAND2_X2B_A9PP140ZTL_C30            109     68.670    23064.247    sc9mcpp140z_cln28ht_base_lvt_c30_ssg_cworstt_max_0p81v_125c       0 
NAND2_X2M_A9PP140ZTL_C30             75     47.250    16851.683    sc9mcpp140z_cln28ht_base_lvt_c30_ssg_cworstt_max_0p81v_125c       0 
NAND2_X3A_A9PP140ZTL_C30             15     13.230     5143.927    sc9mcpp140z_cln28ht_base_lvt_c30_ssg_cworstt_max_0p81v_125c       0 
NAND2_X3B_A9PP140ZTL_C30             15     13.230     4890.948    sc9mcpp140z_cln28ht_base_lvt_c30_ssg_cworstt_max_0p81v_125c       0 
NAND2_X3M_A9PP140ZTL_C30             18     15.876     6125.421    sc9mcpp140z_cln28ht_base_lvt_c30_ssg_cworstt_max_0p81v_125c       0 
NAND2_X4A_A9PP140ZTL_C30             21     23.814     9773.413    sc9mcpp140z_cln28ht_base_lvt_c30_ssg_cworstt_max_0p81v_125c       0 
NAND2_X4B_A9PP140ZTL_C30              5      5.670     2291.929    sc9mcpp140z_cln28ht_base_lvt_c30_ssg_cworstt_max_0p81v_125c       0 
NAND2_X4M_A9PP140ZTL_C30             16     18.144     7421.062    sc9mcpp140z_cln28ht_base_lvt_c30_ssg_cworstt_max_0p81v_125c       0 
NAND2_X6A_A9PP140ZTL_C30              3      4.914     2193.871    sc9mcpp140z_cln28ht_base_lvt_c30_ssg_cworstt_max_0p81v_125c       0 
NAND2_X6B_A9PP140ZTL_C30              2      3.276     1305.356    sc9mcpp140z_cln28ht_base_lvt_c30_ssg_cworstt_max_0p81v_125c       0 
NAND2_X6M_A9PP140ZTL_C30             10     16.380     7124.560    sc9mcpp140z_cln28ht_base_lvt_c30_ssg_cworstt_max_0p81v_125c       0 
NAND2_X8M_A9PP140ZTL_C30              2      4.284     1858.606    sc9mcpp140z_cln28ht_base_lvt_c30_ssg_cworstt_max_0p81v_125c       0 
NAND3BB_X1M_A9PP140ZTL_C30           66     41.580    18406.526    sc9mcpp140z_cln28ht_base_lvt_c30_ssg_cworstt_max_0p81v_125c       0 
NAND3BB_X1P4M_A9PP140ZTL_C30          1      0.882      400.240    sc9mcpp140z_cln28ht_base_lvt_c30_ssg_cworstt_max_0p81v_125c       0 
NAND3BB_X2M_A9PP140ZTL_C30            3      2.646     1259.495    sc9mcpp140z_cln28ht_base_lvt_c30_ssg_cworstt_max_0p81v_125c       0 
NAND3BB_X3M_A9PP140ZTL_C30            1      1.386      742.320    sc9mcpp140z_cln28ht_base_lvt_c30_ssg_cworstt_max_0p81v_125c       0 
NAND3BB_X6M_A9PP140ZTL_C30            2      5.292     3112.318    sc9mcpp140z_cln28ht_base_lvt_c30_ssg_cworstt_max_0p81v_125c       0 
NAND3B_X1M_A9PP140ZTL_C30             4      2.520      742.225    sc9mcpp140z_cln28ht_base_lvt_c30_ssg_cworstt_max_0p81v_125c       0 
NAND3B_X2M_A9PP140ZTL_C30             1      1.134      316.861    sc9mcpp140z_cln28ht_base_lvt_c30_ssg_cworstt_max_0p81v_125c       0 
NAND3XXB_X1M_A9PP140ZTL_C30           6      3.780     1186.184    sc9mcpp140z_cln28ht_base_lvt_c30_ssg_cworstt_max_0p81v_125c       0 
NAND3XXB_X3M_A9PP140ZTL_C30           1      1.386      488.393    sc9mcpp140z_cln28ht_base_lvt_c30_ssg_cworstt_max_0p81v_125c       0 
NAND3XXB_X6M_A9PP140ZTL_C30           1      2.772     1011.214    sc9mcpp140z_cln28ht_base_lvt_c30_ssg_cworstt_max_0p81v_125c       0 
NAND3_X1A_A9PP140ZTL_C30              5      2.520      515.335    sc9mcpp140z_cln28ht_base_lvt_c30_ssg_cworstt_max_0p81v_125c       0 
NAND3_X1M_A9PP140ZTL_C30              5      2.520      467.698    sc9mcpp140z_cln28ht_base_lvt_c30_ssg_cworstt_max_0p81v_125c       0 
NAND3_X2A_A9PP140ZTL_C30              2      1.764      467.176    sc9mcpp140z_cln28ht_base_lvt_c30_ssg_cworstt_max_0p81v_125c       0 
NAND3_X2M_A9PP140ZTL_C30              4      3.528      887.472    sc9mcpp140z_cln28ht_base_lvt_c30_ssg_cworstt_max_0p81v_125c       0 
NAND3_X3A_A9PP140ZTL_C30              1      1.260      379.732    sc9mcpp140z_cln28ht_base_lvt_c30_ssg_cworstt_max_0p81v_125c       0 
NAND3_X3M_A9PP140ZTL_C30              1      1.260      295.871    sc9mcpp140z_cln28ht_base_lvt_c30_ssg_cworstt_max_0p81v_125c       0 
NAND3_X4M_A9PP140ZTL_C30              2      3.276      883.366    sc9mcpp140z_cln28ht_base_lvt_c30_ssg_cworstt_max_0p81v_125c       0 
NAND3_X6A_A9PP140ZTL_C30              1      2.394      831.245    sc9mcpp140z_cln28ht_base_lvt_c30_ssg_cworstt_max_0p81v_125c       0 
NAND3_X6M_A9PP140ZTL_C30              1      2.394      692.162    sc9mcpp140z_cln28ht_base_lvt_c30_ssg_cworstt_max_0p81v_125c       0 
NAND4BB_X1M_A9PP140ZTL_C30            2      1.512      559.812    sc9mcpp140z_cln28ht_base_lvt_c30_ssg_cworstt_max_0p81v_125c       0 
NAND4BB_X6M_A9PP140ZTL_C30            2      7.056     2686.166    sc9mcpp140z_cln28ht_base_lvt_c30_ssg_cworstt_max_0p81v_125c       0 
NAND4_X1A_A9PP140ZTL_C30              2      1.260      187.500    sc9mcpp140z_cln28ht_base_lvt_c30_ssg_cworstt_max_0p81v_125c       0 
NOR2B_X0P5M_A9PP140ZTL_C30            9      4.536     2109.169    sc9mcpp140z_cln28ht_base_lvt_c30_ssg_cworstt_max_0p81v_125c       0 
NOR2B_X0P7M_A9PP140ZTL_C30            1      0.504      234.612    sc9mcpp140z_cln28ht_base_lvt_c30_ssg_cworstt_max_0p81v_125c       0 
NOR2B_X1M_A9PP140ZTL_C30            453    228.312   106273.803    sc9mcpp140z_cln28ht_base_lvt_c30_ssg_cworstt_max_0p81v_125c       0 
NOR2B_X2M_A9PP140ZTL_C30              1      0.756      470.626    sc9mcpp140z_cln28ht_base_lvt_c30_ssg_cworstt_max_0p81v_125c       0 
NOR2XB_X1M_A9PP140ZTL_C30            55     27.720     9449.191    sc9mcpp140z_cln28ht_base_lvt_c30_ssg_cworstt_max_0p81v_125c       0 
NOR2XB_X2M_A9PP140ZTL_C30            32     24.192    10441.096    sc9mcpp140z_cln28ht_base_lvt_c30_ssg_cworstt_max_0p81v_125c       0 
NOR2XB_X3M_A9PP140ZTL_C30            13     13.104     6722.879    sc9mcpp140z_cln28ht_base_lvt_c30_ssg_cworstt_max_0p81v_125c       0 
NOR2XB_X4M_A9PP140ZTL_C30             7      8.820     3867.778    sc9mcpp140z_cln28ht_base_lvt_c30_ssg_cworstt_max_0p81v_125c       0 
NOR2XB_X6M_A9PP140ZTL_C30             2      3.780     2288.077    sc9mcpp140z_cln28ht_base_lvt_c30_ssg_cworstt_max_0p81v_125c       0 
NOR2_X0P7A_A9PP140ZTL_C30            20      7.560     1288.398    sc9mcpp140z_cln28ht_base_lvt_c30_ssg_cworstt_max_0p81v_125c       0 
NOR2_X0P7M_A9PP140ZTL_C30             1      0.378      171.887    sc9mcpp140z_cln28ht_base_lvt_c30_ssg_cworstt_max_0p81v_125c       0 
NOR2_X1A_A9PP140ZTL_C30             938    354.564   105963.792    sc9mcpp140z_cln28ht_base_lvt_c30_ssg_cworstt_max_0p81v_125c       0 
NOR2_X1B_A9PP140ZTL_C30              91     34.398    10332.588    sc9mcpp140z_cln28ht_base_lvt_c30_ssg_cworstt_max_0p81v_125c       0 
NOR2_X1M_A9PP140ZTL_C30             522    197.316    63704.453    sc9mcpp140z_cln28ht_base_lvt_c30_ssg_cworstt_max_0p81v_125c       0 
NOR2_X1P4A_A9PP140ZTL_C30             2      1.260      828.337    sc9mcpp140z_cln28ht_base_lvt_c30_ssg_cworstt_max_0p81v_125c       0 
NOR2_X1P4B_A9PP140ZTL_C30             1      0.630      104.113    sc9mcpp140z_cln28ht_base_lvt_c30_ssg_cworstt_max_0p81v_125c       0 
NOR2_X1P4M_A9PP140ZTL_C30             1      0.630      288.239    sc9mcpp140z_cln28ht_base_lvt_c30_ssg_cworstt_max_0p81v_125c       0 
NOR2_X2A_A9PP140ZTL_C30             300    189.000    77625.641    sc9mcpp140z_cln28ht_base_lvt_c30_ssg_cworstt_max_0p81v_125c       0 
NOR2_X2B_A9PP140ZTL_C30               6      3.780      848.340    sc9mcpp140z_cln28ht_base_lvt_c30_ssg_cworstt_max_0p81v_125c       0 
NOR2_X2M_A9PP140ZTL_C30              72     45.360    16172.135    sc9mcpp140z_cln28ht_base_lvt_c30_ssg_cworstt_max_0p81v_125c       0 
NOR2_X3A_A9PP140ZTL_C30              56     49.392    23684.741    sc9mcpp140z_cln28ht_base_lvt_c30_ssg_cworstt_max_0p81v_125c       0 
NOR2_X3B_A9PP140ZTL_C30               4      3.528     1242.094    sc9mcpp140z_cln28ht_base_lvt_c30_ssg_cworstt_max_0p81v_125c       0 
NOR2_X3M_A9PP140ZTL_C30              17     14.994     5524.234    sc9mcpp140z_cln28ht_base_lvt_c30_ssg_cworstt_max_0p81v_125c       0 
NOR2_X4A_A9PP140ZTL_C30              29     32.886    16358.098    sc9mcpp140z_cln28ht_base_lvt_c30_ssg_cworstt_max_0p81v_125c       0 
NOR2_X4B_A9PP140ZTL_C30               5      5.670     1981.195    sc9mcpp140z_cln28ht_base_lvt_c30_ssg_cworstt_max_0p81v_125c       0 
NOR2_X4M_A9PP140ZTL_C30               9     10.206     4397.808    sc9mcpp140z_cln28ht_base_lvt_c30_ssg_cworstt_max_0p81v_125c       0 
NOR2_X6A_A9PP140ZTL_C30               7     11.466     5444.761    sc9mcpp140z_cln28ht_base_lvt_c30_ssg_cworstt_max_0p81v_125c       0 
NOR2_X6B_A9PP140ZTL_C30               1      1.638      580.254    sc9mcpp140z_cln28ht_base_lvt_c30_ssg_cworstt_max_0p81v_125c       0 
NOR2_X6M_A9PP140ZTL_C30               7     11.466     4369.890    sc9mcpp140z_cln28ht_base_lvt_c30_ssg_cworstt_max_0p81v_125c       0 
NOR2_X8A_A9PP140ZTL_C30               2      4.284     2621.569    sc9mcpp140z_cln28ht_base_lvt_c30_ssg_cworstt_max_0p81v_125c       0 
NOR2_X8M_A9PP140ZTL_C30               1      2.142      841.685    sc9mcpp140z_cln28ht_base_lvt_c30_ssg_cworstt_max_0p81v_125c       0 
NOR3BB_X0P7M_A9PP140ZTL_C30          14      8.820     2501.711    sc9mcpp140z_cln28ht_base_lvt_c30_ssg_cworstt_max_0p81v_125c       0 
NOR3BB_X1P4M_A9PP140ZTL_C30           2      1.764      644.134    sc9mcpp140z_cln28ht_base_lvt_c30_ssg_cworstt_max_0p81v_125c       0 
NOR3BB_X2M_A9PP140ZTL_C30             2      1.764      597.841    sc9mcpp140z_cln28ht_base_lvt_c30_ssg_cworstt_max_0p81v_125c       0 
NOR3_X1A_A9PP140ZTL_C30              12      6.048     1913.607    sc9mcpp140z_cln28ht_base_lvt_c30_ssg_cworstt_max_0p81v_125c       0 
NOR3_X1M_A9PP140ZTL_C30              17      8.568     2974.251    sc9mcpp140z_cln28ht_base_lvt_c30_ssg_cworstt_max_0p81v_125c       0 
NOR3_X2A_A9PP140ZTL_C30               4      3.528     1503.654    sc9mcpp140z_cln28ht_base_lvt_c30_ssg_cworstt_max_0p81v_125c       0 
NOR3_X2M_A9PP140ZTL_C30               4      3.528     1404.035    sc9mcpp140z_cln28ht_base_lvt_c30_ssg_cworstt_max_0p81v_125c       0 
NOR3_X3A_A9PP140ZTL_C30               3      3.780     1839.007    sc9mcpp140z_cln28ht_base_lvt_c30_ssg_cworstt_max_0p81v_125c       0 
NOR3_X3M_A9PP140ZTL_C30               4      5.040     1916.248    sc9mcpp140z_cln28ht_base_lvt_c30_ssg_cworstt_max_0p81v_125c       0 
NOR3_X4A_A9PP140ZTL_C30               2      3.276     1582.366    sc9mcpp140z_cln28ht_base_lvt_c30_ssg_cworstt_max_0p81v_125c       0 
NOR4BB_X1M_A9PP140ZTL_C30             4      3.024      961.936    sc9mcpp140z_cln28ht_base_lvt_c30_ssg_cworstt_max_0p81v_125c       0 
NOR4BB_X2M_A9PP140ZTL_C30             1      1.260      427.906    sc9mcpp140z_cln28ht_base_lvt_c30_ssg_cworstt_max_0p81v_125c       0 
NOR4BB_X3M_A9PP140ZTL_C30             4      7.056     2599.895    sc9mcpp140z_cln28ht_base_lvt_c30_ssg_cworstt_max_0p81v_125c       0 
NOR4BB_X4M_A9PP140ZTL_C30             1      2.268      670.635    sc9mcpp140z_cln28ht_base_lvt_c30_ssg_cworstt_max_0p81v_125c       0 
OA1B2_X1M_A9PP140ZTL_C30             53     33.390    15688.251    sc9mcpp140z_cln28ht_base_lvt_c30_ssg_cworstt_max_0p81v_125c       0 
OA1B2_X1P4M_A9PP140ZTL_C30            9      7.938     5102.152    sc9mcpp140z_cln28ht_base_lvt_c30_ssg_cworstt_max_0p81v_125c       0 
OA1B2_X2M_A9PP140ZTL_C30              6      6.804     3697.712    sc9mcpp140z_cln28ht_base_lvt_c30_ssg_cworstt_max_0p81v_125c       0 
OA1B2_X3M_A9PP140ZTL_C30              4      5.544     2906.244    sc9mcpp140z_cln28ht_base_lvt_c30_ssg_cworstt_max_0p81v_125c       0 
OA1B2_X6M_A9PP140ZTL_C30              1      2.646     1201.335    sc9mcpp140z_cln28ht_base_lvt_c30_ssg_cworstt_max_0p81v_125c       0 
OA1B2_X8M_A9PP140ZTL_C30              1      3.402     1587.894    sc9mcpp140z_cln28ht_base_lvt_c30_ssg_cworstt_max_0p81v_125c       0 
OA211_X1M_A9PP140ZTL_C30             10      8.820     2007.741    sc9mcpp140z_cln28ht_base_lvt_c30_ssg_cworstt_max_0p81v_125c       0 
OA21A1OI2_X1M_A9PP140ZTL_C30         45     28.350     6283.310    sc9mcpp140z_cln28ht_base_lvt_c30_ssg_cworstt_max_0p81v_125c       0 
OA21A1OI2_X2M_A9PP140ZTL_C30          1      1.134      283.548    sc9mcpp140z_cln28ht_base_lvt_c30_ssg_cworstt_max_0p81v_125c       0 
OA21B_X0P7M_A9PP140ZTL_C30            2      1.260      617.200    sc9mcpp140z_cln28ht_base_lvt_c30_ssg_cworstt_max_0p81v_125c       0 
OA21B_X1M_A9PP140ZTL_C30             41     25.830    11754.264    sc9mcpp140z_cln28ht_base_lvt_c30_ssg_cworstt_max_0p81v_125c       0 
OA21B_X1P4M_A9PP140ZTL_C30           18     15.876     9966.319    sc9mcpp140z_cln28ht_base_lvt_c30_ssg_cworstt_max_0p81v_125c       0 
OA21B_X2M_A9PP140ZTL_C30              5      5.670     2693.846    sc9mcpp140z_cln28ht_base_lvt_c30_ssg_cworstt_max_0p81v_125c       0 
OA21B_X3M_A9PP140ZTL_C30              7      9.702     5569.978    sc9mcpp140z_cln28ht_base_lvt_c30_ssg_cworstt_max_0p81v_125c       0 
OA21B_X4M_A9PP140ZTL_C30              1      1.638      856.783    sc9mcpp140z_cln28ht_base_lvt_c30_ssg_cworstt_max_0p81v_125c       0 
OA21B_X6M_A9PP140ZTL_C30              1      2.646     1223.015    sc9mcpp140z_cln28ht_base_lvt_c30_ssg_cworstt_max_0p81v_125c       0 
OA21B_X8M_A9PP140ZTL_C30              3     10.206     5089.539    sc9mcpp140z_cln28ht_base_lvt_c30_ssg_cworstt_max_0p81v_125c       0 
OA21_X1M_A9PP140ZTL_C30              30     22.680     6205.564    sc9mcpp140z_cln28ht_base_lvt_c30_ssg_cworstt_max_0p81v_125c       0 
OA21_X1P4M_A9PP140ZTL_C30             1      0.882      319.948    sc9mcpp140z_cln28ht_base_lvt_c30_ssg_cworstt_max_0p81v_125c       0 
OA21_X3M_A9PP140ZTL_C30               2      2.772     1191.169    sc9mcpp140z_cln28ht_base_lvt_c30_ssg_cworstt_max_0p81v_125c       0 
OA22_X3M_A9PP140ZTL_C30               2      3.276     1324.863    sc9mcpp140z_cln28ht_base_lvt_c30_ssg_cworstt_max_0p81v_125c       0 
OAI211_X1M_A9PP140ZTL_C30            14      8.820     1642.043    sc9mcpp140z_cln28ht_base_lvt_c30_ssg_cworstt_max_0p81v_125c       0 
OAI21B_X1M_A9PP140ZTL_C30             7      5.292     1306.763    sc9mcpp140z_cln28ht_base_lvt_c30_ssg_cworstt_max_0p81v_125c       0 
OAI21B_X2M_A9PP140ZTL_C30            15     17.010     5252.154    sc9mcpp140z_cln28ht_base_lvt_c30_ssg_cworstt_max_0p81v_125c       0 
OAI21B_X3M_A9PP140ZTL_C30            13     19.656     6608.048    sc9mcpp140z_cln28ht_base_lvt_c30_ssg_cworstt_max_0p81v_125c       0 
OAI21B_X4M_A9PP140ZTL_C30             9     17.010     5878.750    sc9mcpp140z_cln28ht_base_lvt_c30_ssg_cworstt_max_0p81v_125c       0 
OAI21B_X6M_A9PP140ZTL_C30             2      5.544     2115.810    sc9mcpp140z_cln28ht_base_lvt_c30_ssg_cworstt_max_0p81v_125c       0 
OAI21_X0P7M_A9PP140ZTL_C30           16      8.064     1638.662    sc9mcpp140z_cln28ht_base_lvt_c30_ssg_cworstt_max_0p81v_125c       0 
OAI21_X1M_A9PP140ZTL_C30           1075    541.800   128029.047    sc9mcpp140z_cln28ht_base_lvt_c30_ssg_cworstt_max_0p81v_125c       0 
OAI21_X1P4M_A9PP140ZTL_C30           15     13.230     3573.939    sc9mcpp140z_cln28ht_base_lvt_c30_ssg_cworstt_max_0p81v_125c       0 
OAI21_X2M_A9PP140ZTL_C30            296    261.072    76929.494    sc9mcpp140z_cln28ht_base_lvt_c30_ssg_cworstt_max_0p81v_125c       0 
OAI21_X3M_A9PP140ZTL_C30             86    108.360    35006.390    sc9mcpp140z_cln28ht_base_lvt_c30_ssg_cworstt_max_0p81v_125c       0 
OAI21_X4M_A9PP140ZTL_C30             43     70.434    23711.873    sc9mcpp140z_cln28ht_base_lvt_c30_ssg_cworstt_max_0p81v_125c       0 
OAI21_X6M_A9PP140ZTL_C30              8     19.152     6733.490    sc9mcpp140z_cln28ht_base_lvt_c30_ssg_cworstt_max_0p81v_125c       0 
OAI21_X8M_A9PP140ZTL_C30              5     15.750     5596.861    sc9mcpp140z_cln28ht_base_lvt_c30_ssg_cworstt_max_0p81v_125c       0 
OAI22BB_X1M_A9PP140ZTL_C30           11      9.702     2373.328    sc9mcpp140z_cln28ht_base_lvt_c30_ssg_cworstt_max_0p81v_125c       0 
OAI22BB_X2M_A9PP140ZTL_C30           20     25.200     7378.806    sc9mcpp140z_cln28ht_base_lvt_c30_ssg_cworstt_max_0p81v_125c       0 
OAI22BB_X3M_A9PP140ZTL_C30            2      3.276     1062.010    sc9mcpp140z_cln28ht_base_lvt_c30_ssg_cworstt_max_0p81v_125c       0 
OAI22BB_X4M_A9PP140ZTL_C30            5     11.340     4005.613    sc9mcpp140z_cln28ht_base_lvt_c30_ssg_cworstt_max_0p81v_125c       0 
OAI22_X1M_A9PP140ZTL_C30              9      5.670     1399.108    sc9mcpp140z_cln28ht_base_lvt_c30_ssg_cworstt_max_0p81v_125c       0 
OAI2XB1_X0P7M_A9PP140ZTL_C30          2      1.512      367.973    sc9mcpp140z_cln28ht_base_lvt_c30_ssg_cworstt_max_0p81v_125c       0 
OAI2XB1_X1M_A9PP140ZTL_C30           56     42.336    10843.235    sc9mcpp140z_cln28ht_base_lvt_c30_ssg_cworstt_max_0p81v_125c       0 
OAI2XB1_X1P4M_A9PP140ZTL_C30          8      9.072     2500.142    sc9mcpp140z_cln28ht_base_lvt_c30_ssg_cworstt_max_0p81v_125c       0 
OAI2XB1_X2M_A9PP140ZTL_C30           61     69.174    22076.793    sc9mcpp140z_cln28ht_base_lvt_c30_ssg_cworstt_max_0p81v_125c       0 
OAI2XB1_X3M_A9PP140ZTL_C30            6      9.072     3125.124    sc9mcpp140z_cln28ht_base_lvt_c30_ssg_cworstt_max_0p81v_125c       0 
OAI2XB1_X4M_A9PP140ZTL_C30            7     14.112     5479.630    sc9mcpp140z_cln28ht_base_lvt_c30_ssg_cworstt_max_0p81v_125c       0 
OAI2XB1_X6M_A9PP140ZTL_C30            1      2.772     1119.125    sc9mcpp140z_cln28ht_base_lvt_c30_ssg_cworstt_max_0p81v_125c       0 
OAI2XB1_X8M_A9PP140ZTL_C30            1      3.654     1485.067    sc9mcpp140z_cln28ht_base_lvt_c30_ssg_cworstt_max_0p81v_125c       0 
OAI31_X3M_A9PP140ZTL_C30              2      3.276      952.290    sc9mcpp140z_cln28ht_base_lvt_c30_ssg_cworstt_max_0p81v_125c       0 
OR2_X0P5B_A9PP140ZTL_C30              3      1.512      621.019    sc9mcpp140z_cln28ht_base_lvt_c30_ssg_cworstt_max_0p81v_125c       0 
OR2_X0P7B_A9PP140ZTL_C30              2      1.008      418.336    sc9mcpp140z_cln28ht_base_lvt_c30_ssg_cworstt_max_0p81v_125c       0 
OR2_X0P7M_A9PP140ZTL_C30              2      1.008      544.946    sc9mcpp140z_cln28ht_base_lvt_c30_ssg_cworstt_max_0p81v_125c       0 
OR2_X1B_A9PP140ZTL_C30               33     16.632     8598.888    sc9mcpp140z_cln28ht_base_lvt_c30_ssg_cworstt_max_0p81v_125c       0 
OR2_X1M_A9PP140ZTL_C30              207    104.328    44188.541    sc9mcpp140z_cln28ht_base_lvt_c30_ssg_cworstt_max_0p81v_125c       0 
OR2_X1P4M_A9PP140ZTL_C30              8      5.040     3180.179    sc9mcpp140z_cln28ht_base_lvt_c30_ssg_cworstt_max_0p81v_125c       0 
OR2_X2M_A9PP140ZTL_C30               19     11.970     6922.065    sc9mcpp140z_cln28ht_base_lvt_c30_ssg_cworstt_max_0p81v_125c       0 
OR2_X3B_A9PP140ZTL_C30                1      1.008      627.312    sc9mcpp140z_cln28ht_base_lvt_c30_ssg_cworstt_max_0p81v_125c       0 
OR2_X3M_A9PP140ZTL_C30               23     23.184    14740.910    sc9mcpp140z_cln28ht_base_lvt_c30_ssg_cworstt_max_0p81v_125c       0 
OR2_X6M_A9PP140ZTL_C30                4      7.560     5144.138    sc9mcpp140z_cln28ht_base_lvt_c30_ssg_cworstt_max_0p81v_125c       0 
OR3_X1M_A9PP140ZTL_C30                2      1.260      544.519    sc9mcpp140z_cln28ht_base_lvt_c30_ssg_cworstt_max_0p81v_125c       0 
OR4_X1M_A9PP140ZTL_C30                6      6.048     2739.129    sc9mcpp140z_cln28ht_base_lvt_c30_ssg_cworstt_max_0p81v_125c       0 
OR4_X3M_A9PP140ZTL_C30                1      2.016     1156.868    sc9mcpp140z_cln28ht_base_lvt_c30_ssg_cworstt_max_0p81v_125c       0 
SDFFQL_X1M_A9PP140ZTL_C30             1      2.772      777.721    sc9mcpp140z_cln28ht_base_lvt_c30_ssg_cworstt_max_0p81v_125c       0 
SDFFRPQA_X1M_A9PP140ZTL_C30        1653   4582.116  1339790.842    sc9mcpp140z_cln28ht_base_lvt_c30_ssg_cworstt_max_0p81v_125c       0 
SDFFRPQL_X1M_A9PP140ZTL_C30           5     15.750     4283.197    sc9mcpp140z_cln28ht_base_lvt_c30_ssg_cworstt_max_0p81v_125c       0 
SDFFRPQNA_X1M_A9PP140ZTL_C30          5     13.230     3712.340    sc9mcpp140z_cln28ht_base_lvt_c30_ssg_cworstt_max_0p81v_125c       0 
SDFFRPQN_X1M_A9PP140ZTL_C30           2      6.048     1625.339    sc9mcpp140z_cln28ht_base_lvt_c30_ssg_cworstt_max_0p81v_125c       0 
SDFFRPQN_X3M_A9PP140ZTL_C30           1      3.276     1152.192    sc9mcpp140z_cln28ht_base_lvt_c30_ssg_cworstt_max_0p81v_125c       0 
SDFFRPQ_X1M_A9PP140ZTL_C30          463   1458.450   402387.953    sc9mcpp140z_cln28ht_base_lvt_c30_ssg_cworstt_max_0p81v_125c       0 
SDFFRPQ_X2M_A9PP140ZTL_C30           22     72.072    21953.429    sc9mcpp140z_cln28ht_base_lvt_c30_ssg_cworstt_max_0p81v_125c       0 
SDFFRPQ_X3M_A9PP140ZTL_C30            5     17.010     5559.777    sc9mcpp140z_cln28ht_base_lvt_c30_ssg_cworstt_max_0p81v_125c       0 
SDFFRPQ_X4M_A9PP140ZTL_C30           28    102.312    37684.745    sc9mcpp140z_cln28ht_base_lvt_c30_ssg_cworstt_max_0p81v_125c       0 
XNOR2_X0P5M_A9PP140ZTL_C30           17     12.852     3713.871    sc9mcpp140z_cln28ht_base_lvt_c30_ssg_cworstt_max_0p81v_125c       0 
XNOR2_X0P7M_A9PP140ZTL_C30          898    678.888   211373.942    sc9mcpp140z_cln28ht_base_lvt_c30_ssg_cworstt_max_0p81v_125c       0 
XNOR2_X1M_A9PP140ZTL_C30              8      9.072     4002.092    sc9mcpp140z_cln28ht_base_lvt_c30_ssg_cworstt_max_0p81v_125c       0 
XNOR2_X1P4M_A9PP140ZTL_C30           15     17.010     7222.196    sc9mcpp140z_cln28ht_base_lvt_c30_ssg_cworstt_max_0p81v_125c       0 
XNOR2_X2M_A9PP140ZTL_C30             16     24.192    15083.374    sc9mcpp140z_cln28ht_base_lvt_c30_ssg_cworstt_max_0p81v_125c       0 
XNOR2_X3M_A9PP140ZTL_C30             18     36.288    22277.818    sc9mcpp140z_cln28ht_base_lvt_c30_ssg_cworstt_max_0p81v_125c       0 
XNOR2_X4M_A9PP140ZTL_C30            121    320.166   230497.416    sc9mcpp140z_cln28ht_base_lvt_c30_ssg_cworstt_max_0p81v_125c       0 
XNOR3_X0P7M_A9PP140ZTL_C30            3      4.536     1589.222    sc9mcpp140z_cln28ht_base_lvt_c30_ssg_cworstt_max_0p81v_125c       0 
XNOR3_X1M_A9PP140ZTL_C30              9     17.010     7430.636    sc9mcpp140z_cln28ht_base_lvt_c30_ssg_cworstt_max_0p81v_125c       0 
XNOR3_X1P4M_A9PP140ZTL_C30            2      4.536     2570.795    sc9mcpp140z_cln28ht_base_lvt_c30_ssg_cworstt_max_0p81v_125c       0 
XNOR3_X2M_A9PP140ZTL_C30             62    140.616    80921.722    sc9mcpp140z_cln28ht_base_lvt_c30_ssg_cworstt_max_0p81v_125c       0 
XNOR3_X3M_A9PP140ZTL_C30            150    415.800   272626.097    sc9mcpp140z_cln28ht_base_lvt_c30_ssg_cworstt_max_0p81v_125c       0 
XNOR3_X4M_A9PP140ZTL_C30              4     14.112    10162.357    sc9mcpp140z_cln28ht_base_lvt_c30_ssg_cworstt_max_0p81v_125c       0 
XOR2_X0P5M_A9PP140ZTL_C30            17     12.852     4440.539    sc9mcpp140z_cln28ht_base_lvt_c30_ssg_cworstt_max_0p81v_125c       0 
XOR2_X0P7M_A9PP140ZTL_C30            45     34.020    12243.211    sc9mcpp140z_cln28ht_base_lvt_c30_ssg_cworstt_max_0p81v_125c       0 
XOR2_X1M_A9PP140ZTL_C30               3      3.402     1481.652    sc9mcpp140z_cln28ht_base_lvt_c30_ssg_cworstt_max_0p81v_125c       0 
XOR2_X1P4M_A9PP140ZTL_C30            23     26.082    11260.690    sc9mcpp140z_cln28ht_base_lvt_c30_ssg_cworstt_max_0p81v_125c       0 
XOR2_X2M_A9PP140ZTL_C30              46     69.552    43387.048    sc9mcpp140z_cln28ht_base_lvt_c30_ssg_cworstt_max_0p81v_125c       0 
XOR2_X3M_A9PP140ZTL_C30              20     40.320    24783.907    sc9mcpp140z_cln28ht_base_lvt_c30_ssg_cworstt_max_0p81v_125c       0 
XOR2_X4M_A9PP140ZTL_C30              63    166.698   119975.736    sc9mcpp140z_cln28ht_base_lvt_c30_ssg_cworstt_max_0p81v_125c       0 
XOR3_X0P5M_A9PP140ZTL_C30             7     10.584     3736.544    sc9mcpp140z_cln28ht_base_lvt_c30_ssg_cworstt_max_0p81v_125c       0 
XOR3_X0P7M_A9PP140ZTL_C30            14     21.168     7976.891    sc9mcpp140z_cln28ht_base_lvt_c30_ssg_cworstt_max_0p81v_125c       0 
XOR3_X1M_A9PP140ZTL_C30              16     30.240    13162.771    sc9mcpp140z_cln28ht_base_lvt_c30_ssg_cworstt_max_0p81v_125c       0 
XOR3_X1P4M_A9PP140ZTL_C30             9     20.412    11588.722    sc9mcpp140z_cln28ht_base_lvt_c30_ssg_cworstt_max_0p81v_125c       0 
XOR3_X2M_A9PP140ZTL_C30             140    317.520   182276.228    sc9mcpp140z_cln28ht_base_lvt_c30_ssg_cworstt_max_0p81v_125c       0 
XOR3_X3M_A9PP140ZTL_C30             225    623.700   408354.495    sc9mcpp140z_cln28ht_base_lvt_c30_ssg_cworstt_max_0p81v_125c       0 
XOR3_X4M_A9PP140ZTL_C30               7     24.696    17808.518    sc9mcpp140z_cln28ht_base_lvt_c30_ssg_cworstt_max_0p81v_125c       0 
---------------------------------------------------------------------------------------------------------------------------------------
total                             23176  25523.190  9429329.701                                                                


                                            Leakage   Leakage 
     Type      Instances    Area   Area %  Power (nW) Power % 
--------------------------------------------------------------
sequential          3678  9584.190   36.8 2941959.531    31.2 
inverter            3698  1228.374    4.7  582658.519     6.2 
buffer               601   474.894    1.8  344424.019     3.7 
logic              15199 14235.732   54.6 5560287.632    59.0 
physical_cells      1006   532.980    2.0       0.000     0.0 
--------------------------------------------------------------
total              24182 26056.170  100.0 9429329.701   100.0 

