============================================================
  Generated by:           Genus(TM) Synthesis Solution 22.10-p001_1
  Generated on:           Jan 13 2025  10:38:12 am
  Module:                 pp_fir_u_3
  Library domain:         timing_cond_wcl_slow
    Domain index:         0
    Technology library:   sc9mcpp140z_cln28ht_base_lvt_c30_ssg_cworstt_max_0p81v_125c 1.0
  Library domain:         timing_cond_wcl_fast
    Domain index:         1
    Technology library:   sc9mcpp140z_cln28ht_base_lvt_c30_ffg_cbestt_min_0p99v_m40c 1.0
  Library domain:         timing_cond_wcl_typical
    Domain index:         2
    Technology library:   sc9mcpp140z_cln28ht_base_lvt_c30_tt_ctypical_max_0p90v_25c 1.0
  Operating conditions:   ssg_cworstt_max_0p81v_125c 
  Operating conditions:   ffg_cbestt_min_0p99v_m40c 
  Operating conditions:   tt_ctypical_max_0p90v_25c 
  Interconnect mode:      placement
  Area mode:              physical library
============================================================

Timing
--------

  Analysis view  Clock Period 
------------------------------
view_wcl_slow    clk    500.0 
view_wcl_fast    clk    500.0 
view_wcl_typical clk    500.0 


    Analysis       Cost   Critical         Violating 
      View        Group  Path Slack  TNS     Paths   
-----------------------------------------------------
view_wcl_slow        clk       -3.2 -53.0         52 
                 default   No paths   0.0          0 
-----------------------------------------------------
Total                               -53.0         52 
                                                     
view_wcl_fast        clk       33.3   0.0          0 
                 default   No paths   0.0          0 
-----------------------------------------------------
Total                                -0.0          0 
                                                     
view_wcl_typical     clk       17.1   0.0          0 
                 default   No paths   0.0          0 
-----------------------------------------------------
Total                                -0.0          0 
                                                     

Instance Count
--------------
Leaf Instance Count             23176 
Physical Instance count          1006 
Sequential Instance Count        3678 
Combinational Instance Count    19498 
Hierarchical Instance Count         0 

Area
----
Cell Area                          25523.190
Physical Cell Area                 532.980
Total Cell Area (Cell+Physical)    26056.170
Net Area                           8096.540
Total Area (Cell+Physical+Net)     34152.710

Floorplan Utilization              69.38%
Runtime                            199.69611099999997 seconds
Elapsed Runtime                    2735 seconds
Genus peak memory usage            4028.94 
Innovus peak memory usage          3550.097656 
Hostname                           cluster15.lan.ece

Physical Data
-------------
Total Net Length                   161930.80 um
Average Net Length                 6.55 um
