============================================================
  Generated by:           Genus(TM) Synthesis Solution 22.10-p001_1
  Generated on:           Jan 13 2025  10:09:37 am
  Module:                 pp_fir_u_3
  Library domain:         timing_cond_wcl_slow
    Domain index:         0
    Technology library:   sc9mcpp140z_cln28ht_base_lvt_c30_ssg_cworstt_max_0p81v_125c 1.0
  Library domain:         timing_cond_wcl_fast
    Domain index:         1
    Technology library:   sc9mcpp140z_cln28ht_base_lvt_c30_ffg_cbestt_min_0p99v_m40c 1.0
  Library domain:         timing_cond_wcl_typical
    Domain index:         2
    Technology library:   sc9mcpp140z_cln28ht_base_lvt_c30_tt_ctypical_max_0p90v_25c 1.0
  Operating conditions:   ssg_cworstt_max_0p81v_125c 
  Operating conditions:   ffg_cbestt_min_0p99v_m40c 
  Operating conditions:   tt_ctypical_max_0p90v_25c 
  Interconnect mode:      spatial
  Area mode:              physical library
============================================================

                     Instance                                     Module                 Cell Count  Cell Area  Net Area   Total Area 
--------------------------------------------------------------------------------------------------------------------------------------
pp_fir_u_3                                                                                    24726  41913.510    76.892    41990.402 
  pp_fir_3_1_1_ADD_TC_OP                           add_signed                                   118    175.555     0.000      175.555 
  pp_fir_3_1_1_ADD_TC_OP3975                       add_signed                                   118    175.555     0.000      175.555 
  pp_fir_3_1_1_add_479_34                          add_signed_2912                              150    192.403     0.000      192.403 
  pp_fir_3_1_1_add_480_34                          add_signed_2912                              150    192.403     0.000      192.403 
  pp_fir_3_1_1_add_594_34                          add_signed_388                               169    219.579     0.000      219.579 
  pp_fir_3_1_1_add_595_34                          add_signed_388                               169    219.579     0.000      219.579 
  pp_fir_3_1_1_add_615_34                          add_signed_358_37_2887                       182    236.428     0.000      236.428 
  pp_fir_3_1_1_add_616_34                          add_signed_358_37_2887                       182    236.428     0.000      236.428 
  pp_fir_3_1_1_add_730_34                          add_signed_390                               178    230.993     0.000      230.993 
  pp_fir_3_1_1_add_731_34                          add_signed_390                               178    230.993     0.000      230.993 
  pp_fir_3_1_1_add_842_34                          add_signed_392                               209    272.843     0.000      272.843 
  pp_fir_3_1_1_add_843_34                          add_signed_392                               209    272.843     0.000      272.843 
  pp_fir_3_1_1_add_863_34                          add_signed_358_37_2890                       215    280.996     0.000      280.996 
  pp_fir_3_1_1_add_864_34                          add_signed_358_37_2890                       215    280.996     0.000      280.996 
  pp_fir_3_1_1_add_884_34                          add_signed_358_37_2892                       215    280.996     0.000      280.996 
  pp_fir_3_1_1_add_885_34                          add_signed_358_37_2892                       215    280.996     0.000      280.996 
  pp_fir_3_1_1_add_999_34                          add_signed_394                               215    280.996     0.000      280.996 
  pp_fir_3_1_1_add_1000_34                         add_signed_394                               215    280.996     0.000      280.996 
  pp_fir_3_1_1_add_1111_35                         add_signed_396                               185    241.320     0.000      241.320 
  pp_fir_3_1_1_add_1112_35                         add_signed_396                               185    241.320     0.000      241.320 
  pp_fir_3_1_1_add_1132_34                         add_signed_358_37                            216    282.083     0.000      282.083 
  pp_fir_3_1_1_add_1133_34                         add_signed_358_37                            216    282.083     0.000      282.083 
  pp_fir_3_1_1_add_1247_35                         add_signed_398                               169    219.579     0.000      219.579 
  pp_fir_3_1_1_add_1248_35                         add_signed_398                               169    219.579     0.000      219.579 
  pp_fir_3_1_1_add_1359_35                         add_signed_400                               161    207.078     0.000      207.078 
  pp_fir_3_1_1_add_1360_35                         add_signed_400                               161    207.078     0.000      207.078 
  pp_fir_3_1_1_add_1380_34                         add_signed_358_37_2886                       191    248.385     0.000      248.385 
  pp_fir_3_1_1_add_1381_34                         add_signed_358_37_2886                       191    248.385     0.000      248.385 
  pp_fir_3_1_1_add_1401_34                         add_signed_358_37_2895                       215    280.996     0.000      280.996 
  pp_fir_3_1_1_add_1402_34                         add_signed_358_37_2895                       215    280.996     0.000      280.996 
  pp_fir_3_1_1_csa_tree_ADD_TC_OP_1_pad_groupi     csa_tree_ADD_TC_OP_1_pad_group_19098         235    302.736     0.000      302.736 
  pp_fir_3_1_1_csa_tree_ADD_TC_OP_1_pad_groupi3985 csa_tree_ADD_TC_OP_1_pad_group_19098         235    302.736     0.000      302.736 
  pp_fir_3_1_1_csa_tree_ADD_TC_OP_1_pad_groupi3992 csa_tree_ADD_TC_OP_1_pad_group_8824          417    547.861     0.000      547.861 
  pp_fir_3_1_1_csa_tree_ADD_TC_OP_1_pad_groupi3993 csa_tree_ADD_TC_OP_1_pad_group_8824          417    547.861     0.000      547.861 
  pp_fir_3_1_1_csa_tree_ADD_TC_OP_groupi           csa_tree_ADD_TC_OP_group_27079               175    223.384     0.000      223.384 
  pp_fir_3_1_1_csa_tree_ADD_TC_OP_groupi3976       csa_tree_ADD_TC_OP_group_27079               175    223.384     0.000      223.384 
  pp_fir_3_1_1_csa_tree_ADD_TC_OP_groupi3977       csa_tree_ADD_TC_OP_group_25473               482    639.714     0.000      639.714 
  pp_fir_3_1_1_csa_tree_ADD_TC_OP_groupi3978       csa_tree_ADD_TC_OP_group_25473               482    639.714     0.000      639.714 
  pp_fir_3_1_1_csa_tree_ADD_TC_OP_groupi3979       csa_tree_ADD_TC_OP_group_23745               480    636.453     0.000      636.453 
  pp_fir_3_1_1_csa_tree_ADD_TC_OP_groupi3980       csa_tree_ADD_TC_OP_group_23745               480    636.453     0.000      636.453 
  pp_fir_3_1_1_csa_tree_ADD_TC_OP_groupi3981       csa_tree_ADD_TC_OP_group_21898               482    642.975     0.000      642.975 
  pp_fir_3_1_1_csa_tree_ADD_TC_OP_groupi3982       csa_tree_ADD_TC_OP_group_21898               482    642.975     0.000      642.975 
  pp_fir_3_1_1_csa_tree_ADD_TC_OP_groupi3983       csa_tree_ADD_TC_OP_group_20101               439    576.667     0.000      576.667 
  pp_fir_3_1_1_csa_tree_ADD_TC_OP_groupi3984       csa_tree_ADD_TC_OP_group_20101               439    576.667     0.000      576.667 
  pp_fir_3_1_1_csa_tree_ADD_TC_OP_groupi3986       csa_tree_ADD_TC_OP_group_16635               735    981.040     0.000      981.040 
  pp_fir_3_1_1_csa_tree_ADD_TC_OP_groupi3987       csa_tree_ADD_TC_OP_group_16635               735    981.040     0.000      981.040 
  pp_fir_3_1_1_csa_tree_ADD_TC_OP_groupi3988       csa_tree_ADD_TC_OP_group_13527               855   1129.419     0.000     1129.419 
  pp_fir_3_1_1_csa_tree_ADD_TC_OP_groupi3989       csa_tree_ADD_TC_OP_group_13527               855   1129.419     0.000     1129.419 
  pp_fir_3_1_1_csa_tree_ADD_TC_OP_groupi3990       csa_tree_ADD_TC_OP_group_10504               805   1067.459     0.000     1067.459 
  pp_fir_3_1_1_csa_tree_ADD_TC_OP_groupi3991       csa_tree_ADD_TC_OP_group_10504               805   1067.459     0.000     1067.459 
  pp_fir_3_1_1_csa_tree_ADD_TC_OP_groupi3994       csa_tree_ADD_TC_OP_group_7492                368    484.270     0.000      484.270 
  pp_fir_3_1_1_csa_tree_ADD_TC_OP_groupi3995       csa_tree_ADD_TC_OP_group_7492                368    484.270     0.000      484.270 
  pp_fir_3_1_1_csa_tree_ADD_TC_OP_groupi3996       csa_tree_ADD_TC_OP_group_5513                539    714.719     0.000      714.719 
  pp_fir_3_1_1_csa_tree_ADD_TC_OP_groupi3997       csa_tree_ADD_TC_OP_group_5513                539    714.719     0.000      714.719 
  pp_fir_3_1_1_csa_tree_ADD_TC_OP_groupi3998       csa_tree_ADD_TC_OP_group_4022                350    464.703     0.000      464.703 
  pp_fir_3_1_1_csa_tree_ADD_TC_OP_groupi3999       csa_tree_ADD_TC_OP_group_4022                350    464.703     0.000      464.703 
  pp_fir_3_1_1_csa_tree_ADD_TC_OP_groupi4000       csa_tree_ADD_TC_OP_group_2322                485    640.258     0.000      640.258 
  pp_fir_3_1_1_csa_tree_ADD_TC_OP_groupi4001       csa_tree_ADD_TC_OP_group_2322                485    640.258     0.000      640.258 
  pp_fir_3_1_1_csa_tree_ADD_TC_OP_groupi4002       csa_tree_ADD_TC_OP_group_2                   432    560.905     0.000      560.905 
  pp_fir_3_1_1_csa_tree_ADD_TC_OP_groupi4003       csa_tree_ADD_TC_OP_group_2                   432    560.905     0.000      560.905 
