============================================================
  Generated by:           Genus(TM) Synthesis Solution 22.10-p001_1
  Generated on:           Jan 13 2025  09:54:08 am
  Module:                 pp_fir_u_3
  Library domain:         timing_cond_wcl_slow
    Domain index:         0
    Technology library:   sc9mcpp140z_cln28ht_base_lvt_c30_ssg_cworstt_max_0p81v_125c 1.0
  Library domain:         timing_cond_wcl_fast
    Domain index:         1
    Technology library:   sc9mcpp140z_cln28ht_base_lvt_c30_ffg_cbestt_min_0p99v_m40c 1.0
  Library domain:         timing_cond_wcl_typical
    Domain index:         2
    Technology library:   sc9mcpp140z_cln28ht_base_lvt_c30_tt_ctypical_max_0p90v_25c 1.0
  Operating conditions:   ssg_cworstt_max_0p81v_125c 
  Operating conditions:   ffg_cbestt_min_0p99v_m40c 
  Operating conditions:   tt_ctypical_max_0p90v_25c 
  Interconnect mode:      global
  Area mode:              physical library
============================================================

Aspect ratio        : 1.000
Shrink factor       : 0.900
Scale of res/length : 1.000
Scale of cap/length : 1.000
Net derating factor : 1.000
Thermal factor      : 1.248
Via Resistance      : 16.501 ohm (from qrc_tech_file)
Site size           : 1.040 um (from lef [tech+cell])

                                   Capacitance  
  Layer                             / Length         Data source:
Name        Direction Utilization  (pF/micron)       qrc_tech_file
------------------------------------------------
M1              V         0.00        0.000210  
M2              H         1.00        0.000183  
M3              V         1.00        0.000138  
M4              H         1.00        0.000138  
M5              V         1.00        0.000138  
M6              H         1.00        0.000139  
M7              V         1.00        0.000137  
M8              H         1.00        0.000322  
M9              V         1.00        0.000583  
AP              H         1.00        0.000326  

                                    Resistance   
  Layer                              / Length         Data source:
Name        Direction Utilization  (ohm/micron)       qrc_tech_file
-------------------------------------------------
M1              V         0.00        14.633762  
M2              H         1.00        14.861223  
M3              V         1.00        14.861223  
M4              H         1.00        14.861223  
M5              V         1.00        14.861223  
M6              H         1.00        14.861223  
M7              V         1.00        14.861223  
M8              H         1.00         0.111088  
M9              V         1.00         0.004970  
AP              H         1.00         0.009992  

                                        Area     
  Layer                               / Length        Data source:
Name        Direction Utilization     (micron)        lef_library
-------------------------------------------------
M1              V         0.00         0.050000  
M2              H         1.00         0.050000  
M3              V         1.00         0.050000  
M4              H         1.00         0.050000  
M5              V         1.00         0.050000  
M6              H         1.00         0.050000  
M7              V         1.00         0.050000  
M8              H         1.00         0.400000  
M9              V         1.00         0.400000  
AP              H         1.00         2.000000  

