============================================================
  Generated by:           Genus(TM) Synthesis Solution 23.10-p004_1
  Generated on:           Feb 17 2025  02:46:05 pm
  Module:                 pp_fir_u_3
  Library domain:         timing_cond_wcl_slow
    Domain index:         0
    Technology library:   sc9mcpp140z_cln28ht_base_lvt_c30_ssg_cworstt_max_0p81v_125c 1.0
  Library domain:         timing_cond_wcl_fast
    Domain index:         1
    Technology library:   sc9mcpp140z_cln28ht_base_lvt_c30_ffg_cbestt_min_0p99v_m40c 1.0
  Library domain:         timing_cond_wcl_typical
    Domain index:         2
    Technology library:   sc9mcpp140z_cln28ht_base_lvt_c30_tt_ctypical_max_0p90v_25c 1.0
  Operating conditions:   ssg_cworstt_max_0p81v_125c 
  Operating conditions:   ffg_cbestt_min_0p99v_m40c 
  Operating conditions:   tt_ctypical_max_0p90v_25c 
  Interconnect mode:      placement
  Area mode:              physical library
============================================================

                                                        Leakage                                                                   Library 
             Gate               Instances    Area      Power (nW)                              Library                             Domain 
------------------------------------------------------------------------------------------------------------------------------------------
ADDF_X1M_A9PP140ZTL_C30               986   1987.776    575248.978    sc9mcpp140z_cln28ht_base_lvt_c30_ssg_cworstt_max_0p81v_125c       0 
ADDF_X1P4M_A9PP140ZTL_C30              66    149.688     54595.660    sc9mcpp140z_cln28ht_base_lvt_c30_ssg_cworstt_max_0p81v_125c       0 
ADDF_X2M_A9PP140ZTL_C30                60    136.080     48976.158    sc9mcpp140z_cln28ht_base_lvt_c30_ssg_cworstt_max_0p81v_125c       0 
ADDH_X1M_A9PP140ZTL_C30                22     27.720      9205.783    sc9mcpp140z_cln28ht_base_lvt_c30_ssg_cworstt_max_0p81v_125c       0 
ADDH_X2M_A9PP140ZTL_C30                 1      1.512       612.645    sc9mcpp140z_cln28ht_base_lvt_c30_ssg_cworstt_max_0p81v_125c       0 
AND2_X0P5B_A9PP140ZTL_C30               2      1.008       283.613    sc9mcpp140z_cln28ht_base_lvt_c30_ssg_cworstt_max_0p81v_125c       0 
AND2_X0P5M_A9PP140ZTL_C30               2      1.008       333.464    sc9mcpp140z_cln28ht_base_lvt_c30_ssg_cworstt_max_0p81v_125c       0 
AND2_X1M_A9PP140ZTL_C30               319    160.776     56177.253    sc9mcpp140z_cln28ht_base_lvt_c30_ssg_cworstt_max_0p81v_125c       0 
AND2_X1P4M_A9PP140ZTL_C30              16     10.080      4255.493    sc9mcpp140z_cln28ht_base_lvt_c30_ssg_cworstt_max_0p81v_125c       0 
AND2_X2M_A9PP140ZTL_C30                21     13.230      5715.899    sc9mcpp140z_cln28ht_base_lvt_c30_ssg_cworstt_max_0p81v_125c       0 
AND2_X3B_A9PP140ZTL_C30                 6      4.536      2122.849    sc9mcpp140z_cln28ht_base_lvt_c30_ssg_cworstt_max_0p81v_125c       0 
AND2_X3M_A9PP140ZTL_C30                30     30.240     14696.409    sc9mcpp140z_cln28ht_base_lvt_c30_ssg_cworstt_max_0p81v_125c       0 
AND2_X4M_A9PP140ZTL_C30                 3      3.402      1757.502    sc9mcpp140z_cln28ht_base_lvt_c30_ssg_cworstt_max_0p81v_125c       0 
AND2_X6B_A9PP140ZTL_C30                 1      1.386       756.269    sc9mcpp140z_cln28ht_base_lvt_c30_ssg_cworstt_max_0p81v_125c       0 
AND2_X6M_A9PP140ZTL_C30                 2      3.780      2072.656    sc9mcpp140z_cln28ht_base_lvt_c30_ssg_cworstt_max_0p81v_125c       0 
AND2_X8B_A9PP140ZTL_C30                 1      1.890      1068.137    sc9mcpp140z_cln28ht_base_lvt_c30_ssg_cworstt_max_0p81v_125c       0 
AND3_X0P7M_A9PP140ZTL_C30               2      1.260       371.137    sc9mcpp140z_cln28ht_base_lvt_c30_ssg_cworstt_max_0p81v_125c       0 
AND3_X1M_A9PP140ZTL_C30                 1      0.630       216.617    sc9mcpp140z_cln28ht_base_lvt_c30_ssg_cworstt_max_0p81v_125c       0 
AND4_X6M_A9PP140ZTL_C30                 2      6.048       925.406    sc9mcpp140z_cln28ht_base_lvt_c30_ssg_cworstt_max_0p81v_125c       0 
AO1B2_X1M_A9PP140ZTL_C30               31     19.530      6631.111    sc9mcpp140z_cln28ht_base_lvt_c30_ssg_cworstt_max_0p81v_125c       0 
AO1B2_X2M_A9PP140ZTL_C30               24     21.168      8655.831    sc9mcpp140z_cln28ht_base_lvt_c30_ssg_cworstt_max_0p81v_125c       0 
AO1B2_X3M_A9PP140ZTL_C30               28     38.808     17648.976    sc9mcpp140z_cln28ht_base_lvt_c30_ssg_cworstt_max_0p81v_125c       0 
AO1B2_X4M_A9PP140ZTL_C30               10     16.380      7646.574    sc9mcpp140z_cln28ht_base_lvt_c30_ssg_cworstt_max_0p81v_125c       0 
AO1B2_X6M_A9PP140ZTL_C30                4      9.576      4687.923    sc9mcpp140z_cln28ht_base_lvt_c30_ssg_cworstt_max_0p81v_125c       0 
AO21A1AI2_X1M_A9PP140ZTL_C30           50     31.500      6543.645    sc9mcpp140z_cln28ht_base_lvt_c30_ssg_cworstt_max_0p81v_125c       0 
AO21A1AI2_X2M_A9PP140ZTL_C30            1      1.134       295.455    sc9mcpp140z_cln28ht_base_lvt_c30_ssg_cworstt_max_0p81v_125c       0 
AO21A1AI2_X3M_A9PP140ZTL_C30            1      1.638       411.059    sc9mcpp140z_cln28ht_base_lvt_c30_ssg_cworstt_max_0p81v_125c       0 
AO21A1AI2_X4M_A9PP140ZTL_C30            1      2.142       600.280    sc9mcpp140z_cln28ht_base_lvt_c30_ssg_cworstt_max_0p81v_125c       0 
AO21B_X0P5M_A9PP140ZTL_C30              6      3.780      1077.892    sc9mcpp140z_cln28ht_base_lvt_c30_ssg_cworstt_max_0p81v_125c       0 
AO21B_X1M_A9PP140ZTL_C30              184    115.920     38642.261    sc9mcpp140z_cln28ht_base_lvt_c30_ssg_cworstt_max_0p81v_125c       0 
AO21B_X1P4M_A9PP140ZTL_C30             10      8.820      3399.429    sc9mcpp140z_cln28ht_base_lvt_c30_ssg_cworstt_max_0p81v_125c       0 
AO21B_X2M_A9PP140ZTL_C30               36     31.752     13115.799    sc9mcpp140z_cln28ht_base_lvt_c30_ssg_cworstt_max_0p81v_125c       0 
AO21B_X3M_A9PP140ZTL_C30                9     12.474      5573.124    sc9mcpp140z_cln28ht_base_lvt_c30_ssg_cworstt_max_0p81v_125c       0 
AO21B_X4M_A9PP140ZTL_C30                7     11.466      5495.596    sc9mcpp140z_cln28ht_base_lvt_c30_ssg_cworstt_max_0p81v_125c       0 
AO21B_X6M_A9PP140ZTL_C30                2      4.788      2514.560    sc9mcpp140z_cln28ht_base_lvt_c30_ssg_cworstt_max_0p81v_125c       0 
AO21_X0P7M_A9PP140ZTL_C30             104     78.624     21321.922    sc9mcpp140z_cln28ht_base_lvt_c30_ssg_cworstt_max_0p81v_125c       0 
AO21_X1M_A9PP140ZTL_C30                70     52.920     16041.246    sc9mcpp140z_cln28ht_base_lvt_c30_ssg_cworstt_max_0p81v_125c       0 
AO21_X2M_A9PP140ZTL_C30                 1      0.882       353.448    sc9mcpp140z_cln28ht_base_lvt_c30_ssg_cworstt_max_0p81v_125c       0 
AO21_X3M_A9PP140ZTL_C30                 1      1.386       617.953    sc9mcpp140z_cln28ht_base_lvt_c30_ssg_cworstt_max_0p81v_125c       0 
AO21_X6M_A9PP140ZTL_C30                 1      2.520      1263.599    sc9mcpp140z_cln28ht_base_lvt_c30_ssg_cworstt_max_0p81v_125c       0 
AO22_X1M_A9PP140ZTL_C30                36     31.752      8904.801    sc9mcpp140z_cln28ht_base_lvt_c30_ssg_cworstt_max_0p81v_125c       0 
AO22_X1P4M_A9PP140ZTL_C30               1      1.008       354.322    sc9mcpp140z_cln28ht_base_lvt_c30_ssg_cworstt_max_0p81v_125c       0 
AO22_X2M_A9PP140ZTL_C30                 2      2.016       715.911    sc9mcpp140z_cln28ht_base_lvt_c30_ssg_cworstt_max_0p81v_125c       0 
AO22_X3M_A9PP140ZTL_C30                 2      3.276      1292.210    sc9mcpp140z_cln28ht_base_lvt_c30_ssg_cworstt_max_0p81v_125c       0 
AOI211_X1M_A9PP140ZTL_C30               8      5.040      1509.152    sc9mcpp140z_cln28ht_base_lvt_c30_ssg_cworstt_max_0p81v_125c       0 
AOI21B_X0P5M_A9PP140ZTL_C30            10      7.560      1869.602    sc9mcpp140z_cln28ht_base_lvt_c30_ssg_cworstt_max_0p81v_125c       0 
AOI21B_X0P7M_A9PP140ZTL_C30             5      3.780       932.524    sc9mcpp140z_cln28ht_base_lvt_c30_ssg_cworstt_max_0p81v_125c       0 
AOI21B_X1M_A9PP140ZTL_C30              29     21.924      5393.316    sc9mcpp140z_cln28ht_base_lvt_c30_ssg_cworstt_max_0p81v_125c       0 
AOI21B_X1P4M_A9PP140ZTL_C30             1      1.134       348.610    sc9mcpp140z_cln28ht_base_lvt_c30_ssg_cworstt_max_0p81v_125c       0 
AOI21B_X2M_A9PP140ZTL_C30               9     10.206      3345.967    sc9mcpp140z_cln28ht_base_lvt_c30_ssg_cworstt_max_0p81v_125c       0 
AOI21B_X4M_A9PP140ZTL_C30               2      3.780      1265.106    sc9mcpp140z_cln28ht_base_lvt_c30_ssg_cworstt_max_0p81v_125c       0 
AOI21_X0P5M_A9PP140ZTL_C30              2      1.008       292.464    sc9mcpp140z_cln28ht_base_lvt_c30_ssg_cworstt_max_0p81v_125c       0 
AOI21_X0P7M_A9PP140ZTL_C30              3      1.512       440.471    sc9mcpp140z_cln28ht_base_lvt_c30_ssg_cworstt_max_0p81v_125c       0 
AOI21_X1M_A9PP140ZTL_C30              266    134.064     39629.720    sc9mcpp140z_cln28ht_base_lvt_c30_ssg_cworstt_max_0p81v_125c       0 
AOI21_X1P4M_A9PP140ZTL_C30              6      5.292      1743.986    sc9mcpp140z_cln28ht_base_lvt_c30_ssg_cworstt_max_0p81v_125c       0 
AOI21_X2M_A9PP140ZTL_C30              218    192.276     69923.246    sc9mcpp140z_cln28ht_base_lvt_c30_ssg_cworstt_max_0p81v_125c       0 
AOI21_X3M_A9PP140ZTL_C30               53     66.780     26565.071    sc9mcpp140z_cln28ht_base_lvt_c30_ssg_cworstt_max_0p81v_125c       0 
AOI21_X4M_A9PP140ZTL_C30               45     73.710     28560.933    sc9mcpp140z_cln28ht_base_lvt_c30_ssg_cworstt_max_0p81v_125c       0 
AOI21_X6M_A9PP140ZTL_C30               19     45.486     19827.215    sc9mcpp140z_cln28ht_base_lvt_c30_ssg_cworstt_max_0p81v_125c       0 
AOI21_X8M_A9PP140ZTL_C30                5     15.750      6011.810    sc9mcpp140z_cln28ht_base_lvt_c30_ssg_cworstt_max_0p81v_125c       0 
AOI22BB_X1M_A9PP140ZTL_C30             25     22.050      6485.148    sc9mcpp140z_cln28ht_base_lvt_c30_ssg_cworstt_max_0p81v_125c       0 
AOI22BB_X1P4M_A9PP140ZTL_C30            1      1.260       468.019    sc9mcpp140z_cln28ht_base_lvt_c30_ssg_cworstt_max_0p81v_125c       0 
AOI22BB_X2M_A9PP140ZTL_C30             31     39.060     14098.026    sc9mcpp140z_cln28ht_base_lvt_c30_ssg_cworstt_max_0p81v_125c       0 
AOI22BB_X3M_A9PP140ZTL_C30              1      1.890       774.926    sc9mcpp140z_cln28ht_base_lvt_c30_ssg_cworstt_max_0p81v_125c       0 
AOI22BB_X4M_A9PP140ZTL_C30              2      4.536      1911.404    sc9mcpp140z_cln28ht_base_lvt_c30_ssg_cworstt_max_0p81v_125c       0 
AOI22BB_X6M_A9PP140ZTL_C30              1      3.528      1367.220    sc9mcpp140z_cln28ht_base_lvt_c30_ssg_cworstt_max_0p81v_125c       0 
AOI22_X1M_A9PP140ZTL_C30                7      4.410      1183.587    sc9mcpp140z_cln28ht_base_lvt_c30_ssg_cworstt_max_0p81v_125c       0 
AOI22_X1P4M_A9PP140ZTL_C30              1      1.134       317.284    sc9mcpp140z_cln28ht_base_lvt_c30_ssg_cworstt_max_0p81v_125c       0 
AOI22_X2M_A9PP140ZTL_C30                3      3.402      1002.475    sc9mcpp140z_cln28ht_base_lvt_c30_ssg_cworstt_max_0p81v_125c       0 
AOI22_X3M_A9PP140ZTL_C30                2      3.276      1062.008    sc9mcpp140z_cln28ht_base_lvt_c30_ssg_cworstt_max_0p81v_125c       0 
AOI22_X4M_A9PP140ZTL_C30                3      6.426      2089.747    sc9mcpp140z_cln28ht_base_lvt_c30_ssg_cworstt_max_0p81v_125c       0 
AOI2XB1_X1M_A9PP140ZTL_C30             77     58.212     18237.304    sc9mcpp140z_cln28ht_base_lvt_c30_ssg_cworstt_max_0p81v_125c       0 
AOI2XB1_X1P4M_A9PP140ZTL_C30            1      1.134       358.802    sc9mcpp140z_cln28ht_base_lvt_c30_ssg_cworstt_max_0p81v_125c       0 
AOI2XB1_X2M_A9PP140ZTL_C30             19     21.546      7650.511    sc9mcpp140z_cln28ht_base_lvt_c30_ssg_cworstt_max_0p81v_125c       0 
AOI2XB1_X3M_A9PP140ZTL_C30              5      7.560      3293.100    sc9mcpp140z_cln28ht_base_lvt_c30_ssg_cworstt_max_0p81v_125c       0 
AOI2XB1_X4M_A9PP140ZTL_C30             11     22.176      9612.140    sc9mcpp140z_cln28ht_base_lvt_c30_ssg_cworstt_max_0p81v_125c       0 
AOI2XB1_X6M_A9PP140ZTL_C30              2      5.544      2060.098    sc9mcpp140z_cln28ht_base_lvt_c30_ssg_cworstt_max_0p81v_125c       0 
AOI2XB1_X8M_A9PP140ZTL_C30              2      7.308      3545.089    sc9mcpp140z_cln28ht_base_lvt_c30_ssg_cworstt_max_0p81v_125c       0 
AOI31_X1M_A9PP140ZTL_C30               15      9.450      1828.178    sc9mcpp140z_cln28ht_base_lvt_c30_ssg_cworstt_max_0p81v_125c       0 
AOI31_X1P4M_A9PP140ZTL_C30              1      1.134       242.745    sc9mcpp140z_cln28ht_base_lvt_c30_ssg_cworstt_max_0p81v_125c       0 
AOI31_X3M_A9PP140ZTL_C30                3      4.914      1280.839    sc9mcpp140z_cln28ht_base_lvt_c30_ssg_cworstt_max_0p81v_125c       0 
BUFH_X16M_A9PP140ZTL_C30               51    179.928    157148.787    sc9mcpp140z_cln28ht_base_lvt_c30_ssg_cworstt_max_0p81v_125c       0 
BUFH_X1M_A9PP140ZTL_C30               117     44.226     21953.062    sc9mcpp140z_cln28ht_base_lvt_c30_ssg_cworstt_max_0p81v_125c       0 
BUFH_X2M_A9PP140ZTL_C30               103     51.912     32232.654    sc9mcpp140z_cln28ht_base_lvt_c30_ssg_cworstt_max_0p81v_125c       0 
BUFH_X3M_A9PP140ZTL_C30               126     95.256     70158.884    sc9mcpp140z_cln28ht_base_lvt_c30_ssg_cworstt_max_0p81v_125c       0 
BUFH_X3P5M_A9PP140ZTL_C30               9      7.938      6267.176    sc9mcpp140z_cln28ht_base_lvt_c30_ssg_cworstt_max_0p81v_125c       0 
BUFH_X4M_A9PP140ZTL_C30                40     35.280     26581.154    sc9mcpp140z_cln28ht_base_lvt_c30_ssg_cworstt_max_0p81v_125c       0 
BUF_X11M_A9PP140ZTL_C30                32     68.544     57025.498    sc9mcpp140z_cln28ht_base_lvt_c30_ssg_cworstt_max_0p81v_125c       0 
BUF_X13M_A9PP140ZTL_C30                16     38.304     32028.886    sc9mcpp140z_cln28ht_base_lvt_c30_ssg_cworstt_max_0p81v_125c       0 
BUF_X16M_A9PP140ZTL_C30                30     86.940     74799.622    sc9mcpp140z_cln28ht_base_lvt_c30_ssg_cworstt_max_0p81v_125c       0 
BUF_X1M_A9PP140ZTL_C30                 98     37.044     15474.348    sc9mcpp140z_cln28ht_base_lvt_c30_ssg_cworstt_max_0p81v_125c       0 
BUF_X1P7M_A9PP140ZTL_C30               15      7.560      4677.473    sc9mcpp140z_cln28ht_base_lvt_c30_ssg_cworstt_max_0p81v_125c       0 
BUF_X2M_A9PP140ZTL_C30                  7      3.528      2185.650    sc9mcpp140z_cln28ht_base_lvt_c30_ssg_cworstt_max_0p81v_125c       0 
BUF_X3M_A9PP140ZTL_C30                 39     24.570     17327.644    sc9mcpp140z_cln28ht_base_lvt_c30_ssg_cworstt_max_0p81v_125c       0 
BUF_X3P5M_A9PP140ZTL_C30                4      3.024      2312.008    sc9mcpp140z_cln28ht_base_lvt_c30_ssg_cworstt_max_0p81v_125c       0 
BUF_X4M_A9PP140ZTL_C30                  6      5.292      3855.866    sc9mcpp140z_cln28ht_base_lvt_c30_ssg_cworstt_max_0p81v_125c       0 
BUF_X5M_A9PP140ZTL_C30                  6      6.048      4694.834    sc9mcpp140z_cln28ht_base_lvt_c30_ssg_cworstt_max_0p81v_125c       0 
BUF_X6M_A9PP140ZTL_C30                 11     12.474     10041.316    sc9mcpp140z_cln28ht_base_lvt_c30_ssg_cworstt_max_0p81v_125c       0 
BUF_X7P5M_A9PP140ZTL_C30               13     19.656     17321.358    sc9mcpp140z_cln28ht_base_lvt_c30_ssg_cworstt_max_0p81v_125c       0 
BUF_X9M_A9PP140ZTL_C30                  6     10.584      8521.366    sc9mcpp140z_cln28ht_base_lvt_c30_ssg_cworstt_max_0p81v_125c       0 
CGENCIN_X1M_A9PP140ZTL_C30              3      6.426      3026.651    sc9mcpp140z_cln28ht_base_lvt_c30_ssg_cworstt_max_0p81v_125c       0 
CGENCIN_X1P4M_A9PP140ZTL_C30            8     21.168     10692.567    sc9mcpp140z_cln28ht_base_lvt_c30_ssg_cworstt_max_0p81v_125c       0 
CGENCIN_X2M_A9PP140ZTL_C30              1      2.898      1477.068    sc9mcpp140z_cln28ht_base_lvt_c30_ssg_cworstt_max_0p81v_125c       0 
CGENI_X1M_A9PP140ZTL_C30              119     89.964     19878.813    sc9mcpp140z_cln28ht_base_lvt_c30_ssg_cworstt_max_0p81v_125c       0 
CGENI_X1P4M_A9PP140ZTL_C30             15     20.790      5086.800    sc9mcpp140z_cln28ht_base_lvt_c30_ssg_cworstt_max_0p81v_125c       0 
CGENI_X2M_A9PP140ZTL_C30              151    209.286     53689.746    sc9mcpp140z_cln28ht_base_lvt_c30_ssg_cworstt_max_0p81v_125c       0 
CGEN_X1M_A9PP140ZTL_C30               471    415.422    126991.155    sc9mcpp140z_cln28ht_base_lvt_c30_ssg_cworstt_max_0p81v_125c       0 
CGEN_X1P4M_A9PP140ZTL_C30             106    106.848     41266.902    sc9mcpp140z_cln28ht_base_lvt_c30_ssg_cworstt_max_0p81v_125c       0 
CGEN_X2M_A9PP140ZTL_C30               177    178.416     68127.900    sc9mcpp140z_cln28ht_base_lvt_c30_ssg_cworstt_max_0p81v_125c       0 
DFFQA_X1M_A9PP140ZTL_C30                1      1.890       669.391    sc9mcpp140z_cln28ht_base_lvt_c30_ssg_cworstt_max_0p81v_125c       0 
DFFRPQA_X1M_A9PP140ZTL_C30            910   1949.220    646023.637    sc9mcpp140z_cln28ht_base_lvt_c30_ssg_cworstt_max_0p81v_125c       0 
DFFRPQL_X1M_A9PP140ZTL_C30              8     20.160      6200.492    sc9mcpp140z_cln28ht_base_lvt_c30_ssg_cworstt_max_0p81v_125c       0 
DFFRPQNA_X1M_A9PP140ZTL_C30            29     58.464     18243.622    sc9mcpp140z_cln28ht_base_lvt_c30_ssg_cworstt_max_0p81v_125c       0 
DFFRPQN_X1M_A9PP140ZTL_C30             32     76.608     23168.620    sc9mcpp140z_cln28ht_base_lvt_c30_ssg_cworstt_max_0p81v_125c       0 
DFFRPQN_X2M_A9PP140ZTL_C30             25     63.000     21703.369    sc9mcpp140z_cln28ht_base_lvt_c30_ssg_cworstt_max_0p81v_125c       0 
DFFRPQN_X3M_A9PP140ZTL_C30             13     34.398     13444.316    sc9mcpp140z_cln28ht_base_lvt_c30_ssg_cworstt_max_0p81v_125c       0 
DFFRPQ_X1M_A9PP140ZTL_C30             272    685.440    207696.348    sc9mcpp140z_cln28ht_base_lvt_c30_ssg_cworstt_max_0p81v_125c       0 
DFFRPQ_X2M_A9PP140ZTL_C30              76    201.096     67898.584    sc9mcpp140z_cln28ht_base_lvt_c30_ssg_cworstt_max_0p81v_125c       0 
DFFRPQ_X3M_A9PP140ZTL_C30            1923   5330.556   1927361.686    sc9mcpp140z_cln28ht_base_lvt_c30_ssg_cworstt_max_0p81v_125c       0 
DFFRPQ_X4M_A9PP140ZTL_C30             385   1164.240    475490.426    sc9mcpp140z_cln28ht_base_lvt_c30_ssg_cworstt_max_0p81v_125c       0 
INV_X0P5M_A9PP140ZTL_C30                1      0.252        67.173    sc9mcpp140z_cln28ht_base_lvt_c30_ssg_cworstt_max_0p81v_125c       0 
INV_X0P6B_A9PP140ZTL_C30               21      5.292      1575.554    sc9mcpp140z_cln28ht_base_lvt_c30_ssg_cworstt_max_0p81v_125c       0 
INV_X0P7M_A9PP140ZTL_C30               36      9.072      3263.704    sc9mcpp140z_cln28ht_base_lvt_c30_ssg_cworstt_max_0p81v_125c       0 
INV_X0P8B_A9PP140ZTL_C30              146     36.792     11884.041    sc9mcpp140z_cln28ht_base_lvt_c30_ssg_cworstt_max_0p81v_125c       0 
INV_X0P8M_A9PP140ZTL_C30              447    112.644     40846.027    sc9mcpp140z_cln28ht_base_lvt_c30_ssg_cworstt_max_0p81v_125c       0 
INV_X11M_A9PP140ZTL_C30                38     62.244     48392.728    sc9mcpp140z_cln28ht_base_lvt_c30_ssg_cworstt_max_0p81v_125c       0 
INV_X13M_A9PP140ZTL_C30                28     52.920     41816.730    sc9mcpp140z_cln28ht_base_lvt_c30_ssg_cworstt_max_0p81v_125c       0 
INV_X16M_A9PP140ZTL_C30                47    106.596     87022.829    sc9mcpp140z_cln28ht_base_lvt_c30_ssg_cworstt_max_0p81v_125c       0 
INV_X1B_A9PP140ZTL_C30                206     51.912     17179.747    sc9mcpp140z_cln28ht_base_lvt_c30_ssg_cworstt_max_0p81v_125c       0 
INV_X1M_A9PP140ZTL_C30               1388    349.776    116435.402    sc9mcpp140z_cln28ht_base_lvt_c30_ssg_cworstt_max_0p81v_125c       0 
INV_X1P4M_A9PP140ZTL_C30                8      3.024      1607.227    sc9mcpp140z_cln28ht_base_lvt_c30_ssg_cworstt_max_0p81v_125c       0 
INV_X1P7B_A9PP140ZTL_C30                2      0.756       358.355    sc9mcpp140z_cln28ht_base_lvt_c30_ssg_cworstt_max_0p81v_125c       0 
INV_X1P7M_A9PP140ZTL_C30               80     30.240     16591.301    sc9mcpp140z_cln28ht_base_lvt_c30_ssg_cworstt_max_0p81v_125c       0 
INV_X2B_A9PP140ZTL_C30                 14      5.292      2764.940    sc9mcpp140z_cln28ht_base_lvt_c30_ssg_cworstt_max_0p81v_125c       0 
INV_X2M_A9PP140ZTL_C30                481    181.818     92193.574    sc9mcpp140z_cln28ht_base_lvt_c30_ssg_cworstt_max_0p81v_125c       0 
INV_X3B_A9PP140ZTL_C30                  1      0.504       306.306    sc9mcpp140z_cln28ht_base_lvt_c30_ssg_cworstt_max_0p81v_125c       0 
INV_X3M_A9PP140ZTL_C30                166     83.664     50832.145    sc9mcpp140z_cln28ht_base_lvt_c30_ssg_cworstt_max_0p81v_125c       0 
INV_X3P5M_A9PP140ZTL_C30               44     27.720     20921.677    sc9mcpp140z_cln28ht_base_lvt_c30_ssg_cworstt_max_0p81v_125c       0 
INV_X4M_A9PP140ZTL_C30                147     92.610     62072.445    sc9mcpp140z_cln28ht_base_lvt_c30_ssg_cworstt_max_0p81v_125c       0 
INV_X5M_A9PP140ZTL_C30                 35     26.460     19292.615    sc9mcpp140z_cln28ht_base_lvt_c30_ssg_cworstt_max_0p81v_125c       0 
INV_X6B_A9PP140ZTL_C30                  1      0.882       646.666    sc9mcpp140z_cln28ht_base_lvt_c30_ssg_cworstt_max_0p81v_125c       0 
INV_X6M_A9PP140ZTL_C30                 72     63.504     47490.677    sc9mcpp140z_cln28ht_base_lvt_c30_ssg_cworstt_max_0p81v_125c       0 
INV_X7P5B_A9PP140ZTL_C30                1      1.134       865.730    sc9mcpp140z_cln28ht_base_lvt_c30_ssg_cworstt_max_0p81v_125c       0 
INV_X7P5M_A9PP140ZTL_C30               59     66.906     56183.781    sc9mcpp140z_cln28ht_base_lvt_c30_ssg_cworstt_max_0p81v_125c       0 
INV_X9M_A9PP140ZTL_C30                 16     20.160     16262.994    sc9mcpp140z_cln28ht_base_lvt_c30_ssg_cworstt_max_0p81v_125c       0 
MX2_X3B_A9PP140ZTL_C30                  2      4.284      1948.086    sc9mcpp140z_cln28ht_base_lvt_c30_ssg_cworstt_max_0p81v_125c       0 
MX2_X4B_A9PP140ZTL_C30                  2      4.788      2325.731    sc9mcpp140z_cln28ht_base_lvt_c30_ssg_cworstt_max_0p81v_125c       0 
MXIT2_X0P5M_A9PP140ZTL_C30              1      0.882       310.354    sc9mcpp140z_cln28ht_base_lvt_c30_ssg_cworstt_max_0p81v_125c       0 
MXIT2_X0P7M_A9PP140ZTL_C30              6      5.292      2068.986    sc9mcpp140z_cln28ht_base_lvt_c30_ssg_cworstt_max_0p81v_125c       0 
MXIT2_X1M_A9PP140ZTL_C30              214    188.748     80879.536    sc9mcpp140z_cln28ht_base_lvt_c30_ssg_cworstt_max_0p81v_125c       0 
MXIT2_X1P4M_A9PP140ZTL_C30            388    488.880    247506.844    sc9mcpp140z_cln28ht_base_lvt_c30_ssg_cworstt_max_0p81v_125c       0 
MXIT2_X2M_A9PP140ZTL_C30               26     39.312     18690.433    sc9mcpp140z_cln28ht_base_lvt_c30_ssg_cworstt_max_0p81v_125c       0 
MXIT2_X3M_A9PP140ZTL_C30               34     59.976     32872.385    sc9mcpp140z_cln28ht_base_lvt_c30_ssg_cworstt_max_0p81v_125c       0 
MXIT2_X4M_A9PP140ZTL_C30              221    529.074    314210.241    sc9mcpp140z_cln28ht_base_lvt_c30_ssg_cworstt_max_0p81v_125c       0 
MXT2_X0P5B_A9PP140ZTL_C30              38     33.516     11891.133    sc9mcpp140z_cln28ht_base_lvt_c30_ssg_cworstt_max_0p81v_125c       0 
MXT2_X0P5M_A9PP140ZTL_C30             119    119.952     36562.788    sc9mcpp140z_cln28ht_base_lvt_c30_ssg_cworstt_max_0p81v_125c       0 
MXT2_X0P7B_A9PP140ZTL_C30               2      2.016       645.568    sc9mcpp140z_cln28ht_base_lvt_c30_ssg_cworstt_max_0p81v_125c       0 
MXT2_X1B_A9PP140ZTL_C30                13     14.742      6031.075    sc9mcpp140z_cln28ht_base_lvt_c30_ssg_cworstt_max_0p81v_125c       0 
MXT2_X1M_A9PP140ZTL_C30                 1      1.134       445.007    sc9mcpp140z_cln28ht_base_lvt_c30_ssg_cworstt_max_0p81v_125c       0 
MXT2_X1P4M_A9PP140ZTL_C30              27     30.618     16818.911    sc9mcpp140z_cln28ht_base_lvt_c30_ssg_cworstt_max_0p81v_125c       0 
MXT2_X2M_A9PP140ZTL_C30              1081   1225.854    661494.772    sc9mcpp140z_cln28ht_base_lvt_c30_ssg_cworstt_max_0p81v_125c       0 
MXT2_X3M_A9PP140ZTL_C30               900   1701.000    980109.897    sc9mcpp140z_cln28ht_base_lvt_c30_ssg_cworstt_max_0p81v_125c       0 
MXT2_X4B_A9PP140ZTL_C30                 1      2.016       963.036    sc9mcpp140z_cln28ht_base_lvt_c30_ssg_cworstt_max_0p81v_125c       0 
MXT2_X4M_A9PP140ZTL_C30                19     38.304     22762.801    sc9mcpp140z_cln28ht_base_lvt_c30_ssg_cworstt_max_0p81v_125c       0 
MXT2_X6M_A9PP140ZTL_C30                14     42.336     26525.625    sc9mcpp140z_cln28ht_base_lvt_c30_ssg_cworstt_max_0p81v_125c       0 
NAND2B_X0P7M_A9PP140ZTL_C30            25     12.600      4615.926    sc9mcpp140z_cln28ht_base_lvt_c30_ssg_cworstt_max_0p81v_125c       0 
NAND2B_X1M_A9PP140ZTL_C30             610    307.440    117133.515    sc9mcpp140z_cln28ht_base_lvt_c30_ssg_cworstt_max_0p81v_125c       0 
NAND2B_X2M_A9PP140ZTL_C30              23     17.388      7585.810    sc9mcpp140z_cln28ht_base_lvt_c30_ssg_cworstt_max_0p81v_125c       0 
NAND2B_X4M_A9PP140ZTL_C30               1      1.260       441.229    sc9mcpp140z_cln28ht_base_lvt_c30_ssg_cworstt_max_0p81v_125c       0 
NAND2B_X6M_A9PP140ZTL_C30               1      1.890       937.763    sc9mcpp140z_cln28ht_base_lvt_c30_ssg_cworstt_max_0p81v_125c       0 
NAND2B_X8M_A9PP140ZTL_C30               4      9.576      3594.749    sc9mcpp140z_cln28ht_base_lvt_c30_ssg_cworstt_max_0p81v_125c       0 
NAND2XB_X0P7M_A9PP140ZTL_C30            2      1.008       475.199    sc9mcpp140z_cln28ht_base_lvt_c30_ssg_cworstt_max_0p81v_125c       0 
NAND2XB_X1M_A9PP140ZTL_C30            212    106.848     41996.981    sc9mcpp140z_cln28ht_base_lvt_c30_ssg_cworstt_max_0p81v_125c       0 
NAND2XB_X1P4M_A9PP140ZTL_C30            6      4.536      1991.660    sc9mcpp140z_cln28ht_base_lvt_c30_ssg_cworstt_max_0p81v_125c       0 
NAND2XB_X2M_A9PP140ZTL_C30             79     59.724     25897.599    sc9mcpp140z_cln28ht_base_lvt_c30_ssg_cworstt_max_0p81v_125c       0 
NAND2XB_X3M_A9PP140ZTL_C30             32     32.256     14817.063    sc9mcpp140z_cln28ht_base_lvt_c30_ssg_cworstt_max_0p81v_125c       0 
NAND2XB_X4M_A9PP140ZTL_C30             16     20.160      9490.659    sc9mcpp140z_cln28ht_base_lvt_c30_ssg_cworstt_max_0p81v_125c       0 
NAND2XB_X6M_A9PP140ZTL_C30             14     26.460     13346.900    sc9mcpp140z_cln28ht_base_lvt_c30_ssg_cworstt_max_0p81v_125c       0 
NAND2XB_X8M_A9PP140ZTL_C30              4      9.576      3876.676    sc9mcpp140z_cln28ht_base_lvt_c30_ssg_cworstt_max_0p81v_125c       0 
NAND2_X0P5M_A9PP140ZTL_C30              1      0.378        70.408    sc9mcpp140z_cln28ht_base_lvt_c30_ssg_cworstt_max_0p81v_125c       0 
NAND2_X0P7A_A9PP140ZTL_C30              1      0.378        88.925    sc9mcpp140z_cln28ht_base_lvt_c30_ssg_cworstt_max_0p81v_125c       0 
NAND2_X0P7B_A9PP140ZTL_C30              1      0.378        85.681    sc9mcpp140z_cln28ht_base_lvt_c30_ssg_cworstt_max_0p81v_125c       0 
NAND2_X0P7M_A9PP140ZTL_C30              7      2.646       552.601    sc9mcpp140z_cln28ht_base_lvt_c30_ssg_cworstt_max_0p81v_125c       0 
NAND2_X1A_A9PP140ZTL_C30              515    194.670     51894.299    sc9mcpp140z_cln28ht_base_lvt_c30_ssg_cworstt_max_0p81v_125c       0 
NAND2_X1B_A9PP140ZTL_C30              519    196.182     49323.011    sc9mcpp140z_cln28ht_base_lvt_c30_ssg_cworstt_max_0p81v_125c       0 
NAND2_X1M_A9PP140ZTL_C30              508    192.024     49936.213    sc9mcpp140z_cln28ht_base_lvt_c30_ssg_cworstt_max_0p81v_125c       0 
NAND2_X1P4A_A9PP140ZTL_C30              2      1.260       451.101    sc9mcpp140z_cln28ht_base_lvt_c30_ssg_cworstt_max_0p81v_125c       0 
NAND2_X1P4B_A9PP140ZTL_C30             12      7.560      2719.873    sc9mcpp140z_cln28ht_base_lvt_c30_ssg_cworstt_max_0p81v_125c       0 
NAND2_X1P4M_A9PP140ZTL_C30              2      1.260       419.353    sc9mcpp140z_cln28ht_base_lvt_c30_ssg_cworstt_max_0p81v_125c       0 
NAND2_X2A_A9PP140ZTL_C30              118     74.340     27002.792    sc9mcpp140z_cln28ht_base_lvt_c30_ssg_cworstt_max_0p81v_125c       0 
NAND2_X2B_A9PP140ZTL_C30              146     91.980     30856.286    sc9mcpp140z_cln28ht_base_lvt_c30_ssg_cworstt_max_0p81v_125c       0 
NAND2_X2M_A9PP140ZTL_C30              104     65.520     23269.265    sc9mcpp140z_cln28ht_base_lvt_c30_ssg_cworstt_max_0p81v_125c       0 
NAND2_X3A_A9PP140ZTL_C30               17     14.994      5809.337    sc9mcpp140z_cln28ht_base_lvt_c30_ssg_cworstt_max_0p81v_125c       0 
NAND2_X3B_A9PP140ZTL_C30               29     25.578      9072.213    sc9mcpp140z_cln28ht_base_lvt_c30_ssg_cworstt_max_0p81v_125c       0 
NAND2_X3M_A9PP140ZTL_C30               20     17.640      6715.788    sc9mcpp140z_cln28ht_base_lvt_c30_ssg_cworstt_max_0p81v_125c       0 
NAND2_X4A_A9PP140ZTL_C30               24     27.216     11209.285    sc9mcpp140z_cln28ht_base_lvt_c30_ssg_cworstt_max_0p81v_125c       0 
NAND2_X4B_A9PP140ZTL_C30               11     12.474      4696.580    sc9mcpp140z_cln28ht_base_lvt_c30_ssg_cworstt_max_0p81v_125c       0 
NAND2_X4M_A9PP140ZTL_C30               15     17.010      7055.055    sc9mcpp140z_cln28ht_base_lvt_c30_ssg_cworstt_max_0p81v_125c       0 
NAND2_X6A_A9PP140ZTL_C30               16     26.208     10098.011    sc9mcpp140z_cln28ht_base_lvt_c30_ssg_cworstt_max_0p81v_125c       0 
NAND2_X6B_A9PP140ZTL_C30                7     11.466      4126.939    sc9mcpp140z_cln28ht_base_lvt_c30_ssg_cworstt_max_0p81v_125c       0 
NAND2_X6M_A9PP140ZTL_C30               16     26.208     10811.149    sc9mcpp140z_cln28ht_base_lvt_c30_ssg_cworstt_max_0p81v_125c       0 
NAND2_X8A_A9PP140ZTL_C30                7     14.994      5802.511    sc9mcpp140z_cln28ht_base_lvt_c30_ssg_cworstt_max_0p81v_125c       0 
NAND2_X8B_A9PP140ZTL_C30                4      8.568      2820.151    sc9mcpp140z_cln28ht_base_lvt_c30_ssg_cworstt_max_0p81v_125c       0 
NAND2_X8M_A9PP140ZTL_C30               10     21.420      8685.840    sc9mcpp140z_cln28ht_base_lvt_c30_ssg_cworstt_max_0p81v_125c       0 
NAND3BB_X1M_A9PP140ZTL_C30             84     52.920     25154.737    sc9mcpp140z_cln28ht_base_lvt_c30_ssg_cworstt_max_0p81v_125c       0 
NAND3BB_X2M_A9PP140ZTL_C30             41     36.162     17264.050    sc9mcpp140z_cln28ht_base_lvt_c30_ssg_cworstt_max_0p81v_125c       0 
NAND3BB_X3M_A9PP140ZTL_C30             30     41.580     23626.979    sc9mcpp140z_cln28ht_base_lvt_c30_ssg_cworstt_max_0p81v_125c       0 
NAND3BB_X4M_A9PP140ZTL_C30              4      6.552      3741.903    sc9mcpp140z_cln28ht_base_lvt_c30_ssg_cworstt_max_0p81v_125c       0 
NAND3BB_X6M_A9PP140ZTL_C30              4     10.584      6484.314    sc9mcpp140z_cln28ht_base_lvt_c30_ssg_cworstt_max_0p81v_125c       0 
NAND3B_X1M_A9PP140ZTL_C30              14      8.820      2740.333    sc9mcpp140z_cln28ht_base_lvt_c30_ssg_cworstt_max_0p81v_125c       0 
NAND3XXB_X1M_A9PP140ZTL_C30            14      8.820      2560.074    sc9mcpp140z_cln28ht_base_lvt_c30_ssg_cworstt_max_0p81v_125c       0 
NAND3XXB_X2M_A9PP140ZTL_C30             5      5.670      1303.815    sc9mcpp140z_cln28ht_base_lvt_c30_ssg_cworstt_max_0p81v_125c       0 
NAND3XXB_X3M_A9PP140ZTL_C30             2      2.772       958.227    sc9mcpp140z_cln28ht_base_lvt_c30_ssg_cworstt_max_0p81v_125c       0 
NAND3XXB_X6M_A9PP140ZTL_C30             1      2.772       984.922    sc9mcpp140z_cln28ht_base_lvt_c30_ssg_cworstt_max_0p81v_125c       0 
NAND3_X1A_A9PP140ZTL_C30                2      1.008       262.877    sc9mcpp140z_cln28ht_base_lvt_c30_ssg_cworstt_max_0p81v_125c       0 
NAND3_X1M_A9PP140ZTL_C30                5      2.520       508.276    sc9mcpp140z_cln28ht_base_lvt_c30_ssg_cworstt_max_0p81v_125c       0 
NAND3_X2A_A9PP140ZTL_C30                8      7.056      2001.406    sc9mcpp140z_cln28ht_base_lvt_c30_ssg_cworstt_max_0p81v_125c       0 
NAND3_X2M_A9PP140ZTL_C30                2      1.764       540.378    sc9mcpp140z_cln28ht_base_lvt_c30_ssg_cworstt_max_0p81v_125c       0 
NAND3_X3A_A9PP140ZTL_C30                2      2.520       706.388    sc9mcpp140z_cln28ht_base_lvt_c30_ssg_cworstt_max_0p81v_125c       0 
NAND3_X6A_A9PP140ZTL_C30                5     11.970      3548.610    sc9mcpp140z_cln28ht_base_lvt_c30_ssg_cworstt_max_0p81v_125c       0 
NAND3_X6M_A9PP140ZTL_C30                2      4.788      1157.599    sc9mcpp140z_cln28ht_base_lvt_c30_ssg_cworstt_max_0p81v_125c       0 
NAND4BB_X1M_A9PP140ZTL_C30              9      6.804      3234.935    sc9mcpp140z_cln28ht_base_lvt_c30_ssg_cworstt_max_0p81v_125c       0 
NAND4BB_X2M_A9PP140ZTL_C30              2      2.520       875.947    sc9mcpp140z_cln28ht_base_lvt_c30_ssg_cworstt_max_0p81v_125c       0 
NAND4BB_X3M_A9PP140ZTL_C30              2      3.528      1413.582    sc9mcpp140z_cln28ht_base_lvt_c30_ssg_cworstt_max_0p81v_125c       0 
NAND4BB_X4M_A9PP140ZTL_C30              1      2.268       797.938    sc9mcpp140z_cln28ht_base_lvt_c30_ssg_cworstt_max_0p81v_125c       0 
NAND4XXXB_X4M_A9PP140ZTL_C30            1      2.394       570.072    sc9mcpp140z_cln28ht_base_lvt_c30_ssg_cworstt_max_0p81v_125c       0 
NAND4_X1A_A9PP140ZTL_C30                1      0.630       130.391    sc9mcpp140z_cln28ht_base_lvt_c30_ssg_cworstt_max_0p81v_125c       0 
NAND4_X3A_A9PP140ZTL_C30                1      1.638       478.136    sc9mcpp140z_cln28ht_base_lvt_c30_ssg_cworstt_max_0p81v_125c       0 
NAND4_X3M_A9PP140ZTL_C30                1      1.638       362.291    sc9mcpp140z_cln28ht_base_lvt_c30_ssg_cworstt_max_0p81v_125c       0 
NAND4_X4M_A9PP140ZTL_C30                1      2.142       468.046    sc9mcpp140z_cln28ht_base_lvt_c30_ssg_cworstt_max_0p81v_125c       0 
NOR2B_X0P5M_A9PP140ZTL_C30             13      6.552      2921.246    sc9mcpp140z_cln28ht_base_lvt_c30_ssg_cworstt_max_0p81v_125c       0 
NOR2B_X0P7M_A9PP140ZTL_C30             22     11.088      4966.593    sc9mcpp140z_cln28ht_base_lvt_c30_ssg_cworstt_max_0p81v_125c       0 
NOR2B_X1M_A9PP140ZTL_C30              571    287.784    133419.187    sc9mcpp140z_cln28ht_base_lvt_c30_ssg_cworstt_max_0p81v_125c       0 
NOR2B_X2M_A9PP140ZTL_C30               14     10.584      5145.383    sc9mcpp140z_cln28ht_base_lvt_c30_ssg_cworstt_max_0p81v_125c       0 
NOR2B_X3M_A9PP140ZTL_C30                1      1.008       434.638    sc9mcpp140z_cln28ht_base_lvt_c30_ssg_cworstt_max_0p81v_125c       0 
NOR2B_X4M_A9PP140ZTL_C30                1      1.260       445.332    sc9mcpp140z_cln28ht_base_lvt_c30_ssg_cworstt_max_0p81v_125c       0 
NOR2B_X6M_A9PP140ZTL_C30                3      5.670      2668.587    sc9mcpp140z_cln28ht_base_lvt_c30_ssg_cworstt_max_0p81v_125c       0 
NOR2XB_X0P7M_A9PP140ZTL_C30             5      2.520      1047.054    sc9mcpp140z_cln28ht_base_lvt_c30_ssg_cworstt_max_0p81v_125c       0 
NOR2XB_X1M_A9PP140ZTL_C30              95     47.880     17075.105    sc9mcpp140z_cln28ht_base_lvt_c30_ssg_cworstt_max_0p81v_125c       0 
NOR2XB_X1P4M_A9PP140ZTL_C30             1      0.756       284.600    sc9mcpp140z_cln28ht_base_lvt_c30_ssg_cworstt_max_0p81v_125c       0 
NOR2XB_X2M_A9PP140ZTL_C30              56     42.336     19376.401    sc9mcpp140z_cln28ht_base_lvt_c30_ssg_cworstt_max_0p81v_125c       0 
NOR2XB_X3M_A9PP140ZTL_C30              18     18.144      8766.171    sc9mcpp140z_cln28ht_base_lvt_c30_ssg_cworstt_max_0p81v_125c       0 
NOR2XB_X4M_A9PP140ZTL_C30              13     16.380      7587.189    sc9mcpp140z_cln28ht_base_lvt_c30_ssg_cworstt_max_0p81v_125c       0 
NOR2XB_X6M_A9PP140ZTL_C30              19     35.910     18421.162    sc9mcpp140z_cln28ht_base_lvt_c30_ssg_cworstt_max_0p81v_125c       0 
NOR2XB_X8M_A9PP140ZTL_C30               3      7.182      3410.980    sc9mcpp140z_cln28ht_base_lvt_c30_ssg_cworstt_max_0p81v_125c       0 
NOR2_X0P7A_A9PP140ZTL_C30               8      3.024       995.177    sc9mcpp140z_cln28ht_base_lvt_c30_ssg_cworstt_max_0p81v_125c       0 
NOR2_X0P7B_A9PP140ZTL_C30               3      1.134       516.038    sc9mcpp140z_cln28ht_base_lvt_c30_ssg_cworstt_max_0p81v_125c       0 
NOR2_X0P7M_A9PP140ZTL_C30               9      3.402      1328.047    sc9mcpp140z_cln28ht_base_lvt_c30_ssg_cworstt_max_0p81v_125c       0 
NOR2_X1A_A9PP140ZTL_C30              1450    548.100    164869.434    sc9mcpp140z_cln28ht_base_lvt_c30_ssg_cworstt_max_0p81v_125c       0 
NOR2_X1B_A9PP140ZTL_C30               101     38.178     10330.224    sc9mcpp140z_cln28ht_base_lvt_c30_ssg_cworstt_max_0p81v_125c       0 
NOR2_X1M_A9PP140ZTL_C30               462    174.636     47221.576    sc9mcpp140z_cln28ht_base_lvt_c30_ssg_cworstt_max_0p81v_125c       0 
NOR2_X1P4A_A9PP140ZTL_C30               5      3.150       961.898    sc9mcpp140z_cln28ht_base_lvt_c30_ssg_cworstt_max_0p81v_125c       0 
NOR2_X1P4M_A9PP140ZTL_C30               3      1.890       600.939    sc9mcpp140z_cln28ht_base_lvt_c30_ssg_cworstt_max_0p81v_125c       0 
NOR2_X2A_A9PP140ZTL_C30               471    296.730    110889.723    sc9mcpp140z_cln28ht_base_lvt_c30_ssg_cworstt_max_0p81v_125c       0 
NOR2_X2B_A9PP140ZTL_C30                 7      4.410       965.646    sc9mcpp140z_cln28ht_base_lvt_c30_ssg_cworstt_max_0p81v_125c       0 
NOR2_X2M_A9PP140ZTL_C30                98     61.740     25695.597    sc9mcpp140z_cln28ht_base_lvt_c30_ssg_cworstt_max_0p81v_125c       0 
NOR2_X3A_A9PP140ZTL_C30                58     51.156     21905.827    sc9mcpp140z_cln28ht_base_lvt_c30_ssg_cworstt_max_0p81v_125c       0 
NOR2_X3B_A9PP140ZTL_C30                 9      7.938      3456.590    sc9mcpp140z_cln28ht_base_lvt_c30_ssg_cworstt_max_0p81v_125c       0 
NOR2_X3M_A9PP140ZTL_C30                19     16.758      6661.526    sc9mcpp140z_cln28ht_base_lvt_c30_ssg_cworstt_max_0p81v_125c       0 
NOR2_X4A_A9PP140ZTL_C30                53     60.102     29744.000    sc9mcpp140z_cln28ht_base_lvt_c30_ssg_cworstt_max_0p81v_125c       0 
NOR2_X4B_A9PP140ZTL_C30                 6      6.804      2526.972    sc9mcpp140z_cln28ht_base_lvt_c30_ssg_cworstt_max_0p81v_125c       0 
NOR2_X4M_A9PP140ZTL_C30                15     17.010     10486.012    sc9mcpp140z_cln28ht_base_lvt_c30_ssg_cworstt_max_0p81v_125c       0 
NOR2_X6A_A9PP140ZTL_C30                23     37.674     20577.939    sc9mcpp140z_cln28ht_base_lvt_c30_ssg_cworstt_max_0p81v_125c       0 
NOR2_X6B_A9PP140ZTL_C30                 5      8.190      3364.824    sc9mcpp140z_cln28ht_base_lvt_c30_ssg_cworstt_max_0p81v_125c       0 
NOR2_X6M_A9PP140ZTL_C30                 7     11.466      4406.165    sc9mcpp140z_cln28ht_base_lvt_c30_ssg_cworstt_max_0p81v_125c       0 
NOR2_X8A_A9PP140ZTL_C30                 5     10.710      9701.429    sc9mcpp140z_cln28ht_base_lvt_c30_ssg_cworstt_max_0p81v_125c       0 
NOR2_X8B_A9PP140ZTL_C30                 3      6.426      2849.568    sc9mcpp140z_cln28ht_base_lvt_c30_ssg_cworstt_max_0p81v_125c       0 
NOR2_X8M_A9PP140ZTL_C30                 2      4.284      1816.149    sc9mcpp140z_cln28ht_base_lvt_c30_ssg_cworstt_max_0p81v_125c       0 
NOR3BB_X0P7M_A9PP140ZTL_C30            12      7.560      3015.359    sc9mcpp140z_cln28ht_base_lvt_c30_ssg_cworstt_max_0p81v_125c       0 
NOR3BB_X1M_A9PP140ZTL_C30              10      6.300      1970.138    sc9mcpp140z_cln28ht_base_lvt_c30_ssg_cworstt_max_0p81v_125c       0 
NOR3BB_X1P4M_A9PP140ZTL_C30             8      7.056      3547.579    sc9mcpp140z_cln28ht_base_lvt_c30_ssg_cworstt_max_0p81v_125c       0 
NOR3BB_X2M_A9PP140ZTL_C30               3      2.646      1135.874    sc9mcpp140z_cln28ht_base_lvt_c30_ssg_cworstt_max_0p81v_125c       0 
NOR3BB_X3M_A9PP140ZTL_C30               1      1.386       652.924    sc9mcpp140z_cln28ht_base_lvt_c30_ssg_cworstt_max_0p81v_125c       0 
NOR3BB_X4M_A9PP140ZTL_C30               5      8.190      4796.038    sc9mcpp140z_cln28ht_base_lvt_c30_ssg_cworstt_max_0p81v_125c       0 
NOR3BB_X6M_A9PP140ZTL_C30               2      4.284      1964.969    sc9mcpp140z_cln28ht_base_lvt_c30_ssg_cworstt_max_0p81v_125c       0 
NOR3_X1A_A9PP140ZTL_C30                19      9.576      3996.861    sc9mcpp140z_cln28ht_base_lvt_c30_ssg_cworstt_max_0p81v_125c       0 
NOR3_X1M_A9PP140ZTL_C30                16      8.064      2723.467    sc9mcpp140z_cln28ht_base_lvt_c30_ssg_cworstt_max_0p81v_125c       0 
NOR3_X2A_A9PP140ZTL_C30                14     12.348      4845.820    sc9mcpp140z_cln28ht_base_lvt_c30_ssg_cworstt_max_0p81v_125c       0 
NOR3_X2M_A9PP140ZTL_C30                 2      1.764       774.681    sc9mcpp140z_cln28ht_base_lvt_c30_ssg_cworstt_max_0p81v_125c       0 
NOR3_X3A_A9PP140ZTL_C30                 4      5.040      2981.520    sc9mcpp140z_cln28ht_base_lvt_c30_ssg_cworstt_max_0p81v_125c       0 
NOR3_X4A_A9PP140ZTL_C30                 3      4.914      2308.303    sc9mcpp140z_cln28ht_base_lvt_c30_ssg_cworstt_max_0p81v_125c       0 
NOR3_X4M_A9PP140ZTL_C30                 1      1.638       830.759    sc9mcpp140z_cln28ht_base_lvt_c30_ssg_cworstt_max_0p81v_125c       0 
NOR4BB_X1M_A9PP140ZTL_C30              14     10.584      3816.399    sc9mcpp140z_cln28ht_base_lvt_c30_ssg_cworstt_max_0p81v_125c       0 
OA1B2_X1M_A9PP140ZTL_C30               34     21.420     10098.017    sc9mcpp140z_cln28ht_base_lvt_c30_ssg_cworstt_max_0p81v_125c       0 
OA1B2_X1P4M_A9PP140ZTL_C30             18     15.876      9556.235    sc9mcpp140z_cln28ht_base_lvt_c30_ssg_cworstt_max_0p81v_125c       0 
OA1B2_X2M_A9PP140ZTL_C30                9     10.206      5433.536    sc9mcpp140z_cln28ht_base_lvt_c30_ssg_cworstt_max_0p81v_125c       0 
OA1B2_X3M_A9PP140ZTL_C30               17     23.562     14235.720    sc9mcpp140z_cln28ht_base_lvt_c30_ssg_cworstt_max_0p81v_125c       0 
OA1B2_X4M_A9PP140ZTL_C30                1      1.638       835.339    sc9mcpp140z_cln28ht_base_lvt_c30_ssg_cworstt_max_0p81v_125c       0 
OA1B2_X6M_A9PP140ZTL_C30                6     15.876      9798.005    sc9mcpp140z_cln28ht_base_lvt_c30_ssg_cworstt_max_0p81v_125c       0 
OA211_X1M_A9PP140ZTL_C30               10      8.820      1941.724    sc9mcpp140z_cln28ht_base_lvt_c30_ssg_cworstt_max_0p81v_125c       0 
OA21A1OI2_X0P7M_A9PP140ZTL_C30          3      1.890       421.259    sc9mcpp140z_cln28ht_base_lvt_c30_ssg_cworstt_max_0p81v_125c       0 
OA21A1OI2_X1M_A9PP140ZTL_C30           49     30.870      7267.149    sc9mcpp140z_cln28ht_base_lvt_c30_ssg_cworstt_max_0p81v_125c       0 
OA21A1OI2_X2M_A9PP140ZTL_C30            4      4.536       766.545    sc9mcpp140z_cln28ht_base_lvt_c30_ssg_cworstt_max_0p81v_125c       0 
OA21A1OI2_X3M_A9PP140ZTL_C30            1      1.638       485.483    sc9mcpp140z_cln28ht_base_lvt_c30_ssg_cworstt_max_0p81v_125c       0 
OA21A1OI2_X4M_A9PP140ZTL_C30            1      2.142       558.984    sc9mcpp140z_cln28ht_base_lvt_c30_ssg_cworstt_max_0p81v_125c       0 
OA21B_X1M_A9PP140ZTL_C30               18     11.340      5426.965    sc9mcpp140z_cln28ht_base_lvt_c30_ssg_cworstt_max_0p81v_125c       0 
OA21B_X1P4M_A9PP140ZTL_C30             21     18.522     11691.653    sc9mcpp140z_cln28ht_base_lvt_c30_ssg_cworstt_max_0p81v_125c       0 
OA21B_X2M_A9PP140ZTL_C30               14     15.876      8988.793    sc9mcpp140z_cln28ht_base_lvt_c30_ssg_cworstt_max_0p81v_125c       0 
OA21B_X3M_A9PP140ZTL_C30               11     15.246      9371.306    sc9mcpp140z_cln28ht_base_lvt_c30_ssg_cworstt_max_0p81v_125c       0 
OA21B_X4M_A9PP140ZTL_C30                3      4.914      3330.695    sc9mcpp140z_cln28ht_base_lvt_c30_ssg_cworstt_max_0p81v_125c       0 
OA21B_X6M_A9PP140ZTL_C30                3      7.938      4252.322    sc9mcpp140z_cln28ht_base_lvt_c30_ssg_cworstt_max_0p81v_125c       0 
OA21_X0P7M_A9PP140ZTL_C30               1      0.756       208.843    sc9mcpp140z_cln28ht_base_lvt_c30_ssg_cworstt_max_0p81v_125c       0 
OA21_X1M_A9PP140ZTL_C30                30     22.680      6202.156    sc9mcpp140z_cln28ht_base_lvt_c30_ssg_cworstt_max_0p81v_125c       0 
OA21_X2M_A9PP140ZTL_C30                 1      0.882       339.920    sc9mcpp140z_cln28ht_base_lvt_c30_ssg_cworstt_max_0p81v_125c       0 
OA21_X3M_A9PP140ZTL_C30                 2      2.772      1208.893    sc9mcpp140z_cln28ht_base_lvt_c30_ssg_cworstt_max_0p81v_125c       0 
OA21_X6M_A9PP140ZTL_C30                 1      2.520      1257.764    sc9mcpp140z_cln28ht_base_lvt_c30_ssg_cworstt_max_0p81v_125c       0 
OA22_X2M_A9PP140ZTL_C30                 1      1.008       364.058    sc9mcpp140z_cln28ht_base_lvt_c30_ssg_cworstt_max_0p81v_125c       0 
OAI211_X1M_A9PP140ZTL_C30              30     18.900      3617.492    sc9mcpp140z_cln28ht_base_lvt_c30_ssg_cworstt_max_0p81v_125c       0 
OAI211_X1P4M_A9PP140ZTL_C30             1      1.134       215.604    sc9mcpp140z_cln28ht_base_lvt_c30_ssg_cworstt_max_0p81v_125c       0 
OAI211_X2M_A9PP140ZTL_C30               7      7.938      1743.660    sc9mcpp140z_cln28ht_base_lvt_c30_ssg_cworstt_max_0p81v_125c       0 
OAI211_X3M_A9PP140ZTL_C30               2      3.276       753.445    sc9mcpp140z_cln28ht_base_lvt_c30_ssg_cworstt_max_0p81v_125c       0 
OAI211_X4M_A9PP140ZTL_C30               2      4.284      1054.755    sc9mcpp140z_cln28ht_base_lvt_c30_ssg_cworstt_max_0p81v_125c       0 
OAI21B_X1M_A9PP140ZTL_C30              16     12.096      3521.492    sc9mcpp140z_cln28ht_base_lvt_c30_ssg_cworstt_max_0p81v_125c       0 
OAI21B_X2M_A9PP140ZTL_C30              40     45.360     14597.082    sc9mcpp140z_cln28ht_base_lvt_c30_ssg_cworstt_max_0p81v_125c       0 
OAI21B_X3M_A9PP140ZTL_C30              11     16.632      5648.640    sc9mcpp140z_cln28ht_base_lvt_c30_ssg_cworstt_max_0p81v_125c       0 
OAI21B_X4M_A9PP140ZTL_C30               6     11.340      3914.745    sc9mcpp140z_cln28ht_base_lvt_c30_ssg_cworstt_max_0p81v_125c       0 
OAI21B_X6M_A9PP140ZTL_C30               2      5.544      2112.724    sc9mcpp140z_cln28ht_base_lvt_c30_ssg_cworstt_max_0p81v_125c       0 
OAI21B_X8M_A9PP140ZTL_C30               1      3.528      1348.979    sc9mcpp140z_cln28ht_base_lvt_c30_ssg_cworstt_max_0p81v_125c       0 
OAI21_X0P5M_A9PP140ZTL_C30              3      1.512       339.023    sc9mcpp140z_cln28ht_base_lvt_c30_ssg_cworstt_max_0p81v_125c       0 
OAI21_X0P7M_A9PP140ZTL_C30              7      3.528       846.770    sc9mcpp140z_cln28ht_base_lvt_c30_ssg_cworstt_max_0p81v_125c       0 
OAI21_X1M_A9PP140ZTL_C30              553    278.712     67556.431    sc9mcpp140z_cln28ht_base_lvt_c30_ssg_cworstt_max_0p81v_125c       0 
OAI21_X1P4M_A9PP140ZTL_C30             15     13.230      3592.948    sc9mcpp140z_cln28ht_base_lvt_c30_ssg_cworstt_max_0p81v_125c       0 
OAI21_X2M_A9PP140ZTL_C30              257    226.674     66518.171    sc9mcpp140z_cln28ht_base_lvt_c30_ssg_cworstt_max_0p81v_125c       0 
OAI21_X3M_A9PP140ZTL_C30               77     97.020     31548.327    sc9mcpp140z_cln28ht_base_lvt_c30_ssg_cworstt_max_0p81v_125c       0 
OAI21_X4M_A9PP140ZTL_C30               60     98.280     33465.864    sc9mcpp140z_cln28ht_base_lvt_c30_ssg_cworstt_max_0p81v_125c       0 
OAI21_X6M_A9PP140ZTL_C30               17     40.698     14267.270    sc9mcpp140z_cln28ht_base_lvt_c30_ssg_cworstt_max_0p81v_125c       0 
OAI21_X8M_A9PP140ZTL_C30                7     22.050      7994.210    sc9mcpp140z_cln28ht_base_lvt_c30_ssg_cworstt_max_0p81v_125c       0 
OAI22BB_X0P5M_A9PP140ZTL_C30            3      2.646       534.223    sc9mcpp140z_cln28ht_base_lvt_c30_ssg_cworstt_max_0p81v_125c       0 
OAI22BB_X1M_A9PP140ZTL_C30             27     23.814      5529.589    sc9mcpp140z_cln28ht_base_lvt_c30_ssg_cworstt_max_0p81v_125c       0 
OAI22BB_X2M_A9PP140ZTL_C30             52     65.520     18940.828    sc9mcpp140z_cln28ht_base_lvt_c30_ssg_cworstt_max_0p81v_125c       0 
OAI22BB_X3M_A9PP140ZTL_C30              6      9.828      3216.992    sc9mcpp140z_cln28ht_base_lvt_c30_ssg_cworstt_max_0p81v_125c       0 
OAI22BB_X4M_A9PP140ZTL_C30              2      4.536      1564.998    sc9mcpp140z_cln28ht_base_lvt_c30_ssg_cworstt_max_0p81v_125c       0 
OAI22BB_X6M_A9PP140ZTL_C30              1      3.024      1098.691    sc9mcpp140z_cln28ht_base_lvt_c30_ssg_cworstt_max_0p81v_125c       0 
OAI22_X1M_A9PP140ZTL_C30               11      6.930      1705.080    sc9mcpp140z_cln28ht_base_lvt_c30_ssg_cworstt_max_0p81v_125c       0 
OAI22_X1P4M_A9PP140ZTL_C30              1      1.134       311.252    sc9mcpp140z_cln28ht_base_lvt_c30_ssg_cworstt_max_0p81v_125c       0 
OAI22_X2M_A9PP140ZTL_C30               10     11.340      3243.074    sc9mcpp140z_cln28ht_base_lvt_c30_ssg_cworstt_max_0p81v_125c       0 
OAI22_X3M_A9PP140ZTL_C30                5      8.190      2478.012    sc9mcpp140z_cln28ht_base_lvt_c30_ssg_cworstt_max_0p81v_125c       0 
OAI2XB1_X0P5M_A9PP140ZTL_C30            3      2.268       637.001    sc9mcpp140z_cln28ht_base_lvt_c30_ssg_cworstt_max_0p81v_125c       0 
OAI2XB1_X0P7M_A9PP140ZTL_C30            8      6.048      1618.393    sc9mcpp140z_cln28ht_base_lvt_c30_ssg_cworstt_max_0p81v_125c       0 
OAI2XB1_X1M_A9PP140ZTL_C30            178    134.568     39604.842    sc9mcpp140z_cln28ht_base_lvt_c30_ssg_cworstt_max_0p81v_125c       0 
OAI2XB1_X1P4M_A9PP140ZTL_C30            7      7.938      2206.960    sc9mcpp140z_cln28ht_base_lvt_c30_ssg_cworstt_max_0p81v_125c       0 
OAI2XB1_X2M_A9PP140ZTL_C30             90    102.060     32375.645    sc9mcpp140z_cln28ht_base_lvt_c30_ssg_cworstt_max_0p81v_125c       0 
OAI2XB1_X3M_A9PP140ZTL_C30              8     12.096      4095.215    sc9mcpp140z_cln28ht_base_lvt_c30_ssg_cworstt_max_0p81v_125c       0 
OAI2XB1_X4M_A9PP140ZTL_C30             11     22.176      8147.172    sc9mcpp140z_cln28ht_base_lvt_c30_ssg_cworstt_max_0p81v_125c       0 
OAI2XB1_X6M_A9PP140ZTL_C30              7     19.404      7749.991    sc9mcpp140z_cln28ht_base_lvt_c30_ssg_cworstt_max_0p81v_125c       0 
OAI2XB1_X8M_A9PP140ZTL_C30              2      7.308      2993.463    sc9mcpp140z_cln28ht_base_lvt_c30_ssg_cworstt_max_0p81v_125c       0 
OAI31_X0P7M_A9PP140ZTL_C30              1      0.630       111.148    sc9mcpp140z_cln28ht_base_lvt_c30_ssg_cworstt_max_0p81v_125c       0 
OAI31_X1M_A9PP140ZTL_C30               27     17.010      3361.281    sc9mcpp140z_cln28ht_base_lvt_c30_ssg_cworstt_max_0p81v_125c       0 
OAI31_X4M_A9PP140ZTL_C30                1      2.142       628.079    sc9mcpp140z_cln28ht_base_lvt_c30_ssg_cworstt_max_0p81v_125c       0 
OR2_X0P5B_A9PP140ZTL_C30               18      9.072      3831.365    sc9mcpp140z_cln28ht_base_lvt_c30_ssg_cworstt_max_0p81v_125c       0 
OR2_X0P7B_A9PP140ZTL_C30                5      2.520      1318.975    sc9mcpp140z_cln28ht_base_lvt_c30_ssg_cworstt_max_0p81v_125c       0 
OR2_X0P7M_A9PP140ZTL_C30                3      1.512       811.559    sc9mcpp140z_cln28ht_base_lvt_c30_ssg_cworstt_max_0p81v_125c       0 
OR2_X1B_A9PP140ZTL_C30                 52     26.208     13089.023    sc9mcpp140z_cln28ht_base_lvt_c30_ssg_cworstt_max_0p81v_125c       0 
OR2_X1M_A9PP140ZTL_C30                324    163.296     75955.717    sc9mcpp140z_cln28ht_base_lvt_c30_ssg_cworstt_max_0p81v_125c       0 
OR2_X1P4M_A9PP140ZTL_C30               20     12.600      7997.306    sc9mcpp140z_cln28ht_base_lvt_c30_ssg_cworstt_max_0p81v_125c       0 
OR2_X2M_A9PP140ZTL_C30                 18     11.340      6657.114    sc9mcpp140z_cln28ht_base_lvt_c30_ssg_cworstt_max_0p81v_125c       0 
OR2_X3B_A9PP140ZTL_C30                  2      2.016      1213.108    sc9mcpp140z_cln28ht_base_lvt_c30_ssg_cworstt_max_0p81v_125c       0 
OR2_X3M_A9PP140ZTL_C30                 44     44.352     28564.744    sc9mcpp140z_cln28ht_base_lvt_c30_ssg_cworstt_max_0p81v_125c       0 
OR2_X4M_A9PP140ZTL_C30                  3      3.402      2208.115    sc9mcpp140z_cln28ht_base_lvt_c30_ssg_cworstt_max_0p81v_125c       0 
OR2_X6M_A9PP140ZTL_C30                 10     18.900     12296.813    sc9mcpp140z_cln28ht_base_lvt_c30_ssg_cworstt_max_0p81v_125c       0 
OR2_X8M_A9PP140ZTL_C30                  3      7.182      4531.428    sc9mcpp140z_cln28ht_base_lvt_c30_ssg_cworstt_max_0p81v_125c       0 
OR3_X1M_A9PP140ZTL_C30                  9      5.670      3159.901    sc9mcpp140z_cln28ht_base_lvt_c30_ssg_cworstt_max_0p81v_125c       0 
OR3_X6M_A9PP140ZTL_C30                  1      2.520      1463.584    sc9mcpp140z_cln28ht_base_lvt_c30_ssg_cworstt_max_0p81v_125c       0 
OR4_X1M_A9PP140ZTL_C30                 29     29.232     18685.082    sc9mcpp140z_cln28ht_base_lvt_c30_ssg_cworstt_max_0p81v_125c       0 
OR4_X2M_A9PP140ZTL_C30                 13     16.380      9715.117    sc9mcpp140z_cln28ht_base_lvt_c30_ssg_cworstt_max_0p81v_125c       0 
OR4_X3M_A9PP140ZTL_C30                 10     20.160     15389.821    sc9mcpp140z_cln28ht_base_lvt_c30_ssg_cworstt_max_0p81v_125c       0 
OR4_X4M_A9PP140ZTL_C30                  1      2.268      1101.610    sc9mcpp140z_cln28ht_base_lvt_c30_ssg_cworstt_max_0p81v_125c       0 
OR4_X6M_A9PP140ZTL_C30                  1      3.780      1977.030    sc9mcpp140z_cln28ht_base_lvt_c30_ssg_cworstt_max_0p81v_125c       0 
XNOR2_X0P5M_A9PP140ZTL_C30            178    134.568     39166.185    sc9mcpp140z_cln28ht_base_lvt_c30_ssg_cworstt_max_0p81v_125c       0 
XNOR2_X0P7M_A9PP140ZTL_C30            502    379.512    123107.452    sc9mcpp140z_cln28ht_base_lvt_c30_ssg_cworstt_max_0p81v_125c       0 
XNOR2_X1M_A9PP140ZTL_C30               28     31.752     13941.924    sc9mcpp140z_cln28ht_base_lvt_c30_ssg_cworstt_max_0p81v_125c       0 
XNOR2_X1P4M_A9PP140ZTL_C30             27     30.618     13051.986    sc9mcpp140z_cln28ht_base_lvt_c30_ssg_cworstt_max_0p81v_125c       0 
XNOR2_X2M_A9PP140ZTL_C30               66     99.792     62254.102    sc9mcpp140z_cln28ht_base_lvt_c30_ssg_cworstt_max_0p81v_125c       0 
XNOR2_X3M_A9PP140ZTL_C30               23     46.368     28472.381    sc9mcpp140z_cln28ht_base_lvt_c30_ssg_cworstt_max_0p81v_125c       0 
XNOR2_X4M_A9PP140ZTL_C30              104    275.184    198020.009    sc9mcpp140z_cln28ht_base_lvt_c30_ssg_cworstt_max_0p81v_125c       0 
XNOR3_X0P5M_A9PP140ZTL_C30              2      3.024      1001.689    sc9mcpp140z_cln28ht_base_lvt_c30_ssg_cworstt_max_0p81v_125c       0 
XNOR3_X0P7M_A9PP140ZTL_C30             14     21.168      7229.517    sc9mcpp140z_cln28ht_base_lvt_c30_ssg_cworstt_max_0p81v_125c       0 
XNOR3_X1M_A9PP140ZTL_C30               10     18.900      8455.464    sc9mcpp140z_cln28ht_base_lvt_c30_ssg_cworstt_max_0p81v_125c       0 
XNOR3_X1P4M_A9PP140ZTL_C30              5     11.340      6434.443    sc9mcpp140z_cln28ht_base_lvt_c30_ssg_cworstt_max_0p81v_125c       0 
XNOR3_X2M_A9PP140ZTL_C30              120    272.160    156362.766    sc9mcpp140z_cln28ht_base_lvt_c30_ssg_cworstt_max_0p81v_125c       0 
XNOR3_X3M_A9PP140ZTL_C30              227    629.244    412659.793    sc9mcpp140z_cln28ht_base_lvt_c30_ssg_cworstt_max_0p81v_125c       0 
XNOR3_X4M_A9PP140ZTL_C30               13     45.864     33107.398    sc9mcpp140z_cln28ht_base_lvt_c30_ssg_cworstt_max_0p81v_125c       0 
XOR2_X0P5M_A9PP140ZTL_C30             425    321.300    114850.392    sc9mcpp140z_cln28ht_base_lvt_c30_ssg_cworstt_max_0p81v_125c       0 
XOR2_X0P7M_A9PP140ZTL_C30             186    140.616     50459.092    sc9mcpp140z_cln28ht_base_lvt_c30_ssg_cworstt_max_0p81v_125c       0 
XOR2_X1M_A9PP140ZTL_C30                42     47.628     20813.175    sc9mcpp140z_cln28ht_base_lvt_c30_ssg_cworstt_max_0p81v_125c       0 
XOR2_X1P4M_A9PP140ZTL_C30              67     75.978     32884.824    sc9mcpp140z_cln28ht_base_lvt_c30_ssg_cworstt_max_0p81v_125c       0 
XOR2_X2M_A9PP140ZTL_C30               138    208.656    130037.479    sc9mcpp140z_cln28ht_base_lvt_c30_ssg_cworstt_max_0p81v_125c       0 
XOR2_X3M_A9PP140ZTL_C30                22     44.352     27227.774    sc9mcpp140z_cln28ht_base_lvt_c30_ssg_cworstt_max_0p81v_125c       0 
XOR2_X4M_A9PP140ZTL_C30                77    203.742    146677.927    sc9mcpp140z_cln28ht_base_lvt_c30_ssg_cworstt_max_0p81v_125c       0 
XOR3_X0P5M_A9PP140ZTL_C30              10     15.120      5191.562    sc9mcpp140z_cln28ht_base_lvt_c30_ssg_cworstt_max_0p81v_125c       0 
XOR3_X0P7M_A9PP140ZTL_C30              11     16.632      6075.551    sc9mcpp140z_cln28ht_base_lvt_c30_ssg_cworstt_max_0p81v_125c       0 
XOR3_X1M_A9PP140ZTL_C30                31     58.590     25598.054    sc9mcpp140z_cln28ht_base_lvt_c30_ssg_cworstt_max_0p81v_125c       0 
XOR3_X1P4M_A9PP140ZTL_C30               8     18.144     10301.356    sc9mcpp140z_cln28ht_base_lvt_c30_ssg_cworstt_max_0p81v_125c       0 
XOR3_X2M_A9PP140ZTL_C30               245    555.660    319005.236    sc9mcpp140z_cln28ht_base_lvt_c30_ssg_cworstt_max_0p81v_125c       0 
XOR3_X3M_A9PP140ZTL_C30               217    601.524    393767.991    sc9mcpp140z_cln28ht_base_lvt_c30_ssg_cworstt_max_0p81v_125c       0 
XOR3_X4M_A9PP140ZTL_C30                 7     24.696     17786.769    sc9mcpp140z_cln28ht_base_lvt_c30_ssg_cworstt_max_0p81v_125c       0 
------------------------------------------------------------------------------------------------------------------------------------------
total                               27468  31361.904  13318020.822                                                                


                                             Leakage   Leakage 
     Type      Instances    Area   Area %  Power (nW)  Power % 
---------------------------------------------------------------
sequential          3674  9585.072   30.0  3407900.490    25.6 
inverter            3485  1392.174    4.4   756874.369     5.7 
buffer               729   738.108    2.3   564607.585     4.2 
logic              19580 19646.550   61.5  8588638.378    64.5 
physical_cells      1107   596.610    1.9        0.000     0.0 
---------------------------------------------------------------
total              28575 31958.514  100.0 13318020.822   100.0 

