============================================================
  Generated by:           Genus(TM) Synthesis Solution 23.10-p004_1
  Generated on:           Feb 17 2025  02:46:02 pm
  Module:                 pp_fir_u_3
  Library domain:         timing_cond_wcl_slow
    Domain index:         0
    Technology library:   sc9mcpp140z_cln28ht_base_lvt_c30_ssg_cworstt_max_0p81v_125c 1.0
  Library domain:         timing_cond_wcl_fast
    Domain index:         1
    Technology library:   sc9mcpp140z_cln28ht_base_lvt_c30_ffg_cbestt_min_0p99v_m40c 1.0
  Library domain:         timing_cond_wcl_typical
    Domain index:         2
    Technology library:   sc9mcpp140z_cln28ht_base_lvt_c30_tt_ctypical_max_0p90v_25c 1.0
  Operating conditions:   ssg_cworstt_max_0p81v_125c 
  Operating conditions:   ffg_cbestt_min_0p99v_m40c 
  Operating conditions:   tt_ctypical_max_0p90v_25c 
  Interconnect mode:      placement
  Area mode:              physical library
============================================================

Timing
--------

  Analysis view  Clock Period 
------------------------------
view_wcl_slow    clk    500.0 
view_wcl_fast    clk    500.0 
view_wcl_typical clk    500.0 


    Analysis       Cost   Critical            Violating 
      View        Group  Path Slack    TNS      Paths   
--------------------------------------------------------
view_wcl_slow        clk      -66.9 -97263.2       2730 
                 default   No paths      0.0          0 
--------------------------------------------------------
Total                               -97263.2       2730 
                                                        
view_wcl_fast        clk       -5.7   -400.0        197 
                 default   No paths      0.0          0 
--------------------------------------------------------
Total                                 -400.0        197 
                                                        
view_wcl_typical     clk      -31.2 -28668.7       1972 
                 default   No paths      0.0          0 
--------------------------------------------------------
Total                               -28668.7       1972 
                                                        

Instance Count
--------------
Leaf Instance Count             27468 
Physical Instance count          1107 
Sequential Instance Count        3674 
Combinational Instance Count    23794 
Hierarchical Instance Count         0 

Area
----
Cell Area                          31361.904
Physical Cell Area                 596.610
Total Cell Area (Cell+Physical)    31958.514
Net Area                           8425.367
Total Area (Cell+Physical+Net)     40383.881

Floorplan Utilization              85.40%
Runtime                            99.22385100000002 seconds
Elapsed Runtime                    2862 seconds
Genus peak memory usage            3581.00 
Innovus peak memory usage          5537.730469 
Hostname                           tc124.cm.cluster

Physical Data
-------------
Total Net Length                   168507.34 um
Average Net Length                 5.88 um
