============================================================
  Generated by:           Genus(TM) Synthesis Solution 23.10-p004_1
  Generated on:           Feb 17 2025  02:11:32 pm
  Module:                 pp_fir_u_3
  Library domain:         timing_cond_wcl_slow
    Domain index:         0
    Technology library:   sc9mcpp140z_cln28ht_base_lvt_c30_ssg_cworstt_max_0p81v_125c 1.0
  Library domain:         timing_cond_wcl_fast
    Domain index:         1
    Technology library:   sc9mcpp140z_cln28ht_base_lvt_c30_ffg_cbestt_min_0p99v_m40c 1.0
  Library domain:         timing_cond_wcl_typical
    Domain index:         2
    Technology library:   sc9mcpp140z_cln28ht_base_lvt_c30_tt_ctypical_max_0p90v_25c 1.0
  Operating conditions:   ssg_cworstt_max_0p81v_125c 
  Operating conditions:   ffg_cbestt_min_0p99v_m40c 
  Operating conditions:   tt_ctypical_max_0p90v_25c 
  Interconnect mode:      spatial
  Area mode:              physical library
============================================================

Timing
--------

  Analysis view  Clock Period 
------------------------------
view_wcl_slow    clk    500.0 
view_wcl_fast    clk    500.0 
view_wcl_typical clk    500.0 


    Analysis       Cost   Critical            Violating 
      View        Group  Path Slack    TNS      Paths   
--------------------------------------------------------
view_wcl_slow        clk      -21.9 -26419.1       1918 
                 default   No paths      0.0          0 
--------------------------------------------------------
Total                               -26419.1       1918 
                                                        
view_wcl_fast        clk       21.4      0.0          0 
                 default   No paths      0.0          0 
--------------------------------------------------------
Total                                   -0.0          0 
                                                        
view_wcl_typical     clk        3.0      0.0          0 
                 default   No paths      0.0          0 
--------------------------------------------------------
Total                                   -0.0          0 
                                                        

Instance Count
--------------
Leaf Instance Count             27330 
Physical Instance count          1107 
Sequential Instance Count        3674 
Combinational Instance Count    23656 
Hierarchical Instance Count         0 

Area
----
Cell Area                          29993.040
Physical Cell Area                 596.610
Total Cell Area (Cell+Physical)    30589.650
Net Area                           7323.759
Total Area (Cell+Physical+Net)     37913.409

Floorplan Utilization              81.67%
Runtime                            101.22385100000002 seconds
Elapsed Runtime                    794 seconds
Genus peak memory usage            2673.02 
Innovus peak memory usage          no_value 
Hostname                           tc124.cm.cluster
