###############################################################
#  Generated by:      Cadence Innovus 23.10-p003_1
#  OS:                Linux x86_64(Host ID tc088)
#  Generated on:      Wed Feb 19 00:46:28 2025
#  Design:            pp_fir_u_5
#  Command:           report_clock_trees -out_file RPT/rclk_full.rpt
###############################################################

Clock DAG stats:
================

---------------------------------------------------------
Cell type                 Count    Area       Capacitance
---------------------------------------------------------
Buffers                      0       0.000       0.000
Inverters                  409     362.754       1.203
Integrated Clock Gates       0       0.000       0.000
Discrete Clock Gates         0       0.000       0.000
Clock Logic                  0       0.000       0.000
All                        409     362.754       1.203
---------------------------------------------------------

Clock DAG miscellaneous counts:
===============================

------------------------------
Type                     Count
------------------------------
Roots                      1
Preserved Ports            0
Multiple Clock Inputs      0
------------------------------


Clock DAG sink counts:
======================

-------------------------
Sink type           Count
-------------------------
Regular             3604
Enable Latch           0
Load Capacitance       0
Antenna Diode          0
Node Sink              0
Total               3604
-------------------------


Clock DAG wire lengths:
=======================

--------------------
Type     Wire Length
--------------------
Top           0.000
Trunk      3402.260
Leaf       6699.640
Total     10101.900
--------------------


Clock DAG hp wire lengths:
==========================

-----------------------
Type     hp Wire Length
-----------------------
Top            0.000
Trunk       3052.600
Leaf        3831.470
Total       6884.070
-----------------------


Clock DAG capacitances:
=======================

--------------------------------
Type     Gate     Wire     Total
--------------------------------
Top      0.000    0.000    0.000
Trunk    1.203    0.480    1.683
Leaf     2.202    1.164    3.366
Total    3.405    1.644    5.049
--------------------------------


Clock DAG sink capacitances:
============================

-----------------------------------------------
Total    Average    Std. Dev.    Min      Max
-----------------------------------------------
2.202     0.001       0.000      0.000    0.002
-----------------------------------------------


Clock DAG net violations:
=========================

------------------------------------------------------------------------------------------------
Type                    Units    Count    Average    Std. Dev.    Sum      Top 10 violations
------------------------------------------------------------------------------------------------
Remaining Transition    ns         3       0.000       0.000      0.001    [0.001, 0.000, 0.000]
------------------------------------------------------------------------------------------------


Clock DAG primary half-corner transition distribution:
======================================================

-----------------------------------------------------------------------------------------------------------------------------------------------------------------------------------------------------------------------------
Net Type    Target    Count    Average    Std. Dev.    Min      Max      Distribution                                                                   Over Target
-----------------------------------------------------------------------------------------------------------------------------------------------------------------------------------------------------------------------------
Trunk       0.025      176      0.020       0.003      0.011    0.025    {10 <= 0.015ns, 67 <= 0.020ns, 56 <= 0.022ns, 22 <= 0.024ns, 19 <= 0.025ns}    {2 <= 0.026ns, 0 <= 0.028ns, 0 <= 0.030ns, 0 <= 0.037ns, 0 > 0.037ns}
Leaf        0.025      234      0.021       0.003      0.012    0.026    {18 <= 0.015ns, 62 <= 0.020ns, 81 <= 0.022ns, 44 <= 0.024ns, 28 <= 0.025ns}    {1 <= 0.026ns, 0 <= 0.028ns, 0 <= 0.030ns, 0 <= 0.037ns, 0 > 0.037ns}
-----------------------------------------------------------------------------------------------------------------------------------------------------------------------------------------------------------------------------


Clock DAG library cell distribution:
====================================

-----------------------------------------------------------
Name                        Type        Inst     Inst Area 
                                        Count    (um^2)
-----------------------------------------------------------
INV_X7P5B_A9PP140ZTL_C30    inverter     145      164.430
INV_X6B_A9PP140ZTL_C30      inverter     158      139.356
INV_X4B_A9PP140ZTL_C30      inverter      75       47.250
INV_X2B_A9PP140ZTL_C30      inverter      31       11.718
-----------------------------------------------------------



Please note that the following tables reflect only the defined clock trees, so the flop counts might not include all flops in your design.

Clock Tree Summary:
===================

---------------------------------------------------------------------------------------------------------------------
Clock Tree  Clock  Bufs  Invs  Other  Max       Max     Max     Max          Standard   Wire   Gate   Clock Tree Root
Name        Gates              Clock  Non-leaf  Leaf    Length  Source-sink  cell area  cap    cap    
                               Cells  Fanout    Fanout  (um)    Resistance   (um^2)     (pF)   (pF)   
                                                                (Ohms)                                
---------------------------------------------------------------------------------------------------------------------
clk           0     0    409     0       4        24    137.51    8065.81     362.754   1.644  3.405  clk
---------------------------------------------------------------------------------------------------------------------

Clock Sink Summary:
===================

-------------------------------------------------------------------------------------------------------------------------------------------
Clock Tree  Explicit      Implicit      Explicit     Implicit     Explicit   Implicit   Posedge  Negedge  Memory  Enable  Non enable  Other
Name        exclude pins  exclude pins  ignore pins  ignore pins  stop pins  stop pins  Flops    Flops    Clock   Latch   Latch       Sinks
                                                                                                          Pins    Sinks   Sinks       
-------------------------------------------------------------------------------------------------------------------------------------------
clk              0             0             0            0           0          0       3604       0       0       0         0         0
-------------------------------------------------------------------------------------------------------------------------------------------

Summary across all clock trees:
===============================

------------------------------------------------------------------------------------------------------------
Clock  Bufs  Invs  Other  Max       Average   Max     Average  Max      Max          Standard   Wire   Gate
Gates              Clock  Non-leaf  Non-leaf  Leaf    Leaf     Length   Source-sink  cell area  cap    cap
                   Cells  Fanout    Fanout    Fanout  Fanout   (um)     Resistance   (um^2)     (pF)   (pF)
                                                                        (Ohms)                         
------------------------------------------------------------------------------------------------------------
  0     0    409     0       4      2.32386     24    15.4017  137.510    806.581     362.754   1.644  3.405
------------------------------------------------------------------------------------------------------------

Clock Sink Summary across all clock trees:
==========================================

-------------------------------------------------------------------------------------------------------------------------------
Explicit      Implicit      Explicit     Implicit     Explicit   Implicit   Posedge  Negedge  Memory  Enable  Non enable  Other
exclude pins  exclude pins  ignore pins  ignore pins  stop pins  stop pins  Flops    Flops    Clock   Latch   Latch       Sinks
                                                                                              Pins    Sinks   Sinks       
-------------------------------------------------------------------------------------------------------------------------------
     0             0             0            0           0          0       3604       0       0       0         0         0
-------------------------------------------------------------------------------------------------------------------------------

Physical metrics across all clock trees:
========================================

-----------------------------------------------------------------------
Metric                               Minimum  Average  Maximum  Std.dev
-----------------------------------------------------------------------
Source-sink routed net length (um)    1.040    14.928  137.510  10.521
Source-sink manhattan distance (um)   1.040    14.252  131.080  10.263
Source-sink resistance (Ohm)         32.491   151.803  806.581  62.237
-----------------------------------------------------------------------

Transition distribution for half-corner delay_corner_wcl_slow:both.late:
========================================================================

-----------------------------------------------------------------------------------------------------------------------------------------------------------------------------------------------------------------------------
Net Type    Target    Count    Average    Std. Dev.    Min      Max      Distribution                                                                   Over Target
-----------------------------------------------------------------------------------------------------------------------------------------------------------------------------------------------------------------------------
Trunk       0.025      176      0.020       0.003      0.011    0.025    {10 <= 0.015ns, 67 <= 0.020ns, 56 <= 0.022ns, 22 <= 0.024ns, 19 <= 0.025ns}    {2 <= 0.026ns, 0 <= 0.028ns, 0 <= 0.030ns, 0 <= 0.037ns, 0 > 0.037ns}
Leaf        0.025      234      0.021       0.003      0.012    0.026    {18 <= 0.015ns, 62 <= 0.020ns, 81 <= 0.022ns, 44 <= 0.024ns, 28 <= 0.025ns}    {1 <= 0.026ns, 0 <= 0.028ns, 0 <= 0.030ns, 0 <= 0.037ns, 0 > 0.037ns}
-----------------------------------------------------------------------------------------------------------------------------------------------------------------------------------------------------------------------------

Count of violations across all clock trees:
===========================================

---------------------------------------------------------------------------------------
Clock Tree  # Max capacitance  # Max resistance  # Max length  # Max fanout  # Slew
Name        violations         violations        violations    violations    violations
---------------------------------------------------------------------------------------
clk                 0                 0               0             0            31
---------------------------------------------------------------------------------------
Total               0                 0               0             0            31
---------------------------------------------------------------------------------------

Note the above table per clock tree is based on CCOpt clock tree view. The violations are counted across half corners.

Found a total of 0 clock tree pins with max capacitance violations.
Found a total of 0 clock tree nets with max resistance violations.
Found a total of 0 clock tree nets with max length violations.
Found a total of 0 clock tree nets with max fanout violations.
Found a total of 31 clock tree pins with a slew violation.

Slew violation summary across all clock trees - Top 10 violating pins:
======================================================================

Target and measured clock slews (in ns):

-------------------------------------------------------------------------------------------------------------------------
Half corner                      Violation  Slew    Slew      Dont   Ideal  Target    Pin
                                 amount     target  achieved  touch  net?   source    
                                                              net?                    
-------------------------------------------------------------------------------------------------------------------------
delay_corner_wcl_slow:both.late    0.001    0.025    0.026    N      N      explicit  pp_fir_5_1_1_sum1_4_im_1_reg[12]/CK
delay_corner_wcl_slow:both.late    0.001    0.025    0.026    N      N      explicit  pp_fir_5_1_1_sum1_4_im_1_reg[14]/CK
delay_corner_wcl_slow:both.late    0.001    0.025    0.026    N      N      explicit  pp_fir_5_1_1_sum1_4_im_1_reg[15]/CK
delay_corner_wcl_slow:both.late    0.001    0.025    0.026    N      N      explicit  pp_fir_5_1_1_sum2_1_im_1_reg[19]/CK
delay_corner_wcl_slow:both.late    0.001    0.025    0.026    N      N      explicit  pp_fir_5_1_1_sum2_1_im_1_reg[20]/CK
delay_corner_wcl_slow:both.late    0.001    0.025    0.026    N      N      explicit  pp_fir_5_1_1_sum2_1_im_1_reg[21]/CK
delay_corner_wcl_slow:both.late    0.001    0.025    0.026    N      N      explicit  pp_fir_5_1_1_sum2_2_im_1_reg[16]/CK
delay_corner_wcl_slow:both.late    0.001    0.025    0.026    N      N      explicit  pp_fir_5_1_1_sum2_2_im_1_reg[17]/CK
delay_corner_wcl_slow:both.late    0.001    0.025    0.026    N      N      explicit  pp_fir_5_1_1_sum2_2_im_1_reg[18]/CK
delay_corner_wcl_slow:both.late    0.001    0.025    0.026    N      N      explicit  pp_fir_5_1_1_sum2_2_im_1_reg[19]/CK
-------------------------------------------------------------------------------------------------------------------------

Target sources:
auto extracted - target was extracted from SDC.
auto computed - target was computed when balancing trees.
explicit - target is explicitly set via cts_target_max_transition_time attribute.
pin explicit - target is explicitly set for this pin via cts_pin_target_max_transition_time attribute.
liberty explicit - target is explicitly set via max_transition from liberty library.

Found 0 pins on nets marked dont_touch that have slew violations.
Found 0 pins on nets marked dont_touch that do not have slew violations.
Found 0 pins on nets marked ideal_network that have slew violations.
Found 0 pins on nets marked ideal_network that do not have slew violations.


Report for clock tree: clk:
===========================

Clock Tree Gating Structure (Logical):

# Full cycle clock gates   : 0
Minimum clock gating depth : 0
Maximum clock gating depth : 0
Clock gate area (um^2)     : 0.000

Clock Tree Buffering Structure (Logical):

# Buffers             :   0
# Inverters           : 409
  Total               : 409
Minimum depth         :  12
Maximum depth         :  14
Buffering area (um^2) : 362.754

Clock Tree Level Structure (Logical):

-----------------------------------------------------------------
Level  Full   Posedge  Negedge  Memory  Enable  Non enable  Other
       Cycle  Flops    Flops    Clock   Latch   Latch       Sinks
                                Pins    Sinks   Sinks       
-----------------------------------------------------------------
root     0     3604       0       0       0         0         0
-----------------------------------------------------------------
Total    0     3604       0       0       0         0         0
-----------------------------------------------------------------

Target and measured clock slews (in ns):

----------------------------------------------------------------------------------------------------------------------------------------------
Timing Corner                        Worst Rising  Worst Falling  Worst Rising  Worst Falling  Leaf Slew    Leaf Slew  Trunk Slew   Trunk Slew
                                     Leaf Slew     Leaf Slew      Trunk Slew    Trunk Slew     Target Type  Target     Target Type  Target
----------------------------------------------------------------------------------------------------------------------------------------------
delay_corner_wcl_fast:both.early        0.013          0.016         0.013          0.016      ignored          -      ignored          -
delay_corner_wcl_fast:both.late         0.013          0.016         0.013          0.016      ignored          -      ignored          -
delay_corner_wcl_slow:both.early        0.022          0.026         0.021          0.025      ignored          -      ignored          -
delay_corner_wcl_slow:both.late         0.022          0.026         0.021          0.025      explicit     *0.025     explicit     *0.025
delay_corner_wcl_typical:both.early     0.016          0.019         0.016          0.020      ignored          -      ignored          -
delay_corner_wcl_typical:both.late      0.016          0.019         0.016          0.020      ignored          -      ignored          -
----------------------------------------------------------------------------------------------------------------------------------------------

* - indicates that target was not met.

auto extracted - target was extracted from SDC.
auto computed - target was computed when balancing trees.

