###############################################################
#  Generated by:      Cadence Innovus 23.10-p003_1
#  OS:                Linux x86_64(Host ID tc088)
#  Generated on:      Wed Feb 19 00:46:28 2025
#  Design:            pp_fir_u_5
#  Command:           report_skew_groups -out_file RPT/rskg_full.rpt
###############################################################

Skew Group Structure:
=====================

---------------------------------------------------------------------------------
Skew Group                    Sources    Constrained Sinks    Unconstrained Sinks
---------------------------------------------------------------------------------
clk/functional_wcl_typical       1             3604                    0
---------------------------------------------------------------------------------

Skew Group Summary:
===================

------------------------------------------------------------------------------------------------------------------------------------------------------------------------------------------------
Timing Corner                          Skew Group                    ID Target    Min ID    Max ID    Avg ID    Std.Dev. ID    Skew Target Type    Skew Target    Skew     Skew window occupancy
------------------------------------------------------------------------------------------------------------------------------------------------------------------------------------------------
delay_corner_wcl_slow:both.early       clk/functional_wcl_typical        -        0.188     0.206     0.199        0.003       ignored                  -         0.017              -
delay_corner_wcl_slow:both.late        clk/functional_wcl_typical    *0.200       0.191     0.211     0.202        0.003       explicit            *0.010         0.020    89.7% {0.196, 0.206}
delay_corner_wcl_fast:both.early       clk/functional_wcl_typical        -        0.109     0.121     0.116        0.002       ignored                  -         0.012              -
delay_corner_wcl_fast:both.late        clk/functional_wcl_typical        -        0.111     0.123     0.118        0.002       ignored                  -         0.012              -
delay_corner_wcl_typical:both.early    clk/functional_wcl_typical        -        0.141     0.157     0.150        0.003       ignored                  -         0.016              -
delay_corner_wcl_typical:both.late     clk/functional_wcl_typical        -        0.143     0.160     0.153        0.003       ignored                  -         0.016              -
------------------------------------------------------------------------------------------------------------------------------------------------------------------------------------------------

* - indicates that target was not met.

Skew Group Min/Max path pins:
=============================

---------------------------------------------------------------------------------------------------------
Timing Corner                          Skew Group                    Min ID    PathID    Max ID    PathID
---------------------------------------------------------------------------------------------------------
delay_corner_wcl_slow:both.early       clk/functional_wcl_typical    0.188        1      0.206        2
-    min pp_fir_5_1_1_sum6_1_im_1_reg[24]/CK
-    max signed_mag_5_mag_re_reg[83]/CK
delay_corner_wcl_slow:both.late        clk/functional_wcl_typical    0.191        3      0.211        4
-    min pp_fir_5_1_1_sum6_1_im_1_reg[24]/CK
-    max signed_mag_5_abs_im_stage1_reg[1]/CK
delay_corner_wcl_fast:both.early       clk/functional_wcl_typical    0.109        5      0.121        6
-    min pp_fir_5_1_1_sum6_1_im_1_reg[24]/CK
-    max signed_mag_5_mag_im_reg[80]/CK
delay_corner_wcl_fast:both.late        clk/functional_wcl_typical    0.111        7      0.123        8
-    min pp_fir_5_1_1_sum6_1_im_1_reg[24]/CK
-    max signed_mag_5_mag_im_reg[80]/CK
delay_corner_wcl_typical:both.early    clk/functional_wcl_typical    0.141        9      0.157       10
-    min pp_fir_5_1_1_sum6_1_im_1_reg[24]/CK
-    max signed_mag_5_mag_re_reg[86]/CK
delay_corner_wcl_typical:both.late     clk/functional_wcl_typical    0.143       11      0.160       12
-    min pp_fir_5_1_1_sum6_1_im_1_reg[24]/CK
-    max signed_mag_5_mag_re_reg[86]/CK
---------------------------------------------------------------------------------------------------------

Timing for timing corner delay_corner_wcl_slow:both.early, min clock_path:
==========================================================================

PathID    : 1
Path type : skew group clk/functional_wcl_typical (path 1 of 1)
Start     : clk
End       : pp_fir_5_1_1_sum6_1_im_1_reg[24]/CK
Delay     : 0.188

-----------------------------------------------------------------------------------------------------------------
Name  Lib cell                   Event  Incr   Arrival  Slew   Cap    Location           Distance  Fanout  Status
                                        (ns)   (ns)     (ns)   (pF)                      (um)              
-- Clockpath trace ----------------------------------------------------------------------------------------------
clk
-     -                          rise   -       0.000   0.004  0.029  (102.020,179.950)  -            4    
CTS_ccl_inv_00377/A
-     INV_X6B_A9PP140ZTL_C30     rise   0.010   0.010   0.020  -      (148.000,94.850)   131.080   -       
CTS_ccl_inv_00377/Y
-     INV_X6B_A9PP140ZTL_C30     fall   0.013   0.023   0.022  0.012  (148.140,94.650)     0.340      1    
CTS_cdb_inv_00416/A
-     INV_X2B_A9PP140ZTL_C30     fall   0.004   0.027   0.023  -      (185.520,145.250)   87.980   -       
CTS_cdb_inv_00416/Y
-     INV_X2B_A9PP140ZTL_C30     rise   0.016   0.043   0.019  0.005  (185.380,145.450)    0.340      1    
CTS_cdb_inv_00417/A
-     INV_X2B_A9PP140ZTL_C30     rise   0.001   0.043   0.019  -      (176.840,126.350)   27.640   -       
CTS_cdb_inv_00417/Y
-     INV_X2B_A9PP140ZTL_C30     fall   0.016   0.059   0.023  0.005  (176.700,126.150)    0.340      1    
CTS_cdb_inv_00418/A
-     INV_X2B_A9PP140ZTL_C30     fall   0.001   0.060   0.023  -      (187.760,108.350)   28.860   -       
CTS_cdb_inv_00418/Y
-     INV_X2B_A9PP140ZTL_C30     rise   0.016   0.076   0.020  0.005  (187.620,108.150)    0.340      1    
CTS_cdb_inv_00419/A
-     INV_X2B_A9PP140ZTL_C30     rise   0.001   0.077   0.020  -      (185.520,137.150)   31.100   -       
CTS_cdb_inv_00419/Y
-     INV_X2B_A9PP140ZTL_C30     fall   0.016   0.093   0.022  0.004  (185.380,136.950)    0.340      1    
CTS_cdb_inv_00420/A
-     INV_X2B_A9PP140ZTL_C30     fall   0.001   0.093   0.022  -      (186.220,160.550)   24.440   -       
CTS_cdb_inv_00420/Y
-     INV_X2B_A9PP140ZTL_C30     rise   0.012   0.105   0.014  0.003  (186.360,160.350)    0.340      1    
CTS_cdb_inv_00421/A
-     INV_X2B_A9PP140ZTL_C30     rise   0.000   0.105   0.014  -      (188.740,151.550)   11.180   -       
CTS_cdb_inv_00421/Y
-     INV_X2B_A9PP140ZTL_C30     fall   0.014   0.119   0.020  0.004  (188.600,151.350)    0.340      1    
CTS_ccl_inv_00370/A
-     INV_X6B_A9PP140ZTL_C30     fall   0.000   0.120   0.020  -      (183.560,147.050)    9.340   -       
CTS_ccl_inv_00370/Y
-     INV_X6B_A9PP140ZTL_C30     rise   0.013   0.133   0.016  0.012  (183.420,146.850)    0.340      3    
CTS_ccl_a_inv_00359/A
-     INV_X4B_A9PP140ZTL_C30     rise   0.001   0.134   0.016  -      (173.060,139.850)   17.360   -       
CTS_ccl_a_inv_00359/Y
-     INV_X4B_A9PP140ZTL_C30     fall   0.013   0.147   0.018  0.007  (173.200,139.650)    0.340      1    
CTS_ccl_a_inv_00335/A
-     INV_X6B_A9PP140ZTL_C30     fall   0.001   0.148   0.018  -      (145.620,146.150)   34.080   -       
CTS_ccl_a_inv_00335/Y
-     INV_X6B_A9PP140ZTL_C30     rise   0.013   0.161   0.016  0.012  (145.480,146.350)    0.340      3    
CTS_ccl_a_inv_00275/A
-     INV_X6B_A9PP140ZTL_C30     rise   0.001   0.163   0.016  -      (136.380,153.350)   16.100   -       
CTS_ccl_a_inv_00275/Y
-     INV_X6B_A9PP140ZTL_C30     fall   0.014   0.177   0.020  0.012  (136.240,153.550)    0.340      3    
CTS_ccl_a_inv_00026/A
-     INV_X6B_A9PP140ZTL_C30     fall   0.001   0.177   0.020  -      (132.600,154.250)    4.340   -       
CTS_ccl_a_inv_00026/Y
-     INV_X6B_A9PP140ZTL_C30     rise   0.011   0.188   0.013  0.008  (132.740,154.050)    0.340     11    
pp_fir_5_1_1_sum6_1_im_1_reg[24]/CK
-     DFFRPQ_X3M_A9PP140ZTL_C30  rise   0.000   0.188   0.013  -      (135.820,154.250)    3.280   -       
-----------------------------------------------------------------------------------------------------------------

Timing for timing corner delay_corner_wcl_slow:both.early, max clock_path:
==========================================================================

PathID    : 2
Path type : skew group clk/functional_wcl_typical (path 1 of 1)
Start     : clk
End       : signed_mag_5_mag_re_reg[80]/CK
Delay     : 0.206

-----------------------------------------------------------------------------------------------------------------
Name  Lib cell                   Event  Incr   Arrival  Slew   Cap    Location           Distance  Fanout  Status
                                        (ns)   (ns)     (ns)   (pF)                      (um)              
-- Clockpath trace ----------------------------------------------------------------------------------------------
clk
-     -                          rise   -       0.000   0.004  0.029  (102.020,179.950)  -            4    
CTS_ccl_inv_00385/A
-     INV_X4B_A9PP140ZTL_C30     rise   0.001   0.001   0.006  -      (103.900,171.350)   10.480   -       
CTS_ccl_inv_00385/Y
-     INV_X4B_A9PP140ZTL_C30     fall   0.008   0.009   0.011  0.004  (103.760,171.550)    0.340      1    
CTS_cdb_inv_00428/A
-     INV_X2B_A9PP140ZTL_C30     fall   0.000   0.009   0.011  -      (78.000,171.350)    25.960   -       
CTS_cdb_inv_00428/Y
-     INV_X2B_A9PP140ZTL_C30     rise   0.012   0.022   0.015  0.004  (77.860,171.150)     0.340      1    
CTS_cdb_inv_00429/A
-     INV_X2B_A9PP140ZTL_C30     rise   0.001   0.022   0.015  -      (94.240,162.350)    25.180   -       
CTS_cdb_inv_00429/Y
-     INV_X2B_A9PP140ZTL_C30     fall   0.016   0.038   0.024  0.005  (94.100,162.150)     0.340      1    
CTS_cdb_inv_00430/A
-     INV_X2B_A9PP140ZTL_C30     fall   0.001   0.039   0.024  -      (87.800,137.150)    31.300   -       
CTS_cdb_inv_00430/Y
-     INV_X2B_A9PP140ZTL_C30     rise   0.016   0.056   0.020  0.005  (87.660,136.950)     0.340      1    
CTS_cdb_inv_00431/A
-     INV_X2B_A9PP140ZTL_C30     rise   0.001   0.056   0.020  -      (100.820,153.350)   29.560   -       
CTS_cdb_inv_00431/Y
-     INV_X2B_A9PP140ZTL_C30     fall   0.018   0.074   0.025  0.005  (100.680,153.150)    0.340      1    
CTS_cdb_inv_00432/A
-     INV_X2B_A9PP140ZTL_C30     fall   0.001   0.074   0.025  -      (85.280,168.650)    30.900   -       
CTS_cdb_inv_00432/Y
-     INV_X2B_A9PP140ZTL_C30     rise   0.013   0.088   0.016  0.003  (85.420,168.850)     0.340      1    
CTS_cdb_inv_00433/A
-     INV_X2B_A9PP140ZTL_C30     rise   0.000   0.088   0.016  -      (87.800,156.950)    14.280   -       
CTS_cdb_inv_00433/Y
-     INV_X2B_A9PP140ZTL_C30     fall   0.012   0.100   0.016  0.003  (87.660,156.750)     0.340      1    
CTS_ccl_inv_00382/A
-     INV_X4B_A9PP140ZTL_C30     fall   0.000   0.100   0.016  -      (87.660,162.350)     5.600   -       
CTS_ccl_inv_00382/Y
-     INV_X4B_A9PP140ZTL_C30     rise   0.015   0.115   0.018  0.011  (87.520,162.550)     0.340      3    
CTS_ccl_inv_00379/A
-     INV_X4B_A9PP140ZTL_C30     rise   0.000   0.115   0.018  -      (88.220,163.250)     1.400   -       
CTS_ccl_inv_00379/Y
-     INV_X4B_A9PP140ZTL_C30     fall   0.014   0.129   0.019  0.007  (88.360,163.050)     0.340      2    
CTS_ccl_inv_00371/A
-     INV_X2B_A9PP140ZTL_C30     fall   0.000   0.129   0.019  -      (89.200,163.250)     1.040   -       
CTS_ccl_inv_00371/Y
-     INV_X2B_A9PP140ZTL_C30     rise   0.015   0.144   0.018  0.005  (89.340,163.450)     0.340      2    
CTS_ccl_a_inv_00361/A
-     INV_X4B_A9PP140ZTL_C30     rise   0.000   0.144   0.018  -      (90.040,166.850)     4.100   -       
CTS_ccl_a_inv_00361/Y
-     INV_X4B_A9PP140ZTL_C30     fall   0.015   0.159   0.021  0.008  (90.180,166.650)     0.340      2    
CTS_ccl_a_inv_00342/A
-     INV_X7P5B_A9PP140ZTL_C30   fall   0.000   0.159   0.021  -      (90.180,168.650)     2.000   -       
CTS_ccl_a_inv_00342/Y
-     INV_X7P5B_A9PP140ZTL_C30   rise   0.012   0.171   0.015  0.013  (90.320,168.450)     0.340      3    
CTS_ccl_a_inv_00305/A
-     INV_X7P5B_A9PP140ZTL_C30   rise   0.001   0.173   0.015  -      (76.600,168.650)    13.920   -       
CTS_ccl_a_inv_00305/Y
-     INV_X7P5B_A9PP140ZTL_C30   fall   0.015   0.187   0.023  0.018  (76.740,168.450)     0.340      4    
CTS_ccl_a_inv_00181/A
-     INV_X7P5B_A9PP140ZTL_C30   fall   0.002   0.190   0.024  -      (69.040,175.850)    15.100   -       
CTS_ccl_a_inv_00181/Y
-     INV_X7P5B_A9PP140ZTL_C30   rise   0.015   0.205   0.019  0.017  (68.900,175.650)     0.340     11    
signed_mag_5_mag_re_reg[80]/CK
-     DFFRPQ_X1M_A9PP140ZTL_C30  rise   0.001   0.206   0.019  -      (63.580,179.450)     9.120   -       
-----------------------------------------------------------------------------------------------------------------

Timing for timing corner delay_corner_wcl_slow:both.late, min clock_path:
=========================================================================

PathID    : 3
Path type : skew group clk/functional_wcl_typical (path 1 of 1)
Start     : clk
End       : pp_fir_5_1_1_sum6_1_im_1_reg[24]/CK
Delay     : 0.191

-----------------------------------------------------------------------------------------------------------------
Name  Lib cell                   Event  Incr   Arrival  Slew   Cap    Location           Distance  Fanout  Status
                                        (ns)   (ns)     (ns)   (pF)                      (um)              
-- Clockpath trace ----------------------------------------------------------------------------------------------
clk
-     -                          rise   -       0.000   0.004  0.029  (102.020,179.950)  -            4    
CTS_ccl_inv_00377/A
-     INV_X6B_A9PP140ZTL_C30     rise   0.010   0.010   0.020  -      (148.000,94.850)   131.080   -       
CTS_ccl_inv_00377/Y
-     INV_X6B_A9PP140ZTL_C30     fall   0.013   0.023   0.022  0.012  (148.140,94.650)     0.340      1    
CTS_cdb_inv_00416/A
-     INV_X2B_A9PP140ZTL_C30     fall   0.004   0.027   0.023  -      (185.520,145.250)   87.980   -       
CTS_cdb_inv_00416/Y
-     INV_X2B_A9PP140ZTL_C30     rise   0.016   0.043   0.019  0.005  (185.380,145.450)    0.340      1    
CTS_cdb_inv_00417/A
-     INV_X2B_A9PP140ZTL_C30     rise   0.001   0.044   0.019  -      (176.840,126.350)   27.640   -       
CTS_cdb_inv_00417/Y
-     INV_X2B_A9PP140ZTL_C30     fall   0.016   0.060   0.023  0.005  (176.700,126.150)    0.340      1    
CTS_cdb_inv_00418/A
-     INV_X2B_A9PP140ZTL_C30     fall   0.001   0.061   0.023  -      (187.760,108.350)   28.860   -       
CTS_cdb_inv_00418/Y
-     INV_X2B_A9PP140ZTL_C30     rise   0.016   0.077   0.020  0.005  (187.620,108.150)    0.340      1    
CTS_cdb_inv_00419/A
-     INV_X2B_A9PP140ZTL_C30     rise   0.001   0.079   0.020  -      (185.520,137.150)   31.100   -       
CTS_cdb_inv_00419/Y
-     INV_X2B_A9PP140ZTL_C30     fall   0.016   0.094   0.022  0.004  (185.380,136.950)    0.340      1    
CTS_cdb_inv_00420/A
-     INV_X2B_A9PP140ZTL_C30     fall   0.001   0.095   0.022  -      (186.220,160.550)   24.440   -       
CTS_cdb_inv_00420/Y
-     INV_X2B_A9PP140ZTL_C30     rise   0.012   0.107   0.014  0.003  (186.360,160.350)    0.340      1    
CTS_cdb_inv_00421/A
-     INV_X2B_A9PP140ZTL_C30     rise   0.000   0.107   0.014  -      (188.740,151.550)   11.180   -       
CTS_cdb_inv_00421/Y
-     INV_X2B_A9PP140ZTL_C30     fall   0.014   0.122   0.020  0.004  (188.600,151.350)    0.340      1    
CTS_ccl_inv_00370/A
-     INV_X6B_A9PP140ZTL_C30     fall   0.001   0.122   0.020  -      (183.560,147.050)    9.340   -       
CTS_ccl_inv_00370/Y
-     INV_X6B_A9PP140ZTL_C30     rise   0.013   0.135   0.016  0.012  (183.420,146.850)    0.340      3    
CTS_ccl_a_inv_00359/A
-     INV_X4B_A9PP140ZTL_C30     rise   0.001   0.136   0.016  -      (173.060,139.850)   17.360   -       
CTS_ccl_a_inv_00359/Y
-     INV_X4B_A9PP140ZTL_C30     fall   0.013   0.150   0.018  0.007  (173.200,139.650)    0.340      1    
CTS_ccl_a_inv_00335/A
-     INV_X6B_A9PP140ZTL_C30     fall   0.001   0.151   0.018  -      (145.620,146.150)   34.080   -       
CTS_ccl_a_inv_00335/Y
-     INV_X6B_A9PP140ZTL_C30     rise   0.013   0.164   0.016  0.012  (145.480,146.350)    0.340      3    
CTS_ccl_a_inv_00275/A
-     INV_X6B_A9PP140ZTL_C30     rise   0.001   0.165   0.016  -      (136.380,153.350)   16.100   -       
CTS_ccl_a_inv_00275/Y
-     INV_X6B_A9PP140ZTL_C30     fall   0.014   0.179   0.020  0.012  (136.240,153.550)    0.340      3    
CTS_ccl_a_inv_00026/A
-     INV_X6B_A9PP140ZTL_C30     fall   0.001   0.180   0.020  -      (132.600,154.250)    4.340   -       
CTS_ccl_a_inv_00026/Y
-     INV_X6B_A9PP140ZTL_C30     rise   0.011   0.191   0.013  0.008  (132.740,154.050)    0.340     11    
pp_fir_5_1_1_sum6_1_im_1_reg[24]/CK
-     DFFRPQ_X3M_A9PP140ZTL_C30  rise   0.000   0.191   0.013  -      (135.820,154.250)    3.280   -       
-----------------------------------------------------------------------------------------------------------------

Timing for timing corner delay_corner_wcl_slow:both.late, max clock_path:
=========================================================================

PathID    : 4
Path type : skew group clk/functional_wcl_typical (path 1 of 1)
Start     : clk
End       : signed_mag_5_abs_im_stage1_reg[1]/CK
Delay     : 0.211

-------------------------------------------------------------------------------------------------------------------
Name  Lib cell                     Event  Incr   Arrival  Slew   Cap    Location           Distance  Fanout  Status
                                          (ns)   (ns)     (ns)   (pF)                      (um)              
-- Clockpath trace ------------------------------------------------------------------------------------------------
clk
-     -                            rise   -       0.000   0.004  0.029  (102.020,179.950)  -            4    
CTS_ccl_inv_00385/A
-     INV_X4B_A9PP140ZTL_C30       rise   0.001   0.001   0.006  -      (103.900,171.350)   10.480   -       
CTS_ccl_inv_00385/Y
-     INV_X4B_A9PP140ZTL_C30       fall   0.008   0.009   0.011  0.004  (103.760,171.550)    0.340      1    
CTS_cdb_inv_00428/A
-     INV_X2B_A9PP140ZTL_C30       fall   0.001   0.010   0.011  -      (78.000,171.350)    25.960   -       
CTS_cdb_inv_00428/Y
-     INV_X2B_A9PP140ZTL_C30       rise   0.012   0.022   0.015  0.004  (77.860,171.150)     0.340      1    
CTS_cdb_inv_00429/A
-     INV_X2B_A9PP140ZTL_C30       rise   0.001   0.023   0.015  -      (94.240,162.350)    25.180   -       
CTS_cdb_inv_00429/Y
-     INV_X2B_A9PP140ZTL_C30       fall   0.016   0.039   0.024  0.005  (94.100,162.150)     0.340      1    
CTS_cdb_inv_00430/A
-     INV_X2B_A9PP140ZTL_C30       fall   0.001   0.041   0.024  -      (87.800,137.150)    31.300   -       
CTS_cdb_inv_00430/Y
-     INV_X2B_A9PP140ZTL_C30       rise   0.016   0.057   0.020  0.005  (87.660,136.950)     0.340      1    
CTS_cdb_inv_00431/A
-     INV_X2B_A9PP140ZTL_C30       rise   0.001   0.058   0.020  -      (100.820,153.350)   29.560   -       
CTS_cdb_inv_00431/Y
-     INV_X2B_A9PP140ZTL_C30       fall   0.018   0.076   0.025  0.005  (100.680,153.150)    0.340      1    
CTS_cdb_inv_00432/A
-     INV_X2B_A9PP140ZTL_C30       fall   0.001   0.077   0.025  -      (85.280,168.650)    30.900   -       
CTS_cdb_inv_00432/Y
-     INV_X2B_A9PP140ZTL_C30       rise   0.013   0.091   0.016  0.003  (85.420,168.850)     0.340      1    
CTS_cdb_inv_00433/A
-     INV_X2B_A9PP140ZTL_C30       rise   0.000   0.091   0.016  -      (87.800,156.950)    14.280   -       
CTS_cdb_inv_00433/Y
-     INV_X2B_A9PP140ZTL_C30       fall   0.012   0.103   0.016  0.003  (87.660,156.750)     0.340      1    
CTS_ccl_inv_00382/A
-     INV_X4B_A9PP140ZTL_C30       fall   0.000   0.103   0.016  -      (87.660,162.350)     5.600   -       
CTS_ccl_inv_00382/Y
-     INV_X4B_A9PP140ZTL_C30       rise   0.015   0.118   0.018  0.011  (87.520,162.550)     0.340      3    
CTS_ccl_inv_00379/A
-     INV_X4B_A9PP140ZTL_C30       rise   0.000   0.118   0.018  -      (88.220,163.250)     1.400   -       
CTS_ccl_inv_00379/Y
-     INV_X4B_A9PP140ZTL_C30       fall   0.014   0.132   0.019  0.007  (88.360,163.050)     0.340      2    
CTS_ccl_a_inv_00373/A
-     INV_X4B_A9PP140ZTL_C30       fall   0.001   0.133   0.019  -      (112.580,171.350)   32.520   -       
CTS_ccl_a_inv_00373/Y
-     INV_X4B_A9PP140ZTL_C30       rise   0.009   0.142   0.010  0.003  (112.720,171.550)    0.340      1    
CTS_ccl_a_inv_00364/A
-     INV_X4B_A9PP140ZTL_C30       rise   0.000   0.142   0.010  -      (113.560,175.850)    5.140   -       
CTS_ccl_a_inv_00364/Y
-     INV_X4B_A9PP140ZTL_C30       fall   0.014   0.156   0.021  0.010  (113.700,175.650)    0.340      3    
CTS_ccl_a_inv_00336/A
-     INV_X4B_A9PP140ZTL_C30       fall   0.001   0.157   0.021  -      (116.360,172.250)    6.060   -       
CTS_ccl_a_inv_00336/Y
-     INV_X4B_A9PP140ZTL_C30       rise   0.010   0.167   0.012  0.004  (116.500,172.050)    0.340      1    
CTS_ccl_a_inv_00288/A
-     INV_X6B_A9PP140ZTL_C30       rise   0.000   0.167   0.012  -      (117.060,166.850)    5.760   -       
CTS_ccl_a_inv_00288/Y
-     INV_X6B_A9PP140ZTL_C30       fall   0.013   0.181   0.019  0.012  (117.200,166.650)    0.340      3    
CTS_ccl_a_inv_00020/A
-     INV_X7P5B_A9PP140ZTL_C30     fall   0.001   0.181   0.019  -      (124.760,163.250)   10.960   -       
CTS_ccl_a_inv_00020/Y
-     INV_X7P5B_A9PP140ZTL_C30     rise   0.013   0.195   0.017  0.017  (124.900,163.050)    0.340     11    
signed_mag_5_abs_im_stage1_reg[1]/CK
-     DFFRPQNA_X1M_A9PP140ZTL_C30  rise   0.001   0.196   0.017  -      (128.640,158.850)    7.940   -       
Pin Insertion delay
-     -                            rise   0.015   0.211   -      -      -                  -         -       -
-------------------------------------------------------------------------------------------------------------------

Timing for timing corner delay_corner_wcl_fast:both.early, min clock_path:
==========================================================================

PathID    : 5
Path type : skew group clk/functional_wcl_typical (path 1 of 1)
Start     : clk
End       : pp_fir_5_1_1_sum6_1_im_1_reg[24]/CK
Delay     : 0.109

-----------------------------------------------------------------------------------------------------------------
Name  Lib cell                   Event  Incr   Arrival  Slew   Cap    Location           Distance  Fanout  Status
                                        (ns)   (ns)     (ns)   (pF)                      (um)              
-- Clockpath trace ----------------------------------------------------------------------------------------------
clk
-     -                          rise   -       0.000   0.004  0.031  (102.020,179.950)  -            4    
CTS_ccl_inv_00377/A
-     INV_X6B_A9PP140ZTL_C30     rise   0.005   0.005   0.010  -      (148.000,94.850)   131.080   -       
CTS_ccl_inv_00377/Y
-     INV_X6B_A9PP140ZTL_C30     fall   0.008   0.013   0.013  0.012  (148.140,94.650)     0.340      1    
CTS_cdb_inv_00416/A
-     INV_X2B_A9PP140ZTL_C30     fall   0.002   0.015   0.014  -      (185.520,145.250)   87.980   -       
CTS_cdb_inv_00416/Y
-     INV_X2B_A9PP140ZTL_C30     rise   0.009   0.024   0.012  0.005  (185.380,145.450)    0.340      1    
CTS_cdb_inv_00417/A
-     INV_X2B_A9PP140ZTL_C30     rise   0.000   0.024   0.012  -      (176.840,126.350)   27.640   -       
CTS_cdb_inv_00417/Y
-     INV_X2B_A9PP140ZTL_C30     fall   0.010   0.034   0.014  0.005  (176.700,126.150)    0.340      1    
CTS_cdb_inv_00418/A
-     INV_X2B_A9PP140ZTL_C30     fall   0.000   0.035   0.014  -      (187.760,108.350)   28.860   -       
CTS_cdb_inv_00418/Y
-     INV_X2B_A9PP140ZTL_C30     rise   0.010   0.044   0.012  0.005  (187.620,108.150)    0.340      1    
CTS_cdb_inv_00419/A
-     INV_X2B_A9PP140ZTL_C30     rise   0.000   0.044   0.012  -      (185.520,137.150)   31.100   -       
CTS_cdb_inv_00419/Y
-     INV_X2B_A9PP140ZTL_C30     fall   0.010   0.054   0.014  0.005  (185.380,136.950)    0.340      1    
CTS_cdb_inv_00420/A
-     INV_X2B_A9PP140ZTL_C30     fall   0.000   0.054   0.014  -      (186.220,160.550)   24.440   -       
CTS_cdb_inv_00420/Y
-     INV_X2B_A9PP140ZTL_C30     rise   0.007   0.061   0.008  0.003  (186.360,160.350)    0.340      1    
CTS_cdb_inv_00421/A
-     INV_X2B_A9PP140ZTL_C30     rise   0.000   0.061   0.008  -      (188.740,151.550)   11.180   -       
CTS_cdb_inv_00421/Y
-     INV_X2B_A9PP140ZTL_C30     fall   0.009   0.070   0.013  0.005  (188.600,151.350)    0.340      1    
CTS_ccl_inv_00370/A
-     INV_X6B_A9PP140ZTL_C30     fall   0.000   0.070   0.013  -      (183.560,147.050)    9.340   -       
CTS_ccl_inv_00370/Y
-     INV_X6B_A9PP140ZTL_C30     rise   0.008   0.078   0.010  0.012  (183.420,146.850)    0.340      3    
CTS_ccl_a_inv_00359/A
-     INV_X4B_A9PP140ZTL_C30     rise   0.000   0.078   0.010  -      (173.060,139.850)   17.360   -       
CTS_ccl_a_inv_00359/Y
-     INV_X4B_A9PP140ZTL_C30     fall   0.008   0.086   0.012  0.008  (173.200,139.650)    0.340      1    
CTS_ccl_a_inv_00335/A
-     INV_X6B_A9PP140ZTL_C30     fall   0.000   0.086   0.012  -      (145.620,146.150)   34.080   -       
CTS_ccl_a_inv_00335/Y
-     INV_X6B_A9PP140ZTL_C30     rise   0.008   0.094   0.010  0.013  (145.480,146.350)    0.340      3    
CTS_ccl_a_inv_00275/A
-     INV_X6B_A9PP140ZTL_C30     rise   0.000   0.094   0.010  -      (136.380,153.350)   16.100   -       
CTS_ccl_a_inv_00275/Y
-     INV_X6B_A9PP140ZTL_C30     fall   0.009   0.103   0.012  0.013  (136.240,153.550)    0.340      3    
CTS_ccl_a_inv_00026/A
-     INV_X6B_A9PP140ZTL_C30     fall   0.000   0.103   0.012  -      (132.600,154.250)    4.340   -       
CTS_ccl_a_inv_00026/Y
-     INV_X6B_A9PP140ZTL_C30     rise   0.006   0.109   0.008  0.008  (132.740,154.050)    0.340     11    
pp_fir_5_1_1_sum6_1_im_1_reg[24]/CK
-     DFFRPQ_X3M_A9PP140ZTL_C30  rise   0.000   0.109   0.008  -      (135.820,154.250)    3.280   -       
-----------------------------------------------------------------------------------------------------------------

Timing for timing corner delay_corner_wcl_fast:both.early, max clock_path:
==========================================================================

PathID    : 6
Path type : skew group clk/functional_wcl_typical (path 1 of 1)
Start     : clk
End       : signed_mag_5_b2u_8to255_quad_0_qOut_reg[77]/CK
Delay     : 0.121

-----------------------------------------------------------------------------------------------------------------
Name  Lib cell                   Event  Incr   Arrival  Slew   Cap    Location           Distance  Fanout  Status
                                        (ns)   (ns)     (ns)   (pF)                      (um)              
-- Clockpath trace ----------------------------------------------------------------------------------------------
clk
-     -                          rise   -       0.000   0.004  0.031  (102.020,179.950)  -            4    
CTS_ccl_inv_00385/A
-     INV_X4B_A9PP140ZTL_C30     rise   0.001   0.001   0.005  -      (103.900,171.350)   10.480   -       
CTS_ccl_inv_00385/Y
-     INV_X4B_A9PP140ZTL_C30     fall   0.005   0.006   0.007  0.005  (103.760,171.550)    0.340      1    
CTS_cdb_inv_00428/A
-     INV_X2B_A9PP140ZTL_C30     fall   0.000   0.006   0.007  -      (78.000,171.350)    25.960   -       
CTS_cdb_inv_00428/Y
-     INV_X2B_A9PP140ZTL_C30     rise   0.007   0.013   0.009  0.005  (77.860,171.150)     0.340      1    
CTS_cdb_inv_00429/A
-     INV_X2B_A9PP140ZTL_C30     rise   0.000   0.013   0.009  -      (94.240,162.350)    25.180   -       
CTS_cdb_inv_00429/Y
-     INV_X2B_A9PP140ZTL_C30     fall   0.010   0.024   0.015  0.006  (94.100,162.150)     0.340      1    
CTS_cdb_inv_00430/A
-     INV_X2B_A9PP140ZTL_C30     fall   0.000   0.024   0.015  -      (87.800,137.150)    31.300   -       
CTS_cdb_inv_00430/Y
-     INV_X2B_A9PP140ZTL_C30     rise   0.010   0.034   0.012  0.005  (87.660,136.950)     0.340      1    
CTS_cdb_inv_00431/A
-     INV_X2B_A9PP140ZTL_C30     rise   0.000   0.034   0.012  -      (100.820,153.350)   29.560   -       
CTS_cdb_inv_00431/Y
-     INV_X2B_A9PP140ZTL_C30     fall   0.011   0.044   0.016  0.006  (100.680,153.150)    0.340      1    
CTS_cdb_inv_00432/A
-     INV_X2B_A9PP140ZTL_C30     fall   0.000   0.045   0.016  -      (85.280,168.650)    30.900   -       
CTS_cdb_inv_00432/Y
-     INV_X2B_A9PP140ZTL_C30     rise   0.008   0.053   0.010  0.003  (85.420,168.850)     0.340      1    
CTS_cdb_inv_00433/A
-     INV_X2B_A9PP140ZTL_C30     rise   0.000   0.053   0.010  -      (87.800,156.950)    14.280   -       
CTS_cdb_inv_00433/Y
-     INV_X2B_A9PP140ZTL_C30     fall   0.007   0.060   0.010  0.003  (87.660,156.750)     0.340      1    
CTS_ccl_inv_00382/A
-     INV_X4B_A9PP140ZTL_C30     fall   0.000   0.060   0.010  -      (87.660,162.350)     5.600   -       
CTS_ccl_inv_00382/Y
-     INV_X4B_A9PP140ZTL_C30     rise   0.009   0.068   0.011  0.011  (87.520,162.550)     0.340      3    
CTS_ccl_inv_00379/A
-     INV_X4B_A9PP140ZTL_C30     rise   0.000   0.069   0.011  -      (88.220,163.250)     1.400   -       
CTS_ccl_inv_00379/Y
-     INV_X4B_A9PP140ZTL_C30     fall   0.008   0.077   0.012  0.008  (88.360,163.050)     0.340      2    
CTS_ccl_inv_00371/A
-     INV_X2B_A9PP140ZTL_C30     fall   0.000   0.077   0.012  -      (89.200,163.250)     1.040   -       
CTS_ccl_inv_00371/Y
-     INV_X2B_A9PP140ZTL_C30     rise   0.009   0.086   0.011  0.005  (89.340,163.450)     0.340      2    
CTS_ccl_a_inv_00361/A
-     INV_X4B_A9PP140ZTL_C30     rise   0.000   0.086   0.011  -      (90.040,166.850)     4.100   -       
CTS_ccl_a_inv_00361/Y
-     INV_X4B_A9PP140ZTL_C30     fall   0.009   0.095   0.013  0.009  (90.180,166.650)     0.340      2    
CTS_ccl_a_inv_00342/A
-     INV_X7P5B_A9PP140ZTL_C30   fall   0.000   0.095   0.013  -      (90.180,168.650)     2.000   -       
CTS_ccl_a_inv_00342/Y
-     INV_X7P5B_A9PP140ZTL_C30   rise   0.007   0.103   0.009  0.014  (90.320,168.450)     0.340      3    
CTS_ccl_a_inv_00305/A
-     INV_X7P5B_A9PP140ZTL_C30   rise   0.000   0.103   0.009  -      (76.600,168.650)    13.920   -       
CTS_ccl_a_inv_00305/Y
-     INV_X7P5B_A9PP140ZTL_C30   fall   0.010   0.112   0.014  0.019  (76.740,168.450)     0.340      4    
CTS_ccl_a_inv_00225/A
-     INV_X7P5B_A9PP140ZTL_C30   fall   0.000   0.112   0.014  -      (70.720,168.650)     6.220   -       
CTS_ccl_a_inv_00225/Y
-     INV_X7P5B_A9PP140ZTL_C30   rise   0.008   0.121   0.011  0.017  (70.860,168.450)     0.340     13    
signed_mag_5_b2u_8to255_quad_0_qOut_reg[77]/CK
-     DFFRPQ_X1M_A9PP140ZTL_C30  rise   0.000   0.121   0.011  -      (64.840,168.650)     6.220   -       
-----------------------------------------------------------------------------------------------------------------

Timing for timing corner delay_corner_wcl_fast:both.late, min clock_path:
=========================================================================

PathID    : 7
Path type : skew group clk/functional_wcl_typical (path 1 of 1)
Start     : clk
End       : pp_fir_5_1_1_sum6_1_im_1_reg[24]/CK
Delay     : 0.111

-----------------------------------------------------------------------------------------------------------------
Name  Lib cell                   Event  Incr   Arrival  Slew   Cap    Location           Distance  Fanout  Status
                                        (ns)   (ns)     (ns)   (pF)                      (um)              
-- Clockpath trace ----------------------------------------------------------------------------------------------
clk
-     -                          rise   -       0.000   0.004  0.031  (102.020,179.950)  -            4    
CTS_ccl_inv_00377/A
-     INV_X6B_A9PP140ZTL_C30     rise   0.005   0.005   0.010  -      (148.000,94.850)   131.080   -       
CTS_ccl_inv_00377/Y
-     INV_X6B_A9PP140ZTL_C30     fall   0.008   0.013   0.013  0.012  (148.140,94.650)     0.340      1    
CTS_cdb_inv_00416/A
-     INV_X2B_A9PP140ZTL_C30     fall   0.002   0.015   0.014  -      (185.520,145.250)   87.980   -       
CTS_cdb_inv_00416/Y
-     INV_X2B_A9PP140ZTL_C30     rise   0.009   0.024   0.012  0.005  (185.380,145.450)    0.340      1    
CTS_cdb_inv_00417/A
-     INV_X2B_A9PP140ZTL_C30     rise   0.000   0.025   0.012  -      (176.840,126.350)   27.640   -       
CTS_cdb_inv_00417/Y
-     INV_X2B_A9PP140ZTL_C30     fall   0.010   0.035   0.014  0.005  (176.700,126.150)    0.340      1    
CTS_cdb_inv_00418/A
-     INV_X2B_A9PP140ZTL_C30     fall   0.000   0.035   0.014  -      (187.760,108.350)   28.860   -       
CTS_cdb_inv_00418/Y
-     INV_X2B_A9PP140ZTL_C30     rise   0.010   0.044   0.012  0.005  (187.620,108.150)    0.340      1    
CTS_cdb_inv_00419/A
-     INV_X2B_A9PP140ZTL_C30     rise   0.000   0.045   0.012  -      (185.520,137.150)   31.100   -       
CTS_cdb_inv_00419/Y
-     INV_X2B_A9PP140ZTL_C30     fall   0.010   0.054   0.014  0.005  (185.380,136.950)    0.340      1    
CTS_cdb_inv_00420/A
-     INV_X2B_A9PP140ZTL_C30     fall   0.000   0.055   0.014  -      (186.220,160.550)   24.440   -       
CTS_cdb_inv_00420/Y
-     INV_X2B_A9PP140ZTL_C30     rise   0.007   0.062   0.008  0.003  (186.360,160.350)    0.340      1    
CTS_cdb_inv_00421/A
-     INV_X2B_A9PP140ZTL_C30     rise   0.000   0.062   0.008  -      (188.740,151.550)   11.180   -       
CTS_cdb_inv_00421/Y
-     INV_X2B_A9PP140ZTL_C30     fall   0.009   0.070   0.013  0.005  (188.600,151.350)    0.340      1    
CTS_ccl_inv_00370/A
-     INV_X6B_A9PP140ZTL_C30     fall   0.000   0.071   0.013  -      (183.560,147.050)    9.340   -       
CTS_ccl_inv_00370/Y
-     INV_X6B_A9PP140ZTL_C30     rise   0.008   0.079   0.010  0.012  (183.420,146.850)    0.340      3    
CTS_ccl_a_inv_00359/A
-     INV_X4B_A9PP140ZTL_C30     rise   0.001   0.079   0.010  -      (173.060,139.850)   17.360   -       
CTS_ccl_a_inv_00359/Y
-     INV_X4B_A9PP140ZTL_C30     fall   0.008   0.087   0.012  0.008  (173.200,139.650)    0.340      1    
CTS_ccl_a_inv_00335/A
-     INV_X6B_A9PP140ZTL_C30     fall   0.001   0.088   0.012  -      (145.620,146.150)   34.080   -       
CTS_ccl_a_inv_00335/Y
-     INV_X6B_A9PP140ZTL_C30     rise   0.008   0.096   0.010  0.013  (145.480,146.350)    0.340      3    
CTS_ccl_a_inv_00275/A
-     INV_X6B_A9PP140ZTL_C30     rise   0.000   0.096   0.010  -      (136.380,153.350)   16.100   -       
CTS_ccl_a_inv_00275/Y
-     INV_X6B_A9PP140ZTL_C30     fall   0.009   0.105   0.012  0.013  (136.240,153.550)    0.340      3    
CTS_ccl_a_inv_00026/A
-     INV_X6B_A9PP140ZTL_C30     fall   0.000   0.105   0.012  -      (132.600,154.250)    4.340   -       
CTS_ccl_a_inv_00026/Y
-     INV_X6B_A9PP140ZTL_C30     rise   0.006   0.111   0.008  0.008  (132.740,154.050)    0.340     11    
pp_fir_5_1_1_sum6_1_im_1_reg[24]/CK
-     DFFRPQ_X3M_A9PP140ZTL_C30  rise   0.000   0.111   0.008  -      (135.820,154.250)    3.280   -       
-----------------------------------------------------------------------------------------------------------------

Timing for timing corner delay_corner_wcl_fast:both.late, max clock_path:
=========================================================================

PathID    : 8
Path type : skew group clk/functional_wcl_typical (path 1 of 1)
Start     : clk
End       : signed_mag_5_b2u_8to255_quad_0_qOut_reg[77]/CK
Delay     : 0.123

-----------------------------------------------------------------------------------------------------------------
Name  Lib cell                   Event  Incr   Arrival  Slew   Cap    Location           Distance  Fanout  Status
                                        (ns)   (ns)     (ns)   (pF)                      (um)              
-- Clockpath trace ----------------------------------------------------------------------------------------------
clk
-     -                          rise   -       0.000   0.004  0.031  (102.020,179.950)  -            4    
CTS_ccl_inv_00385/A
-     INV_X4B_A9PP140ZTL_C30     rise   0.001   0.001   0.005  -      (103.900,171.350)   10.480   -       
CTS_ccl_inv_00385/Y
-     INV_X4B_A9PP140ZTL_C30     fall   0.005   0.006   0.007  0.005  (103.760,171.550)    0.340      1    
CTS_cdb_inv_00428/A
-     INV_X2B_A9PP140ZTL_C30     fall   0.000   0.006   0.007  -      (78.000,171.350)    25.960   -       
CTS_cdb_inv_00428/Y
-     INV_X2B_A9PP140ZTL_C30     rise   0.007   0.013   0.009  0.005  (77.860,171.150)     0.340      1    
CTS_cdb_inv_00429/A
-     INV_X2B_A9PP140ZTL_C30     rise   0.000   0.014   0.009  -      (94.240,162.350)    25.180   -       
CTS_cdb_inv_00429/Y
-     INV_X2B_A9PP140ZTL_C30     fall   0.010   0.024   0.015  0.006  (94.100,162.150)     0.340      1    
CTS_cdb_inv_00430/A
-     INV_X2B_A9PP140ZTL_C30     fall   0.001   0.024   0.015  -      (87.800,137.150)    31.300   -       
CTS_cdb_inv_00430/Y
-     INV_X2B_A9PP140ZTL_C30     rise   0.010   0.034   0.012  0.005  (87.660,136.950)     0.340      1    
CTS_cdb_inv_00431/A
-     INV_X2B_A9PP140ZTL_C30     rise   0.000   0.035   0.012  -      (100.820,153.350)   29.560   -       
CTS_cdb_inv_00431/Y
-     INV_X2B_A9PP140ZTL_C30     fall   0.011   0.045   0.016  0.006  (100.680,153.150)    0.340      1    
CTS_cdb_inv_00432/A
-     INV_X2B_A9PP140ZTL_C30     fall   0.001   0.046   0.016  -      (85.280,168.650)    30.900   -       
CTS_cdb_inv_00432/Y
-     INV_X2B_A9PP140ZTL_C30     rise   0.008   0.054   0.010  0.003  (85.420,168.850)     0.340      1    
CTS_cdb_inv_00433/A
-     INV_X2B_A9PP140ZTL_C30     rise   0.000   0.054   0.010  -      (87.800,156.950)    14.280   -       
CTS_cdb_inv_00433/Y
-     INV_X2B_A9PP140ZTL_C30     fall   0.007   0.061   0.010  0.003  (87.660,156.750)     0.340      1    
CTS_ccl_inv_00382/A
-     INV_X4B_A9PP140ZTL_C30     fall   0.000   0.061   0.010  -      (87.660,162.350)     5.600   -       
CTS_ccl_inv_00382/Y
-     INV_X4B_A9PP140ZTL_C30     rise   0.009   0.070   0.011  0.011  (87.520,162.550)     0.340      3    
CTS_ccl_inv_00379/A
-     INV_X4B_A9PP140ZTL_C30     rise   0.000   0.070   0.011  -      (88.220,163.250)     1.400   -       
CTS_ccl_inv_00379/Y
-     INV_X4B_A9PP140ZTL_C30     fall   0.008   0.079   0.012  0.008  (88.360,163.050)     0.340      2    
CTS_ccl_inv_00371/A
-     INV_X2B_A9PP140ZTL_C30     fall   0.000   0.079   0.012  -      (89.200,163.250)     1.040   -       
CTS_ccl_inv_00371/Y
-     INV_X2B_A9PP140ZTL_C30     rise   0.009   0.088   0.011  0.005  (89.340,163.450)     0.340      2    
CTS_ccl_a_inv_00361/A
-     INV_X4B_A9PP140ZTL_C30     rise   0.000   0.088   0.011  -      (90.040,166.850)     4.100   -       
CTS_ccl_a_inv_00361/Y
-     INV_X4B_A9PP140ZTL_C30     fall   0.009   0.097   0.013  0.009  (90.180,166.650)     0.340      2    
CTS_ccl_a_inv_00342/A
-     INV_X7P5B_A9PP140ZTL_C30   fall   0.000   0.097   0.013  -      (90.180,168.650)     2.000   -       
CTS_ccl_a_inv_00342/Y
-     INV_X7P5B_A9PP140ZTL_C30   rise   0.007   0.104   0.009  0.014  (90.320,168.450)     0.340      3    
CTS_ccl_a_inv_00305/A
-     INV_X7P5B_A9PP140ZTL_C30   rise   0.000   0.105   0.009  -      (76.600,168.650)    13.920   -       
CTS_ccl_a_inv_00305/Y
-     INV_X7P5B_A9PP140ZTL_C30   fall   0.010   0.114   0.014  0.019  (76.740,168.450)     0.340      4    
CTS_ccl_a_inv_00225/A
-     INV_X7P5B_A9PP140ZTL_C30   fall   0.000   0.115   0.014  -      (70.720,168.650)     6.220   -       
CTS_ccl_a_inv_00225/Y
-     INV_X7P5B_A9PP140ZTL_C30   rise   0.008   0.123   0.011  0.017  (70.860,168.450)     0.340     13    
signed_mag_5_b2u_8to255_quad_0_qOut_reg[77]/CK
-     DFFRPQ_X1M_A9PP140ZTL_C30  rise   0.000   0.123   0.011  -      (64.840,168.650)     6.220   -       
-----------------------------------------------------------------------------------------------------------------

Timing for timing corner delay_corner_wcl_typical:both.early, min clock_path:
=============================================================================

PathID    : 9
Path type : skew group clk/functional_wcl_typical (path 1 of 1)
Start     : clk
End       : pp_fir_5_1_1_sum6_1_im_1_reg[24]/CK
Delay     : 0.141

-----------------------------------------------------------------------------------------------------------------
Name  Lib cell                   Event  Incr   Arrival  Slew   Cap    Location           Distance  Fanout  Status
                                        (ns)   (ns)     (ns)   (pF)                      (um)              
-- Clockpath trace ----------------------------------------------------------------------------------------------
clk
-     -                          rise   -       0.000   0.004  0.030  (102.020,179.950)  -            4    
CTS_ccl_inv_00377/A
-     INV_X6B_A9PP140ZTL_C30     rise   0.007   0.007   0.014  -      (148.000,94.850)   131.080   -       
CTS_ccl_inv_00377/Y
-     INV_X6B_A9PP140ZTL_C30     fall   0.011   0.017   0.017  0.012  (148.140,94.650)     0.340      1    
CTS_cdb_inv_00416/A
-     INV_X2B_A9PP140ZTL_C30     fall   0.003   0.020   0.017  -      (185.520,145.250)   87.980   -       
CTS_cdb_inv_00416/Y
-     INV_X2B_A9PP140ZTL_C30     rise   0.012   0.032   0.014  0.005  (185.380,145.450)    0.340      1    
CTS_cdb_inv_00417/A
-     INV_X2B_A9PP140ZTL_C30     rise   0.000   0.032   0.014  -      (176.840,126.350)   27.640   -       
CTS_cdb_inv_00417/Y
-     INV_X2B_A9PP140ZTL_C30     fall   0.012   0.044   0.017  0.005  (176.700,126.150)    0.340      1    
CTS_cdb_inv_00418/A
-     INV_X2B_A9PP140ZTL_C30     fall   0.000   0.045   0.017  -      (187.760,108.350)   28.860   -       
CTS_cdb_inv_00418/Y
-     INV_X2B_A9PP140ZTL_C30     rise   0.012   0.057   0.015  0.005  (187.620,108.150)    0.340      1    
CTS_cdb_inv_00419/A
-     INV_X2B_A9PP140ZTL_C30     rise   0.000   0.057   0.015  -      (185.520,137.150)   31.100   -       
CTS_cdb_inv_00419/Y
-     INV_X2B_A9PP140ZTL_C30     fall   0.012   0.069   0.017  0.005  (185.380,136.950)    0.340      1    
CTS_cdb_inv_00420/A
-     INV_X2B_A9PP140ZTL_C30     fall   0.000   0.070   0.017  -      (186.220,160.550)   24.440   -       
CTS_cdb_inv_00420/Y
-     INV_X2B_A9PP140ZTL_C30     rise   0.009   0.079   0.010  0.003  (186.360,160.350)    0.340      1    
CTS_cdb_inv_00421/A
-     INV_X2B_A9PP140ZTL_C30     rise   0.000   0.079   0.010  -      (188.740,151.550)   11.180   -       
CTS_cdb_inv_00421/Y
-     INV_X2B_A9PP140ZTL_C30     fall   0.011   0.090   0.016  0.004  (188.600,151.350)    0.340      1    
CTS_ccl_inv_00370/A
-     INV_X6B_A9PP140ZTL_C30     fall   0.000   0.090   0.016  -      (183.560,147.050)    9.340   -       
CTS_ccl_inv_00370/Y
-     INV_X6B_A9PP140ZTL_C30     rise   0.010   0.100   0.012  0.012  (183.420,146.850)    0.340      3    
CTS_ccl_a_inv_00359/A
-     INV_X4B_A9PP140ZTL_C30     rise   0.001   0.100   0.012  -      (173.060,139.850)   17.360   -       
CTS_ccl_a_inv_00359/Y
-     INV_X4B_A9PP140ZTL_C30     fall   0.010   0.111   0.014  0.007  (173.200,139.650)    0.340      1    
CTS_ccl_a_inv_00335/A
-     INV_X6B_A9PP140ZTL_C30     fall   0.001   0.111   0.014  -      (145.620,146.150)   34.080   -       
CTS_ccl_a_inv_00335/Y
-     INV_X6B_A9PP140ZTL_C30     rise   0.010   0.121   0.012  0.012  (145.480,146.350)    0.340      3    
CTS_ccl_a_inv_00275/A
-     INV_X6B_A9PP140ZTL_C30     rise   0.001   0.122   0.012  -      (136.380,153.350)   16.100   -       
CTS_ccl_a_inv_00275/Y
-     INV_X6B_A9PP140ZTL_C30     fall   0.011   0.133   0.015  0.012  (136.240,153.550)    0.340      3    
CTS_ccl_a_inv_00026/A
-     INV_X6B_A9PP140ZTL_C30     fall   0.000   0.133   0.015  -      (132.600,154.250)    4.340   -       
CTS_ccl_a_inv_00026/Y
-     INV_X6B_A9PP140ZTL_C30     rise   0.008   0.141   0.010  0.008  (132.740,154.050)    0.340     11    
pp_fir_5_1_1_sum6_1_im_1_reg[24]/CK
-     DFFRPQ_X3M_A9PP140ZTL_C30  rise   0.000   0.141   0.010  -      (135.820,154.250)    3.280   -       
-----------------------------------------------------------------------------------------------------------------

Timing for timing corner delay_corner_wcl_typical:both.early, max clock_path:
=============================================================================

PathID    : 10
Path type : skew group clk/functional_wcl_typical (path 1 of 1)
Start     : clk
End       : signed_mag_5_mag_re_reg[80]/CK
Delay     :  0.157

-----------------------------------------------------------------------------------------------------------------
Name  Lib cell                   Event  Incr   Arrival  Slew   Cap    Location           Distance  Fanout  Status
                                        (ns)   (ns)     (ns)   (pF)                      (um)              
-- Clockpath trace ----------------------------------------------------------------------------------------------
clk
-     -                          rise   -       0.000   0.004  0.030  (102.020,179.950)  -            4    
CTS_ccl_inv_00385/A
-     INV_X4B_A9PP140ZTL_C30     rise   0.001   0.001   0.005  -      (103.900,171.350)   10.480   -       
CTS_ccl_inv_00385/Y
-     INV_X4B_A9PP140ZTL_C30     fall   0.006   0.007   0.009  0.004  (103.760,171.550)    0.340      1    
CTS_cdb_inv_00428/A
-     INV_X2B_A9PP140ZTL_C30     fall   0.000   0.007   0.009  -      (78.000,171.350)    25.960   -       
CTS_cdb_inv_00428/Y
-     INV_X2B_A9PP140ZTL_C30     rise   0.009   0.017   0.012  0.005  (77.860,171.150)     0.340      1    
CTS_cdb_inv_00429/A
-     INV_X2B_A9PP140ZTL_C30     rise   0.000   0.017   0.012  -      (94.240,162.350)    25.180   -       
CTS_cdb_inv_00429/Y
-     INV_X2B_A9PP140ZTL_C30     fall   0.013   0.030   0.019  0.005  (94.100,162.150)     0.340      1    
CTS_cdb_inv_00430/A
-     INV_X2B_A9PP140ZTL_C30     fall   0.000   0.030   0.019  -      (87.800,137.150)    31.300   -       
CTS_cdb_inv_00430/Y
-     INV_X2B_A9PP140ZTL_C30     rise   0.012   0.043   0.015  0.005  (87.660,136.950)     0.340      1    
CTS_cdb_inv_00431/A
-     INV_X2B_A9PP140ZTL_C30     rise   0.000   0.043   0.015  -      (100.820,153.350)   29.560   -       
CTS_cdb_inv_00431/Y
-     INV_X2B_A9PP140ZTL_C30     fall   0.014   0.057   0.020  0.006  (100.680,153.150)    0.340      1    
CTS_cdb_inv_00432/A
-     INV_X2B_A9PP140ZTL_C30     fall   0.000   0.057   0.020  -      (85.280,168.650)    30.900   -       
CTS_cdb_inv_00432/Y
-     INV_X2B_A9PP140ZTL_C30     rise   0.010   0.067   0.012  0.003  (85.420,168.850)     0.340      1    
CTS_cdb_inv_00433/A
-     INV_X2B_A9PP140ZTL_C30     rise   0.000   0.067   0.012  -      (87.800,156.950)    14.280   -       
CTS_cdb_inv_00433/Y
-     INV_X2B_A9PP140ZTL_C30     fall   0.009   0.077   0.012  0.003  (87.660,156.750)     0.340      1    
CTS_ccl_inv_00382/A
-     INV_X4B_A9PP140ZTL_C30     fall   0.000   0.077   0.012  -      (87.660,162.350)     5.600   -       
CTS_ccl_inv_00382/Y
-     INV_X4B_A9PP140ZTL_C30     rise   0.011   0.088   0.014  0.011  (87.520,162.550)     0.340      3    
CTS_ccl_inv_00379/A
-     INV_X4B_A9PP140ZTL_C30     rise   0.000   0.088   0.014  -      (88.220,163.250)     1.400   -       
CTS_ccl_inv_00379/Y
-     INV_X4B_A9PP140ZTL_C30     fall   0.011   0.099   0.015  0.008  (88.360,163.050)     0.340      2    
CTS_ccl_inv_00371/A
-     INV_X2B_A9PP140ZTL_C30     fall   0.000   0.099   0.015  -      (89.200,163.250)     1.040   -       
CTS_ccl_inv_00371/Y
-     INV_X2B_A9PP140ZTL_C30     rise   0.011   0.110   0.014  0.005  (89.340,163.450)     0.340      2    
CTS_ccl_a_inv_00361/A
-     INV_X4B_A9PP140ZTL_C30     rise   0.000   0.110   0.014  -      (90.040,166.850)     4.100   -       
CTS_ccl_a_inv_00361/Y
-     INV_X4B_A9PP140ZTL_C30     fall   0.011   0.122   0.016  0.008  (90.180,166.650)     0.340      2    
CTS_ccl_a_inv_00342/A
-     INV_X7P5B_A9PP140ZTL_C30   fall   0.000   0.122   0.016  -      (90.180,168.650)     2.000   -       
CTS_ccl_a_inv_00342/Y
-     INV_X7P5B_A9PP140ZTL_C30   rise   0.009   0.131   0.011  0.013  (90.320,168.450)     0.340      3    
CTS_ccl_a_inv_00305/A
-     INV_X7P5B_A9PP140ZTL_C30   rise   0.001   0.132   0.011  -      (76.600,168.650)    13.920   -       
CTS_ccl_a_inv_00305/Y
-     INV_X7P5B_A9PP140ZTL_C30   fall   0.012   0.144   0.017  0.018  (76.740,168.450)     0.340      4    
CTS_ccl_a_inv_00181/A
-     INV_X7P5B_A9PP140ZTL_C30   fall   0.001   0.145   0.017  -      (69.040,175.850)    15.100   -       
CTS_ccl_a_inv_00181/Y
-     INV_X7P5B_A9PP140ZTL_C30   rise   0.011   0.156   0.014  0.017  (68.900,175.650)     0.340     11    
signed_mag_5_mag_re_reg[80]/CK
-     DFFRPQ_X1M_A9PP140ZTL_C30  rise   0.001   0.157   0.014  -      (63.580,179.450)     9.120   -       
-----------------------------------------------------------------------------------------------------------------

Timing for timing corner delay_corner_wcl_typical:both.late, min clock_path:
============================================================================

PathID    : 11
Path type : skew group clk/functional_wcl_typical (path 1 of 1)
Start     : clk
End       : pp_fir_5_1_1_sum6_1_im_1_reg[24]/CK
Delay     :  0.143

-----------------------------------------------------------------------------------------------------------------
Name  Lib cell                   Event  Incr   Arrival  Slew   Cap    Location           Distance  Fanout  Status
                                        (ns)   (ns)     (ns)   (pF)                      (um)              
-- Clockpath trace ----------------------------------------------------------------------------------------------
clk
-     -                          rise   -       0.000   0.004  0.030  (102.020,179.950)  -            4    
CTS_ccl_inv_00377/A
-     INV_X6B_A9PP140ZTL_C30     rise   0.007   0.007   0.014  -      (148.000,94.850)   131.080   -       
CTS_ccl_inv_00377/Y
-     INV_X6B_A9PP140ZTL_C30     fall   0.011   0.017   0.017  0.012  (148.140,94.650)     0.340      1    
CTS_cdb_inv_00416/A
-     INV_X2B_A9PP140ZTL_C30     fall   0.003   0.020   0.017  -      (185.520,145.250)   87.980   -       
CTS_cdb_inv_00416/Y
-     INV_X2B_A9PP140ZTL_C30     rise   0.012   0.032   0.014  0.005  (185.380,145.450)    0.340      1    
CTS_cdb_inv_00417/A
-     INV_X2B_A9PP140ZTL_C30     rise   0.001   0.032   0.014  -      (176.840,126.350)   27.640   -       
CTS_cdb_inv_00417/Y
-     INV_X2B_A9PP140ZTL_C30     fall   0.012   0.045   0.017  0.005  (176.700,126.150)    0.340      1    
CTS_cdb_inv_00418/A
-     INV_X2B_A9PP140ZTL_C30     fall   0.001   0.045   0.017  -      (187.760,108.350)   28.860   -       
CTS_cdb_inv_00418/Y
-     INV_X2B_A9PP140ZTL_C30     rise   0.012   0.057   0.015  0.005  (187.620,108.150)    0.340      1    
CTS_cdb_inv_00419/A
-     INV_X2B_A9PP140ZTL_C30     rise   0.001   0.058   0.015  -      (185.520,137.150)   31.100   -       
CTS_cdb_inv_00419/Y
-     INV_X2B_A9PP140ZTL_C30     fall   0.012   0.070   0.017  0.005  (185.380,136.950)    0.340      1    
CTS_cdb_inv_00420/A
-     INV_X2B_A9PP140ZTL_C30     fall   0.001   0.071   0.017  -      (186.220,160.550)   24.440   -       
CTS_cdb_inv_00420/Y
-     INV_X2B_A9PP140ZTL_C30     rise   0.009   0.080   0.010  0.003  (186.360,160.350)    0.340      1    
CTS_cdb_inv_00421/A
-     INV_X2B_A9PP140ZTL_C30     rise   0.000   0.080   0.010  -      (188.740,151.550)   11.180   -       
CTS_cdb_inv_00421/Y
-     INV_X2B_A9PP140ZTL_C30     fall   0.011   0.091   0.016  0.004  (188.600,151.350)    0.340      1    
CTS_ccl_inv_00370/A
-     INV_X6B_A9PP140ZTL_C30     fall   0.000   0.091   0.016  -      (183.560,147.050)    9.340   -       
CTS_ccl_inv_00370/Y
-     INV_X6B_A9PP140ZTL_C30     rise   0.010   0.101   0.012  0.012  (183.420,146.850)    0.340      3    
CTS_ccl_a_inv_00359/A
-     INV_X4B_A9PP140ZTL_C30     rise   0.001   0.102   0.012  -      (173.060,139.850)   17.360   -       
CTS_ccl_a_inv_00359/Y
-     INV_X4B_A9PP140ZTL_C30     fall   0.010   0.112   0.014  0.007  (173.200,139.650)    0.340      1    
CTS_ccl_a_inv_00335/A
-     INV_X6B_A9PP140ZTL_C30     fall   0.001   0.113   0.014  -      (145.620,146.150)   34.080   -       
CTS_ccl_a_inv_00335/Y
-     INV_X6B_A9PP140ZTL_C30     rise   0.010   0.123   0.012  0.012  (145.480,146.350)    0.340      3    
CTS_ccl_a_inv_00275/A
-     INV_X6B_A9PP140ZTL_C30     rise   0.001   0.124   0.012  -      (136.380,153.350)   16.100   -       
CTS_ccl_a_inv_00275/Y
-     INV_X6B_A9PP140ZTL_C30     fall   0.011   0.135   0.015  0.012  (136.240,153.550)    0.340      3    
CTS_ccl_a_inv_00026/A
-     INV_X6B_A9PP140ZTL_C30     fall   0.000   0.135   0.015  -      (132.600,154.250)    4.340   -       
CTS_ccl_a_inv_00026/Y
-     INV_X6B_A9PP140ZTL_C30     rise   0.008   0.143   0.010  0.008  (132.740,154.050)    0.340     11    
pp_fir_5_1_1_sum6_1_im_1_reg[24]/CK
-     DFFRPQ_X3M_A9PP140ZTL_C30  rise   0.000   0.143   0.010  -      (135.820,154.250)    3.280   -       
-----------------------------------------------------------------------------------------------------------------

Timing for timing corner delay_corner_wcl_typical:both.late, max clock_path:
============================================================================

PathID    : 12
Path type : skew group clk/functional_wcl_typical (path 1 of 1)
Start     : clk
End       : signed_mag_5_mag_re_reg[80]/CK
Delay     :  0.160

-----------------------------------------------------------------------------------------------------------------
Name  Lib cell                   Event  Incr   Arrival  Slew   Cap    Location           Distance  Fanout  Status
                                        (ns)   (ns)     (ns)   (pF)                      (um)              
-- Clockpath trace ----------------------------------------------------------------------------------------------
clk
-     -                          rise   -       0.000   0.004  0.030  (102.020,179.950)  -            4    
CTS_ccl_inv_00385/A
-     INV_X4B_A9PP140ZTL_C30     rise   0.001   0.001   0.005  -      (103.900,171.350)   10.480   -       
CTS_ccl_inv_00385/Y
-     INV_X4B_A9PP140ZTL_C30     fall   0.006   0.007   0.009  0.004  (103.760,171.550)    0.340      1    
CTS_cdb_inv_00428/A
-     INV_X2B_A9PP140ZTL_C30     fall   0.001   0.008   0.009  -      (78.000,171.350)    25.960   -       
CTS_cdb_inv_00428/Y
-     INV_X2B_A9PP140ZTL_C30     rise   0.009   0.017   0.012  0.005  (77.860,171.150)     0.340      1    
CTS_cdb_inv_00429/A
-     INV_X2B_A9PP140ZTL_C30     rise   0.001   0.018   0.012  -      (94.240,162.350)    25.180   -       
CTS_cdb_inv_00429/Y
-     INV_X2B_A9PP140ZTL_C30     fall   0.013   0.030   0.019  0.005  (94.100,162.150)     0.340      1    
CTS_cdb_inv_00430/A
-     INV_X2B_A9PP140ZTL_C30     fall   0.001   0.031   0.019  -      (87.800,137.150)    31.300   -       
CTS_cdb_inv_00430/Y
-     INV_X2B_A9PP140ZTL_C30     rise   0.012   0.044   0.015  0.005  (87.660,136.950)     0.340      1    
CTS_cdb_inv_00431/A
-     INV_X2B_A9PP140ZTL_C30     rise   0.001   0.044   0.015  -      (100.820,153.350)   29.560   -       
CTS_cdb_inv_00431/Y
-     INV_X2B_A9PP140ZTL_C30     fall   0.014   0.058   0.020  0.006  (100.680,153.150)    0.340      1    
CTS_cdb_inv_00432/A
-     INV_X2B_A9PP140ZTL_C30     fall   0.001   0.059   0.020  -      (85.280,168.650)    30.900   -       
CTS_cdb_inv_00432/Y
-     INV_X2B_A9PP140ZTL_C30     rise   0.010   0.069   0.012  0.003  (85.420,168.850)     0.340      1    
CTS_cdb_inv_00433/A
-     INV_X2B_A9PP140ZTL_C30     rise   0.000   0.070   0.012  -      (87.800,156.950)    14.280   -       
CTS_cdb_inv_00433/Y
-     INV_X2B_A9PP140ZTL_C30     fall   0.009   0.079   0.012  0.003  (87.660,156.750)     0.340      1    
CTS_ccl_inv_00382/A
-     INV_X4B_A9PP140ZTL_C30     fall   0.000   0.079   0.012  -      (87.660,162.350)     5.600   -       
CTS_ccl_inv_00382/Y
-     INV_X4B_A9PP140ZTL_C30     rise   0.011   0.090   0.014  0.011  (87.520,162.550)     0.340      3    
CTS_ccl_inv_00379/A
-     INV_X4B_A9PP140ZTL_C30     rise   0.000   0.090   0.014  -      (88.220,163.250)     1.400   -       
CTS_ccl_inv_00379/Y
-     INV_X4B_A9PP140ZTL_C30     fall   0.011   0.101   0.015  0.008  (88.360,163.050)     0.340      2    
CTS_ccl_inv_00371/A
-     INV_X2B_A9PP140ZTL_C30     fall   0.001   0.101   0.015  -      (89.200,163.250)     1.040   -       
CTS_ccl_inv_00371/Y
-     INV_X2B_A9PP140ZTL_C30     rise   0.011   0.113   0.014  0.005  (89.340,163.450)     0.340      2    
CTS_ccl_a_inv_00361/A
-     INV_X4B_A9PP140ZTL_C30     rise   0.000   0.113   0.014  -      (90.040,166.850)     4.100   -       
CTS_ccl_a_inv_00361/Y
-     INV_X4B_A9PP140ZTL_C30     fall   0.011   0.125   0.016  0.008  (90.180,166.650)     0.340      2    
CTS_ccl_a_inv_00342/A
-     INV_X7P5B_A9PP140ZTL_C30   fall   0.000   0.125   0.016  -      (90.180,168.650)     2.000   -       
CTS_ccl_a_inv_00342/Y
-     INV_X7P5B_A9PP140ZTL_C30   rise   0.009   0.134   0.011  0.013  (90.320,168.450)     0.340      3    
CTS_ccl_a_inv_00305/A
-     INV_X7P5B_A9PP140ZTL_C30   rise   0.001   0.135   0.011  -      (76.600,168.650)    13.920   -       
CTS_ccl_a_inv_00305/Y
-     INV_X7P5B_A9PP140ZTL_C30   fall   0.012   0.147   0.017  0.018  (76.740,168.450)     0.340      4    
CTS_ccl_a_inv_00181/A
-     INV_X7P5B_A9PP140ZTL_C30   fall   0.001   0.148   0.017  -      (69.040,175.850)    15.100   -       
CTS_ccl_a_inv_00181/Y
-     INV_X7P5B_A9PP140ZTL_C30   rise   0.011   0.159   0.014  0.017  (68.900,175.650)     0.340     11    
signed_mag_5_mag_re_reg[80]/CK
-     DFFRPQ_X1M_A9PP140ZTL_C30  rise   0.001   0.160   0.014  -      (63.580,179.450)     9.120   -       
-----------------------------------------------------------------------------------------------------------------

