============================================================
  Generated by:           Genus(TM) Synthesis Solution 23.10-p004_1
  Generated on:           Feb 17 2025  01:28:33 pm
  Module:                 pp_fir_u_0
  Library domain:         timing_cond_wcl_slow
    Domain index:         0
    Technology library:   sc9mcpp140z_cln28ht_base_lvt_c30_ssg_cworstt_max_0p81v_125c 1.0
  Library domain:         timing_cond_wcl_fast
    Domain index:         1
    Technology library:   sc9mcpp140z_cln28ht_base_lvt_c30_ffg_cbestt_min_0p99v_m40c 1.0
  Library domain:         timing_cond_wcl_typical
    Domain index:         2
    Technology library:   sc9mcpp140z_cln28ht_base_lvt_c30_tt_ctypical_max_0p90v_25c 1.0
  Operating conditions:   ssg_cworstt_max_0p81v_125c 
  Operating conditions:   ffg_cbestt_min_0p99v_m40c 
  Operating conditions:   tt_ctypical_max_0p90v_25c 
  Interconnect mode:      placement
  Area mode:              physical library
============================================================

Timing
--------

  Analysis view  Clock Period 
------------------------------
view_wcl_slow    clk    500.0 
view_wcl_fast    clk    500.0 
view_wcl_typical clk    500.0 


    Analysis       Cost   Critical            Violating 
      View        Group  Path Slack    TNS      Paths   
--------------------------------------------------------
view_wcl_slow        clk      -50.0 -46839.7       2284 
                 default   No paths      0.0          0 
--------------------------------------------------------
Total                               -46839.7       2284 
                                                        
view_wcl_fast        clk        3.5      0.0          0 
                 default   No paths      0.0          0 
--------------------------------------------------------
Total                                   -0.0          0 
                                                        
view_wcl_typical     clk      -20.2  -4665.0        844 
                 default   No paths      0.0          0 
--------------------------------------------------------
Total                                -4665.0        844 
                                                        

Instance Count
--------------
Leaf Instance Count             25078 
Physical Instance count          1107 
Sequential Instance Count        3588 
Combinational Instance Count    21490 
Hierarchical Instance Count         1 

Area
----
Cell Area                          28295.316
Physical Cell Area                 596.610
Total Cell Area (Cell+Physical)    28891.926
Net Area                           8205.801
Total Area (Cell+Physical+Net)     37097.727

Floorplan Utilization              77.05%
Runtime                            138.302492 seconds
Elapsed Runtime                    2841 seconds
Genus peak memory usage            3520.16 
Innovus peak memory usage          5535.011719 
Hostname                           tc053.cm.cluster

Physical Data
-------------
Total Net Length                   164116.02 um
Average Net Length                 6.30 um
