============================================================
  Generated by:           Genus(TM) Synthesis Solution 23.10-p004_1
  Generated on:           Feb 17 2025  12:55:29 pm
  Module:                 pp_fir_u_0
  Library domain:         timing_cond_wcl_slow
    Domain index:         0
    Technology library:   sc9mcpp140z_cln28ht_base_lvt_c30_ssg_cworstt_max_0p81v_125c 1.0
  Library domain:         timing_cond_wcl_fast
    Domain index:         1
    Technology library:   sc9mcpp140z_cln28ht_base_lvt_c30_ffg_cbestt_min_0p99v_m40c 1.0
  Library domain:         timing_cond_wcl_typical
    Domain index:         2
    Technology library:   sc9mcpp140z_cln28ht_base_lvt_c30_tt_ctypical_max_0p90v_25c 1.0
  Operating conditions:   ssg_cworstt_max_0p81v_125c 
  Operating conditions:   ffg_cbestt_min_0p99v_m40c 
  Operating conditions:   tt_ctypical_max_0p90v_25c 
  Interconnect mode:      spatial
  Area mode:              physical library
============================================================

Timing
--------

  Analysis view  Clock Period 
------------------------------
view_wcl_slow    clk    500.0 
view_wcl_fast    clk    500.0 
view_wcl_typical clk    500.0 


    Analysis       Cost   Critical            Violating 
      View        Group  Path Slack    TNS      Paths   
--------------------------------------------------------
view_wcl_slow        clk      -15.9 -21522.9       2082 
                 default   No paths      0.0          0 
--------------------------------------------------------
Total                               -21522.9       2082 
                                                        
view_wcl_fast        clk       24.2      0.0          0 
                 default   No paths      0.0          0 
--------------------------------------------------------
Total                                   -0.0          0 
                                                        
view_wcl_typical     clk        6.8      0.0          0 
                 default   No paths      0.0          0 
--------------------------------------------------------
Total                                   -0.0          0 
                                                        

Instance Count
--------------
Leaf Instance Count             24783 
Physical Instance count          1107 
Sequential Instance Count        3588 
Combinational Instance Count    21195 
Hierarchical Instance Count         1 

Area
----
Cell Area                          27010.998
Physical Cell Area                 596.610
Total Cell Area (Cell+Physical)    27607.608
Net Area                           7135.408
Total Area (Cell+Physical+Net)     34743.016

Floorplan Utilization              73.55%
Runtime                            140.302492 seconds
Elapsed Runtime                    859 seconds
Genus peak memory usage            2720.74 
Innovus peak memory usage          no_value 
Hostname                           tc053.cm.cluster
