============================================================
  Generated by:           Genus(TM) Synthesis Solution 23.10-p004_1
  Generated on:           Feb 17 2025  12:55:34 pm
  Module:                 pp_fir_u_0
  Library domain:         timing_cond_wcl_slow
    Domain index:         0
    Technology library:   sc9mcpp140z_cln28ht_base_lvt_c30_ssg_cworstt_max_0p81v_125c 1.0
  Library domain:         timing_cond_wcl_fast
    Domain index:         1
    Technology library:   sc9mcpp140z_cln28ht_base_lvt_c30_ffg_cbestt_min_0p99v_m40c 1.0
  Library domain:         timing_cond_wcl_typical
    Domain index:         2
    Technology library:   sc9mcpp140z_cln28ht_base_lvt_c30_tt_ctypical_max_0p90v_25c 1.0
  Operating conditions:   ssg_cworstt_max_0p81v_125c 
  Operating conditions:   ffg_cbestt_min_0p99v_m40c 
  Operating conditions:   tt_ctypical_max_0p90v_25c 
  Interconnect mode:      spatial
  Area mode:              physical library
============================================================

                                                        Leakage                                                                   Library 
             Gate               Instances    Area      Power (nW)                              Library                             Domain 
------------------------------------------------------------------------------------------------------------------------------------------
ADDF_X1M_A9PP140ZTL_C30               709   1429.344    413902.998    sc9mcpp140z_cln28ht_base_lvt_c30_ssg_cworstt_max_0p81v_125c       0 
ADDF_X1P4M_A9PP140ZTL_C30             277    628.236    229004.765    sc9mcpp140z_cln28ht_base_lvt_c30_ssg_cworstt_max_0p81v_125c       0 
ADDF_X2M_A9PP140ZTL_C30               191    433.188    155772.772    sc9mcpp140z_cln28ht_base_lvt_c30_ssg_cworstt_max_0p81v_125c       0 
ADDH_X1M_A9PP140ZTL_C30                29     36.540     12084.900    sc9mcpp140z_cln28ht_base_lvt_c30_ssg_cworstt_max_0p81v_125c       0 
ADDH_X2M_A9PP140ZTL_C30                 9     13.608      5560.431    sc9mcpp140z_cln28ht_base_lvt_c30_ssg_cworstt_max_0p81v_125c       0 
AND2_X1M_A9PP140ZTL_C30               327    164.808     58048.167    sc9mcpp140z_cln28ht_base_lvt_c30_ssg_cworstt_max_0p81v_125c       0 
AND2_X1P4M_A9PP140ZTL_C30              14      8.820      3612.678    sc9mcpp140z_cln28ht_base_lvt_c30_ssg_cworstt_max_0p81v_125c       0 
AND2_X2B_A9PP140ZTL_C30                 2      1.260       513.101    sc9mcpp140z_cln28ht_base_lvt_c30_ssg_cworstt_max_0p81v_125c       0 
AND2_X2M_A9PP140ZTL_C30                10      6.300      2806.275    sc9mcpp140z_cln28ht_base_lvt_c30_ssg_cworstt_max_0p81v_125c       0 
AND2_X3B_A9PP140ZTL_C30                 2      1.512       760.636    sc9mcpp140z_cln28ht_base_lvt_c30_ssg_cworstt_max_0p81v_125c       0 
AND2_X3M_A9PP140ZTL_C30                 7      7.056      3489.746    sc9mcpp140z_cln28ht_base_lvt_c30_ssg_cworstt_max_0p81v_125c       0 
AND2_X4M_A9PP140ZTL_C30                 3      3.402      1761.270    sc9mcpp140z_cln28ht_base_lvt_c30_ssg_cworstt_max_0p81v_125c       0 
AND2_X6B_A9PP140ZTL_C30                 2      2.772      1512.538    sc9mcpp140z_cln28ht_base_lvt_c30_ssg_cworstt_max_0p81v_125c       0 
AND3_X0P7M_A9PP140ZTL_C30               2      1.260       289.989    sc9mcpp140z_cln28ht_base_lvt_c30_ssg_cworstt_max_0p81v_125c       0 
AND3_X1M_A9PP140ZTL_C30                82     51.660     14786.177    sc9mcpp140z_cln28ht_base_lvt_c30_ssg_cworstt_max_0p81v_125c       0 
AND4_X1M_A9PP140ZTL_C30                58     43.848     10278.688    sc9mcpp140z_cln28ht_base_lvt_c30_ssg_cworstt_max_0p81v_125c       0 
AO1B2_X1M_A9PP140ZTL_C30               50     31.500     10684.999    sc9mcpp140z_cln28ht_base_lvt_c30_ssg_cworstt_max_0p81v_125c       0 
AO1B2_X2M_A9PP140ZTL_C30               19     16.758      6635.324    sc9mcpp140z_cln28ht_base_lvt_c30_ssg_cworstt_max_0p81v_125c       0 
AO1B2_X3M_A9PP140ZTL_C30                5      6.930      3186.403    sc9mcpp140z_cln28ht_base_lvt_c30_ssg_cworstt_max_0p81v_125c       0 
AO1B2_X4M_A9PP140ZTL_C30               10     16.380      7556.804    sc9mcpp140z_cln28ht_base_lvt_c30_ssg_cworstt_max_0p81v_125c       0 
AO1B2_X6M_A9PP140ZTL_C30                2      4.788      2273.511    sc9mcpp140z_cln28ht_base_lvt_c30_ssg_cworstt_max_0p81v_125c       0 
AO21A1AI2_X1M_A9PP140ZTL_C30           24     15.120      3118.924    sc9mcpp140z_cln28ht_base_lvt_c30_ssg_cworstt_max_0p81v_125c       0 
AO21A1AI2_X1P4M_A9PP140ZTL_C30          2      2.268       526.584    sc9mcpp140z_cln28ht_base_lvt_c30_ssg_cworstt_max_0p81v_125c       0 
AO21A1AI2_X2M_A9PP140ZTL_C30            2      2.268       544.942    sc9mcpp140z_cln28ht_base_lvt_c30_ssg_cworstt_max_0p81v_125c       0 
AO21A1AI2_X3M_A9PP140ZTL_C30            2      3.276       920.153    sc9mcpp140z_cln28ht_base_lvt_c30_ssg_cworstt_max_0p81v_125c       0 
AO21A1AI2_X6M_A9PP140ZTL_C30            2      6.300      1666.715    sc9mcpp140z_cln28ht_base_lvt_c30_ssg_cworstt_max_0p81v_125c       0 
AO21B_X1M_A9PP140ZTL_C30               88     55.440     18659.634    sc9mcpp140z_cln28ht_base_lvt_c30_ssg_cworstt_max_0p81v_125c       0 
AO21B_X1P4M_A9PP140ZTL_C30              2      1.764       633.127    sc9mcpp140z_cln28ht_base_lvt_c30_ssg_cworstt_max_0p81v_125c       0 
AO21B_X2M_A9PP140ZTL_C30               30     26.460     11285.583    sc9mcpp140z_cln28ht_base_lvt_c30_ssg_cworstt_max_0p81v_125c       0 
AO21B_X3M_A9PP140ZTL_C30                2      2.772      1283.789    sc9mcpp140z_cln28ht_base_lvt_c30_ssg_cworstt_max_0p81v_125c       0 
AO21B_X4M_A9PP140ZTL_C30                2      3.276      1612.582    sc9mcpp140z_cln28ht_base_lvt_c30_ssg_cworstt_max_0p81v_125c       0 
AO21B_X6M_A9PP140ZTL_C30                4      9.576      4804.294    sc9mcpp140z_cln28ht_base_lvt_c30_ssg_cworstt_max_0p81v_125c       0 
AO21_X1M_A9PP140ZTL_C30                50     37.800     11909.370    sc9mcpp140z_cln28ht_base_lvt_c30_ssg_cworstt_max_0p81v_125c       0 
AO21_X1P4M_A9PP140ZTL_C30               2      1.764       763.060    sc9mcpp140z_cln28ht_base_lvt_c30_ssg_cworstt_max_0p81v_125c       0 
AO21_X2M_A9PP140ZTL_C30                 2      1.764       673.461    sc9mcpp140z_cln28ht_base_lvt_c30_ssg_cworstt_max_0p81v_125c       0 
AO22_X1M_A9PP140ZTL_C30                 1      0.882       245.787    sc9mcpp140z_cln28ht_base_lvt_c30_ssg_cworstt_max_0p81v_125c       0 
AO22_X1P4M_A9PP140ZTL_C30              15     15.120      5177.886    sc9mcpp140z_cln28ht_base_lvt_c30_ssg_cworstt_max_0p81v_125c       0 
AOI211_X1M_A9PP140ZTL_C30              42     26.460      7987.235    sc9mcpp140z_cln28ht_base_lvt_c30_ssg_cworstt_max_0p81v_125c       0 
AOI21B_X0P7M_A9PP140ZTL_C30             4      3.024       771.664    sc9mcpp140z_cln28ht_base_lvt_c30_ssg_cworstt_max_0p81v_125c       0 
AOI21B_X1M_A9PP140ZTL_C30              10      7.560      1880.892    sc9mcpp140z_cln28ht_base_lvt_c30_ssg_cworstt_max_0p81v_125c       0 
AOI21B_X2M_A9PP140ZTL_C30               2      2.268       685.553    sc9mcpp140z_cln28ht_base_lvt_c30_ssg_cworstt_max_0p81v_125c       0 
AOI21_X0P5M_A9PP140ZTL_C30              2      1.008       265.239    sc9mcpp140z_cln28ht_base_lvt_c30_ssg_cworstt_max_0p81v_125c       0 
AOI21_X0P7M_A9PP140ZTL_C30              5      2.520       650.461    sc9mcpp140z_cln28ht_base_lvt_c30_ssg_cworstt_max_0p81v_125c       0 
AOI21_X1M_A9PP140ZTL_C30              361    181.944     54432.883    sc9mcpp140z_cln28ht_base_lvt_c30_ssg_cworstt_max_0p81v_125c       0 
AOI21_X1P4M_A9PP140ZTL_C30              3      2.646       902.166    sc9mcpp140z_cln28ht_base_lvt_c30_ssg_cworstt_max_0p81v_125c       0 
AOI21_X2M_A9PP140ZTL_C30              264    232.848     87257.316    sc9mcpp140z_cln28ht_base_lvt_c30_ssg_cworstt_max_0p81v_125c       0 
AOI21_X3M_A9PP140ZTL_C30               29     36.540     14337.538    sc9mcpp140z_cln28ht_base_lvt_c30_ssg_cworstt_max_0p81v_125c       0 
AOI21_X4M_A9PP140ZTL_C30               57     93.366     37901.848    sc9mcpp140z_cln28ht_base_lvt_c30_ssg_cworstt_max_0p81v_125c       0 
AOI21_X6M_A9PP140ZTL_C30                3      7.182      2779.966    sc9mcpp140z_cln28ht_base_lvt_c30_ssg_cworstt_max_0p81v_125c       0 
AOI22BB_X1M_A9PP140ZTL_C30              6      5.292      1524.421    sc9mcpp140z_cln28ht_base_lvt_c30_ssg_cworstt_max_0p81v_125c       0 
AOI22BB_X1P4M_A9PP140ZTL_C30            2      2.520       895.738    sc9mcpp140z_cln28ht_base_lvt_c30_ssg_cworstt_max_0p81v_125c       0 
AOI22BB_X2M_A9PP140ZTL_C30             28     35.280     12878.013    sc9mcpp140z_cln28ht_base_lvt_c30_ssg_cworstt_max_0p81v_125c       0 
AOI22_X1M_A9PP140ZTL_C30                4      2.520       767.437    sc9mcpp140z_cln28ht_base_lvt_c30_ssg_cworstt_max_0p81v_125c       0 
AOI22_X2M_A9PP140ZTL_C30                2      2.268       690.907    sc9mcpp140z_cln28ht_base_lvt_c30_ssg_cworstt_max_0p81v_125c       0 
AOI2XB1_X1M_A9PP140ZTL_C30             58     43.848     13670.084    sc9mcpp140z_cln28ht_base_lvt_c30_ssg_cworstt_max_0p81v_125c       0 
AOI2XB1_X2M_A9PP140ZTL_C30             22     24.948      9206.539    sc9mcpp140z_cln28ht_base_lvt_c30_ssg_cworstt_max_0p81v_125c       0 
AOI2XB1_X3M_A9PP140ZTL_C30              6      9.072      4133.936    sc9mcpp140z_cln28ht_base_lvt_c30_ssg_cworstt_max_0p81v_125c       0 
AOI2XB1_X4M_A9PP140ZTL_C30              4      8.064      3926.077    sc9mcpp140z_cln28ht_base_lvt_c30_ssg_cworstt_max_0p81v_125c       0 
AOI31_X1M_A9PP140ZTL_C30               49     30.870      6148.706    sc9mcpp140z_cln28ht_base_lvt_c30_ssg_cworstt_max_0p81v_125c       0 
AOI31_X1P4M_A9PP140ZTL_C30              1      1.134       193.838    sc9mcpp140z_cln28ht_base_lvt_c30_ssg_cworstt_max_0p81v_125c       0 
AOI31_X2M_A9PP140ZTL_C30                1      1.260       254.547    sc9mcpp140z_cln28ht_base_lvt_c30_ssg_cworstt_max_0p81v_125c       0 
AOI31_X3M_A9PP140ZTL_C30               16     26.208      6933.477    sc9mcpp140z_cln28ht_base_lvt_c30_ssg_cworstt_max_0p81v_125c       0 
BUFH_X13M_A9PP140ZTL_C30                1      2.898      2473.657    sc9mcpp140z_cln28ht_base_lvt_c30_ssg_cworstt_max_0p81v_125c       0 
BUFH_X16M_A9PP140ZTL_C30                4     14.112     12325.395    sc9mcpp140z_cln28ht_base_lvt_c30_ssg_cworstt_max_0p81v_125c       0 
BUFH_X1M_A9PP140ZTL_C30               121     45.738     22637.314    sc9mcpp140z_cln28ht_base_lvt_c30_ssg_cworstt_max_0p81v_125c       0 
BUFH_X1P2M_A9PP140ZTL_C30               8      4.032      2520.409    sc9mcpp140z_cln28ht_base_lvt_c30_ssg_cworstt_max_0p81v_125c       0 
BUFH_X1P7M_A9PP140ZTL_C30              50     25.200     16053.104    sc9mcpp140z_cln28ht_base_lvt_c30_ssg_cworstt_max_0p81v_125c       0 
BUFH_X2M_A9PP140ZTL_C30                17      8.568      5235.984    sc9mcpp140z_cln28ht_base_lvt_c30_ssg_cworstt_max_0p81v_125c       0 
BUFH_X3M_A9PP140ZTL_C30                 8      6.048      4444.981    sc9mcpp140z_cln28ht_base_lvt_c30_ssg_cworstt_max_0p81v_125c       0 
BUFH_X4M_A9PP140ZTL_C30                 1      0.882       662.001    sc9mcpp140z_cln28ht_base_lvt_c30_ssg_cworstt_max_0p81v_125c       0 
BUFH_X7P5M_A9PP140ZTL_C30               8     14.112     12818.354    sc9mcpp140z_cln28ht_base_lvt_c30_ssg_cworstt_max_0p81v_125c       0 
BUF_X0P7B_A9PP140ZTL_C30               51     19.278      8685.866    sc9mcpp140z_cln28ht_base_lvt_c30_ssg_cworstt_max_0p81v_125c       0 
BUF_X0P8B_A9PP140ZTL_C30                6      2.268      1047.915    sc9mcpp140z_cln28ht_base_lvt_c30_ssg_cworstt_max_0p81v_125c       0 
BUF_X13M_A9PP140ZTL_C30                38     90.972     76068.604    sc9mcpp140z_cln28ht_base_lvt_c30_ssg_cworstt_max_0p81v_125c       0 
BUF_X16B_A9PP140ZTL_C30                 2      5.796      4629.144    sc9mcpp140z_cln28ht_base_lvt_c30_ssg_cworstt_max_0p81v_125c       0 
BUF_X16M_A9PP140ZTL_C30                 6     17.388     14959.924    sc9mcpp140z_cln28ht_base_lvt_c30_ssg_cworstt_max_0p81v_125c       0 
BUF_X1M_A9PP140ZTL_C30                 18      6.804      2726.650    sc9mcpp140z_cln28ht_base_lvt_c30_ssg_cworstt_max_0p81v_125c       0 
BUF_X1P4M_A9PP140ZTL_C30                2      1.008       579.203    sc9mcpp140z_cln28ht_base_lvt_c30_ssg_cworstt_max_0p81v_125c       0 
BUF_X1P7M_A9PP140ZTL_C30                1      0.504       347.935    sc9mcpp140z_cln28ht_base_lvt_c30_ssg_cworstt_max_0p81v_125c       0 
BUF_X3P5M_A9PP140ZTL_C30                1      0.756       578.002    sc9mcpp140z_cln28ht_base_lvt_c30_ssg_cworstt_max_0p81v_125c       0 
BUF_X4B_A9PP140ZTL_C30                  3      2.646      1578.611    sc9mcpp140z_cln28ht_base_lvt_c30_ssg_cworstt_max_0p81v_125c       0 
BUF_X4M_A9PP140ZTL_C30                 35     30.870     22452.457    sc9mcpp140z_cln28ht_base_lvt_c30_ssg_cworstt_max_0p81v_125c       0 
BUF_X5M_A9PP140ZTL_C30                  7      7.056      5477.306    sc9mcpp140z_cln28ht_base_lvt_c30_ssg_cworstt_max_0p81v_125c       0 
BUF_X6M_A9PP140ZTL_C30                 40     45.360     36481.181    sc9mcpp140z_cln28ht_base_lvt_c30_ssg_cworstt_max_0p81v_125c       0 
BUF_X7P5M_A9PP140ZTL_C30                1      1.512      1332.412    sc9mcpp140z_cln28ht_base_lvt_c30_ssg_cworstt_max_0p81v_125c       0 
BUF_X9B_A9PP140ZTL_C30                  1      1.638      1330.601    sc9mcpp140z_cln28ht_base_lvt_c30_ssg_cworstt_max_0p81v_125c       0 
CGENCIN_X1M_A9PP140ZTL_C30             14     29.988     14067.492    sc9mcpp140z_cln28ht_base_lvt_c30_ssg_cworstt_max_0p81v_125c       0 
CGENCIN_X1P4M_A9PP140ZTL_C30            6     15.876      8029.466    sc9mcpp140z_cln28ht_base_lvt_c30_ssg_cworstt_max_0p81v_125c       0 
CGENCIN_X2M_A9PP140ZTL_C30              4     11.592      5926.300    sc9mcpp140z_cln28ht_base_lvt_c30_ssg_cworstt_max_0p81v_125c       0 
CGENCON_X2M_A9PP140ZTL_C30              1      2.772      1366.193    sc9mcpp140z_cln28ht_base_lvt_c30_ssg_cworstt_max_0p81v_125c       0 
CGENI_X1M_A9PP140ZTL_C30               89     67.284     14843.470    sc9mcpp140z_cln28ht_base_lvt_c30_ssg_cworstt_max_0p81v_125c       0 
CGENI_X1P4M_A9PP140ZTL_C30             63     87.318     21315.881    sc9mcpp140z_cln28ht_base_lvt_c30_ssg_cworstt_max_0p81v_125c       0 
CGENI_X2M_A9PP140ZTL_C30               17     23.562      5990.523    sc9mcpp140z_cln28ht_base_lvt_c30_ssg_cworstt_max_0p81v_125c       0 
CGEN_X1M_A9PP140ZTL_C30               259    228.438     69861.308    sc9mcpp140z_cln28ht_base_lvt_c30_ssg_cworstt_max_0p81v_125c       0 
CGEN_X1P4M_A9PP140ZTL_C30              96     96.768     37220.682    sc9mcpp140z_cln28ht_base_lvt_c30_ssg_cworstt_max_0p81v_125c       0 
CGEN_X2M_A9PP140ZTL_C30               163    164.304     62724.166    sc9mcpp140z_cln28ht_base_lvt_c30_ssg_cworstt_max_0p81v_125c       0 
DFFQA_X1M_A9PP140ZTL_C30                1      1.890       667.987    sc9mcpp140z_cln28ht_base_lvt_c30_ssg_cworstt_max_0p81v_125c       0 
DFFRPQA_X1M_A9PP140ZTL_C30           1025   2195.550    957673.484    sc9mcpp140z_cln28ht_base_lvt_c30_ssg_cworstt_max_0p81v_125c       0 
DFFRPQL_X1M_A9PP140ZTL_C30            138    347.760    135717.962    sc9mcpp140z_cln28ht_base_lvt_c30_ssg_cworstt_max_0p81v_125c       0 
DFFRPQNA_X1M_A9PP140ZTL_C30            48     96.768     37143.068    sc9mcpp140z_cln28ht_base_lvt_c30_ssg_cworstt_max_0p81v_125c       0 
DFFRPQNL_X1M_A9PP140ZTL_C30             4      9.576      3314.371    sc9mcpp140z_cln28ht_base_lvt_c30_ssg_cworstt_max_0p81v_125c       0 
DFFRPQN_X1M_A9PP140ZTL_C30             82    196.308     70271.018    sc9mcpp140z_cln28ht_base_lvt_c30_ssg_cworstt_max_0p81v_125c       0 
DFFRPQN_X2M_A9PP140ZTL_C30             10     25.200      9626.107    sc9mcpp140z_cln28ht_base_lvt_c30_ssg_cworstt_max_0p81v_125c       0 
DFFRPQN_X3M_A9PP140ZTL_C30            122    322.812    133927.563    sc9mcpp140z_cln28ht_base_lvt_c30_ssg_cworstt_max_0p81v_125c       0 
DFFRPQ_X1M_A9PP140ZTL_C30             123    309.960    118975.840    sc9mcpp140z_cln28ht_base_lvt_c30_ssg_cworstt_max_0p81v_125c       0 
DFFRPQ_X2M_A9PP140ZTL_C30              27     71.442     31287.534    sc9mcpp140z_cln28ht_base_lvt_c30_ssg_cworstt_max_0p81v_125c       0 
DFFRPQ_X3M_A9PP140ZTL_C30            1737   4814.964   2303428.069    sc9mcpp140z_cln28ht_base_lvt_c30_ssg_cworstt_max_0p81v_125c       0 
DFFRPQ_X4M_A9PP140ZTL_C30             271    819.504    412864.953    sc9mcpp140z_cln28ht_base_lvt_c30_ssg_cworstt_max_0p81v_125c       0 
DLY2_X4M_A9PP140ZTL_C30                 8      7.056      4312.717    sc9mcpp140z_cln28ht_base_lvt_c30_ssg_cworstt_max_0p81v_125c       0 
INV_X0P5M_A9PP140ZTL_C30                5      1.260       367.461    sc9mcpp140z_cln28ht_base_lvt_c30_ssg_cworstt_max_0p81v_125c       0 
INV_X0P6B_A9PP140ZTL_C30              122     30.744      7350.427    sc9mcpp140z_cln28ht_base_lvt_c30_ssg_cworstt_max_0p81v_125c       0 
INV_X0P7B_A9PP140ZTL_C30                2      0.504       152.834    sc9mcpp140z_cln28ht_base_lvt_c30_ssg_cworstt_max_0p81v_125c       0 
INV_X0P7M_A9PP140ZTL_C30              101     25.452      8667.103    sc9mcpp140z_cln28ht_base_lvt_c30_ssg_cworstt_max_0p81v_125c       0 
INV_X0P8B_A9PP140ZTL_C30              136     34.272     11180.297    sc9mcpp140z_cln28ht_base_lvt_c30_ssg_cworstt_max_0p81v_125c       0 
INV_X0P8M_A9PP140ZTL_C30              596    150.192     52836.908    sc9mcpp140z_cln28ht_base_lvt_c30_ssg_cworstt_max_0p81v_125c       0 
INV_X11B_A9PP140ZTL_C30                 1      1.512      1212.572    sc9mcpp140z_cln28ht_base_lvt_c30_ssg_cworstt_max_0p81v_125c       0 
INV_X11M_A9PP140ZTL_C30                 4      6.552      5093.971    sc9mcpp140z_cln28ht_base_lvt_c30_ssg_cworstt_max_0p81v_125c       0 
INV_X16M_A9PP140ZTL_C30                 3      6.804      5554.649    sc9mcpp140z_cln28ht_base_lvt_c30_ssg_cworstt_max_0p81v_125c       0 
INV_X1M_A9PP140ZTL_C30               1305    328.860    110065.088    sc9mcpp140z_cln28ht_base_lvt_c30_ssg_cworstt_max_0p81v_125c       0 
INV_X1P2M_A9PP140ZTL_C30                3      1.134       796.737    sc9mcpp140z_cln28ht_base_lvt_c30_ssg_cworstt_max_0p81v_125c       0 
INV_X1P4B_A9PP140ZTL_C30                2      0.756       356.461    sc9mcpp140z_cln28ht_base_lvt_c30_ssg_cworstt_max_0p81v_125c       0 
INV_X1P4M_A9PP140ZTL_C30               66     24.948     13324.809    sc9mcpp140z_cln28ht_base_lvt_c30_ssg_cworstt_max_0p81v_125c       0 
INV_X1P7B_A9PP140ZTL_C30               42     15.876      7933.514    sc9mcpp140z_cln28ht_base_lvt_c30_ssg_cworstt_max_0p81v_125c       0 
INV_X1P7M_A9PP140ZTL_C30              261     98.658     54126.334    sc9mcpp140z_cln28ht_base_lvt_c30_ssg_cworstt_max_0p81v_125c       0 
INV_X2B_A9PP140ZTL_C30                 60     22.680     11260.776    sc9mcpp140z_cln28ht_base_lvt_c30_ssg_cworstt_max_0p81v_125c       0 
INV_X2M_A9PP140ZTL_C30                379    143.262     72438.340    sc9mcpp140z_cln28ht_base_lvt_c30_ssg_cworstt_max_0p81v_125c       0 
INV_X2P5B_A9PP140ZTL_C30                5      2.520      1477.671    sc9mcpp140z_cln28ht_base_lvt_c30_ssg_cworstt_max_0p81v_125c       0 
INV_X2P5M_A9PP140ZTL_C30              113     56.952     37733.823    sc9mcpp140z_cln28ht_base_lvt_c30_ssg_cworstt_max_0p81v_125c       0 
INV_X3B_A9PP140ZTL_C30                 79     39.816     23715.236    sc9mcpp140z_cln28ht_base_lvt_c30_ssg_cworstt_max_0p81v_125c       0 
INV_X3M_A9PP140ZTL_C30                490    246.960    147738.026    sc9mcpp140z_cln28ht_base_lvt_c30_ssg_cworstt_max_0p81v_125c       0 
INV_X3P5B_A9PP140ZTL_C30               15      9.450      6296.840    sc9mcpp140z_cln28ht_base_lvt_c30_ssg_cworstt_max_0p81v_125c       0 
INV_X3P5M_A9PP140ZTL_C30              161    101.430     74201.264    sc9mcpp140z_cln28ht_base_lvt_c30_ssg_cworstt_max_0p81v_125c       0 
INV_X4B_A9PP140ZTL_C30                 13      8.190      5518.070    sc9mcpp140z_cln28ht_base_lvt_c30_ssg_cworstt_max_0p81v_125c       0 
INV_X4M_A9PP140ZTL_C30                155     97.650     66285.728    sc9mcpp140z_cln28ht_base_lvt_c30_ssg_cworstt_max_0p81v_125c       0 
INV_X5B_A9PP140ZTL_C30                 13      9.828      6162.045    sc9mcpp140z_cln28ht_base_lvt_c30_ssg_cworstt_max_0p81v_125c       0 
INV_X5M_A9PP140ZTL_C30                 43     32.508     22886.600    sc9mcpp140z_cln28ht_base_lvt_c30_ssg_cworstt_max_0p81v_125c       0 
INV_X6B_A9PP140ZTL_C30                 11      9.702      7151.449    sc9mcpp140z_cln28ht_base_lvt_c30_ssg_cworstt_max_0p81v_125c       0 
INV_X6M_A9PP140ZTL_C30                 11      9.702      7253.745    sc9mcpp140z_cln28ht_base_lvt_c30_ssg_cworstt_max_0p81v_125c       0 
INV_X7P5B_A9PP140ZTL_C30                1      1.134       865.730    sc9mcpp140z_cln28ht_base_lvt_c30_ssg_cworstt_max_0p81v_125c       0 
INV_X7P5M_A9PP140ZTL_C30               30     34.020     28859.802    sc9mcpp140z_cln28ht_base_lvt_c30_ssg_cworstt_max_0p81v_125c       0 
INV_X9B_A9PP140ZTL_C30                  3      3.780      2957.076    sc9mcpp140z_cln28ht_base_lvt_c30_ssg_cworstt_max_0p81v_125c       0 
INV_X9M_A9PP140ZTL_C30                  1      1.260      1016.437    sc9mcpp140z_cln28ht_base_lvt_c30_ssg_cworstt_max_0p81v_125c       0 
MX2_X0P7B_A9PP140ZTL_C30                1      1.134       375.282    sc9mcpp140z_cln28ht_base_lvt_c30_ssg_cworstt_max_0p81v_125c       0 
MX2_X1B_A9PP140ZTL_C30               1645   1865.430    626400.836    sc9mcpp140z_cln28ht_base_lvt_c30_ssg_cworstt_max_0p81v_125c       0 
MX2_X1P4B_A9PP140ZTL_C30               24     33.264     13279.507    sc9mcpp140z_cln28ht_base_lvt_c30_ssg_cworstt_max_0p81v_125c       0 
MX2_X2B_A9PP140ZTL_C30                  6      8.316      3386.265    sc9mcpp140z_cln28ht_base_lvt_c30_ssg_cworstt_max_0p81v_125c       0 
MX2_X3B_A9PP140ZTL_C30                  2      4.284      1948.086    sc9mcpp140z_cln28ht_base_lvt_c30_ssg_cworstt_max_0p81v_125c       0 
MXIT2_X0P5M_A9PP140ZTL_C30              8      7.056      2398.739    sc9mcpp140z_cln28ht_base_lvt_c30_ssg_cworstt_max_0p81v_125c       0 
MXIT2_X0P7M_A9PP140ZTL_C30             24     21.168      8229.901    sc9mcpp140z_cln28ht_base_lvt_c30_ssg_cworstt_max_0p81v_125c       0 
MXIT2_X1M_A9PP140ZTL_C30              299    263.718    111051.306    sc9mcpp140z_cln28ht_base_lvt_c30_ssg_cworstt_max_0p81v_125c       0 
MXIT2_X1P4M_A9PP140ZTL_C30            367    462.420    232626.966    sc9mcpp140z_cln28ht_base_lvt_c30_ssg_cworstt_max_0p81v_125c       0 
MXIT2_X2M_A9PP140ZTL_C30               57     86.184     40933.117    sc9mcpp140z_cln28ht_base_lvt_c30_ssg_cworstt_max_0p81v_125c       0 
MXIT2_X3M_A9PP140ZTL_C30               55     97.020     53422.254    sc9mcpp140z_cln28ht_base_lvt_c30_ssg_cworstt_max_0p81v_125c       0 
MXIT2_X4M_A9PP140ZTL_C30               50    119.700     70908.371    sc9mcpp140z_cln28ht_base_lvt_c30_ssg_cworstt_max_0p81v_125c       0 
MXT2_X0P5B_A9PP140ZTL_C30               7      6.174      2145.215    sc9mcpp140z_cln28ht_base_lvt_c30_ssg_cworstt_max_0p81v_125c       0 
MXT2_X0P5M_A9PP140ZTL_C30               2      2.016       614.266    sc9mcpp140z_cln28ht_base_lvt_c30_ssg_cworstt_max_0p81v_125c       0 
MXT2_X0P7B_A9PP140ZTL_C30               3      3.024       970.157    sc9mcpp140z_cln28ht_base_lvt_c30_ssg_cworstt_max_0p81v_125c       0 
MXT2_X1B_A9PP140ZTL_C30                74     83.916     34378.006    sc9mcpp140z_cln28ht_base_lvt_c30_ssg_cworstt_max_0p81v_125c       0 
MXT2_X1M_A9PP140ZTL_C30                 4      4.536      1787.858    sc9mcpp140z_cln28ht_base_lvt_c30_ssg_cworstt_max_0p81v_125c       0 
MXT2_X1P4M_A9PP140ZTL_C30             191    216.594    118948.000    sc9mcpp140z_cln28ht_base_lvt_c30_ssg_cworstt_max_0p81v_125c       0 
MXT2_X2M_A9PP140ZTL_C30               177    200.718    108276.402    sc9mcpp140z_cln28ht_base_lvt_c30_ssg_cworstt_max_0p81v_125c       0 
MXT2_X3M_A9PP140ZTL_C30                53    100.170     57720.097    sc9mcpp140z_cln28ht_base_lvt_c30_ssg_cworstt_max_0p81v_125c       0 
MXT2_X4M_A9PP140ZTL_C30                 9     18.144     10779.161    sc9mcpp140z_cln28ht_base_lvt_c30_ssg_cworstt_max_0p81v_125c       0 
MXT2_X6M_A9PP140ZTL_C30                 3      9.072      5684.856    sc9mcpp140z_cln28ht_base_lvt_c30_ssg_cworstt_max_0p81v_125c       0 
NAND2B_X0P7M_A9PP140ZTL_C30             8      4.032      1494.126    sc9mcpp140z_cln28ht_base_lvt_c30_ssg_cworstt_max_0p81v_125c       0 
NAND2B_X1M_A9PP140ZTL_C30             449    226.296     85877.875    sc9mcpp140z_cln28ht_base_lvt_c30_ssg_cworstt_max_0p81v_125c       0 
NAND2B_X2M_A9PP140ZTL_C30               2      1.512       662.222    sc9mcpp140z_cln28ht_base_lvt_c30_ssg_cworstt_max_0p81v_125c       0 
NAND2B_X3M_A9PP140ZTL_C30               5      5.040      2221.631    sc9mcpp140z_cln28ht_base_lvt_c30_ssg_cworstt_max_0p81v_125c       0 
NAND2B_X4M_A9PP140ZTL_C30               3      3.780      1736.144    sc9mcpp140z_cln28ht_base_lvt_c30_ssg_cworstt_max_0p81v_125c       0 
NAND2XB_X1M_A9PP140ZTL_C30             48     24.192      9386.037    sc9mcpp140z_cln28ht_base_lvt_c30_ssg_cworstt_max_0p81v_125c       0 
NAND2XB_X2M_A9PP140ZTL_C30             59     44.604     19100.547    sc9mcpp140z_cln28ht_base_lvt_c30_ssg_cworstt_max_0p81v_125c       0 
NAND2XB_X3M_A9PP140ZTL_C30             15     15.120      6732.685    sc9mcpp140z_cln28ht_base_lvt_c30_ssg_cworstt_max_0p81v_125c       0 
NAND2XB_X4M_A9PP140ZTL_C30             17     21.420     10106.914    sc9mcpp140z_cln28ht_base_lvt_c30_ssg_cworstt_max_0p81v_125c       0 
NAND2XB_X6M_A9PP140ZTL_C30              4      7.560      3787.245    sc9mcpp140z_cln28ht_base_lvt_c30_ssg_cworstt_max_0p81v_125c       0 
NAND2_X1A_A9PP140ZTL_C30              443    167.454     44185.818    sc9mcpp140z_cln28ht_base_lvt_c30_ssg_cworstt_max_0p81v_125c       0 
NAND2_X1B_A9PP140ZTL_C30              365    137.970     33873.380    sc9mcpp140z_cln28ht_base_lvt_c30_ssg_cworstt_max_0p81v_125c       0 
NAND2_X1M_A9PP140ZTL_C30              383    144.774     37323.538    sc9mcpp140z_cln28ht_base_lvt_c30_ssg_cworstt_max_0p81v_125c       0 
NAND2_X1P4A_A9PP140ZTL_C30              4      2.520       828.857    sc9mcpp140z_cln28ht_base_lvt_c30_ssg_cworstt_max_0p81v_125c       0 
NAND2_X2A_A9PP140ZTL_C30              113     71.190     25248.558    sc9mcpp140z_cln28ht_base_lvt_c30_ssg_cworstt_max_0p81v_125c       0 
NAND2_X2B_A9PP140ZTL_C30              113     71.190     23304.815    sc9mcpp140z_cln28ht_base_lvt_c30_ssg_cworstt_max_0p81v_125c       0 
NAND2_X2M_A9PP140ZTL_C30               86     54.180     18987.889    sc9mcpp140z_cln28ht_base_lvt_c30_ssg_cworstt_max_0p81v_125c       0 
NAND2_X3A_A9PP140ZTL_C30               29     25.578      9881.969    sc9mcpp140z_cln28ht_base_lvt_c30_ssg_cworstt_max_0p81v_125c       0 
NAND2_X3B_A9PP140ZTL_C30               60     52.920     18592.447    sc9mcpp140z_cln28ht_base_lvt_c30_ssg_cworstt_max_0p81v_125c       0 
NAND2_X3M_A9PP140ZTL_C30               42     37.044     14383.003    sc9mcpp140z_cln28ht_base_lvt_c30_ssg_cworstt_max_0p81v_125c       0 
NAND2_X4A_A9PP140ZTL_C30               20     22.680      9248.215    sc9mcpp140z_cln28ht_base_lvt_c30_ssg_cworstt_max_0p81v_125c       0 
NAND2_X4B_A9PP140ZTL_C30               14     15.876      5269.651    sc9mcpp140z_cln28ht_base_lvt_c30_ssg_cworstt_max_0p81v_125c       0 
NAND2_X4M_A9PP140ZTL_C30               23     26.082     10976.209    sc9mcpp140z_cln28ht_base_lvt_c30_ssg_cworstt_max_0p81v_125c       0 
NAND2_X6A_A9PP140ZTL_C30                4      6.552      2801.138    sc9mcpp140z_cln28ht_base_lvt_c30_ssg_cworstt_max_0p81v_125c       0 
NAND2_X6B_A9PP140ZTL_C30                8     13.104      4055.063    sc9mcpp140z_cln28ht_base_lvt_c30_ssg_cworstt_max_0p81v_125c       0 
NAND3BB_X1M_A9PP140ZTL_C30             90     56.700     22561.812    sc9mcpp140z_cln28ht_base_lvt_c30_ssg_cworstt_max_0p81v_125c       0 
NAND3BB_X2M_A9PP140ZTL_C30             11      9.702      4242.662    sc9mcpp140z_cln28ht_base_lvt_c30_ssg_cworstt_max_0p81v_125c       0 
NAND3BB_X3M_A9PP140ZTL_C30             16     22.176     11969.536    sc9mcpp140z_cln28ht_base_lvt_c30_ssg_cworstt_max_0p81v_125c       0 
NAND3BB_X4M_A9PP140ZTL_C30              3      4.914      2698.328    sc9mcpp140z_cln28ht_base_lvt_c30_ssg_cworstt_max_0p81v_125c       0 
NAND3XXB_X1M_A9PP140ZTL_C30            16     10.080      3206.458    sc9mcpp140z_cln28ht_base_lvt_c30_ssg_cworstt_max_0p81v_125c       0 
NAND3_X1A_A9PP140ZTL_C30                4      2.016       385.818    sc9mcpp140z_cln28ht_base_lvt_c30_ssg_cworstt_max_0p81v_125c       0 
NAND3_X1M_A9PP140ZTL_C30               41     20.664      4365.671    sc9mcpp140z_cln28ht_base_lvt_c30_ssg_cworstt_max_0p81v_125c       0 
NAND3_X2A_A9PP140ZTL_C30                2      1.764       324.768    sc9mcpp140z_cln28ht_base_lvt_c30_ssg_cworstt_max_0p81v_125c       0 
NAND3_X3M_A9PP140ZTL_C30                4      5.040      1231.623    sc9mcpp140z_cln28ht_base_lvt_c30_ssg_cworstt_max_0p81v_125c       0 
NAND3_X4M_A9PP140ZTL_C30                5      8.190      2318.020    sc9mcpp140z_cln28ht_base_lvt_c30_ssg_cworstt_max_0p81v_125c       0 
NAND3_X6M_A9PP140ZTL_C30                1      2.394       619.047    sc9mcpp140z_cln28ht_base_lvt_c30_ssg_cworstt_max_0p81v_125c       0 
NAND4BB_X1M_A9PP140ZTL_C30              2      1.512       559.812    sc9mcpp140z_cln28ht_base_lvt_c30_ssg_cworstt_max_0p81v_125c       0 
NAND4XXXB_X1M_A9PP140ZTL_C30           13      9.828      2989.747    sc9mcpp140z_cln28ht_base_lvt_c30_ssg_cworstt_max_0p81v_125c       0 
NAND4XXXB_X1P4M_A9PP140ZTL_C30          1      1.386       387.093    sc9mcpp140z_cln28ht_base_lvt_c30_ssg_cworstt_max_0p81v_125c       0 
NAND4XXXB_X2M_A9PP140ZTL_C30            2      2.772       716.149    sc9mcpp140z_cln28ht_base_lvt_c30_ssg_cworstt_max_0p81v_125c       0 
NAND4_X1A_A9PP140ZTL_C30                4      2.520       398.216    sc9mcpp140z_cln28ht_base_lvt_c30_ssg_cworstt_max_0p81v_125c       0 
NAND4_X1M_A9PP140ZTL_C30               10      6.300       865.921    sc9mcpp140z_cln28ht_base_lvt_c30_ssg_cworstt_max_0p81v_125c       0 
NAND4_X2A_A9PP140ZTL_C30                2      2.268       500.087    sc9mcpp140z_cln28ht_base_lvt_c30_ssg_cworstt_max_0p81v_125c       0 
NOR2B_X0P5M_A9PP140ZTL_C30              4      2.016       938.656    sc9mcpp140z_cln28ht_base_lvt_c30_ssg_cworstt_max_0p81v_125c       0 
NOR2B_X0P7M_A9PP140ZTL_C30             18      9.072      3996.857    sc9mcpp140z_cln28ht_base_lvt_c30_ssg_cworstt_max_0p81v_125c       0 
NOR2B_X1M_A9PP140ZTL_C30              645    325.080    151082.636    sc9mcpp140z_cln28ht_base_lvt_c30_ssg_cworstt_max_0p81v_125c       0 
NOR2B_X1P4M_A9PP140ZTL_C30              1      0.756       299.562    sc9mcpp140z_cln28ht_base_lvt_c30_ssg_cworstt_max_0p81v_125c       0 
NOR2B_X3M_A9PP140ZTL_C30                2      2.016       890.160    sc9mcpp140z_cln28ht_base_lvt_c30_ssg_cworstt_max_0p81v_125c       0 
NOR2B_X4M_A9PP140ZTL_C30                2      2.520      1803.918    sc9mcpp140z_cln28ht_base_lvt_c30_ssg_cworstt_max_0p81v_125c       0 
NOR2XB_X1M_A9PP140ZTL_C30              72     36.288     13871.115    sc9mcpp140z_cln28ht_base_lvt_c30_ssg_cworstt_max_0p81v_125c       0 
NOR2XB_X2M_A9PP140ZTL_C30              67     50.652     21239.510    sc9mcpp140z_cln28ht_base_lvt_c30_ssg_cworstt_max_0p81v_125c       0 
NOR2XB_X3M_A9PP140ZTL_C30              12     12.096      5829.082    sc9mcpp140z_cln28ht_base_lvt_c30_ssg_cworstt_max_0p81v_125c       0 
NOR2XB_X4M_A9PP140ZTL_C30              32     40.320     18849.057    sc9mcpp140z_cln28ht_base_lvt_c30_ssg_cworstt_max_0p81v_125c       0 
NOR2XB_X6M_A9PP140ZTL_C30               1      1.890       893.596    sc9mcpp140z_cln28ht_base_lvt_c30_ssg_cworstt_max_0p81v_125c       0 
NOR2_X0P7A_A9PP140ZTL_C30              13      4.914      1507.405    sc9mcpp140z_cln28ht_base_lvt_c30_ssg_cworstt_max_0p81v_125c       0 
NOR2_X0P7M_A9PP140ZTL_C30               2      0.756       184.789    sc9mcpp140z_cln28ht_base_lvt_c30_ssg_cworstt_max_0p81v_125c       0 
NOR2_X1A_A9PP140ZTL_C30               955    360.990    101562.245    sc9mcpp140z_cln28ht_base_lvt_c30_ssg_cworstt_max_0p81v_125c       0 
NOR2_X1B_A9PP140ZTL_C30                54     20.412      5810.745    sc9mcpp140z_cln28ht_base_lvt_c30_ssg_cworstt_max_0p81v_125c       0 
NOR2_X1M_A9PP140ZTL_C30               420    158.760     48424.885    sc9mcpp140z_cln28ht_base_lvt_c30_ssg_cworstt_max_0p81v_125c       0 
NOR2_X1P4B_A9PP140ZTL_C30               1      0.630       102.869    sc9mcpp140z_cln28ht_base_lvt_c30_ssg_cworstt_max_0p81v_125c       0 
NOR2_X2A_A9PP140ZTL_C30               371    233.730     89096.052    sc9mcpp140z_cln28ht_base_lvt_c30_ssg_cworstt_max_0p81v_125c       0 
NOR2_X2B_A9PP140ZTL_C30                 1      0.630       116.260    sc9mcpp140z_cln28ht_base_lvt_c30_ssg_cworstt_max_0p81v_125c       0 
NOR2_X2M_A9PP140ZTL_C30                50     31.500     10602.364    sc9mcpp140z_cln28ht_base_lvt_c30_ssg_cworstt_max_0p81v_125c       0 
NOR2_X3A_A9PP140ZTL_C30               135    119.070     53550.156    sc9mcpp140z_cln28ht_base_lvt_c30_ssg_cworstt_max_0p81v_125c       0 
NOR2_X3B_A9PP140ZTL_C30                 5      4.410      1852.497    sc9mcpp140z_cln28ht_base_lvt_c30_ssg_cworstt_max_0p81v_125c       0 
NOR2_X3M_A9PP140ZTL_C30                18     15.876      5756.878    sc9mcpp140z_cln28ht_base_lvt_c30_ssg_cworstt_max_0p81v_125c       0 
NOR2_X4A_A9PP140ZTL_C30                98    111.132     56783.919    sc9mcpp140z_cln28ht_base_lvt_c30_ssg_cworstt_max_0p81v_125c       0 
NOR2_X4B_A9PP140ZTL_C30                 6      6.804      2850.056    sc9mcpp140z_cln28ht_base_lvt_c30_ssg_cworstt_max_0p81v_125c       0 
NOR2_X4M_A9PP140ZTL_C30                25     28.350     11032.080    sc9mcpp140z_cln28ht_base_lvt_c30_ssg_cworstt_max_0p81v_125c       0 
NOR2_X6A_A9PP140ZTL_C30                 5      8.190      5843.367    sc9mcpp140z_cln28ht_base_lvt_c30_ssg_cworstt_max_0p81v_125c       0 
NOR2_X6B_A9PP140ZTL_C30                 1      1.638       642.214    sc9mcpp140z_cln28ht_base_lvt_c30_ssg_cworstt_max_0p81v_125c       0 
NOR2_X6M_A9PP140ZTL_C30                 3      4.914      2370.144    sc9mcpp140z_cln28ht_base_lvt_c30_ssg_cworstt_max_0p81v_125c       0 
NOR2_X8M_A9PP140ZTL_C30                 1      2.142      1305.642    sc9mcpp140z_cln28ht_base_lvt_c30_ssg_cworstt_max_0p81v_125c       0 
NOR3BB_X0P5M_A9PP140ZTL_C30             1      0.630       152.862    sc9mcpp140z_cln28ht_base_lvt_c30_ssg_cworstt_max_0p81v_125c       0 
NOR3BB_X0P7M_A9PP140ZTL_C30            22     13.860      3459.801    sc9mcpp140z_cln28ht_base_lvt_c30_ssg_cworstt_max_0p81v_125c       0 
NOR3BB_X1M_A9PP140ZTL_C30              61     38.430     12784.478    sc9mcpp140z_cln28ht_base_lvt_c30_ssg_cworstt_max_0p81v_125c       0 
NOR3BB_X1P4M_A9PP140ZTL_C30             2      1.764       647.546    sc9mcpp140z_cln28ht_base_lvt_c30_ssg_cworstt_max_0p81v_125c       0 
NOR3BB_X3M_A9PP140ZTL_C30               2      2.772      1116.362    sc9mcpp140z_cln28ht_base_lvt_c30_ssg_cworstt_max_0p81v_125c       0 
NOR3_X1A_A9PP140ZTL_C30                 8      4.032      1355.014    sc9mcpp140z_cln28ht_base_lvt_c30_ssg_cworstt_max_0p81v_125c       0 
NOR3_X1M_A9PP140ZTL_C30                34     17.136      5962.043    sc9mcpp140z_cln28ht_base_lvt_c30_ssg_cworstt_max_0p81v_125c       0 
NOR3_X2A_A9PP140ZTL_C30                 6      5.292      2100.486    sc9mcpp140z_cln28ht_base_lvt_c30_ssg_cworstt_max_0p81v_125c       0 
NOR3_X3A_A9PP140ZTL_C30                 2      2.520       429.443    sc9mcpp140z_cln28ht_base_lvt_c30_ssg_cworstt_max_0p81v_125c       0 
NOR3_X4A_A9PP140ZTL_C30                 4      6.552      3149.840    sc9mcpp140z_cln28ht_base_lvt_c30_ssg_cworstt_max_0p81v_125c       0 
NOR4BB_X0P5M_A9PP140ZTL_C30             1      0.756       263.663    sc9mcpp140z_cln28ht_base_lvt_c30_ssg_cworstt_max_0p81v_125c       0 
NOR4BB_X1M_A9PP140ZTL_C30              95     71.820     24815.618    sc9mcpp140z_cln28ht_base_lvt_c30_ssg_cworstt_max_0p81v_125c       0 
NOR4BB_X2M_A9PP140ZTL_C30               6      7.560      2514.203    sc9mcpp140z_cln28ht_base_lvt_c30_ssg_cworstt_max_0p81v_125c       0 
NOR4BB_X3M_A9PP140ZTL_C30               4      7.056      2160.322    sc9mcpp140z_cln28ht_base_lvt_c30_ssg_cworstt_max_0p81v_125c       0 
OA1B2_X1M_A9PP140ZTL_C30               69     43.470     20661.456    sc9mcpp140z_cln28ht_base_lvt_c30_ssg_cworstt_max_0p81v_125c       0 
OA1B2_X1P4M_A9PP140ZTL_C30              9      7.938      5423.308    sc9mcpp140z_cln28ht_base_lvt_c30_ssg_cworstt_max_0p81v_125c       0 
OA1B2_X2M_A9PP140ZTL_C30                7      7.938      4547.784    sc9mcpp140z_cln28ht_base_lvt_c30_ssg_cworstt_max_0p81v_125c       0 
OA1B2_X3M_A9PP140ZTL_C30               10     13.860      8548.347    sc9mcpp140z_cln28ht_base_lvt_c30_ssg_cworstt_max_0p81v_125c       0 
OA1B2_X4M_A9PP140ZTL_C30                8     13.104      8834.809    sc9mcpp140z_cln28ht_base_lvt_c30_ssg_cworstt_max_0p81v_125c       0 
OA211_X1M_A9PP140ZTL_C30               40     35.280      7578.542    sc9mcpp140z_cln28ht_base_lvt_c30_ssg_cworstt_max_0p81v_125c       0 
OA21A1OI2_X1M_A9PP140ZTL_C30           18     11.340      2368.765    sc9mcpp140z_cln28ht_base_lvt_c30_ssg_cworstt_max_0p81v_125c       0 
OA21A1OI2_X2M_A9PP140ZTL_C30            6      6.804      1543.401    sc9mcpp140z_cln28ht_base_lvt_c30_ssg_cworstt_max_0p81v_125c       0 
OA21A1OI2_X3M_A9PP140ZTL_C30            4      6.552      2061.893    sc9mcpp140z_cln28ht_base_lvt_c30_ssg_cworstt_max_0p81v_125c       0 
OA21B_X0P7M_A9PP140ZTL_C30              4      2.520      1235.388    sc9mcpp140z_cln28ht_base_lvt_c30_ssg_cworstt_max_0p81v_125c       0 
OA21B_X1M_A9PP140ZTL_C30               47     29.610     13893.068    sc9mcpp140z_cln28ht_base_lvt_c30_ssg_cworstt_max_0p81v_125c       0 
OA21B_X1P4M_A9PP140ZTL_C30             16     14.112      8494.679    sc9mcpp140z_cln28ht_base_lvt_c30_ssg_cworstt_max_0p81v_125c       0 
OA21B_X2M_A9PP140ZTL_C30               11     12.474      6902.171    sc9mcpp140z_cln28ht_base_lvt_c30_ssg_cworstt_max_0p81v_125c       0 
OA21B_X3M_A9PP140ZTL_C30               14     19.404     11650.100    sc9mcpp140z_cln28ht_base_lvt_c30_ssg_cworstt_max_0p81v_125c       0 
OA21B_X4M_A9PP140ZTL_C30                8     13.104      8068.376    sc9mcpp140z_cln28ht_base_lvt_c30_ssg_cworstt_max_0p81v_125c       0 
OA21B_X6M_A9PP140ZTL_C30                2      5.292      2716.385    sc9mcpp140z_cln28ht_base_lvt_c30_ssg_cworstt_max_0p81v_125c       0 
OA21_X0P7M_A9PP140ZTL_C30              16     12.096      2931.463    sc9mcpp140z_cln28ht_base_lvt_c30_ssg_cworstt_max_0p81v_125c       0 
OA21_X1M_A9PP140ZTL_C30                28     21.168      5242.631    sc9mcpp140z_cln28ht_base_lvt_c30_ssg_cworstt_max_0p81v_125c       0 
OA21_X1P4M_A9PP140ZTL_C30               1      0.882       369.523    sc9mcpp140z_cln28ht_base_lvt_c30_ssg_cworstt_max_0p81v_125c       0 
OA21_X3M_A9PP140ZTL_C30                 3      4.158      1668.319    sc9mcpp140z_cln28ht_base_lvt_c30_ssg_cworstt_max_0p81v_125c       0 
OAI211_X1M_A9PP140ZTL_C30              34     21.420      3841.296    sc9mcpp140z_cln28ht_base_lvt_c30_ssg_cworstt_max_0p81v_125c       0 
OAI211_X2M_A9PP140ZTL_C30               6      6.804      1566.979    sc9mcpp140z_cln28ht_base_lvt_c30_ssg_cworstt_max_0p81v_125c       0 
OAI211_X3M_A9PP140ZTL_C30               1      1.638       373.157    sc9mcpp140z_cln28ht_base_lvt_c30_ssg_cworstt_max_0p81v_125c       0 
OAI211_X4M_A9PP140ZTL_C30               3      6.426      1583.911    sc9mcpp140z_cln28ht_base_lvt_c30_ssg_cworstt_max_0p81v_125c       0 
OAI21B_X1M_A9PP140ZTL_C30              16     12.096      2956.505    sc9mcpp140z_cln28ht_base_lvt_c30_ssg_cworstt_max_0p81v_125c       0 
OAI21B_X2M_A9PP140ZTL_C30              10     11.340      3727.031    sc9mcpp140z_cln28ht_base_lvt_c30_ssg_cworstt_max_0p81v_125c       0 
OAI21B_X3M_A9PP140ZTL_C30               8     12.096      4383.339    sc9mcpp140z_cln28ht_base_lvt_c30_ssg_cworstt_max_0p81v_125c       0 
OAI21B_X4M_A9PP140ZTL_C30               4      7.560      2600.732    sc9mcpp140z_cln28ht_base_lvt_c30_ssg_cworstt_max_0p81v_125c       0 
OAI21_X0P5M_A9PP140ZTL_C30              3      1.512       381.622    sc9mcpp140z_cln28ht_base_lvt_c30_ssg_cworstt_max_0p81v_125c       0 
OAI21_X0P7M_A9PP140ZTL_C30              1      0.504       138.163    sc9mcpp140z_cln28ht_base_lvt_c30_ssg_cworstt_max_0p81v_125c       0 
OAI21_X1M_A9PP140ZTL_C30              494    248.976     56681.405    sc9mcpp140z_cln28ht_base_lvt_c30_ssg_cworstt_max_0p81v_125c       0 
OAI21_X2M_A9PP140ZTL_C30              247    217.854     64789.994    sc9mcpp140z_cln28ht_base_lvt_c30_ssg_cworstt_max_0p81v_125c       0 
OAI21_X3M_A9PP140ZTL_C30               59     74.340     24067.522    sc9mcpp140z_cln28ht_base_lvt_c30_ssg_cworstt_max_0p81v_125c       0 
OAI21_X4M_A9PP140ZTL_C30               51     83.538     27585.979    sc9mcpp140z_cln28ht_base_lvt_c30_ssg_cworstt_max_0p81v_125c       0 
OAI21_X6M_A9PP140ZTL_C30                8     19.152      6795.289    sc9mcpp140z_cln28ht_base_lvt_c30_ssg_cworstt_max_0p81v_125c       0 
OAI22BB_X0P5M_A9PP140ZTL_C30           23     20.286      3934.002    sc9mcpp140z_cln28ht_base_lvt_c30_ssg_cworstt_max_0p81v_125c       0 
OAI22BB_X0P7M_A9PP140ZTL_C30            8      7.056      1455.266    sc9mcpp140z_cln28ht_base_lvt_c30_ssg_cworstt_max_0p81v_125c       0 
OAI22BB_X1M_A9PP140ZTL_C30             60     52.920     11882.420    sc9mcpp140z_cln28ht_base_lvt_c30_ssg_cworstt_max_0p81v_125c       0 
OAI22BB_X1P4M_A9PP140ZTL_C30           21     26.460      6284.581    sc9mcpp140z_cln28ht_base_lvt_c30_ssg_cworstt_max_0p81v_125c       0 
OAI22BB_X2M_A9PP140ZTL_C30            168    211.680     57520.761    sc9mcpp140z_cln28ht_base_lvt_c30_ssg_cworstt_max_0p81v_125c       0 
OAI22BB_X3M_A9PP140ZTL_C30             15     24.570      7841.303    sc9mcpp140z_cln28ht_base_lvt_c30_ssg_cworstt_max_0p81v_125c       0 
OAI22BB_X4M_A9PP140ZTL_C30              6     13.608      4259.682    sc9mcpp140z_cln28ht_base_lvt_c30_ssg_cworstt_max_0p81v_125c       0 
OAI22_X1M_A9PP140ZTL_C30                4      2.520       619.337    sc9mcpp140z_cln28ht_base_lvt_c30_ssg_cworstt_max_0p81v_125c       0 
OAI2XB1_X0P5M_A9PP140ZTL_C30            2      1.512       307.458    sc9mcpp140z_cln28ht_base_lvt_c30_ssg_cworstt_max_0p81v_125c       0 
OAI2XB1_X1M_A9PP140ZTL_C30             37     27.972      7199.620    sc9mcpp140z_cln28ht_base_lvt_c30_ssg_cworstt_max_0p81v_125c       0 
OAI2XB1_X2M_A9PP140ZTL_C30             59     66.906     21045.824    sc9mcpp140z_cln28ht_base_lvt_c30_ssg_cworstt_max_0p81v_125c       0 
OAI2XB1_X3M_A9PP140ZTL_C30              8     12.096      3921.031    sc9mcpp140z_cln28ht_base_lvt_c30_ssg_cworstt_max_0p81v_125c       0 
OAI2XB1_X4M_A9PP140ZTL_C30             12     24.192      8888.810    sc9mcpp140z_cln28ht_base_lvt_c30_ssg_cworstt_max_0p81v_125c       0 
OAI31_X1M_A9PP140ZTL_C30               36     22.680      4458.139    sc9mcpp140z_cln28ht_base_lvt_c30_ssg_cworstt_max_0p81v_125c       0 
OAI31_X3M_A9PP140ZTL_C30                2      3.276       810.343    sc9mcpp140z_cln28ht_base_lvt_c30_ssg_cworstt_max_0p81v_125c       0 
OR2_X0P5B_A9PP140ZTL_C30              125     63.000     23062.837    sc9mcpp140z_cln28ht_base_lvt_c30_ssg_cworstt_max_0p81v_125c       0 
OR2_X0P5M_A9PP140ZTL_C30                2      1.008       378.422    sc9mcpp140z_cln28ht_base_lvt_c30_ssg_cworstt_max_0p81v_125c       0 
OR2_X0P7B_A9PP140ZTL_C30                2      1.008       367.947    sc9mcpp140z_cln28ht_base_lvt_c30_ssg_cworstt_max_0p81v_125c       0 
OR2_X1B_A9PP140ZTL_C30                 23     11.592      6204.510    sc9mcpp140z_cln28ht_base_lvt_c30_ssg_cworstt_max_0p81v_125c       0 
OR2_X1M_A9PP140ZTL_C30                206    103.824     45152.447    sc9mcpp140z_cln28ht_base_lvt_c30_ssg_cworstt_max_0p81v_125c       0 
OR2_X1P4M_A9PP140ZTL_C30               26     16.380     10294.209    sc9mcpp140z_cln28ht_base_lvt_c30_ssg_cworstt_max_0p81v_125c       0 
OR2_X2M_A9PP140ZTL_C30                  3      1.890      1105.397    sc9mcpp140z_cln28ht_base_lvt_c30_ssg_cworstt_max_0p81v_125c       0 
OR2_X3M_A9PP140ZTL_C30                 26     26.208     15907.478    sc9mcpp140z_cln28ht_base_lvt_c30_ssg_cworstt_max_0p81v_125c       0 
OR2_X4M_A9PP140ZTL_C30                  7      7.938      5273.187    sc9mcpp140z_cln28ht_base_lvt_c30_ssg_cworstt_max_0p81v_125c       0 
OR2_X6M_A9PP140ZTL_C30                  3      5.670      3416.693    sc9mcpp140z_cln28ht_base_lvt_c30_ssg_cworstt_max_0p81v_125c       0 
OR4_X1M_A9PP140ZTL_C30                  6      6.048      2731.968    sc9mcpp140z_cln28ht_base_lvt_c30_ssg_cworstt_max_0p81v_125c       0 
OR4_X3M_A9PP140ZTL_C30                  2      4.032      1928.336    sc9mcpp140z_cln28ht_base_lvt_c30_ssg_cworstt_max_0p81v_125c       0 
XNOR2_X0P5M_A9PP140ZTL_C30            408    308.448     89676.279    sc9mcpp140z_cln28ht_base_lvt_c30_ssg_cworstt_max_0p81v_125c       0 
XNOR2_X0P7M_A9PP140ZTL_C30            191    144.396     46411.737    sc9mcpp140z_cln28ht_base_lvt_c30_ssg_cworstt_max_0p81v_125c       0 
XNOR2_X1M_A9PP140ZTL_C30                8      9.072      3943.153    sc9mcpp140z_cln28ht_base_lvt_c30_ssg_cworstt_max_0p81v_125c       0 
XNOR2_X2M_A9PP140ZTL_C30               12     18.144     11340.770    sc9mcpp140z_cln28ht_base_lvt_c30_ssg_cworstt_max_0p81v_125c       0 
XNOR2_X4M_A9PP140ZTL_C30               20     52.920     37889.729    sc9mcpp140z_cln28ht_base_lvt_c30_ssg_cworstt_max_0p81v_125c       0 
XNOR3_X0P5M_A9PP140ZTL_C30              2      3.024       983.673    sc9mcpp140z_cln28ht_base_lvt_c30_ssg_cworstt_max_0p81v_125c       0 
XNOR3_X1M_A9PP140ZTL_C30                4      7.560      3305.704    sc9mcpp140z_cln28ht_base_lvt_c30_ssg_cworstt_max_0p81v_125c       0 
XNOR3_X1P4M_A9PP140ZTL_C30              3      6.804      3917.767    sc9mcpp140z_cln28ht_base_lvt_c30_ssg_cworstt_max_0p81v_125c       0 
XNOR3_X2M_A9PP140ZTL_C30              100    226.800    130562.126    sc9mcpp140z_cln28ht_base_lvt_c30_ssg_cworstt_max_0p81v_125c       0 
XNOR3_X3M_A9PP140ZTL_C30              311    862.092    565558.187    sc9mcpp140z_cln28ht_base_lvt_c30_ssg_cworstt_max_0p81v_125c       0 
XOR2_X0P5M_A9PP140ZTL_C30             343    259.308     87751.511    sc9mcpp140z_cln28ht_base_lvt_c30_ssg_cworstt_max_0p81v_125c       0 
XOR2_X0P7M_A9PP140ZTL_C30              28     21.168      7766.790    sc9mcpp140z_cln28ht_base_lvt_c30_ssg_cworstt_max_0p81v_125c       0 
XOR2_X1M_A9PP140ZTL_C30                16     18.144      7932.635    sc9mcpp140z_cln28ht_base_lvt_c30_ssg_cworstt_max_0p81v_125c       0 
XOR2_X2M_A9PP140ZTL_C30                17     25.704     15998.015    sc9mcpp140z_cln28ht_base_lvt_c30_ssg_cworstt_max_0p81v_125c       0 
XOR2_X3M_A9PP140ZTL_C30                 9     18.144     11152.560    sc9mcpp140z_cln28ht_base_lvt_c30_ssg_cworstt_max_0p81v_125c       0 
XOR2_X4M_A9PP140ZTL_C30                10     26.460     19103.106    sc9mcpp140z_cln28ht_base_lvt_c30_ssg_cworstt_max_0p81v_125c       0 
XOR3_X0P7M_A9PP140ZTL_C30               4      6.048      2225.381    sc9mcpp140z_cln28ht_base_lvt_c30_ssg_cworstt_max_0p81v_125c       0 
XOR3_X1M_A9PP140ZTL_C30                 4      7.560      3347.171    sc9mcpp140z_cln28ht_base_lvt_c30_ssg_cworstt_max_0p81v_125c       0 
XOR3_X2M_A9PP140ZTL_C30                92    208.656    119922.502    sc9mcpp140z_cln28ht_base_lvt_c30_ssg_cworstt_max_0p81v_125c       0 
XOR3_X3M_A9PP140ZTL_C30               179    496.188    325187.483    sc9mcpp140z_cln28ht_base_lvt_c30_ssg_cworstt_max_0p81v_125c       0 
------------------------------------------------------------------------------------------------------------------------------------------
total                               24783  27010.998  11523378.938                                                                


                                             Leakage   Leakage 
     Type      Instances    Area   Area %  Power (nW)  Power % 
---------------------------------------------------------------
sequential          3588  9211.734   33.4  4214897.956    36.6 
inverter            4232  1558.368    5.6   802837.825     7.0 
buffer               438   362.502    1.3   261759.727     2.3 
logic              16525 15878.394   57.5  6243883.430    54.2 
physical_cells      1107   596.610    2.2        0.000     0.0 
---------------------------------------------------------------
total              25890 27607.608  100.0 11523378.938   100.0 

