 ------------------------------------------------------------------------------------------------------------------------------------------------------ 
| Snapshot                | WNS                  | TNS                  | Density (%) | Hotspot      | Resource               | DRVs       | Layer-OPT |
|                         | HEPG (ns) | ALL (ns) | HEPG (ns) | ALL (ns) |             | Max  | Total | Real (s) | Memory (MB) | Tran | Cap | M8        |
|-------------------------+-----------+----------+-----------+----------+-------------+------+-------+----------+-------------+------+-----+-----------|
| initial_summary         |    -0.024 |   -0.075 |           |     -126 |       88.72 |      |       | 0:00:04  |        5069 |    0 |   0 |           |
| route_type_refinement   |           |          |           |          |             |      |       | 0:00:01  |        5071 |      |     |        37 |
| simplify_netlist        |           |          |           |          |             |      |       | 0:00:03  |        5081 |      |     |           |
| excluded_clk_net_fixing |           |          |           |          |             |      |       | 0:00:00  |        5081 |      |     |           |
| global_opt              |           |   -0.058 |           |      -93 |       89.22 |      |       | 0:00:08  |        5281 |      |     |        37 |
| global_opt_2            |           |   -0.052 |           |      -80 |       89.84 |      |       | 0:00:16  |        5404 |      |     |        36 |
| area_reclaiming         |    -0.023 |   -0.051 |        -2 |      -82 |       87.23 |      |       | 0:00:08  |        5497 |      |     |        33 |
| wns_fixing              |    -0.005 |   -0.047 |        -0 |      -76 |       87.74 |      |       | 0:01:31  |        6287 |      |     |        36 |
| tns_fixing              |    -0.007 |   -0.051 |        -0 |      -51 |       92.17 |      |       | 0:01:12  |        6390 |      |     |        79 |
| area_reclaiming_2       |    -0.007 |   -0.044 |        -0 |      -51 |       91.00 |      |       | 0:00:09  |        5826 |      |     |        82 |
| area_reclaiming_3       |    -0.007 |   -0.041 |        -0 |      -55 |       88.61 |      |       | 0:00:08  |        5792 |      |     |        65 |
| local_wire_reclaim      |           |          |           |          |             |      |       | 0:00:18  |        5778 |      |     |           |
| global_route            |           |          |           |          |             | 0.00 |  0.00 | 0:00:02  |        5556 |      |     |           |
| route_type_refinement_2 |           |          |           |          |             |      |       | 0:00:00  |        5556 |      |     |        65 |
| drv_eco_fixing          |    -0.021 |   -0.045 |        -1 |      -50 |       88.61 |      |       | 0:00:03  |        5630 |    0 |   0 |        65 |
| wns_eco_fixing          |    -0.006 |   -0.040 |        -0 |      -51 |       89.89 |      |       | 0:00:18  |        6391 |      |     |        63 |
| tns_eco_fixing          |    -0.003 |   -0.043 |        -0 |      -54 |       89.90 |      |       | 0:00:33  |        6475 |      |     |        63 |
| tns_eco_fixing_2        |    -0.003 |   -0.043 |        -0 |      -54 |       89.90 |      |       | 0:00:05  |        6315 |      |     |        63 |
| final_summary           |    -0.004 |   -0.042 |           |      -48 |       89.90 | 0.00 |  0.00 | 0:00:03  |        5666 |    0 |   0 |           |
 ------------------------------------------------------------------------------------------------------------------------------------------------------ 
