============================================================
  Generated by:           Genus(TM) Synthesis Solution 23.10-p004_1
  Generated on:           Feb 27 2025  06:23:07 pm
  Module:                 pp_int_x4
  Library domain:         timing_cond_wcl_slow
    Domain index:         0
    Technology library:   sc9mcpp140z_cln28ht_base_lvt_c30_ssg_cworstt_max_0p81v_125c 1.0
  Library domain:         timing_cond_wcl_fast
    Domain index:         1
    Technology library:   sc9mcpp140z_cln28ht_base_lvt_c30_ffg_cbestt_min_0p99v_m40c 1.0
  Library domain:         timing_cond_wcl_typical
    Domain index:         2
    Technology library:   sc9mcpp140z_cln28ht_base_lvt_c30_tt_ctypical_max_0p90v_25c 1.0
  Operating conditions:   ssg_cworstt_max_0p81v_125c 
  Operating conditions:   ffg_cbestt_min_0p99v_m40c 
  Operating conditions:   tt_ctypical_max_0p90v_25c 
  Interconnect mode:      placement
  Area mode:              physical library
============================================================

Timing
--------

  Analysis view  Clock Period 
------------------------------
view_wcl_slow    clk    500.0 
view_wcl_fast    clk    500.0 
view_wcl_typical clk    500.0 


    Analysis       Cost   Critical             Violating 
      View        Group  Path Slack    TNS       Paths   
---------------------------------------------------------
view_wcl_slow        clk      -53.8 -296554.6      14874 
                 default   No paths       0.0          0 
---------------------------------------------------------
Total                               -296554.6      14874 
                                                         
view_wcl_fast        clk       -0.8     -10.4         13 
                 default   No paths       0.0          0 
---------------------------------------------------------
Total                                   -10.4         13 
                                                         
view_wcl_typical     clk      -22.6  -31648.0       5211 
                 default   No paths       0.0          0 
---------------------------------------------------------
Total                                -31648.0       5211 
                                                         

Instance Count
--------------
Leaf Instance Count             121765 
Physical Instance count           3022 
Sequential Instance Count        17792 
Combinational Instance Count    103973 
Hierarchical Instance Count          3 

Area
----
Cell Area                          118678.266
Physical Cell Area                 1725.444
Total Cell Area (Cell+Physical)    120403.710
Net Area                           31938.493
Total Area (Cell+Physical+Net)     152342.203

Floorplan Utilization              93.51%
Runtime                            1425.5303709999998 seconds
Elapsed Runtime                    4640 seconds
Genus peak memory usage            4269.00 
Innovus peak memory usage          6252.042969 
Hostname                           tc006.cm.cluster

Physical Data
-------------
Total Net Length                   638769.87 um
Average Net Length                 4.92 um
