============================================================
  Generated by:           Genus(TM) Synthesis Solution 23.10-p004_1
  Generated on:           Feb 28 2025  03:22:37 pm
  Module:                 pp_int_x4
  Library domain:         timing_cond_wcl_slow
    Domain index:         0
    Technology library:   sc9mcpp140z_cln28ht_base_lvt_c30_ssg_cworstt_max_0p81v_125c 1.0
  Library domain:         timing_cond_wcl_fast
    Domain index:         1
    Technology library:   sc9mcpp140z_cln28ht_base_lvt_c30_ffg_cbestt_min_0p99v_m40c 1.0
  Library domain:         timing_cond_wcl_typical
    Domain index:         2
    Technology library:   sc9mcpp140z_cln28ht_base_lvt_c30_tt_ctypical_max_0p90v_25c 1.0
  Operating conditions:   ssg_cworstt_max_0p81v_125c 
  Operating conditions:   ffg_cbestt_min_0p99v_m40c 
  Operating conditions:   tt_ctypical_max_0p90v_25c 
  Interconnect mode:      global
  Area mode:              physical library
============================================================

    Instance        Module     Cell-Count  Cell-Area  Net-Area   Total-Area 
----------------------------------------------------------------------------
pp_int_x4        NA                111017 126041.328 46390.042   172431.370 
  u_int_pp_0     int_pp_0           26994  30844.170 11281.521    42125.691 
  u_int_pp_1     int_pp_1           27313  30961.224 11376.710    42337.934 
  u_int_pp_2     int_pp_2           28533  32066.496 11861.213    43927.709 
  u_int_pp_3     int_pp_3           27036  30677.850 11281.987    41959.837 
  u_pp_int_x4_tc pp_int_x4_tc          13     16.254     3.506       19.760 
