============================================================
  Generated by:           Genus(TM) Synthesis Solution 23.10-p004_1
  Generated on:           Feb 28 2025  03:22:36 pm
  Module:                 pp_int_x4
  Library domain:         timing_cond_wcl_slow
    Domain index:         0
    Technology library:   sc9mcpp140z_cln28ht_base_lvt_c30_ssg_cworstt_max_0p81v_125c 1.0
  Library domain:         timing_cond_wcl_fast
    Domain index:         1
    Technology library:   sc9mcpp140z_cln28ht_base_lvt_c30_ffg_cbestt_min_0p99v_m40c 1.0
  Library domain:         timing_cond_wcl_typical
    Domain index:         2
    Technology library:   sc9mcpp140z_cln28ht_base_lvt_c30_tt_ctypical_max_0p90v_25c 1.0
  Operating conditions:   ssg_cworstt_max_0p81v_125c 
  Operating conditions:   ffg_cbestt_min_0p99v_m40c 
  Operating conditions:   tt_ctypical_max_0p90v_25c 
  Interconnect mode:      global
  Area mode:              physical library
============================================================

Timing
--------

  Analysis view  Clock Period 
------------------------------
view_wcl_slow    clk    500.0 
view_wcl_fast    clk    500.0 
view_wcl_typical clk    500.0 


    Analysis       Cost   Critical           Violating 
      View        Group  Path Slack   TNS      Paths   
-------------------------------------------------------
view_wcl_slow        clk      -31.3 -1433.9        135 
                 default   No paths     0.0          0 
-------------------------------------------------------
Total                               -1433.9        135 
                                                       
view_wcl_fast        clk        8.6     0.0          0 
                 default   No paths     0.0          0 
-------------------------------------------------------
Total                                  -0.0          0 
                                                       
view_wcl_typical     clk       -8.7  -147.6         25 
                 default   No paths     0.0          0 
-------------------------------------------------------
Total                                -147.6         25 
                                                       

Instance Count
--------------
Leaf Instance Count             111017 
Physical Instance count              0 
Sequential Instance Count        17792 
Combinational Instance Count     93225 
Hierarchical Instance Count          5 

Area
----
Cell Area                          126041.328
Physical Cell Area                 0.000
Total Cell Area (Cell+Physical)    126041.328
Net Area                           46390.042
Total Area (Cell+Physical+Net)     172431.370

Runtime                            873.186543 seconds
Elapsed Runtime                    8114 seconds
Genus peak memory usage            2793.88 
Innovus peak memory usage          no_value 
Hostname                           tc204.cm.cluster
