============================================================
  Generated by:           Genus(TM) Synthesis Solution 23.10-p004_1
  Generated on:           Feb 28 2025  03:44:59 pm
  Module:                 pp_int_x4
  Library domain:         timing_cond_wcl_slow
    Domain index:         0
    Technology library:   sc9mcpp140z_cln28ht_base_lvt_c30_ssg_cworstt_max_0p81v_125c 1.0
  Library domain:         timing_cond_wcl_fast
    Domain index:         1
    Technology library:   sc9mcpp140z_cln28ht_base_lvt_c30_ffg_cbestt_min_0p99v_m40c 1.0
  Library domain:         timing_cond_wcl_typical
    Domain index:         2
    Technology library:   sc9mcpp140z_cln28ht_base_lvt_c30_tt_ctypical_max_0p90v_25c 1.0
  Operating conditions:   ssg_cworstt_max_0p81v_125c 
  Operating conditions:   ffg_cbestt_min_0p99v_m40c 
  Operating conditions:   tt_ctypical_max_0p90v_25c 
  Interconnect mode:      global
  Area mode:              physical library
============================================================

                                                                                                                     Library 
             Gate               Instances     Area                                Library                             Domain 
-----------------------------------------------------------------------------------------------------------------------------
ADDF_X1M_A9PP140ZTL_C30              3166    6382.656    sc9mcpp140z_cln28ht_base_lvt_c30_ssg_cworstt_max_0p81v_125c       0 
ADDF_X1P4M_A9PP140ZTL_C30             773    1753.164    sc9mcpp140z_cln28ht_base_lvt_c30_ssg_cworstt_max_0p81v_125c       0 
ADDF_X2M_A9PP140ZTL_C30              1030    2336.040    sc9mcpp140z_cln28ht_base_lvt_c30_ssg_cworstt_max_0p81v_125c       0 
ADDH_X1M_A9PP140ZTL_C30               322     405.720    sc9mcpp140z_cln28ht_base_lvt_c30_ssg_cworstt_max_0p81v_125c       0 
ADDH_X1P4M_A9PP140ZTL_C30              21      31.752    sc9mcpp140z_cln28ht_base_lvt_c30_ssg_cworstt_max_0p81v_125c       0 
ADDH_X2M_A9PP140ZTL_C30                57      86.184    sc9mcpp140z_cln28ht_base_lvt_c30_ssg_cworstt_max_0p81v_125c       0 
AND2_X1B_A9PP140ZTL_C30                 3       1.512    sc9mcpp140z_cln28ht_base_lvt_c30_ssg_cworstt_max_0p81v_125c       0 
AND2_X1M_A9PP140ZTL_C30              2312    1165.248    sc9mcpp140z_cln28ht_base_lvt_c30_ssg_cworstt_max_0p81v_125c       0 
AND2_X1P4B_A9PP140ZTL_C30               2       1.260    sc9mcpp140z_cln28ht_base_lvt_c30_ssg_cworstt_max_0p81v_125c       0 
AND2_X1P4M_A9PP140ZTL_C30              69      43.470    sc9mcpp140z_cln28ht_base_lvt_c30_ssg_cworstt_max_0p81v_125c       0 
AND2_X2B_A9PP140ZTL_C30                 2       1.260    sc9mcpp140z_cln28ht_base_lvt_c30_ssg_cworstt_max_0p81v_125c       0 
AND2_X2M_A9PP140ZTL_C30                74      46.620    sc9mcpp140z_cln28ht_base_lvt_c30_ssg_cworstt_max_0p81v_125c       0 
AND2_X3B_A9PP140ZTL_C30                35      26.460    sc9mcpp140z_cln28ht_base_lvt_c30_ssg_cworstt_max_0p81v_125c       0 
AND2_X3M_A9PP140ZTL_C30                61      61.488    sc9mcpp140z_cln28ht_base_lvt_c30_ssg_cworstt_max_0p81v_125c       0 
AND2_X4B_A9PP140ZTL_C30                 3       3.402    sc9mcpp140z_cln28ht_base_lvt_c30_ssg_cworstt_max_0p81v_125c       0 
AND2_X4M_A9PP140ZTL_C30                 4       4.536    sc9mcpp140z_cln28ht_base_lvt_c30_ssg_cworstt_max_0p81v_125c       0 
AND2_X8M_A9PP140ZTL_C30                 1       2.394    sc9mcpp140z_cln28ht_base_lvt_c30_ssg_cworstt_max_0p81v_125c       0 
AND3_X0P5M_A9PP140ZTL_C30               1       0.630    sc9mcpp140z_cln28ht_base_lvt_c30_ssg_cworstt_max_0p81v_125c       0 
AND3_X1M_A9PP140ZTL_C30                 7       4.410    sc9mcpp140z_cln28ht_base_lvt_c30_ssg_cworstt_max_0p81v_125c       0 
AND3_X1P4M_A9PP140ZTL_C30               1       0.756    sc9mcpp140z_cln28ht_base_lvt_c30_ssg_cworstt_max_0p81v_125c       0 
AND3_X2M_A9PP140ZTL_C30                 2       1.512    sc9mcpp140z_cln28ht_base_lvt_c30_ssg_cworstt_max_0p81v_125c       0 
AND3_X8M_A9PP140ZTL_C30                 1       3.024    sc9mcpp140z_cln28ht_base_lvt_c30_ssg_cworstt_max_0p81v_125c       0 
AND4_X1M_A9PP140ZTL_C30                 4       3.024    sc9mcpp140z_cln28ht_base_lvt_c30_ssg_cworstt_max_0p81v_125c       0 
AO1B2_X0P7M_A9PP140ZTL_C30              2       1.260    sc9mcpp140z_cln28ht_base_lvt_c30_ssg_cworstt_max_0p81v_125c       0 
AO1B2_X1M_A9PP140ZTL_C30              652     410.760    sc9mcpp140z_cln28ht_base_lvt_c30_ssg_cworstt_max_0p81v_125c       0 
AO1B2_X1P4M_A9PP140ZTL_C30              4       3.528    sc9mcpp140z_cln28ht_base_lvt_c30_ssg_cworstt_max_0p81v_125c       0 
AO1B2_X2M_A9PP140ZTL_C30               40      35.280    sc9mcpp140z_cln28ht_base_lvt_c30_ssg_cworstt_max_0p81v_125c       0 
AO1B2_X3M_A9PP140ZTL_C30               40      55.440    sc9mcpp140z_cln28ht_base_lvt_c30_ssg_cworstt_max_0p81v_125c       0 
AO1B2_X4M_A9PP140ZTL_C30               17      27.846    sc9mcpp140z_cln28ht_base_lvt_c30_ssg_cworstt_max_0p81v_125c       0 
AO1B2_X6M_A9PP140ZTL_C30               11      26.334    sc9mcpp140z_cln28ht_base_lvt_c30_ssg_cworstt_max_0p81v_125c       0 
AO21A1AI2_X0P5M_A9PP140ZTL_C30          2       1.260    sc9mcpp140z_cln28ht_base_lvt_c30_ssg_cworstt_max_0p81v_125c       0 
AO21A1AI2_X1M_A9PP140ZTL_C30          163     102.690    sc9mcpp140z_cln28ht_base_lvt_c30_ssg_cworstt_max_0p81v_125c       0 
AO21A1AI2_X1P4M_A9PP140ZTL_C30          2       2.268    sc9mcpp140z_cln28ht_base_lvt_c30_ssg_cworstt_max_0p81v_125c       0 
AO21A1AI2_X2M_A9PP140ZTL_C30            5       5.670    sc9mcpp140z_cln28ht_base_lvt_c30_ssg_cworstt_max_0p81v_125c       0 
AO21A1AI2_X3M_A9PP140ZTL_C30           20      32.760    sc9mcpp140z_cln28ht_base_lvt_c30_ssg_cworstt_max_0p81v_125c       0 
AO21A1AI2_X4M_A9PP140ZTL_C30            2       4.284    sc9mcpp140z_cln28ht_base_lvt_c30_ssg_cworstt_max_0p81v_125c       0 
AO21B_X0P5M_A9PP140ZTL_C30              2       1.260    sc9mcpp140z_cln28ht_base_lvt_c30_ssg_cworstt_max_0p81v_125c       0 
AO21B_X1M_A9PP140ZTL_C30              373     234.990    sc9mcpp140z_cln28ht_base_lvt_c30_ssg_cworstt_max_0p81v_125c       0 
AO21B_X1P4M_A9PP140ZTL_C30              1       0.882    sc9mcpp140z_cln28ht_base_lvt_c30_ssg_cworstt_max_0p81v_125c       0 
AO21B_X2M_A9PP140ZTL_C30               54      47.628    sc9mcpp140z_cln28ht_base_lvt_c30_ssg_cworstt_max_0p81v_125c       0 
AO21B_X3M_A9PP140ZTL_C30               22      30.492    sc9mcpp140z_cln28ht_base_lvt_c30_ssg_cworstt_max_0p81v_125c       0 
AO21B_X4M_A9PP140ZTL_C30               27      44.226    sc9mcpp140z_cln28ht_base_lvt_c30_ssg_cworstt_max_0p81v_125c       0 
AO21B_X6M_A9PP140ZTL_C30                7      16.758    sc9mcpp140z_cln28ht_base_lvt_c30_ssg_cworstt_max_0p81v_125c       0 
AO21_X1M_A9PP140ZTL_C30               352     266.112    sc9mcpp140z_cln28ht_base_lvt_c30_ssg_cworstt_max_0p81v_125c       0 
AO21_X1P4M_A9PP140ZTL_C30               9       7.938    sc9mcpp140z_cln28ht_base_lvt_c30_ssg_cworstt_max_0p81v_125c       0 
AO21_X2M_A9PP140ZTL_C30                10       8.820    sc9mcpp140z_cln28ht_base_lvt_c30_ssg_cworstt_max_0p81v_125c       0 
AO21_X3M_A9PP140ZTL_C30                16      22.176    sc9mcpp140z_cln28ht_base_lvt_c30_ssg_cworstt_max_0p81v_125c       0 
AO21_X6M_A9PP140ZTL_C30                 3       7.560    sc9mcpp140z_cln28ht_base_lvt_c30_ssg_cworstt_max_0p81v_125c       0 
AO22_X1M_A9PP140ZTL_C30                56      49.392    sc9mcpp140z_cln28ht_base_lvt_c30_ssg_cworstt_max_0p81v_125c       0 
AOI211_X0P5M_A9PP140ZTL_C30            12       7.560    sc9mcpp140z_cln28ht_base_lvt_c30_ssg_cworstt_max_0p81v_125c       0 
AOI211_X0P7M_A9PP140ZTL_C30            12       7.560    sc9mcpp140z_cln28ht_base_lvt_c30_ssg_cworstt_max_0p81v_125c       0 
AOI211_X1M_A9PP140ZTL_C30             155      97.650    sc9mcpp140z_cln28ht_base_lvt_c30_ssg_cworstt_max_0p81v_125c       0 
AOI211_X2M_A9PP140ZTL_C30               4       4.536    sc9mcpp140z_cln28ht_base_lvt_c30_ssg_cworstt_max_0p81v_125c       0 
AOI211_X3M_A9PP140ZTL_C30               2       3.276    sc9mcpp140z_cln28ht_base_lvt_c30_ssg_cworstt_max_0p81v_125c       0 
AOI211_X4M_A9PP140ZTL_C30              14      29.988    sc9mcpp140z_cln28ht_base_lvt_c30_ssg_cworstt_max_0p81v_125c       0 
AOI21B_X0P7M_A9PP140ZTL_C30            30      22.680    sc9mcpp140z_cln28ht_base_lvt_c30_ssg_cworstt_max_0p81v_125c       0 
AOI21B_X1M_A9PP140ZTL_C30              53      40.068    sc9mcpp140z_cln28ht_base_lvt_c30_ssg_cworstt_max_0p81v_125c       0 
AOI21B_X1P4M_A9PP140ZTL_C30            10      11.340    sc9mcpp140z_cln28ht_base_lvt_c30_ssg_cworstt_max_0p81v_125c       0 
AOI21B_X2M_A9PP140ZTL_C30              54      61.236    sc9mcpp140z_cln28ht_base_lvt_c30_ssg_cworstt_max_0p81v_125c       0 
AOI21B_X3M_A9PP140ZTL_C30              11      16.632    sc9mcpp140z_cln28ht_base_lvt_c30_ssg_cworstt_max_0p81v_125c       0 
AOI21B_X4M_A9PP140ZTL_C30              10      18.900    sc9mcpp140z_cln28ht_base_lvt_c30_ssg_cworstt_max_0p81v_125c       0 
AOI21_X0P5M_A9PP140ZTL_C30             19       9.576    sc9mcpp140z_cln28ht_base_lvt_c30_ssg_cworstt_max_0p81v_125c       0 
AOI21_X0P7M_A9PP140ZTL_C30             11       5.544    sc9mcpp140z_cln28ht_base_lvt_c30_ssg_cworstt_max_0p81v_125c       0 
AOI21_X1M_A9PP140ZTL_C30             1825     919.800    sc9mcpp140z_cln28ht_base_lvt_c30_ssg_cworstt_max_0p81v_125c       0 
AOI21_X1P4M_A9PP140ZTL_C30             91      80.262    sc9mcpp140z_cln28ht_base_lvt_c30_ssg_cworstt_max_0p81v_125c       0 
AOI21_X2M_A9PP140ZTL_C30              922     813.204    sc9mcpp140z_cln28ht_base_lvt_c30_ssg_cworstt_max_0p81v_125c       0 
AOI21_X3M_A9PP140ZTL_C30              365     459.900    sc9mcpp140z_cln28ht_base_lvt_c30_ssg_cworstt_max_0p81v_125c       0 
AOI21_X4M_A9PP140ZTL_C30              408     668.304    sc9mcpp140z_cln28ht_base_lvt_c30_ssg_cworstt_max_0p81v_125c       0 
AOI21_X6M_A9PP140ZTL_C30               64     153.216    sc9mcpp140z_cln28ht_base_lvt_c30_ssg_cworstt_max_0p81v_125c       0 
AOI21_X8M_A9PP140ZTL_C30                8      25.200    sc9mcpp140z_cln28ht_base_lvt_c30_ssg_cworstt_max_0p81v_125c       0 
AOI22BB_X1M_A9PP140ZTL_C30             48      42.336    sc9mcpp140z_cln28ht_base_lvt_c30_ssg_cworstt_max_0p81v_125c       0 
AOI22BB_X2M_A9PP140ZTL_C30             71      89.460    sc9mcpp140z_cln28ht_base_lvt_c30_ssg_cworstt_max_0p81v_125c       0 
AOI22BB_X3M_A9PP140ZTL_C30              6      11.340    sc9mcpp140z_cln28ht_base_lvt_c30_ssg_cworstt_max_0p81v_125c       0 
AOI22_X2M_A9PP140ZTL_C30                2       2.268    sc9mcpp140z_cln28ht_base_lvt_c30_ssg_cworstt_max_0p81v_125c       0 
AOI22_X3M_A9PP140ZTL_C30                1       1.638    sc9mcpp140z_cln28ht_base_lvt_c30_ssg_cworstt_max_0p81v_125c       0 
AOI22_X4M_A9PP140ZTL_C30                1       2.142    sc9mcpp140z_cln28ht_base_lvt_c30_ssg_cworstt_max_0p81v_125c       0 
AOI22_X6M_A9PP140ZTL_C30                1       3.150    sc9mcpp140z_cln28ht_base_lvt_c30_ssg_cworstt_max_0p81v_125c       0 
AOI22_X8M_A9PP140ZTL_C30                1       4.158    sc9mcpp140z_cln28ht_base_lvt_c30_ssg_cworstt_max_0p81v_125c       0 
AOI2XB1_X0P7M_A9PP140ZTL_C30            1       0.756    sc9mcpp140z_cln28ht_base_lvt_c30_ssg_cworstt_max_0p81v_125c       0 
AOI2XB1_X1M_A9PP140ZTL_C30            804     607.824    sc9mcpp140z_cln28ht_base_lvt_c30_ssg_cworstt_max_0p81v_125c       0 
AOI2XB1_X2M_A9PP140ZTL_C30             99     112.266    sc9mcpp140z_cln28ht_base_lvt_c30_ssg_cworstt_max_0p81v_125c       0 
AOI2XB1_X3M_A9PP140ZTL_C30             29      43.848    sc9mcpp140z_cln28ht_base_lvt_c30_ssg_cworstt_max_0p81v_125c       0 
AOI2XB1_X4M_A9PP140ZTL_C30             24      48.384    sc9mcpp140z_cln28ht_base_lvt_c30_ssg_cworstt_max_0p81v_125c       0 
AOI2XB1_X6M_A9PP140ZTL_C30              6      16.632    sc9mcpp140z_cln28ht_base_lvt_c30_ssg_cworstt_max_0p81v_125c       0 
AOI2XB1_X8M_A9PP140ZTL_C30              1       3.654    sc9mcpp140z_cln28ht_base_lvt_c30_ssg_cworstt_max_0p81v_125c       0 
AOI31_X0P5M_A9PP140ZTL_C30              3       1.890    sc9mcpp140z_cln28ht_base_lvt_c30_ssg_cworstt_max_0p81v_125c       0 
AOI31_X1M_A9PP140ZTL_C30               58      36.540    sc9mcpp140z_cln28ht_base_lvt_c30_ssg_cworstt_max_0p81v_125c       0 
AOI31_X1P4M_A9PP140ZTL_C30             14      15.876    sc9mcpp140z_cln28ht_base_lvt_c30_ssg_cworstt_max_0p81v_125c       0 
AOI31_X2M_A9PP140ZTL_C30                3       3.780    sc9mcpp140z_cln28ht_base_lvt_c30_ssg_cworstt_max_0p81v_125c       0 
AOI31_X3M_A9PP140ZTL_C30               13      21.294    sc9mcpp140z_cln28ht_base_lvt_c30_ssg_cworstt_max_0p81v_125c       0 
AOI31_X4M_A9PP140ZTL_C30               11      23.562    sc9mcpp140z_cln28ht_base_lvt_c30_ssg_cworstt_max_0p81v_125c       0 
AOI31_X6M_A9PP140ZTL_C30                6      18.900    sc9mcpp140z_cln28ht_base_lvt_c30_ssg_cworstt_max_0p81v_125c       0 
BUFH_X11M_A9PP140ZTL_C30                1       2.520    sc9mcpp140z_cln28ht_base_lvt_c30_ssg_cworstt_max_0p81v_125c       0 
BUFH_X1M_A9PP140ZTL_C30               124      46.872    sc9mcpp140z_cln28ht_base_lvt_c30_ssg_cworstt_max_0p81v_125c       0 
BUFH_X1P2M_A9PP140ZTL_C30              15       7.560    sc9mcpp140z_cln28ht_base_lvt_c30_ssg_cworstt_max_0p81v_125c       0 
BUFH_X1P4M_A9PP140ZTL_C30               4       2.016    sc9mcpp140z_cln28ht_base_lvt_c30_ssg_cworstt_max_0p81v_125c       0 
BUFH_X1P7M_A9PP140ZTL_C30              47      23.688    sc9mcpp140z_cln28ht_base_lvt_c30_ssg_cworstt_max_0p81v_125c       0 
BUFH_X2M_A9PP140ZTL_C30                20      10.080    sc9mcpp140z_cln28ht_base_lvt_c30_ssg_cworstt_max_0p81v_125c       0 
BUFH_X3M_A9PP140ZTL_C30                69      52.164    sc9mcpp140z_cln28ht_base_lvt_c30_ssg_cworstt_max_0p81v_125c       0 
BUFH_X3P5M_A9PP140ZTL_C30              10       8.820    sc9mcpp140z_cln28ht_base_lvt_c30_ssg_cworstt_max_0p81v_125c       0 
BUFH_X4M_A9PP140ZTL_C30                 4       3.528    sc9mcpp140z_cln28ht_base_lvt_c30_ssg_cworstt_max_0p81v_125c       0 
BUFH_X5M_A9PP140ZTL_C30                 2       2.268    sc9mcpp140z_cln28ht_base_lvt_c30_ssg_cworstt_max_0p81v_125c       0 
BUFH_X6M_A9PP140ZTL_C30                11      15.246    sc9mcpp140z_cln28ht_base_lvt_c30_ssg_cworstt_max_0p81v_125c       0 
BUFH_X7P5M_A9PP140ZTL_C30               2       3.528    sc9mcpp140z_cln28ht_base_lvt_c30_ssg_cworstt_max_0p81v_125c       0 
BUF_X0P7B_A9PP140ZTL_C30               35      13.230    sc9mcpp140z_cln28ht_base_lvt_c30_ssg_cworstt_max_0p81v_125c       0 
BUF_X0P8B_A9PP140ZTL_C30                4       1.512    sc9mcpp140z_cln28ht_base_lvt_c30_ssg_cworstt_max_0p81v_125c       0 
BUF_X13M_A9PP140ZTL_C30                 1       2.394    sc9mcpp140z_cln28ht_base_lvt_c30_ssg_cworstt_max_0p81v_125c       0 
BUF_X16M_A9PP140ZTL_C30                 2       5.796    sc9mcpp140z_cln28ht_base_lvt_c30_ssg_cworstt_max_0p81v_125c       0 
BUF_X1B_A9PP140ZTL_C30                  6       2.268    sc9mcpp140z_cln28ht_base_lvt_c30_ssg_cworstt_max_0p81v_125c       0 
BUF_X1M_A9PP140ZTL_C30                 20       7.560    sc9mcpp140z_cln28ht_base_lvt_c30_ssg_cworstt_max_0p81v_125c       0 
BUF_X1P4M_A9PP140ZTL_C30                1       0.504    sc9mcpp140z_cln28ht_base_lvt_c30_ssg_cworstt_max_0p81v_125c       0 
BUF_X2M_A9PP140ZTL_C30                  1       0.504    sc9mcpp140z_cln28ht_base_lvt_c30_ssg_cworstt_max_0p81v_125c       0 
BUF_X2P5B_A9PP140ZTL_C30                4       2.520    sc9mcpp140z_cln28ht_base_lvt_c30_ssg_cworstt_max_0p81v_125c       0 
BUF_X4B_A9PP140ZTL_C30                  8       7.056    sc9mcpp140z_cln28ht_base_lvt_c30_ssg_cworstt_max_0p81v_125c       0 
BUF_X4M_A9PP140ZTL_C30                 34      29.988    sc9mcpp140z_cln28ht_base_lvt_c30_ssg_cworstt_max_0p81v_125c       0 
BUF_X5M_A9PP140ZTL_C30                 23      23.184    sc9mcpp140z_cln28ht_base_lvt_c30_ssg_cworstt_max_0p81v_125c       0 
BUF_X6M_A9PP140ZTL_C30                 22      24.948    sc9mcpp140z_cln28ht_base_lvt_c30_ssg_cworstt_max_0p81v_125c       0 
CGENCIN_X1M_A9PP140ZTL_C30             37      79.254    sc9mcpp140z_cln28ht_base_lvt_c30_ssg_cworstt_max_0p81v_125c       0 
CGENCIN_X1P4M_A9PP140ZTL_C30           27      71.442    sc9mcpp140z_cln28ht_base_lvt_c30_ssg_cworstt_max_0p81v_125c       0 
CGENCIN_X2M_A9PP140ZTL_C30              1       2.898    sc9mcpp140z_cln28ht_base_lvt_c30_ssg_cworstt_max_0p81v_125c       0 
CGENI_X1M_A9PP140ZTL_C30             1040     786.240    sc9mcpp140z_cln28ht_base_lvt_c30_ssg_cworstt_max_0p81v_125c       0 
CGENI_X1P4M_A9PP140ZTL_C30            130     180.180    sc9mcpp140z_cln28ht_base_lvt_c30_ssg_cworstt_max_0p81v_125c       0 
CGENI_X2M_A9PP140ZTL_C30               77     106.722    sc9mcpp140z_cln28ht_base_lvt_c30_ssg_cworstt_max_0p81v_125c       0 
CGEN_X1M_A9PP140ZTL_C30              2423    2137.086    sc9mcpp140z_cln28ht_base_lvt_c30_ssg_cworstt_max_0p81v_125c       0 
CGEN_X1P4M_A9PP140ZTL_C30             270     272.160    sc9mcpp140z_cln28ht_base_lvt_c30_ssg_cworstt_max_0p81v_125c       0 
CGEN_X2M_A9PP140ZTL_C30               404     407.232    sc9mcpp140z_cln28ht_base_lvt_c30_ssg_cworstt_max_0p81v_125c       0 
DFFRPQA_X1M_A9PP140ZTL_C30            350     749.700    sc9mcpp140z_cln28ht_base_lvt_c30_ssg_cworstt_max_0p81v_125c       0 
DFFRPQNA_X1M_A9PP140ZTL_C30           159     320.544    sc9mcpp140z_cln28ht_base_lvt_c30_ssg_cworstt_max_0p81v_125c       0 
DFFRPQN_X1M_A9PP140ZTL_C30              3       7.182    sc9mcpp140z_cln28ht_base_lvt_c30_ssg_cworstt_max_0p81v_125c       0 
DFFRPQN_X3M_A9PP140ZTL_C30              1       2.646    sc9mcpp140z_cln28ht_base_lvt_c30_ssg_cworstt_max_0p81v_125c       0 
DFFRPQ_X2M_A9PP140ZTL_C30              31      82.026    sc9mcpp140z_cln28ht_base_lvt_c30_ssg_cworstt_max_0p81v_125c       0 
DFFRPQ_X3M_A9PP140ZTL_C30             194     537.768    sc9mcpp140z_cln28ht_base_lvt_c30_ssg_cworstt_max_0p81v_125c       0 
DFFRPQ_X4M_A9PP140ZTL_C30             554    1675.296    sc9mcpp140z_cln28ht_base_lvt_c30_ssg_cworstt_max_0p81v_125c       0 
DFFSQNA_X1M_A9PP140ZTL_C30              1       2.016    sc9mcpp140z_cln28ht_base_lvt_c30_ssg_cworstt_max_0p81v_125c       0 
INV_X0P5M_A9PP140ZTL_C30                3       0.756    sc9mcpp140z_cln28ht_base_lvt_c30_ssg_cworstt_max_0p81v_125c       0 
INV_X0P6B_A9PP140ZTL_C30               53      13.356    sc9mcpp140z_cln28ht_base_lvt_c30_ssg_cworstt_max_0p81v_125c       0 
INV_X0P6M_A9PP140ZTL_C30                1       0.252    sc9mcpp140z_cln28ht_base_lvt_c30_ssg_cworstt_max_0p81v_125c       0 
INV_X0P7B_A9PP140ZTL_C30                2       0.504    sc9mcpp140z_cln28ht_base_lvt_c30_ssg_cworstt_max_0p81v_125c       0 
INV_X0P7M_A9PP140ZTL_C30              217      54.684    sc9mcpp140z_cln28ht_base_lvt_c30_ssg_cworstt_max_0p81v_125c       0 
INV_X0P8B_A9PP140ZTL_C30               25       6.300    sc9mcpp140z_cln28ht_base_lvt_c30_ssg_cworstt_max_0p81v_125c       0 
INV_X0P8M_A9PP140ZTL_C30             1542     388.584    sc9mcpp140z_cln28ht_base_lvt_c30_ssg_cworstt_max_0p81v_125c       0 
INV_X11B_A9PP140ZTL_C30                 3       4.536    sc9mcpp140z_cln28ht_base_lvt_c30_ssg_cworstt_max_0p81v_125c       0 
INV_X11M_A9PP140ZTL_C30                13      21.294    sc9mcpp140z_cln28ht_base_lvt_c30_ssg_cworstt_max_0p81v_125c       0 
INV_X13M_A9PP140ZTL_C30                17      32.130    sc9mcpp140z_cln28ht_base_lvt_c30_ssg_cworstt_max_0p81v_125c       0 
INV_X16B_A9PP140ZTL_C30                 2       4.536    sc9mcpp140z_cln28ht_base_lvt_c30_ssg_cworstt_max_0p81v_125c       0 
INV_X16M_A9PP140ZTL_C30                35      79.380    sc9mcpp140z_cln28ht_base_lvt_c30_ssg_cworstt_max_0p81v_125c       0 
INV_X1B_A9PP140ZTL_C30                 12       3.024    sc9mcpp140z_cln28ht_base_lvt_c30_ssg_cworstt_max_0p81v_125c       0 
INV_X1M_A9PP140ZTL_C30               4254    1072.008    sc9mcpp140z_cln28ht_base_lvt_c30_ssg_cworstt_max_0p81v_125c       0 
INV_X1P2M_A9PP140ZTL_C30                1       0.378    sc9mcpp140z_cln28ht_base_lvt_c30_ssg_cworstt_max_0p81v_125c       0 
INV_X1P4B_A9PP140ZTL_C30                5       1.890    sc9mcpp140z_cln28ht_base_lvt_c30_ssg_cworstt_max_0p81v_125c       0 
INV_X1P4M_A9PP140ZTL_C30               83      31.374    sc9mcpp140z_cln28ht_base_lvt_c30_ssg_cworstt_max_0p81v_125c       0 
INV_X1P7B_A9PP140ZTL_C30               32      12.096    sc9mcpp140z_cln28ht_base_lvt_c30_ssg_cworstt_max_0p81v_125c       0 
INV_X1P7M_A9PP140ZTL_C30              333     125.874    sc9mcpp140z_cln28ht_base_lvt_c30_ssg_cworstt_max_0p81v_125c       0 
INV_X2B_A9PP140ZTL_C30                104      39.312    sc9mcpp140z_cln28ht_base_lvt_c30_ssg_cworstt_max_0p81v_125c       0 
INV_X2M_A9PP140ZTL_C30               1372     518.616    sc9mcpp140z_cln28ht_base_lvt_c30_ssg_cworstt_max_0p81v_125c       0 
INV_X2P5B_A9PP140ZTL_C30               13       6.552    sc9mcpp140z_cln28ht_base_lvt_c30_ssg_cworstt_max_0p81v_125c       0 
INV_X2P5M_A9PP140ZTL_C30               92      46.368    sc9mcpp140z_cln28ht_base_lvt_c30_ssg_cworstt_max_0p81v_125c       0 
INV_X3B_A9PP140ZTL_C30                105      52.920    sc9mcpp140z_cln28ht_base_lvt_c30_ssg_cworstt_max_0p81v_125c       0 
INV_X3M_A9PP140ZTL_C30                681     343.224    sc9mcpp140z_cln28ht_base_lvt_c30_ssg_cworstt_max_0p81v_125c       0 
INV_X3P5B_A9PP140ZTL_C30               43      27.090    sc9mcpp140z_cln28ht_base_lvt_c30_ssg_cworstt_max_0p81v_125c       0 
INV_X3P5M_A9PP140ZTL_C30              117      73.710    sc9mcpp140z_cln28ht_base_lvt_c30_ssg_cworstt_max_0p81v_125c       0 
INV_X4B_A9PP140ZTL_C30                 38      23.940    sc9mcpp140z_cln28ht_base_lvt_c30_ssg_cworstt_max_0p81v_125c       0 
INV_X4M_A9PP140ZTL_C30                316     199.080    sc9mcpp140z_cln28ht_base_lvt_c30_ssg_cworstt_max_0p81v_125c       0 
INV_X5B_A9PP140ZTL_C30                 38      28.728    sc9mcpp140z_cln28ht_base_lvt_c30_ssg_cworstt_max_0p81v_125c       0 
INV_X5M_A9PP140ZTL_C30                101      76.356    sc9mcpp140z_cln28ht_base_lvt_c30_ssg_cworstt_max_0p81v_125c       0 
INV_X6B_A9PP140ZTL_C30                 42      37.044    sc9mcpp140z_cln28ht_base_lvt_c30_ssg_cworstt_max_0p81v_125c       0 
INV_X6M_A9PP140ZTL_C30                 61      53.802    sc9mcpp140z_cln28ht_base_lvt_c30_ssg_cworstt_max_0p81v_125c       0 
INV_X7P5B_A9PP140ZTL_C30               18      20.412    sc9mcpp140z_cln28ht_base_lvt_c30_ssg_cworstt_max_0p81v_125c       0 
INV_X7P5M_A9PP140ZTL_C30               22      24.948    sc9mcpp140z_cln28ht_base_lvt_c30_ssg_cworstt_max_0p81v_125c       0 
INV_X9M_A9PP140ZTL_C30                  5       6.300    sc9mcpp140z_cln28ht_base_lvt_c30_ssg_cworstt_max_0p81v_125c       0 
MX2_X0P5B_A9PP140ZTL_C30                7       7.938    sc9mcpp140z_cln28ht_base_lvt_c30_ssg_cworstt_max_0p81v_125c       0 
MX2_X0P7B_A9PP140ZTL_C30                2       2.268    sc9mcpp140z_cln28ht_base_lvt_c30_ssg_cworstt_max_0p81v_125c       0 
MX2_X1B_A9PP140ZTL_C30                  3       3.402    sc9mcpp140z_cln28ht_base_lvt_c30_ssg_cworstt_max_0p81v_125c       0 
MX2_X4B_A9PP140ZTL_C30                  2       4.788    sc9mcpp140z_cln28ht_base_lvt_c30_ssg_cworstt_max_0p81v_125c       0 
MXIT2_X0P5M_A9PP140ZTL_C30              9       7.938    sc9mcpp140z_cln28ht_base_lvt_c30_ssg_cworstt_max_0p81v_125c       0 
MXIT2_X0P7M_A9PP140ZTL_C30              6       5.292    sc9mcpp140z_cln28ht_base_lvt_c30_ssg_cworstt_max_0p81v_125c       0 
MXIT2_X1M_A9PP140ZTL_C30              626     552.132    sc9mcpp140z_cln28ht_base_lvt_c30_ssg_cworstt_max_0p81v_125c       0 
MXIT2_X1P4M_A9PP140ZTL_C30            679     855.540    sc9mcpp140z_cln28ht_base_lvt_c30_ssg_cworstt_max_0p81v_125c       0 
MXIT2_X2M_A9PP140ZTL_C30               90     136.080    sc9mcpp140z_cln28ht_base_lvt_c30_ssg_cworstt_max_0p81v_125c       0 
MXIT2_X3M_A9PP140ZTL_C30              115     202.860    sc9mcpp140z_cln28ht_base_lvt_c30_ssg_cworstt_max_0p81v_125c       0 
MXIT2_X4M_A9PP140ZTL_C30              105     251.370    sc9mcpp140z_cln28ht_base_lvt_c30_ssg_cworstt_max_0p81v_125c       0 
MXT2_X0P5B_A9PP140ZTL_C30            1090     961.380    sc9mcpp140z_cln28ht_base_lvt_c30_ssg_cworstt_max_0p81v_125c       0 
MXT2_X0P5M_A9PP140ZTL_C30               1       1.008    sc9mcpp140z_cln28ht_base_lvt_c30_ssg_cworstt_max_0p81v_125c       0 
MXT2_X0P7B_A9PP140ZTL_C30               8       8.064    sc9mcpp140z_cln28ht_base_lvt_c30_ssg_cworstt_max_0p81v_125c       0 
MXT2_X2M_A9PP140ZTL_C30                90     102.060    sc9mcpp140z_cln28ht_base_lvt_c30_ssg_cworstt_max_0p81v_125c       0 
MXT2_X3B_A9PP140ZTL_C30                 2       3.780    sc9mcpp140z_cln28ht_base_lvt_c30_ssg_cworstt_max_0p81v_125c       0 
MXT2_X3M_A9PP140ZTL_C30                33      62.370    sc9mcpp140z_cln28ht_base_lvt_c30_ssg_cworstt_max_0p81v_125c       0 
MXT2_X4M_A9PP140ZTL_C30                 3       6.048    sc9mcpp140z_cln28ht_base_lvt_c30_ssg_cworstt_max_0p81v_125c       0 
NAND2B_X0P5M_A9PP140ZTL_C30             6       3.024    sc9mcpp140z_cln28ht_base_lvt_c30_ssg_cworstt_max_0p81v_125c       0 
NAND2B_X0P7M_A9PP140ZTL_C30            96      48.384    sc9mcpp140z_cln28ht_base_lvt_c30_ssg_cworstt_max_0p81v_125c       0 
NAND2B_X1M_A9PP140ZTL_C30            4678    2357.712    sc9mcpp140z_cln28ht_base_lvt_c30_ssg_cworstt_max_0p81v_125c       0 
NAND2B_X1P4M_A9PP140ZTL_C30            10       7.560    sc9mcpp140z_cln28ht_base_lvt_c30_ssg_cworstt_max_0p81v_125c       0 
NAND2B_X2M_A9PP140ZTL_C30             155     117.180    sc9mcpp140z_cln28ht_base_lvt_c30_ssg_cworstt_max_0p81v_125c       0 
NAND2B_X3M_A9PP140ZTL_C30              26      26.208    sc9mcpp140z_cln28ht_base_lvt_c30_ssg_cworstt_max_0p81v_125c       0 
NAND2B_X4M_A9PP140ZTL_C30               7       8.820    sc9mcpp140z_cln28ht_base_lvt_c30_ssg_cworstt_max_0p81v_125c       0 
NAND2B_X6M_A9PP140ZTL_C30               4       7.560    sc9mcpp140z_cln28ht_base_lvt_c30_ssg_cworstt_max_0p81v_125c       0 
NAND2B_X8M_A9PP140ZTL_C30               1       2.394    sc9mcpp140z_cln28ht_base_lvt_c30_ssg_cworstt_max_0p81v_125c       0 
NAND2XB_X0P7M_A9PP140ZTL_C30            1       0.504    sc9mcpp140z_cln28ht_base_lvt_c30_ssg_cworstt_max_0p81v_125c       0 
NAND2XB_X1M_A9PP140ZTL_C30            407     205.128    sc9mcpp140z_cln28ht_base_lvt_c30_ssg_cworstt_max_0p81v_125c       0 
NAND2XB_X1P4M_A9PP140ZTL_C30            9       6.804    sc9mcpp140z_cln28ht_base_lvt_c30_ssg_cworstt_max_0p81v_125c       0 
NAND2XB_X2M_A9PP140ZTL_C30            260     196.560    sc9mcpp140z_cln28ht_base_lvt_c30_ssg_cworstt_max_0p81v_125c       0 
NAND2XB_X3M_A9PP140ZTL_C30            116     116.928    sc9mcpp140z_cln28ht_base_lvt_c30_ssg_cworstt_max_0p81v_125c       0 
NAND2XB_X4M_A9PP140ZTL_C30            107     134.820    sc9mcpp140z_cln28ht_base_lvt_c30_ssg_cworstt_max_0p81v_125c       0 
NAND2XB_X6M_A9PP140ZTL_C30             20      37.800    sc9mcpp140z_cln28ht_base_lvt_c30_ssg_cworstt_max_0p81v_125c       0 
NAND2XB_X8M_A9PP140ZTL_C30              3       7.182    sc9mcpp140z_cln28ht_base_lvt_c30_ssg_cworstt_max_0p81v_125c       0 
NAND2_X0P5M_A9PP140ZTL_C30             16       6.048    sc9mcpp140z_cln28ht_base_lvt_c30_ssg_cworstt_max_0p81v_125c       0 
NAND2_X0P7A_A9PP140ZTL_C30              4       1.512    sc9mcpp140z_cln28ht_base_lvt_c30_ssg_cworstt_max_0p81v_125c       0 
NAND2_X0P7M_A9PP140ZTL_C30             23       8.694    sc9mcpp140z_cln28ht_base_lvt_c30_ssg_cworstt_max_0p81v_125c       0 
NAND2_X1A_A9PP140ZTL_C30             2589     978.642    sc9mcpp140z_cln28ht_base_lvt_c30_ssg_cworstt_max_0p81v_125c       0 
NAND2_X1B_A9PP140ZTL_C30             2274     859.572    sc9mcpp140z_cln28ht_base_lvt_c30_ssg_cworstt_max_0p81v_125c       0 
NAND2_X1M_A9PP140ZTL_C30             2193     828.954    sc9mcpp140z_cln28ht_base_lvt_c30_ssg_cworstt_max_0p81v_125c       0 
NAND2_X1P4A_A9PP140ZTL_C30              9       5.670    sc9mcpp140z_cln28ht_base_lvt_c30_ssg_cworstt_max_0p81v_125c       0 
NAND2_X1P4B_A9PP140ZTL_C30              3       1.890    sc9mcpp140z_cln28ht_base_lvt_c30_ssg_cworstt_max_0p81v_125c       0 
NAND2_X1P4M_A9PP140ZTL_C30             19      11.970    sc9mcpp140z_cln28ht_base_lvt_c30_ssg_cworstt_max_0p81v_125c       0 
NAND2_X2A_A9PP140ZTL_C30              304     191.520    sc9mcpp140z_cln28ht_base_lvt_c30_ssg_cworstt_max_0p81v_125c       0 
NAND2_X2B_A9PP140ZTL_C30              423     266.490    sc9mcpp140z_cln28ht_base_lvt_c30_ssg_cworstt_max_0p81v_125c       0 
NAND2_X2M_A9PP140ZTL_C30              317     199.710    sc9mcpp140z_cln28ht_base_lvt_c30_ssg_cworstt_max_0p81v_125c       0 
NAND2_X3A_A9PP140ZTL_C30               68      59.976    sc9mcpp140z_cln28ht_base_lvt_c30_ssg_cworstt_max_0p81v_125c       0 
NAND2_X3B_A9PP140ZTL_C30               87      76.734    sc9mcpp140z_cln28ht_base_lvt_c30_ssg_cworstt_max_0p81v_125c       0 
NAND2_X3M_A9PP140ZTL_C30              112      98.784    sc9mcpp140z_cln28ht_base_lvt_c30_ssg_cworstt_max_0p81v_125c       0 
NAND2_X4A_A9PP140ZTL_C30               55      62.370    sc9mcpp140z_cln28ht_base_lvt_c30_ssg_cworstt_max_0p81v_125c       0 
NAND2_X4B_A9PP140ZTL_C30               26      29.484    sc9mcpp140z_cln28ht_base_lvt_c30_ssg_cworstt_max_0p81v_125c       0 
NAND2_X4M_A9PP140ZTL_C30              140     158.760    sc9mcpp140z_cln28ht_base_lvt_c30_ssg_cworstt_max_0p81v_125c       0 
NAND2_X6A_A9PP140ZTL_C30                8      13.104    sc9mcpp140z_cln28ht_base_lvt_c30_ssg_cworstt_max_0p81v_125c       0 
NAND2_X6B_A9PP140ZTL_C30                6       9.828    sc9mcpp140z_cln28ht_base_lvt_c30_ssg_cworstt_max_0p81v_125c       0 
NAND2_X6M_A9PP140ZTL_C30               15      24.570    sc9mcpp140z_cln28ht_base_lvt_c30_ssg_cworstt_max_0p81v_125c       0 
NAND2_X8A_A9PP140ZTL_C30                6      12.852    sc9mcpp140z_cln28ht_base_lvt_c30_ssg_cworstt_max_0p81v_125c       0 
NAND2_X8B_A9PP140ZTL_C30                5      10.710    sc9mcpp140z_cln28ht_base_lvt_c30_ssg_cworstt_max_0p81v_125c       0 
NAND2_X8M_A9PP140ZTL_C30               12      25.704    sc9mcpp140z_cln28ht_base_lvt_c30_ssg_cworstt_max_0p81v_125c       0 
NAND3BB_X1M_A9PP140ZTL_C30            144      90.720    sc9mcpp140z_cln28ht_base_lvt_c30_ssg_cworstt_max_0p81v_125c       0 
NAND3BB_X2M_A9PP140ZTL_C30             32      28.224    sc9mcpp140z_cln28ht_base_lvt_c30_ssg_cworstt_max_0p81v_125c       0 
NAND3BB_X3M_A9PP140ZTL_C30             38      52.668    sc9mcpp140z_cln28ht_base_lvt_c30_ssg_cworstt_max_0p81v_125c       0 
NAND3BB_X4M_A9PP140ZTL_C30             20      32.760    sc9mcpp140z_cln28ht_base_lvt_c30_ssg_cworstt_max_0p81v_125c       0 
NAND3BB_X6M_A9PP140ZTL_C30              7      18.522    sc9mcpp140z_cln28ht_base_lvt_c30_ssg_cworstt_max_0p81v_125c       0 
NAND3BB_X8M_A9PP140ZTL_C30              1       3.402    sc9mcpp140z_cln28ht_base_lvt_c30_ssg_cworstt_max_0p81v_125c       0 
NAND3B_X1M_A9PP140ZTL_C30              76      47.880    sc9mcpp140z_cln28ht_base_lvt_c30_ssg_cworstt_max_0p81v_125c       0 
NAND3B_X3M_A9PP140ZTL_C30               4       5.544    sc9mcpp140z_cln28ht_base_lvt_c30_ssg_cworstt_max_0p81v_125c       0 
NAND3XXB_X1M_A9PP140ZTL_C30            69      43.470    sc9mcpp140z_cln28ht_base_lvt_c30_ssg_cworstt_max_0p81v_125c       0 
NAND3XXB_X1P4M_A9PP140ZTL_C30           1       1.134    sc9mcpp140z_cln28ht_base_lvt_c30_ssg_cworstt_max_0p81v_125c       0 
NAND3XXB_X3M_A9PP140ZTL_C30             3       4.158    sc9mcpp140z_cln28ht_base_lvt_c30_ssg_cworstt_max_0p81v_125c       0 
NAND3XXB_X6M_A9PP140ZTL_C30             2       5.544    sc9mcpp140z_cln28ht_base_lvt_c30_ssg_cworstt_max_0p81v_125c       0 
NAND3_X0P5M_A9PP140ZTL_C30              2       1.008    sc9mcpp140z_cln28ht_base_lvt_c30_ssg_cworstt_max_0p81v_125c       0 
NAND3_X0P7M_A9PP140ZTL_C30              1       0.504    sc9mcpp140z_cln28ht_base_lvt_c30_ssg_cworstt_max_0p81v_125c       0 
NAND3_X1A_A9PP140ZTL_C30               16       8.064    sc9mcpp140z_cln28ht_base_lvt_c30_ssg_cworstt_max_0p81v_125c       0 
NAND3_X1M_A9PP140ZTL_C30               10       5.040    sc9mcpp140z_cln28ht_base_lvt_c30_ssg_cworstt_max_0p81v_125c       0 
NAND3_X2A_A9PP140ZTL_C30                7       6.174    sc9mcpp140z_cln28ht_base_lvt_c30_ssg_cworstt_max_0p81v_125c       0 
NAND3_X2M_A9PP140ZTL_C30                6       5.292    sc9mcpp140z_cln28ht_base_lvt_c30_ssg_cworstt_max_0p81v_125c       0 
NAND3_X3A_A9PP140ZTL_C30                1       1.260    sc9mcpp140z_cln28ht_base_lvt_c30_ssg_cworstt_max_0p81v_125c       0 
NAND3_X3M_A9PP140ZTL_C30               16      20.160    sc9mcpp140z_cln28ht_base_lvt_c30_ssg_cworstt_max_0p81v_125c       0 
NAND3_X4A_A9PP140ZTL_C30                3       4.914    sc9mcpp140z_cln28ht_base_lvt_c30_ssg_cworstt_max_0p81v_125c       0 
NAND3_X4M_A9PP140ZTL_C30                7      11.466    sc9mcpp140z_cln28ht_base_lvt_c30_ssg_cworstt_max_0p81v_125c       0 
NAND3_X6M_A9PP140ZTL_C30                7      16.758    sc9mcpp140z_cln28ht_base_lvt_c30_ssg_cworstt_max_0p81v_125c       0 
NAND4BB_X1M_A9PP140ZTL_C30              8       6.048    sc9mcpp140z_cln28ht_base_lvt_c30_ssg_cworstt_max_0p81v_125c       0 
NAND4BB_X2M_A9PP140ZTL_C30              4       5.040    sc9mcpp140z_cln28ht_base_lvt_c30_ssg_cworstt_max_0p81v_125c       0 
NAND4BB_X3M_A9PP140ZTL_C30             11      19.404    sc9mcpp140z_cln28ht_base_lvt_c30_ssg_cworstt_max_0p81v_125c       0 
NAND4BB_X4M_A9PP140ZTL_C30              4       9.072    sc9mcpp140z_cln28ht_base_lvt_c30_ssg_cworstt_max_0p81v_125c       0 
NAND4BB_X6M_A9PP140ZTL_C30              1       3.528    sc9mcpp140z_cln28ht_base_lvt_c30_ssg_cworstt_max_0p81v_125c       0 
NAND4B_X1M_A9PP140ZTL_C30               2       1.512    sc9mcpp140z_cln28ht_base_lvt_c30_ssg_cworstt_max_0p81v_125c       0 
NAND4XXXB_X0P7M_A9PP140ZTL_C30          1       0.756    sc9mcpp140z_cln28ht_base_lvt_c30_ssg_cworstt_max_0p81v_125c       0 
NAND4XXXB_X1M_A9PP140ZTL_C30            2       1.512    sc9mcpp140z_cln28ht_base_lvt_c30_ssg_cworstt_max_0p81v_125c       0 
NAND4XXXB_X1P4M_A9PP140ZTL_C30          1       1.386    sc9mcpp140z_cln28ht_base_lvt_c30_ssg_cworstt_max_0p81v_125c       0 
NAND4_X1M_A9PP140ZTL_C30                6       3.780    sc9mcpp140z_cln28ht_base_lvt_c30_ssg_cworstt_max_0p81v_125c       0 
NAND4_X2M_A9PP140ZTL_C30                2       2.268    sc9mcpp140z_cln28ht_base_lvt_c30_ssg_cworstt_max_0p81v_125c       0 
NOR2B_X0P5M_A9PP140ZTL_C30             18       9.072    sc9mcpp140z_cln28ht_base_lvt_c30_ssg_cworstt_max_0p81v_125c       0 
NOR2B_X0P7M_A9PP140ZTL_C30             37      18.648    sc9mcpp140z_cln28ht_base_lvt_c30_ssg_cworstt_max_0p81v_125c       0 
NOR2B_X1M_A9PP140ZTL_C30             2628    1324.512    sc9mcpp140z_cln28ht_base_lvt_c30_ssg_cworstt_max_0p81v_125c       0 
NOR2B_X1P4M_A9PP140ZTL_C30             15      11.340    sc9mcpp140z_cln28ht_base_lvt_c30_ssg_cworstt_max_0p81v_125c       0 
NOR2B_X2M_A9PP140ZTL_C30               81      61.236    sc9mcpp140z_cln28ht_base_lvt_c30_ssg_cworstt_max_0p81v_125c       0 
NOR2B_X3M_A9PP140ZTL_C30               38      38.304    sc9mcpp140z_cln28ht_base_lvt_c30_ssg_cworstt_max_0p81v_125c       0 
NOR2B_X4M_A9PP140ZTL_C30                7       8.820    sc9mcpp140z_cln28ht_base_lvt_c30_ssg_cworstt_max_0p81v_125c       0 
NOR2B_X6M_A9PP140ZTL_C30                5       9.450    sc9mcpp140z_cln28ht_base_lvt_c30_ssg_cworstt_max_0p81v_125c       0 
NOR2XB_X0P7M_A9PP140ZTL_C30             4       2.016    sc9mcpp140z_cln28ht_base_lvt_c30_ssg_cworstt_max_0p81v_125c       0 
NOR2XB_X1M_A9PP140ZTL_C30             401     202.104    sc9mcpp140z_cln28ht_base_lvt_c30_ssg_cworstt_max_0p81v_125c       0 
NOR2XB_X1P4M_A9PP140ZTL_C30             2       1.512    sc9mcpp140z_cln28ht_base_lvt_c30_ssg_cworstt_max_0p81v_125c       0 
NOR2XB_X2M_A9PP140ZTL_C30             236     178.416    sc9mcpp140z_cln28ht_base_lvt_c30_ssg_cworstt_max_0p81v_125c       0 
NOR2XB_X3M_A9PP140ZTL_C30              81      81.648    sc9mcpp140z_cln28ht_base_lvt_c30_ssg_cworstt_max_0p81v_125c       0 
NOR2XB_X4M_A9PP140ZTL_C30              43      54.180    sc9mcpp140z_cln28ht_base_lvt_c30_ssg_cworstt_max_0p81v_125c       0 
NOR2XB_X6M_A9PP140ZTL_C30              13      24.570    sc9mcpp140z_cln28ht_base_lvt_c30_ssg_cworstt_max_0p81v_125c       0 
NOR2XB_X8M_A9PP140ZTL_C30               2       4.788    sc9mcpp140z_cln28ht_base_lvt_c30_ssg_cworstt_max_0p81v_125c       0 
NOR2_X0P7A_A9PP140ZTL_C30               1       0.378    sc9mcpp140z_cln28ht_base_lvt_c30_ssg_cworstt_max_0p81v_125c       0 
NOR2_X0P7B_A9PP140ZTL_C30               3       1.134    sc9mcpp140z_cln28ht_base_lvt_c30_ssg_cworstt_max_0p81v_125c       0 
NOR2_X0P7M_A9PP140ZTL_C30               5       1.890    sc9mcpp140z_cln28ht_base_lvt_c30_ssg_cworstt_max_0p81v_125c       0 
NOR2_X1A_A9PP140ZTL_C30              4664    1762.992    sc9mcpp140z_cln28ht_base_lvt_c30_ssg_cworstt_max_0p81v_125c       0 
NOR2_X1B_A9PP140ZTL_C30               293     110.754    sc9mcpp140z_cln28ht_base_lvt_c30_ssg_cworstt_max_0p81v_125c       0 
NOR2_X1M_A9PP140ZTL_C30              2443     923.454    sc9mcpp140z_cln28ht_base_lvt_c30_ssg_cworstt_max_0p81v_125c       0 
NOR2_X1P4A_A9PP140ZTL_C30              17      10.710    sc9mcpp140z_cln28ht_base_lvt_c30_ssg_cworstt_max_0p81v_125c       0 
NOR2_X1P4B_A9PP140ZTL_C30               5       3.150    sc9mcpp140z_cln28ht_base_lvt_c30_ssg_cworstt_max_0p81v_125c       0 
NOR2_X2A_A9PP140ZTL_C30              1145     721.350    sc9mcpp140z_cln28ht_base_lvt_c30_ssg_cworstt_max_0p81v_125c       0 
NOR2_X2B_A9PP140ZTL_C30                32      20.160    sc9mcpp140z_cln28ht_base_lvt_c30_ssg_cworstt_max_0p81v_125c       0 
NOR2_X2M_A9PP140ZTL_C30               124      78.120    sc9mcpp140z_cln28ht_base_lvt_c30_ssg_cworstt_max_0p81v_125c       0 
NOR2_X3A_A9PP140ZTL_C30               319     281.358    sc9mcpp140z_cln28ht_base_lvt_c30_ssg_cworstt_max_0p81v_125c       0 
NOR2_X3B_A9PP140ZTL_C30                14      12.348    sc9mcpp140z_cln28ht_base_lvt_c30_ssg_cworstt_max_0p81v_125c       0 
NOR2_X3M_A9PP140ZTL_C30                52      45.864    sc9mcpp140z_cln28ht_base_lvt_c30_ssg_cworstt_max_0p81v_125c       0 
NOR2_X4A_A9PP140ZTL_C30               181     205.254    sc9mcpp140z_cln28ht_base_lvt_c30_ssg_cworstt_max_0p81v_125c       0 
NOR2_X4B_A9PP140ZTL_C30                27      30.618    sc9mcpp140z_cln28ht_base_lvt_c30_ssg_cworstt_max_0p81v_125c       0 
NOR2_X4M_A9PP140ZTL_C30                72      81.648    sc9mcpp140z_cln28ht_base_lvt_c30_ssg_cworstt_max_0p81v_125c       0 
NOR2_X6A_A9PP140ZTL_C30                25      40.950    sc9mcpp140z_cln28ht_base_lvt_c30_ssg_cworstt_max_0p81v_125c       0 
NOR2_X6B_A9PP140ZTL_C30                 3       4.914    sc9mcpp140z_cln28ht_base_lvt_c30_ssg_cworstt_max_0p81v_125c       0 
NOR2_X6M_A9PP140ZTL_C30                 8      13.104    sc9mcpp140z_cln28ht_base_lvt_c30_ssg_cworstt_max_0p81v_125c       0 
NOR2_X8A_A9PP140ZTL_C30                21      44.982    sc9mcpp140z_cln28ht_base_lvt_c30_ssg_cworstt_max_0p81v_125c       0 
NOR2_X8M_A9PP140ZTL_C30                 1       2.142    sc9mcpp140z_cln28ht_base_lvt_c30_ssg_cworstt_max_0p81v_125c       0 
NOR3BB_X0P7M_A9PP140ZTL_C30            16      10.080    sc9mcpp140z_cln28ht_base_lvt_c30_ssg_cworstt_max_0p81v_125c       0 
NOR3BB_X1M_A9PP140ZTL_C30             143      90.090    sc9mcpp140z_cln28ht_base_lvt_c30_ssg_cworstt_max_0p81v_125c       0 
NOR3BB_X1P4M_A9PP140ZTL_C30            21      18.522    sc9mcpp140z_cln28ht_base_lvt_c30_ssg_cworstt_max_0p81v_125c       0 
NOR3BB_X2M_A9PP140ZTL_C30               7       6.174    sc9mcpp140z_cln28ht_base_lvt_c30_ssg_cworstt_max_0p81v_125c       0 
NOR3BB_X3M_A9PP140ZTL_C30              26      36.036    sc9mcpp140z_cln28ht_base_lvt_c30_ssg_cworstt_max_0p81v_125c       0 
NOR3BB_X4M_A9PP140ZTL_C30               3       4.914    sc9mcpp140z_cln28ht_base_lvt_c30_ssg_cworstt_max_0p81v_125c       0 
NOR3BB_X6M_A9PP140ZTL_C30               2       4.284    sc9mcpp140z_cln28ht_base_lvt_c30_ssg_cworstt_max_0p81v_125c       0 
NOR3_X0P7A_A9PP140ZTL_C30               1       0.504    sc9mcpp140z_cln28ht_base_lvt_c30_ssg_cworstt_max_0p81v_125c       0 
NOR3_X0P7M_A9PP140ZTL_C30               2       1.008    sc9mcpp140z_cln28ht_base_lvt_c30_ssg_cworstt_max_0p81v_125c       0 
NOR3_X1A_A9PP140ZTL_C30               132      66.528    sc9mcpp140z_cln28ht_base_lvt_c30_ssg_cworstt_max_0p81v_125c       0 
NOR3_X1M_A9PP140ZTL_C30               101      50.904    sc9mcpp140z_cln28ht_base_lvt_c30_ssg_cworstt_max_0p81v_125c       0 
NOR3_X1P4A_A9PP140ZTL_C30               1       0.882    sc9mcpp140z_cln28ht_base_lvt_c30_ssg_cworstt_max_0p81v_125c       0 
NOR3_X2A_A9PP140ZTL_C30                 5       4.410    sc9mcpp140z_cln28ht_base_lvt_c30_ssg_cworstt_max_0p81v_125c       0 
NOR3_X2M_A9PP140ZTL_C30                 3       2.646    sc9mcpp140z_cln28ht_base_lvt_c30_ssg_cworstt_max_0p81v_125c       0 
NOR3_X3A_A9PP140ZTL_C30                10      12.600    sc9mcpp140z_cln28ht_base_lvt_c30_ssg_cworstt_max_0p81v_125c       0 
NOR3_X3M_A9PP140ZTL_C30                 4       5.040    sc9mcpp140z_cln28ht_base_lvt_c30_ssg_cworstt_max_0p81v_125c       0 
NOR3_X4A_A9PP140ZTL_C30                17      27.846    sc9mcpp140z_cln28ht_base_lvt_c30_ssg_cworstt_max_0p81v_125c       0 
NOR4BB_X1M_A9PP140ZTL_C30              87      65.772    sc9mcpp140z_cln28ht_base_lvt_c30_ssg_cworstt_max_0p81v_125c       0 
NOR4BB_X1P4M_A9PP140ZTL_C30             1       1.260    sc9mcpp140z_cln28ht_base_lvt_c30_ssg_cworstt_max_0p81v_125c       0 
NOR4BB_X2M_A9PP140ZTL_C30              12      15.120    sc9mcpp140z_cln28ht_base_lvt_c30_ssg_cworstt_max_0p81v_125c       0 
NOR4BB_X3M_A9PP140ZTL_C30              10      17.640    sc9mcpp140z_cln28ht_base_lvt_c30_ssg_cworstt_max_0p81v_125c       0 
NOR4BB_X4M_A9PP140ZTL_C30               5      11.340    sc9mcpp140z_cln28ht_base_lvt_c30_ssg_cworstt_max_0p81v_125c       0 
OA1B2_X0P7M_A9PP140ZTL_C30              2       1.260    sc9mcpp140z_cln28ht_base_lvt_c30_ssg_cworstt_max_0p81v_125c       0 
OA1B2_X1M_A9PP140ZTL_C30              192     120.960    sc9mcpp140z_cln28ht_base_lvt_c30_ssg_cworstt_max_0p81v_125c       0 
OA1B2_X1P4M_A9PP140ZTL_C30             32      28.224    sc9mcpp140z_cln28ht_base_lvt_c30_ssg_cworstt_max_0p81v_125c       0 
OA1B2_X2M_A9PP140ZTL_C30               19      21.546    sc9mcpp140z_cln28ht_base_lvt_c30_ssg_cworstt_max_0p81v_125c       0 
OA1B2_X3M_A9PP140ZTL_C30                5       6.930    sc9mcpp140z_cln28ht_base_lvt_c30_ssg_cworstt_max_0p81v_125c       0 
OA1B2_X4M_A9PP140ZTL_C30                9      14.742    sc9mcpp140z_cln28ht_base_lvt_c30_ssg_cworstt_max_0p81v_125c       0 
OA1B2_X6M_A9PP140ZTL_C30                4      10.584    sc9mcpp140z_cln28ht_base_lvt_c30_ssg_cworstt_max_0p81v_125c       0 
OA1B2_X8M_A9PP140ZTL_C30                2       6.804    sc9mcpp140z_cln28ht_base_lvt_c30_ssg_cworstt_max_0p81v_125c       0 
OA211_X0P7M_A9PP140ZTL_C30              1       0.882    sc9mcpp140z_cln28ht_base_lvt_c30_ssg_cworstt_max_0p81v_125c       0 
OA211_X1P4M_A9PP140ZTL_C30              1       1.008    sc9mcpp140z_cln28ht_base_lvt_c30_ssg_cworstt_max_0p81v_125c       0 
OA21A1OI2_X0P7M_A9PP140ZTL_C30          2       1.260    sc9mcpp140z_cln28ht_base_lvt_c30_ssg_cworstt_max_0p81v_125c       0 
OA21A1OI2_X1M_A9PP140ZTL_C30           76      47.880    sc9mcpp140z_cln28ht_base_lvt_c30_ssg_cworstt_max_0p81v_125c       0 
OA21A1OI2_X1P4M_A9PP140ZTL_C30          2       2.268    sc9mcpp140z_cln28ht_base_lvt_c30_ssg_cworstt_max_0p81v_125c       0 
OA21A1OI2_X2M_A9PP140ZTL_C30           54      61.236    sc9mcpp140z_cln28ht_base_lvt_c30_ssg_cworstt_max_0p81v_125c       0 
OA21A1OI2_X3M_A9PP140ZTL_C30           37      60.606    sc9mcpp140z_cln28ht_base_lvt_c30_ssg_cworstt_max_0p81v_125c       0 
OA21A1OI2_X4M_A9PP140ZTL_C30            6      12.852    sc9mcpp140z_cln28ht_base_lvt_c30_ssg_cworstt_max_0p81v_125c       0 
OA21A1OI2_X6M_A9PP140ZTL_C30            1       3.150    sc9mcpp140z_cln28ht_base_lvt_c30_ssg_cworstt_max_0p81v_125c       0 
OA21B_X0P5M_A9PP140ZTL_C30              2       1.260    sc9mcpp140z_cln28ht_base_lvt_c30_ssg_cworstt_max_0p81v_125c       0 
OA21B_X0P7M_A9PP140ZTL_C30              6       3.780    sc9mcpp140z_cln28ht_base_lvt_c30_ssg_cworstt_max_0p81v_125c       0 
OA21B_X1M_A9PP140ZTL_C30               97      61.110    sc9mcpp140z_cln28ht_base_lvt_c30_ssg_cworstt_max_0p81v_125c       0 
OA21B_X1P4M_A9PP140ZTL_C30             37      32.634    sc9mcpp140z_cln28ht_base_lvt_c30_ssg_cworstt_max_0p81v_125c       0 
OA21B_X2M_A9PP140ZTL_C30               21      23.814    sc9mcpp140z_cln28ht_base_lvt_c30_ssg_cworstt_max_0p81v_125c       0 
OA21B_X3M_A9PP140ZTL_C30               34      47.124    sc9mcpp140z_cln28ht_base_lvt_c30_ssg_cworstt_max_0p81v_125c       0 
OA21B_X4M_A9PP140ZTL_C30               37      60.606    sc9mcpp140z_cln28ht_base_lvt_c30_ssg_cworstt_max_0p81v_125c       0 
OA21B_X6M_A9PP140ZTL_C30                3       7.938    sc9mcpp140z_cln28ht_base_lvt_c30_ssg_cworstt_max_0p81v_125c       0 
OA21B_X8M_A9PP140ZTL_C30                2       6.804    sc9mcpp140z_cln28ht_base_lvt_c30_ssg_cworstt_max_0p81v_125c       0 
OA21_X0P5M_A9PP140ZTL_C30               6       4.536    sc9mcpp140z_cln28ht_base_lvt_c30_ssg_cworstt_max_0p81v_125c       0 
OA21_X0P7M_A9PP140ZTL_C30               3       2.268    sc9mcpp140z_cln28ht_base_lvt_c30_ssg_cworstt_max_0p81v_125c       0 
OA21_X1M_A9PP140ZTL_C30               266     201.096    sc9mcpp140z_cln28ht_base_lvt_c30_ssg_cworstt_max_0p81v_125c       0 
OA21_X1P4M_A9PP140ZTL_C30              12      10.584    sc9mcpp140z_cln28ht_base_lvt_c30_ssg_cworstt_max_0p81v_125c       0 
OA21_X2M_A9PP140ZTL_C30                16      14.112    sc9mcpp140z_cln28ht_base_lvt_c30_ssg_cworstt_max_0p81v_125c       0 
OA21_X3M_A9PP140ZTL_C30                31      42.966    sc9mcpp140z_cln28ht_base_lvt_c30_ssg_cworstt_max_0p81v_125c       0 
OA21_X6M_A9PP140ZTL_C30                 5      12.600    sc9mcpp140z_cln28ht_base_lvt_c30_ssg_cworstt_max_0p81v_125c       0 
OA22_X1M_A9PP140ZTL_C30                 8       7.056    sc9mcpp140z_cln28ht_base_lvt_c30_ssg_cworstt_max_0p81v_125c       0 
OA22_X2M_A9PP140ZTL_C30                 2       2.016    sc9mcpp140z_cln28ht_base_lvt_c30_ssg_cworstt_max_0p81v_125c       0 
OAI211_X0P5M_A9PP140ZTL_C30             1       0.630    sc9mcpp140z_cln28ht_base_lvt_c30_ssg_cworstt_max_0p81v_125c       0 
OAI211_X0P7M_A9PP140ZTL_C30             1       0.630    sc9mcpp140z_cln28ht_base_lvt_c30_ssg_cworstt_max_0p81v_125c       0 
OAI211_X1M_A9PP140ZTL_C30              24      15.120    sc9mcpp140z_cln28ht_base_lvt_c30_ssg_cworstt_max_0p81v_125c       0 
OAI211_X1P4M_A9PP140ZTL_C30             5       5.670    sc9mcpp140z_cln28ht_base_lvt_c30_ssg_cworstt_max_0p81v_125c       0 
OAI211_X2M_A9PP140ZTL_C30               8       9.072    sc9mcpp140z_cln28ht_base_lvt_c30_ssg_cworstt_max_0p81v_125c       0 
OAI211_X3M_A9PP140ZTL_C30              13      21.294    sc9mcpp140z_cln28ht_base_lvt_c30_ssg_cworstt_max_0p81v_125c       0 
OAI211_X4M_A9PP140ZTL_C30              14      29.988    sc9mcpp140z_cln28ht_base_lvt_c30_ssg_cworstt_max_0p81v_125c       0 
OAI21B_X1M_A9PP140ZTL_C30             197     148.932    sc9mcpp140z_cln28ht_base_lvt_c30_ssg_cworstt_max_0p81v_125c       0 
OAI21B_X2M_A9PP140ZTL_C30              56      63.504    sc9mcpp140z_cln28ht_base_lvt_c30_ssg_cworstt_max_0p81v_125c       0 
OAI21B_X3M_A9PP140ZTL_C30              32      48.384    sc9mcpp140z_cln28ht_base_lvt_c30_ssg_cworstt_max_0p81v_125c       0 
OAI21B_X4M_A9PP140ZTL_C30              43      81.270    sc9mcpp140z_cln28ht_base_lvt_c30_ssg_cworstt_max_0p81v_125c       0 
OAI21B_X6M_A9PP140ZTL_C30               9      24.948    sc9mcpp140z_cln28ht_base_lvt_c30_ssg_cworstt_max_0p81v_125c       0 
OAI21_X0P5M_A9PP140ZTL_C30             14       7.056    sc9mcpp140z_cln28ht_base_lvt_c30_ssg_cworstt_max_0p81v_125c       0 
OAI21_X0P7M_A9PP140ZTL_C30             16       8.064    sc9mcpp140z_cln28ht_base_lvt_c30_ssg_cworstt_max_0p81v_125c       0 
OAI21_X1M_A9PP140ZTL_C30             2666    1343.664    sc9mcpp140z_cln28ht_base_lvt_c30_ssg_cworstt_max_0p81v_125c       0 
OAI21_X1P4M_A9PP140ZTL_C30             54      47.628    sc9mcpp140z_cln28ht_base_lvt_c30_ssg_cworstt_max_0p81v_125c       0 
OAI21_X2M_A9PP140ZTL_C30              929     819.378    sc9mcpp140z_cln28ht_base_lvt_c30_ssg_cworstt_max_0p81v_125c       0 
OAI21_X3M_A9PP140ZTL_C30              378     476.280    sc9mcpp140z_cln28ht_base_lvt_c30_ssg_cworstt_max_0p81v_125c       0 
OAI21_X4M_A9PP140ZTL_C30              269     440.622    sc9mcpp140z_cln28ht_base_lvt_c30_ssg_cworstt_max_0p81v_125c       0 
OAI21_X6M_A9PP140ZTL_C30               42     100.548    sc9mcpp140z_cln28ht_base_lvt_c30_ssg_cworstt_max_0p81v_125c       0 
OAI21_X8M_A9PP140ZTL_C30                9      28.350    sc9mcpp140z_cln28ht_base_lvt_c30_ssg_cworstt_max_0p81v_125c       0 
OAI22BB_X1M_A9PP140ZTL_C30            198     174.636    sc9mcpp140z_cln28ht_base_lvt_c30_ssg_cworstt_max_0p81v_125c       0 
OAI22BB_X1P4M_A9PP140ZTL_C30            1       1.260    sc9mcpp140z_cln28ht_base_lvt_c30_ssg_cworstt_max_0p81v_125c       0 
OAI22BB_X2M_A9PP140ZTL_C30            131     165.060    sc9mcpp140z_cln28ht_base_lvt_c30_ssg_cworstt_max_0p81v_125c       0 
OAI22BB_X3M_A9PP140ZTL_C30              7      11.466    sc9mcpp140z_cln28ht_base_lvt_c30_ssg_cworstt_max_0p81v_125c       0 
OAI22BB_X4M_A9PP140ZTL_C30              7      15.876    sc9mcpp140z_cln28ht_base_lvt_c30_ssg_cworstt_max_0p81v_125c       0 
OAI22_X1M_A9PP140ZTL_C30               11       6.930    sc9mcpp140z_cln28ht_base_lvt_c30_ssg_cworstt_max_0p81v_125c       0 
OAI22_X1P4M_A9PP140ZTL_C30              2       2.268    sc9mcpp140z_cln28ht_base_lvt_c30_ssg_cworstt_max_0p81v_125c       0 
OAI22_X2M_A9PP140ZTL_C30                5       5.670    sc9mcpp140z_cln28ht_base_lvt_c30_ssg_cworstt_max_0p81v_125c       0 
OAI22_X6M_A9PP140ZTL_C30                1       3.150    sc9mcpp140z_cln28ht_base_lvt_c30_ssg_cworstt_max_0p81v_125c       0 
OAI2XB1_X1M_A9PP140ZTL_C30            577     436.212    sc9mcpp140z_cln28ht_base_lvt_c30_ssg_cworstt_max_0p81v_125c       0 
OAI2XB1_X2M_A9PP140ZTL_C30            160     181.440    sc9mcpp140z_cln28ht_base_lvt_c30_ssg_cworstt_max_0p81v_125c       0 
OAI2XB1_X3M_A9PP140ZTL_C30             46      69.552    sc9mcpp140z_cln28ht_base_lvt_c30_ssg_cworstt_max_0p81v_125c       0 
OAI2XB1_X4M_A9PP140ZTL_C30             83     167.328    sc9mcpp140z_cln28ht_base_lvt_c30_ssg_cworstt_max_0p81v_125c       0 
OAI2XB1_X6M_A9PP140ZTL_C30             16      44.352    sc9mcpp140z_cln28ht_base_lvt_c30_ssg_cworstt_max_0p81v_125c       0 
OAI31_X1M_A9PP140ZTL_C30              476     299.880    sc9mcpp140z_cln28ht_base_lvt_c30_ssg_cworstt_max_0p81v_125c       0 
OAI31_X1P4M_A9PP140ZTL_C30             22      24.948    sc9mcpp140z_cln28ht_base_lvt_c30_ssg_cworstt_max_0p81v_125c       0 
OAI31_X2M_A9PP140ZTL_C30               60      75.600    sc9mcpp140z_cln28ht_base_lvt_c30_ssg_cworstt_max_0p81v_125c       0 
OAI31_X3M_A9PP140ZTL_C30               18      29.484    sc9mcpp140z_cln28ht_base_lvt_c30_ssg_cworstt_max_0p81v_125c       0 
OAI31_X4M_A9PP140ZTL_C30                2       4.284    sc9mcpp140z_cln28ht_base_lvt_c30_ssg_cworstt_max_0p81v_125c       0 
OR2_X0P5B_A9PP140ZTL_C30              412     207.648    sc9mcpp140z_cln28ht_base_lvt_c30_ssg_cworstt_max_0p81v_125c       0 
OR2_X0P5M_A9PP140ZTL_C30                1       0.504    sc9mcpp140z_cln28ht_base_lvt_c30_ssg_cworstt_max_0p81v_125c       0 
OR2_X0P7B_A9PP140ZTL_C30                9       4.536    sc9mcpp140z_cln28ht_base_lvt_c30_ssg_cworstt_max_0p81v_125c       0 
OR2_X1B_A9PP140ZTL_C30                305     153.720    sc9mcpp140z_cln28ht_base_lvt_c30_ssg_cworstt_max_0p81v_125c       0 
OR2_X1M_A9PP140ZTL_C30               1685     849.240    sc9mcpp140z_cln28ht_base_lvt_c30_ssg_cworstt_max_0p81v_125c       0 
OR2_X1P4B_A9PP140ZTL_C30                1       0.630    sc9mcpp140z_cln28ht_base_lvt_c30_ssg_cworstt_max_0p81v_125c       0 
OR2_X1P4M_A9PP140ZTL_C30               88      55.440    sc9mcpp140z_cln28ht_base_lvt_c30_ssg_cworstt_max_0p81v_125c       0 
OR2_X2B_A9PP140ZTL_C30                  1       0.630    sc9mcpp140z_cln28ht_base_lvt_c30_ssg_cworstt_max_0p81v_125c       0 
OR2_X2M_A9PP140ZTL_C30                 86      54.180    sc9mcpp140z_cln28ht_base_lvt_c30_ssg_cworstt_max_0p81v_125c       0 
OR2_X3B_A9PP140ZTL_C30                  7       7.056    sc9mcpp140z_cln28ht_base_lvt_c30_ssg_cworstt_max_0p81v_125c       0 
OR2_X3M_A9PP140ZTL_C30                 82      82.656    sc9mcpp140z_cln28ht_base_lvt_c30_ssg_cworstt_max_0p81v_125c       0 
OR2_X4M_A9PP140ZTL_C30                  1       1.134    sc9mcpp140z_cln28ht_base_lvt_c30_ssg_cworstt_max_0p81v_125c       0 
OR2_X6M_A9PP140ZTL_C30                  6      11.340    sc9mcpp140z_cln28ht_base_lvt_c30_ssg_cworstt_max_0p81v_125c       0 
OR3_X0P7M_A9PP140ZTL_C30                2       1.260    sc9mcpp140z_cln28ht_base_lvt_c30_ssg_cworstt_max_0p81v_125c       0 
OR3_X1M_A9PP140ZTL_C30                 22      13.860    sc9mcpp140z_cln28ht_base_lvt_c30_ssg_cworstt_max_0p81v_125c       0 
OR3_X2M_A9PP140ZTL_C30                  2       1.512    sc9mcpp140z_cln28ht_base_lvt_c30_ssg_cworstt_max_0p81v_125c       0 
OR3_X3M_A9PP140ZTL_C30                  5       6.930    sc9mcpp140z_cln28ht_base_lvt_c30_ssg_cworstt_max_0p81v_125c       0 
OR4_X1M_A9PP140ZTL_C30                 20      20.160    sc9mcpp140z_cln28ht_base_lvt_c30_ssg_cworstt_max_0p81v_125c       0 
SDFFRPQA_X1M_A9PP140ZTL_C30         12948   35891.856    sc9mcpp140z_cln28ht_base_lvt_c30_ssg_cworstt_max_0p81v_125c       0 
SDFFRPQL_X1M_A9PP140ZTL_C30            20      63.000    sc9mcpp140z_cln28ht_base_lvt_c30_ssg_cworstt_max_0p81v_125c       0 
SDFFRPQNA_X1M_A9PP140ZTL_C30          438    1158.948    sc9mcpp140z_cln28ht_base_lvt_c30_ssg_cworstt_max_0p81v_125c       0 
SDFFRPQN_X3M_A9PP140ZTL_C30            31     101.556    sc9mcpp140z_cln28ht_base_lvt_c30_ssg_cworstt_max_0p81v_125c       0 
SDFFRPQ_X1M_A9PP140ZTL_C30           1514    4769.100    sc9mcpp140z_cln28ht_base_lvt_c30_ssg_cworstt_max_0p81v_125c       0 
SDFFRPQ_X2M_A9PP140ZTL_C30            578    1893.528    sc9mcpp140z_cln28ht_base_lvt_c30_ssg_cworstt_max_0p81v_125c       0 
SDFFRPQ_X3M_A9PP140ZTL_C30            295    1003.590    sc9mcpp140z_cln28ht_base_lvt_c30_ssg_cworstt_max_0p81v_125c       0 
SDFFRPQ_X4M_A9PP140ZTL_C30            674    2462.796    sc9mcpp140z_cln28ht_base_lvt_c30_ssg_cworstt_max_0p81v_125c       0 
SDFFSQA_X1M_A9PP140ZTL_C30              1       2.772    sc9mcpp140z_cln28ht_base_lvt_c30_ssg_cworstt_max_0p81v_125c       0 
XNOR2_X0P5M_A9PP140ZTL_C30            303     229.068    sc9mcpp140z_cln28ht_base_lvt_c30_ssg_cworstt_max_0p81v_125c       0 
XNOR2_X0P7M_A9PP140ZTL_C30           7104    5370.624    sc9mcpp140z_cln28ht_base_lvt_c30_ssg_cworstt_max_0p81v_125c       0 
XNOR2_X1M_A9PP140ZTL_C30              349     395.766    sc9mcpp140z_cln28ht_base_lvt_c30_ssg_cworstt_max_0p81v_125c       0 
XNOR2_X1P4M_A9PP140ZTL_C30            104     117.936    sc9mcpp140z_cln28ht_base_lvt_c30_ssg_cworstt_max_0p81v_125c       0 
XNOR2_X2M_A9PP140ZTL_C30              251     379.512    sc9mcpp140z_cln28ht_base_lvt_c30_ssg_cworstt_max_0p81v_125c       0 
XNOR2_X3M_A9PP140ZTL_C30               36      72.576    sc9mcpp140z_cln28ht_base_lvt_c30_ssg_cworstt_max_0p81v_125c       0 
XNOR2_X4M_A9PP140ZTL_C30               28      74.088    sc9mcpp140z_cln28ht_base_lvt_c30_ssg_cworstt_max_0p81v_125c       0 
XNOR3_X0P5M_A9PP140ZTL_C30             61      92.232    sc9mcpp140z_cln28ht_base_lvt_c30_ssg_cworstt_max_0p81v_125c       0 
XNOR3_X0P7M_A9PP140ZTL_C30            254     384.048    sc9mcpp140z_cln28ht_base_lvt_c30_ssg_cworstt_max_0p81v_125c       0 
XNOR3_X1M_A9PP140ZTL_C30              203     383.670    sc9mcpp140z_cln28ht_base_lvt_c30_ssg_cworstt_max_0p81v_125c       0 
XNOR3_X1P4M_A9PP140ZTL_C30             18      40.824    sc9mcpp140z_cln28ht_base_lvt_c30_ssg_cworstt_max_0p81v_125c       0 
XNOR3_X2M_A9PP140ZTL_C30             1139    2583.252    sc9mcpp140z_cln28ht_base_lvt_c30_ssg_cworstt_max_0p81v_125c       0 
XNOR3_X3M_A9PP140ZTL_C30              711    1970.892    sc9mcpp140z_cln28ht_base_lvt_c30_ssg_cworstt_max_0p81v_125c       0 
XOR2_X0P5M_A9PP140ZTL_C30             239     180.684    sc9mcpp140z_cln28ht_base_lvt_c30_ssg_cworstt_max_0p81v_125c       0 
XOR2_X0P7M_A9PP140ZTL_C30             569     430.164    sc9mcpp140z_cln28ht_base_lvt_c30_ssg_cworstt_max_0p81v_125c       0 
XOR2_X1M_A9PP140ZTL_C30               390     442.260    sc9mcpp140z_cln28ht_base_lvt_c30_ssg_cworstt_max_0p81v_125c       0 
XOR2_X1P4M_A9PP140ZTL_C30              93     105.462    sc9mcpp140z_cln28ht_base_lvt_c30_ssg_cworstt_max_0p81v_125c       0 
XOR2_X2M_A9PP140ZTL_C30               339     512.568    sc9mcpp140z_cln28ht_base_lvt_c30_ssg_cworstt_max_0p81v_125c       0 
XOR2_X3M_A9PP140ZTL_C30                59     118.944    sc9mcpp140z_cln28ht_base_lvt_c30_ssg_cworstt_max_0p81v_125c       0 
XOR2_X4M_A9PP140ZTL_C30                14      37.044    sc9mcpp140z_cln28ht_base_lvt_c30_ssg_cworstt_max_0p81v_125c       0 
XOR3_X0P5M_A9PP140ZTL_C30              22      33.264    sc9mcpp140z_cln28ht_base_lvt_c30_ssg_cworstt_max_0p81v_125c       0 
XOR3_X0P7M_A9PP140ZTL_C30             116     175.392    sc9mcpp140z_cln28ht_base_lvt_c30_ssg_cworstt_max_0p81v_125c       0 
XOR3_X1M_A9PP140ZTL_C30                45      85.050    sc9mcpp140z_cln28ht_base_lvt_c30_ssg_cworstt_max_0p81v_125c       0 
XOR3_X1P4M_A9PP140ZTL_C30              10      22.680    sc9mcpp140z_cln28ht_base_lvt_c30_ssg_cworstt_max_0p81v_125c       0 
XOR3_X2M_A9PP140ZTL_C30              1007    2283.876    sc9mcpp140z_cln28ht_base_lvt_c30_ssg_cworstt_max_0p81v_125c       0 
XOR3_X3M_A9PP140ZTL_C30               481    1333.332    sc9mcpp140z_cln28ht_base_lvt_c30_ssg_cworstt_max_0p81v_125c       0 
-----------------------------------------------------------------------------------------------------------------------------
total                              103595  120346.380                                                                


                                           
     Type      Instances    Area    Area % 
-------------------------------------------
sequential         17792  50724.324   42.1 
inverter            9801   3431.358    2.9 
buffer               470    299.754    0.2 
logic              75532  65890.944   54.8 
physical_cells         0      0.000    0.0 
-------------------------------------------
total             103595 120346.380  100.0 

