 ------------------------------------------------------------------------------------------------------------------------------------------------------ 
| Snapshot                | WNS                  | TNS                  | Density (%) | Hotspot      | Resource               | DRVs       | Layer-OPT |
|                         | HEPG (ns) | ALL (ns) | HEPG (ns) | ALL (ns) |             | Max  | Total | Real (s) | Memory (MB) | Tran | Cap | M8        |
|-------------------------+-----------+----------+-----------+----------+-------------+------+-------+----------+-------------+------+-----+-----------|
| initial_summary         |           |   -0.107 |           |       -3 |       60.22 |      |       | 0:00:44  |        6700 |    5 |   0 |           |
| route_type_refinement   |           |          |           |          |             |      |       | 0:00:14  |        6708 |      |     |        23 |
| simplify_netlist        |           |          |           |          |             |      |       | 0:00:06  |        6716 |      |     |           |
| drv_fixing              |           |          |           |          |             |      |       | 0:00:05  |        6716 |      |     |           |
| drv_fixing_2            |    -1.456 |   -1.456 |       -25 |      -25 |       60.22 |      |       | 0:00:10  |        6724 |    0 |   0 |        23 |
| global_opt              |           |   -0.412 |           |       -8 |       60.36 |      |       | 0:00:49  |        6724 |      |     |        36 |
| area_reclaiming         |    -0.404 |   -0.404 |        -7 |       -7 |       60.10 |      |       | 0:00:48  |        6732 |      |     |        36 |
| incremental_replacement |    -0.489 |   -0.489 |           |      -11 |             | 0.17 |  0.17 | 0:04:09  |        6898 |      |     |           |
| drv_fixing_3            |    -0.489 |   -0.489 |       -11 |      -11 |       60.10 |      |       | 0:00:13  |        6922 |    0 |   0 |        36 |
| tns_fixing              |    -0.346 |   -0.346 |        -3 |       -3 |       60.33 |      |       | 0:00:41  |        6946 |      |     |        36 |
| wns_fixing              |    -0.003 |   -0.003 |        -0 |       -0 |       60.40 |      |       | 0:04:16  |        6939 |      |     |        82 |
| tns_fixing_2            |    -0.001 |   -0.001 |        -0 |       -0 |       60.91 |      |       | 0:06:22  |        6939 |      |     |        85 |
| area_reclaiming_2       |    -0.002 |   -0.002 |        -0 |       -0 |       60.64 |      |       | 0:01:15  |        6939 |      |     |        95 |
| area_reclaiming_3       |    -0.002 |   -0.002 |        -0 |       -0 |       60.08 |      |       | 0:00:40  |        6939 |      |     |        78 |
| drv_eco_fixing          |    -0.002 |   -0.002 |        -0 |       -0 |       60.09 |      |       | 0:00:11  |        6939 |    0 |   0 |        78 |
| tns_eco_fixing          |     0.000 |    0.000 |         0 |        0 |       60.10 |      |       | 0:00:09  |        6939 |      |     |        78 |
| final_summary           |    -0.002 |   -0.002 |           |       -0 |       60.10 |      |       | 0:00:12  |        6907 |    0 |   0 |           |
 ------------------------------------------------------------------------------------------------------------------------------------------------------ 
