 ------------------------------------------------------------------------------------------------------------------------------------------------------ 
| Snapshot                | WNS                  | TNS                  | Density (%) | Hotspot      | Resource               | DRVs       | Layer-OPT |
|                         | HEPG (ns) | ALL (ns) | HEPG (ns) | ALL (ns) |             | Max  | Total | Real (s) | Memory (MB) | Tran | Cap | M8        |
|-------------------------+-----------+----------+-----------+----------+-------------+------+-------+----------+-------------+------+-----+-----------|
| initial_summary         |    -0.025 |   -0.082 |           |     -597 |       95.89 |      |       | 0:00:18  |        5762 |    0 |   0 |           |
| route_type_refinement   |           |          |           |          |             |      |       | 0:00:03  |        5762 |      |     |       224 |
| simplify_netlist        |           |          |           |          |             |      |       | 0:00:05  |        5764 |      |     |           |
| excluded_clk_net_fixing |           |          |           |          |             |      |       | 0:00:00  |        5764 |      |     |           |
| global_opt              |           |   -0.082 |           |     -608 |       95.89 |      |       | 0:00:14  |        5894 |      |     |       224 |
| global_opt_2            |           |   -0.082 |           |     -608 |       95.89 |      |       | 0:00:24  |        5968 |      |     |       224 |
| area_reclaiming         |    -0.025 |   -0.082 |       -11 |     -627 |       95.68 |      |       | 0:00:16  |        6022 |      |     |       215 |
| wns_fixing              |    -0.007 |   -0.089 |        -2 |     -630 |       96.09 |      |       | 0:03:54  |        8457 |      |     |       230 |
| tns_fixing              |    -0.009 |   -0.091 |        -1 |     -602 |       96.81 |      |       | 0:04:18  |        8177 |      |     |       318 |
| area_reclaiming_2       |    -0.009 |   -0.083 |        -1 |     -602 |       96.81 |      |       | 0:00:11  |        7061 |      |     |       318 |
| area_reclaiming_3       |    -0.010 |   -0.083 |        -1 |     -615 |       96.38 |      |       | 0:00:21  |        7062 |      |     |       291 |
| local_wire_reclaim      |           |          |           |          |             |      |       | 0:00:38  |        7062 |      |     |           |
| global_route            |           |          |           |          |             | 0.00 |  0.00 | 0:00:08  |        6803 |      |     |           |
| route_type_refinement_2 |           |          |           |          |             |      |       | 0:00:00  |        6803 |      |     |       291 |
| drv_eco_fixing          |    -0.019 |   -0.086 |        -1 |     -637 |       96.38 |      |       | 0:00:05  |        6902 |    0 |   0 |       291 |
| tns_eco_fixing          |    -0.011 |   -0.086 |        -1 |     -636 |       96.45 |      |       | 0:01:03  |        8387 |      |     |       295 |
| tns_eco_fixing_2        |    -0.011 |   -0.086 |        -1 |     -636 |       96.45 |      |       | 0:00:14  |        7663 |      |     |       295 |
| final_summary           |    -0.011 |   -0.086 |           |     -636 |       96.45 | 0.00 |  0.00 | 0:00:11  |        6966 |    0 |   0 |           |
 ------------------------------------------------------------------------------------------------------------------------------------------------------ 
