 ------------------------------------------------------------------------------------------------------------------------------------------------------ 
| Snapshot                | WNS                  | TNS                  | Density (%) | Hotspot      | Resource               | DRVs       | Layer-OPT |
|                         | HEPG (ns) | ALL (ns) | HEPG (ns) | ALL (ns) |             | Max  | Total | Real (s) | Memory (MB) | Tran | Cap | M8        |
|-------------------------+-----------+----------+-----------+----------+-------------+------+-------+----------+-------------+------+-----+-----------|
| initial_summary         |           |   -0.140 |           |      -17 |       57.74 |      |       | 0:00:47  |        5523 |    0 |   0 |           |
| route_type_refinement   |           |          |           |          |             |      |       | 0:00:15  |        5531 |      |     |        16 |
| simplify_netlist        |           |          |           |          |             |      |       | 0:00:06  |        5539 |      |     |           |
| drv_fixing              |           |          |           |          |             |      |       | 0:00:06  |        5539 |      |     |           |
| drv_fixing_2            |    -0.687 |   -0.687 |       -62 |      -62 |       57.74 |      |       | 0:00:09  |        5547 |    0 |   0 |        16 |
| global_opt              |           |   -0.131 |           |      -29 |       57.85 |      |       | 0:01:11  |        5555 |      |     |        36 |
| area_reclaiming         |    -0.123 |   -0.123 |       -27 |      -27 |       57.33 |      |       | 0:01:01  |        5555 |      |     |        36 |
| incremental_replacement |    -0.164 |   -0.164 |           |      -49 |             | 0.00 |  0.00 | 0:05:52  |        7080 |      |     |           |
| drv_fixing_3            |    -0.164 |   -0.164 |       -49 |      -49 |       57.33 |      |       | 0:00:15  |        7104 |    0 |   0 |        36 |
| tns_fixing              |    -0.099 |   -0.099 |       -28 |      -28 |       57.73 |      |       | 0:01:50  |        7128 |      |     |        36 |
| wns_fixing              |    -0.007 |   -0.007 |        -0 |       -0 |       57.40 |      |       | 0:07:49  |        7123 |      |     |        84 |
| tns_fixing_2            |    -0.007 |   -0.007 |        -0 |       -0 |       57.76 |      |       | 0:05:29  |        7123 |      |     |        89 |
| area_reclaiming_2       |    -0.007 |   -0.007 |        -0 |       -0 |       57.33 |      |       | 0:01:25  |        7123 |      |     |        97 |
| area_reclaiming_3       |    -0.003 |   -0.003 |        -0 |       -0 |       56.34 |      |       | 0:00:54  |        7123 |      |     |        80 |
| drv_eco_fixing          |    -0.003 |   -0.003 |        -0 |       -0 |       56.34 |      |       | 0:00:12  |        7123 |    0 |   0 |        80 |
| tns_eco_fixing          |     0.000 |    0.000 |         0 |        0 |       56.34 |      |       | 0:00:09  |        7123 |      |     |        80 |
| final_summary           |    -0.002 |   -0.002 |           |       -0 |       56.34 |      |       | 0:00:11  |        7091 |    0 |   0 |           |
 ------------------------------------------------------------------------------------------------------------------------------------------------------ 
