 ------------------------------------------------------------------------------------------------------------------------------------------------------ 
| Snapshot                | WNS                  | TNS                  | Density (%) | Hotspot      | Resource               | DRVs       | Layer-OPT |
|                         | HEPG (ns) | ALL (ns) | HEPG (ns) | ALL (ns) |             | Max  | Total | Real (s) | Memory (MB) | Tran | Cap | M8        |
|-------------------------+-----------+----------+-----------+----------+-------------+------+-------+----------+-------------+------+-----+-----------|
| initial_summary         |    -0.058 |   -0.082 |           |     -534 |       95.78 |      |       | 0:00:18  |        5772 |    0 |   0 |           |
| route_type_refinement   |           |          |           |          |             |      |       | 0:00:03  |        5774 |      |     |       212 |
| simplify_netlist        |           |          |           |          |             |      |       | 0:00:06  |        5775 |      |     |           |
| excluded_clk_net_fixing |           |          |           |          |             |      |       | 0:00:00  |        5775 |      |     |           |
| global_opt              |           |   -0.082 |           |     -549 |       95.78 |      |       | 0:00:14  |        5921 |      |     |       212 |
| global_opt_2            |           |   -0.082 |           |     -549 |       95.78 |      |       | 0:00:26  |        5991 |      |     |       212 |
| area_reclaiming         |    -0.058 |   -0.081 |       -14 |     -564 |       95.51 |      |       | 0:00:17  |        6080 |      |     |       210 |
| wns_fixing              |    -0.016 |   -0.073 |        -8 |     -491 |       95.72 |      |       | 0:01:56  |        7419 |      |     |       236 |
| tns_fixing              |    -0.017 |   -0.073 |        -2 |     -459 |       96.91 |      |       | 0:04:57  |        8013 |      |     |       338 |
| area_reclaiming_2       |    -0.017 |   -0.066 |        -2 |     -459 |       96.91 |      |       | 0:00:09  |        6996 |      |     |       338 |
| area_reclaiming_3       |    -0.016 |   -0.066 |        -2 |     -465 |       96.32 |      |       | 0:00:22  |        6998 |      |     |       295 |
| local_wire_reclaim      |           |          |           |          |             |      |       | 0:00:40  |        7000 |      |     |           |
| global_route            |           |          |           |          |             | 0.00 |  0.00 | 0:00:08  |        6755 |      |     |           |
| route_type_refinement_2 |           |          |           |          |             |      |       | 0:00:01  |        6755 |      |     |       295 |
| drv_eco_fixing          |    -0.017 |   -0.066 |        -2 |     -501 |       96.32 |      |       | 0:00:05  |        6852 |    0 |   0 |       295 |
| tns_eco_fixing          |    -0.017 |   -0.066 |        -1 |     -500 |       96.45 |      |       | 0:01:36  |        8106 |      |     |       299 |
| tns_eco_fixing_2        |    -0.017 |   -0.066 |        -1 |     -500 |       96.45 |      |       | 0:00:13  |        7633 |      |     |       299 |
| final_summary           |    -0.018 |   -0.066 |           |     -500 |       96.45 | 0.00 |  0.00 | 0:00:10  |        6943 |    0 |   0 |           |
 ------------------------------------------------------------------------------------------------------------------------------------------------------ 
