============================================================
  Generated by:           Genus(TM) Synthesis Solution 22.10-p001_1
  Generated on:           Jan 12 2025  06:24:36 pm
  Module:                 pp_fir_u_2
  Library domain:         timing_cond_wcl_slow
    Domain index:         0
    Technology library:   sc9mcpp140z_cln28ht_base_lvt_c30_ssg_cworstt_max_0p81v_125c 1.0
  Library domain:         timing_cond_wcl_fast
    Domain index:         1
    Technology library:   sc9mcpp140z_cln28ht_base_lvt_c30_ffg_cbestt_min_0p99v_m40c 1.0
  Library domain:         timing_cond_wcl_typical
    Domain index:         2
    Technology library:   sc9mcpp140z_cln28ht_base_lvt_c30_tt_ctypical_max_0p90v_25c 1.0
  Operating conditions:   ssg_cworstt_max_0p81v_125c 
  Operating conditions:   ffg_cbestt_min_0p99v_m40c 
  Operating conditions:   tt_ctypical_max_0p90v_25c 
  Interconnect mode:      spatial
  Area mode:              physical library
============================================================

                  Instance                               Module              Cell Count  Cell Area  Net Area   Total Area 
--------------------------------------------------------------------------------------------------------------------------
pp_fir_u_2                                                                        23350  40121.006    81.893    40202.898 
  pp_fir_2_1_1_ADD_TC_OP                     add_signed                             118    175.555     0.000      175.555 
  pp_fir_2_1_1_ADD_TC_OP3991                 add_signed                             118    175.555     0.000      175.555 
  pp_fir_2_1_1_add_481_34                    add_signed_2499                        159    204.361     0.000      204.361 
  pp_fir_2_1_1_add_482_34                    add_signed_2499                        159    204.361     0.000      204.361 
  pp_fir_2_1_1_add_596_34                    add_signed_372                         169    219.579     0.000      219.579 
  pp_fir_2_1_1_add_597_34                    add_signed_372                         169    219.579     0.000      219.579 
  pp_fir_2_1_1_add_617_34                    add_signed_358_37_2474                 190    246.755     0.000      246.755 
  pp_fir_2_1_1_add_618_34                    add_signed_358_37_2474                 190    246.755     0.000      246.755 
  pp_fir_2_1_1_add_732_34                    add_signed_374                         186    241.863     0.000      241.863 
  pp_fir_2_1_1_add_733_34                    add_signed_374                         186    241.863     0.000      241.863 
  pp_fir_2_1_1_add_847_34                    add_signed_376                         209    272.843     0.000      272.843 
  pp_fir_2_1_1_add_848_34                    add_signed_376                         209    272.843     0.000      272.843 
  pp_fir_2_1_1_add_868_34                    add_signed_358_37_2477                 216    282.083     0.000      282.083 
  pp_fir_2_1_1_add_869_34                    add_signed_358_37_2477                 216    282.083     0.000      282.083 
  pp_fir_2_1_1_add_889_34                    add_signed_358_37_2479                 215    280.996     0.000      280.996 
  pp_fir_2_1_1_add_890_34                    add_signed_358_37_2479                 215    280.996     0.000      280.996 
  pp_fir_2_1_1_add_1004_34                   add_signed_378                         215    280.996     0.000      280.996 
  pp_fir_2_1_1_add_1005_34                   add_signed_378                         215    280.996     0.000      280.996 
  pp_fir_2_1_1_add_1119_35                   add_signed_380                         193    253.820     0.000      253.820 
  pp_fir_2_1_1_add_1120_35                   add_signed_380                         193    253.820     0.000      253.820 
  pp_fir_2_1_1_add_1140_34                   add_signed_358_37                      216    282.083     0.000      282.083 
  pp_fir_2_1_1_add_1141_34                   add_signed_358_37                      216    282.083     0.000      282.083 
  pp_fir_2_1_1_add_1255_35                   add_signed_382                         178    230.993     0.000      230.993 
  pp_fir_2_1_1_add_1256_35                   add_signed_382                         178    230.993     0.000      230.993 
  pp_fir_2_1_1_add_1367_35                   add_signed_384                         161    207.078     0.000      207.078 
  pp_fir_2_1_1_add_1368_35                   add_signed_384                         161    207.078     0.000      207.078 
  pp_fir_2_1_1_add_1388_34                   add_signed_358_37_2473                 190    246.755     0.000      246.755 
  pp_fir_2_1_1_add_1389_34                   add_signed_358_37_2473                 190    246.755     0.000      246.755 
  pp_fir_2_1_1_add_1409_34                   add_signed_358_37_2481                 215    280.996     0.000      280.996 
  pp_fir_2_1_1_add_1410_34                   add_signed_358_37_2481                 215    280.996     0.000      280.996 
  pp_fir_2_1_1_const_mul_1331_44             mult_signed_const_24561                163    202.730     0.000      202.730 
  pp_fir_2_1_1_const_mul_1332_44             mult_signed_const_24561                163    202.730     0.000      202.730 
  pp_fir_2_1_1_csa_tree_ADD_TC_OP_groupi     csa_tree_ADD_TC_OP_group_23400         318    411.439     0.000      411.439 
  pp_fir_2_1_1_csa_tree_ADD_TC_OP_groupi3993 csa_tree_ADD_TC_OP_group_23400         318    411.439     0.000      411.439 
  pp_fir_2_1_1_csa_tree_ADD_TC_OP_groupi3994 csa_tree_ADD_TC_OP_group_22075         359    473.943     0.000      473.943 
  pp_fir_2_1_1_csa_tree_ADD_TC_OP_groupi3995 csa_tree_ADD_TC_OP_group_22075         359    473.943     0.000      473.943 
  pp_fir_2_1_1_csa_tree_ADD_TC_OP_groupi3996 csa_tree_ADD_TC_OP_group_20247         496    654.389     0.000      654.389 
  pp_fir_2_1_1_csa_tree_ADD_TC_OP_groupi3997 csa_tree_ADD_TC_OP_group_20247         496    654.389     0.000      654.389 
  pp_fir_2_1_1_csa_tree_ADD_TC_OP_groupi3998 csa_tree_ADD_TC_OP_group_18391         478    635.366     0.000      635.366 
  pp_fir_2_1_1_csa_tree_ADD_TC_OP_groupi3999 csa_tree_ADD_TC_OP_group_18391         478    635.366     0.000      635.366 
  pp_fir_2_1_1_csa_tree_ADD_TC_OP_groupi4000 csa_tree_ADD_TC_OP_group_16596         490    646.780     0.000      646.780 
  pp_fir_2_1_1_csa_tree_ADD_TC_OP_groupi4001 csa_tree_ADD_TC_OP_group_16596         490    646.780     0.000      646.780 
  pp_fir_2_1_1_csa_tree_ADD_TC_OP_groupi4002 csa_tree_ADD_TC_OP_group_14539         563    739.721     0.000      739.721 
  pp_fir_2_1_1_csa_tree_ADD_TC_OP_groupi4003 csa_tree_ADD_TC_OP_group_14539         563    739.721     0.000      739.721 
  pp_fir_2_1_1_csa_tree_ADD_TC_OP_groupi4004 csa_tree_ADD_TC_OP_group_12299         618    816.356     0.000      816.356 
  pp_fir_2_1_1_csa_tree_ADD_TC_OP_groupi4005 csa_tree_ADD_TC_OP_group_12299         618    816.356     0.000      816.356 
  pp_fir_2_1_1_csa_tree_ADD_TC_OP_groupi4006 csa_tree_ADD_TC_OP_group_10226         556    735.916     0.000      735.916 
  pp_fir_2_1_1_csa_tree_ADD_TC_OP_groupi4007 csa_tree_ADD_TC_OP_group_10226         556    735.916     0.000      735.916 
  pp_fir_2_1_1_csa_tree_ADD_TC_OP_groupi4008 csa_tree_ADD_TC_OP_group_8366          494    656.563     0.000      656.563 
  pp_fir_2_1_1_csa_tree_ADD_TC_OP_groupi4009 csa_tree_ADD_TC_OP_group_8366          494    656.563     0.000      656.563 
  pp_fir_2_1_1_csa_tree_ADD_TC_OP_groupi4010 csa_tree_ADD_TC_OP_group_6334          540    719.611     0.000      719.611 
  pp_fir_2_1_1_csa_tree_ADD_TC_OP_groupi4011 csa_tree_ADD_TC_OP_group_6334          540    719.611     0.000      719.611 
  pp_fir_2_1_1_csa_tree_ADD_TC_OP_groupi4012 csa_tree_ADD_TC_OP_group_4883          357    467.964     0.000      467.964 
  pp_fir_2_1_1_csa_tree_ADD_TC_OP_groupi4013 csa_tree_ADD_TC_OP_group_4883          357    467.964     0.000      467.964 
  pp_fir_2_1_1_csa_tree_ADD_TC_OP_groupi4014 csa_tree_ADD_TC_OP_group_3248          419    553.296     0.000      553.296 
  pp_fir_2_1_1_csa_tree_ADD_TC_OP_groupi4015 csa_tree_ADD_TC_OP_group_3248          419    553.296     0.000      553.296 
  pp_fir_2_1_1_csa_tree_ADD_TC_OP_groupi4016 csa_tree_ADD_TC_OP_group_1917          354    464.703     0.000      464.703 
  pp_fir_2_1_1_csa_tree_ADD_TC_OP_groupi4017 csa_tree_ADD_TC_OP_group_1917          354    464.703     0.000      464.703 
  pp_fir_2_1_1_csa_tree_ADD_TC_OP_groupi4018 csa_tree_ADD_TC_OP_group_2             350    464.703     0.000      464.703 
  pp_fir_2_1_1_csa_tree_ADD_TC_OP_groupi4019 csa_tree_ADD_TC_OP_group_2             350    464.703     0.000      464.703 
