============================================================
  Generated by:           Genus(TM) Synthesis Solution 22.10-p001_1
  Generated on:           Jan 12 2025  06:24:36 pm
  Module:                 pp_fir_u_2
  Library domain:         timing_cond_wcl_slow
    Domain index:         0
    Technology library:   sc9mcpp140z_cln28ht_base_lvt_c30_ssg_cworstt_max_0p81v_125c 1.0
  Library domain:         timing_cond_wcl_fast
    Domain index:         1
    Technology library:   sc9mcpp140z_cln28ht_base_lvt_c30_ffg_cbestt_min_0p99v_m40c 1.0
  Library domain:         timing_cond_wcl_typical
    Domain index:         2
    Technology library:   sc9mcpp140z_cln28ht_base_lvt_c30_tt_ctypical_max_0p90v_25c 1.0
  Operating conditions:   ssg_cworstt_max_0p81v_125c 
  Operating conditions:   ffg_cbestt_min_0p99v_m40c 
  Operating conditions:   tt_ctypical_max_0p90v_25c 
  Interconnect mode:      spatial
  Area mode:              physical library
============================================================

Timing
--------

  Analysis view  Clock Period 
------------------------------
view_wcl_slow    clk    500.0 
view_wcl_fast    clk    500.0 
view_wcl_typical clk    500.0 


    Analysis       Cost   Critical           Violating 
      View        Group  Path Slack   TNS      Paths   
-------------------------------------------------------
view_wcl_slow        clk      -35.1 -1395.6        106 
                 default   No paths     0.0          0 
-------------------------------------------------------
Total                               -1395.6        106 
                                                       
view_wcl_fast        clk       61.1     0.0          0 
                 default   No paths     0.0          0 
-------------------------------------------------------
Total                                  -0.0          0 
                                                       
view_wcl_typical     clk       56.8     0.0          0 
                 default   No paths     0.0          0 
-------------------------------------------------------
Total                                  -0.0          0 
                                                       

Instance Count
--------------
Leaf Instance Count             23350 
Physical Instance count          1006 
Sequential Instance Count        3702 
Combinational Instance Count    19648 
Hierarchical Instance Count        60 

Area
----
Cell Area                          40121.006
Physical Cell Area                 532.980
Total Cell Area (Cell+Physical)    40653.986
Net Area                           81.892
Total Area (Cell+Physical+Net)     40735.878

Floorplan Utilization              58.33%
Runtime                            41.420134000000004 seconds
Elapsed Runtime                    1065 seconds
Genus peak memory usage            3503.57 
Innovus peak memory usage          no_value 
Hostname                           cluster15.lan.ece
