============================================================
  Generated by:           Genus(TM) Synthesis Solution 22.10-p001_1
  Generated on:           Jan 12 2025  06:37:23 pm
  Module:                 pp_fir_u_2
  Library domain:         timing_cond_wcl_slow
    Domain index:         0
    Technology library:   sc9mcpp140z_cln28ht_base_lvt_c30_ssg_cworstt_max_0p81v_125c 1.0
  Library domain:         timing_cond_wcl_fast
    Domain index:         1
    Technology library:   sc9mcpp140z_cln28ht_base_lvt_c30_ffg_cbestt_min_0p99v_m40c 1.0
  Library domain:         timing_cond_wcl_typical
    Domain index:         2
    Technology library:   sc9mcpp140z_cln28ht_base_lvt_c30_tt_ctypical_max_0p90v_25c 1.0
  Operating conditions:   ssg_cworstt_max_0p81v_125c 
  Operating conditions:   ffg_cbestt_min_0p99v_m40c 
  Operating conditions:   tt_ctypical_max_0p90v_25c 
  Interconnect mode:      spatial
  Area mode:              physical library
============================================================

Timing
--------

  Analysis view  Clock Period 
------------------------------
view_wcl_slow    clk    500.0 
view_wcl_fast    clk    500.0 
view_wcl_typical clk    500.0 


    Analysis       Cost   Critical        Violating 
      View        Group  Path Slack  TNS    Paths   
----------------------------------------------------
view_wcl_slow        clk        0.0  0.0          0 
                 default   No paths  0.0          0 
----------------------------------------------------
Total                               -0.0          0 
                                                    
view_wcl_fast        clk       39.7  0.0          0 
                 default   No paths  0.0          0 
----------------------------------------------------
Total                               -0.0          0 
                                                    
view_wcl_typical     clk       30.1  0.0          0 
                 default   No paths  0.0          0 
----------------------------------------------------
Total                               -0.0          0 
                                                    

Instance Count
--------------
Leaf Instance Count             20720 
Physical Instance count          1006 
Sequential Instance Count        3702 
Combinational Instance Count    17018 
Hierarchical Instance Count         0 

Area
----
Cell Area                          22830.696
Physical Cell Area                 532.980
Total Cell Area (Cell+Physical)    23363.676
Net Area                           6219.154
Total Area (Cell+Physical+Net)     29582.830

Floorplan Utilization              62.06%
Runtime                            204.81063700000004 seconds
Elapsed Runtime                    1833 seconds
Genus peak memory usage            3516.29 
Innovus peak memory usage          no_value 
Hostname                           cluster15.lan.ece
