 ------------------------------------------------------------------------------------------------------------------------------------------------------ 
| Snapshot                | WNS                  | TNS                  | Density (%) | Hotspot      | Resource               | DRVs       | Layer-OPT |
|                         | HEPG (ns) | ALL (ns) | HEPG (ns) | ALL (ns) |             | Max  | Total | Real (s) | Memory (MB) | Tran | Cap | M8        |
|-------------------------+-----------+----------+-----------+----------+-------------+------+-------+----------+-------------+------+-----+-----------|
| initial_summary         |           |   -0.167 |           |    -1654 |       93.76 |      |       | 0:00:48  |        3843 |    0 |   0 |           |
| route_type_refinement   |           |          |           |          |             |      |       | 0:00:00  |        3841 |      |     |           |
| simplify_netlist        |           |          |           |          |             |      |       | 0:00:05  |        3839 |      |     |           |
| drv_fixing              |           |          |           |          |             |      |       | 0:00:06  |        3839 |      |     |           |
| area_reclaiming         |     0.000 |   -0.150 |         0 |    -1638 |       93.42 |      |       | 0:00:53  |        3894 |      |     |           |
| global_opt              |           |   -0.149 |           |    -1536 |       95.00 |      |       | 0:02:17  |        3986 |      |     |           |
| area_reclaiming_2       |     0.000 |   -0.141 |         0 |    -1506 |       94.13 |      |       | 0:00:54  |        3991 |      |     |           |
| incremental_replacement |    -0.045 |   -0.178 |           |    -1517 |             | 0.00 |  0.00 | 0:05:00  |        4146 |      |     |           |
| tns_fixing              |    -0.024 |   -0.178 |        -5 |    -1513 |       94.18 |      |       | 0:01:01  |        4512 |      |     |           |
| wns_fixing              |     0.005 |   -0.090 |         0 |     -649 |       95.01 |      |       | 0:09:38  |        4455 |      |     |        32 |
| tns_fixing_2            |     0.005 |   -0.090 |         0 |     -477 |       95.00 |      |       | 0:01:48  |        4321 |      |     |       275 |
| area_reclaiming_3       |     0.005 |   -0.082 |         0 |     -477 |       95.00 |      |       | 0:00:35  |        4195 |      |     |       275 |
| area_reclaiming_4       |    -0.001 |   -0.081 |        -0 |     -493 |       93.79 |      |       | 0:01:02  |        4196 |      |     |       261 |
| drv_eco_fixing          |    -0.001 |   -0.081 |        -0 |     -493 |       93.79 |      |       | 0:00:09  |        4197 |    0 |   0 |       261 |
| tns_eco_fixing          |    -0.001 |   -0.082 |        -0 |     -493 |       93.83 |      |       | 0:01:41  |        4301 |      |     |       260 |
| final_summary           |    -0.002 |   -0.082 |           |     -485 |       93.83 |      |       | 0:00:15  |        4176 |    0 |   0 |           |
 ------------------------------------------------------------------------------------------------------------------------------------------------------ 
