 ---------------------------------------------------------------------------------------------------------------------- 
| Snapshot           | WNS                  | TNS                  | Density (%) | Resource               | DRVs       |
|                    | HEPG (ns) | ALL (ns) | HEPG (ns) | ALL (ns) |             | Real (s) | Memory (MB) | Tran | Cap |
|--------------------+-----------+----------+-----------+----------+-------------+----------+-------------+------+-----|
| initial_summary    |    -0.469 |   -0.469 |           |      -19 |       61.20 | 0:00:46  |       14630 |    3 |   0 |
| ccopt_pro          |           |          |           |          |             | 0:00:20  |       18459 |      |     |
| drv_eco_fixing     |    -0.471 |   -0.471 |        -1 |       -2 |       61.21 | 0:00:15  |       15080 |    3 |   0 |
| wns_fixing         |     0.013 |   -0.030 |         0 |       -1 |       61.22 | 0:00:22  |       15408 |      |     |
| tns_fixing         |     0.013 |   -0.030 |         0 |       -0 |       61.29 | 0:00:10  |       15672 |      |     |
| initial_summary_2  |     0.013 |   -0.030 |           |       -0 |       61.29 | 0:00:39  |       14254 |    3 |   0 |
| hold_fixing        |           |          |           |          |             | 0:00:02  |       14478 |      |     |
| route_type_fixing  |           |          |           |          |             | 0:00:04  |       14254 |      |     |
| pre_route_summary  |     0.013 |   -0.030 |           |       -0 |       61.29 | 0:00:02  |       14254 |    3 |   0 |
| eco_route          |           |          |           |          |             | 0:08:18  |       13943 |      |     |
| post_route_summary |    -0.022 |   -0.030 |           |       -0 |       61.29 | 0:00:26  |       15176 |    3 |   0 |
| tns_eco_fixing     |    -0.022 |   -0.030 |        -0 |       -0 |      100.00 | 0:00:08  |       15432 |      |     |
| final_summary      |    -0.022 |   -0.030 |           |       -0 |       61.29 | 0:00:37  |       15182 |    3 |   0 |
 ---------------------------------------------------------------------------------------------------------------------- 
