 ------------------------------------------------------------------------------------------------------------------------------------------------------ 
| Snapshot                | WNS                  | TNS                  | Density (%) | Hotspot      | Resource               | DRVs       | Layer-OPT |
|                         | HEPG (ns) | ALL (ns) | HEPG (ns) | ALL (ns) |             | Max  | Total | Real (s) | Memory (MB) | Tran | Cap | M8        |
|-------------------------+-----------+----------+-----------+----------+-------------+------+-------+----------+-------------+------+-----+-----------|
| initial_summary         |    -0.025 |   -0.057 |           |      -65 |       82.08 |      |       | 0:00:04  |        4967 |    0 |   0 |           |
| route_type_refinement   |           |          |           |          |             |      |       | 0:00:01  |        4972 |      |     |        28 |
| simplify_netlist        |           |          |           |          |             |      |       | 0:00:03  |        5000 |      |     |           |
| excluded_clk_net_fixing |           |          |           |          |             |      |       | 0:00:00  |        4998 |      |     |           |
| global_opt              |           |   -0.090 |           |     -144 |       82.58 |      |       | 0:00:07  |        5202 |      |     |        28 |
| global_opt_2            |           |   -0.056 |           |     -116 |       83.12 |      |       | 0:00:15  |        5328 |      |     |        28 |
| area_reclaiming         |    -0.022 |   -0.052 |        -4 |      -98 |       80.34 |      |       | 0:00:08  |        5322 |      |     |        24 |
| wns_fixing              |     0.005 |   -0.047 |         0 |      -90 |       83.64 |      |       | 0:01:27  |        6765 |      |     |        32 |
| tns_fixing              |     0.005 |   -0.044 |         0 |      -47 |       86.25 |      |       | 0:00:40  |        6765 |      |     |        59 |
| area_reclaiming_2       |    -0.001 |   -0.036 |        -0 |      -47 |       85.28 |      |       | 0:00:07  |        6167 |      |     |        67 |
| area_reclaiming_3       |    -0.006 |   -0.033 |        -0 |      -48 |       82.61 |      |       | 0:00:07  |        6122 |      |     |        46 |
| local_wire_reclaim      |           |          |           |          |             |      |       | 0:00:20  |        6115 |      |     |           |
| global_route            |           |          |           |          |             | 0.00 |  0.00 | 0:00:02  |        5886 |      |     |           |
| route_type_refinement_2 |           |          |           |          |             |      |       | 0:00:00  |        5886 |      |     |        46 |
| drv_eco_fixing          |    -0.010 |   -0.033 |        -0 |      -41 |       82.61 |      |       | 0:00:02  |        5953 |    0 |   0 |        46 |
| tns_eco_fixing          |    -0.002 |   -0.033 |        -0 |      -35 |       83.68 |      |       | 0:00:29  |        6902 |      |     |        46 |
| tns_eco_fixing_2        |    -0.002 |   -0.033 |        -0 |      -35 |       83.68 |      |       | 0:00:04  |        6638 |      |     |        46 |
| final_summary           |    -0.002 |   -0.033 |           |      -35 |       83.68 | 0.00 |  0.00 | 0:00:04  |        5995 |    0 |   0 |           |
 ------------------------------------------------------------------------------------------------------------------------------------------------------ 
