 ---------------------------------------------------------------------------------------------------------------------- 
| Snapshot           | WNS                  | TNS                  | Density (%) | Resource               | DRVs       |
|                    | HEPG (ns) | ALL (ns) | HEPG (ns) | ALL (ns) |             | Real (s) | Memory (MB) | Tran | Cap |
|--------------------+-----------+----------+-----------+----------+-------------+----------+-------------+------+-----|
| initial_summary    |     0.077 |   -0.025 |           |       -0 |       61.30 | 0:00:40  |       13877 |    3 |   0 |
| ccopt_pro          |           |          |           |          |             | 0:00:20  |       17670 |      |     |
| drv_eco_fixing     |     0.076 |   -0.025 |         0 |       -0 |       61.30 | 0:00:12  |       13994 |    3 |   0 |
| wns_fixing         |     0.076 |   -0.025 |         0 |       -0 |       61.30 | 0:00:07  |       14250 |      |     |
| tns_fixing         |     0.076 |   -0.025 |         0 |       -0 |       61.30 | 0:00:08  |       14250 |      |     |
| route_type_fixing  |           |          |           |          |             | 0:00:04  |       13994 |      |     |
| pre_route_summary  |     0.077 |   -0.026 |           |       -0 |       61.30 | 0:00:02  |       13994 |    3 |   0 |
| eco_route          |           |          |           |          |             | 0:07:16  |       13749 |      |     |
| post_route_summary |     0.084 |   -0.028 |           |       -0 |       61.30 | 0:00:25  |       13954 |    3 |   0 |
| tns_eco_fixing     |     0.084 |   -0.028 |         0 |       -0 |      100.00 | 0:00:07  |       14210 |      |     |
| final_summary      |     0.084 |   -0.028 |           |       -0 |       61.30 | 0:00:11  |       13954 |    3 |   0 |
 ---------------------------------------------------------------------------------------------------------------------- 
