 ------------------------------------------------------------------------------------------------------------------------------------------------------ 
| Snapshot                | WNS                  | TNS                  | Density (%) | Hotspot      | Resource               | DRVs       | Layer-OPT |
|                         | HEPG (ns) | ALL (ns) | HEPG (ns) | ALL (ns) |             | Max  | Total | Real (s) | Memory (MB) | Tran | Cap | M8        |
|-------------------------+-----------+----------+-----------+----------+-------------+------+-------+----------+-------------+------+-----+-----------|
| initial_summary         |    -0.102 |   -0.102 |           |       -8 |       61.39 |      |       | 0:00:20  |        8155 |   16 |   0 |           |
| route_type_refinement   |           |          |           |          |             |      |       | 0:00:02  |        8155 |      |     |        42 |
| simplify_netlist        |           |          |           |          |             |      |       | 0:00:05  |        8155 |      |     |           |
| excluded_clk_net_fixing |           |          |           |          |             |      |       | 0:00:00  |        8155 |      |     |           |
| drv_fixing              |    -0.480 |   -0.480 |       -34 |      -34 |       61.39 |      |       | 0:00:17  |        8211 |    0 |   0 |        42 |
| global_opt              |           |   -0.175 |           |      -12 |       61.56 |      |       | 0:00:12  |        8227 |      |     |        42 |
| global_opt_2            |           |   -0.110 |           |       -5 |       61.57 |      |       | 0:00:14  |        8227 |      |     |        55 |
| area_reclaiming         |    -0.109 |   -0.109 |        -4 |       -4 |       61.33 |      |       | 0:00:19  |        8227 |      |     |        55 |
| drv_fixing_2            |    -0.109 |   -0.109 |        -4 |       -4 |       61.33 |      |       | 0:00:13  |        8227 |    0 |   0 |        55 |
| wns_fixing              |     0.005 |    0.005 |         0 |        0 |       61.59 |      |       | 0:01:17  |        8363 |      |     |        94 |
| area_reclaiming_2       |    -0.038 |   -0.038 |        -0 |       -0 |       61.28 |      |       | 0:00:25  |        8434 |      |     |       112 |
| area_reclaiming_3       |    -0.038 |   -0.038 |        -0 |       -0 |       61.10 |      |       | 0:00:22  |        8434 |      |     |        92 |
| local_wire_reclaim      |           |          |           |          |             |      |       | 0:00:58  |        8434 |      |     |           |
| global_route            |           |          |           |          |             | 0.00 |  0.00 | 0:00:12  |        8330 |      |     |           |
| route_type_refinement_2 |           |          |           |          |             |      |       | 0:00:10  |        8346 |      |     |        91 |
| drv_eco_fixing          |    -0.085 |   -0.085 |        -2 |       -2 |       61.11 |      |       | 0:00:09  |        8410 |    0 |   0 |        91 |
| wns_eco_fixing          |     0.000 |    0.000 |         0 |        0 |       61.19 |      |       | 0:00:16  |        8538 |      |     |        92 |
| final_summary           |    -0.001 |   -0.001 |           |       -0 |       61.19 | 1.91 |  2.60 | 0:00:13  |        8346 |    0 |   0 |           |
 ------------------------------------------------------------------------------------------------------------------------------------------------------ 
