 ------------------------------------------------------------------------------------------------------------------------------------------------------ 
| Snapshot                | WNS                  | TNS                  | Density (%) | Hotspot      | Resource               | DRVs       | Layer-OPT |
|                         | HEPG (ns) | ALL (ns) | HEPG (ns) | ALL (ns) |             | Max  | Total | Real (s) | Memory (MB) | Tran | Cap | M8        |
|-------------------------+-----------+----------+-----------+----------+-------------+------+-------+----------+-------------+------+-----+-----------|
| initial_summary         |    -0.019 |   -0.044 |           |      -46 |       87.14 |      |       | 0:00:04  |        5070 |    0 |   0 |           |
| route_type_refinement   |           |          |           |          |             |      |       | 0:00:01  |        5071 |      |     |        30 |
| simplify_netlist        |           |          |           |          |             |      |       | 0:00:03  |        5082 |      |     |           |
| excluded_clk_net_fixing |           |          |           |          |             |      |       | 0:00:00  |        5082 |      |     |           |
| global_opt              |           |   -0.130 |           |     -245 |       87.61 |      |       | 0:00:09  |        5307 |      |     |        30 |
| global_opt_2            |           |   -0.082 |           |     -124 |       88.08 |      |       | 0:00:18  |        5418 |      |     |        30 |
| area_reclaiming         |    -0.029 |   -0.079 |        -3 |     -126 |       85.36 |      |       | 0:00:08  |        5419 |      |     |        27 |
| wns_fixing              |    -0.005 |   -0.041 |        -0 |      -71 |       86.96 |      |       | 0:01:42  |        6211 |      |     |        52 |
| tns_fixing              |    -0.005 |   -0.041 |        -0 |      -53 |       91.20 |      |       | 0:01:20  |        6489 |      |     |        87 |
| area_reclaiming_2       |    -0.004 |   -0.033 |        -0 |      -53 |       90.13 |      |       | 0:00:09  |        5897 |      |     |       104 |
| area_reclaiming_3       |    -0.006 |   -0.033 |        -0 |      -56 |       87.87 |      |       | 0:00:08  |        5873 |      |     |        74 |
| local_wire_reclaim      |           |          |           |          |             |      |       | 0:00:19  |        5863 |      |     |           |
| global_route            |           |          |           |          |             | 0.00 |  0.00 | 0:00:02  |        5648 |      |     |           |
| route_type_refinement_2 |           |          |           |          |             |      |       | 0:00:00  |        5648 |      |     |        74 |
| drv_eco_fixing          |    -0.018 |   -0.036 |        -1 |      -48 |       87.87 |      |       | 0:00:03  |        5721 |    0 |   0 |        74 |
| wns_eco_fixing          |    -0.006 |   -0.030 |        -0 |      -46 |       89.78 |      |       | 0:00:29  |        6509 |      |     |        74 |
| tns_eco_fixing          |    -0.008 |   -0.032 |        -0 |      -44 |       89.77 |      |       | 0:00:40  |        6560 |      |     |        74 |
| tns_eco_fixing_2        |    -0.008 |   -0.032 |        -0 |      -44 |       89.77 |      |       | 0:00:05  |        6438 |      |     |        74 |
| final_summary           |    -0.008 |   -0.032 |           |      -43 |       89.77 | 0.00 |  0.00 | 0:00:04  |        5775 |    0 |   0 |           |
 ------------------------------------------------------------------------------------------------------------------------------------------------------ 
