###############################################################
#  Generated by:      Cadence Innovus 23.10-p003_1
#  OS:                Linux x86_64(Host ID tc053)
#  Generated on:      Wed Feb 19 14:38:51 2025
#  Design:            pp_fir_u_1
#  Command:           report_clock_trees -out_file RPT/rclk_full.rpt
###############################################################

Clock DAG stats:
================

---------------------------------------------------------
Cell type                 Count    Area       Capacitance
---------------------------------------------------------
Buffers                      0       0.000       0.000
Inverters                  441     375.354       1.241
Integrated Clock Gates       0       0.000       0.000
Discrete Clock Gates         0       0.000       0.000
Clock Logic                  0       0.000       0.000
All                        441     375.354       1.241
---------------------------------------------------------

Clock DAG miscellaneous counts:
===============================

------------------------------
Type                     Count
------------------------------
Roots                      1
Preserved Ports            0
Multiple Clock Inputs      0
------------------------------


Clock DAG sink counts:
======================

-------------------------
Sink type           Count
-------------------------
Regular             3670
Enable Latch           0
Load Capacitance       0
Antenna Diode          0
Node Sink              0
Total               3670
-------------------------


Clock DAG wire lengths:
=======================

--------------------
Type     Wire Length
--------------------
Top           0.000
Trunk      3530.765
Leaf       6991.880
Total     10522.645
--------------------


Clock DAG hp wire lengths:
==========================

-----------------------
Type     hp Wire Length
-----------------------
Top            0.000
Trunk       3160.720
Leaf        4017.930
Total       7178.650
-----------------------


Clock DAG capacitances:
=======================

--------------------------------
Type     Gate     Wire     Total
--------------------------------
Top      0.000    0.000    0.000
Trunk    1.241    0.502    1.742
Leaf     2.083    1.215    3.298
Total    3.324    1.716    5.040
--------------------------------


Clock DAG sink capacitances:
============================

-----------------------------------------------
Total    Average    Std. Dev.    Min      Max
-----------------------------------------------
2.083     0.001       0.000      0.000    0.002
-----------------------------------------------


Clock DAG net violations:
=========================

--------------------------------------------------------------------------------------------------------------
Type                    Units    Count    Average    Std. Dev.    Sum      Top 10 violations
--------------------------------------------------------------------------------------------------------------
Remaining Transition    ns         5       0.001       0.000      0.003    [0.001, 0.001, 0.000, 0.000, 0.000]
--------------------------------------------------------------------------------------------------------------


Clock DAG primary half-corner transition distribution:
======================================================

-----------------------------------------------------------------------------------------------------------------------------------------------------------------------------------------------------------------------------
Net Type    Target    Count    Average    Std. Dev.    Min      Max      Distribution                                                                   Over Target
-----------------------------------------------------------------------------------------------------------------------------------------------------------------------------------------------------------------------------
Trunk       0.025      198      0.020       0.003      0.009    0.025    {19 <= 0.015ns, 70 <= 0.020ns, 63 <= 0.022ns, 22 <= 0.024ns, 24 <= 0.025ns}                                      -
Leaf        0.025      244      0.020       0.004      0.011    0.026    {35 <= 0.015ns, 64 <= 0.020ns, 57 <= 0.022ns, 48 <= 0.024ns, 35 <= 0.025ns}    {5 <= 0.026ns, 0 <= 0.028ns, 0 <= 0.030ns, 0 <= 0.037ns, 0 > 0.037ns}
-----------------------------------------------------------------------------------------------------------------------------------------------------------------------------------------------------------------------------


Clock DAG library cell distribution:
====================================

-----------------------------------------------------------
Name                        Type        Inst     Inst Area 
                                        Count    (um^2)
-----------------------------------------------------------
INV_X7P5B_A9PP140ZTL_C30    inverter     128      145.152
INV_X6B_A9PP140ZTL_C30      inverter     178      156.996
INV_X4B_A9PP140ZTL_C30      inverter      88       55.440
INV_X2B_A9PP140ZTL_C30      inverter      47       17.766
-----------------------------------------------------------



Please note that the following tables reflect only the defined clock trees, so the flop counts might not include all flops in your design.

Clock Tree Summary:
===================

----------------------------------------------------------------------------------------------------------------------
Clock Tree  Clock  Bufs  Invs  Other  Max       Max     Max      Max          Standard   Wire   Gate   Clock Tree Root
Name        Gates              Clock  Non-leaf  Leaf    Length   Source-sink  cell area  cap    cap    
                               Cells  Fanout    Fanout  (um)     Resistance   (um^2)     (pF)   (pF)   
                                                                 (Ohms)                                
----------------------------------------------------------------------------------------------------------------------
clk           0     0    441     0       5        23    115.755    7017.99     375.354   1.716  3.324  clk
----------------------------------------------------------------------------------------------------------------------

Clock Sink Summary:
===================

-------------------------------------------------------------------------------------------------------------------------------------------
Clock Tree  Explicit      Implicit      Explicit     Implicit     Explicit   Implicit   Posedge  Negedge  Memory  Enable  Non enable  Other
Name        exclude pins  exclude pins  ignore pins  ignore pins  stop pins  stop pins  Flops    Flops    Clock   Latch   Latch       Sinks
                                                                                                          Pins    Sinks   Sinks       
-------------------------------------------------------------------------------------------------------------------------------------------
clk              0             0             0            0           0          0       3670       0       0       0         0         0
-------------------------------------------------------------------------------------------------------------------------------------------

Summary across all clock trees:
===============================

------------------------------------------------------------------------------------------------------------
Clock  Bufs  Invs  Other  Max       Average   Max     Average  Max      Max          Standard   Wire   Gate
Gates              Clock  Non-leaf  Non-leaf  Leaf    Leaf     Length   Source-sink  cell area  cap    cap
                   Cells  Fanout    Fanout    Fanout  Fanout   (um)     Resistance   (um^2)     (pF)   (pF)
                                                                        (Ohms)                         
------------------------------------------------------------------------------------------------------------
  0     0    441     0       5      2.22727     23    15.041   115.755    701.799     375.354   1.716  3.324
------------------------------------------------------------------------------------------------------------

Clock Sink Summary across all clock trees:
==========================================

-------------------------------------------------------------------------------------------------------------------------------
Explicit      Implicit      Explicit     Implicit     Explicit   Implicit   Posedge  Negedge  Memory  Enable  Non enable  Other
exclude pins  exclude pins  ignore pins  ignore pins  stop pins  stop pins  Flops    Flops    Clock   Latch   Latch       Sinks
                                                                                              Pins    Sinks   Sinks       
-------------------------------------------------------------------------------------------------------------------------------
     0             0             0            0           0          0       3670       0       0       0         0         0
-------------------------------------------------------------------------------------------------------------------------------

Physical metrics across all clock trees:
========================================

-----------------------------------------------------------------------
Metric                               Minimum  Average  Maximum  Std.dev
-----------------------------------------------------------------------
Source-sink routed net length (um)    0.515    14.400  115.755   9.569
Source-sink manhattan distance (um)   0.620    13.732  115.420   9.289
Source-sink resistance (Ohm)         38.463   148.344  701.799  60.494
-----------------------------------------------------------------------

Transition distribution for half-corner delay_corner_wcl_slow:both.late:
========================================================================

-----------------------------------------------------------------------------------------------------------------------------------------------------------------------------------------------------------------------------
Net Type    Target    Count    Average    Std. Dev.    Min      Max      Distribution                                                                   Over Target
-----------------------------------------------------------------------------------------------------------------------------------------------------------------------------------------------------------------------------
Trunk       0.025      198      0.020       0.003      0.009    0.025    {19 <= 0.015ns, 70 <= 0.020ns, 63 <= 0.022ns, 22 <= 0.024ns, 24 <= 0.025ns}                                      -
Leaf        0.025      244      0.020       0.004      0.011    0.026    {35 <= 0.015ns, 64 <= 0.020ns, 57 <= 0.022ns, 48 <= 0.024ns, 35 <= 0.025ns}    {5 <= 0.026ns, 0 <= 0.028ns, 0 <= 0.030ns, 0 <= 0.037ns, 0 > 0.037ns}
-----------------------------------------------------------------------------------------------------------------------------------------------------------------------------------------------------------------------------

Count of violations across all clock trees:
===========================================

---------------------------------------------------------------------------------------
Clock Tree  # Max capacitance  # Max resistance  # Max length  # Max fanout  # Slew
Name        violations         violations        violations    violations    violations
---------------------------------------------------------------------------------------
clk                 0                 0               0             0           103
---------------------------------------------------------------------------------------
Total               0                 0               0             0           103
---------------------------------------------------------------------------------------

Note the above table per clock tree is based on CCOpt clock tree view. The violations are counted across half corners.

Found a total of 0 clock tree pins with max capacitance violations.
Found a total of 0 clock tree nets with max resistance violations.
Found a total of 0 clock tree nets with max length violations.
Found a total of 0 clock tree nets with max fanout violations.
Found a total of 103 clock tree pins with a slew violation.

Slew violation summary across all clock trees - Top 10 violating pins:
======================================================================

Target and measured clock slews (in ns):

--------------------------------------------------------------------------------------------------------------------------
Half corner                      Violation  Slew    Slew      Dont   Ideal  Target    Pin
                                 amount     target  achieved  touch  net?   source    
                                                              net?                    
--------------------------------------------------------------------------------------------------------------------------
delay_corner_wcl_slow:both.late    0.001    0.025    0.026    N      N      explicit  pp_fir_1_1_1/sum1_14_re_1_reg[6]/CK
delay_corner_wcl_slow:both.late    0.001    0.025    0.026    N      N      explicit  pp_fir_1_1_1/sum1_14_re_1_reg[7]/CK
delay_corner_wcl_slow:both.late    0.001    0.025    0.026    N      N      explicit  pp_fir_1_1_1/sum1_14_re_1_reg[8]/CK
delay_corner_wcl_slow:both.late    0.001    0.025    0.026    N      N      explicit  pp_fir_1_1_1/sum1_14_re_1_reg[9]/CK
delay_corner_wcl_slow:both.late    0.001    0.025    0.026    N      N      explicit  pp_fir_1_1_1/sum1_14_re_1_reg[10]/CK
delay_corner_wcl_slow:both.late    0.001    0.025    0.026    N      N      explicit  pp_fir_1_1_1/sum1_14_re_1_reg[11]/CK
delay_corner_wcl_slow:both.late    0.001    0.025    0.026    N      N      explicit  pp_fir_1_1_1/sum1_14_re_1_reg[12]/CK
delay_corner_wcl_slow:both.late    0.001    0.025    0.026    N      N      explicit  pp_fir_1_1_1/sum1_14_re_1_reg[13]/CK
delay_corner_wcl_slow:both.late    0.001    0.025    0.026    N      N      explicit  pp_fir_1_1_1/sum1_14_re_1_reg[14]/CK
delay_corner_wcl_slow:both.late    0.001    0.025    0.026    N      N      explicit  pp_fir_1_1_1/CTS_ccl_a_inv_00209/Y
--------------------------------------------------------------------------------------------------------------------------

Target sources:
auto extracted - target was extracted from SDC.
auto computed - target was computed when balancing trees.
explicit - target is explicitly set via cts_target_max_transition_time attribute.
pin explicit - target is explicitly set for this pin via cts_pin_target_max_transition_time attribute.
liberty explicit - target is explicitly set via max_transition from liberty library.

Found 0 pins on nets marked dont_touch that have slew violations.
Found 0 pins on nets marked dont_touch that do not have slew violations.
Found 0 pins on nets marked ideal_network that have slew violations.
Found 0 pins on nets marked ideal_network that do not have slew violations.


Report for clock tree: clk:
===========================

Clock Tree Gating Structure (Logical):

# Full cycle clock gates   : 0
Minimum clock gating depth : 0
Maximum clock gating depth : 0
Clock gate area (um^2)     : 0.000

Clock Tree Buffering Structure (Logical):

# Buffers             :   0
# Inverters           : 441
  Total               : 441
Minimum depth         :  12
Maximum depth         :  16
Buffering area (um^2) : 375.354

Clock Tree Level Structure (Logical):

-----------------------------------------------------------------
Level  Full   Posedge  Negedge  Memory  Enable  Non enable  Other
       Cycle  Flops    Flops    Clock   Latch   Latch       Sinks
                                Pins    Sinks   Sinks       
-----------------------------------------------------------------
root     0     3670       0       0       0         0         0
-----------------------------------------------------------------
Total    0     3670       0       0       0         0         0
-----------------------------------------------------------------

Target and measured clock slews (in ns):

----------------------------------------------------------------------------------------------------------------------------------------------
Timing Corner                        Worst Rising  Worst Falling  Worst Rising  Worst Falling  Leaf Slew    Leaf Slew  Trunk Slew   Trunk Slew
                                     Leaf Slew     Leaf Slew      Trunk Slew    Trunk Slew     Target Type  Target     Target Type  Target
----------------------------------------------------------------------------------------------------------------------------------------------
delay_corner_wcl_fast:both.early        0.013          0.016         0.013          0.016      ignored          -      ignored          -
delay_corner_wcl_fast:both.late         0.013          0.016         0.013          0.016      ignored          -      ignored          -
delay_corner_wcl_slow:both.early        0.022          0.026         0.021          0.025      ignored          -      ignored          -
delay_corner_wcl_slow:both.late         0.022          0.026         0.021          0.025      explicit     *0.025     explicit      0.025
delay_corner_wcl_typical:both.early     0.016          0.020         0.016          0.020      ignored          -      ignored          -
delay_corner_wcl_typical:both.late      0.016          0.020         0.016          0.020      ignored          -      ignored          -
----------------------------------------------------------------------------------------------------------------------------------------------

* - indicates that target was not met.

auto extracted - target was extracted from SDC.
auto computed - target was computed when balancing trees.

