###############################################################
#  Generated by:      Cadence Innovus 23.10-p003_1
#  OS:                Linux x86_64(Host ID tc053)
#  Generated on:      Wed Feb 19 14:38:51 2025
#  Design:            pp_fir_u_1
#  Command:           report_skew_groups -out_file RPT/rskg_full.rpt
###############################################################

Skew Group Structure:
=====================

---------------------------------------------------------------------------------
Skew Group                    Sources    Constrained Sinks    Unconstrained Sinks
---------------------------------------------------------------------------------
clk/functional_wcl_typical       1             3670                    0
---------------------------------------------------------------------------------

Skew Group Summary:
===================

------------------------------------------------------------------------------------------------------------------------------------------------------------------------------------------------
Timing Corner                          Skew Group                    ID Target    Min ID    Max ID    Avg ID    Std.Dev. ID    Skew Target Type    Skew Target    Skew     Skew window occupancy
------------------------------------------------------------------------------------------------------------------------------------------------------------------------------------------------
delay_corner_wcl_slow:both.early       clk/functional_wcl_typical        -        0.184     0.204     0.194        0.004       ignored                  -         0.020              -
delay_corner_wcl_slow:both.late        clk/functional_wcl_typical    *0.200       0.188     0.207     0.198        0.004       explicit            *0.010         0.019    81.1% {0.193, 0.203}
delay_corner_wcl_fast:both.early       clk/functional_wcl_typical        -        0.107     0.120     0.114        0.002       ignored                  -         0.013              -
delay_corner_wcl_fast:both.late        clk/functional_wcl_typical        -        0.110     0.123     0.116        0.002       ignored                  -         0.013              -
delay_corner_wcl_typical:both.early    clk/functional_wcl_typical        -        0.139     0.156     0.147        0.003       ignored                  -         0.017              -
delay_corner_wcl_typical:both.late     clk/functional_wcl_typical        -        0.142     0.158     0.150        0.003       ignored                  -         0.016              -
------------------------------------------------------------------------------------------------------------------------------------------------------------------------------------------------

* - indicates that target was not met.

Skew Group Min/Max path pins:
=============================

---------------------------------------------------------------------------------------------------------
Timing Corner                          Skew Group                    Min ID    PathID    Max ID    PathID
---------------------------------------------------------------------------------------------------------
delay_corner_wcl_slow:both.early       clk/functional_wcl_typical    0.184        1      0.204        2
-    min signed_mag_1_mag_re_reg[77]/CK
-    max pp_fir_1_1_1/Delay_Pipeline_reg_im_reg[19][12]/CK
delay_corner_wcl_slow:both.late        clk/functional_wcl_typical    0.188        3      0.207        4
-    min signed_mag_1_mag_re_reg[77]/CK
-    max pp_fir_1_1_1/Delay_Pipeline_reg_im_reg[19][12]/CK
delay_corner_wcl_fast:both.early       clk/functional_wcl_typical    0.107        5      0.120        6
-    min signed_mag_1_mag_im_reg[48]/CK
-    max pp_fir_1_1_1/Delay_Pipeline_reg_im_reg[19][12]/CK
delay_corner_wcl_fast:both.late        clk/functional_wcl_typical    0.110        7      0.123        8
-    min signed_mag_1_mag_im_reg[48]/CK
-    max pp_fir_1_1_1/Delay_Pipeline_reg_im_reg[19][12]/CK
delay_corner_wcl_typical:both.early    clk/functional_wcl_typical    0.139        9      0.156       10
-    min signed_mag_1_mag_re_reg[77]/CK
-    max pp_fir_1_1_1/sum2_4_im_1_reg[15]/CK
delay_corner_wcl_typical:both.late     clk/functional_wcl_typical    0.142       11      0.158       12
-    min signed_mag_1_mag_re_reg[77]/CK
-    max pp_fir_1_1_1/sum2_4_im_1_reg[15]/CK
---------------------------------------------------------------------------------------------------------

Timing for timing corner delay_corner_wcl_slow:both.early, min clock_path:
==========================================================================

PathID    : 1
Path type : skew group clk/functional_wcl_typical (path 1 of 1)
Start     : clk
End       : signed_mag_1_mag_re_reg[77]/CK
Delay     : 0.184

-----------------------------------------------------------------------------------------------------------------
Name  Lib cell                   Event  Incr   Arrival  Slew   Cap    Location           Distance  Fanout  Status
                                        (ns)   (ns)     (ns)   (pF)                      (um)              
-- Clockpath trace ----------------------------------------------------------------------------------------------
clk
-     -                          rise   -       0.000   0.004  0.028  (102.020,179.950)  -            5    
CTS_cdb_inv_00472/A
-     INV_X2B_A9PP140ZTL_C30     rise   0.004   0.004   0.013  -      (85.980,156.050)    39.940   -       
CTS_cdb_inv_00472/Y
-     INV_X2B_A9PP140ZTL_C30     fall   0.015   0.019   0.022  0.005  (86.120,156.250)     0.340      1    
CTS_cdb_inv_00473/A
-     INV_X2B_A9PP140ZTL_C30     fall   0.001   0.019   0.022  -      (90.740,179.450)    27.820   -       
CTS_cdb_inv_00473/Y
-     INV_X2B_A9PP140ZTL_C30     rise   0.016   0.036   0.020  0.005  (90.880,179.650)     0.340      1    
CTS_cdb_inv_00474/A
-     INV_X2B_A9PP140ZTL_C30     rise   0.001   0.036   0.020  -      (82.200,156.950)    31.380   -       
CTS_cdb_inv_00474/Y
-     INV_X2B_A9PP140ZTL_C30     fall   0.017   0.053   0.024  0.005  (82.060,156.750)     0.340      1    
CTS_cdb_inv_00475/A
-     INV_X2B_A9PP140ZTL_C30     fall   0.001   0.054   0.024  -      (71.280,175.850)    29.880   -       
CTS_cdb_inv_00475/Y
-     INV_X2B_A9PP140ZTL_C30     rise   0.013   0.067   0.015  0.003  (71.140,176.050)     0.340      1    
CTS_cdb_inv_00476/A
-     INV_X2B_A9PP140ZTL_C30     rise   0.000   0.067   0.015  -      (68.200,165.950)    13.040   -       
CTS_cdb_inv_00476/Y
-     INV_X2B_A9PP140ZTL_C30     fall   0.017   0.084   0.024  0.005  (68.060,165.750)     0.340      1    
CTS_cdb_inv_00477/A
-     INV_X2B_A9PP140ZTL_C30     fall   0.001   0.084   0.024  -      (77.720,142.550)    32.860   -       
CTS_cdb_inv_00477/Y
-     INV_X2B_A9PP140ZTL_C30     rise   0.015   0.099   0.018  0.004  (77.860,142.350)     0.340      1    
CTS_ccl_inv_00397/A
-     INV_X2B_A9PP140ZTL_C30     rise   0.000   0.100   0.018  -      (78.840,163.250)    21.880   -       
CTS_ccl_inv_00397/Y
-     INV_X2B_A9PP140ZTL_C30     fall   0.017   0.116   0.024  0.005  (78.980,163.450)     0.340      2    
CTS_ccl_a_inv_00392/A
-     INV_X4B_A9PP140ZTL_C30     fall   0.000   0.117   0.024  -      (80.100,166.850)     4.520   -       
CTS_ccl_a_inv_00392/Y
-     INV_X4B_A9PP140ZTL_C30     rise   0.014   0.130   0.016  0.007  (80.240,166.650)     0.340      2    
CTS_ccl_a_inv_00367/A
-     INV_X4B_A9PP140ZTL_C30     rise   0.000   0.131   0.016  -      (81.080,166.850)     1.040   -       
CTS_ccl_a_inv_00367/Y
-     INV_X4B_A9PP140ZTL_C30     fall   0.013   0.143   0.018  0.007  (81.220,166.650)     0.340      2    
CTS_ccl_a_inv_00334/A
-     INV_X6B_A9PP140ZTL_C30     fall   0.000   0.143   0.018  -      (71.560,166.850)     9.860   -       
CTS_ccl_a_inv_00334/Y
-     INV_X6B_A9PP140ZTL_C30     rise   0.013   0.156   0.015  0.012  (71.420,166.650)     0.340      3    
CTS_ccl_a_inv_00271/A
-     INV_X6B_A9PP140ZTL_C30     rise   0.001   0.157   0.015  -      (63.860,166.850)     7.760   -       
CTS_ccl_a_inv_00271/Y
-     INV_X6B_A9PP140ZTL_C30     fall   0.015   0.172   0.022  0.013  (64.000,166.650)     0.340      3    
CTS_ccl_a_inv_00050/A
-     INV_X7P5B_A9PP140ZTL_C30   fall   0.001   0.173   0.022  -      (63.440,175.850)     9.760   -       
CTS_ccl_a_inv_00050/Y
-     INV_X7P5B_A9PP140ZTL_C30   rise   0.011   0.184   0.013  0.010  (63.580,175.650)     0.340     12    
signed_mag_1_mag_re_reg[77]/CK
-     DFFRPQ_X1M_A9PP140ZTL_C30  rise   0.000   0.184   0.013  -      (64.420,178.550)     3.740   -       
-----------------------------------------------------------------------------------------------------------------

Timing for timing corner delay_corner_wcl_slow:both.early, max clock_path:
==========================================================================

PathID    : 2
Path type : skew group clk/functional_wcl_typical (path 1 of 1)
Start     : clk
End       : pp_fir_1_1_1/Delay_Pipeline_reg_im_reg[19][15]/CK
Delay     : 0.204

------------------------------------------------------------------------------------------------------------------
Name  Lib cell                    Event  Incr   Arrival  Slew   Cap    Location           Distance  Fanout  Status
                                         (ns)   (ns)     (ns)   (pF)                      (um)              
-- Clockpath trace -----------------------------------------------------------------------------------------------
clk
-     -                           rise   -       0.000   0.004  0.028  (102.020,179.950)  -            5    
pp_fir_1_1_1/CTS_ccl_inv_00395/A
-     INV_X4B_A9PP140ZTL_C30      rise   0.005   0.005   0.012  -      (143.100,144.350)   76.680   -       
pp_fir_1_1_1/CTS_ccl_inv_00395/Y
-     INV_X4B_A9PP140ZTL_C30      fall   0.013   0.017   0.019  0.008  (143.240,144.550)    0.340      1    
pp_fir_1_1_1/CTS_cdb_inv_00448/A
-     INV_X2B_A9PP140ZTL_C30      fall   0.002   0.019   0.019  -      (144.640,93.050)    52.900   -       
pp_fir_1_1_1/CTS_cdb_inv_00448/Y
-     INV_X2B_A9PP140ZTL_C30      rise   0.011   0.030   0.013  0.003  (144.780,93.250)     0.340      1    
pp_fir_1_1_1/CTS_cdb_inv_00449/A
-     INV_X2B_A9PP140ZTL_C30      rise   0.000   0.030   0.013  -      (142.680,102.050)   10.900   -       
pp_fir_1_1_1/CTS_cdb_inv_00449/Y
-     INV_X2B_A9PP140ZTL_C30      fall   0.014   0.044   0.020  0.004  (142.540,102.250)    0.340      1    
pp_fir_1_1_1/CTS_cdb_inv_00450/A
-     INV_X2B_A9PP140ZTL_C30      fall   0.000   0.045   0.020  -      (139.460,81.350)    23.980   -       
pp_fir_1_1_1/CTS_cdb_inv_00450/Y
-     INV_X2B_A9PP140ZTL_C30      rise   0.012   0.057   0.014  0.003  (139.320,81.150)     0.340      1    
pp_fir_1_1_1/CTS_cdb_inv_00451/A
-     INV_X2B_A9PP140ZTL_C30      rise   0.000   0.057   0.014  -      (152.060,79.550)    14.340   -       
pp_fir_1_1_1/CTS_cdb_inv_00451/Y
-     INV_X2B_A9PP140ZTL_C30      fall   0.014   0.071   0.020  0.004  (152.200,79.350)     0.340      1    
pp_fir_1_1_1/CTS_cdb_inv_00452/A
-     INV_X2B_A9PP140ZTL_C30      fall   0.000   0.071   0.020  -      (155.000,58.850)    23.300   -       
pp_fir_1_1_1/CTS_cdb_inv_00452/Y
-     INV_X2B_A9PP140ZTL_C30      rise   0.012   0.084   0.014  0.003  (155.140,59.050)     0.340      1    
pp_fir_1_1_1/CTS_cdb_inv_00453/A
-     INV_X2B_A9PP140ZTL_C30      rise   0.000   0.084   0.014  -      (161.160,67.850)    14.820   -       
pp_fir_1_1_1/CTS_cdb_inv_00453/Y
-     INV_X2B_A9PP140ZTL_C30      fall   0.014   0.098   0.021  0.004  (161.300,68.050)     0.340      1    
pp_fir_1_1_1/CTS_ccl_a_inv_00390/A
-     INV_X2B_A9PP140ZTL_C30      fall   0.000   0.099   0.021  -      (156.260,88.550)    25.540   -       
pp_fir_1_1_1/CTS_ccl_a_inv_00390/Y
-     INV_X2B_A9PP140ZTL_C30      rise   0.015   0.114   0.019  0.005  (156.120,88.350)     0.340      2    
pp_fir_1_1_1/CTS_ccl_a_inv_00374/A
-     INV_X4B_A9PP140ZTL_C30      rise   0.000   0.114   0.019  -      (159.200,85.850)     5.580   -       
pp_fir_1_1_1/CTS_ccl_a_inv_00374/Y
-     INV_X4B_A9PP140ZTL_C30      fall   0.014   0.128   0.019  0.007  (159.340,85.650)     0.340      1    
pp_fir_1_1_1/CTS_ccl_a_inv_00355/A
-     INV_X4B_A9PP140ZTL_C30      fall   0.001   0.130   0.019  -      (178.940,62.450)    42.800   -       
pp_fir_1_1_1/CTS_ccl_a_inv_00355/Y
-     INV_X4B_A9PP140ZTL_C30      rise   0.012   0.141   0.014  0.006  (179.080,62.250)     0.340      2    
pp_fir_1_1_1/CTS_ccl_a_inv_00296/A
-     INV_X2B_A9PP140ZTL_C30      rise   0.001   0.142   0.014  -      (190.280,45.350)    28.100   -       
pp_fir_1_1_1/CTS_ccl_a_inv_00296/Y
-     INV_X2B_A9PP140ZTL_C30      fall   0.008   0.150   0.011  0.001  (190.420,45.150)     0.340      1    
pp_fir_1_1_1/CTS_cdb_inv_00484/A
-     INV_X2B_A9PP140ZTL_C30      fall   0.000   0.150   0.011  -      (190.700,43.550)     1.880   -       
pp_fir_1_1_1/CTS_cdb_inv_00484/Y
-     INV_X2B_A9PP140ZTL_C30      rise   0.009   0.159   0.010  0.002  (190.560,43.350)     0.340      1    
pp_fir_1_1_1/CTS_cdb_inv_00486/A
-     INV_X4B_A9PP140ZTL_C30      rise   0.000   0.159   0.010  -      (189.580,42.650)     1.680   -       
pp_fir_1_1_1/CTS_cdb_inv_00486/Y
-     INV_X4B_A9PP140ZTL_C30      fall   0.016   0.175   0.025  0.012  (189.720,42.450)     0.340      3    
pp_fir_1_1_1/CTS_ccl_a_inv_00121/A
-     INV_X6B_A9PP140ZTL_C30      fall   0.001   0.176   0.025  -      (181.320,42.650)     8.600   -       
pp_fir_1_1_1/CTS_ccl_a_inv_00121/Y
-     INV_X6B_A9PP140ZTL_C30      rise   0.008   0.184   0.010  0.003  (181.460,42.450)     0.340      1    
pp_fir_1_1_1/CTS_cpc_drv_inv_00494/A
-     INV_X6B_A9PP140ZTL_C30      rise   0.000   0.184   0.010  -      (183.420,43.550)     3.060   -       
pp_fir_1_1_1/CTS_cpc_drv_inv_00494/Y
-     INV_X6B_A9PP140ZTL_C30      fall   0.007   0.191   0.009  0.004  (183.280,43.750)     0.340      1    
pp_fir_1_1_1/CTS_cpc_drv_inv_00495/A
-     INV_X7P5B_A9PP140ZTL_C30    fall   0.000   0.192   0.009  -      (185.380,43.550)     2.300   -       
pp_fir_1_1_1/CTS_cpc_drv_inv_00495/Y
-     INV_X7P5B_A9PP140ZTL_C30    rise   0.009   0.201   0.016  0.017  (185.240,43.750)     0.340     18    
pp_fir_1_1_1/Delay_Pipeline_reg_im_reg[19][15]/CK
-     DFFRPQN_X3M_A9PP140ZTL_C30  rise   0.004   0.204   0.018  -      (196.720,36.350)    18.880   -       
------------------------------------------------------------------------------------------------------------------

Timing for timing corner delay_corner_wcl_slow:both.late, min clock_path:
=========================================================================

PathID    : 3
Path type : skew group clk/functional_wcl_typical (path 1 of 1)
Start     : clk
End       : signed_mag_1_mag_re_reg[77]/CK
Delay     : 0.188

-----------------------------------------------------------------------------------------------------------------
Name  Lib cell                   Event  Incr   Arrival  Slew   Cap    Location           Distance  Fanout  Status
                                        (ns)   (ns)     (ns)   (pF)                      (um)              
-- Clockpath trace ----------------------------------------------------------------------------------------------
clk
-     -                          rise   -       0.000   0.004  0.028  (102.020,179.950)  -            5    
CTS_cdb_inv_00472/A
-     INV_X2B_A9PP140ZTL_C30     rise   0.004   0.004   0.013  -      (85.980,156.050)    39.940   -       
CTS_cdb_inv_00472/Y
-     INV_X2B_A9PP140ZTL_C30     fall   0.015   0.019   0.022  0.005  (86.120,156.250)     0.340      1    
CTS_cdb_inv_00473/A
-     INV_X2B_A9PP140ZTL_C30     fall   0.001   0.020   0.022  -      (90.740,179.450)    27.820   -       
CTS_cdb_inv_00473/Y
-     INV_X2B_A9PP140ZTL_C30     rise   0.016   0.036   0.020  0.005  (90.880,179.650)     0.340      1    
CTS_cdb_inv_00474/A
-     INV_X2B_A9PP140ZTL_C30     rise   0.001   0.037   0.020  -      (82.200,156.950)    31.380   -       
CTS_cdb_inv_00474/Y
-     INV_X2B_A9PP140ZTL_C30     fall   0.017   0.055   0.024  0.005  (82.060,156.750)     0.340      1    
CTS_cdb_inv_00475/A
-     INV_X2B_A9PP140ZTL_C30     fall   0.001   0.056   0.024  -      (71.280,175.850)    29.880   -       
CTS_cdb_inv_00475/Y
-     INV_X2B_A9PP140ZTL_C30     rise   0.013   0.069   0.015  0.003  (71.140,176.050)     0.340      1    
CTS_cdb_inv_00476/A
-     INV_X2B_A9PP140ZTL_C30     rise   0.000   0.069   0.015  -      (68.200,165.950)    13.040   -       
CTS_cdb_inv_00476/Y
-     INV_X2B_A9PP140ZTL_C30     fall   0.017   0.086   0.024  0.005  (68.060,165.750)     0.340      1    
CTS_cdb_inv_00477/A
-     INV_X2B_A9PP140ZTL_C30     fall   0.001   0.087   0.024  -      (77.720,142.550)    32.860   -       
CTS_cdb_inv_00477/Y
-     INV_X2B_A9PP140ZTL_C30     rise   0.015   0.102   0.018  0.004  (77.860,142.350)     0.340      1    
CTS_ccl_inv_00397/A
-     INV_X2B_A9PP140ZTL_C30     rise   0.001   0.102   0.018  -      (78.840,163.250)    21.880   -       
CTS_ccl_inv_00397/Y
-     INV_X2B_A9PP140ZTL_C30     fall   0.017   0.119   0.024  0.005  (78.980,163.450)     0.340      2    
CTS_ccl_a_inv_00392/A
-     INV_X4B_A9PP140ZTL_C30     fall   0.000   0.119   0.024  -      (80.100,166.850)     4.520   -       
CTS_ccl_a_inv_00392/Y
-     INV_X4B_A9PP140ZTL_C30     rise   0.014   0.133   0.016  0.007  (80.240,166.650)     0.340      2    
CTS_ccl_a_inv_00367/A
-     INV_X4B_A9PP140ZTL_C30     rise   0.001   0.134   0.016  -      (81.080,166.850)     1.040   -       
CTS_ccl_a_inv_00367/Y
-     INV_X4B_A9PP140ZTL_C30     fall   0.013   0.147   0.018  0.007  (81.220,166.650)     0.340      2    
CTS_ccl_a_inv_00334/A
-     INV_X6B_A9PP140ZTL_C30     fall   0.000   0.147   0.018  -      (71.560,166.850)     9.860   -       
CTS_ccl_a_inv_00334/Y
-     INV_X6B_A9PP140ZTL_C30     rise   0.013   0.160   0.015  0.012  (71.420,166.650)     0.340      3    
CTS_ccl_a_inv_00271/A
-     INV_X6B_A9PP140ZTL_C30     rise   0.001   0.161   0.015  -      (63.860,166.850)     7.760   -       
CTS_ccl_a_inv_00271/Y
-     INV_X6B_A9PP140ZTL_C30     fall   0.015   0.176   0.022  0.013  (64.000,166.650)     0.340      3    
CTS_ccl_a_inv_00050/A
-     INV_X7P5B_A9PP140ZTL_C30   fall   0.001   0.177   0.022  -      (63.440,175.850)     9.760   -       
CTS_ccl_a_inv_00050/Y
-     INV_X7P5B_A9PP140ZTL_C30   rise   0.011   0.188   0.013  0.010  (63.580,175.650)     0.340     12    
signed_mag_1_mag_re_reg[77]/CK
-     DFFRPQ_X1M_A9PP140ZTL_C30  rise   0.000   0.188   0.013  -      (64.420,178.550)     3.740   -       
-----------------------------------------------------------------------------------------------------------------

Timing for timing corner delay_corner_wcl_slow:both.late, max clock_path:
=========================================================================

PathID    : 4
Path type : skew group clk/functional_wcl_typical (path 1 of 1)
Start     : clk
End       : pp_fir_1_1_1/Delay_Pipeline_reg_im_reg[19][15]/CK
Delay     : 0.207

------------------------------------------------------------------------------------------------------------------
Name  Lib cell                    Event  Incr   Arrival  Slew   Cap    Location           Distance  Fanout  Status
                                         (ns)   (ns)     (ns)   (pF)                      (um)              
-- Clockpath trace -----------------------------------------------------------------------------------------------
clk
-     -                           rise   -       0.000   0.004  0.028  (102.020,179.950)  -            5    
pp_fir_1_1_1/CTS_ccl_inv_00395/A
-     INV_X4B_A9PP140ZTL_C30      rise   0.005   0.005   0.012  -      (143.100,144.350)   76.680   -       
pp_fir_1_1_1/CTS_ccl_inv_00395/Y
-     INV_X4B_A9PP140ZTL_C30      fall   0.013   0.017   0.019  0.008  (143.240,144.550)    0.340      1    
pp_fir_1_1_1/CTS_cdb_inv_00448/A
-     INV_X2B_A9PP140ZTL_C30      fall   0.002   0.019   0.019  -      (144.640,93.050)    52.900   -       
pp_fir_1_1_1/CTS_cdb_inv_00448/Y
-     INV_X2B_A9PP140ZTL_C30      rise   0.011   0.030   0.013  0.003  (144.780,93.250)     0.340      1    
pp_fir_1_1_1/CTS_cdb_inv_00449/A
-     INV_X2B_A9PP140ZTL_C30      rise   0.000   0.030   0.013  -      (142.680,102.050)   10.900   -       
pp_fir_1_1_1/CTS_cdb_inv_00449/Y
-     INV_X2B_A9PP140ZTL_C30      fall   0.014   0.044   0.020  0.004  (142.540,102.250)    0.340      1    
pp_fir_1_1_1/CTS_cdb_inv_00450/A
-     INV_X2B_A9PP140ZTL_C30      fall   0.001   0.045   0.020  -      (139.460,81.350)    23.980   -       
pp_fir_1_1_1/CTS_cdb_inv_00450/Y
-     INV_X2B_A9PP140ZTL_C30      rise   0.012   0.057   0.014  0.003  (139.320,81.150)     0.340      1    
pp_fir_1_1_1/CTS_cdb_inv_00451/A
-     INV_X2B_A9PP140ZTL_C30      rise   0.000   0.058   0.014  -      (152.060,79.550)    14.340   -       
pp_fir_1_1_1/CTS_cdb_inv_00451/Y
-     INV_X2B_A9PP140ZTL_C30      fall   0.014   0.072   0.020  0.004  (152.200,79.350)     0.340      1    
pp_fir_1_1_1/CTS_cdb_inv_00452/A
-     INV_X2B_A9PP140ZTL_C30      fall   0.001   0.073   0.020  -      (155.000,58.850)    23.300   -       
pp_fir_1_1_1/CTS_cdb_inv_00452/Y
-     INV_X2B_A9PP140ZTL_C30      rise   0.012   0.085   0.014  0.003  (155.140,59.050)     0.340      1    
pp_fir_1_1_1/CTS_cdb_inv_00453/A
-     INV_X2B_A9PP140ZTL_C30      rise   0.001   0.085   0.014  -      (161.160,67.850)    14.820   -       
pp_fir_1_1_1/CTS_cdb_inv_00453/Y
-     INV_X2B_A9PP140ZTL_C30      fall   0.014   0.100   0.021  0.004  (161.300,68.050)     0.340      1    
pp_fir_1_1_1/CTS_ccl_a_inv_00390/A
-     INV_X2B_A9PP140ZTL_C30      fall   0.001   0.101   0.021  -      (156.260,88.550)    25.540   -       
pp_fir_1_1_1/CTS_ccl_a_inv_00390/Y
-     INV_X2B_A9PP140ZTL_C30      rise   0.015   0.116   0.019  0.005  (156.120,88.350)     0.340      2    
pp_fir_1_1_1/CTS_ccl_a_inv_00374/A
-     INV_X4B_A9PP140ZTL_C30      rise   0.000   0.117   0.019  -      (159.200,85.850)     5.580   -       
pp_fir_1_1_1/CTS_ccl_a_inv_00374/Y
-     INV_X4B_A9PP140ZTL_C30      fall   0.014   0.131   0.019  0.007  (159.340,85.650)     0.340      1    
pp_fir_1_1_1/CTS_ccl_a_inv_00355/A
-     INV_X4B_A9PP140ZTL_C30      fall   0.001   0.132   0.019  -      (178.940,62.450)    42.800   -       
pp_fir_1_1_1/CTS_ccl_a_inv_00355/Y
-     INV_X4B_A9PP140ZTL_C30      rise   0.012   0.144   0.014  0.006  (179.080,62.250)     0.340      2    
pp_fir_1_1_1/CTS_ccl_a_inv_00296/A
-     INV_X2B_A9PP140ZTL_C30      rise   0.001   0.144   0.014  -      (190.280,45.350)    28.100   -       
pp_fir_1_1_1/CTS_ccl_a_inv_00296/Y
-     INV_X2B_A9PP140ZTL_C30      fall   0.008   0.152   0.011  0.001  (190.420,45.150)     0.340      1    
pp_fir_1_1_1/CTS_cdb_inv_00484/A
-     INV_X2B_A9PP140ZTL_C30      fall   0.000   0.152   0.011  -      (190.700,43.550)     1.880   -       
pp_fir_1_1_1/CTS_cdb_inv_00484/Y
-     INV_X2B_A9PP140ZTL_C30      rise   0.009   0.161   0.010  0.002  (190.560,43.350)     0.340      1    
pp_fir_1_1_1/CTS_cdb_inv_00486/A
-     INV_X4B_A9PP140ZTL_C30      rise   0.000   0.161   0.010  -      (189.580,42.650)     1.680   -       
pp_fir_1_1_1/CTS_cdb_inv_00486/Y
-     INV_X4B_A9PP140ZTL_C30      fall   0.016   0.178   0.025  0.012  (189.720,42.450)     0.340      3    
pp_fir_1_1_1/CTS_ccl_a_inv_00121/A
-     INV_X6B_A9PP140ZTL_C30      fall   0.001   0.178   0.025  -      (181.320,42.650)     8.600   -       
pp_fir_1_1_1/CTS_ccl_a_inv_00121/Y
-     INV_X6B_A9PP140ZTL_C30      rise   0.008   0.186   0.010  0.003  (181.460,42.450)     0.340      1    
pp_fir_1_1_1/CTS_cpc_drv_inv_00494/A
-     INV_X6B_A9PP140ZTL_C30      rise   0.000   0.187   0.010  -      (183.420,43.550)     3.060   -       
pp_fir_1_1_1/CTS_cpc_drv_inv_00494/Y
-     INV_X6B_A9PP140ZTL_C30      fall   0.007   0.194   0.009  0.004  (183.280,43.750)     0.340      1    
pp_fir_1_1_1/CTS_cpc_drv_inv_00495/A
-     INV_X7P5B_A9PP140ZTL_C30    fall   0.000   0.194   0.009  -      (185.380,43.550)     2.300   -       
pp_fir_1_1_1/CTS_cpc_drv_inv_00495/Y
-     INV_X7P5B_A9PP140ZTL_C30    rise   0.009   0.203   0.016  0.017  (185.240,43.750)     0.340     18    
pp_fir_1_1_1/Delay_Pipeline_reg_im_reg[19][15]/CK
-     DFFRPQN_X3M_A9PP140ZTL_C30  rise   0.004   0.207   0.018  -      (196.720,36.350)    18.880   -       
------------------------------------------------------------------------------------------------------------------

Timing for timing corner delay_corner_wcl_fast:both.early, min clock_path:
==========================================================================

PathID    : 5
Path type : skew group clk/functional_wcl_typical (path 1 of 1)
Start     : clk
End       : signed_mag_1_mag_im_reg[48]/CK
Delay     : 0.107

-----------------------------------------------------------------------------------------------------------------
Name  Lib cell                   Event  Incr   Arrival  Slew   Cap    Location           Distance  Fanout  Status
                                        (ns)   (ns)     (ns)   (pF)                      (um)              
-- Clockpath trace ----------------------------------------------------------------------------------------------
clk
-     -                          rise   -       0.000   0.004  0.030  (102.020,179.950)  -            5    
CTS_cdb_inv_00472/A
-     INV_X2B_A9PP140ZTL_C30     rise   0.002   0.002   0.007  -      (85.980,156.050)    39.940   -       
CTS_cdb_inv_00472/Y
-     INV_X2B_A9PP140ZTL_C30     fall   0.009   0.011   0.014  0.005  (86.120,156.250)     0.340      1    
CTS_cdb_inv_00473/A
-     INV_X2B_A9PP140ZTL_C30     fall   0.000   0.011   0.014  -      (90.740,179.450)    27.820   -       
CTS_cdb_inv_00473/Y
-     INV_X2B_A9PP140ZTL_C30     rise   0.010   0.021   0.012  0.005  (90.880,179.650)     0.340      1    
CTS_cdb_inv_00474/A
-     INV_X2B_A9PP140ZTL_C30     rise   0.000   0.021   0.012  -      (82.200,156.950)    31.380   -       
CTS_cdb_inv_00474/Y
-     INV_X2B_A9PP140ZTL_C30     fall   0.010   0.032   0.015  0.005  (82.060,156.750)     0.340      1    
CTS_cdb_inv_00475/A
-     INV_X2B_A9PP140ZTL_C30     fall   0.000   0.032   0.015  -      (71.280,175.850)    29.880   -       
CTS_cdb_inv_00475/Y
-     INV_X2B_A9PP140ZTL_C30     rise   0.007   0.039   0.009  0.003  (71.140,176.050)     0.340      1    
CTS_cdb_inv_00476/A
-     INV_X2B_A9PP140ZTL_C30     rise   0.000   0.039   0.009  -      (68.200,165.950)    13.040   -       
CTS_cdb_inv_00476/Y
-     INV_X2B_A9PP140ZTL_C30     fall   0.010   0.050   0.015  0.006  (68.060,165.750)     0.340      1    
CTS_cdb_inv_00477/A
-     INV_X2B_A9PP140ZTL_C30     fall   0.000   0.050   0.015  -      (77.720,142.550)    32.860   -       
CTS_cdb_inv_00477/Y
-     INV_X2B_A9PP140ZTL_C30     rise   0.009   0.058   0.011  0.004  (77.860,142.350)     0.340      1    
CTS_ccl_inv_00397/A
-     INV_X2B_A9PP140ZTL_C30     rise   0.000   0.059   0.011  -      (78.840,163.250)    21.880   -       
CTS_ccl_inv_00397/Y
-     INV_X2B_A9PP140ZTL_C30     fall   0.010   0.069   0.015  0.005  (78.980,163.450)     0.340      2    
CTS_ccl_a_inv_00382/A
-     INV_X4B_A9PP140ZTL_C30     fall   0.000   0.069   0.015  -      (75.900,166.850)     6.480   -       
CTS_ccl_a_inv_00382/Y
-     INV_X4B_A9PP140ZTL_C30     rise   0.008   0.077   0.010  0.008  (75.760,166.650)     0.340      1    
CTS_ccl_a_inv_00366/A
-     INV_X6B_A9PP140ZTL_C30     rise   0.000   0.077   0.010  -      (43.280,169.550)    35.380   -       
CTS_ccl_a_inv_00366/Y
-     INV_X6B_A9PP140ZTL_C30     fall   0.009   0.086   0.012  0.012  (43.140,169.750)     0.340      3    
CTS_ccl_a_inv_00336/A
-     INV_X4B_A9PP140ZTL_C30     fall   0.000   0.086   0.012  -      (23.540,174.050)    23.900   -       
CTS_ccl_a_inv_00336/Y
-     INV_X4B_A9PP140ZTL_C30     rise   0.006   0.093   0.008  0.006  (23.680,173.850)     0.340      2    
CTS_ccl_a_inv_00274/A
-     INV_X6B_A9PP140ZTL_C30     rise   0.000   0.093   0.008  -      (23.680,172.250)     1.600   -       
CTS_ccl_a_inv_00274/Y
-     INV_X6B_A9PP140ZTL_C30     fall   0.008   0.101   0.012  0.013  (23.540,172.050)     0.340      3    
CTS_ccl_a_inv_00103/A
-     INV_X7P5B_A9PP140ZTL_C30   fall   0.000   0.101   0.012  -      (25.640,170.450)     3.700   -       
CTS_ccl_a_inv_00103/Y
-     INV_X7P5B_A9PP140ZTL_C30   rise   0.006   0.107   0.008  0.010  (25.780,170.250)     0.340     12    
signed_mag_1_mag_im_reg[48]/CK
-     DFFRPQ_X1M_A9PP140ZTL_C30  rise   0.000   0.107   0.008  -      (31.240,172.250)     7.460   -       
-----------------------------------------------------------------------------------------------------------------

Timing for timing corner delay_corner_wcl_fast:both.early, max clock_path:
==========================================================================

PathID    : 6
Path type : skew group clk/functional_wcl_typical (path 1 of 1)
Start     : clk
End       : pp_fir_1_1_1/Delay_Pipeline_reg_im_reg[20][8]/CK
Delay     : 0.120

-----------------------------------------------------------------------------------------------------------------
Name  Lib cell                   Event  Incr   Arrival  Slew   Cap    Location           Distance  Fanout  Status
                                        (ns)   (ns)     (ns)   (pF)                      (um)              
-- Clockpath trace ----------------------------------------------------------------------------------------------
clk
-     -                          rise   -       0.000   0.004  0.030  (102.020,179.950)  -            5    
pp_fir_1_1_1/CTS_ccl_inv_00395/A
-     INV_X4B_A9PP140ZTL_C30     rise   0.002   0.002   0.007  -      (143.100,144.350)   76.680   -       
pp_fir_1_1_1/CTS_ccl_inv_00395/Y
-     INV_X4B_A9PP140ZTL_C30     fall   0.008   0.011   0.012  0.008  (143.240,144.550)    0.340      1    
pp_fir_1_1_1/CTS_cdb_inv_00448/A
-     INV_X2B_A9PP140ZTL_C30     fall   0.001   0.011   0.012  -      (144.640,93.050)    52.900   -       
pp_fir_1_1_1/CTS_cdb_inv_00448/Y
-     INV_X2B_A9PP140ZTL_C30     rise   0.006   0.018   0.008  0.003  (144.780,93.250)     0.340      1    
pp_fir_1_1_1/CTS_cdb_inv_00449/A
-     INV_X2B_A9PP140ZTL_C30     rise   0.000   0.018   0.008  -      (142.680,102.050)   10.900   -       
pp_fir_1_1_1/CTS_cdb_inv_00449/Y
-     INV_X2B_A9PP140ZTL_C30     fall   0.009   0.026   0.013  0.005  (142.540,102.250)    0.340      1    
pp_fir_1_1_1/CTS_cdb_inv_00450/A
-     INV_X2B_A9PP140ZTL_C30     fall   0.000   0.027   0.013  -      (139.460,81.350)    23.980   -       
pp_fir_1_1_1/CTS_cdb_inv_00450/Y
-     INV_X2B_A9PP140ZTL_C30     rise   0.007   0.034   0.009  0.003  (139.320,81.150)     0.340      1    
pp_fir_1_1_1/CTS_cdb_inv_00451/A
-     INV_X2B_A9PP140ZTL_C30     rise   0.000   0.034   0.009  -      (152.060,79.550)    14.340   -       
pp_fir_1_1_1/CTS_cdb_inv_00451/Y
-     INV_X2B_A9PP140ZTL_C30     fall   0.009   0.042   0.013  0.004  (152.200,79.350)     0.340      1    
pp_fir_1_1_1/CTS_cdb_inv_00452/A
-     INV_X2B_A9PP140ZTL_C30     fall   0.000   0.042   0.013  -      (155.000,58.850)    23.300   -       
pp_fir_1_1_1/CTS_cdb_inv_00452/Y
-     INV_X2B_A9PP140ZTL_C30     rise   0.007   0.050   0.009  0.003  (155.140,59.050)     0.340      1    
pp_fir_1_1_1/CTS_cdb_inv_00453/A
-     INV_X2B_A9PP140ZTL_C30     rise   0.000   0.050   0.009  -      (161.160,67.850)    14.820   -       
pp_fir_1_1_1/CTS_cdb_inv_00453/Y
-     INV_X2B_A9PP140ZTL_C30     fall   0.009   0.059   0.013  0.005  (161.300,68.050)     0.340      1    
pp_fir_1_1_1/CTS_ccl_a_inv_00390/A
-     INV_X2B_A9PP140ZTL_C30     fall   0.000   0.059   0.013  -      (156.260,88.550)    25.540   -       
pp_fir_1_1_1/CTS_ccl_a_inv_00390/Y
-     INV_X2B_A9PP140ZTL_C30     rise   0.009   0.068   0.011  0.005  (156.120,88.350)     0.340      2    
pp_fir_1_1_1/CTS_ccl_a_inv_00374/A
-     INV_X4B_A9PP140ZTL_C30     rise   0.000   0.068   0.011  -      (159.200,85.850)     5.580   -       
pp_fir_1_1_1/CTS_ccl_a_inv_00374/Y
-     INV_X4B_A9PP140ZTL_C30     fall   0.008   0.076   0.012  0.008  (159.340,85.650)     0.340      1    
pp_fir_1_1_1/CTS_ccl_a_inv_00355/A
-     INV_X4B_A9PP140ZTL_C30     fall   0.000   0.077   0.012  -      (178.940,62.450)    42.800   -       
pp_fir_1_1_1/CTS_ccl_a_inv_00355/Y
-     INV_X4B_A9PP140ZTL_C30     rise   0.007   0.084   0.008  0.006  (179.080,62.250)     0.340      2    
pp_fir_1_1_1/CTS_ccl_a_inv_00296/A
-     INV_X2B_A9PP140ZTL_C30     rise   0.000   0.084   0.008  -      (190.280,45.350)    28.100   -       
pp_fir_1_1_1/CTS_ccl_a_inv_00296/Y
-     INV_X2B_A9PP140ZTL_C30     fall   0.005   0.088   0.006  0.002  (190.420,45.150)     0.340      1    
pp_fir_1_1_1/CTS_cdb_inv_00484/A
-     INV_X2B_A9PP140ZTL_C30     fall   0.000   0.088   0.006  -      (190.700,43.550)     1.880   -       
pp_fir_1_1_1/CTS_cdb_inv_00484/Y
-     INV_X2B_A9PP140ZTL_C30     rise   0.005   0.093   0.006  0.002  (190.560,43.350)     0.340      1    
pp_fir_1_1_1/CTS_cdb_inv_00486/A
-     INV_X4B_A9PP140ZTL_C30     rise   0.000   0.093   0.006  -      (189.580,42.650)     1.680   -       
pp_fir_1_1_1/CTS_cdb_inv_00486/Y
-     INV_X4B_A9PP140ZTL_C30     fall   0.010   0.104   0.016  0.012  (189.720,42.450)     0.340      3    
pp_fir_1_1_1/CTS_ccl_a_inv_00121/A
-     INV_X6B_A9PP140ZTL_C30     fall   0.000   0.104   0.016  -      (181.320,42.650)     8.600   -       
pp_fir_1_1_1/CTS_ccl_a_inv_00121/Y
-     INV_X6B_A9PP140ZTL_C30     rise   0.005   0.108   0.006  0.003  (181.460,42.450)     0.340      1    
pp_fir_1_1_1/CTS_cpc_drv_inv_00494/A
-     INV_X6B_A9PP140ZTL_C30     rise   0.000   0.108   0.006  -      (183.420,43.550)     3.060   -       
pp_fir_1_1_1/CTS_cpc_drv_inv_00494/Y
-     INV_X6B_A9PP140ZTL_C30     fall   0.004   0.113   0.006  0.004  (183.280,43.750)     0.340      1    
pp_fir_1_1_1/CTS_cpc_drv_inv_00495/A
-     INV_X7P5B_A9PP140ZTL_C30   fall   0.000   0.113   0.006  -      (185.380,43.550)     2.300   -       
pp_fir_1_1_1/CTS_cpc_drv_inv_00495/Y
-     INV_X7P5B_A9PP140ZTL_C30   rise   0.007   0.119   0.009  0.017  (185.240,43.750)     0.340     18    
pp_fir_1_1_1/Delay_Pipeline_reg_im_reg[20][8]/CK
-     DFFRPQ_X4M_A9PP140ZTL_C30  rise   0.001   0.120   0.009  -      (196.160,39.950)    14.720   -       
-----------------------------------------------------------------------------------------------------------------

Timing for timing corner delay_corner_wcl_fast:both.late, min clock_path:
=========================================================================

PathID    : 7
Path type : skew group clk/functional_wcl_typical (path 1 of 1)
Start     : clk
End       : signed_mag_1_mag_im_reg[48]/CK
Delay     : 0.110

-----------------------------------------------------------------------------------------------------------------
Name  Lib cell                   Event  Incr   Arrival  Slew   Cap    Location           Distance  Fanout  Status
                                        (ns)   (ns)     (ns)   (pF)                      (um)              
-- Clockpath trace ----------------------------------------------------------------------------------------------
clk
-     -                          rise   -       0.000   0.004  0.030  (102.020,179.950)  -            5    
CTS_cdb_inv_00472/A
-     INV_X2B_A9PP140ZTL_C30     rise   0.002   0.002   0.007  -      (85.980,156.050)    39.940   -       
CTS_cdb_inv_00472/Y
-     INV_X2B_A9PP140ZTL_C30     fall   0.009   0.011   0.014  0.005  (86.120,156.250)     0.340      1    
CTS_cdb_inv_00473/A
-     INV_X2B_A9PP140ZTL_C30     fall   0.001   0.011   0.014  -      (90.740,179.450)    27.820   -       
CTS_cdb_inv_00473/Y
-     INV_X2B_A9PP140ZTL_C30     rise   0.010   0.021   0.012  0.005  (90.880,179.650)     0.340      1    
CTS_cdb_inv_00474/A
-     INV_X2B_A9PP140ZTL_C30     rise   0.001   0.022   0.012  -      (82.200,156.950)    31.380   -       
CTS_cdb_inv_00474/Y
-     INV_X2B_A9PP140ZTL_C30     fall   0.010   0.032   0.015  0.005  (82.060,156.750)     0.340      1    
CTS_cdb_inv_00475/A
-     INV_X2B_A9PP140ZTL_C30     fall   0.001   0.033   0.015  -      (71.280,175.850)    29.880   -       
CTS_cdb_inv_00475/Y
-     INV_X2B_A9PP140ZTL_C30     rise   0.007   0.040   0.009  0.003  (71.140,176.050)     0.340      1    
CTS_cdb_inv_00476/A
-     INV_X2B_A9PP140ZTL_C30     rise   0.000   0.040   0.009  -      (68.200,165.950)    13.040   -       
CTS_cdb_inv_00476/Y
-     INV_X2B_A9PP140ZTL_C30     fall   0.010   0.050   0.015  0.006  (68.060,165.750)     0.340      1    
CTS_cdb_inv_00477/A
-     INV_X2B_A9PP140ZTL_C30     fall   0.001   0.051   0.015  -      (77.720,142.550)    32.860   -       
CTS_cdb_inv_00477/Y
-     INV_X2B_A9PP140ZTL_C30     rise   0.009   0.059   0.011  0.004  (77.860,142.350)     0.340      1    
CTS_ccl_inv_00397/A
-     INV_X2B_A9PP140ZTL_C30     rise   0.000   0.060   0.011  -      (78.840,163.250)    21.880   -       
CTS_ccl_inv_00397/Y
-     INV_X2B_A9PP140ZTL_C30     fall   0.010   0.070   0.015  0.005  (78.980,163.450)     0.340      2    
CTS_ccl_a_inv_00382/A
-     INV_X4B_A9PP140ZTL_C30     fall   0.000   0.070   0.015  -      (75.900,166.850)     6.480   -       
CTS_ccl_a_inv_00382/Y
-     INV_X4B_A9PP140ZTL_C30     rise   0.008   0.078   0.010  0.008  (75.760,166.650)     0.340      1    
CTS_ccl_a_inv_00366/A
-     INV_X6B_A9PP140ZTL_C30     rise   0.001   0.079   0.010  -      (43.280,169.550)    35.380   -       
CTS_ccl_a_inv_00366/Y
-     INV_X6B_A9PP140ZTL_C30     fall   0.009   0.088   0.012  0.012  (43.140,169.750)     0.340      3    
CTS_ccl_a_inv_00336/A
-     INV_X4B_A9PP140ZTL_C30     fall   0.000   0.088   0.012  -      (23.540,174.050)    23.900   -       
CTS_ccl_a_inv_00336/Y
-     INV_X4B_A9PP140ZTL_C30     rise   0.006   0.095   0.008  0.006  (23.680,173.850)     0.340      2    
CTS_ccl_a_inv_00274/A
-     INV_X6B_A9PP140ZTL_C30     rise   0.000   0.095   0.008  -      (23.680,172.250)     1.600   -       
CTS_ccl_a_inv_00274/Y
-     INV_X6B_A9PP140ZTL_C30     fall   0.008   0.103   0.012  0.013  (23.540,172.050)     0.340      3    
CTS_ccl_a_inv_00103/A
-     INV_X7P5B_A9PP140ZTL_C30   fall   0.000   0.103   0.012  -      (25.640,170.450)     3.700   -       
CTS_ccl_a_inv_00103/Y
-     INV_X7P5B_A9PP140ZTL_C30   rise   0.006   0.110   0.008  0.010  (25.780,170.250)     0.340     12    
signed_mag_1_mag_im_reg[48]/CK
-     DFFRPQ_X1M_A9PP140ZTL_C30  rise   0.000   0.110   0.008  -      (31.240,172.250)     7.460   -       
-----------------------------------------------------------------------------------------------------------------

Timing for timing corner delay_corner_wcl_fast:both.late, max clock_path:
=========================================================================

PathID    : 8
Path type : skew group clk/functional_wcl_typical (path 1 of 1)
Start     : clk
End       : pp_fir_1_1_1/Delay_Pipeline_reg_im_reg[20][8]/CK
Delay     : 0.123

-----------------------------------------------------------------------------------------------------------------
Name  Lib cell                   Event  Incr   Arrival  Slew   Cap    Location           Distance  Fanout  Status
                                        (ns)   (ns)     (ns)   (pF)                      (um)              
-- Clockpath trace ----------------------------------------------------------------------------------------------
clk
-     -                          rise   -       0.000   0.004  0.030  (102.020,179.950)  -            5    
pp_fir_1_1_1/CTS_ccl_inv_00395/A
-     INV_X4B_A9PP140ZTL_C30     rise   0.002   0.002   0.007  -      (143.100,144.350)   76.680   -       
pp_fir_1_1_1/CTS_ccl_inv_00395/Y
-     INV_X4B_A9PP140ZTL_C30     fall   0.008   0.011   0.012  0.008  (143.240,144.550)    0.340      1    
pp_fir_1_1_1/CTS_cdb_inv_00448/A
-     INV_X2B_A9PP140ZTL_C30     fall   0.001   0.012   0.012  -      (144.640,93.050)    52.900   -       
pp_fir_1_1_1/CTS_cdb_inv_00448/Y
-     INV_X2B_A9PP140ZTL_C30     rise   0.006   0.018   0.008  0.003  (144.780,93.250)     0.340      1    
pp_fir_1_1_1/CTS_cdb_inv_00449/A
-     INV_X2B_A9PP140ZTL_C30     rise   0.000   0.018   0.008  -      (142.680,102.050)   10.900   -       
pp_fir_1_1_1/CTS_cdb_inv_00449/Y
-     INV_X2B_A9PP140ZTL_C30     fall   0.009   0.027   0.013  0.005  (142.540,102.250)    0.340      1    
pp_fir_1_1_1/CTS_cdb_inv_00450/A
-     INV_X2B_A9PP140ZTL_C30     fall   0.000   0.028   0.013  -      (139.460,81.350)    23.980   -       
pp_fir_1_1_1/CTS_cdb_inv_00450/Y
-     INV_X2B_A9PP140ZTL_C30     rise   0.007   0.035   0.009  0.003  (139.320,81.150)     0.340      1    
pp_fir_1_1_1/CTS_cdb_inv_00451/A
-     INV_X2B_A9PP140ZTL_C30     rise   0.000   0.035   0.009  -      (152.060,79.550)    14.340   -       
pp_fir_1_1_1/CTS_cdb_inv_00451/Y
-     INV_X2B_A9PP140ZTL_C30     fall   0.009   0.043   0.013  0.004  (152.200,79.350)     0.340      1    
pp_fir_1_1_1/CTS_cdb_inv_00452/A
-     INV_X2B_A9PP140ZTL_C30     fall   0.000   0.044   0.013  -      (155.000,58.850)    23.300   -       
pp_fir_1_1_1/CTS_cdb_inv_00452/Y
-     INV_X2B_A9PP140ZTL_C30     rise   0.007   0.051   0.009  0.003  (155.140,59.050)     0.340      1    
pp_fir_1_1_1/CTS_cdb_inv_00453/A
-     INV_X2B_A9PP140ZTL_C30     rise   0.000   0.051   0.009  -      (161.160,67.850)    14.820   -       
pp_fir_1_1_1/CTS_cdb_inv_00453/Y
-     INV_X2B_A9PP140ZTL_C30     fall   0.009   0.060   0.013  0.005  (161.300,68.050)     0.340      1    
pp_fir_1_1_1/CTS_ccl_a_inv_00390/A
-     INV_X2B_A9PP140ZTL_C30     fall   0.000   0.060   0.013  -      (156.260,88.550)    25.540   -       
pp_fir_1_1_1/CTS_ccl_a_inv_00390/Y
-     INV_X2B_A9PP140ZTL_C30     rise   0.009   0.070   0.011  0.005  (156.120,88.350)     0.340      2    
pp_fir_1_1_1/CTS_ccl_a_inv_00374/A
-     INV_X4B_A9PP140ZTL_C30     rise   0.000   0.070   0.011  -      (159.200,85.850)     5.580   -       
pp_fir_1_1_1/CTS_ccl_a_inv_00374/Y
-     INV_X4B_A9PP140ZTL_C30     fall   0.008   0.078   0.012  0.008  (159.340,85.650)     0.340      1    
pp_fir_1_1_1/CTS_ccl_a_inv_00355/A
-     INV_X4B_A9PP140ZTL_C30     fall   0.001   0.079   0.012  -      (178.940,62.450)    42.800   -       
pp_fir_1_1_1/CTS_ccl_a_inv_00355/Y
-     INV_X4B_A9PP140ZTL_C30     rise   0.007   0.086   0.008  0.006  (179.080,62.250)     0.340      2    
pp_fir_1_1_1/CTS_ccl_a_inv_00296/A
-     INV_X2B_A9PP140ZTL_C30     rise   0.000   0.086   0.008  -      (190.280,45.350)    28.100   -       
pp_fir_1_1_1/CTS_ccl_a_inv_00296/Y
-     INV_X2B_A9PP140ZTL_C30     fall   0.005   0.091   0.006  0.002  (190.420,45.150)     0.340      1    
pp_fir_1_1_1/CTS_cdb_inv_00484/A
-     INV_X2B_A9PP140ZTL_C30     fall   0.000   0.091   0.006  -      (190.700,43.550)     1.880   -       
pp_fir_1_1_1/CTS_cdb_inv_00484/Y
-     INV_X2B_A9PP140ZTL_C30     rise   0.005   0.096   0.006  0.002  (190.560,43.350)     0.340      1    
pp_fir_1_1_1/CTS_cdb_inv_00486/A
-     INV_X4B_A9PP140ZTL_C30     rise   0.000   0.096   0.006  -      (189.580,42.650)     1.680   -       
pp_fir_1_1_1/CTS_cdb_inv_00486/Y
-     INV_X4B_A9PP140ZTL_C30     fall   0.010   0.106   0.016  0.012  (189.720,42.450)     0.340      3    
pp_fir_1_1_1/CTS_ccl_a_inv_00121/A
-     INV_X6B_A9PP140ZTL_C30     fall   0.000   0.106   0.016  -      (181.320,42.650)     8.600   -       
pp_fir_1_1_1/CTS_ccl_a_inv_00121/Y
-     INV_X6B_A9PP140ZTL_C30     rise   0.005   0.111   0.006  0.003  (181.460,42.450)     0.340      1    
pp_fir_1_1_1/CTS_cpc_drv_inv_00494/A
-     INV_X6B_A9PP140ZTL_C30     rise   0.000   0.111   0.006  -      (183.420,43.550)     3.060   -       
pp_fir_1_1_1/CTS_cpc_drv_inv_00494/Y
-     INV_X6B_A9PP140ZTL_C30     fall   0.004   0.115   0.006  0.004  (183.280,43.750)     0.340      1    
pp_fir_1_1_1/CTS_cpc_drv_inv_00495/A
-     INV_X7P5B_A9PP140ZTL_C30   fall   0.000   0.115   0.006  -      (185.380,43.550)     2.300   -       
pp_fir_1_1_1/CTS_cpc_drv_inv_00495/Y
-     INV_X7P5B_A9PP140ZTL_C30   rise   0.007   0.122   0.009  0.017  (185.240,43.750)     0.340     18    
pp_fir_1_1_1/Delay_Pipeline_reg_im_reg[20][8]/CK
-     DFFRPQ_X4M_A9PP140ZTL_C30  rise   0.001   0.123   0.009  -      (196.160,39.950)    14.720   -       
-----------------------------------------------------------------------------------------------------------------

Timing for timing corner delay_corner_wcl_typical:both.early, min clock_path:
=============================================================================

PathID    : 9
Path type : skew group clk/functional_wcl_typical (path 1 of 1)
Start     : clk
End       : signed_mag_1_mag_re_reg[77]/CK
Delay     : 0.139

-----------------------------------------------------------------------------------------------------------------
Name  Lib cell                   Event  Incr   Arrival  Slew   Cap    Location           Distance  Fanout  Status
                                        (ns)   (ns)     (ns)   (pF)                      (um)              
-- Clockpath trace ----------------------------------------------------------------------------------------------
clk
-     -                          rise   -       0.000   0.004  0.029  (102.020,179.950)  -            5    
CTS_cdb_inv_00472/A
-     INV_X2B_A9PP140ZTL_C30     rise   0.003   0.003   0.009  -      (85.980,156.050)    39.940   -       
CTS_cdb_inv_00472/Y
-     INV_X2B_A9PP140ZTL_C30     fall   0.011   0.014   0.017  0.005  (86.120,156.250)     0.340      1    
CTS_cdb_inv_00473/A
-     INV_X2B_A9PP140ZTL_C30     fall   0.000   0.015   0.017  -      (90.740,179.450)    27.820   -       
CTS_cdb_inv_00473/Y
-     INV_X2B_A9PP140ZTL_C30     rise   0.012   0.027   0.015  0.005  (90.880,179.650)     0.340      1    
CTS_cdb_inv_00474/A
-     INV_X2B_A9PP140ZTL_C30     rise   0.000   0.027   0.015  -      (82.200,156.950)    31.380   -       
CTS_cdb_inv_00474/Y
-     INV_X2B_A9PP140ZTL_C30     fall   0.013   0.041   0.019  0.005  (82.060,156.750)     0.340      1    
CTS_cdb_inv_00475/A
-     INV_X2B_A9PP140ZTL_C30     fall   0.000   0.041   0.019  -      (71.280,175.850)    29.880   -       
CTS_cdb_inv_00475/Y
-     INV_X2B_A9PP140ZTL_C30     rise   0.010   0.051   0.012  0.003  (71.140,176.050)     0.340      1    
CTS_cdb_inv_00476/A
-     INV_X2B_A9PP140ZTL_C30     rise   0.000   0.051   0.012  -      (68.200,165.950)    13.040   -       
CTS_cdb_inv_00476/Y
-     INV_X2B_A9PP140ZTL_C30     fall   0.013   0.064   0.019  0.006  (68.060,165.750)     0.340      1    
CTS_cdb_inv_00477/A
-     INV_X2B_A9PP140ZTL_C30     fall   0.000   0.064   0.019  -      (77.720,142.550)    32.860   -       
CTS_cdb_inv_00477/Y
-     INV_X2B_A9PP140ZTL_C30     rise   0.011   0.075   0.013  0.004  (77.860,142.350)     0.340      1    
CTS_ccl_inv_00397/A
-     INV_X2B_A9PP140ZTL_C30     rise   0.000   0.076   0.013  -      (78.840,163.250)    21.880   -       
CTS_ccl_inv_00397/Y
-     INV_X2B_A9PP140ZTL_C30     fall   0.013   0.089   0.019  0.005  (78.980,163.450)     0.340      2    
CTS_ccl_a_inv_00392/A
-     INV_X4B_A9PP140ZTL_C30     fall   0.000   0.089   0.019  -      (80.100,166.850)     4.520   -       
CTS_ccl_a_inv_00392/Y
-     INV_X4B_A9PP140ZTL_C30     rise   0.011   0.099   0.013  0.007  (80.240,166.650)     0.340      2    
CTS_ccl_a_inv_00367/A
-     INV_X4B_A9PP140ZTL_C30     rise   0.000   0.099   0.013  -      (81.080,166.850)     1.040   -       
CTS_ccl_a_inv_00367/Y
-     INV_X4B_A9PP140ZTL_C30     fall   0.010   0.109   0.014  0.007  (81.220,166.650)     0.340      2    
CTS_ccl_a_inv_00334/A
-     INV_X6B_A9PP140ZTL_C30     fall   0.000   0.109   0.014  -      (71.560,166.850)     9.860   -       
CTS_ccl_a_inv_00334/Y
-     INV_X6B_A9PP140ZTL_C30     rise   0.010   0.119   0.012  0.012  (71.420,166.650)     0.340      3    
CTS_ccl_a_inv_00271/A
-     INV_X6B_A9PP140ZTL_C30     rise   0.000   0.119   0.012  -      (63.860,166.850)     7.760   -       
CTS_ccl_a_inv_00271/Y
-     INV_X6B_A9PP140ZTL_C30     fall   0.012   0.131   0.017  0.014  (64.000,166.650)     0.340      3    
CTS_ccl_a_inv_00050/A
-     INV_X7P5B_A9PP140ZTL_C30   fall   0.000   0.131   0.017  -      (63.440,175.850)     9.760   -       
CTS_ccl_a_inv_00050/Y
-     INV_X7P5B_A9PP140ZTL_C30   rise   0.008   0.139   0.010  0.010  (63.580,175.650)     0.340     12    
signed_mag_1_mag_re_reg[77]/CK
-     DFFRPQ_X1M_A9PP140ZTL_C30  rise   0.000   0.139   0.010  -      (64.420,178.550)     3.740   -       
-----------------------------------------------------------------------------------------------------------------

Timing for timing corner delay_corner_wcl_typical:both.early, max clock_path:
=============================================================================

PathID    : 10
Path type : skew group clk/functional_wcl_typical (path 1 of 1)
Start     : clk
End       : pp_fir_1_1_1/sum1_6_im_1_reg[3]/CK
Delay     :  0.156

-----------------------------------------------------------------------------------------------------------------
Name  Lib cell                   Event  Incr   Arrival  Slew   Cap    Location           Distance  Fanout  Status
                                        (ns)   (ns)     (ns)   (pF)                      (um)              
-- Clockpath trace ----------------------------------------------------------------------------------------------
clk
-     -                          rise   -       0.000   0.004  0.029  (102.020,179.950)  -            5    
pp_fir_1_1_1/CTS_ccl_inv_00395/A
-     INV_X4B_A9PP140ZTL_C30     rise   0.003   0.003   0.009  -      (143.100,144.350)   76.680   -       
pp_fir_1_1_1/CTS_ccl_inv_00395/Y
-     INV_X4B_A9PP140ZTL_C30     fall   0.010   0.013   0.014  0.008  (143.240,144.550)    0.340      1    
pp_fir_1_1_1/CTS_cdb_inv_00448/A
-     INV_X2B_A9PP140ZTL_C30     fall   0.001   0.015   0.014  -      (144.640,93.050)    52.900   -       
pp_fir_1_1_1/CTS_cdb_inv_00448/Y
-     INV_X2B_A9PP140ZTL_C30     rise   0.008   0.023   0.010  0.003  (144.780,93.250)     0.340      1    
pp_fir_1_1_1/CTS_cdb_inv_00449/A
-     INV_X2B_A9PP140ZTL_C30     rise   0.000   0.023   0.010  -      (142.680,102.050)   10.900   -       
pp_fir_1_1_1/CTS_cdb_inv_00449/Y
-     INV_X2B_A9PP140ZTL_C30     fall   0.011   0.034   0.016  0.004  (142.540,102.250)    0.340      1    
pp_fir_1_1_1/CTS_cdb_inv_00450/A
-     INV_X2B_A9PP140ZTL_C30     fall   0.000   0.034   0.016  -      (139.460,81.350)    23.980   -       
pp_fir_1_1_1/CTS_cdb_inv_00450/Y
-     INV_X2B_A9PP140ZTL_C30     rise   0.009   0.043   0.011  0.003  (139.320,81.150)     0.340      1    
pp_fir_1_1_1/CTS_cdb_inv_00451/A
-     INV_X2B_A9PP140ZTL_C30     rise   0.000   0.044   0.011  -      (152.060,79.550)    14.340   -       
pp_fir_1_1_1/CTS_cdb_inv_00451/Y
-     INV_X2B_A9PP140ZTL_C30     fall   0.011   0.055   0.015  0.004  (152.200,79.350)     0.340      1    
pp_fir_1_1_1/CTS_cdb_inv_00452/A
-     INV_X2B_A9PP140ZTL_C30     fall   0.000   0.055   0.015  -      (155.000,58.850)    23.300   -       
pp_fir_1_1_1/CTS_cdb_inv_00452/Y
-     INV_X2B_A9PP140ZTL_C30     rise   0.009   0.064   0.011  0.003  (155.140,59.050)     0.340      1    
pp_fir_1_1_1/CTS_cdb_inv_00453/A
-     INV_X2B_A9PP140ZTL_C30     rise   0.000   0.064   0.011  -      (161.160,67.850)    14.820   -       
pp_fir_1_1_1/CTS_cdb_inv_00453/Y
-     INV_X2B_A9PP140ZTL_C30     fall   0.011   0.075   0.016  0.005  (161.300,68.050)     0.340      1    
pp_fir_1_1_1/CTS_ccl_a_inv_00390/A
-     INV_X2B_A9PP140ZTL_C30     fall   0.000   0.076   0.016  -      (156.260,88.550)    25.540   -       
pp_fir_1_1_1/CTS_ccl_a_inv_00390/Y
-     INV_X2B_A9PP140ZTL_C30     rise   0.012   0.087   0.014  0.005  (156.120,88.350)     0.340      2    
pp_fir_1_1_1/CTS_ccl_a_inv_00374/A
-     INV_X4B_A9PP140ZTL_C30     rise   0.000   0.087   0.014  -      (159.200,85.850)     5.580   -       
pp_fir_1_1_1/CTS_ccl_a_inv_00374/Y
-     INV_X4B_A9PP140ZTL_C30     fall   0.011   0.098   0.015  0.007  (159.340,85.650)     0.340      1    
pp_fir_1_1_1/CTS_ccl_a_inv_00355/A
-     INV_X4B_A9PP140ZTL_C30     fall   0.001   0.099   0.015  -      (178.940,62.450)    42.800   -       
pp_fir_1_1_1/CTS_ccl_a_inv_00355/Y
-     INV_X4B_A9PP140ZTL_C30     rise   0.009   0.108   0.010  0.006  (179.080,62.250)     0.340      2    
pp_fir_1_1_1/CTS_ccl_a_inv_00296/A
-     INV_X2B_A9PP140ZTL_C30     rise   0.000   0.108   0.010  -      (190.280,45.350)    28.100   -       
pp_fir_1_1_1/CTS_ccl_a_inv_00296/Y
-     INV_X2B_A9PP140ZTL_C30     fall   0.006   0.114   0.008  0.001  (190.420,45.150)     0.340      1    
pp_fir_1_1_1/CTS_cdb_inv_00484/A
-     INV_X2B_A9PP140ZTL_C30     fall   0.000   0.114   0.008  -      (190.700,43.550)     1.880   -       
pp_fir_1_1_1/CTS_cdb_inv_00484/Y
-     INV_X2B_A9PP140ZTL_C30     rise   0.006   0.120   0.007  0.002  (190.560,43.350)     0.340      1    
pp_fir_1_1_1/CTS_cdb_inv_00486/A
-     INV_X4B_A9PP140ZTL_C30     rise   0.000   0.120   0.007  -      (189.580,42.650)     1.680   -       
pp_fir_1_1_1/CTS_cdb_inv_00486/Y
-     INV_X4B_A9PP140ZTL_C30     fall   0.013   0.133   0.020  0.012  (189.720,42.450)     0.340      3    
pp_fir_1_1_1/CTS_ccl_a_inv_00192/A
-     INV_X6B_A9PP140ZTL_C30     fall   0.001   0.134   0.020  -      (176.840,42.650)    13.080   -       
pp_fir_1_1_1/CTS_ccl_a_inv_00192/Y
-     INV_X6B_A9PP140ZTL_C30     rise   0.006   0.140   0.008  0.003  (176.980,42.450)     0.340      1    
pp_fir_1_1_1/CTS_cpc_drv_inv_00498/A
-     INV_X6B_A9PP140ZTL_C30     rise   0.000   0.140   0.008  -      (178.940,43.550)     3.060   -       
pp_fir_1_1_1/CTS_cpc_drv_inv_00498/Y
-     INV_X6B_A9PP140ZTL_C30     fall   0.006   0.146   0.007  0.004  (178.800,43.750)     0.340      1    
pp_fir_1_1_1/CTS_cpc_drv_inv_00499/A
-     INV_X7P5B_A9PP140ZTL_C30   fall   0.000   0.146   0.007  -      (179.220,45.350)     2.020   -       
pp_fir_1_1_1/CTS_cpc_drv_inv_00499/Y
-     INV_X7P5B_A9PP140ZTL_C30   rise   0.009   0.154   0.012  0.018  (179.080,45.550)     0.340     21    
pp_fir_1_1_1/sum1_6_im_1_reg[3]/CK
-     DFFRPQ_X3M_A9PP140ZTL_C30  rise   0.001   0.156   0.012  -      (172.780,46.250)     7.000   -       
-----------------------------------------------------------------------------------------------------------------

Timing for timing corner delay_corner_wcl_typical:both.late, min clock_path:
============================================================================

PathID    : 11
Path type : skew group clk/functional_wcl_typical (path 1 of 1)
Start     : clk
End       : signed_mag_1_mag_re_reg[77]/CK
Delay     :  0.142

-----------------------------------------------------------------------------------------------------------------
Name  Lib cell                   Event  Incr   Arrival  Slew   Cap    Location           Distance  Fanout  Status
                                        (ns)   (ns)     (ns)   (pF)                      (um)              
-- Clockpath trace ----------------------------------------------------------------------------------------------
clk
-     -                          rise   -       0.000   0.004  0.029  (102.020,179.950)  -            5    
CTS_cdb_inv_00472/A
-     INV_X2B_A9PP140ZTL_C30     rise   0.003   0.003   0.009  -      (85.980,156.050)    39.940   -       
CTS_cdb_inv_00472/Y
-     INV_X2B_A9PP140ZTL_C30     fall   0.011   0.014   0.017  0.005  (86.120,156.250)     0.340      1    
CTS_cdb_inv_00473/A
-     INV_X2B_A9PP140ZTL_C30     fall   0.001   0.015   0.017  -      (90.740,179.450)    27.820   -       
CTS_cdb_inv_00473/Y
-     INV_X2B_A9PP140ZTL_C30     rise   0.012   0.027   0.015  0.005  (90.880,179.650)     0.340      1    
CTS_cdb_inv_00474/A
-     INV_X2B_A9PP140ZTL_C30     rise   0.001   0.028   0.015  -      (82.200,156.950)    31.380   -       
CTS_cdb_inv_00474/Y
-     INV_X2B_A9PP140ZTL_C30     fall   0.013   0.041   0.019  0.005  (82.060,156.750)     0.340      1    
CTS_cdb_inv_00475/A
-     INV_X2B_A9PP140ZTL_C30     fall   0.001   0.042   0.019  -      (71.280,175.850)    29.880   -       
CTS_cdb_inv_00475/Y
-     INV_X2B_A9PP140ZTL_C30     rise   0.010   0.052   0.012  0.003  (71.140,176.050)     0.340      1    
CTS_cdb_inv_00476/A
-     INV_X2B_A9PP140ZTL_C30     rise   0.000   0.052   0.012  -      (68.200,165.950)    13.040   -       
CTS_cdb_inv_00476/Y
-     INV_X2B_A9PP140ZTL_C30     fall   0.013   0.065   0.019  0.006  (68.060,165.750)     0.340      1    
CTS_cdb_inv_00477/A
-     INV_X2B_A9PP140ZTL_C30     fall   0.001   0.066   0.019  -      (77.720,142.550)    32.860   -       
CTS_cdb_inv_00477/Y
-     INV_X2B_A9PP140ZTL_C30     rise   0.011   0.077   0.013  0.004  (77.860,142.350)     0.340      1    
CTS_ccl_inv_00397/A
-     INV_X2B_A9PP140ZTL_C30     rise   0.000   0.077   0.013  -      (78.840,163.250)    21.880   -       
CTS_ccl_inv_00397/Y
-     INV_X2B_A9PP140ZTL_C30     fall   0.013   0.090   0.019  0.005  (78.980,163.450)     0.340      2    
CTS_ccl_a_inv_00392/A
-     INV_X4B_A9PP140ZTL_C30     fall   0.000   0.090   0.019  -      (80.100,166.850)     4.520   -       
CTS_ccl_a_inv_00392/Y
-     INV_X4B_A9PP140ZTL_C30     rise   0.011   0.101   0.013  0.007  (80.240,166.650)     0.340      2    
CTS_ccl_a_inv_00367/A
-     INV_X4B_A9PP140ZTL_C30     rise   0.000   0.101   0.013  -      (81.080,166.850)     1.040   -       
CTS_ccl_a_inv_00367/Y
-     INV_X4B_A9PP140ZTL_C30     fall   0.010   0.111   0.014  0.007  (81.220,166.650)     0.340      2    
CTS_ccl_a_inv_00334/A
-     INV_X6B_A9PP140ZTL_C30     fall   0.000   0.112   0.014  -      (71.560,166.850)     9.860   -       
CTS_ccl_a_inv_00334/Y
-     INV_X6B_A9PP140ZTL_C30     rise   0.010   0.121   0.012  0.012  (71.420,166.650)     0.340      3    
CTS_ccl_a_inv_00271/A
-     INV_X6B_A9PP140ZTL_C30     rise   0.001   0.122   0.012  -      (63.860,166.850)     7.760   -       
CTS_ccl_a_inv_00271/Y
-     INV_X6B_A9PP140ZTL_C30     fall   0.012   0.134   0.017  0.014  (64.000,166.650)     0.340      3    
CTS_ccl_a_inv_00050/A
-     INV_X7P5B_A9PP140ZTL_C30   fall   0.000   0.134   0.017  -      (63.440,175.850)     9.760   -       
CTS_ccl_a_inv_00050/Y
-     INV_X7P5B_A9PP140ZTL_C30   rise   0.008   0.142   0.010  0.010  (63.580,175.650)     0.340     12    
signed_mag_1_mag_re_reg[77]/CK
-     DFFRPQ_X1M_A9PP140ZTL_C30  rise   0.000   0.142   0.010  -      (64.420,178.550)     3.740   -       
-----------------------------------------------------------------------------------------------------------------

Timing for timing corner delay_corner_wcl_typical:both.late, max clock_path:
============================================================================

PathID    : 12
Path type : skew group clk/functional_wcl_typical (path 1 of 1)
Start     : clk
End       : pp_fir_1_1_1/sum1_6_im_1_reg[3]/CK
Delay     :  0.158

-----------------------------------------------------------------------------------------------------------------
Name  Lib cell                   Event  Incr   Arrival  Slew   Cap    Location           Distance  Fanout  Status
                                        (ns)   (ns)     (ns)   (pF)                      (um)              
-- Clockpath trace ----------------------------------------------------------------------------------------------
clk
-     -                          rise   -       0.000   0.004  0.029  (102.020,179.950)  -            5    
pp_fir_1_1_1/CTS_ccl_inv_00395/A
-     INV_X4B_A9PP140ZTL_C30     rise   0.003   0.003   0.009  -      (143.100,144.350)   76.680   -       
pp_fir_1_1_1/CTS_ccl_inv_00395/Y
-     INV_X4B_A9PP140ZTL_C30     fall   0.010   0.013   0.014  0.008  (143.240,144.550)    0.340      1    
pp_fir_1_1_1/CTS_cdb_inv_00448/A
-     INV_X2B_A9PP140ZTL_C30     fall   0.001   0.015   0.014  -      (144.640,93.050)    52.900   -       
pp_fir_1_1_1/CTS_cdb_inv_00448/Y
-     INV_X2B_A9PP140ZTL_C30     rise   0.008   0.023   0.010  0.003  (144.780,93.250)     0.340      1    
pp_fir_1_1_1/CTS_cdb_inv_00449/A
-     INV_X2B_A9PP140ZTL_C30     rise   0.000   0.023   0.010  -      (142.680,102.050)   10.900   -       
pp_fir_1_1_1/CTS_cdb_inv_00449/Y
-     INV_X2B_A9PP140ZTL_C30     fall   0.011   0.034   0.016  0.004  (142.540,102.250)    0.340      1    
pp_fir_1_1_1/CTS_cdb_inv_00450/A
-     INV_X2B_A9PP140ZTL_C30     fall   0.001   0.035   0.016  -      (139.460,81.350)    23.980   -       
pp_fir_1_1_1/CTS_cdb_inv_00450/Y
-     INV_X2B_A9PP140ZTL_C30     rise   0.009   0.044   0.011  0.003  (139.320,81.150)     0.340      1    
pp_fir_1_1_1/CTS_cdb_inv_00451/A
-     INV_X2B_A9PP140ZTL_C30     rise   0.000   0.044   0.011  -      (152.060,79.550)    14.340   -       
pp_fir_1_1_1/CTS_cdb_inv_00451/Y
-     INV_X2B_A9PP140ZTL_C30     fall   0.011   0.055   0.015  0.004  (152.200,79.350)     0.340      1    
pp_fir_1_1_1/CTS_cdb_inv_00452/A
-     INV_X2B_A9PP140ZTL_C30     fall   0.001   0.056   0.015  -      (155.000,58.850)    23.300   -       
pp_fir_1_1_1/CTS_cdb_inv_00452/Y
-     INV_X2B_A9PP140ZTL_C30     rise   0.009   0.065   0.011  0.003  (155.140,59.050)     0.340      1    
pp_fir_1_1_1/CTS_cdb_inv_00453/A
-     INV_X2B_A9PP140ZTL_C30     rise   0.000   0.065   0.011  -      (161.160,67.850)    14.820   -       
pp_fir_1_1_1/CTS_cdb_inv_00453/Y
-     INV_X2B_A9PP140ZTL_C30     fall   0.011   0.076   0.016  0.005  (161.300,68.050)     0.340      1    
pp_fir_1_1_1/CTS_ccl_a_inv_00390/A
-     INV_X2B_A9PP140ZTL_C30     fall   0.001   0.077   0.016  -      (156.260,88.550)    25.540   -       
pp_fir_1_1_1/CTS_ccl_a_inv_00390/Y
-     INV_X2B_A9PP140ZTL_C30     rise   0.012   0.088   0.014  0.005  (156.120,88.350)     0.340      2    
pp_fir_1_1_1/CTS_ccl_a_inv_00374/A
-     INV_X4B_A9PP140ZTL_C30     rise   0.000   0.089   0.014  -      (159.200,85.850)     5.580   -       
pp_fir_1_1_1/CTS_ccl_a_inv_00374/Y
-     INV_X4B_A9PP140ZTL_C30     fall   0.011   0.100   0.015  0.007  (159.340,85.650)     0.340      1    
pp_fir_1_1_1/CTS_ccl_a_inv_00355/A
-     INV_X4B_A9PP140ZTL_C30     fall   0.001   0.101   0.015  -      (178.940,62.450)    42.800   -       
pp_fir_1_1_1/CTS_ccl_a_inv_00355/Y
-     INV_X4B_A9PP140ZTL_C30     rise   0.009   0.110   0.010  0.006  (179.080,62.250)     0.340      2    
pp_fir_1_1_1/CTS_ccl_a_inv_00296/A
-     INV_X2B_A9PP140ZTL_C30     rise   0.001   0.110   0.010  -      (190.280,45.350)    28.100   -       
pp_fir_1_1_1/CTS_ccl_a_inv_00296/Y
-     INV_X2B_A9PP140ZTL_C30     fall   0.006   0.116   0.008  0.001  (190.420,45.150)     0.340      1    
pp_fir_1_1_1/CTS_cdb_inv_00484/A
-     INV_X2B_A9PP140ZTL_C30     fall   0.000   0.116   0.008  -      (190.700,43.550)     1.880   -       
pp_fir_1_1_1/CTS_cdb_inv_00484/Y
-     INV_X2B_A9PP140ZTL_C30     rise   0.006   0.123   0.007  0.002  (190.560,43.350)     0.340      1    
pp_fir_1_1_1/CTS_cdb_inv_00486/A
-     INV_X4B_A9PP140ZTL_C30     rise   0.000   0.123   0.007  -      (189.580,42.650)     1.680   -       
pp_fir_1_1_1/CTS_cdb_inv_00486/Y
-     INV_X4B_A9PP140ZTL_C30     fall   0.013   0.136   0.020  0.012  (189.720,42.450)     0.340      3    
pp_fir_1_1_1/CTS_ccl_a_inv_00192/A
-     INV_X6B_A9PP140ZTL_C30     fall   0.001   0.136   0.020  -      (176.840,42.650)    13.080   -       
pp_fir_1_1_1/CTS_ccl_a_inv_00192/Y
-     INV_X6B_A9PP140ZTL_C30     rise   0.006   0.142   0.008  0.003  (176.980,42.450)     0.340      1    
pp_fir_1_1_1/CTS_cpc_drv_inv_00498/A
-     INV_X6B_A9PP140ZTL_C30     rise   0.000   0.142   0.008  -      (178.940,43.550)     3.060   -       
pp_fir_1_1_1/CTS_cpc_drv_inv_00498/Y
-     INV_X6B_A9PP140ZTL_C30     fall   0.006   0.148   0.007  0.004  (178.800,43.750)     0.340      1    
pp_fir_1_1_1/CTS_cpc_drv_inv_00499/A
-     INV_X7P5B_A9PP140ZTL_C30   fall   0.000   0.148   0.007  -      (179.220,45.350)     2.020   -       
pp_fir_1_1_1/CTS_cpc_drv_inv_00499/Y
-     INV_X7P5B_A9PP140ZTL_C30   rise   0.009   0.157   0.012  0.018  (179.080,45.550)     0.340     21    
pp_fir_1_1_1/sum1_6_im_1_reg[3]/CK
-     DFFRPQ_X3M_A9PP140ZTL_C30  rise   0.001   0.158   0.012  -      (172.780,46.250)     7.000   -       
-----------------------------------------------------------------------------------------------------------------

