 ------------------------------------------------------------------------------------------------------------------------------------------------------ 
| Snapshot                | WNS                  | TNS                  | Density (%) | Hotspot      | Resource               | DRVs       | Layer-OPT |
|                         | HEPG (ns) | ALL (ns) | HEPG (ns) | ALL (ns) |             | Max  | Total | Real (s) | Memory (MB) | Tran | Cap | M8        |
|-------------------------+-----------+----------+-----------+----------+-------------+------+-------+----------+-------------+------+-----+-----------|
| initial_summary         |           |   -0.203 |           |    -2197 |       93.51 |      |       | 0:00:48  |        3846 |    0 |   0 |           |
| route_type_refinement   |           |          |           |          |             |      |       | 0:00:01  |        3844 |      |     |           |
| simplify_netlist        |           |          |           |          |             |      |       | 0:00:04  |        3844 |      |     |           |
| drv_fixing              |           |          |           |          |             |      |       | 0:00:06  |        3844 |      |     |           |
| area_reclaiming         |     0.000 |   -0.182 |         0 |    -2040 |       93.18 |      |       | 0:00:52  |        3899 |      |     |           |
| global_opt              |           |   -0.135 |           |    -1217 |       94.95 |      |       | 0:02:24  |        4000 |      |     |        11 |
| area_reclaiming_2       |     0.000 |   -0.130 |         0 |    -1253 |       93.23 |      |       | 0:00:57  |        4001 |      |     |        11 |
| incremental_replacement |    -0.067 |   -0.169 |           |    -1378 |             | 0.00 |  0.00 | 0:04:41  |        4159 |      |     |           |
| tns_fixing              |    -0.024 |   -0.169 |        -4 |    -1354 |       93.39 |      |       | 0:01:10  |        4492 |      |     |        11 |
| wns_fixing              |     0.005 |   -0.075 |         0 |     -607 |       94.70 |      |       | 0:08:42  |        4518 |      |     |        38 |
| tns_fixing_2            |     0.005 |   -0.075 |         0 |     -361 |       94.99 |      |       | 0:04:00  |        4333 |      |     |       329 |
| area_reclaiming_3       |    -0.002 |   -0.068 |        -0 |     -348 |       94.62 |      |       | 0:01:25  |        4220 |      |     |       347 |
| area_reclaiming_4       |    -0.002 |   -0.066 |        -0 |     -368 |       93.62 |      |       | 0:00:55  |        4220 |      |     |       274 |
| drv_eco_fixing          |    -0.002 |   -0.066 |        -0 |     -368 |       93.62 |      |       | 0:00:11  |        4219 |    0 |   0 |       274 |
| tns_eco_fixing          |    -0.001 |   -0.066 |        -0 |     -362 |       93.75 |      |       | 0:01:58  |        4321 |      |     |       274 |
| final_summary           |    -0.002 |   -0.064 |           |     -358 |       93.75 |      |       | 0:00:15  |        4190 |    0 |   0 |           |
 ------------------------------------------------------------------------------------------------------------------------------------------------------ 
