 ---------------------------------------------------------------------------------------------------------------------- 
| Snapshot           | WNS                  | TNS                  | Density (%) | Resource               | DRVs       |
|                    | HEPG (ns) | ALL (ns) | HEPG (ns) | ALL (ns) |             | Real (s) | Memory (MB) | Tran | Cap |
|--------------------+-----------+----------+-----------+----------+-------------+----------+-------------+------+-----|
| initial_summary    |    -0.028 |   -0.134 |           |     -448 |       83.68 | 0:00:13  |        9737 |    0 |   0 |
| ccopt_pro          |           |          |           |          |             | 0:00:05  |       10759 |      |     |
| drv_eco_fixing     |    -0.028 |   -0.144 |        -5 |     -456 |       83.69 | 0:00:06  |        9902 |    0 |   0 |
| wns_fixing         |    -0.004 |   -0.106 |        -0 |     -439 |       85.93 | 0:00:42  |       12553 |      |     |
| tns_fixing         |    -0.004 |   -0.106 |        -0 |     -434 |       86.06 | 0:00:11  |       12290 |      |     |
| initial_summary_2  |    -0.004 |   -0.106 |           |     -434 |       86.06 | 0:00:15  |       10557 |    0 |   0 |
| hold_fixing        |           |   -0.106 |           |     -434 |       95.00 | 0:00:24  |       10632 |      |     |
| route_type_fixing  |           |          |           |          |             | 0:00:01  |       10636 |      |     |
| pre_route_summary  |    -0.004 |   -0.106 |           |     -434 |       95.00 | 0:00:01  |       10637 |    0 |   0 |
| eco_route          |           |          |           |          |             | 0:00:45  |       10086 |      |     |
| post_route_summary |    -0.027 |   -0.101 |           |     -410 |       95.00 | 0:00:08  |       10664 |    1 |   0 |
| tns_eco_fixing     |    -0.027 |   -0.101 |        -3 |     -410 |      100.00 | 0:00:05  |       11515 |      |     |
| final_summary      |    -0.027 |   -0.101 |           |     -410 |       95.00 | 0:00:09  |       10574 |    1 |   0 |
 ---------------------------------------------------------------------------------------------------------------------- 
