 ------------------------------------------------------------------------------------------------------------------------------------------------------ 
| Snapshot                | WNS                  | TNS                  | Density (%) | Hotspot      | Resource               | DRVs       | Layer-OPT |
|                         | HEPG (ns) | ALL (ns) | HEPG (ns) | ALL (ns) |             | Max  | Total | Real (s) | Memory (MB) | Tran | Cap | M8        |
|-------------------------+-----------+----------+-----------+----------+-------------+------+-------+----------+-------------+------+-----+-----------|
| initial_summary         |    -0.035 |   -0.080 |           |     -355 |       95.95 |      |       | 0:00:23  |        5822 |    0 |   0 |           |
| route_type_refinement   |           |          |           |          |             |      |       | 0:00:05  |        5821 |      |     |       200 |
| simplify_netlist        |           |          |           |          |             |      |       | 0:00:07  |        5823 |      |     |           |
| excluded_clk_net_fixing |           |          |           |          |             |      |       | 0:00:00  |        5823 |      |     |           |
| global_opt              |           |   -0.103 |           |     -408 |       95.95 |      |       | 0:00:20  |        5952 |      |     |       200 |
| global_opt_2            |           |   -0.103 |           |     -408 |       95.95 |      |       | 0:00:36  |        6010 |      |     |       200 |
| area_reclaiming         |    -0.035 |   -0.102 |       -11 |     -422 |       95.70 |      |       | 0:00:22  |        6087 |      |     |       185 |
| wns_fixing              |    -0.013 |   -0.082 |        -6 |     -364 |       95.91 |      |       | 0:02:03  |        7039 |      |     |       192 |
| tns_fixing              |    -0.011 |   -0.082 |        -1 |     -327 |       97.03 |      |       | 0:06:15  |        7932 |      |     |       287 |
| area_reclaiming_2       |    -0.011 |   -0.075 |        -1 |     -327 |       97.03 |      |       | 0:00:13  |        6885 |      |     |       287 |
| area_reclaiming_3       |    -0.011 |   -0.075 |        -1 |     -335 |       96.46 |      |       | 0:00:29  |        6887 |      |     |       274 |
| local_wire_reclaim      |           |          |           |          |             |      |       | 0:00:52  |        6887 |      |     |           |
| global_route            |           |          |           |          |             | 0.26 |  0.26 | 0:00:12  |        6652 |      |     |           |
| route_type_refinement_2 |           |          |           |          |             |      |       | 0:00:02  |        6652 |      |     |       274 |
| drv_eco_fixing          |    -0.023 |   -0.074 |        -2 |     -344 |       96.46 |      |       | 0:00:08  |        6750 |    0 |   0 |       274 |
| tns_eco_fixing          |    -0.011 |   -0.074 |        -1 |     -342 |       96.56 |      |       | 0:01:47  |        7865 |      |     |       281 |
| tns_eco_fixing_2        |    -0.011 |   -0.074 |        -1 |     -342 |       96.56 |      |       | 0:00:19  |        7515 |      |     |       281 |
| final_summary           |    -0.011 |   -0.074 |           |     -342 |       96.56 | 0.26 |  0.52 | 0:00:16  |        6838 |    0 |   0 |           |
 ------------------------------------------------------------------------------------------------------------------------------------------------------ 
