###############################################################
#  Generated by:      Cadence Innovus 23.10-p003_1
#  OS:                Linux x86_64(Host ID tc279)
#  Generated on:      Wed Feb 19 01:11:31 2025
#  Design:            pp_fir_u_6
#  Command:           report_clock_trees -out_file RPT/rclk_full.rpt
###############################################################

Clock DAG stats:
================

---------------------------------------------------------
Cell type                 Count    Area       Capacitance
---------------------------------------------------------
Buffers                      0       0.000       0.000
Inverters                  462     386.064       1.274
Integrated Clock Gates       0       0.000       0.000
Discrete Clock Gates         0       0.000       0.000
Clock Logic                  0       0.000       0.000
All                        462     386.064       1.274
---------------------------------------------------------

Clock DAG miscellaneous counts:
===============================

------------------------------
Type                     Count
------------------------------
Roots                      1
Preserved Ports            0
Multiple Clock Inputs      0
------------------------------


Clock DAG sink counts:
======================

-------------------------
Sink type           Count
-------------------------
Regular             3590
Enable Latch           0
Load Capacitance       0
Antenna Diode          0
Node Sink              0
Total               3590
-------------------------


Clock DAG wire lengths:
=======================

--------------------
Type     Wire Length
--------------------
Top           0.000
Trunk      4015.175
Leaf       6637.025
Total     10652.200
--------------------


Clock DAG hp wire lengths:
==========================

-----------------------
Type     hp Wire Length
-----------------------
Top            0.000
Trunk       3641.440
Leaf        3870.560
Total       7512.000
-----------------------


Clock DAG capacitances:
=======================

--------------------------------
Type     Gate     Wire     Total
--------------------------------
Top      0.000    0.000    0.000
Trunk    1.273    0.553    1.826
Leaf     1.876    1.147    3.023
Total    3.149    1.700    4.849
--------------------------------


Clock DAG sink capacitances:
============================

-----------------------------------------------
Total    Average    Std. Dev.    Min      Max
-----------------------------------------------
1.875     0.001       0.000      0.000    0.002
-----------------------------------------------


Clock DAG net violations:
=========================

---------------------------------------------------------------------------------------------------------------------
Type                    Units    Count    Average    Std. Dev.    Sum      Top 10 violations
---------------------------------------------------------------------------------------------------------------------
Remaining Transition    ns         6       0.000       0.000      0.002    [0.001, 0.001, 0.000, 0.000, 0.000, 0.000]
---------------------------------------------------------------------------------------------------------------------


Clock DAG primary half-corner transition distribution:
======================================================

-----------------------------------------------------------------------------------------------------------------------------------------------------------------------------------------------------------------------------
Net Type    Target    Count    Average    Std. Dev.    Min      Max      Distribution                                                                   Over Target
-----------------------------------------------------------------------------------------------------------------------------------------------------------------------------------------------------------------------------
Trunk       0.025      225      0.019       0.004      0.008    0.026    {42 <= 0.015ns, 83 <= 0.020ns, 53 <= 0.022ns, 21 <= 0.024ns, 23 <= 0.025ns}    {3 <= 0.026ns, 0 <= 0.028ns, 0 <= 0.030ns, 0 <= 0.037ns, 0 > 0.037ns}
Leaf        0.025      238      0.019       0.004      0.007    0.025    {62 <= 0.015ns, 42 <= 0.020ns, 53 <= 0.022ns, 46 <= 0.024ns, 32 <= 0.025ns}    {3 <= 0.026ns, 0 <= 0.028ns, 0 <= 0.030ns, 0 <= 0.037ns, 0 > 0.037ns}
-----------------------------------------------------------------------------------------------------------------------------------------------------------------------------------------------------------------------------


Clock DAG library cell distribution:
====================================

-----------------------------------------------------------
Name                        Type        Inst     Inst Area 
                                        Count    (um^2)
-----------------------------------------------------------
INV_X7P5B_A9PP140ZTL_C30    inverter     122      138.348
INV_X6B_A9PP140ZTL_C30      inverter     188      165.816
INV_X4B_A9PP140ZTL_C30      inverter      97       61.110
INV_X2B_A9PP140ZTL_C30      inverter      55       20.790
-----------------------------------------------------------



Please note that the following tables reflect only the defined clock trees, so the flop counts might not include all flops in your design.

Clock Tree Summary:
===================

---------------------------------------------------------------------------------------------------------------------
Clock Tree  Clock  Bufs  Invs  Other  Max       Max     Max     Max          Standard   Wire   Gate   Clock Tree Root
Name        Gates              Clock  Non-leaf  Leaf    Length  Source-sink  cell area  cap    cap    
                               Cells  Fanout    Fanout  (um)    Resistance   (um^2)     (pF)   (pF)   
                                                                (Ohms)                                
---------------------------------------------------------------------------------------------------------------------
clk           0     0    462     0       6        24     112       6781       386.064   1.700  3.149  clk
---------------------------------------------------------------------------------------------------------------------

Clock Sink Summary:
===================

-------------------------------------------------------------------------------------------------------------------------------------------
Clock Tree  Explicit      Implicit      Explicit     Implicit     Explicit   Implicit   Posedge  Negedge  Memory  Enable  Non enable  Other
Name        exclude pins  exclude pins  ignore pins  ignore pins  stop pins  stop pins  Flops    Flops    Clock   Latch   Latch       Sinks
                                                                                                          Pins    Sinks   Sinks       
-------------------------------------------------------------------------------------------------------------------------------------------
clk              0             0             0            0           0          0       3590       0       0       0         0         0
-------------------------------------------------------------------------------------------------------------------------------------------

Summary across all clock trees:
===============================

------------------------------------------------------------------------------------------------------------
Clock  Bufs  Invs  Other  Max       Average   Max     Average  Max      Max          Standard   Wire   Gate
Gates              Clock  Non-leaf  Non-leaf  Leaf    Leaf     Length   Source-sink  cell area  cap    cap
                   Cells  Fanout    Fanout    Fanout  Fanout   (um)     Resistance   (um^2)     (pF)   (pF)
                                                                        (Ohms)                         
------------------------------------------------------------------------------------------------------------
  0     0    462     0       6      2.04889     24    15.0882  112.000    678.100     386.064   1.700  3.149
------------------------------------------------------------------------------------------------------------

Clock Sink Summary across all clock trees:
==========================================

-------------------------------------------------------------------------------------------------------------------------------
Explicit      Implicit      Explicit     Implicit     Explicit   Implicit   Posedge  Negedge  Memory  Enable  Non enable  Other
exclude pins  exclude pins  ignore pins  ignore pins  stop pins  stop pins  Flops    Flops    Clock   Latch   Latch       Sinks
                                                                                              Pins    Sinks   Sinks       
-------------------------------------------------------------------------------------------------------------------------------
     0             0             0            0           0          0       3590       0       0       0         0         0
-------------------------------------------------------------------------------------------------------------------------------

Physical metrics across all clock trees:
========================================

-----------------------------------------------------------------------
Metric                               Minimum  Average  Maximum  Std.dev
-----------------------------------------------------------------------
Source-sink routed net length (um)    0.480    14.761  112.000  12.007
Source-sink manhattan distance (um)   0.480    14.070  111.600  11.845
Source-sink resistance (Ohm)         24.988   150.146  678.100  71.486
-----------------------------------------------------------------------

Transition distribution for half-corner delay_corner_wcl_slow:both.late:
========================================================================

-----------------------------------------------------------------------------------------------------------------------------------------------------------------------------------------------------------------------------
Net Type    Target    Count    Average    Std. Dev.    Min      Max      Distribution                                                                   Over Target
-----------------------------------------------------------------------------------------------------------------------------------------------------------------------------------------------------------------------------
Trunk       0.025      225      0.019       0.004      0.008    0.026    {42 <= 0.015ns, 83 <= 0.020ns, 53 <= 0.022ns, 21 <= 0.024ns, 23 <= 0.025ns}    {3 <= 0.026ns, 0 <= 0.028ns, 0 <= 0.030ns, 0 <= 0.037ns, 0 > 0.037ns}
Leaf        0.025      238      0.019       0.004      0.007    0.025    {62 <= 0.015ns, 42 <= 0.020ns, 53 <= 0.022ns, 46 <= 0.024ns, 32 <= 0.025ns}    {3 <= 0.026ns, 0 <= 0.028ns, 0 <= 0.030ns, 0 <= 0.037ns, 0 > 0.037ns}
-----------------------------------------------------------------------------------------------------------------------------------------------------------------------------------------------------------------------------

Count of violations across all clock trees:
===========================================

---------------------------------------------------------------------------------------
Clock Tree  # Max capacitance  # Max resistance  # Max length  # Max fanout  # Slew
Name        violations         violations        violations    violations    violations
---------------------------------------------------------------------------------------
clk                 0                 0               0             0            61
---------------------------------------------------------------------------------------
Total               0                 0               0             0            61
---------------------------------------------------------------------------------------

Note the above table per clock tree is based on CCOpt clock tree view. The violations are counted across half corners.

Found a total of 0 clock tree pins with max capacitance violations.
Found a total of 0 clock tree nets with max resistance violations.
Found a total of 0 clock tree nets with max length violations.
Found a total of 0 clock tree nets with max fanout violations.
Found a total of 61 clock tree pins with a slew violation.

Slew violation summary across all clock trees - Top 10 violating pins:
======================================================================

Target and measured clock slews (in ns):

--------------------------------------------------------------------------------------------------------------------------------------
Half corner                      Violation  Slew    Slew      Dont   Ideal  Target    Pin
                                 amount     target  achieved  touch  net?   source    
                                                              net?                    
--------------------------------------------------------------------------------------------------------------------------------------
delay_corner_wcl_slow:both.late    0.001    0.025    0.026    N      N      explicit  CTS_cdb_inv_00441/A
delay_corner_wcl_slow:both.late    0.001    0.025    0.026    N      N      explicit  CTS_cdb_inv_00445/Y
delay_corner_wcl_slow:both.late    0.001    0.025    0.025    N      N      explicit  CTS_cdb_inv_00444/A
delay_corner_wcl_slow:both.late    0.001    0.025    0.025    N      N      explicit  CTS_cdb_inv_00443/Y
delay_corner_wcl_slow:both.late    0.000    0.025    0.025    N      N      explicit  pp_fir_6_1_1_Delay_Pipeline_reg_re_reg[3][10]/CK
delay_corner_wcl_slow:both.late    0.000    0.025    0.025    N      N      explicit  pp_fir_6_1_1_Delay_Pipeline_reg_re_reg[3][11]/CK
delay_corner_wcl_slow:both.late    0.000    0.025    0.025    N      N      explicit  pp_fir_6_1_1_Delay_Pipeline_reg_re_reg[3][12]/CK
delay_corner_wcl_slow:both.late    0.000    0.025    0.025    N      N      explicit  pp_fir_6_1_1_Delay_Pipeline_reg_re_reg[3][13]/CK
delay_corner_wcl_slow:both.late    0.000    0.025    0.025    N      N      explicit  pp_fir_6_1_1_Delay_Pipeline_reg_re_reg[3][14]/CK
delay_corner_wcl_slow:both.late    0.000    0.025    0.025    N      N      explicit  pp_fir_6_1_1_sum1_15_re_1_reg[14]/CK
--------------------------------------------------------------------------------------------------------------------------------------

Target sources:
auto extracted - target was extracted from SDC.
auto computed - target was computed when balancing trees.
explicit - target is explicitly set via cts_target_max_transition_time attribute.
pin explicit - target is explicitly set for this pin via cts_pin_target_max_transition_time attribute.
liberty explicit - target is explicitly set via max_transition from liberty library.

Found 0 pins on nets marked dont_touch that have slew violations.
Found 0 pins on nets marked dont_touch that do not have slew violations.
Found 0 pins on nets marked ideal_network that have slew violations.
Found 0 pins on nets marked ideal_network that do not have slew violations.


Report for clock tree: clk:
===========================

Clock Tree Gating Structure (Logical):

# Full cycle clock gates   : 0
Minimum clock gating depth : 0
Maximum clock gating depth : 0
Clock gate area (um^2)     : 0.000

Clock Tree Buffering Structure (Logical):

# Buffers             :   0
# Inverters           : 462
  Total               : 462
Minimum depth         :  12
Maximum depth         :  18
Buffering area (um^2) : 386.064

Clock Tree Level Structure (Logical):

-----------------------------------------------------------------
Level  Full   Posedge  Negedge  Memory  Enable  Non enable  Other
       Cycle  Flops    Flops    Clock   Latch   Latch       Sinks
                                Pins    Sinks   Sinks       
-----------------------------------------------------------------
root     0     3590       0       0       0         0         0
-----------------------------------------------------------------
Total    0     3590       0       0       0         0         0
-----------------------------------------------------------------

Target and measured clock slews (in ns):

----------------------------------------------------------------------------------------------------------------------------------------------
Timing Corner                        Worst Rising  Worst Falling  Worst Rising  Worst Falling  Leaf Slew    Leaf Slew  Trunk Slew   Trunk Slew
                                     Leaf Slew     Leaf Slew      Trunk Slew    Trunk Slew     Target Type  Target     Target Type  Target
----------------------------------------------------------------------------------------------------------------------------------------------
delay_corner_wcl_fast:both.early        0.013          0.016         0.013          0.016      ignored          -      ignored          -
delay_corner_wcl_fast:both.late         0.013          0.016         0.013          0.016      ignored          -      ignored          -
delay_corner_wcl_slow:both.early        0.022          0.025         0.021          0.026      ignored          -      ignored          -
delay_corner_wcl_slow:both.late         0.022          0.025         0.021          0.026      explicit     *0.025     explicit     *0.025
delay_corner_wcl_typical:both.early     0.015          0.019         0.016          0.020      ignored          -      ignored          -
delay_corner_wcl_typical:both.late      0.015          0.019         0.016          0.020      ignored          -      ignored          -
----------------------------------------------------------------------------------------------------------------------------------------------

* - indicates that target was not met.

auto extracted - target was extracted from SDC.
auto computed - target was computed when balancing trees.

