###############################################################
#  Generated by:      Cadence Innovus 23.10-p003_1
#  OS:                Linux x86_64(Host ID tc279)
#  Generated on:      Wed Feb 19 01:11:31 2025
#  Design:            pp_fir_u_6
#  Command:           report_skew_groups -out_file RPT/rskg_full.rpt
###############################################################

Skew Group Structure:
=====================

---------------------------------------------------------------------------------
Skew Group                    Sources    Constrained Sinks    Unconstrained Sinks
---------------------------------------------------------------------------------
clk/functional_wcl_typical       1             3590                    0
---------------------------------------------------------------------------------

Skew Group Summary:
===================

------------------------------------------------------------------------------------------------------------------------------------------------------------------------------------------------
Timing Corner                          Skew Group                    ID Target    Min ID    Max ID    Avg ID    Std.Dev. ID    Skew Target Type    Skew Target    Skew     Skew window occupancy
------------------------------------------------------------------------------------------------------------------------------------------------------------------------------------------------
delay_corner_wcl_slow:both.early       clk/functional_wcl_typical        -        0.183     0.217     0.199        0.006       ignored                  -         0.034              -
delay_corner_wcl_slow:both.late        clk/functional_wcl_typical    *0.200       0.186     0.220     0.202        0.006       explicit            *0.010         0.034    64.9% {0.200, 0.210}
delay_corner_wcl_fast:both.early       clk/functional_wcl_typical        -        0.108     0.127     0.116        0.003       ignored                  -         0.019              -
delay_corner_wcl_fast:both.late        clk/functional_wcl_typical        -        0.110     0.130     0.118        0.003       ignored                  -         0.019              -
delay_corner_wcl_typical:both.early    clk/functional_wcl_typical        -        0.139     0.164     0.150        0.004       ignored                  -         0.025              -
delay_corner_wcl_typical:both.late     clk/functional_wcl_typical        -        0.141     0.167     0.153        0.004       ignored                  -         0.025              -
------------------------------------------------------------------------------------------------------------------------------------------------------------------------------------------------

* - indicates that target was not met.

Skew Group Min/Max path pins:
=============================

---------------------------------------------------------------------------------------------------------
Timing Corner                          Skew Group                    Min ID    PathID    Max ID    PathID
---------------------------------------------------------------------------------------------------------
delay_corner_wcl_slow:both.early       clk/functional_wcl_typical    0.183        1      0.217        2
-    min signed_mag_6_mag_im_reg[207]/CK
-    max signed_mag_6_mag_im_reg[178]/CK
delay_corner_wcl_slow:both.late        clk/functional_wcl_typical    0.186        3      0.220        4
-    min signed_mag_6_mag_im_reg[207]/CK
-    max signed_mag_6_mag_im_reg[178]/CK
delay_corner_wcl_fast:both.early       clk/functional_wcl_typical    0.108        5      0.127        6
-    min signed_mag_6_mag_im_reg[207]/CK
-    max signed_mag_6_mag_im_reg[179]/CK
delay_corner_wcl_fast:both.late        clk/functional_wcl_typical    0.110        7      0.130        8
-    min signed_mag_6_mag_im_reg[207]/CK
-    max signed_mag_6_mag_im_reg[179]/CK
delay_corner_wcl_typical:both.early    clk/functional_wcl_typical    0.139        9      0.164       10
-    min signed_mag_6_mag_im_reg[207]/CK
-    max signed_mag_6_mag_im_reg[178]/CK
delay_corner_wcl_typical:both.late     clk/functional_wcl_typical    0.141       11      0.167       12
-    min signed_mag_6_mag_im_reg[207]/CK
-    max signed_mag_6_mag_im_reg[178]/CK
---------------------------------------------------------------------------------------------------------

Timing for timing corner delay_corner_wcl_slow:both.early, min clock_path:
==========================================================================

PathID    : 1
Path type : skew group clk/functional_wcl_typical (path 1 of 1)
Start     : clk
End       : signed_mag_6_mag_im_reg[207]/CK
Delay     : 0.183

-----------------------------------------------------------------------------------------------------------------
Name  Lib cell                   Event  Incr   Arrival  Slew   Cap    Location           Distance  Fanout  Status
                                        (ns)   (ns)     (ns)   (pF)                      (um)              
-- Clockpath trace ----------------------------------------------------------------------------------------------
clk
-     -                          rise   -       0.000   0.004  0.034  (102.020,179.950)  -            6    
CTS_ccl_a_inv_00383/A
-     INV_X4B_A9PP140ZTL_C30     rise   0.001   0.001   0.006  -      (107.400,173.150)   12.180   -       
CTS_ccl_a_inv_00383/Y
-     INV_X4B_A9PP140ZTL_C30     fall   0.011   0.012   0.018  0.008  (107.260,173.350)    0.340      1    
CTS_cdb_inv_00450/A
-     INV_X2B_A9PP140ZTL_C30     fall   0.002   0.014   0.019  -      (159.060,175.850)   54.300   -       
CTS_cdb_inv_00450/Y
-     INV_X2B_A9PP140ZTL_C30     rise   0.011   0.025   0.012  0.002  (159.200,176.050)    0.340      1    
CTS_cdb_inv_00451/A
-     INV_X2B_A9PP140ZTL_C30     rise   0.000   0.025   0.012  -      (152.900,174.050)    8.300   -       
CTS_cdb_inv_00451/Y
-     INV_X2B_A9PP140ZTL_C30     fall   0.011   0.036   0.015  0.003  (152.760,174.250)    0.340      1    
CTS_cdb_inv_00452/A
-     INV_X2B_A9PP140ZTL_C30     fall   0.000   0.036   0.015  -      (144.640,167.750)   14.620   -       
CTS_cdb_inv_00452/Y
-     INV_X2B_A9PP140ZTL_C30     rise   0.015   0.051   0.019  0.005  (144.500,167.550)    0.340      1    
CTS_cdb_inv_00453/A
-     INV_X2B_A9PP140ZTL_C30     rise   0.001   0.052   0.019  -      (175.860,164.150)   34.760   -       
CTS_cdb_inv_00453/Y
-     INV_X2B_A9PP140ZTL_C30     fall   0.016   0.068   0.022  0.004  (175.720,163.950)    0.340      1    
CTS_cdb_inv_00454/A
-     INV_X4B_A9PP140ZTL_C30     fall   0.000   0.068   0.022  -      (159.760,166.850)   18.860   -       
CTS_cdb_inv_00454/Y
-     INV_X4B_A9PP140ZTL_C30     rise   0.012   0.080   0.014  0.006  (159.900,166.650)    0.340      1    
CTS_cdb_inv_00455/A
-     INV_X2B_A9PP140ZTL_C30     rise   0.001   0.081   0.014  -      (159.760,131.750)   35.040   -       
CTS_cdb_inv_00455/Y
-     INV_X2B_A9PP140ZTL_C30     fall   0.016   0.097   0.023  0.005  (159.620,131.550)    0.340      1    
CTS_ccl_a_inv_00377/A
-     INV_X4B_A9PP140ZTL_C30     fall   0.001   0.097   0.023  -      (160.600,155.150)   24.580   -       
CTS_ccl_a_inv_00377/Y
-     INV_X4B_A9PP140ZTL_C30     rise   0.014   0.111   0.017  0.008  (160.460,155.350)    0.340      2    
CTS_cdb_inv_00456/A
-     INV_X2B_A9PP140ZTL_C30     rise   0.001   0.112   0.017  -      (161.440,174.050)   19.680   -       
CTS_cdb_inv_00456/Y
-     INV_X2B_A9PP140ZTL_C30     fall   0.009   0.121   0.012  0.002  (161.580,174.250)    0.340      1    
CTS_cdb_inv_00457/A
-     INV_X2B_A9PP140ZTL_C30     fall   0.000   0.121   0.012  -      (160.600,174.050)    1.180   -       
CTS_cdb_inv_00457/Y
-     INV_X2B_A9PP140ZTL_C30     rise   0.011   0.132   0.013  0.003  (160.740,174.250)    0.340      1    
CTS_ccl_a_inv_00366/A
-     INV_X6B_A9PP140ZTL_C30     rise   0.000   0.132   0.013  -      (160.600,172.250)    2.140   -       
CTS_ccl_a_inv_00366/Y
-     INV_X6B_A9PP140ZTL_C30     fall   0.014   0.146   0.020  0.012  (160.460,172.050)    0.340      3    
CTS_ccl_a_inv_00345/A
-     INV_X4B_A9PP140ZTL_C30     fall   0.001   0.147   0.020  -      (155.140,175.850)    9.120   -       
CTS_ccl_a_inv_00345/Y
-     INV_X4B_A9PP140ZTL_C30     rise   0.012   0.158   0.014  0.006  (155.280,175.650)    0.340      2    
CTS_ccl_a_inv_00305/A
-     INV_X4B_A9PP140ZTL_C30     rise   0.000   0.158   0.014  -      (156.260,175.850)    1.180   -       
CTS_ccl_a_inv_00305/Y
-     INV_X4B_A9PP140ZTL_C30     fall   0.015   0.173   0.021  0.009  (156.400,175.650)    0.340      3    
CTS_ccl_a_inv_00206/A
-     INV_X7P5B_A9PP140ZTL_C30   fall   0.000   0.173   0.021  -      (159.900,175.850)    3.700   -       
CTS_ccl_a_inv_00206/Y
-     INV_X7P5B_A9PP140ZTL_C30   rise   0.009   0.183   0.011  0.007  (160.040,175.650)    0.340     10    
signed_mag_6_mag_im_reg[207]/CK
-     DFFRPQ_X1M_A9PP140ZTL_C30  rise   0.000   0.183   0.011  -      (161.160,175.850)    1.320   -       
-----------------------------------------------------------------------------------------------------------------

Timing for timing corner delay_corner_wcl_slow:both.early, max clock_path:
==========================================================================

PathID    : 2
Path type : skew group clk/functional_wcl_typical (path 1 of 1)
Start     : clk
End       : signed_mag_6_mag_im_reg[178]/CK
Delay     : 0.217

------------------------------------------------------------------------------------------------------------------
Name  Lib cell                    Event  Incr   Arrival  Slew   Cap    Location           Distance  Fanout  Status
                                         (ns)   (ns)     (ns)   (pF)                      (um)              
-- Clockpath trace -----------------------------------------------------------------------------------------------
clk
-     -                           rise   -       0.000   0.004  0.034  (102.020,179.950)  -           6     
CTS_ccl_a_inv_00383/A
-     INV_X4B_A9PP140ZTL_C30      rise   0.001   0.001   0.006  -      (107.400,173.150)   12.180   -       
CTS_ccl_a_inv_00383/Y
-     INV_X4B_A9PP140ZTL_C30      fall   0.011   0.012   0.018  0.008  (107.260,173.350)    0.340     1     
CTS_cdb_inv_00450/A
-     INV_X2B_A9PP140ZTL_C30      fall   0.002   0.014   0.019  -      (159.060,175.850)   54.300   -       
CTS_cdb_inv_00450/Y
-     INV_X2B_A9PP140ZTL_C30      rise   0.011   0.025   0.012  0.002  (159.200,176.050)    0.340     1     
CTS_cdb_inv_00451/A
-     INV_X2B_A9PP140ZTL_C30      rise   0.000   0.025   0.012  -      (152.900,174.050)    8.300   -       
CTS_cdb_inv_00451/Y
-     INV_X2B_A9PP140ZTL_C30      fall   0.011   0.036   0.015  0.003  (152.760,174.250)    0.340     1     
CTS_cdb_inv_00452/A
-     INV_X2B_A9PP140ZTL_C30      fall   0.000   0.036   0.015  -      (144.640,167.750)   14.620   -       
CTS_cdb_inv_00452/Y
-     INV_X2B_A9PP140ZTL_C30      rise   0.015   0.051   0.019  0.005  (144.500,167.550)    0.340     1     
CTS_cdb_inv_00453/A
-     INV_X2B_A9PP140ZTL_C30      rise   0.001   0.052   0.019  -      (175.860,164.150)   34.760   -       
CTS_cdb_inv_00453/Y
-     INV_X2B_A9PP140ZTL_C30      fall   0.016   0.068   0.022  0.004  (175.720,163.950)    0.340     1     
CTS_cdb_inv_00454/A
-     INV_X4B_A9PP140ZTL_C30      fall   0.000   0.068   0.022  -      (159.760,166.850)   18.860   -       
CTS_cdb_inv_00454/Y
-     INV_X4B_A9PP140ZTL_C30      rise   0.012   0.080   0.014  0.006  (159.900,166.650)    0.340     1     
CTS_cdb_inv_00455/A
-     INV_X2B_A9PP140ZTL_C30      rise   0.001   0.081   0.014  -      (159.760,131.750)   35.040   -       
CTS_cdb_inv_00455/Y
-     INV_X2B_A9PP140ZTL_C30      fall   0.016   0.097   0.023  0.005  (159.620,131.550)    0.340     1     
CTS_ccl_a_inv_00377/A
-     INV_X4B_A9PP140ZTL_C30      fall   0.001   0.097   0.023  -      (160.600,155.150)   24.580   -       
CTS_ccl_a_inv_00377/Y
-     INV_X4B_A9PP140ZTL_C30      rise   0.014   0.111   0.017  0.008  (160.460,155.350)    0.340     2     
CTS_cdb_inv_00456/A
-     INV_X2B_A9PP140ZTL_C30      rise   0.001   0.112   0.017  -      (161.440,174.050)   19.680   -       
CTS_cdb_inv_00456/Y
-     INV_X2B_A9PP140ZTL_C30      fall   0.009   0.121   0.012  0.002  (161.580,174.250)    0.340     1     
CTS_cdb_inv_00457/A
-     INV_X2B_A9PP140ZTL_C30      fall   0.000   0.121   0.012  -      (160.600,174.050)    1.180   -       
CTS_cdb_inv_00457/Y
-     INV_X2B_A9PP140ZTL_C30      rise   0.011   0.132   0.013  0.003  (160.740,174.250)    0.340     1     
CTS_ccl_a_inv_00366/A
-     INV_X6B_A9PP140ZTL_C30      rise   0.000   0.132   0.013  -      (160.600,172.250)    2.140   -       
CTS_ccl_a_inv_00366/Y
-     INV_X6B_A9PP140ZTL_C30      fall   0.014   0.146   0.020  0.012  (160.460,172.050)    0.340     3     
CTS_ccl_a_inv_00346/A
-     INV_X4B_A9PP140ZTL_C30      fall   0.001   0.147   0.020  -      (136.240,174.050)   26.220   -       
CTS_ccl_a_inv_00346/Y
-     INV_X4B_A9PP140ZTL_C30      rise   0.008   0.155   0.009  0.002  (136.380,173.850)    0.340     1     
FE_USKC3259_CTS_314/A
-     INV_X4B_A9PP140ZTL_C30      rise   0.000   0.155   0.009  -      (136.940,174.050)    0.760   -       
FE_USKC3259_CTS_314/Y
-     INV_X4B_A9PP140ZTL_C30      fall   0.006   0.161   0.008  0.002  (137.080,173.850)    0.340     1     
FE_USKC3260_CTS_314/A
-     INV_X4B_A9PP140ZTL_C30      fall   0.000   0.161   0.008  -      (137.640,174.050)    0.760   -       
FE_USKC3260_CTS_314/Y
-     INV_X4B_A9PP140ZTL_C30      rise   0.012   0.173   0.016  0.010  (137.780,173.850)    0.340     3     
CTS_ccl_a_inv_00307/A
-     INV_X4B_A9PP140ZTL_C30      rise   0.001   0.173   0.016  -      (139.320,174.050)    1.740   -       
CTS_ccl_a_inv_00307/Y
-     INV_X4B_A9PP140ZTL_C30      fall   0.015   0.189   0.022  0.009  (139.460,173.850)    0.340     3     
CTS_ccl_a_inv_00212/A
-     INV_X4B_A9PP140ZTL_C30      fall   0.000   0.189   0.022  -      (140.440,175.850)    2.980   -       
CTS_ccl_a_inv_00212/Y
-     INV_X4B_A9PP140ZTL_C30      rise   0.008   0.197   0.010  0.003  (140.580,175.650)    0.340     1     
CTS_cpc_drv_inv_00532/A
-     INV_X4B_A9PP140ZTL_C30      rise   0.000   0.197   0.010  -      (141.420,179.450)    4.640   -       
CTS_cpc_drv_inv_00532/Y
-     INV_X4B_A9PP140ZTL_C30      fall   0.009   0.206   0.012  0.004  (141.560,179.250)    0.340     1     
CTS_cpc_drv_inv_00533/A
-     INV_X7P5B_A9PP140ZTL_C30    fall   0.000   0.206   0.012  -      (143.100,179.450)    1.740   -       
CTS_cpc_drv_inv_00533/Y
-     INV_X7P5B_A9PP140ZTL_C30    rise   0.009   0.215   0.011  0.010  (143.240,179.250)    0.340     9     
signed_mag_6_mag_im_reg[178]/CK
-     DFFRPQA_X1M_A9PP140ZTL_C30  rise   0.001   0.217   0.011  -      (143.480,178.650)    0.840   -       
------------------------------------------------------------------------------------------------------------------

Timing for timing corner delay_corner_wcl_slow:both.late, min clock_path:
=========================================================================

PathID    : 3
Path type : skew group clk/functional_wcl_typical (path 1 of 1)
Start     : clk
End       : signed_mag_6_mag_im_reg[207]/CK
Delay     : 0.186

-----------------------------------------------------------------------------------------------------------------
Name  Lib cell                   Event  Incr   Arrival  Slew   Cap    Location           Distance  Fanout  Status
                                        (ns)   (ns)     (ns)   (pF)                      (um)              
-- Clockpath trace ----------------------------------------------------------------------------------------------
clk
-     -                          rise   -       0.000   0.004  0.034  (102.020,179.950)  -            6    
CTS_ccl_a_inv_00383/A
-     INV_X4B_A9PP140ZTL_C30     rise   0.001   0.001   0.006  -      (107.400,173.150)   12.180   -       
CTS_ccl_a_inv_00383/Y
-     INV_X4B_A9PP140ZTL_C30     fall   0.011   0.012   0.018  0.008  (107.260,173.350)    0.340      1    
CTS_cdb_inv_00450/A
-     INV_X2B_A9PP140ZTL_C30     fall   0.002   0.014   0.019  -      (159.060,175.850)   54.300   -       
CTS_cdb_inv_00450/Y
-     INV_X2B_A9PP140ZTL_C30     rise   0.011   0.025   0.012  0.002  (159.200,176.050)    0.340      1    
CTS_cdb_inv_00451/A
-     INV_X2B_A9PP140ZTL_C30     rise   0.000   0.025   0.012  -      (152.900,174.050)    8.300   -       
CTS_cdb_inv_00451/Y
-     INV_X2B_A9PP140ZTL_C30     fall   0.011   0.036   0.015  0.003  (152.760,174.250)    0.340      1    
CTS_cdb_inv_00452/A
-     INV_X2B_A9PP140ZTL_C30     fall   0.001   0.037   0.015  -      (144.640,167.750)   14.620   -       
CTS_cdb_inv_00452/Y
-     INV_X2B_A9PP140ZTL_C30     rise   0.015   0.052   0.019  0.005  (144.500,167.550)    0.340      1    
CTS_cdb_inv_00453/A
-     INV_X2B_A9PP140ZTL_C30     rise   0.001   0.053   0.019  -      (175.860,164.150)   34.760   -       
CTS_cdb_inv_00453/Y
-     INV_X2B_A9PP140ZTL_C30     fall   0.016   0.069   0.022  0.004  (175.720,163.950)    0.340      1    
CTS_cdb_inv_00454/A
-     INV_X4B_A9PP140ZTL_C30     fall   0.001   0.070   0.022  -      (159.760,166.850)   18.860   -       
CTS_cdb_inv_00454/Y
-     INV_X4B_A9PP140ZTL_C30     rise   0.012   0.081   0.014  0.006  (159.900,166.650)    0.340      1    
CTS_cdb_inv_00455/A
-     INV_X2B_A9PP140ZTL_C30     rise   0.001   0.083   0.014  -      (159.760,131.750)   35.040   -       
CTS_cdb_inv_00455/Y
-     INV_X2B_A9PP140ZTL_C30     fall   0.016   0.099   0.023  0.005  (159.620,131.550)    0.340      1    
CTS_ccl_a_inv_00377/A
-     INV_X4B_A9PP140ZTL_C30     fall   0.001   0.100   0.023  -      (160.600,155.150)   24.580   -       
CTS_ccl_a_inv_00377/Y
-     INV_X4B_A9PP140ZTL_C30     rise   0.014   0.114   0.017  0.008  (160.460,155.350)    0.340      2    
CTS_cdb_inv_00456/A
-     INV_X2B_A9PP140ZTL_C30     rise   0.001   0.115   0.017  -      (161.440,174.050)   19.680   -       
CTS_cdb_inv_00456/Y
-     INV_X2B_A9PP140ZTL_C30     fall   0.009   0.124   0.012  0.002  (161.580,174.250)    0.340      1    
CTS_cdb_inv_00457/A
-     INV_X2B_A9PP140ZTL_C30     fall   0.000   0.124   0.012  -      (160.600,174.050)    1.180   -       
CTS_cdb_inv_00457/Y
-     INV_X2B_A9PP140ZTL_C30     rise   0.011   0.134   0.013  0.003  (160.740,174.250)    0.340      1    
CTS_ccl_a_inv_00366/A
-     INV_X6B_A9PP140ZTL_C30     rise   0.000   0.135   0.013  -      (160.600,172.250)    2.140   -       
CTS_ccl_a_inv_00366/Y
-     INV_X6B_A9PP140ZTL_C30     fall   0.014   0.149   0.020  0.012  (160.460,172.050)    0.340      3    
CTS_ccl_a_inv_00345/A
-     INV_X4B_A9PP140ZTL_C30     fall   0.001   0.149   0.020  -      (155.140,175.850)    9.120   -       
CTS_ccl_a_inv_00345/Y
-     INV_X4B_A9PP140ZTL_C30     rise   0.012   0.161   0.014  0.006  (155.280,175.650)    0.340      2    
CTS_ccl_a_inv_00305/A
-     INV_X4B_A9PP140ZTL_C30     rise   0.000   0.162   0.014  -      (156.260,175.850)    1.180   -       
CTS_ccl_a_inv_00305/Y
-     INV_X4B_A9PP140ZTL_C30     fall   0.015   0.176   0.021  0.009  (156.400,175.650)    0.340      3    
CTS_ccl_a_inv_00206/A
-     INV_X7P5B_A9PP140ZTL_C30   fall   0.000   0.177   0.021  -      (159.900,175.850)    3.700   -       
CTS_ccl_a_inv_00206/Y
-     INV_X7P5B_A9PP140ZTL_C30   rise   0.009   0.186   0.011  0.007  (160.040,175.650)    0.340     10    
signed_mag_6_mag_im_reg[207]/CK
-     DFFRPQ_X1M_A9PP140ZTL_C30  rise   0.000   0.186   0.011  -      (161.160,175.850)    1.320   -       
-----------------------------------------------------------------------------------------------------------------

Timing for timing corner delay_corner_wcl_slow:both.late, max clock_path:
=========================================================================

PathID    : 4
Path type : skew group clk/functional_wcl_typical (path 1 of 1)
Start     : clk
End       : signed_mag_6_mag_im_reg[178]/CK
Delay     : 0.220

------------------------------------------------------------------------------------------------------------------
Name  Lib cell                    Event  Incr   Arrival  Slew   Cap    Location           Distance  Fanout  Status
                                         (ns)   (ns)     (ns)   (pF)                      (um)              
-- Clockpath trace -----------------------------------------------------------------------------------------------
clk
-     -                           rise   -       0.000   0.004  0.034  (102.020,179.950)  -           6     
CTS_ccl_a_inv_00383/A
-     INV_X4B_A9PP140ZTL_C30      rise   0.001   0.001   0.006  -      (107.400,173.150)   12.180   -       
CTS_ccl_a_inv_00383/Y
-     INV_X4B_A9PP140ZTL_C30      fall   0.011   0.012   0.018  0.008  (107.260,173.350)    0.340     1     
CTS_cdb_inv_00450/A
-     INV_X2B_A9PP140ZTL_C30      fall   0.002   0.014   0.019  -      (159.060,175.850)   54.300   -       
CTS_cdb_inv_00450/Y
-     INV_X2B_A9PP140ZTL_C30      rise   0.011   0.025   0.012  0.002  (159.200,176.050)    0.340     1     
CTS_cdb_inv_00451/A
-     INV_X2B_A9PP140ZTL_C30      rise   0.000   0.025   0.012  -      (152.900,174.050)    8.300   -       
CTS_cdb_inv_00451/Y
-     INV_X2B_A9PP140ZTL_C30      fall   0.011   0.036   0.015  0.003  (152.760,174.250)    0.340     1     
CTS_cdb_inv_00452/A
-     INV_X2B_A9PP140ZTL_C30      fall   0.001   0.037   0.015  -      (144.640,167.750)   14.620   -       
CTS_cdb_inv_00452/Y
-     INV_X2B_A9PP140ZTL_C30      rise   0.015   0.052   0.019  0.005  (144.500,167.550)    0.340     1     
CTS_cdb_inv_00453/A
-     INV_X2B_A9PP140ZTL_C30      rise   0.001   0.053   0.019  -      (175.860,164.150)   34.760   -       
CTS_cdb_inv_00453/Y
-     INV_X2B_A9PP140ZTL_C30      fall   0.016   0.069   0.022  0.004  (175.720,163.950)    0.340     1     
CTS_cdb_inv_00454/A
-     INV_X4B_A9PP140ZTL_C30      fall   0.001   0.070   0.022  -      (159.760,166.850)   18.860   -       
CTS_cdb_inv_00454/Y
-     INV_X4B_A9PP140ZTL_C30      rise   0.012   0.081   0.014  0.006  (159.900,166.650)    0.340     1     
CTS_cdb_inv_00455/A
-     INV_X2B_A9PP140ZTL_C30      rise   0.001   0.083   0.014  -      (159.760,131.750)   35.040   -       
CTS_cdb_inv_00455/Y
-     INV_X2B_A9PP140ZTL_C30      fall   0.016   0.099   0.023  0.005  (159.620,131.550)    0.340     1     
CTS_ccl_a_inv_00377/A
-     INV_X4B_A9PP140ZTL_C30      fall   0.001   0.100   0.023  -      (160.600,155.150)   24.580   -       
CTS_ccl_a_inv_00377/Y
-     INV_X4B_A9PP140ZTL_C30      rise   0.014   0.114   0.017  0.008  (160.460,155.350)    0.340     2     
CTS_cdb_inv_00456/A
-     INV_X2B_A9PP140ZTL_C30      rise   0.001   0.115   0.017  -      (161.440,174.050)   19.680   -       
CTS_cdb_inv_00456/Y
-     INV_X2B_A9PP140ZTL_C30      fall   0.009   0.124   0.012  0.002  (161.580,174.250)    0.340     1     
CTS_cdb_inv_00457/A
-     INV_X2B_A9PP140ZTL_C30      fall   0.000   0.124   0.012  -      (160.600,174.050)    1.180   -       
CTS_cdb_inv_00457/Y
-     INV_X2B_A9PP140ZTL_C30      rise   0.011   0.134   0.013  0.003  (160.740,174.250)    0.340     1     
CTS_ccl_a_inv_00366/A
-     INV_X6B_A9PP140ZTL_C30      rise   0.000   0.135   0.013  -      (160.600,172.250)    2.140   -       
CTS_ccl_a_inv_00366/Y
-     INV_X6B_A9PP140ZTL_C30      fall   0.014   0.149   0.020  0.012  (160.460,172.050)    0.340     3     
CTS_ccl_a_inv_00346/A
-     INV_X4B_A9PP140ZTL_C30      fall   0.001   0.150   0.020  -      (136.240,174.050)   26.220   -       
CTS_ccl_a_inv_00346/Y
-     INV_X4B_A9PP140ZTL_C30      rise   0.008   0.157   0.009  0.002  (136.380,173.850)    0.340     1     
FE_USKC3259_CTS_314/A
-     INV_X4B_A9PP140ZTL_C30      rise   0.000   0.158   0.009  -      (136.940,174.050)    0.760   -       
FE_USKC3259_CTS_314/Y
-     INV_X4B_A9PP140ZTL_C30      fall   0.006   0.164   0.008  0.002  (137.080,173.850)    0.340     1     
FE_USKC3260_CTS_314/A
-     INV_X4B_A9PP140ZTL_C30      fall   0.000   0.164   0.008  -      (137.640,174.050)    0.760   -       
FE_USKC3260_CTS_314/Y
-     INV_X4B_A9PP140ZTL_C30      rise   0.012   0.176   0.016  0.010  (137.780,173.850)    0.340     3     
CTS_ccl_a_inv_00307/A
-     INV_X4B_A9PP140ZTL_C30      rise   0.001   0.176   0.016  -      (139.320,174.050)    1.740   -       
CTS_ccl_a_inv_00307/Y
-     INV_X4B_A9PP140ZTL_C30      fall   0.015   0.192   0.022  0.009  (139.460,173.850)    0.340     3     
CTS_ccl_a_inv_00212/A
-     INV_X4B_A9PP140ZTL_C30      fall   0.001   0.192   0.022  -      (140.440,175.850)    2.980   -       
CTS_ccl_a_inv_00212/Y
-     INV_X4B_A9PP140ZTL_C30      rise   0.008   0.200   0.010  0.003  (140.580,175.650)    0.340     1     
CTS_cpc_drv_inv_00532/A
-     INV_X4B_A9PP140ZTL_C30      rise   0.000   0.201   0.010  -      (141.420,179.450)    4.640   -       
CTS_cpc_drv_inv_00532/Y
-     INV_X4B_A9PP140ZTL_C30      fall   0.009   0.209   0.012  0.004  (141.560,179.250)    0.340     1     
CTS_cpc_drv_inv_00533/A
-     INV_X7P5B_A9PP140ZTL_C30    fall   0.000   0.210   0.012  -      (143.100,179.450)    1.740   -       
CTS_cpc_drv_inv_00533/Y
-     INV_X7P5B_A9PP140ZTL_C30    rise   0.009   0.219   0.011  0.010  (143.240,179.250)    0.340     9     
signed_mag_6_mag_im_reg[178]/CK
-     DFFRPQA_X1M_A9PP140ZTL_C30  rise   0.001   0.220   0.011  -      (143.480,178.650)    0.840   -       
------------------------------------------------------------------------------------------------------------------

Timing for timing corner delay_corner_wcl_fast:both.early, min clock_path:
==========================================================================

PathID    : 5
Path type : skew group clk/functional_wcl_typical (path 1 of 1)
Start     : clk
End       : signed_mag_6_mag_im_reg[207]/CK
Delay     : 0.108

-----------------------------------------------------------------------------------------------------------------
Name  Lib cell                   Event  Incr   Arrival  Slew   Cap    Location           Distance  Fanout  Status
                                        (ns)   (ns)     (ns)   (pF)                      (um)              
-- Clockpath trace ----------------------------------------------------------------------------------------------
clk
-     -                          rise   -       0.000   0.004  0.036  (102.020,179.950)  -            6    
CTS_ccl_a_inv_00383/A
-     INV_X4B_A9PP140ZTL_C30     rise   0.001   0.001   0.005  -      (107.400,173.150)   12.180   -       
CTS_ccl_a_inv_00383/Y
-     INV_X4B_A9PP140ZTL_C30     fall   0.008   0.008   0.012  0.009  (107.260,173.350)    0.340      1    
CTS_cdb_inv_00450/A
-     INV_X2B_A9PP140ZTL_C30     fall   0.001   0.009   0.012  -      (159.060,175.850)   54.300   -       
CTS_cdb_inv_00450/Y
-     INV_X2B_A9PP140ZTL_C30     rise   0.006   0.015   0.007  0.002  (159.200,176.050)    0.340      1    
CTS_cdb_inv_00451/A
-     INV_X2B_A9PP140ZTL_C30     rise   0.000   0.015   0.007  -      (152.900,174.050)    8.300   -       
CTS_cdb_inv_00451/Y
-     INV_X2B_A9PP140ZTL_C30     fall   0.007   0.022   0.010  0.003  (152.760,174.250)    0.340      1    
CTS_cdb_inv_00452/A
-     INV_X2B_A9PP140ZTL_C30     fall   0.000   0.022   0.010  -      (144.640,167.750)   14.620   -       
CTS_cdb_inv_00452/Y
-     INV_X2B_A9PP140ZTL_C30     rise   0.009   0.031   0.011  0.006  (144.500,167.550)    0.340      1    
CTS_cdb_inv_00453/A
-     INV_X2B_A9PP140ZTL_C30     rise   0.000   0.031   0.011  -      (175.860,164.150)   34.760   -       
CTS_cdb_inv_00453/Y
-     INV_X2B_A9PP140ZTL_C30     fall   0.009   0.041   0.014  0.005  (175.720,163.950)    0.340      1    
CTS_cdb_inv_00454/A
-     INV_X4B_A9PP140ZTL_C30     fall   0.000   0.041   0.014  -      (159.760,166.850)   18.860   -       
CTS_cdb_inv_00454/Y
-     INV_X4B_A9PP140ZTL_C30     rise   0.007   0.048   0.009  0.006  (159.900,166.650)    0.340      1    
CTS_cdb_inv_00455/A
-     INV_X2B_A9PP140ZTL_C30     rise   0.000   0.048   0.009  -      (159.760,131.750)   35.040   -       
CTS_cdb_inv_00455/Y
-     INV_X2B_A9PP140ZTL_C30     fall   0.010   0.058   0.015  0.006  (159.620,131.550)    0.340      1    
CTS_ccl_a_inv_00377/A
-     INV_X4B_A9PP140ZTL_C30     fall   0.000   0.058   0.015  -      (160.600,155.150)   24.580   -       
CTS_ccl_a_inv_00377/Y
-     INV_X4B_A9PP140ZTL_C30     rise   0.008   0.066   0.010  0.008  (160.460,155.350)    0.340      2    
CTS_cdb_inv_00456/A
-     INV_X2B_A9PP140ZTL_C30     rise   0.000   0.067   0.010  -      (161.440,174.050)   19.680   -       
CTS_cdb_inv_00456/Y
-     INV_X2B_A9PP140ZTL_C30     fall   0.005   0.071   0.007  0.002  (161.580,174.250)    0.340      1    
CTS_cdb_inv_00457/A
-     INV_X2B_A9PP140ZTL_C30     fall   0.000   0.071   0.007  -      (160.600,174.050)    1.180   -       
CTS_cdb_inv_00457/Y
-     INV_X2B_A9PP140ZTL_C30     rise   0.006   0.078   0.008  0.004  (160.740,174.250)    0.340      1    
CTS_ccl_a_inv_00366/A
-     INV_X6B_A9PP140ZTL_C30     rise   0.000   0.078   0.008  -      (160.600,172.250)    2.140   -       
CTS_ccl_a_inv_00366/Y
-     INV_X6B_A9PP140ZTL_C30     fall   0.009   0.086   0.012  0.013  (160.460,172.050)    0.340      3    
CTS_ccl_a_inv_00345/A
-     INV_X4B_A9PP140ZTL_C30     fall   0.000   0.087   0.012  -      (155.140,175.850)    9.120   -       
CTS_ccl_a_inv_00345/Y
-     INV_X4B_A9PP140ZTL_C30     rise   0.007   0.093   0.008  0.006  (155.280,175.650)    0.340      2    
CTS_ccl_a_inv_00305/A
-     INV_X4B_A9PP140ZTL_C30     rise   0.000   0.094   0.008  -      (156.260,175.850)    1.180   -       
CTS_ccl_a_inv_00305/Y
-     INV_X4B_A9PP140ZTL_C30     fall   0.009   0.103   0.013  0.010  (156.400,175.650)    0.340      3    
CTS_ccl_a_inv_00206/A
-     INV_X7P5B_A9PP140ZTL_C30   fall   0.000   0.103   0.013  -      (159.900,175.850)    3.700   -       
CTS_ccl_a_inv_00206/Y
-     INV_X7P5B_A9PP140ZTL_C30   rise   0.005   0.108   0.007  0.007  (160.040,175.650)    0.340     10    
signed_mag_6_mag_im_reg[207]/CK
-     DFFRPQ_X1M_A9PP140ZTL_C30  rise   0.000   0.108   0.007  -      (161.160,175.850)    1.320   -       
-----------------------------------------------------------------------------------------------------------------

Timing for timing corner delay_corner_wcl_fast:both.early, max clock_path:
==========================================================================

PathID    : 6
Path type : skew group clk/functional_wcl_typical (path 1 of 1)
Start     : clk
End       : signed_mag_6_b2u_8to255_quad_0_qOut_reg[176]/CK
Delay     : 0.127

-----------------------------------------------------------------------------------------------------------------
Name  Lib cell                   Event  Incr   Arrival  Slew   Cap    Location           Distance  Fanout  Status
                                        (ns)   (ns)     (ns)   (pF)                      (um)              
-- Clockpath trace ----------------------------------------------------------------------------------------------
clk
-     -                          rise   -       0.000   0.004  0.036  (102.020,179.950)  -           6     
CTS_ccl_a_inv_00383/A
-     INV_X4B_A9PP140ZTL_C30     rise   0.001   0.001   0.005  -      (107.400,173.150)   12.180   -       
CTS_ccl_a_inv_00383/Y
-     INV_X4B_A9PP140ZTL_C30     fall   0.008   0.008   0.012  0.009  (107.260,173.350)    0.340     1     
CTS_cdb_inv_00450/A
-     INV_X2B_A9PP140ZTL_C30     fall   0.001   0.009   0.012  -      (159.060,175.850)   54.300   -       
CTS_cdb_inv_00450/Y
-     INV_X2B_A9PP140ZTL_C30     rise   0.006   0.015   0.007  0.002  (159.200,176.050)    0.340     1     
CTS_cdb_inv_00451/A
-     INV_X2B_A9PP140ZTL_C30     rise   0.000   0.015   0.007  -      (152.900,174.050)    8.300   -       
CTS_cdb_inv_00451/Y
-     INV_X2B_A9PP140ZTL_C30     fall   0.007   0.022   0.010  0.003  (152.760,174.250)    0.340     1     
CTS_cdb_inv_00452/A
-     INV_X2B_A9PP140ZTL_C30     fall   0.000   0.022   0.010  -      (144.640,167.750)   14.620   -       
CTS_cdb_inv_00452/Y
-     INV_X2B_A9PP140ZTL_C30     rise   0.009   0.031   0.011  0.006  (144.500,167.550)    0.340     1     
CTS_cdb_inv_00453/A
-     INV_X2B_A9PP140ZTL_C30     rise   0.000   0.031   0.011  -      (175.860,164.150)   34.760   -       
CTS_cdb_inv_00453/Y
-     INV_X2B_A9PP140ZTL_C30     fall   0.009   0.041   0.014  0.005  (175.720,163.950)    0.340     1     
CTS_cdb_inv_00454/A
-     INV_X4B_A9PP140ZTL_C30     fall   0.000   0.041   0.014  -      (159.760,166.850)   18.860   -       
CTS_cdb_inv_00454/Y
-     INV_X4B_A9PP140ZTL_C30     rise   0.007   0.048   0.009  0.006  (159.900,166.650)    0.340     1     
CTS_cdb_inv_00455/A
-     INV_X2B_A9PP140ZTL_C30     rise   0.000   0.048   0.009  -      (159.760,131.750)   35.040   -       
CTS_cdb_inv_00455/Y
-     INV_X2B_A9PP140ZTL_C30     fall   0.010   0.058   0.015  0.006  (159.620,131.550)    0.340     1     
CTS_ccl_a_inv_00377/A
-     INV_X4B_A9PP140ZTL_C30     fall   0.000   0.058   0.015  -      (160.600,155.150)   24.580   -       
CTS_ccl_a_inv_00377/Y
-     INV_X4B_A9PP140ZTL_C30     rise   0.008   0.066   0.010  0.008  (160.460,155.350)    0.340     2     
CTS_cdb_inv_00456/A
-     INV_X2B_A9PP140ZTL_C30     rise   0.000   0.067   0.010  -      (161.440,174.050)   19.680   -       
CTS_cdb_inv_00456/Y
-     INV_X2B_A9PP140ZTL_C30     fall   0.005   0.071   0.007  0.002  (161.580,174.250)    0.340     1     
CTS_cdb_inv_00457/A
-     INV_X2B_A9PP140ZTL_C30     fall   0.000   0.071   0.007  -      (160.600,174.050)    1.180   -       
CTS_cdb_inv_00457/Y
-     INV_X2B_A9PP140ZTL_C30     rise   0.006   0.078   0.008  0.004  (160.740,174.250)    0.340     1     
CTS_ccl_a_inv_00366/A
-     INV_X6B_A9PP140ZTL_C30     rise   0.000   0.078   0.008  -      (160.600,172.250)    2.140   -       
CTS_ccl_a_inv_00366/Y
-     INV_X6B_A9PP140ZTL_C30     fall   0.009   0.086   0.012  0.013  (160.460,172.050)    0.340     3     
CTS_ccl_a_inv_00346/A
-     INV_X4B_A9PP140ZTL_C30     fall   0.000   0.087   0.012  -      (136.240,174.050)   26.220   -       
CTS_ccl_a_inv_00346/Y
-     INV_X4B_A9PP140ZTL_C30     rise   0.004   0.091   0.005  0.002  (136.380,173.850)    0.340     1     
FE_USKC3259_CTS_314/A
-     INV_X4B_A9PP140ZTL_C30     rise   0.000   0.091   0.005  -      (136.940,174.050)    0.760   -       
FE_USKC3259_CTS_314/Y
-     INV_X4B_A9PP140ZTL_C30     fall   0.004   0.095   0.005  0.002  (137.080,173.850)    0.340     1     
FE_USKC3260_CTS_314/A
-     INV_X4B_A9PP140ZTL_C30     fall   0.000   0.095   0.005  -      (137.640,174.050)    0.760   -       
FE_USKC3260_CTS_314/Y
-     INV_X4B_A9PP140ZTL_C30     rise   0.007   0.102   0.010  0.011  (137.780,173.850)    0.340     3     
CTS_ccl_a_inv_00307/A
-     INV_X4B_A9PP140ZTL_C30     rise   0.000   0.102   0.010  -      (139.320,174.050)    1.740   -       
CTS_ccl_a_inv_00307/Y
-     INV_X4B_A9PP140ZTL_C30     fall   0.009   0.112   0.014  0.010  (139.460,173.850)    0.340     3     
CTS_ccl_a_inv_00212/A
-     INV_X4B_A9PP140ZTL_C30     fall   0.000   0.112   0.014  -      (140.440,175.850)    2.980   -       
CTS_ccl_a_inv_00212/Y
-     INV_X4B_A9PP140ZTL_C30     rise   0.005   0.116   0.006  0.003  (140.580,175.650)    0.340     1     
CTS_cpc_drv_inv_00532/A
-     INV_X4B_A9PP140ZTL_C30     rise   0.000   0.116   0.006  -      (141.420,179.450)    4.640   -       
CTS_cpc_drv_inv_00532/Y
-     INV_X4B_A9PP140ZTL_C30     fall   0.005   0.122   0.007  0.004  (141.560,179.250)    0.340     1     
CTS_cpc_drv_inv_00533/A
-     INV_X7P5B_A9PP140ZTL_C30   fall   0.000   0.122   0.007  -      (143.100,179.450)    1.740   -       
CTS_cpc_drv_inv_00533/Y
-     INV_X7P5B_A9PP140ZTL_C30   rise   0.005   0.127   0.006  0.010  (143.240,179.250)    0.340     9     
signed_mag_6_b2u_8to255_quad_0_qOut_reg[176]/CK
-     DFFRPQ_X1M_A9PP140ZTL_C30  rise   0.000   0.127   0.006  -      (141.980,174.950)    5.560   -       
-----------------------------------------------------------------------------------------------------------------

Timing for timing corner delay_corner_wcl_fast:both.late, min clock_path:
=========================================================================

PathID    : 7
Path type : skew group clk/functional_wcl_typical (path 1 of 1)
Start     : clk
End       : signed_mag_6_mag_im_reg[207]/CK
Delay     : 0.110

-----------------------------------------------------------------------------------------------------------------
Name  Lib cell                   Event  Incr   Arrival  Slew   Cap    Location           Distance  Fanout  Status
                                        (ns)   (ns)     (ns)   (pF)                      (um)              
-- Clockpath trace ----------------------------------------------------------------------------------------------
clk
-     -                          rise   -       0.000   0.004  0.036  (102.020,179.950)  -            6    
CTS_ccl_a_inv_00383/A
-     INV_X4B_A9PP140ZTL_C30     rise   0.001   0.001   0.005  -      (107.400,173.150)   12.180   -       
CTS_ccl_a_inv_00383/Y
-     INV_X4B_A9PP140ZTL_C30     fall   0.008   0.008   0.012  0.009  (107.260,173.350)    0.340      1    
CTS_cdb_inv_00450/A
-     INV_X2B_A9PP140ZTL_C30     fall   0.001   0.010   0.012  -      (159.060,175.850)   54.300   -       
CTS_cdb_inv_00450/Y
-     INV_X2B_A9PP140ZTL_C30     rise   0.006   0.016   0.007  0.002  (159.200,176.050)    0.340      1    
CTS_cdb_inv_00451/A
-     INV_X2B_A9PP140ZTL_C30     rise   0.000   0.016   0.007  -      (152.900,174.050)    8.300   -       
CTS_cdb_inv_00451/Y
-     INV_X2B_A9PP140ZTL_C30     fall   0.007   0.023   0.010  0.003  (152.760,174.250)    0.340      1    
CTS_cdb_inv_00452/A
-     INV_X2B_A9PP140ZTL_C30     fall   0.000   0.023   0.010  -      (144.640,167.750)   14.620   -       
CTS_cdb_inv_00452/Y
-     INV_X2B_A9PP140ZTL_C30     rise   0.009   0.032   0.011  0.006  (144.500,167.550)    0.340      1    
CTS_cdb_inv_00453/A
-     INV_X2B_A9PP140ZTL_C30     rise   0.001   0.032   0.011  -      (175.860,164.150)   34.760   -       
CTS_cdb_inv_00453/Y
-     INV_X2B_A9PP140ZTL_C30     fall   0.009   0.042   0.014  0.005  (175.720,163.950)    0.340      1    
CTS_cdb_inv_00454/A
-     INV_X4B_A9PP140ZTL_C30     fall   0.000   0.042   0.014  -      (159.760,166.850)   18.860   -       
CTS_cdb_inv_00454/Y
-     INV_X4B_A9PP140ZTL_C30     rise   0.007   0.049   0.009  0.006  (159.900,166.650)    0.340      1    
CTS_cdb_inv_00455/A
-     INV_X2B_A9PP140ZTL_C30     rise   0.001   0.049   0.009  -      (159.760,131.750)   35.040   -       
CTS_cdb_inv_00455/Y
-     INV_X2B_A9PP140ZTL_C30     fall   0.010   0.059   0.015  0.006  (159.620,131.550)    0.340      1    
CTS_ccl_a_inv_00377/A
-     INV_X4B_A9PP140ZTL_C30     fall   0.000   0.060   0.015  -      (160.600,155.150)   24.580   -       
CTS_ccl_a_inv_00377/Y
-     INV_X4B_A9PP140ZTL_C30     rise   0.008   0.068   0.010  0.008  (160.460,155.350)    0.340      2    
CTS_cdb_inv_00456/A
-     INV_X2B_A9PP140ZTL_C30     rise   0.001   0.069   0.010  -      (161.440,174.050)   19.680   -       
CTS_cdb_inv_00456/Y
-     INV_X2B_A9PP140ZTL_C30     fall   0.005   0.074   0.007  0.002  (161.580,174.250)    0.340      1    
CTS_cdb_inv_00457/A
-     INV_X2B_A9PP140ZTL_C30     fall   0.000   0.074   0.007  -      (160.600,174.050)    1.180   -       
CTS_cdb_inv_00457/Y
-     INV_X2B_A9PP140ZTL_C30     rise   0.006   0.080   0.008  0.004  (160.740,174.250)    0.340      1    
CTS_ccl_a_inv_00366/A
-     INV_X6B_A9PP140ZTL_C30     rise   0.000   0.080   0.008  -      (160.600,172.250)    2.140   -       
CTS_ccl_a_inv_00366/Y
-     INV_X6B_A9PP140ZTL_C30     fall   0.009   0.089   0.012  0.013  (160.460,172.050)    0.340      3    
CTS_ccl_a_inv_00345/A
-     INV_X4B_A9PP140ZTL_C30     fall   0.000   0.089   0.012  -      (155.140,175.850)    9.120   -       
CTS_ccl_a_inv_00345/Y
-     INV_X4B_A9PP140ZTL_C30     rise   0.007   0.096   0.008  0.006  (155.280,175.650)    0.340      2    
CTS_ccl_a_inv_00305/A
-     INV_X4B_A9PP140ZTL_C30     rise   0.000   0.096   0.008  -      (156.260,175.850)    1.180   -       
CTS_ccl_a_inv_00305/Y
-     INV_X4B_A9PP140ZTL_C30     fall   0.009   0.105   0.013  0.010  (156.400,175.650)    0.340      3    
CTS_ccl_a_inv_00206/A
-     INV_X7P5B_A9PP140ZTL_C30   fall   0.000   0.105   0.013  -      (159.900,175.850)    3.700   -       
CTS_ccl_a_inv_00206/Y
-     INV_X7P5B_A9PP140ZTL_C30   rise   0.005   0.110   0.007  0.007  (160.040,175.650)    0.340     10    
signed_mag_6_mag_im_reg[207]/CK
-     DFFRPQ_X1M_A9PP140ZTL_C30  rise   0.000   0.110   0.007  -      (161.160,175.850)    1.320   -       
-----------------------------------------------------------------------------------------------------------------

Timing for timing corner delay_corner_wcl_fast:both.late, max clock_path:
=========================================================================

PathID    : 8
Path type : skew group clk/functional_wcl_typical (path 1 of 1)
Start     : clk
End       : signed_mag_6_b2u_8to255_quad_0_qOut_reg[176]/CK
Delay     : 0.130

-----------------------------------------------------------------------------------------------------------------
Name  Lib cell                   Event  Incr   Arrival  Slew   Cap    Location           Distance  Fanout  Status
                                        (ns)   (ns)     (ns)   (pF)                      (um)              
-- Clockpath trace ----------------------------------------------------------------------------------------------
clk
-     -                          rise   -       0.000   0.004  0.036  (102.020,179.950)  -           6     
CTS_ccl_a_inv_00383/A
-     INV_X4B_A9PP140ZTL_C30     rise   0.001   0.001   0.005  -      (107.400,173.150)   12.180   -       
CTS_ccl_a_inv_00383/Y
-     INV_X4B_A9PP140ZTL_C30     fall   0.008   0.008   0.012  0.009  (107.260,173.350)    0.340     1     
CTS_cdb_inv_00450/A
-     INV_X2B_A9PP140ZTL_C30     fall   0.001   0.010   0.012  -      (159.060,175.850)   54.300   -       
CTS_cdb_inv_00450/Y
-     INV_X2B_A9PP140ZTL_C30     rise   0.006   0.016   0.007  0.002  (159.200,176.050)    0.340     1     
CTS_cdb_inv_00451/A
-     INV_X2B_A9PP140ZTL_C30     rise   0.000   0.016   0.007  -      (152.900,174.050)    8.300   -       
CTS_cdb_inv_00451/Y
-     INV_X2B_A9PP140ZTL_C30     fall   0.007   0.023   0.010  0.003  (152.760,174.250)    0.340     1     
CTS_cdb_inv_00452/A
-     INV_X2B_A9PP140ZTL_C30     fall   0.000   0.023   0.010  -      (144.640,167.750)   14.620   -       
CTS_cdb_inv_00452/Y
-     INV_X2B_A9PP140ZTL_C30     rise   0.009   0.032   0.011  0.006  (144.500,167.550)    0.340     1     
CTS_cdb_inv_00453/A
-     INV_X2B_A9PP140ZTL_C30     rise   0.001   0.032   0.011  -      (175.860,164.150)   34.760   -       
CTS_cdb_inv_00453/Y
-     INV_X2B_A9PP140ZTL_C30     fall   0.009   0.042   0.014  0.005  (175.720,163.950)    0.340     1     
CTS_cdb_inv_00454/A
-     INV_X4B_A9PP140ZTL_C30     fall   0.000   0.042   0.014  -      (159.760,166.850)   18.860   -       
CTS_cdb_inv_00454/Y
-     INV_X4B_A9PP140ZTL_C30     rise   0.007   0.049   0.009  0.006  (159.900,166.650)    0.340     1     
CTS_cdb_inv_00455/A
-     INV_X2B_A9PP140ZTL_C30     rise   0.001   0.049   0.009  -      (159.760,131.750)   35.040   -       
CTS_cdb_inv_00455/Y
-     INV_X2B_A9PP140ZTL_C30     fall   0.010   0.059   0.015  0.006  (159.620,131.550)    0.340     1     
CTS_ccl_a_inv_00377/A
-     INV_X4B_A9PP140ZTL_C30     fall   0.000   0.060   0.015  -      (160.600,155.150)   24.580   -       
CTS_ccl_a_inv_00377/Y
-     INV_X4B_A9PP140ZTL_C30     rise   0.008   0.068   0.010  0.008  (160.460,155.350)    0.340     2     
CTS_cdb_inv_00456/A
-     INV_X2B_A9PP140ZTL_C30     rise   0.001   0.069   0.010  -      (161.440,174.050)   19.680   -       
CTS_cdb_inv_00456/Y
-     INV_X2B_A9PP140ZTL_C30     fall   0.005   0.074   0.007  0.002  (161.580,174.250)    0.340     1     
CTS_cdb_inv_00457/A
-     INV_X2B_A9PP140ZTL_C30     fall   0.000   0.074   0.007  -      (160.600,174.050)    1.180   -       
CTS_cdb_inv_00457/Y
-     INV_X2B_A9PP140ZTL_C30     rise   0.006   0.080   0.008  0.004  (160.740,174.250)    0.340     1     
CTS_ccl_a_inv_00366/A
-     INV_X6B_A9PP140ZTL_C30     rise   0.000   0.080   0.008  -      (160.600,172.250)    2.140   -       
CTS_ccl_a_inv_00366/Y
-     INV_X6B_A9PP140ZTL_C30     fall   0.009   0.089   0.012  0.013  (160.460,172.050)    0.340     3     
CTS_ccl_a_inv_00346/A
-     INV_X4B_A9PP140ZTL_C30     fall   0.000   0.089   0.012  -      (136.240,174.050)   26.220   -       
CTS_ccl_a_inv_00346/Y
-     INV_X4B_A9PP140ZTL_C30     rise   0.004   0.093   0.005  0.002  (136.380,173.850)    0.340     1     
FE_USKC3259_CTS_314/A
-     INV_X4B_A9PP140ZTL_C30     rise   0.000   0.093   0.005  -      (136.940,174.050)    0.760   -       
FE_USKC3259_CTS_314/Y
-     INV_X4B_A9PP140ZTL_C30     fall   0.004   0.097   0.005  0.002  (137.080,173.850)    0.340     1     
FE_USKC3260_CTS_314/A
-     INV_X4B_A9PP140ZTL_C30     fall   0.000   0.097   0.005  -      (137.640,174.050)    0.760   -       
FE_USKC3260_CTS_314/Y
-     INV_X4B_A9PP140ZTL_C30     rise   0.007   0.104   0.010  0.011  (137.780,173.850)    0.340     3     
CTS_ccl_a_inv_00307/A
-     INV_X4B_A9PP140ZTL_C30     rise   0.000   0.105   0.010  -      (139.320,174.050)    1.740   -       
CTS_ccl_a_inv_00307/Y
-     INV_X4B_A9PP140ZTL_C30     fall   0.009   0.114   0.014  0.010  (139.460,173.850)    0.340     3     
CTS_ccl_a_inv_00212/A
-     INV_X4B_A9PP140ZTL_C30     fall   0.000   0.114   0.014  -      (140.440,175.850)    2.980   -       
CTS_ccl_a_inv_00212/Y
-     INV_X4B_A9PP140ZTL_C30     rise   0.005   0.119   0.006  0.003  (140.580,175.650)    0.340     1     
CTS_cpc_drv_inv_00532/A
-     INV_X4B_A9PP140ZTL_C30     rise   0.000   0.119   0.006  -      (141.420,179.450)    4.640   -       
CTS_cpc_drv_inv_00532/Y
-     INV_X4B_A9PP140ZTL_C30     fall   0.005   0.124   0.007  0.004  (141.560,179.250)    0.340     1     
CTS_cpc_drv_inv_00533/A
-     INV_X7P5B_A9PP140ZTL_C30   fall   0.000   0.124   0.007  -      (143.100,179.450)    1.740   -       
CTS_cpc_drv_inv_00533/Y
-     INV_X7P5B_A9PP140ZTL_C30   rise   0.005   0.130   0.006  0.010  (143.240,179.250)    0.340     9     
signed_mag_6_b2u_8to255_quad_0_qOut_reg[176]/CK
-     DFFRPQ_X1M_A9PP140ZTL_C30  rise   0.000   0.130   0.006  -      (141.980,174.950)    5.560   -       
-----------------------------------------------------------------------------------------------------------------

Timing for timing corner delay_corner_wcl_typical:both.early, min clock_path:
=============================================================================

PathID    : 9
Path type : skew group clk/functional_wcl_typical (path 1 of 1)
Start     : clk
End       : signed_mag_6_mag_im_reg[207]/CK
Delay     : 0.139

-----------------------------------------------------------------------------------------------------------------
Name  Lib cell                   Event  Incr   Arrival  Slew   Cap    Location           Distance  Fanout  Status
                                        (ns)   (ns)     (ns)   (pF)                      (um)              
-- Clockpath trace ----------------------------------------------------------------------------------------------
clk
-     -                          rise   -       0.000   0.004  0.035  (102.020,179.950)  -            6    
CTS_ccl_a_inv_00383/A
-     INV_X4B_A9PP140ZTL_C30     rise   0.001   0.001   0.005  -      (107.400,173.150)   12.180   -       
CTS_ccl_a_inv_00383/Y
-     INV_X4B_A9PP140ZTL_C30     fall   0.009   0.010   0.014  0.008  (107.260,173.350)    0.340      1    
CTS_cdb_inv_00450/A
-     INV_X2B_A9PP140ZTL_C30     fall   0.001   0.011   0.014  -      (159.060,175.850)   54.300   -       
CTS_cdb_inv_00450/Y
-     INV_X2B_A9PP140ZTL_C30     rise   0.008   0.019   0.009  0.002  (159.200,176.050)    0.340      1    
CTS_cdb_inv_00451/A
-     INV_X2B_A9PP140ZTL_C30     rise   0.000   0.019   0.009  -      (152.900,174.050)    8.300   -       
CTS_cdb_inv_00451/Y
-     INV_X2B_A9PP140ZTL_C30     fall   0.009   0.028   0.012  0.003  (152.760,174.250)    0.340      1    
CTS_cdb_inv_00452/A
-     INV_X2B_A9PP140ZTL_C30     fall   0.000   0.028   0.012  -      (144.640,167.750)   14.620   -       
CTS_cdb_inv_00452/Y
-     INV_X2B_A9PP140ZTL_C30     rise   0.011   0.039   0.014  0.005  (144.500,167.550)    0.340      1    
CTS_cdb_inv_00453/A
-     INV_X2B_A9PP140ZTL_C30     rise   0.000   0.039   0.014  -      (175.860,164.150)   34.760   -       
CTS_cdb_inv_00453/Y
-     INV_X2B_A9PP140ZTL_C30     fall   0.012   0.052   0.017  0.005  (175.720,163.950)    0.340      1    
CTS_cdb_inv_00454/A
-     INV_X4B_A9PP140ZTL_C30     fall   0.000   0.052   0.017  -      (159.760,166.850)   18.860   -       
CTS_cdb_inv_00454/Y
-     INV_X4B_A9PP140ZTL_C30     rise   0.009   0.061   0.011  0.006  (159.900,166.650)    0.340      1    
CTS_cdb_inv_00455/A
-     INV_X2B_A9PP140ZTL_C30     rise   0.000   0.061   0.011  -      (159.760,131.750)   35.040   -       
CTS_cdb_inv_00455/Y
-     INV_X2B_A9PP140ZTL_C30     fall   0.013   0.074   0.018  0.005  (159.620,131.550)    0.340      1    
CTS_ccl_a_inv_00377/A
-     INV_X4B_A9PP140ZTL_C30     fall   0.000   0.074   0.018  -      (160.600,155.150)   24.580   -       
CTS_ccl_a_inv_00377/Y
-     INV_X4B_A9PP140ZTL_C30     rise   0.011   0.085   0.013  0.008  (160.460,155.350)    0.340      2    
CTS_cdb_inv_00456/A
-     INV_X2B_A9PP140ZTL_C30     rise   0.001   0.085   0.013  -      (161.440,174.050)   19.680   -       
CTS_cdb_inv_00456/Y
-     INV_X2B_A9PP140ZTL_C30     fall   0.007   0.092   0.009  0.002  (161.580,174.250)    0.340      1    
CTS_cdb_inv_00457/A
-     INV_X2B_A9PP140ZTL_C30     fall   0.000   0.092   0.009  -      (160.600,174.050)    1.180   -       
CTS_cdb_inv_00457/Y
-     INV_X2B_A9PP140ZTL_C30     rise   0.008   0.100   0.010  0.004  (160.740,174.250)    0.340      1    
CTS_ccl_a_inv_00366/A
-     INV_X6B_A9PP140ZTL_C30     rise   0.000   0.100   0.010  -      (160.600,172.250)    2.140   -       
CTS_ccl_a_inv_00366/Y
-     INV_X6B_A9PP140ZTL_C30     fall   0.011   0.111   0.015  0.013  (160.460,172.050)    0.340      3    
CTS_ccl_a_inv_00345/A
-     INV_X4B_A9PP140ZTL_C30     fall   0.001   0.112   0.015  -      (155.140,175.850)    9.120   -       
CTS_ccl_a_inv_00345/Y
-     INV_X4B_A9PP140ZTL_C30     rise   0.009   0.120   0.010  0.006  (155.280,175.650)    0.340      2    
CTS_ccl_a_inv_00305/A
-     INV_X4B_A9PP140ZTL_C30     rise   0.000   0.120   0.010  -      (156.260,175.850)    1.180   -       
CTS_ccl_a_inv_00305/Y
-     INV_X4B_A9PP140ZTL_C30     fall   0.012   0.132   0.017  0.009  (156.400,175.650)    0.340      3    
CTS_ccl_a_inv_00206/A
-     INV_X7P5B_A9PP140ZTL_C30   fall   0.000   0.132   0.017  -      (159.900,175.850)    3.700   -       
CTS_ccl_a_inv_00206/Y
-     INV_X7P5B_A9PP140ZTL_C30   rise   0.007   0.139   0.009  0.007  (160.040,175.650)    0.340     10    
signed_mag_6_mag_im_reg[207]/CK
-     DFFRPQ_X1M_A9PP140ZTL_C30  rise   0.000   0.139   0.009  -      (161.160,175.850)    1.320   -       
-----------------------------------------------------------------------------------------------------------------

Timing for timing corner delay_corner_wcl_typical:both.early, max clock_path:
=============================================================================

PathID    : 10
Path type : skew group clk/functional_wcl_typical (path 1 of 1)
Start     : clk
End       : signed_mag_6_mag_im_reg[178]/CK
Delay     :  0.164

------------------------------------------------------------------------------------------------------------------
Name  Lib cell                    Event  Incr   Arrival  Slew   Cap    Location           Distance  Fanout  Status
                                         (ns)   (ns)     (ns)   (pF)                      (um)              
-- Clockpath trace -----------------------------------------------------------------------------------------------
clk
-     -                           rise   -       0.000   0.004  0.035  (102.020,179.950)  -           6     
CTS_ccl_a_inv_00383/A
-     INV_X4B_A9PP140ZTL_C30      rise   0.001   0.001   0.005  -      (107.400,173.150)   12.180   -       
CTS_ccl_a_inv_00383/Y
-     INV_X4B_A9PP140ZTL_C30      fall   0.009   0.010   0.014  0.008  (107.260,173.350)    0.340     1     
CTS_cdb_inv_00450/A
-     INV_X2B_A9PP140ZTL_C30      fall   0.001   0.011   0.014  -      (159.060,175.850)   54.300   -       
CTS_cdb_inv_00450/Y
-     INV_X2B_A9PP140ZTL_C30      rise   0.008   0.019   0.009  0.002  (159.200,176.050)    0.340     1     
CTS_cdb_inv_00451/A
-     INV_X2B_A9PP140ZTL_C30      rise   0.000   0.019   0.009  -      (152.900,174.050)    8.300   -       
CTS_cdb_inv_00451/Y
-     INV_X2B_A9PP140ZTL_C30      fall   0.009   0.028   0.012  0.003  (152.760,174.250)    0.340     1     
CTS_cdb_inv_00452/A
-     INV_X2B_A9PP140ZTL_C30      fall   0.000   0.028   0.012  -      (144.640,167.750)   14.620   -       
CTS_cdb_inv_00452/Y
-     INV_X2B_A9PP140ZTL_C30      rise   0.011   0.039   0.014  0.005  (144.500,167.550)    0.340     1     
CTS_cdb_inv_00453/A
-     INV_X2B_A9PP140ZTL_C30      rise   0.000   0.039   0.014  -      (175.860,164.150)   34.760   -       
CTS_cdb_inv_00453/Y
-     INV_X2B_A9PP140ZTL_C30      fall   0.012   0.052   0.017  0.005  (175.720,163.950)    0.340     1     
CTS_cdb_inv_00454/A
-     INV_X4B_A9PP140ZTL_C30      fall   0.000   0.052   0.017  -      (159.760,166.850)   18.860   -       
CTS_cdb_inv_00454/Y
-     INV_X4B_A9PP140ZTL_C30      rise   0.009   0.061   0.011  0.006  (159.900,166.650)    0.340     1     
CTS_cdb_inv_00455/A
-     INV_X2B_A9PP140ZTL_C30      rise   0.000   0.061   0.011  -      (159.760,131.750)   35.040   -       
CTS_cdb_inv_00455/Y
-     INV_X2B_A9PP140ZTL_C30      fall   0.013   0.074   0.018  0.005  (159.620,131.550)    0.340     1     
CTS_ccl_a_inv_00377/A
-     INV_X4B_A9PP140ZTL_C30      fall   0.000   0.074   0.018  -      (160.600,155.150)   24.580   -       
CTS_ccl_a_inv_00377/Y
-     INV_X4B_A9PP140ZTL_C30      rise   0.011   0.085   0.013  0.008  (160.460,155.350)    0.340     2     
CTS_cdb_inv_00456/A
-     INV_X2B_A9PP140ZTL_C30      rise   0.001   0.085   0.013  -      (161.440,174.050)   19.680   -       
CTS_cdb_inv_00456/Y
-     INV_X2B_A9PP140ZTL_C30      fall   0.007   0.092   0.009  0.002  (161.580,174.250)    0.340     1     
CTS_cdb_inv_00457/A
-     INV_X2B_A9PP140ZTL_C30      fall   0.000   0.092   0.009  -      (160.600,174.050)    1.180   -       
CTS_cdb_inv_00457/Y
-     INV_X2B_A9PP140ZTL_C30      rise   0.008   0.100   0.010  0.004  (160.740,174.250)    0.340     1     
CTS_ccl_a_inv_00366/A
-     INV_X6B_A9PP140ZTL_C30      rise   0.000   0.100   0.010  -      (160.600,172.250)    2.140   -       
CTS_ccl_a_inv_00366/Y
-     INV_X6B_A9PP140ZTL_C30      fall   0.011   0.111   0.015  0.013  (160.460,172.050)    0.340     3     
CTS_ccl_a_inv_00346/A
-     INV_X4B_A9PP140ZTL_C30      fall   0.001   0.112   0.015  -      (136.240,174.050)   26.220   -       
CTS_ccl_a_inv_00346/Y
-     INV_X4B_A9PP140ZTL_C30      rise   0.006   0.117   0.007  0.002  (136.380,173.850)    0.340     1     
FE_USKC3259_CTS_314/A
-     INV_X4B_A9PP140ZTL_C30      rise   0.000   0.117   0.007  -      (136.940,174.050)    0.760   -       
FE_USKC3259_CTS_314/Y
-     INV_X4B_A9PP140ZTL_C30      fall   0.005   0.122   0.006  0.002  (137.080,173.850)    0.340     1     
FE_USKC3260_CTS_314/A
-     INV_X4B_A9PP140ZTL_C30      fall   0.000   0.122   0.006  -      (137.640,174.050)    0.760   -       
FE_USKC3260_CTS_314/Y
-     INV_X4B_A9PP140ZTL_C30      rise   0.009   0.131   0.012  0.010  (137.780,173.850)    0.340     3     
CTS_ccl_a_inv_00307/A
-     INV_X4B_A9PP140ZTL_C30      rise   0.000   0.131   0.012  -      (139.320,174.050)    1.740   -       
CTS_ccl_a_inv_00307/Y
-     INV_X4B_A9PP140ZTL_C30      fall   0.012   0.143   0.017  0.009  (139.460,173.850)    0.340     3     
CTS_ccl_a_inv_00212/A
-     INV_X4B_A9PP140ZTL_C30      fall   0.000   0.143   0.017  -      (140.440,175.850)    2.980   -       
CTS_ccl_a_inv_00212/Y
-     INV_X4B_A9PP140ZTL_C30      rise   0.006   0.149   0.007  0.003  (140.580,175.650)    0.340     1     
CTS_cpc_drv_inv_00532/A
-     INV_X4B_A9PP140ZTL_C30      rise   0.000   0.149   0.007  -      (141.420,179.450)    4.640   -       
CTS_cpc_drv_inv_00532/Y
-     INV_X4B_A9PP140ZTL_C30      fall   0.007   0.156   0.009  0.004  (141.560,179.250)    0.340     1     
CTS_cpc_drv_inv_00533/A
-     INV_X7P5B_A9PP140ZTL_C30    fall   0.000   0.157   0.009  -      (143.100,179.450)    1.740   -       
CTS_cpc_drv_inv_00533/Y
-     INV_X7P5B_A9PP140ZTL_C30    rise   0.007   0.163   0.008  0.010  (143.240,179.250)    0.340     9     
signed_mag_6_mag_im_reg[178]/CK
-     DFFRPQA_X1M_A9PP140ZTL_C30  rise   0.001   0.164   0.008  -      (143.480,178.650)    0.840   -       
------------------------------------------------------------------------------------------------------------------

Timing for timing corner delay_corner_wcl_typical:both.late, min clock_path:
============================================================================

PathID    : 11
Path type : skew group clk/functional_wcl_typical (path 1 of 1)
Start     : clk
End       : signed_mag_6_mag_im_reg[207]/CK
Delay     :  0.141

-----------------------------------------------------------------------------------------------------------------
Name  Lib cell                   Event  Incr   Arrival  Slew   Cap    Location           Distance  Fanout  Status
                                        (ns)   (ns)     (ns)   (pF)                      (um)              
-- Clockpath trace ----------------------------------------------------------------------------------------------
clk
-     -                          rise   -       0.000   0.004  0.035  (102.020,179.950)  -            6    
CTS_ccl_a_inv_00383/A
-     INV_X4B_A9PP140ZTL_C30     rise   0.001   0.001   0.005  -      (107.400,173.150)   12.180   -       
CTS_ccl_a_inv_00383/Y
-     INV_X4B_A9PP140ZTL_C30     fall   0.009   0.010   0.014  0.008  (107.260,173.350)    0.340      1    
CTS_cdb_inv_00450/A
-     INV_X2B_A9PP140ZTL_C30     fall   0.001   0.011   0.014  -      (159.060,175.850)   54.300   -       
CTS_cdb_inv_00450/Y
-     INV_X2B_A9PP140ZTL_C30     rise   0.008   0.019   0.009  0.002  (159.200,176.050)    0.340      1    
CTS_cdb_inv_00451/A
-     INV_X2B_A9PP140ZTL_C30     rise   0.000   0.019   0.009  -      (152.900,174.050)    8.300   -       
CTS_cdb_inv_00451/Y
-     INV_X2B_A9PP140ZTL_C30     fall   0.009   0.028   0.012  0.003  (152.760,174.250)    0.340      1    
CTS_cdb_inv_00452/A
-     INV_X2B_A9PP140ZTL_C30     fall   0.000   0.028   0.012  -      (144.640,167.750)   14.620   -       
CTS_cdb_inv_00452/Y
-     INV_X2B_A9PP140ZTL_C30     rise   0.011   0.039   0.014  0.005  (144.500,167.550)    0.340      1    
CTS_cdb_inv_00453/A
-     INV_X2B_A9PP140ZTL_C30     rise   0.001   0.040   0.014  -      (175.860,164.150)   34.760   -       
CTS_cdb_inv_00453/Y
-     INV_X2B_A9PP140ZTL_C30     fall   0.012   0.052   0.017  0.005  (175.720,163.950)    0.340      1    
CTS_cdb_inv_00454/A
-     INV_X4B_A9PP140ZTL_C30     fall   0.000   0.053   0.017  -      (159.760,166.850)   18.860   -       
CTS_cdb_inv_00454/Y
-     INV_X4B_A9PP140ZTL_C30     rise   0.009   0.062   0.011  0.006  (159.900,166.650)    0.340      1    
CTS_cdb_inv_00455/A
-     INV_X2B_A9PP140ZTL_C30     rise   0.001   0.062   0.011  -      (159.760,131.750)   35.040   -       
CTS_cdb_inv_00455/Y
-     INV_X2B_A9PP140ZTL_C30     fall   0.013   0.075   0.018  0.005  (159.620,131.550)    0.340      1    
CTS_ccl_a_inv_00377/A
-     INV_X4B_A9PP140ZTL_C30     fall   0.001   0.076   0.018  -      (160.600,155.150)   24.580   -       
CTS_ccl_a_inv_00377/Y
-     INV_X4B_A9PP140ZTL_C30     rise   0.011   0.086   0.013  0.008  (160.460,155.350)    0.340      2    
CTS_cdb_inv_00456/A
-     INV_X2B_A9PP140ZTL_C30     rise   0.001   0.087   0.013  -      (161.440,174.050)   19.680   -       
CTS_cdb_inv_00456/Y
-     INV_X2B_A9PP140ZTL_C30     fall   0.007   0.094   0.009  0.002  (161.580,174.250)    0.340      1    
CTS_cdb_inv_00457/A
-     INV_X2B_A9PP140ZTL_C30     fall   0.000   0.094   0.009  -      (160.600,174.050)    1.180   -       
CTS_cdb_inv_00457/Y
-     INV_X2B_A9PP140ZTL_C30     rise   0.008   0.102   0.010  0.004  (160.740,174.250)    0.340      1    
CTS_ccl_a_inv_00366/A
-     INV_X6B_A9PP140ZTL_C30     rise   0.000   0.102   0.010  -      (160.600,172.250)    2.140   -       
CTS_ccl_a_inv_00366/Y
-     INV_X6B_A9PP140ZTL_C30     fall   0.011   0.113   0.015  0.013  (160.460,172.050)    0.340      3    
CTS_ccl_a_inv_00345/A
-     INV_X4B_A9PP140ZTL_C30     fall   0.001   0.113   0.015  -      (155.140,175.850)    9.120   -       
CTS_ccl_a_inv_00345/Y
-     INV_X4B_A9PP140ZTL_C30     rise   0.009   0.122   0.010  0.006  (155.280,175.650)    0.340      2    
CTS_ccl_a_inv_00305/A
-     INV_X4B_A9PP140ZTL_C30     rise   0.000   0.122   0.010  -      (156.260,175.850)    1.180   -       
CTS_ccl_a_inv_00305/Y
-     INV_X4B_A9PP140ZTL_C30     fall   0.012   0.134   0.017  0.009  (156.400,175.650)    0.340      3    
CTS_ccl_a_inv_00206/A
-     INV_X7P5B_A9PP140ZTL_C30   fall   0.000   0.134   0.017  -      (159.900,175.850)    3.700   -       
CTS_ccl_a_inv_00206/Y
-     INV_X7P5B_A9PP140ZTL_C30   rise   0.007   0.141   0.009  0.007  (160.040,175.650)    0.340     10    
signed_mag_6_mag_im_reg[207]/CK
-     DFFRPQ_X1M_A9PP140ZTL_C30  rise   0.000   0.141   0.009  -      (161.160,175.850)    1.320   -       
-----------------------------------------------------------------------------------------------------------------

Timing for timing corner delay_corner_wcl_typical:both.late, max clock_path:
============================================================================

PathID    : 12
Path type : skew group clk/functional_wcl_typical (path 1 of 1)
Start     : clk
End       : signed_mag_6_mag_im_reg[178]/CK
Delay     :  0.167

------------------------------------------------------------------------------------------------------------------
Name  Lib cell                    Event  Incr   Arrival  Slew   Cap    Location           Distance  Fanout  Status
                                         (ns)   (ns)     (ns)   (pF)                      (um)              
-- Clockpath trace -----------------------------------------------------------------------------------------------
clk
-     -                           rise   -       0.000   0.004  0.035  (102.020,179.950)  -           6     
CTS_ccl_a_inv_00383/A
-     INV_X4B_A9PP140ZTL_C30      rise   0.001   0.001   0.005  -      (107.400,173.150)   12.180   -       
CTS_ccl_a_inv_00383/Y
-     INV_X4B_A9PP140ZTL_C30      fall   0.009   0.010   0.014  0.008  (107.260,173.350)    0.340     1     
CTS_cdb_inv_00450/A
-     INV_X2B_A9PP140ZTL_C30      fall   0.001   0.011   0.014  -      (159.060,175.850)   54.300   -       
CTS_cdb_inv_00450/Y
-     INV_X2B_A9PP140ZTL_C30      rise   0.008   0.019   0.009  0.002  (159.200,176.050)    0.340     1     
CTS_cdb_inv_00451/A
-     INV_X2B_A9PP140ZTL_C30      rise   0.000   0.019   0.009  -      (152.900,174.050)    8.300   -       
CTS_cdb_inv_00451/Y
-     INV_X2B_A9PP140ZTL_C30      fall   0.009   0.028   0.012  0.003  (152.760,174.250)    0.340     1     
CTS_cdb_inv_00452/A
-     INV_X2B_A9PP140ZTL_C30      fall   0.000   0.028   0.012  -      (144.640,167.750)   14.620   -       
CTS_cdb_inv_00452/Y
-     INV_X2B_A9PP140ZTL_C30      rise   0.011   0.039   0.014  0.005  (144.500,167.550)    0.340     1     
CTS_cdb_inv_00453/A
-     INV_X2B_A9PP140ZTL_C30      rise   0.001   0.040   0.014  -      (175.860,164.150)   34.760   -       
CTS_cdb_inv_00453/Y
-     INV_X2B_A9PP140ZTL_C30      fall   0.012   0.052   0.017  0.005  (175.720,163.950)    0.340     1     
CTS_cdb_inv_00454/A
-     INV_X4B_A9PP140ZTL_C30      fall   0.000   0.053   0.017  -      (159.760,166.850)   18.860   -       
CTS_cdb_inv_00454/Y
-     INV_X4B_A9PP140ZTL_C30      rise   0.009   0.062   0.011  0.006  (159.900,166.650)    0.340     1     
CTS_cdb_inv_00455/A
-     INV_X2B_A9PP140ZTL_C30      rise   0.001   0.062   0.011  -      (159.760,131.750)   35.040   -       
CTS_cdb_inv_00455/Y
-     INV_X2B_A9PP140ZTL_C30      fall   0.013   0.075   0.018  0.005  (159.620,131.550)    0.340     1     
CTS_ccl_a_inv_00377/A
-     INV_X4B_A9PP140ZTL_C30      fall   0.001   0.076   0.018  -      (160.600,155.150)   24.580   -       
CTS_ccl_a_inv_00377/Y
-     INV_X4B_A9PP140ZTL_C30      rise   0.011   0.086   0.013  0.008  (160.460,155.350)    0.340     2     
CTS_cdb_inv_00456/A
-     INV_X2B_A9PP140ZTL_C30      rise   0.001   0.087   0.013  -      (161.440,174.050)   19.680   -       
CTS_cdb_inv_00456/Y
-     INV_X2B_A9PP140ZTL_C30      fall   0.007   0.094   0.009  0.002  (161.580,174.250)    0.340     1     
CTS_cdb_inv_00457/A
-     INV_X2B_A9PP140ZTL_C30      fall   0.000   0.094   0.009  -      (160.600,174.050)    1.180   -       
CTS_cdb_inv_00457/Y
-     INV_X2B_A9PP140ZTL_C30      rise   0.008   0.102   0.010  0.004  (160.740,174.250)    0.340     1     
CTS_ccl_a_inv_00366/A
-     INV_X6B_A9PP140ZTL_C30      rise   0.000   0.102   0.010  -      (160.600,172.250)    2.140   -       
CTS_ccl_a_inv_00366/Y
-     INV_X6B_A9PP140ZTL_C30      fall   0.011   0.113   0.015  0.013  (160.460,172.050)    0.340     3     
CTS_ccl_a_inv_00346/A
-     INV_X4B_A9PP140ZTL_C30      fall   0.001   0.113   0.015  -      (136.240,174.050)   26.220   -       
CTS_ccl_a_inv_00346/Y
-     INV_X4B_A9PP140ZTL_C30      rise   0.006   0.119   0.007  0.002  (136.380,173.850)    0.340     1     
FE_USKC3259_CTS_314/A
-     INV_X4B_A9PP140ZTL_C30      rise   0.000   0.119   0.007  -      (136.940,174.050)    0.760   -       
FE_USKC3259_CTS_314/Y
-     INV_X4B_A9PP140ZTL_C30      fall   0.005   0.124   0.006  0.002  (137.080,173.850)    0.340     1     
FE_USKC3260_CTS_314/A
-     INV_X4B_A9PP140ZTL_C30      fall   0.000   0.124   0.006  -      (137.640,174.050)    0.760   -       
FE_USKC3260_CTS_314/Y
-     INV_X4B_A9PP140ZTL_C30      rise   0.009   0.133   0.012  0.010  (137.780,173.850)    0.340     3     
CTS_ccl_a_inv_00307/A
-     INV_X4B_A9PP140ZTL_C30      rise   0.000   0.134   0.012  -      (139.320,174.050)    1.740   -       
CTS_ccl_a_inv_00307/Y
-     INV_X4B_A9PP140ZTL_C30      fall   0.012   0.145   0.017  0.009  (139.460,173.850)    0.340     3     
CTS_ccl_a_inv_00212/A
-     INV_X4B_A9PP140ZTL_C30      fall   0.000   0.146   0.017  -      (140.440,175.850)    2.980   -       
CTS_ccl_a_inv_00212/Y
-     INV_X4B_A9PP140ZTL_C30      rise   0.006   0.152   0.007  0.003  (140.580,175.650)    0.340     1     
CTS_cpc_drv_inv_00532/A
-     INV_X4B_A9PP140ZTL_C30      rise   0.000   0.152   0.007  -      (141.420,179.450)    4.640   -       
CTS_cpc_drv_inv_00532/Y
-     INV_X4B_A9PP140ZTL_C30      fall   0.007   0.159   0.009  0.004  (141.560,179.250)    0.340     1     
CTS_cpc_drv_inv_00533/A
-     INV_X7P5B_A9PP140ZTL_C30    fall   0.000   0.159   0.009  -      (143.100,179.450)    1.740   -       
CTS_cpc_drv_inv_00533/Y
-     INV_X7P5B_A9PP140ZTL_C30    rise   0.007   0.166   0.008  0.010  (143.240,179.250)    0.340     9     
signed_mag_6_mag_im_reg[178]/CK
-     DFFRPQA_X1M_A9PP140ZTL_C30  rise   0.001   0.167   0.008  -      (143.480,178.650)    0.840   -       
------------------------------------------------------------------------------------------------------------------

