###############################################################
#  Generated by:      Cadence Innovus 23.10-p003_1
#  OS:                Linux x86_64(Host ID tc279)
#  Generated on:      Tue Feb 18 18:50:12 2025
#  Design:            pp_fir_u_3
#  Command:           report_clock_trees -out_file RPT/rclk_full.rpt
###############################################################

Clock DAG stats:
================

---------------------------------------------------------
Cell type                 Count    Area       Capacitance
---------------------------------------------------------
Buffers                      0       0.000       0.000
Inverters                  445     386.442       1.281
Integrated Clock Gates       0       0.000       0.000
Discrete Clock Gates         0       0.000       0.000
Clock Logic                  0       0.000       0.000
All                        445     386.442       1.281
---------------------------------------------------------

Clock DAG miscellaneous counts:
===============================

------------------------------
Type                     Count
------------------------------
Roots                      1
Preserved Ports            0
Multiple Clock Inputs      0
------------------------------


Clock DAG sink counts:
======================

-------------------------
Sink type           Count
-------------------------
Regular             3674
Enable Latch           0
Load Capacitance       0
Antenna Diode          0
Node Sink              0
Total               3674
-------------------------


Clock DAG wire lengths:
=======================

--------------------
Type     Wire Length
--------------------
Top           0.000
Trunk      3635.455
Leaf       6797.120
Total     10432.575
--------------------


Clock DAG hp wire lengths:
==========================

-----------------------
Type     hp Wire Length
-----------------------
Top            0.000
Trunk       3260.500
Leaf        3997.260
Total       7257.760
-----------------------


Clock DAG capacitances:
=======================

--------------------------------
Type     Gate     Wire     Total
--------------------------------
Top      0.000    0.000    0.000
Trunk    1.280    0.511    1.791
Leaf     1.995    1.192    3.187
Total    3.275    1.704    4.979
--------------------------------


Clock DAG sink capacitances:
============================

-----------------------------------------------
Total    Average    Std. Dev.    Min      Max
-----------------------------------------------
1.994     0.001       0.000      0.000    0.002
-----------------------------------------------


Clock DAG net violations:
=========================

-------------------------------------------------------------------------------------------------------
Type                    Units    Count    Average    Std. Dev.    Sum      Top 10 violations
-------------------------------------------------------------------------------------------------------
Remaining Transition    ns         4       0.000       0.000      0.001    [0.000, 0.000, 0.000, 0.000]
-------------------------------------------------------------------------------------------------------


Clock DAG primary half-corner transition distribution:
======================================================

-----------------------------------------------------------------------------------------------------------------------------------------------------------------------------------------------------------------------------
Net Type    Target    Count    Average    Std. Dev.    Min      Max      Distribution                                                                   Over Target
-----------------------------------------------------------------------------------------------------------------------------------------------------------------------------------------------------------------------------
Trunk       0.025      204      0.019       0.004      0.008    0.025    {27 <= 0.015ns, 86 <= 0.020ns, 60 <= 0.022ns, 21 <= 0.024ns, 10 <= 0.025ns}                                      -
Leaf        0.025      242      0.020       0.004      0.007    0.025    {56 <= 0.015ns, 44 <= 0.020ns, 72 <= 0.022ns, 34 <= 0.024ns, 32 <= 0.025ns}    {4 <= 0.026ns, 0 <= 0.028ns, 0 <= 0.030ns, 0 <= 0.037ns, 0 > 0.037ns}
-----------------------------------------------------------------------------------------------------------------------------------------------------------------------------------------------------------------------------


Clock DAG library cell distribution:
====================================

-----------------------------------------------------------
Name                        Type        Inst     Inst Area 
                                        Count    (um^2)
-----------------------------------------------------------
INV_X7P5B_A9PP140ZTL_C30    inverter     131      148.554
INV_X6B_A9PP140ZTL_C30      inverter     196      172.872
INV_X4B_A9PP140ZTL_C30      inverter      81       51.030
INV_X2B_A9PP140ZTL_C30      inverter      37       13.986
-----------------------------------------------------------



Please note that the following tables reflect only the defined clock trees, so the flop counts might not include all flops in your design.

Clock Tree Summary:
===================

----------------------------------------------------------------------------------------------------------------------
Clock Tree  Clock  Bufs  Invs  Other  Max       Max     Max      Max          Standard   Wire   Gate   Clock Tree Root
Name        Gates              Clock  Non-leaf  Leaf    Length   Source-sink  cell area  cap    cap    
                               Cells  Fanout    Fanout  (um)     Resistance   (um^2)     (pF)   (pF)   
                                                                 (Ohms)                                
----------------------------------------------------------------------------------------------------------------------
clk           0     0    445     0       5        24    125.125    7592.73     386.442   1.704  3.275  clk
----------------------------------------------------------------------------------------------------------------------

Clock Sink Summary:
===================

-------------------------------------------------------------------------------------------------------------------------------------------
Clock Tree  Explicit      Implicit      Explicit     Implicit     Explicit   Implicit   Posedge  Negedge  Memory  Enable  Non enable  Other
Name        exclude pins  exclude pins  ignore pins  ignore pins  stop pins  stop pins  Flops    Flops    Clock   Latch   Latch       Sinks
                                                                                                          Pins    Sinks   Sinks       
-------------------------------------------------------------------------------------------------------------------------------------------
clk              0             0             0            0           0          0       3674       0       0       0         0         0
-------------------------------------------------------------------------------------------------------------------------------------------

Summary across all clock trees:
===============================

------------------------------------------------------------------------------------------------------------
Clock  Bufs  Invs  Other  Max       Average   Max     Average  Max      Max          Standard   Wire   Gate
Gates              Clock  Non-leaf  Non-leaf  Leaf    Leaf     Length   Source-sink  cell area  cap    cap
                   Cells  Fanout    Fanout    Fanout  Fanout   (um)     Resistance   (um^2)     (pF)   (pF)
                                                                        (Ohms)                         
------------------------------------------------------------------------------------------------------------
  0     0    445     0       5      2.17647     24    15.186   125.125    759.273     386.442   1.704  3.275
------------------------------------------------------------------------------------------------------------

Clock Sink Summary across all clock trees:
==========================================

-------------------------------------------------------------------------------------------------------------------------------
Explicit      Implicit      Explicit     Implicit     Explicit   Implicit   Posedge  Negedge  Memory  Enable  Non enable  Other
exclude pins  exclude pins  ignore pins  ignore pins  stop pins  stop pins  Flops    Flops    Clock   Latch   Latch       Sinks
                                                                                              Pins    Sinks   Sinks       
-------------------------------------------------------------------------------------------------------------------------------
     0             0             0            0           0          0       3674       0       0       0         0         0
-------------------------------------------------------------------------------------------------------------------------------

Physical metrics across all clock trees:
========================================

-----------------------------------------------------------------------
Metric                               Minimum  Average  Maximum  Std.dev
-----------------------------------------------------------------------
Source-sink routed net length (um)    0.545    14.200  125.125  10.916
Source-sink manhattan distance (um)   0.620    13.812  124.960  10.708
Source-sink resistance (Ohm)         31.034   148.673  759.273  65.641
-----------------------------------------------------------------------

Transition distribution for half-corner delay_corner_wcl_slow:both.late:
========================================================================

-----------------------------------------------------------------------------------------------------------------------------------------------------------------------------------------------------------------------------
Net Type    Target    Count    Average    Std. Dev.    Min      Max      Distribution                                                                   Over Target
-----------------------------------------------------------------------------------------------------------------------------------------------------------------------------------------------------------------------------
Trunk       0.025      204      0.019       0.004      0.008    0.025    {27 <= 0.015ns, 86 <= 0.020ns, 60 <= 0.022ns, 21 <= 0.024ns, 10 <= 0.025ns}                                      -
Leaf        0.025      242      0.020       0.004      0.007    0.025    {56 <= 0.015ns, 44 <= 0.020ns, 72 <= 0.022ns, 34 <= 0.024ns, 32 <= 0.025ns}    {4 <= 0.026ns, 0 <= 0.028ns, 0 <= 0.030ns, 0 <= 0.037ns, 0 > 0.037ns}
-----------------------------------------------------------------------------------------------------------------------------------------------------------------------------------------------------------------------------

Count of violations across all clock trees:
===========================================

---------------------------------------------------------------------------------------
Clock Tree  # Max capacitance  # Max resistance  # Max length  # Max fanout  # Slew
Name        violations         violations        violations    violations    violations
---------------------------------------------------------------------------------------
clk                 0                 0               0             0            71
---------------------------------------------------------------------------------------
Total               0                 0               0             0            71
---------------------------------------------------------------------------------------

Note the above table per clock tree is based on CCOpt clock tree view. The violations are counted across half corners.

Found a total of 0 clock tree pins with max capacitance violations.
Found a total of 0 clock tree nets with max resistance violations.
Found a total of 0 clock tree nets with max length violations.
Found a total of 0 clock tree nets with max fanout violations.
Found a total of 71 clock tree pins with a slew violation.

Slew violation summary across all clock trees - Top 10 violating pins:
======================================================================

Target and measured clock slews (in ns):

-------------------------------------------------------------------------------------------------------------------------
Half corner                      Violation  Slew    Slew      Dont   Ideal  Target    Pin
                                 amount     target  achieved  touch  net?   source    
                                                              net?                    
-------------------------------------------------------------------------------------------------------------------------
delay_corner_wcl_slow:both.late    0.000    0.025    0.025    N      N      explicit  pp_fir_3_1_1_sum2_1_re_1_reg[2]/CK
delay_corner_wcl_slow:both.late    0.000    0.025    0.025    N      N      explicit  pp_fir_3_1_1_sum3_3_re_1_reg[18]/CK
delay_corner_wcl_slow:both.late    0.000    0.025    0.025    N      N      explicit  pp_fir_3_1_1_sum3_4_re_1_reg[20]/CK
delay_corner_wcl_slow:both.late    0.000    0.025    0.025    N      N      explicit  pp_fir_3_1_1_sum3_4_re_1_reg[21]/CK
delay_corner_wcl_slow:both.late    0.000    0.025    0.025    N      N      explicit  pp_fir_3_1_1_sum3_4_re_1_reg[22]/CK
delay_corner_wcl_slow:both.late    0.000    0.025    0.025    N      N      explicit  pp_fir_3_1_1_sum3_4_re_1_reg[23]/CK
delay_corner_wcl_slow:both.late    0.000    0.025    0.025    N      N      explicit  pp_fir_3_1_1_sum3_4_re_1_reg[24]/CK
delay_corner_wcl_slow:both.late    0.000    0.025    0.025    N      N      explicit  pp_fir_3_1_1_sum3_4_re_1_reg[25]/CK
delay_corner_wcl_slow:both.late    0.000    0.025    0.025    N      N      explicit  pp_fir_3_1_1_sum3_4_re_1_reg[26]/CK
delay_corner_wcl_slow:both.late    0.000    0.025    0.025    N      N      explicit  CTS_ccl_a_inv_00047/Y
-------------------------------------------------------------------------------------------------------------------------

Target sources:
auto extracted - target was extracted from SDC.
auto computed - target was computed when balancing trees.
explicit - target is explicitly set via cts_target_max_transition_time attribute.
pin explicit - target is explicitly set for this pin via cts_pin_target_max_transition_time attribute.
liberty explicit - target is explicitly set via max_transition from liberty library.

Found 0 pins on nets marked dont_touch that have slew violations.
Found 0 pins on nets marked dont_touch that do not have slew violations.
Found 0 pins on nets marked ideal_network that have slew violations.
Found 0 pins on nets marked ideal_network that do not have slew violations.


Report for clock tree: clk:
===========================

Clock Tree Gating Structure (Logical):

# Full cycle clock gates   : 0
Minimum clock gating depth : 0
Maximum clock gating depth : 0
Clock gate area (um^2)     : 0.000

Clock Tree Buffering Structure (Logical):

# Buffers             :   0
# Inverters           : 445
  Total               : 445
Minimum depth         :  12
Maximum depth         :  16
Buffering area (um^2) : 386.442

Clock Tree Level Structure (Logical):

-----------------------------------------------------------------
Level  Full   Posedge  Negedge  Memory  Enable  Non enable  Other
       Cycle  Flops    Flops    Clock   Latch   Latch       Sinks
                                Pins    Sinks   Sinks       
-----------------------------------------------------------------
root     0     3674       0       0       0         0         0
-----------------------------------------------------------------
Total    0     3674       0       0       0         0         0
-----------------------------------------------------------------

Target and measured clock slews (in ns):

----------------------------------------------------------------------------------------------------------------------------------------------
Timing Corner                        Worst Rising  Worst Falling  Worst Rising  Worst Falling  Leaf Slew    Leaf Slew  Trunk Slew   Trunk Slew
                                     Leaf Slew     Leaf Slew      Trunk Slew    Trunk Slew     Target Type  Target     Target Type  Target
----------------------------------------------------------------------------------------------------------------------------------------------
delay_corner_wcl_fast:both.early        0.013          0.016         0.012          0.016      ignored          -      ignored          -
delay_corner_wcl_fast:both.late         0.013          0.016         0.012          0.016      ignored          -      ignored          -
delay_corner_wcl_slow:both.early        0.021          0.025         0.022          0.025      ignored          -      ignored          -
delay_corner_wcl_slow:both.late         0.021          0.025         0.022          0.025      explicit     *0.025     explicit      0.025
delay_corner_wcl_typical:both.early     0.016          0.020         0.016          0.019      ignored          -      ignored          -
delay_corner_wcl_typical:both.late      0.016          0.020         0.016          0.019      ignored          -      ignored          -
----------------------------------------------------------------------------------------------------------------------------------------------

* - indicates that target was not met.

auto extracted - target was extracted from SDC.
auto computed - target was computed when balancing trees.

