###############################################################
#  Generated by:      Cadence Innovus 23.10-p003_1
#  OS:                Linux x86_64(Host ID tc279)
#  Generated on:      Tue Feb 18 18:50:12 2025
#  Design:            pp_fir_u_3
#  Command:           report_skew_groups -out_file RPT/rskg_full.rpt
###############################################################

Skew Group Structure:
=====================

---------------------------------------------------------------------------------
Skew Group                    Sources    Constrained Sinks    Unconstrained Sinks
---------------------------------------------------------------------------------
clk/functional_wcl_typical       1             3674                    0
---------------------------------------------------------------------------------

Skew Group Summary:
===================

------------------------------------------------------------------------------------------------------------------------------------------------------------------------------------------------
Timing Corner                          Skew Group                    ID Target    Min ID    Max ID    Avg ID    Std.Dev. ID    Skew Target Type    Skew Target    Skew     Skew window occupancy
------------------------------------------------------------------------------------------------------------------------------------------------------------------------------------------------
delay_corner_wcl_slow:both.early       clk/functional_wcl_typical        -        0.180     0.210     0.194        0.006       ignored                  -         0.030              -
delay_corner_wcl_slow:both.late        clk/functional_wcl_typical    *0.200       0.183     0.213     0.197        0.006       explicit            *0.010         0.029    61.6% {0.190, 0.200}
delay_corner_wcl_fast:both.early       clk/functional_wcl_typical        -        0.105     0.123     0.113        0.004       ignored                  -         0.018              -
delay_corner_wcl_fast:both.late        clk/functional_wcl_typical        -        0.107     0.125     0.115        0.004       ignored                  -         0.018              -
delay_corner_wcl_typical:both.early    clk/functional_wcl_typical        -        0.136     0.159     0.146        0.005       ignored                  -         0.023              -
delay_corner_wcl_typical:both.late     clk/functional_wcl_typical        -        0.139     0.162     0.149        0.005       ignored                  -         0.023              -
------------------------------------------------------------------------------------------------------------------------------------------------------------------------------------------------

* - indicates that target was not met.

Skew Group Min/Max path pins:
=============================

---------------------------------------------------------------------------------------------------------
Timing Corner                          Skew Group                    Min ID    PathID    Max ID    PathID
---------------------------------------------------------------------------------------------------------
delay_corner_wcl_slow:both.early       clk/functional_wcl_typical    0.180        1      0.210        2
-    min pp_fir_3_1_1_sum3_1_im_1_reg[23]/CK
-    max pp_fir_3_1_1_sum1_10_im_1_reg[27]/CK
delay_corner_wcl_slow:both.late        clk/functional_wcl_typical    0.183        3      0.213        4
-    min pp_fir_3_1_1_sum3_1_im_1_reg[23]/CK
-    max pp_fir_3_1_1_sum1_10_im_1_reg[27]/CK
delay_corner_wcl_fast:both.early       clk/functional_wcl_typical    0.105        5      0.123        6
-    min pp_fir_3_1_1_sum6_1_im_1_reg[26]/CK
-    max pp_fir_3_1_1_sum1_9_im_1_reg[30]/CK
delay_corner_wcl_fast:both.late        clk/functional_wcl_typical    0.107        7      0.125        8
-    min pp_fir_3_1_1_sum6_1_im_1_reg[26]/CK
-    max pp_fir_3_1_1_sum1_9_im_1_reg[30]/CK
delay_corner_wcl_typical:both.early    clk/functional_wcl_typical    0.136        9      0.159       10
-    min pp_fir_3_1_1_sum3_1_im_1_reg[23]/CK
-    max pp_fir_3_1_1_sum1_9_im_1_reg[30]/CK
delay_corner_wcl_typical:both.late     clk/functional_wcl_typical    0.139       11      0.162       12
-    min pp_fir_3_1_1_sum3_1_im_1_reg[23]/CK
-    max pp_fir_3_1_1_sum1_9_im_1_reg[30]/CK
---------------------------------------------------------------------------------------------------------

Timing for timing corner delay_corner_wcl_slow:both.early, min clock_path:
==========================================================================

PathID    : 1
Path type : skew group clk/functional_wcl_typical (path 1 of 1)
Start     : clk
End       : pp_fir_3_1_1_sum3_1_im_1_reg[23]/CK
Delay     : 0.180

-----------------------------------------------------------------------------------------------------------------
Name  Lib cell                   Event  Incr   Arrival  Slew   Cap    Location           Distance  Fanout  Status
                                        (ns)   (ns)     (ns)   (pF)                      (um)              
-- Clockpath trace ----------------------------------------------------------------------------------------------
clk
-     -                          rise   -       0.000   0.004  0.034  (102.020,179.950)  -            5    
CTS_cdb_inv_00440/A
-     INV_X2B_A9PP140ZTL_C30     rise   0.011   0.011   0.022  -      (72.960,84.050)    124.960   -       
CTS_cdb_inv_00440/Y
-     INV_X2B_A9PP140ZTL_C30     fall   0.017   0.027   0.023  0.005  (73.100,84.250)      0.340      1    
CTS_cdb_inv_00441/A
-     INV_X2B_A9PP140ZTL_C30     fall   0.001   0.028   0.023  -      (97.180,88.550)     28.380   -       
CTS_cdb_inv_00441/Y
-     INV_X2B_A9PP140ZTL_C30     rise   0.014   0.042   0.017  0.004  (97.040,88.350)      0.340      1    
CTS_cdb_inv_00442/A
-     INV_X2B_A9PP140ZTL_C30     rise   0.000   0.042   0.017  -      (97.460,67.850)     20.920   -       
CTS_cdb_inv_00442/Y
-     INV_X2B_A9PP140ZTL_C30     fall   0.014   0.057   0.020  0.004  (97.320,68.050)      0.340      1    
CTS_cdb_inv_00443/A
-     INV_X2B_A9PP140ZTL_C30     fall   0.000   0.057   0.020  -      (97.740,88.550)     20.920   -       
CTS_cdb_inv_00443/Y
-     INV_X2B_A9PP140ZTL_C30     rise   0.015   0.073   0.019  0.005  (97.600,88.350)      0.340      1    
CTS_cdb_inv_00444/A
-     INV_X2B_A9PP140ZTL_C30     rise   0.001   0.073   0.019  -      (97.180,59.750)     29.020   -       
CTS_cdb_inv_00444/Y
-     INV_X2B_A9PP140ZTL_C30     fall   0.016   0.089   0.022  0.004  (97.040,59.550)      0.340      1    
CTS_cdb_inv_00445/A
-     INV_X2B_A9PP140ZTL_C30     fall   0.000   0.089   0.022  -      (98.020,82.250)     23.680   -       
CTS_cdb_inv_00445/Y
-     INV_X2B_A9PP140ZTL_C30     rise   0.015   0.104   0.018  0.005  (98.160,82.450)      0.340      1    
CTS_ccl_a_inv_00391/A
-     INV_X6B_A9PP140ZTL_C30     rise   0.000   0.105   0.018  -      (93.680,88.550)     10.580   -       
CTS_ccl_a_inv_00391/Y
-     INV_X6B_A9PP140ZTL_C30     fall   0.013   0.118   0.020  0.011  (93.540,88.750)      0.340      2    
CTS_ccl_a_inv_00381/A
-     INV_X4B_A9PP140ZTL_C30     fall   0.001   0.119   0.020  -      (92.280,85.850)      4.160   -       
CTS_ccl_a_inv_00381/Y
-     INV_X4B_A9PP140ZTL_C30     rise   0.013   0.132   0.016  0.008  (92.420,85.650)      0.340      2    
CTS_ccl_a_inv_00364/A
-     INV_X4B_A9PP140ZTL_C30     rise   0.001   0.133   0.016  -      (115.100,85.850)    22.880   -       
CTS_ccl_a_inv_00364/Y
-     INV_X4B_A9PP140ZTL_C30     fall   0.011   0.144   0.015  0.005  (115.240,85.650)     0.340      1    
CTS_ccl_a_inv_00333/A
-     INV_X4B_A9PP140ZTL_C30     fall   0.001   0.144   0.015  -      (132.320,93.950)    25.380   -       
CTS_ccl_a_inv_00333/Y
-     INV_X4B_A9PP140ZTL_C30     rise   0.011   0.155   0.013  0.007  (132.180,94.150)     0.340      2    
CTS_ccl_a_inv_00252/A
-     INV_X4B_A9PP140ZTL_C30     rise   0.000   0.156   0.013  -      (134.560,94.850)     3.080   -       
CTS_ccl_a_inv_00252/Y
-     INV_X4B_A9PP140ZTL_C30     fall   0.013   0.169   0.019  0.008  (134.700,94.650)     0.340      2    
CTS_ccl_a_inv_00031/A
-     INV_X7P5B_A9PP140ZTL_C30   fall   0.000   0.169   0.019  -      (133.860,95.750)     1.940   -       
CTS_ccl_a_inv_00031/Y
-     INV_X7P5B_A9PP140ZTL_C30   rise   0.010   0.179   0.012  0.009  (133.720,95.950)     0.340     13    
pp_fir_3_1_1_sum3_1_im_1_reg[23]/CK
-     DFFRPQ_X3M_A9PP140ZTL_C30  rise   0.000   0.180   0.012  -      (132.600,96.650)     1.820   -       
-----------------------------------------------------------------------------------------------------------------

Timing for timing corner delay_corner_wcl_slow:both.early, max clock_path:
==========================================================================

PathID    : 2
Path type : skew group clk/functional_wcl_typical (path 1 of 1)
Start     : clk
End       : pp_fir_3_1_1_sum1_9_im_1_reg[27]/CK
Delay     : 0.210

-----------------------------------------------------------------------------------------------------------------
Name  Lib cell                   Event  Incr   Arrival  Slew   Cap    Location           Distance  Fanout  Status
                                        (ns)   (ns)     (ns)   (pF)                      (um)              
-- Clockpath trace ----------------------------------------------------------------------------------------------
clk
-     -                          rise   -       0.000   0.004  0.034  (102.020,179.950)  -            5    
CTS_ccl_inv_00396/A
-     INV_X4B_A9PP140ZTL_C30     rise   0.006   0.006   0.020  -      (131.060,129.950)   79.040   -       
CTS_ccl_inv_00396/Y
-     INV_X4B_A9PP140ZTL_C30     fall   0.011   0.017   0.014  0.004  (131.200,130.150)    0.340      1    
CTS_cdb_inv_00452/A
-     INV_X2B_A9PP140ZTL_C30     fall   0.000   0.017   0.014  -      (151.500,125.450)   25.000   -       
CTS_cdb_inv_00452/Y
-     INV_X2B_A9PP140ZTL_C30     rise   0.010   0.027   0.012  0.003  (151.640,125.650)    0.340      1    
CTS_cdb_inv_00453/A
-     INV_X2B_A9PP140ZTL_C30     rise   0.000   0.028   0.012  -      (156.540,131.750)   11.000   -       
CTS_cdb_inv_00453/Y
-     INV_X2B_A9PP140ZTL_C30     fall   0.014   0.042   0.020  0.004  (156.400,131.550)    0.340      1    
CTS_cdb_inv_00454/A
-     INV_X2B_A9PP140ZTL_C30     fall   0.000   0.042   0.020  -      (143.240,118.250)   26.460   -       
CTS_cdb_inv_00454/Y
-     INV_X2B_A9PP140ZTL_C30     rise   0.016   0.058   0.020  0.005  (143.380,118.450)    0.340      1    
CTS_cdb_inv_00455/A
-     INV_X2B_A9PP140ZTL_C30     rise   0.001   0.059   0.020  -      (162.000,134.450)   34.620   -       
CTS_cdb_inv_00455/Y
-     INV_X2B_A9PP140ZTL_C30     fall   0.015   0.074   0.021  0.004  (162.140,134.650)    0.340      1    
CTS_cdb_inv_00456/A
-     INV_X2B_A9PP140ZTL_C30     fall   0.000   0.074   0.021  -      (173.060,123.650)   21.920   -       
CTS_cdb_inv_00456/Y
-     INV_X2B_A9PP140ZTL_C30     rise   0.014   0.088   0.016  0.004  (173.200,123.850)    0.340      1    
CTS_cdb_inv_00457/A
-     INV_X2B_A9PP140ZTL_C30     rise   0.000   0.088   0.016  -      (157.100,119.150)   20.800   -       
CTS_cdb_inv_00457/Y
-     INV_X2B_A9PP140ZTL_C30     fall   0.012   0.100   0.016  0.003  (156.960,118.950)    0.340      1    
CTS_ccl_inv_00393/A
-     INV_X4B_A9PP140ZTL_C30     fall   0.000   0.100   0.016  -      (161.020,117.350)    5.660   -       
CTS_ccl_inv_00393/Y
-     INV_X4B_A9PP140ZTL_C30     rise   0.012   0.112   0.015  0.008  (160.880,117.550)    0.340      2    
CTS_ccl_a_inv_00389/A
-     INV_X4B_A9PP140ZTL_C30     rise   0.000   0.113   0.015  -      (161.580,116.450)    1.800   -       
CTS_ccl_a_inv_00389/Y
-     INV_X4B_A9PP140ZTL_C30     fall   0.012   0.124   0.016  0.006  (161.720,116.250)    0.340      2    
CTS_ccl_a_inv_00382/A
-     INV_X6B_A9PP140ZTL_C30     fall   0.000   0.124   0.016  -      (158.920,116.450)    3.000   -       
CTS_ccl_a_inv_00382/Y
-     INV_X6B_A9PP140ZTL_C30     rise   0.012   0.136   0.016  0.013  (159.060,116.250)    0.340      2    
CTS_ccl_a_inv_00371/A
-     INV_X6B_A9PP140ZTL_C30     rise   0.003   0.139   0.017  -      (157.940,64.250)    53.120   -       
CTS_ccl_a_inv_00371/Y
-     INV_X6B_A9PP140ZTL_C30     fall   0.014   0.153   0.021  0.012  (158.080,64.050)     0.340      3    
CTS_ccl_a_inv_00338/A
-     INV_X4B_A9PP140ZTL_C30     fall   0.002   0.154   0.021  -      (163.680,44.450)    25.200   -       
CTS_ccl_a_inv_00338/Y
-     INV_X4B_A9PP140ZTL_C30     rise   0.014   0.169   0.017  0.008  (163.820,44.250)     0.340      2    
CTS_ccl_a_inv_00265/A
-     INV_X6B_A9PP140ZTL_C30     rise   0.001   0.169   0.017  -      (164.940,47.150)     4.020   -       
CTS_ccl_a_inv_00265/Y
-     INV_X6B_A9PP140ZTL_C30     fall   0.014   0.183   0.020  0.011  (164.800,47.350)     0.340      3    
CTS_ccl_a_inv_00091/A
-     INV_X7P5B_A9PP140ZTL_C30   fall   0.001   0.184   0.020  -      (164.100,50.750)     4.100   -       
CTS_ccl_a_inv_00091/Y
-     INV_X7P5B_A9PP140ZTL_C30   rise   0.007   0.191   0.009  0.004  (163.960,50.950)     0.340      1    
FE_USKC2920_CTS_296/A
-     INV_X7P5B_A9PP140ZTL_C30   rise   0.000   0.191   0.009  -      (163.540,51.650)     1.120   -       
FE_USKC2920_CTS_296/Y
-     INV_X7P5B_A9PP140ZTL_C30   fall   0.006   0.198   0.008  0.004  (163.680,51.450)     0.340      1    
FE_USKC2921_CTS_296/A
-     INV_X7P5B_A9PP140ZTL_C30   fall   0.000   0.198   0.008  -      (163.820,52.550)     1.240   -       
FE_USKC2921_CTS_296/Y
-     INV_X7P5B_A9PP140ZTL_C30   rise   0.011   0.208   0.016  0.019  (163.960,52.750)     0.340     23    
pp_fir_3_1_1_sum1_9_im_1_reg[27]/CK
-     DFFRPQ_X3M_A9PP140ZTL_C30  rise   0.002   0.210   0.017  -      (160.040,66.050)    17.220   -       
-----------------------------------------------------------------------------------------------------------------

Timing for timing corner delay_corner_wcl_slow:both.late, min clock_path:
=========================================================================

PathID    : 3
Path type : skew group clk/functional_wcl_typical (path 1 of 1)
Start     : clk
End       : pp_fir_3_1_1_sum3_1_im_1_reg[23]/CK
Delay     : 0.183

-----------------------------------------------------------------------------------------------------------------
Name  Lib cell                   Event  Incr   Arrival  Slew   Cap    Location           Distance  Fanout  Status
                                        (ns)   (ns)     (ns)   (pF)                      (um)              
-- Clockpath trace ----------------------------------------------------------------------------------------------
clk
-     -                          rise   -       0.000   0.004  0.034  (102.020,179.950)  -            5    
CTS_cdb_inv_00440/A
-     INV_X2B_A9PP140ZTL_C30     rise   0.011   0.011   0.022  -      (72.960,84.050)    124.960   -       
CTS_cdb_inv_00440/Y
-     INV_X2B_A9PP140ZTL_C30     fall   0.017   0.027   0.023  0.005  (73.100,84.250)      0.340      1    
CTS_cdb_inv_00441/A
-     INV_X2B_A9PP140ZTL_C30     fall   0.001   0.028   0.023  -      (97.180,88.550)     28.380   -       
CTS_cdb_inv_00441/Y
-     INV_X2B_A9PP140ZTL_C30     rise   0.014   0.042   0.017  0.004  (97.040,88.350)      0.340      1    
CTS_cdb_inv_00442/A
-     INV_X2B_A9PP140ZTL_C30     rise   0.001   0.043   0.017  -      (97.460,67.850)     20.920   -       
CTS_cdb_inv_00442/Y
-     INV_X2B_A9PP140ZTL_C30     fall   0.014   0.057   0.020  0.004  (97.320,68.050)      0.340      1    
CTS_cdb_inv_00443/A
-     INV_X2B_A9PP140ZTL_C30     fall   0.001   0.058   0.020  -      (97.740,88.550)     20.920   -       
CTS_cdb_inv_00443/Y
-     INV_X2B_A9PP140ZTL_C30     rise   0.015   0.074   0.019  0.005  (97.600,88.350)      0.340      1    
CTS_cdb_inv_00444/A
-     INV_X2B_A9PP140ZTL_C30     rise   0.001   0.075   0.019  -      (97.180,59.750)     29.020   -       
CTS_cdb_inv_00444/Y
-     INV_X2B_A9PP140ZTL_C30     fall   0.016   0.090   0.022  0.004  (97.040,59.550)      0.340      1    
CTS_cdb_inv_00445/A
-     INV_X2B_A9PP140ZTL_C30     fall   0.001   0.091   0.022  -      (98.020,82.250)     23.680   -       
CTS_cdb_inv_00445/Y
-     INV_X2B_A9PP140ZTL_C30     rise   0.015   0.106   0.018  0.005  (98.160,82.450)      0.340      1    
CTS_ccl_a_inv_00391/A
-     INV_X6B_A9PP140ZTL_C30     rise   0.001   0.107   0.018  -      (93.680,88.550)     10.580   -       
CTS_ccl_a_inv_00391/Y
-     INV_X6B_A9PP140ZTL_C30     fall   0.013   0.120   0.020  0.011  (93.540,88.750)      0.340      2    
CTS_ccl_a_inv_00381/A
-     INV_X4B_A9PP140ZTL_C30     fall   0.001   0.121   0.020  -      (92.280,85.850)      4.160   -       
CTS_ccl_a_inv_00381/Y
-     INV_X4B_A9PP140ZTL_C30     rise   0.013   0.134   0.016  0.008  (92.420,85.650)      0.340      2    
CTS_ccl_a_inv_00364/A
-     INV_X4B_A9PP140ZTL_C30     rise   0.001   0.135   0.016  -      (115.100,85.850)    22.880   -       
CTS_ccl_a_inv_00364/Y
-     INV_X4B_A9PP140ZTL_C30     fall   0.011   0.146   0.015  0.005  (115.240,85.650)     0.340      1    
CTS_ccl_a_inv_00333/A
-     INV_X4B_A9PP140ZTL_C30     fall   0.001   0.147   0.015  -      (132.320,93.950)    25.380   -       
CTS_ccl_a_inv_00333/Y
-     INV_X4B_A9PP140ZTL_C30     rise   0.011   0.158   0.013  0.007  (132.180,94.150)     0.340      2    
CTS_ccl_a_inv_00252/A
-     INV_X4B_A9PP140ZTL_C30     rise   0.001   0.159   0.013  -      (134.560,94.850)     3.080   -       
CTS_ccl_a_inv_00252/Y
-     INV_X4B_A9PP140ZTL_C30     fall   0.013   0.172   0.019  0.008  (134.700,94.650)     0.340      2    
CTS_ccl_a_inv_00031/A
-     INV_X7P5B_A9PP140ZTL_C30   fall   0.001   0.173   0.019  -      (133.860,95.750)     1.940   -       
CTS_ccl_a_inv_00031/Y
-     INV_X7P5B_A9PP140ZTL_C30   rise   0.010   0.183   0.012  0.009  (133.720,95.950)     0.340     13    
pp_fir_3_1_1_sum3_1_im_1_reg[23]/CK
-     DFFRPQ_X3M_A9PP140ZTL_C30  rise   0.000   0.183   0.012  -      (132.600,96.650)     1.820   -       
-----------------------------------------------------------------------------------------------------------------

Timing for timing corner delay_corner_wcl_slow:both.late, max clock_path:
=========================================================================

PathID    : 4
Path type : skew group clk/functional_wcl_typical (path 1 of 1)
Start     : clk
End       : pp_fir_3_1_1_Delay_Pipeline_reg_re_reg[25][5]/CK
Delay     : 0.213

-----------------------------------------------------------------------------------------------------------------
Name  Lib cell                   Event  Incr   Arrival  Slew   Cap    Location           Distance  Fanout  Status
                                        (ns)   (ns)     (ns)   (pF)                      (um)              
-- Clockpath trace ----------------------------------------------------------------------------------------------
clk
-     -                          rise   -       0.000   0.004  0.034  (102.020,179.950)  -            5    
CTS_ccl_a_inv_00392/A
-     INV_X6B_A9PP140ZTL_C30     rise   0.009   0.009   0.022  -      (80.100,120.050)    81.820   -       
CTS_ccl_a_inv_00392/Y
-     INV_X6B_A9PP140ZTL_C30     fall   0.014   0.022   0.022  0.011  (80.240,119.850)     0.340      1    
CTS_cdb_inv_00446/A
-     INV_X2B_A9PP140ZTL_C30     fall   0.003   0.026   0.023  -      (44.400,165.950)    81.940   -       
CTS_cdb_inv_00446/Y
-     INV_X2B_A9PP140ZTL_C30     rise   0.012   0.038   0.014  0.003  (44.260,165.750)     0.340      1    
CTS_cdb_inv_00447/A
-     INV_X2B_A9PP140ZTL_C30     rise   0.000   0.038   0.014  -      (55.460,165.050)    11.900   -       
CTS_cdb_inv_00447/Y
-     INV_X2B_A9PP140ZTL_C30     fall   0.016   0.054   0.023  0.005  (55.600,165.250)     0.340      1    
CTS_cdb_inv_00448/A
-     INV_X2B_A9PP140ZTL_C30     fall   0.001   0.056   0.023  -      (75.200,152.450)    32.400   -       
CTS_cdb_inv_00448/Y
-     INV_X2B_A9PP140ZTL_C30     rise   0.016   0.071   0.019  0.005  (75.340,152.650)     0.340      1    
CTS_cdb_inv_00449/A
-     INV_X2B_A9PP140ZTL_C30     rise   0.001   0.072   0.019  -      (77.720,176.750)    26.480   -       
CTS_cdb_inv_00449/Y
-     INV_X2B_A9PP140ZTL_C30     fall   0.009   0.081   0.012  0.002  (77.580,176.550)     0.340      1    
CTS_cpc_drv_inv_00460/A
-     INV_X2B_A9PP140ZTL_C30     fall   0.000   0.082   0.012  -      (77.720,173.150)     3.540   -       
CTS_cpc_drv_inv_00460/Y
-     INV_X2B_A9PP140ZTL_C30     rise   0.007   0.088   0.008  0.001  (77.580,172.950)     0.340      1    
CTS_cpc_drv_inv_00461/A
-     INV_X2B_A9PP140ZTL_C30     rise   0.000   0.088   0.008  -      (77.160,173.150)     0.620   -       
CTS_cpc_drv_inv_00461/Y
-     INV_X2B_A9PP140ZTL_C30     fall   0.014   0.103   0.022  0.005  (77.020,172.950)     0.340      1    
CTS_cdb_inv_00450/A
-     INV_X2B_A9PP140ZTL_C30     fall   0.001   0.104   0.022  -      (58.400,162.350)    29.220   -       
CTS_cdb_inv_00450/Y
-     INV_X2B_A9PP140ZTL_C30     rise   0.011   0.115   0.013  0.002  (58.260,162.150)     0.340      1    
CTS_cdb_inv_00451/A
-     INV_X2B_A9PP140ZTL_C30     rise   0.000   0.115   0.013  -      (58.960,170.450)     9.000   -       
CTS_cdb_inv_00451/Y
-     INV_X2B_A9PP140ZTL_C30     fall   0.011   0.126   0.014  0.003  (59.100,170.650)     0.340      1    
CTS_ccl_a_inv_00386/A
-     INV_X4B_A9PP140ZTL_C30     fall   0.000   0.126   0.014  -      (57.560,171.350)     2.240   -       
CTS_ccl_a_inv_00386/Y
-     INV_X4B_A9PP140ZTL_C30     rise   0.014   0.140   0.018  0.010  (57.420,171.550)     0.340      2    
CTS_ccl_a_inv_00378/A
-     INV_X6B_A9PP140ZTL_C30     rise   0.001   0.141   0.018  -      (45.800,169.550)    13.620   -       
CTS_ccl_a_inv_00378/Y
-     INV_X6B_A9PP140ZTL_C30     fall   0.014   0.156   0.020  0.012  (45.660,169.750)     0.340      3    
CTS_ccl_a_inv_00359/A
-     INV_X6B_A9PP140ZTL_C30     fall   0.001   0.157   0.020  -      (31.520,167.750)    16.140   -       
CTS_ccl_a_inv_00359/Y
-     INV_X6B_A9PP140ZTL_C30     rise   0.007   0.164   0.009  0.003  (31.380,167.950)     0.340      1    
FE_USKC2922_CTS_231/A
-     INV_X6B_A9PP140ZTL_C30     rise   0.000   0.164   0.009  -      (30.820,165.950)     2.560   -       
FE_USKC2922_CTS_231/Y
-     INV_X6B_A9PP140ZTL_C30     fall   0.006   0.171   0.008  0.003  (30.960,166.150)     0.340      1    
FE_USKC2923_CTS_231/A
-     INV_X6B_A9PP140ZTL_C30     fall   0.000   0.171   0.008  -      (29.980,166.850)     1.680   -       
FE_USKC2923_CTS_231/Y
-     INV_X6B_A9PP140ZTL_C30     rise   0.010   0.181   0.013  0.011  (29.840,166.650)     0.340      3    
CTS_ccl_a_inv_00285/A
-     INV_X4B_A9PP140ZTL_C30     rise   0.001   0.182   0.013  -      (21.860,163.250)    11.380   -       
CTS_ccl_a_inv_00285/Y
-     INV_X4B_A9PP140ZTL_C30     fall   0.014   0.196   0.021  0.009  (22.000,163.050)     0.340      2    
CTS_ccl_a_inv_00102/A
-     INV_X7P5B_A9PP140ZTL_C30   fall   0.001   0.197   0.021  -      (22.840,149.750)    14.140   -       
CTS_ccl_a_inv_00102/Y
-     INV_X7P5B_A9PP140ZTL_C30   rise   0.014   0.211   0.018  0.017  (22.700,149.950)     0.340     21    
pp_fir_3_1_1_Delay_Pipeline_reg_re_reg[25][5]/CK
-     DFFRPQ_X3M_A9PP140ZTL_C30  rise   0.001   0.213   0.018  -      (25.500,141.650)    11.100   -       
-----------------------------------------------------------------------------------------------------------------

Timing for timing corner delay_corner_wcl_fast:both.early, min clock_path:
==========================================================================

PathID    : 5
Path type : skew group clk/functional_wcl_typical (path 1 of 1)
Start     : clk
End       : pp_fir_3_1_1_sum6_1_im_1_reg[26]/CK
Delay     : 0.105

-----------------------------------------------------------------------------------------------------------------
Name  Lib cell                   Event  Incr   Arrival  Slew   Cap    Location           Distance  Fanout  Status
                                        (ns)   (ns)     (ns)   (pF)                      (um)              
-- Clockpath trace ----------------------------------------------------------------------------------------------
clk
-     -                          rise   -       0.000   0.004  0.036  (102.020,179.950)  -            5    
CTS_cdb_inv_00440/A
-     INV_X2B_A9PP140ZTL_C30     rise   0.005   0.005   0.012  -      (72.960,84.050)    124.960   -       
CTS_cdb_inv_00440/Y
-     INV_X2B_A9PP140ZTL_C30     fall   0.010   0.015   0.014  0.005  (73.100,84.250)      0.340      1    
CTS_cdb_inv_00441/A
-     INV_X2B_A9PP140ZTL_C30     fall   0.000   0.015   0.014  -      (97.180,88.550)     28.380   -       
CTS_cdb_inv_00441/Y
-     INV_X2B_A9PP140ZTL_C30     rise   0.008   0.023   0.010  0.004  (97.040,88.350)      0.340      1    
CTS_cdb_inv_00442/A
-     INV_X2B_A9PP140ZTL_C30     rise   0.000   0.024   0.010  -      (97.460,67.850)     20.920   -       
CTS_cdb_inv_00442/Y
-     INV_X2B_A9PP140ZTL_C30     fall   0.009   0.033   0.013  0.004  (97.320,68.050)      0.340      1    
CTS_cdb_inv_00443/A
-     INV_X2B_A9PP140ZTL_C30     fall   0.000   0.033   0.013  -      (97.740,88.550)     20.920   -       
CTS_cdb_inv_00443/Y
-     INV_X2B_A9PP140ZTL_C30     rise   0.009   0.042   0.012  0.005  (97.600,88.350)      0.340      1    
CTS_cdb_inv_00444/A
-     INV_X2B_A9PP140ZTL_C30     rise   0.000   0.042   0.012  -      (97.180,59.750)     29.020   -       
CTS_cdb_inv_00444/Y
-     INV_X2B_A9PP140ZTL_C30     fall   0.010   0.052   0.014  0.005  (97.040,59.550)      0.340      1    
CTS_cdb_inv_00445/A
-     INV_X2B_A9PP140ZTL_C30     fall   0.000   0.052   0.014  -      (98.020,82.250)     23.680   -       
CTS_cdb_inv_00445/Y
-     INV_X2B_A9PP140ZTL_C30     rise   0.009   0.061   0.011  0.005  (98.160,82.450)      0.340      1    
CTS_ccl_a_inv_00391/A
-     INV_X6B_A9PP140ZTL_C30     rise   0.000   0.061   0.011  -      (93.680,88.550)     10.580   -       
CTS_ccl_a_inv_00391/Y
-     INV_X6B_A9PP140ZTL_C30     fall   0.009   0.070   0.012  0.012  (93.540,88.750)      0.340      2    
CTS_ccl_a_inv_00381/A
-     INV_X4B_A9PP140ZTL_C30     fall   0.000   0.070   0.012  -      (92.280,85.850)      4.160   -       
CTS_ccl_a_inv_00381/Y
-     INV_X4B_A9PP140ZTL_C30     rise   0.008   0.078   0.010  0.008  (92.420,85.650)      0.340      2    
CTS_ccl_a_inv_00364/A
-     INV_X4B_A9PP140ZTL_C30     rise   0.000   0.078   0.010  -      (115.100,85.850)    22.880   -       
CTS_ccl_a_inv_00364/Y
-     INV_X4B_A9PP140ZTL_C30     fall   0.006   0.084   0.009  0.005  (115.240,85.650)     0.340      1    
CTS_ccl_a_inv_00333/A
-     INV_X4B_A9PP140ZTL_C30     fall   0.000   0.084   0.009  -      (132.320,93.950)    25.380   -       
CTS_ccl_a_inv_00333/Y
-     INV_X4B_A9PP140ZTL_C30     rise   0.007   0.091   0.008  0.007  (132.180,94.150)     0.340      2    
CTS_ccl_a_inv_00252/A
-     INV_X4B_A9PP140ZTL_C30     rise   0.000   0.091   0.008  -      (134.560,94.850)     3.080   -       
CTS_ccl_a_inv_00252/Y
-     INV_X4B_A9PP140ZTL_C30     fall   0.008   0.099   0.012  0.008  (134.700,94.650)     0.340      2    
CTS_ccl_a_inv_00031/A
-     INV_X7P5B_A9PP140ZTL_C30   fall   0.000   0.099   0.012  -      (133.860,95.750)     1.940   -       
CTS_ccl_a_inv_00031/Y
-     INV_X7P5B_A9PP140ZTL_C30   rise   0.006   0.105   0.007  0.010  (133.720,95.950)     0.340     13    
pp_fir_3_1_1_sum6_1_im_1_reg[26]/CK
-     DFFRPQ_X3M_A9PP140ZTL_C30  rise   0.000   0.105   0.007  -      (126.440,95.750)     7.480   -       
-----------------------------------------------------------------------------------------------------------------

Timing for timing corner delay_corner_wcl_fast:both.early, max clock_path:
==========================================================================

PathID    : 6
Path type : skew group clk/functional_wcl_typical (path 1 of 1)
Start     : clk
End       : pp_fir_3_1_1_sum1_9_im_1_reg[30]/CK
Delay     : 0.123

-----------------------------------------------------------------------------------------------------------------
Name  Lib cell                   Event  Incr   Arrival  Slew   Cap    Location           Distance  Fanout  Status
                                        (ns)   (ns)     (ns)   (pF)                      (um)              
-- Clockpath trace ----------------------------------------------------------------------------------------------
clk
-     -                          rise   -       0.000   0.004  0.036  (102.020,179.950)  -            5    
CTS_ccl_inv_00396/A
-     INV_X4B_A9PP140ZTL_C30     rise   0.003   0.003   0.011  -      (131.060,129.950)   79.040   -       
CTS_ccl_inv_00396/Y
-     INV_X4B_A9PP140ZTL_C30     fall   0.006   0.009   0.008  0.004  (131.200,130.150)    0.340      1    
CTS_cdb_inv_00452/A
-     INV_X2B_A9PP140ZTL_C30     fall   0.000   0.009   0.008  -      (151.500,125.450)   25.000   -       
CTS_cdb_inv_00452/Y
-     INV_X2B_A9PP140ZTL_C30     rise   0.006   0.015   0.007  0.003  (151.640,125.650)    0.340      1    
CTS_cdb_inv_00453/A
-     INV_X2B_A9PP140ZTL_C30     rise   0.000   0.015   0.007  -      (156.540,131.750)   11.000   -       
CTS_cdb_inv_00453/Y
-     INV_X2B_A9PP140ZTL_C30     fall   0.009   0.024   0.013  0.005  (156.400,131.550)    0.340      1    
CTS_cdb_inv_00454/A
-     INV_X2B_A9PP140ZTL_C30     fall   0.000   0.024   0.013  -      (143.240,118.250)   26.460   -       
CTS_cdb_inv_00454/Y
-     INV_X2B_A9PP140ZTL_C30     rise   0.010   0.034   0.012  0.006  (143.380,118.450)    0.340      1    
CTS_cdb_inv_00455/A
-     INV_X2B_A9PP140ZTL_C30     rise   0.000   0.034   0.012  -      (162.000,134.450)   34.620   -       
CTS_cdb_inv_00455/Y
-     INV_X2B_A9PP140ZTL_C30     fall   0.009   0.043   0.013  0.004  (162.140,134.650)    0.340      1    
CTS_cdb_inv_00456/A
-     INV_X2B_A9PP140ZTL_C30     fall   0.000   0.043   0.013  -      (173.060,123.650)   21.920   -       
CTS_cdb_inv_00456/Y
-     INV_X2B_A9PP140ZTL_C30     rise   0.008   0.051   0.010  0.004  (173.200,123.850)    0.340      1    
CTS_cdb_inv_00457/A
-     INV_X2B_A9PP140ZTL_C30     rise   0.000   0.051   0.010  -      (157.100,119.150)   20.800   -       
CTS_cdb_inv_00457/Y
-     INV_X2B_A9PP140ZTL_C30     fall   0.007   0.058   0.010  0.003  (156.960,118.950)    0.340      1    
CTS_ccl_inv_00393/A
-     INV_X4B_A9PP140ZTL_C30     fall   0.000   0.058   0.010  -      (161.020,117.350)    5.660   -       
CTS_ccl_inv_00393/Y
-     INV_X4B_A9PP140ZTL_C30     rise   0.007   0.066   0.009  0.008  (160.880,117.550)    0.340      2    
CTS_ccl_a_inv_00389/A
-     INV_X4B_A9PP140ZTL_C30     rise   0.000   0.066   0.009  -      (161.580,116.450)    1.800   -       
CTS_ccl_a_inv_00389/Y
-     INV_X4B_A9PP140ZTL_C30     fall   0.007   0.073   0.010  0.006  (161.720,116.250)    0.340      2    
CTS_ccl_a_inv_00382/A
-     INV_X6B_A9PP140ZTL_C30     fall   0.000   0.073   0.010  -      (158.920,116.450)    3.000   -       
CTS_ccl_a_inv_00382/Y
-     INV_X6B_A9PP140ZTL_C30     rise   0.008   0.080   0.010  0.013  (159.060,116.250)    0.340      2    
CTS_ccl_a_inv_00371/A
-     INV_X6B_A9PP140ZTL_C30     rise   0.001   0.081   0.010  -      (157.940,64.250)    53.120   -       
CTS_ccl_a_inv_00371/Y
-     INV_X6B_A9PP140ZTL_C30     fall   0.009   0.090   0.013  0.013  (158.080,64.050)     0.340      3    
CTS_ccl_a_inv_00338/A
-     INV_X4B_A9PP140ZTL_C30     fall   0.001   0.091   0.013  -      (163.680,44.450)    25.200   -       
CTS_ccl_a_inv_00338/Y
-     INV_X4B_A9PP140ZTL_C30     rise   0.008   0.099   0.010  0.009  (163.820,44.250)     0.340      2    
CTS_ccl_a_inv_00265/A
-     INV_X6B_A9PP140ZTL_C30     rise   0.000   0.099   0.010  -      (164.940,47.150)     4.020   -       
CTS_ccl_a_inv_00265/Y
-     INV_X6B_A9PP140ZTL_C30     fall   0.009   0.108   0.012  0.012  (164.800,47.350)     0.340      3    
CTS_ccl_a_inv_00091/A
-     INV_X7P5B_A9PP140ZTL_C30   fall   0.000   0.108   0.012  -      (164.100,50.750)     4.100   -       
CTS_ccl_a_inv_00091/Y
-     INV_X7P5B_A9PP140ZTL_C30   rise   0.004   0.112   0.005  0.004  (163.960,50.950)     0.340      1    
FE_USKC2920_CTS_296/A
-     INV_X7P5B_A9PP140ZTL_C30   rise   0.000   0.112   0.005  -      (163.540,51.650)     1.120   -       
FE_USKC2920_CTS_296/Y
-     INV_X7P5B_A9PP140ZTL_C30   fall   0.004   0.116   0.005  0.004  (163.680,51.450)     0.340      1    
FE_USKC2921_CTS_296/A
-     INV_X7P5B_A9PP140ZTL_C30   fall   0.000   0.116   0.005  -      (163.820,52.550)     1.240   -       
FE_USKC2921_CTS_296/Y
-     INV_X7P5B_A9PP140ZTL_C30   rise   0.007   0.123   0.009  0.019  (163.960,52.750)     0.340     23    
pp_fir_3_1_1_sum1_9_im_1_reg[30]/CK
-     DFFRPQ_X3M_A9PP140ZTL_C30  rise   0.001   0.123   0.009  -      (161.440,66.950)    16.720   -       
-----------------------------------------------------------------------------------------------------------------

Timing for timing corner delay_corner_wcl_fast:both.late, min clock_path:
=========================================================================

PathID    : 7
Path type : skew group clk/functional_wcl_typical (path 1 of 1)
Start     : clk
End       : pp_fir_3_1_1_sum6_1_im_1_reg[26]/CK
Delay     : 0.107

-----------------------------------------------------------------------------------------------------------------
Name  Lib cell                   Event  Incr   Arrival  Slew   Cap    Location           Distance  Fanout  Status
                                        (ns)   (ns)     (ns)   (pF)                      (um)              
-- Clockpath trace ----------------------------------------------------------------------------------------------
clk
-     -                          rise   -       0.000   0.004  0.036  (102.020,179.950)  -            5    
CTS_cdb_inv_00440/A
-     INV_X2B_A9PP140ZTL_C30     rise   0.005   0.005   0.012  -      (72.960,84.050)    124.960   -       
CTS_cdb_inv_00440/Y
-     INV_X2B_A9PP140ZTL_C30     fall   0.010   0.015   0.014  0.005  (73.100,84.250)      0.340      1    
CTS_cdb_inv_00441/A
-     INV_X2B_A9PP140ZTL_C30     fall   0.000   0.015   0.014  -      (97.180,88.550)     28.380   -       
CTS_cdb_inv_00441/Y
-     INV_X2B_A9PP140ZTL_C30     rise   0.008   0.024   0.010  0.004  (97.040,88.350)      0.340      1    
CTS_cdb_inv_00442/A
-     INV_X2B_A9PP140ZTL_C30     rise   0.000   0.024   0.010  -      (97.460,67.850)     20.920   -       
CTS_cdb_inv_00442/Y
-     INV_X2B_A9PP140ZTL_C30     fall   0.009   0.033   0.013  0.004  (97.320,68.050)      0.340      1    
CTS_cdb_inv_00443/A
-     INV_X2B_A9PP140ZTL_C30     fall   0.000   0.033   0.013  -      (97.740,88.550)     20.920   -       
CTS_cdb_inv_00443/Y
-     INV_X2B_A9PP140ZTL_C30     rise   0.009   0.043   0.012  0.005  (97.600,88.350)      0.340      1    
CTS_cdb_inv_00444/A
-     INV_X2B_A9PP140ZTL_C30     rise   0.000   0.043   0.012  -      (97.180,59.750)     29.020   -       
CTS_cdb_inv_00444/Y
-     INV_X2B_A9PP140ZTL_C30     fall   0.010   0.053   0.014  0.005  (97.040,59.550)      0.340      1    
CTS_cdb_inv_00445/A
-     INV_X2B_A9PP140ZTL_C30     fall   0.000   0.053   0.014  -      (98.020,82.250)     23.680   -       
CTS_cdb_inv_00445/Y
-     INV_X2B_A9PP140ZTL_C30     rise   0.009   0.062   0.011  0.005  (98.160,82.450)      0.340      1    
CTS_ccl_a_inv_00391/A
-     INV_X6B_A9PP140ZTL_C30     rise   0.000   0.062   0.011  -      (93.680,88.550)     10.580   -       
CTS_ccl_a_inv_00391/Y
-     INV_X6B_A9PP140ZTL_C30     fall   0.009   0.071   0.012  0.012  (93.540,88.750)      0.340      2    
CTS_ccl_a_inv_00381/A
-     INV_X4B_A9PP140ZTL_C30     fall   0.000   0.071   0.012  -      (92.280,85.850)      4.160   -       
CTS_ccl_a_inv_00381/Y
-     INV_X4B_A9PP140ZTL_C30     rise   0.008   0.079   0.010  0.008  (92.420,85.650)      0.340      2    
CTS_ccl_a_inv_00364/A
-     INV_X4B_A9PP140ZTL_C30     rise   0.000   0.079   0.010  -      (115.100,85.850)    22.880   -       
CTS_ccl_a_inv_00364/Y
-     INV_X4B_A9PP140ZTL_C30     fall   0.006   0.085   0.009  0.005  (115.240,85.650)     0.340      1    
CTS_ccl_a_inv_00333/A
-     INV_X4B_A9PP140ZTL_C30     fall   0.000   0.086   0.009  -      (132.320,93.950)    25.380   -       
CTS_ccl_a_inv_00333/Y
-     INV_X4B_A9PP140ZTL_C30     rise   0.007   0.092   0.008  0.007  (132.180,94.150)     0.340      2    
CTS_ccl_a_inv_00252/A
-     INV_X4B_A9PP140ZTL_C30     rise   0.000   0.093   0.008  -      (134.560,94.850)     3.080   -       
CTS_ccl_a_inv_00252/Y
-     INV_X4B_A9PP140ZTL_C30     fall   0.008   0.101   0.012  0.008  (134.700,94.650)     0.340      2    
CTS_ccl_a_inv_00031/A
-     INV_X7P5B_A9PP140ZTL_C30   fall   0.000   0.101   0.012  -      (133.860,95.750)     1.940   -       
CTS_ccl_a_inv_00031/Y
-     INV_X7P5B_A9PP140ZTL_C30   rise   0.006   0.107   0.007  0.010  (133.720,95.950)     0.340     13    
pp_fir_3_1_1_sum6_1_im_1_reg[26]/CK
-     DFFRPQ_X3M_A9PP140ZTL_C30  rise   0.000   0.107   0.007  -      (126.440,95.750)     7.480   -       
-----------------------------------------------------------------------------------------------------------------

Timing for timing corner delay_corner_wcl_fast:both.late, max clock_path:
=========================================================================

PathID    : 8
Path type : skew group clk/functional_wcl_typical (path 1 of 1)
Start     : clk
End       : pp_fir_3_1_1_sum1_9_im_1_reg[30]/CK
Delay     : 0.125

-----------------------------------------------------------------------------------------------------------------
Name  Lib cell                   Event  Incr   Arrival  Slew   Cap    Location           Distance  Fanout  Status
                                        (ns)   (ns)     (ns)   (pF)                      (um)              
-- Clockpath trace ----------------------------------------------------------------------------------------------
clk
-     -                          rise   -       0.000   0.004  0.036  (102.020,179.950)  -            5    
CTS_ccl_inv_00396/A
-     INV_X4B_A9PP140ZTL_C30     rise   0.003   0.003   0.011  -      (131.060,129.950)   79.040   -       
CTS_ccl_inv_00396/Y
-     INV_X4B_A9PP140ZTL_C30     fall   0.006   0.009   0.008  0.004  (131.200,130.150)    0.340      1    
CTS_cdb_inv_00452/A
-     INV_X2B_A9PP140ZTL_C30     fall   0.000   0.010   0.008  -      (151.500,125.450)   25.000   -       
CTS_cdb_inv_00452/Y
-     INV_X2B_A9PP140ZTL_C30     rise   0.006   0.015   0.007  0.003  (151.640,125.650)    0.340      1    
CTS_cdb_inv_00453/A
-     INV_X2B_A9PP140ZTL_C30     rise   0.000   0.015   0.007  -      (156.540,131.750)   11.000   -       
CTS_cdb_inv_00453/Y
-     INV_X2B_A9PP140ZTL_C30     fall   0.009   0.024   0.013  0.005  (156.400,131.550)    0.340      1    
CTS_cdb_inv_00454/A
-     INV_X2B_A9PP140ZTL_C30     fall   0.000   0.024   0.013  -      (143.240,118.250)   26.460   -       
CTS_cdb_inv_00454/Y
-     INV_X2B_A9PP140ZTL_C30     rise   0.010   0.034   0.012  0.006  (143.380,118.450)    0.340      1    
CTS_cdb_inv_00455/A
-     INV_X2B_A9PP140ZTL_C30     rise   0.001   0.035   0.012  -      (162.000,134.450)   34.620   -       
CTS_cdb_inv_00455/Y
-     INV_X2B_A9PP140ZTL_C30     fall   0.009   0.043   0.013  0.004  (162.140,134.650)    0.340      1    
CTS_cdb_inv_00456/A
-     INV_X2B_A9PP140ZTL_C30     fall   0.000   0.044   0.013  -      (173.060,123.650)   21.920   -       
CTS_cdb_inv_00456/Y
-     INV_X2B_A9PP140ZTL_C30     rise   0.008   0.052   0.010  0.004  (173.200,123.850)    0.340      1    
CTS_cdb_inv_00457/A
-     INV_X2B_A9PP140ZTL_C30     rise   0.000   0.052   0.010  -      (157.100,119.150)   20.800   -       
CTS_cdb_inv_00457/Y
-     INV_X2B_A9PP140ZTL_C30     fall   0.007   0.059   0.010  0.003  (156.960,118.950)    0.340      1    
CTS_ccl_inv_00393/A
-     INV_X4B_A9PP140ZTL_C30     fall   0.000   0.059   0.010  -      (161.020,117.350)    5.660   -       
CTS_ccl_inv_00393/Y
-     INV_X4B_A9PP140ZTL_C30     rise   0.007   0.067   0.009  0.008  (160.880,117.550)    0.340      2    
CTS_ccl_a_inv_00389/A
-     INV_X4B_A9PP140ZTL_C30     rise   0.001   0.067   0.009  -      (161.580,116.450)    1.800   -       
CTS_ccl_a_inv_00389/Y
-     INV_X4B_A9PP140ZTL_C30     fall   0.007   0.074   0.010  0.006  (161.720,116.250)    0.340      2    
CTS_ccl_a_inv_00382/A
-     INV_X6B_A9PP140ZTL_C30     fall   0.000   0.074   0.010  -      (158.920,116.450)    3.000   -       
CTS_ccl_a_inv_00382/Y
-     INV_X6B_A9PP140ZTL_C30     rise   0.008   0.082   0.010  0.013  (159.060,116.250)    0.340      2    
CTS_ccl_a_inv_00371/A
-     INV_X6B_A9PP140ZTL_C30     rise   0.001   0.083   0.010  -      (157.940,64.250)    53.120   -       
CTS_ccl_a_inv_00371/Y
-     INV_X6B_A9PP140ZTL_C30     fall   0.009   0.092   0.013  0.013  (158.080,64.050)     0.340      3    
CTS_ccl_a_inv_00338/A
-     INV_X4B_A9PP140ZTL_C30     fall   0.001   0.092   0.013  -      (163.680,44.450)    25.200   -       
CTS_ccl_a_inv_00338/Y
-     INV_X4B_A9PP140ZTL_C30     rise   0.008   0.101   0.010  0.009  (163.820,44.250)     0.340      2    
CTS_ccl_a_inv_00265/A
-     INV_X6B_A9PP140ZTL_C30     rise   0.000   0.101   0.010  -      (164.940,47.150)     4.020   -       
CTS_ccl_a_inv_00265/Y
-     INV_X6B_A9PP140ZTL_C30     fall   0.009   0.110   0.012  0.012  (164.800,47.350)     0.340      3    
CTS_ccl_a_inv_00091/A
-     INV_X7P5B_A9PP140ZTL_C30   fall   0.000   0.110   0.012  -      (164.100,50.750)     4.100   -       
CTS_ccl_a_inv_00091/Y
-     INV_X7P5B_A9PP140ZTL_C30   rise   0.004   0.114   0.005  0.004  (163.960,50.950)     0.340      1    
FE_USKC2920_CTS_296/A
-     INV_X7P5B_A9PP140ZTL_C30   rise   0.000   0.114   0.005  -      (163.540,51.650)     1.120   -       
FE_USKC2920_CTS_296/Y
-     INV_X7P5B_A9PP140ZTL_C30   fall   0.004   0.118   0.005  0.004  (163.680,51.450)     0.340      1    
FE_USKC2921_CTS_296/A
-     INV_X7P5B_A9PP140ZTL_C30   fall   0.000   0.118   0.005  -      (163.820,52.550)     1.240   -       
FE_USKC2921_CTS_296/Y
-     INV_X7P5B_A9PP140ZTL_C30   rise   0.007   0.124   0.009  0.019  (163.960,52.750)     0.340     23    
pp_fir_3_1_1_sum1_9_im_1_reg[30]/CK
-     DFFRPQ_X3M_A9PP140ZTL_C30  rise   0.001   0.125   0.009  -      (161.440,66.950)    16.720   -       
-----------------------------------------------------------------------------------------------------------------

Timing for timing corner delay_corner_wcl_typical:both.early, min clock_path:
=============================================================================

PathID    : 9
Path type : skew group clk/functional_wcl_typical (path 1 of 1)
Start     : clk
End       : pp_fir_3_1_1_sum3_1_im_1_reg[23]/CK
Delay     : 0.136

-----------------------------------------------------------------------------------------------------------------
Name  Lib cell                   Event  Incr   Arrival  Slew   Cap    Location           Distance  Fanout  Status
                                        (ns)   (ns)     (ns)   (pF)                      (um)              
-- Clockpath trace ----------------------------------------------------------------------------------------------
clk
-     -                          rise   -       0.000   0.004  0.035  (102.020,179.950)  -            5    
CTS_cdb_inv_00440/A
-     INV_X2B_A9PP140ZTL_C30     rise   0.007   0.007   0.016  -      (72.960,84.050)    124.960   -       
CTS_cdb_inv_00440/Y
-     INV_X2B_A9PP140ZTL_C30     fall   0.013   0.020   0.018  0.005  (73.100,84.250)      0.340      1    
CTS_cdb_inv_00441/A
-     INV_X2B_A9PP140ZTL_C30     fall   0.000   0.020   0.018  -      (97.180,88.550)     28.380   -       
CTS_cdb_inv_00441/Y
-     INV_X2B_A9PP140ZTL_C30     rise   0.011   0.031   0.013  0.004  (97.040,88.350)      0.340      1    
CTS_cdb_inv_00442/A
-     INV_X2B_A9PP140ZTL_C30     rise   0.000   0.031   0.013  -      (97.460,67.850)     20.920   -       
CTS_cdb_inv_00442/Y
-     INV_X2B_A9PP140ZTL_C30     fall   0.011   0.043   0.016  0.004  (97.320,68.050)      0.340      1    
CTS_cdb_inv_00443/A
-     INV_X2B_A9PP140ZTL_C30     fall   0.000   0.043   0.016  -      (97.740,88.550)     20.920   -       
CTS_cdb_inv_00443/Y
-     INV_X2B_A9PP140ZTL_C30     rise   0.012   0.055   0.014  0.005  (97.600,88.350)      0.340      1    
CTS_cdb_inv_00444/A
-     INV_X2B_A9PP140ZTL_C30     rise   0.000   0.055   0.014  -      (97.180,59.750)     29.020   -       
CTS_cdb_inv_00444/Y
-     INV_X2B_A9PP140ZTL_C30     fall   0.012   0.067   0.017  0.005  (97.040,59.550)      0.340      1    
CTS_cdb_inv_00445/A
-     INV_X2B_A9PP140ZTL_C30     fall   0.000   0.068   0.017  -      (98.020,82.250)     23.680   -       
CTS_cdb_inv_00445/Y
-     INV_X2B_A9PP140ZTL_C30     rise   0.011   0.079   0.014  0.005  (98.160,82.450)      0.340      1    
CTS_ccl_a_inv_00391/A
-     INV_X6B_A9PP140ZTL_C30     rise   0.000   0.079   0.014  -      (93.680,88.550)     10.580   -       
CTS_ccl_a_inv_00391/Y
-     INV_X6B_A9PP140ZTL_C30     fall   0.011   0.090   0.015  0.011  (93.540,88.750)      0.340      2    
CTS_ccl_a_inv_00381/A
-     INV_X4B_A9PP140ZTL_C30     fall   0.000   0.090   0.015  -      (92.280,85.850)      4.160   -       
CTS_ccl_a_inv_00381/Y
-     INV_X4B_A9PP140ZTL_C30     rise   0.010   0.100   0.012  0.008  (92.420,85.650)      0.340      2    
CTS_ccl_a_inv_00364/A
-     INV_X4B_A9PP140ZTL_C30     rise   0.000   0.101   0.012  -      (115.100,85.850)    22.880   -       
CTS_ccl_a_inv_00364/Y
-     INV_X4B_A9PP140ZTL_C30     fall   0.008   0.109   0.011  0.005  (115.240,85.650)     0.340      1    
CTS_ccl_a_inv_00333/A
-     INV_X4B_A9PP140ZTL_C30     fall   0.000   0.109   0.011  -      (132.320,93.950)    25.380   -       
CTS_ccl_a_inv_00333/Y
-     INV_X4B_A9PP140ZTL_C30     rise   0.008   0.118   0.010  0.007  (132.180,94.150)     0.340      2    
CTS_ccl_a_inv_00252/A
-     INV_X4B_A9PP140ZTL_C30     rise   0.000   0.118   0.010  -      (134.560,94.850)     3.080   -       
CTS_ccl_a_inv_00252/Y
-     INV_X4B_A9PP140ZTL_C30     fall   0.011   0.128   0.015  0.008  (134.700,94.650)     0.340      2    
CTS_ccl_a_inv_00031/A
-     INV_X7P5B_A9PP140ZTL_C30   fall   0.000   0.128   0.015  -      (133.860,95.750)     1.940   -       
CTS_ccl_a_inv_00031/Y
-     INV_X7P5B_A9PP140ZTL_C30   rise   0.008   0.136   0.009  0.009  (133.720,95.950)     0.340     13    
pp_fir_3_1_1_sum3_1_im_1_reg[23]/CK
-     DFFRPQ_X3M_A9PP140ZTL_C30  rise   0.000   0.136   0.009  -      (132.600,96.650)     1.820   -       
-----------------------------------------------------------------------------------------------------------------

Timing for timing corner delay_corner_wcl_typical:both.early, max clock_path:
=============================================================================

PathID    : 10
Path type : skew group clk/functional_wcl_typical (path 1 of 1)
Start     : clk
End       : pp_fir_3_1_1_sum1_9_im_1_reg[27]/CK
Delay     :  0.159

-----------------------------------------------------------------------------------------------------------------
Name  Lib cell                   Event  Incr   Arrival  Slew   Cap    Location           Distance  Fanout  Status
                                        (ns)   (ns)     (ns)   (pF)                      (um)              
-- Clockpath trace ----------------------------------------------------------------------------------------------
clk
-     -                          rise   -       0.000   0.004  0.035  (102.020,179.950)  -            5    
CTS_ccl_inv_00396/A
-     INV_X4B_A9PP140ZTL_C30     rise   0.004   0.004   0.014  -      (131.060,129.950)   79.040   -       
CTS_ccl_inv_00396/Y
-     INV_X4B_A9PP140ZTL_C30     fall   0.008   0.012   0.011  0.004  (131.200,130.150)    0.340      1    
CTS_cdb_inv_00452/A
-     INV_X2B_A9PP140ZTL_C30     fall   0.000   0.013   0.011  -      (151.500,125.450)   25.000   -       
CTS_cdb_inv_00452/Y
-     INV_X2B_A9PP140ZTL_C30     rise   0.008   0.020   0.009  0.003  (151.640,125.650)    0.340      1    
CTS_cdb_inv_00453/A
-     INV_X2B_A9PP140ZTL_C30     rise   0.000   0.020   0.009  -      (156.540,131.750)   11.000   -       
CTS_cdb_inv_00453/Y
-     INV_X2B_A9PP140ZTL_C30     fall   0.011   0.031   0.016  0.005  (156.400,131.550)    0.340      1    
CTS_cdb_inv_00454/A
-     INV_X2B_A9PP140ZTL_C30     fall   0.000   0.032   0.016  -      (143.240,118.250)   26.460   -       
CTS_cdb_inv_00454/Y
-     INV_X2B_A9PP140ZTL_C30     rise   0.012   0.044   0.015  0.006  (143.380,118.450)    0.340      1    
CTS_cdb_inv_00455/A
-     INV_X2B_A9PP140ZTL_C30     rise   0.000   0.044   0.015  -      (162.000,134.450)   34.620   -       
CTS_cdb_inv_00455/Y
-     INV_X2B_A9PP140ZTL_C30     fall   0.011   0.056   0.016  0.004  (162.140,134.650)    0.340      1    
CTS_cdb_inv_00456/A
-     INV_X2B_A9PP140ZTL_C30     fall   0.000   0.056   0.016  -      (173.060,123.650)   21.920   -       
CTS_cdb_inv_00456/Y
-     INV_X2B_A9PP140ZTL_C30     rise   0.010   0.066   0.012  0.004  (173.200,123.850)    0.340      1    
CTS_cdb_inv_00457/A
-     INV_X2B_A9PP140ZTL_C30     rise   0.000   0.066   0.012  -      (157.100,119.150)   20.800   -       
CTS_cdb_inv_00457/Y
-     INV_X2B_A9PP140ZTL_C30     fall   0.009   0.075   0.012  0.003  (156.960,118.950)    0.340      1    
CTS_ccl_inv_00393/A
-     INV_X4B_A9PP140ZTL_C30     fall   0.000   0.075   0.012  -      (161.020,117.350)    5.660   -       
CTS_ccl_inv_00393/Y
-     INV_X4B_A9PP140ZTL_C30     rise   0.009   0.085   0.011  0.008  (160.880,117.550)    0.340      2    
CTS_ccl_a_inv_00389/A
-     INV_X4B_A9PP140ZTL_C30     rise   0.000   0.085   0.011  -      (161.580,116.450)    1.800   -       
CTS_ccl_a_inv_00389/Y
-     INV_X4B_A9PP140ZTL_C30     fall   0.009   0.094   0.012  0.006  (161.720,116.250)    0.340      2    
CTS_ccl_a_inv_00382/A
-     INV_X6B_A9PP140ZTL_C30     fall   0.000   0.094   0.012  -      (158.920,116.450)    3.000   -       
CTS_ccl_a_inv_00382/Y
-     INV_X6B_A9PP140ZTL_C30     rise   0.009   0.103   0.012  0.013  (159.060,116.250)    0.340      2    
CTS_ccl_a_inv_00371/A
-     INV_X6B_A9PP140ZTL_C30     rise   0.002   0.105   0.013  -      (157.940,64.250)    53.120   -       
CTS_ccl_a_inv_00371/Y
-     INV_X6B_A9PP140ZTL_C30     fall   0.011   0.116   0.016  0.012  (158.080,64.050)     0.340      3    
CTS_ccl_a_inv_00338/A
-     INV_X4B_A9PP140ZTL_C30     fall   0.001   0.117   0.016  -      (163.680,44.450)    25.200   -       
CTS_ccl_a_inv_00338/Y
-     INV_X4B_A9PP140ZTL_C30     rise   0.011   0.128   0.013  0.009  (163.820,44.250)     0.340      2    
CTS_ccl_a_inv_00265/A
-     INV_X6B_A9PP140ZTL_C30     rise   0.000   0.128   0.013  -      (164.940,47.150)     4.020   -       
CTS_ccl_a_inv_00265/Y
-     INV_X6B_A9PP140ZTL_C30     fall   0.011   0.139   0.015  0.012  (164.800,47.350)     0.340      3    
CTS_ccl_a_inv_00091/A
-     INV_X7P5B_A9PP140ZTL_C30   fall   0.000   0.139   0.015  -      (164.100,50.750)     4.100   -       
CTS_ccl_a_inv_00091/Y
-     INV_X7P5B_A9PP140ZTL_C30   rise   0.005   0.144   0.007  0.004  (163.960,50.950)     0.340      1    
FE_USKC2920_CTS_296/A
-     INV_X7P5B_A9PP140ZTL_C30   rise   0.000   0.144   0.007  -      (163.540,51.650)     1.120   -       
FE_USKC2920_CTS_296/Y
-     INV_X7P5B_A9PP140ZTL_C30   fall   0.005   0.149   0.006  0.004  (163.680,51.450)     0.340      1    
FE_USKC2921_CTS_296/A
-     INV_X7P5B_A9PP140ZTL_C30   fall   0.000   0.149   0.006  -      (163.820,52.550)     1.240   -       
FE_USKC2921_CTS_296/Y
-     INV_X7P5B_A9PP140ZTL_C30   rise   0.009   0.158   0.012  0.019  (163.960,52.750)     0.340     23    
pp_fir_3_1_1_sum1_9_im_1_reg[27]/CK
-     DFFRPQ_X3M_A9PP140ZTL_C30  rise   0.001   0.159   0.012  -      (160.040,66.050)    17.220   -       
-----------------------------------------------------------------------------------------------------------------

Timing for timing corner delay_corner_wcl_typical:both.late, min clock_path:
============================================================================

PathID    : 11
Path type : skew group clk/functional_wcl_typical (path 1 of 1)
Start     : clk
End       : pp_fir_3_1_1_sum3_1_im_1_reg[23]/CK
Delay     :  0.139

-----------------------------------------------------------------------------------------------------------------
Name  Lib cell                   Event  Incr   Arrival  Slew   Cap    Location           Distance  Fanout  Status
                                        (ns)   (ns)     (ns)   (pF)                      (um)              
-- Clockpath trace ----------------------------------------------------------------------------------------------
clk
-     -                          rise   -       0.000   0.004  0.035  (102.020,179.950)  -            5    
CTS_cdb_inv_00440/A
-     INV_X2B_A9PP140ZTL_C30     rise   0.007   0.007   0.016  -      (72.960,84.050)    124.960   -       
CTS_cdb_inv_00440/Y
-     INV_X2B_A9PP140ZTL_C30     fall   0.013   0.020   0.018  0.005  (73.100,84.250)      0.340      1    
CTS_cdb_inv_00441/A
-     INV_X2B_A9PP140ZTL_C30     fall   0.001   0.020   0.018  -      (97.180,88.550)     28.380   -       
CTS_cdb_inv_00441/Y
-     INV_X2B_A9PP140ZTL_C30     rise   0.011   0.032   0.013  0.004  (97.040,88.350)      0.340      1    
CTS_cdb_inv_00442/A
-     INV_X2B_A9PP140ZTL_C30     rise   0.000   0.032   0.013  -      (97.460,67.850)     20.920   -       
CTS_cdb_inv_00442/Y
-     INV_X2B_A9PP140ZTL_C30     fall   0.011   0.043   0.016  0.004  (97.320,68.050)      0.340      1    
CTS_cdb_inv_00443/A
-     INV_X2B_A9PP140ZTL_C30     fall   0.000   0.044   0.016  -      (97.740,88.550)     20.920   -       
CTS_cdb_inv_00443/Y
-     INV_X2B_A9PP140ZTL_C30     rise   0.012   0.056   0.014  0.005  (97.600,88.350)      0.340      1    
CTS_cdb_inv_00444/A
-     INV_X2B_A9PP140ZTL_C30     rise   0.001   0.056   0.014  -      (97.180,59.750)     29.020   -       
CTS_cdb_inv_00444/Y
-     INV_X2B_A9PP140ZTL_C30     fall   0.012   0.068   0.017  0.005  (97.040,59.550)      0.340      1    
CTS_cdb_inv_00445/A
-     INV_X2B_A9PP140ZTL_C30     fall   0.001   0.069   0.017  -      (98.020,82.250)     23.680   -       
CTS_cdb_inv_00445/Y
-     INV_X2B_A9PP140ZTL_C30     rise   0.011   0.081   0.014  0.005  (98.160,82.450)      0.340      1    
CTS_ccl_a_inv_00391/A
-     INV_X6B_A9PP140ZTL_C30     rise   0.000   0.081   0.014  -      (93.680,88.550)     10.580   -       
CTS_ccl_a_inv_00391/Y
-     INV_X6B_A9PP140ZTL_C30     fall   0.011   0.092   0.015  0.011  (93.540,88.750)      0.340      2    
CTS_ccl_a_inv_00381/A
-     INV_X4B_A9PP140ZTL_C30     fall   0.000   0.092   0.015  -      (92.280,85.850)      4.160   -       
CTS_ccl_a_inv_00381/Y
-     INV_X4B_A9PP140ZTL_C30     rise   0.010   0.102   0.012  0.008  (92.420,85.650)      0.340      2    
CTS_ccl_a_inv_00364/A
-     INV_X4B_A9PP140ZTL_C30     rise   0.001   0.103   0.012  -      (115.100,85.850)    22.880   -       
CTS_ccl_a_inv_00364/Y
-     INV_X4B_A9PP140ZTL_C30     fall   0.008   0.111   0.011  0.005  (115.240,85.650)     0.340      1    
CTS_ccl_a_inv_00333/A
-     INV_X4B_A9PP140ZTL_C30     fall   0.001   0.112   0.011  -      (132.320,93.950)    25.380   -       
CTS_ccl_a_inv_00333/Y
-     INV_X4B_A9PP140ZTL_C30     rise   0.008   0.120   0.010  0.007  (132.180,94.150)     0.340      2    
CTS_ccl_a_inv_00252/A
-     INV_X4B_A9PP140ZTL_C30     rise   0.000   0.120   0.010  -      (134.560,94.850)     3.080   -       
CTS_ccl_a_inv_00252/Y
-     INV_X4B_A9PP140ZTL_C30     fall   0.011   0.131   0.015  0.008  (134.700,94.650)     0.340      2    
CTS_ccl_a_inv_00031/A
-     INV_X7P5B_A9PP140ZTL_C30   fall   0.000   0.131   0.015  -      (133.860,95.750)     1.940   -       
CTS_ccl_a_inv_00031/Y
-     INV_X7P5B_A9PP140ZTL_C30   rise   0.008   0.139   0.009  0.009  (133.720,95.950)     0.340     13    
pp_fir_3_1_1_sum3_1_im_1_reg[23]/CK
-     DFFRPQ_X3M_A9PP140ZTL_C30  rise   0.000   0.139   0.009  -      (132.600,96.650)     1.820   -       
-----------------------------------------------------------------------------------------------------------------

Timing for timing corner delay_corner_wcl_typical:both.late, max clock_path:
============================================================================

PathID    : 12
Path type : skew group clk/functional_wcl_typical (path 1 of 1)
Start     : clk
End       : pp_fir_3_1_1_sum1_9_im_1_reg[27]/CK
Delay     :  0.162

-----------------------------------------------------------------------------------------------------------------
Name  Lib cell                   Event  Incr   Arrival  Slew   Cap    Location           Distance  Fanout  Status
                                        (ns)   (ns)     (ns)   (pF)                      (um)              
-- Clockpath trace ----------------------------------------------------------------------------------------------
clk
-     -                          rise   -       0.000   0.004  0.035  (102.020,179.950)  -            5    
CTS_ccl_inv_00396/A
-     INV_X4B_A9PP140ZTL_C30     rise   0.004   0.004   0.014  -      (131.060,129.950)   79.040   -       
CTS_ccl_inv_00396/Y
-     INV_X4B_A9PP140ZTL_C30     fall   0.008   0.012   0.011  0.004  (131.200,130.150)    0.340      1    
CTS_cdb_inv_00452/A
-     INV_X2B_A9PP140ZTL_C30     fall   0.001   0.013   0.011  -      (151.500,125.450)   25.000   -       
CTS_cdb_inv_00452/Y
-     INV_X2B_A9PP140ZTL_C30     rise   0.008   0.021   0.009  0.003  (151.640,125.650)    0.340      1    
CTS_cdb_inv_00453/A
-     INV_X2B_A9PP140ZTL_C30     rise   0.000   0.021   0.009  -      (156.540,131.750)   11.000   -       
CTS_cdb_inv_00453/Y
-     INV_X2B_A9PP140ZTL_C30     fall   0.011   0.032   0.016  0.005  (156.400,131.550)    0.340      1    
CTS_cdb_inv_00454/A
-     INV_X2B_A9PP140ZTL_C30     fall   0.001   0.032   0.016  -      (143.240,118.250)   26.460   -       
CTS_cdb_inv_00454/Y
-     INV_X2B_A9PP140ZTL_C30     rise   0.012   0.045   0.015  0.006  (143.380,118.450)    0.340      1    
CTS_cdb_inv_00455/A
-     INV_X2B_A9PP140ZTL_C30     rise   0.001   0.045   0.015  -      (162.000,134.450)   34.620   -       
CTS_cdb_inv_00455/Y
-     INV_X2B_A9PP140ZTL_C30     fall   0.011   0.057   0.016  0.004  (162.140,134.650)    0.340      1    
CTS_cdb_inv_00456/A
-     INV_X2B_A9PP140ZTL_C30     fall   0.000   0.057   0.016  -      (173.060,123.650)   21.920   -       
CTS_cdb_inv_00456/Y
-     INV_X2B_A9PP140ZTL_C30     rise   0.010   0.067   0.012  0.004  (173.200,123.850)    0.340      1    
CTS_cdb_inv_00457/A
-     INV_X2B_A9PP140ZTL_C30     rise   0.000   0.068   0.012  -      (157.100,119.150)   20.800   -       
CTS_cdb_inv_00457/Y
-     INV_X2B_A9PP140ZTL_C30     fall   0.009   0.077   0.012  0.003  (156.960,118.950)    0.340      1    
CTS_ccl_inv_00393/A
-     INV_X4B_A9PP140ZTL_C30     fall   0.000   0.077   0.012  -      (161.020,117.350)    5.660   -       
CTS_ccl_inv_00393/Y
-     INV_X4B_A9PP140ZTL_C30     rise   0.009   0.087   0.011  0.008  (160.880,117.550)    0.340      2    
CTS_ccl_a_inv_00389/A
-     INV_X4B_A9PP140ZTL_C30     rise   0.001   0.087   0.011  -      (161.580,116.450)    1.800   -       
CTS_ccl_a_inv_00389/Y
-     INV_X4B_A9PP140ZTL_C30     fall   0.009   0.096   0.012  0.006  (161.720,116.250)    0.340      2    
CTS_ccl_a_inv_00382/A
-     INV_X6B_A9PP140ZTL_C30     fall   0.000   0.096   0.012  -      (158.920,116.450)    3.000   -       
CTS_ccl_a_inv_00382/Y
-     INV_X6B_A9PP140ZTL_C30     rise   0.009   0.105   0.012  0.013  (159.060,116.250)    0.340      2    
CTS_ccl_a_inv_00371/A
-     INV_X6B_A9PP140ZTL_C30     rise   0.002   0.107   0.013  -      (157.940,64.250)    53.120   -       
CTS_ccl_a_inv_00371/Y
-     INV_X6B_A9PP140ZTL_C30     fall   0.011   0.118   0.016  0.012  (158.080,64.050)     0.340      3    
CTS_ccl_a_inv_00338/A
-     INV_X4B_A9PP140ZTL_C30     fall   0.001   0.119   0.016  -      (163.680,44.450)    25.200   -       
CTS_ccl_a_inv_00338/Y
-     INV_X4B_A9PP140ZTL_C30     rise   0.011   0.130   0.013  0.009  (163.820,44.250)     0.340      2    
CTS_ccl_a_inv_00265/A
-     INV_X6B_A9PP140ZTL_C30     rise   0.001   0.131   0.013  -      (164.940,47.150)     4.020   -       
CTS_ccl_a_inv_00265/Y
-     INV_X6B_A9PP140ZTL_C30     fall   0.011   0.142   0.015  0.012  (164.800,47.350)     0.340      3    
CTS_ccl_a_inv_00091/A
-     INV_X7P5B_A9PP140ZTL_C30   fall   0.000   0.142   0.015  -      (164.100,50.750)     4.100   -       
CTS_ccl_a_inv_00091/Y
-     INV_X7P5B_A9PP140ZTL_C30   rise   0.005   0.147   0.007  0.004  (163.960,50.950)     0.340      1    
FE_USKC2920_CTS_296/A
-     INV_X7P5B_A9PP140ZTL_C30   rise   0.000   0.148   0.007  -      (163.540,51.650)     1.120   -       
FE_USKC2920_CTS_296/Y
-     INV_X7P5B_A9PP140ZTL_C30   fall   0.005   0.152   0.006  0.004  (163.680,51.450)     0.340      1    
FE_USKC2921_CTS_296/A
-     INV_X7P5B_A9PP140ZTL_C30   fall   0.000   0.153   0.006  -      (163.820,52.550)     1.240   -       
FE_USKC2921_CTS_296/Y
-     INV_X7P5B_A9PP140ZTL_C30   rise   0.009   0.161   0.012  0.019  (163.960,52.750)     0.340     23    
pp_fir_3_1_1_sum1_9_im_1_reg[27]/CK
-     DFFRPQ_X3M_A9PP140ZTL_C30  rise   0.001   0.162   0.012  -      (160.040,66.050)    17.220   -       
-----------------------------------------------------------------------------------------------------------------

