 ------------------------------------------------------------------------------------------------------------------------------------------------------ 
| Snapshot                | WNS                  | TNS                  | Density (%) | Hotspot      | Resource               | DRVs       | Layer-OPT |
|                         | HEPG (ns) | ALL (ns) | HEPG (ns) | ALL (ns) |             | Max  | Total | Real (s) | Memory (MB) | Tran | Cap | M8        |
|-------------------------+-----------+----------+-----------+----------+-------------+------+-------+----------+-------------+------+-----+-----------|
| initial_summary         |    -0.094 |   -0.094 |           |       -8 |       61.79 |      |       | 0:00:19  |        8001 |   10 |   0 |           |
| route_type_refinement   |           |          |           |          |             |      |       | 0:00:03  |        8001 |      |     |        19 |
| simplify_netlist        |           |          |           |          |             |      |       | 0:00:04  |        8001 |      |     |           |
| excluded_clk_net_fixing |           |          |           |          |             |      |       | 0:00:01  |        8001 |      |     |           |
| drv_fixing              |    -0.551 |   -0.551 |       -23 |      -23 |       61.79 |      |       | 0:00:16  |        8057 |    0 |   0 |        19 |
| global_opt              |           |   -0.282 |           |      -14 |       61.97 |      |       | 0:00:12  |        8073 |      |     |        19 |
| global_opt_2            |           |   -0.186 |           |       -9 |       61.99 |      |       | 0:00:14  |        8073 |      |     |        33 |
| area_reclaiming         |    -0.183 |   -0.183 |        -7 |       -7 |       61.63 |      |       | 0:00:22  |        8073 |      |     |        33 |
| wns_fixing              |     0.005 |    0.005 |         0 |        0 |       62.01 |      |       | 0:01:33  |        8533 |      |     |        70 |
| area_reclaiming_2       |    -0.014 |   -0.014 |        -0 |       -0 |       61.56 |      |       | 0:00:26  |        8615 |      |     |        89 |
| area_reclaiming_3       |    -0.013 |   -0.013 |        -0 |       -0 |       61.32 |      |       | 0:00:24  |        8615 |      |     |        65 |
| local_wire_reclaim      |           |          |           |          |             |      |       | 0:00:57  |        8615 |      |     |           |
| global_route            |           |          |           |          |             | 0.00 |  0.00 | 0:00:12  |        8495 |      |     |           |
| route_type_refinement_2 |           |          |           |          |             |      |       | 0:00:01  |        8495 |      |     |        65 |
| drv_eco_fixing          |    -0.044 |   -0.044 |        -2 |       -2 |       61.32 |      |       | 0:00:10  |        8575 |    0 |   0 |        65 |
| wns_eco_fixing          |     0.000 |    0.000 |         0 |        0 |       61.39 |      |       | 0:00:14  |        8703 |      |     |        66 |
| final_summary           |    -0.001 |   -0.001 |           |       -0 |       61.39 | 0.00 |  0.00 | 0:00:15  |        8511 |    0 |   0 |           |
 ------------------------------------------------------------------------------------------------------------------------------------------------------ 
