 ------------------------------------------------------------------------------------------------------------------------------------------------------ 
| Snapshot                | WNS                  | TNS                  | Density (%) | Hotspot      | Resource               | DRVs       | Layer-OPT |
|                         | HEPG (ns) | ALL (ns) | HEPG (ns) | ALL (ns) |             | Max  | Total | Real (s) | Memory (MB) | Tran | Cap | M8        |
|-------------------------+-----------+----------+-----------+----------+-------------+------+-------+----------+-------------+------+-----+-----------|
| initial_summary         |           |   -0.089 |           |       -4 |       58.84 |      |       | 0:00:44  |        6682 |    0 |   0 |           |
| route_type_refinement   |           |          |           |          |             |      |       | 0:00:14  |        6690 |      |     |        14 |
| simplify_netlist        |           |          |           |          |             |      |       | 0:00:04  |        6698 |      |     |           |
| drv_fixing              |           |          |           |          |             |      |       | 0:00:06  |        6698 |      |     |           |
| drv_fixing_2            |    -0.452 |   -0.452 |       -16 |      -16 |       58.84 |      |       | 0:00:09  |        6706 |    0 |   0 |        14 |
| global_opt              |           |   -0.142 |           |       -4 |       58.94 |      |       | 0:00:36  |        6706 |      |     |        30 |
| area_reclaiming         |    -0.138 |   -0.138 |        -4 |       -4 |       58.71 |      |       | 0:00:51  |        6706 |      |     |        29 |
| incremental_replacement |    -0.169 |   -0.169 |           |       -9 |             | 0.00 |  0.00 | 0:04:03  |        6786 |      |     |           |
| drv_fixing_3            |    -0.169 |   -0.169 |        -9 |       -9 |       58.71 |      |       | 0:00:11  |        6810 |    0 |   0 |        29 |
| tns_fixing              |    -0.141 |   -0.141 |        -1 |       -1 |       58.93 |      |       | 0:00:28  |        6826 |      |     |        29 |
| wns_fixing              |    -0.000 |   -0.000 |        -0 |       -0 |       59.39 |      |       | 0:05:47  |        6826 |      |     |        49 |
| tns_fixing_2            |     0.002 |    0.002 |         0 |        0 |       59.62 |      |       | 0:02:07  |        6819 |      |     |        50 |
| area_reclaiming_2       |    -0.002 |   -0.002 |        -0 |       -0 |       59.34 |      |       | 0:01:17  |        6827 |      |     |        57 |
| area_reclaiming_3       |    -0.001 |   -0.001 |        -0 |       -0 |       58.74 |      |       | 0:00:38  |        6827 |      |     |        47 |
| drv_eco_fixing          |    -0.001 |   -0.001 |        -0 |       -0 |       58.74 |      |       | 0:00:11  |        6827 |    0 |   0 |        47 |
| tns_eco_fixing          |     0.000 |    0.000 |         0 |        0 |       58.75 |      |       | 0:00:08  |        6827 |      |     |        47 |
| final_summary           |    -0.003 |   -0.003 |           |       -0 |       58.75 |      |       | 0:00:12  |        6795 |    0 |   0 |           |
 ------------------------------------------------------------------------------------------------------------------------------------------------------ 
