 ------------------------------------------------------------------------------------------------------------------------------------------------------ 
| Snapshot                | WNS                  | TNS                  | Density (%) | Hotspot      | Resource               | DRVs       | Layer-OPT |
|                         | HEPG (ns) | ALL (ns) | HEPG (ns) | ALL (ns) |             | Max  | Total | Real (s) | Memory (MB) | Tran | Cap | M8        |
|-------------------------+-----------+----------+-----------+----------+-------------+------+-------+----------+-------------+------+-----+-----------|
| initial_summary         |           |   -0.198 |           |     -475 |       78.09 |      |       | 0:00:10  |        3334 |    0 |   0 |           |
| route_type_refinement   |           |          |           |          |             |      |       | 0:00:00  |        3331 |      |     |           |
| simplify_netlist        |           |          |           |          |             |      |       | 0:00:03  |        3342 |      |     |           |
| drv_fixing              |           |          |           |          |             |      |       | 0:00:02  |        3342 |      |     |           |
| global_opt              |           |   -0.112 |           |     -214 |       78.34 |      |       | 0:01:12  |        3436 |      |     |         4 |
| area_reclaiming         |     0.000 |   -0.095 |         0 |     -197 |       76.16 |      |       | 0:00:19  |        3434 |      |     |         3 |
| incremental_replacement |    -0.027 |   -0.115 |           |     -203 |             | 0.00 |  0.00 | 0:01:07  |        3488 |      |     |           |
| tns_fixing              |    -0.004 |   -0.115 |        -0 |     -201 |       76.57 |      |       | 0:00:28  |        3602 |      |     |         3 |
| wns_fixing              |     0.005 |   -0.046 |         0 |      -66 |       80.44 |      |       | 0:06:32  |        3732 |      |     |        35 |
| tns_fixing_2            |     0.005 |   -0.047 |         0 |      -46 |       83.24 |      |       | 0:03:44  |        3701 |      |     |        84 |
| area_reclaiming_2       |    -0.001 |   -0.040 |        -0 |      -45 |       82.22 |      |       | 0:00:32  |        3614 |      |     |        93 |
| area_reclaiming_3       |    -0.003 |   -0.035 |        -0 |      -46 |       78.96 |      |       | 0:00:22  |        3611 |      |     |        66 |
| drv_eco_fixing          |    -0.003 |   -0.035 |        -0 |      -46 |       78.96 |      |       | 0:00:03  |        3610 |    1 |   0 |        66 |
| tns_eco_fixing          |    -0.001 |   -0.037 |        -0 |      -42 |       80.39 |      |       | 0:01:44  |        3730 |      |     |        66 |
| final_summary           |    -0.002 |   -0.033 |           |      -32 |       80.39 |      |       | 0:00:04  |        3592 |    0 |   0 |           |
 ------------------------------------------------------------------------------------------------------------------------------------------------------ 
