 ------------------------------------------------------------------------------------------------------------------------------------------------------ 
| Snapshot                | WNS                  | TNS                  | Density (%) | Hotspot      | Resource               | DRVs       | Layer-OPT |
|                         | HEPG (ns) | ALL (ns) | HEPG (ns) | ALL (ns) |             | Max  | Total | Real (s) | Memory (MB) | Tran | Cap | M8        |
|-------------------------+-----------+----------+-----------+----------+-------------+------+-------+----------+-------------+------+-----+-----------|
| initial_summary         |           |   -0.139 |           |     -477 |       84.59 |      |       | 0:00:11  |        3338 |    0 |   0 |           |
| route_type_refinement   |           |          |           |          |             |      |       | 0:00:00  |        3335 |      |     |           |
| simplify_netlist        |           |          |           |          |             |      |       | 0:00:03  |        3348 |      |     |           |
| drv_fixing              |           |          |           |          |             |      |       | 0:00:03  |        3348 |      |     |           |
| area_reclaiming         |     0.000 |   -0.122 |         0 |     -438 |       82.89 |      |       | 0:00:18  |        3386 |      |     |           |
| global_opt              |           |   -0.108 |           |     -176 |       83.97 |      |       | 0:01:28  |        3451 |      |     |         2 |
| area_reclaiming_2       |     0.000 |   -0.104 |         0 |     -172 |       82.42 |      |       | 0:00:21  |        3453 |      |     |         2 |
| incremental_replacement |    -0.030 |   -0.132 |           |     -203 |             | 0.00 |  0.00 | 0:01:07  |        3498 |      |     |           |
| tns_fixing              |    -0.011 |   -0.126 |        -0 |     -199 |       82.13 |      |       | 0:00:55  |        3615 |      |     |         2 |
| wns_fixing              |    -0.005 |   -0.068 |        -0 |     -119 |       84.35 |      |       | 0:12:12  |        3720 |      |     |        37 |
| tns_fixing_2            |    -0.004 |   -0.068 |        -0 |     -108 |       88.88 |      |       | 0:08:42  |        3732 |      |     |        87 |
| area_reclaiming_3       |    -0.005 |   -0.061 |        -0 |     -108 |       87.74 |      |       | 0:00:36  |        3631 |      |     |       102 |
| area_reclaiming_4       |    -0.006 |   -0.062 |        -0 |     -109 |       85.03 |      |       | 0:00:23  |        3619 |      |     |        53 |
| drv_eco_fixing          |    -0.006 |   -0.062 |        -0 |     -109 |       85.03 |      |       | 0:00:03  |        3615 |    1 |   0 |        53 |
| tns_eco_fixing          |    -0.004 |   -0.064 |        -0 |     -104 |       86.42 |      |       | 0:02:26  |        3755 |      |     |        53 |
| final_summary           |    -0.004 |   -0.064 |           |     -105 |       86.42 |      |       | 0:00:04  |        3599 |    0 |   0 |           |
 ------------------------------------------------------------------------------------------------------------------------------------------------------ 
