 --------------------------------------------------------------------------------------------------------------------------------- 
| Snapshot          | WNS                  | TNS                  | Density (%) | Resource               | DRVs       | Layer-OPT |
|                   | HEPG (ns) | ALL (ns) | HEPG (ns) | ALL (ns) |             | Real (s) | Memory (MB) | Tran | Cap | M8        |
|-------------------+-----------+----------+-----------+----------+-------------+----------+-------------+------+-----+-----------|
| initial_summary   |           |   -0.116 |           |      -36 |       73.10 | 0:00:05  |        5173 |    0 |   1 |           |
| drv_fixing        |     0.000 |   -0.602 |         0 |    -2016 |       73.45 | 0:00:05  |        5378 |      |     |           |
| global_opt        |           |   -0.106 |           |     -127 |       75.51 | 0:00:24  |        5634 |      |     |         2 |
| area_reclaiming   |     0.000 |   -0.110 |         0 |     -158 |       73.09 | 0:00:08  |        5627 |      |     |         2 |
| tns_fixing        |    -0.042 |   -0.117 |        -3 |     -173 |       73.71 | 0:00:17  |        6193 |      |     |         2 |
| wns_fixing        |    -0.006 |   -0.073 |        -0 |     -130 |       76.95 | 0:03:27  |        6786 |      |     |        21 |
| tns_fixing_2      |    -0.001 |   -0.077 |        -0 |      -97 |       83.56 | 0:01:37  |        6492 |      |     |        85 |
| area_reclaiming_2 |    -0.002 |   -0.071 |        -0 |      -97 |       82.30 | 0:00:07  |        5803 |      |     |       101 |
| area_reclaiming_3 |    -0.004 |   -0.068 |        -0 |      -99 |       78.55 | 0:00:08  |        5777 |      |     |        77 |
| drv_eco_fixing    |    -0.005 |   -0.070 |        -0 |      -89 |       78.55 | 0:00:03  |        5617 |    0 |   0 |        77 |
| tns_eco_fixing    |    -0.001 |   -0.060 |        -0 |      -68 |       79.66 | 0:00:31  |        6466 |      |     |        77 |
| final_summary     |    -0.002 |   -0.059 |           |      -67 |       79.66 | 0:00:02  |        5629 |    0 |   0 |           |
 --------------------------------------------------------------------------------------------------------------------------------- 
