 ------------------------------------------------------------------------------------------------------------------------------------------------------ 
| Snapshot                | WNS                  | TNS                  | Density (%) | Hotspot      | Resource               | DRVs       | Layer-OPT |
|                         | HEPG (ns) | ALL (ns) | HEPG (ns) | ALL (ns) |             | Max  | Total | Real (s) | Memory (MB) | Tran | Cap | M8        |
|-------------------------+-----------+----------+-----------+----------+-------------+------+-------+----------+-------------+------+-----+-----------|
| initial_summary         |           |   -0.142 |           |     -472 |       79.66 |      |       | 0:00:10  |        3272 |    0 |   0 |           |
| route_type_refinement   |           |          |           |          |             |      |       | 0:00:00  |        3270 |      |     |           |
| simplify_netlist        |           |          |           |          |             |      |       | 0:00:03  |        3278 |      |     |           |
| drv_fixing              |           |          |           |          |             |      |       | 0:00:02  |        3278 |      |     |           |
| global_opt              |           |   -0.080 |           |     -130 |       80.66 |      |       | 0:01:20  |        3376 |      |     |         5 |
| area_reclaiming         |     0.000 |   -0.090 |         0 |     -171 |       78.33 |      |       | 0:00:21  |        3379 |      |     |         5 |
| incremental_replacement |    -0.029 |   -0.069 |           |     -127 |             | 0.00 |  0.00 | 0:01:04  |        3426 |      |     |           |
| tns_fixing              |    -0.011 |   -0.072 |        -0 |     -126 |       77.61 |      |       | 0:00:45  |        3542 |      |     |         5 |
| wns_fixing              |    -0.002 |   -0.055 |        -0 |     -123 |       78.75 |      |       | 0:07:43  |        3626 |      |     |         7 |
| tns_fixing_2            |     0.002 |   -0.057 |         0 |      -59 |       84.11 |      |       | 0:07:01  |        3637 |      |     |        57 |
| area_reclaiming_2       |    -0.002 |   -0.049 |        -0 |      -59 |       82.94 |      |       | 0:00:35  |        3556 |      |     |        75 |
| area_reclaiming_3       |    -0.004 |   -0.049 |        -0 |      -60 |       79.80 |      |       | 0:00:24  |        3555 |      |     |        46 |
| drv_eco_fixing          |    -0.004 |   -0.049 |        -0 |      -60 |       79.80 |      |       | 0:00:03  |        3542 |    1 |   0 |        46 |
| tns_eco_fixing          |    -0.002 |   -0.050 |        -0 |      -56 |       81.94 |      |       | 0:01:30  |        3681 |      |     |        46 |
| final_summary           |    -0.003 |   -0.044 |           |      -38 |       81.94 |      |       | 0:00:04  |        3524 |    0 |   0 |           |
 ------------------------------------------------------------------------------------------------------------------------------------------------------ 
