

Working Directory = /home/micsTapeouts/projects/28HPC_summer2024/jswalling/synthesis/cadence/work
QoS Summary for pp_fir_u_2
================================================================================
Metric                          syn_generic     syn_map         syn_opt        
================================================================================

View : view_wcl_slow
Slack (ps):                       -65             -84             -83
  R2R (ps):                       -65             -80             -82
  I2R (ps):                       -60             -84             -83
  R2O (ps):                       216             222             222
  I2O (ps):                  no_value        no_value        no_value
  CG  (ps):                  no_value        no_value        no_value
TNS (ps):                    -148,628        -220,883        -217,666
  R2R (ps):                    -6,808         -20,306         -22,786
  I2R (ps):                  -148,541        -220,883        -217,666
  R2O (ps):                         0               0               0
  I2O (ps):                  no_value        no_value        no_value
  CG  (ps):                  no_value        no_value        no_value
Failing Paths:                  2,647           2,647           2,647

View : view_wcl_fast
Slack (ps):                        92              76              77
  R2R (ps):                       126             120             116
  I2R (ps):                        92              76              77
  R2O (ps):                       307             311             311
  I2O (ps):                  no_value        no_value        no_value
  CG  (ps):                  no_value        no_value        no_value
TNS (ps):                           0               0               0
  R2R (ps):                         0               0               0
  I2R (ps):                         0               0               0
  R2O (ps):                         0               0               0
  I2O (ps):                  no_value        no_value        no_value
  CG  (ps):                  no_value        no_value        no_value
Failing Paths:                      0               0               0

View : view_wcl_typical
Slack (ps):                        18              -2              -2
  R2R (ps):                        46              31              26
  I2R (ps):                        18              -2              -2
  R2O (ps):                       273             277             277
  I2O (ps):                  no_value        no_value        no_value
  CG  (ps):                  no_value        no_value        no_value
TNS (ps):                           0          -2,086            -260
  R2R (ps):                         0               0               0
  I2R (ps):                         0          -2,086            -260
  R2O (ps):                         0               0               0
  I2O (ps):                  no_value        no_value        no_value
  CG  (ps):                  no_value        no_value        no_value
Failing Paths:                      0           1,626           1,221

Cell Area:                     65,656          26,861          26,143
Total Cell Area:               65,656          26,861          26,143
Leaf Instances:                51,027          25,333          23,781
Total Instances:               51,027          25,333          23,781
Utilization (%):                 0.00            0.00            0.00
Tot. Net Length (um):        no_value        no_value        no_value
Avg. Net Length (um):        no_value        no_value        no_value
Route Overflow H (%):        no_value        no_value        no_value
Route Overflow V (%):        no_value        no_value        no_value
MBCI(%) (bits/gate) :            0.00            0.00            0.00
Norm Cong Hotspot Area:
  Max Cong:                  no_value        no_value        no_value
  Tot Cong:                  no_value        no_value        no_value
================================================================================
CPU  Runtime (h:m:s):        00:16:49        00:18:38        00:35:08
Real Runtime (h:m:s):        00:14:35        00:05:32        00:33:10
CPU  Elapsed (h:m:s):        00:17:09        00:35:44        01:10:51
Real Elapsed (h:m:s):        00:14:44        00:20:14        00:53:24
Memory (MB):                  3109.36         3149.28         3149.10
================================================================================
================================================================================
Flow Settings:
================================================================================
Total Runtime (h:m:s): 00:53:20
Total Memory (MB):     3151.10
Executable Version:    22.10-p001_1
================================================================================
Total Cell Area =  Cell Area + Physical Cell Area
Total Instances =  Leaf Instances + Physical Instances


