============================================================
  Generated by:           Genus(TM) Synthesis Solution 22.10-p001_1
  Generated on:           Jan 05 2025  09:09:55 pm
  Module:                 pp_fir_u_2
  Library domain:         timing_cond_wcl_slow
    Domain index:         0
    Technology library:   sc9mcpp140z_cln28ht_base_lvt_c30_ssg_cworstt_max_0p81v_125c 1.0
  Library domain:         timing_cond_wcl_fast
    Domain index:         1
    Technology library:   sc9mcpp140z_cln28ht_base_lvt_c30_ffg_cbestt_min_0p99v_m40c 1.0
  Library domain:         timing_cond_wcl_typical
    Domain index:         2
    Technology library:   sc9mcpp140z_cln28ht_base_lvt_c30_tt_ctypical_max_0p90v_25c 1.0
  Operating conditions:   ssg_cworstt_max_0p81v_125c 
  Operating conditions:   ffg_cbestt_min_0p99v_m40c 
  Operating conditions:   tt_ctypical_max_0p90v_25c 
  Interconnect mode:      global
  Area mode:              physical library
============================================================

Timing
--------

  Analysis view  Clock Period 
------------------------------
view_wcl_slow    clk    500.0 
view_wcl_fast    clk    500.0 
view_wcl_typical clk    500.0 


    Analysis       Cost   Critical             Violating 
      View        Group  Path Slack    TNS       Paths   
---------------------------------------------------------
view_wcl_slow        clk      -83.0 -217666.4       2647 
                 default   No paths       0.0          0 
---------------------------------------------------------
Total                               -217666.4       2647 
                                                         
view_wcl_fast        clk       77.1       0.0          0 
                 default   No paths       0.0          0 
---------------------------------------------------------
Total                                    -0.0          0 
                                                         
view_wcl_typical     clk       -1.5    -260.0       1221 
                 default   No paths       0.0          0 
---------------------------------------------------------
Total                                  -260.0       1221 
                                                         

Instance Count
--------------
Leaf Instance Count             23781 
Physical Instance count             0 
Sequential Instance Count        3704 
Combinational Instance Count    20077 
Hierarchical Instance Count         1 

Area
----
Cell Area                          26143.110
Physical Cell Area                 0.000
Total Cell Area (Cell+Physical)    26143.110
Net Area                           9267.441
Total Area (Cell+Physical+Net)     35410.551

Runtime                            164.382145 seconds
Elapsed Runtime                    3215 seconds
Genus peak memory usage            3151.10 
Innovus peak memory usage          no_value 
Hostname                           cluster15.lan.ece
