============================================================
  Generated by:           Genus(TM) Synthesis Solution 22.10-p001_1
  Generated on:           Jan 05 2025  08:31:23 pm
  Module:                 pp_fir_u_2
  Library domain:         timing_cond_wcl_slow
    Domain index:         0
    Technology library:   sc9mcpp140z_cln28ht_base_lvt_c30_ssg_cworstt_max_0p81v_125c 1.0
  Library domain:         timing_cond_wcl_fast
    Domain index:         1
    Technology library:   sc9mcpp140z_cln28ht_base_lvt_c30_ffg_cbestt_min_0p99v_m40c 1.0
  Library domain:         timing_cond_wcl_typical
    Domain index:         2
    Technology library:   sc9mcpp140z_cln28ht_base_lvt_c30_tt_ctypical_max_0p90v_25c 1.0
  Operating conditions:   ssg_cworstt_max_0p81v_125c 
  Operating conditions:   ffg_cbestt_min_0p99v_m40c 
  Operating conditions:   tt_ctypical_max_0p90v_25c 
  Interconnect mode:      global
  Area mode:              physical library
============================================================

                                        Leakage   Leakage 
     Type      Instances  Area Area %  Power (nW) Power % 
----------------------------------------------------------
sequential          3704 0.000    0.0 4574625.493    56.9 
inverter              12 0.000    0.0     847.290     0.0 
logic              47311 0.000    0.0 3464116.994    43.1 
physical_cells         0 0.000    0.0       0.000     0.0 
----------------------------------------------------------
total              51027 0.000    0.0 8039589.776   100.0 

