============================================================
  Generated by:           Genus(TM) Synthesis Solution 22.10-p001_1
  Generated on:           Jan 05 2025  08:31:14 pm
  Module:                 pp_fir_u_2
  Library domain:         timing_cond_wcl_slow
    Domain index:         0
    Technology library:   sc9mcpp140z_cln28ht_base_lvt_c30_ssg_cworstt_max_0p81v_125c 1.0
  Library domain:         timing_cond_wcl_fast
    Domain index:         1
    Technology library:   sc9mcpp140z_cln28ht_base_lvt_c30_ffg_cbestt_min_0p99v_m40c 1.0
  Library domain:         timing_cond_wcl_typical
    Domain index:         2
    Technology library:   sc9mcpp140z_cln28ht_base_lvt_c30_tt_ctypical_max_0p90v_25c 1.0
  Operating conditions:   ssg_cworstt_max_0p81v_125c 
  Operating conditions:   ffg_cbestt_min_0p99v_m40c 
  Operating conditions:   tt_ctypical_max_0p90v_25c 
  Interconnect mode:      global
  Area mode:              physical library
============================================================

             Instance                         Module              Cell Count  Cell Area  Net Area   Total Area 
---------------------------------------------------------------------------------------------------------------
pp_fir_u_2                                                             51027  65526.954   129.152    65656.106 
  pp_fir_2_1_1                    pp_fir_2                             48891  60335.866     0.000    60335.866 
    ADD_TC_OP                     add_signed                             225    244.581     0.000      244.581 
    ADD_TC_OP3991                 add_signed                             225    244.581     0.000      244.581 
    add_481_34                    add_signed_2499                        265    288.062     0.000      288.062 
    add_482_34                    add_signed_2499                        265    288.062     0.000      288.062 
    add_596_34                    add_signed_372                         285    309.802     0.000      309.802 
    add_597_34                    add_signed_372                         285    309.802     0.000      309.802 
    add_617_34                    add_signed_358_37_2474                 318    345.674     0.000      345.674 
    add_618_34                    add_signed_358_37_2474                 318    345.674     0.000      345.674 
    add_732_34                    add_signed_374                         313    340.239     0.000      340.239 
    add_733_34                    add_signed_374                         313    340.239     0.000      340.239 
    add_847_34                    add_signed_376                         351    381.546     0.000      381.546 
    add_848_34                    add_signed_376                         351    381.546     0.000      381.546 
    add_868_34                    add_signed_358_37_2477                 367    398.938     0.000      398.938 
    add_869_34                    add_signed_358_37_2477                 367    398.938     0.000      398.938 
    add_889_34                    add_signed_358_37_2479                 366    397.851     0.000      397.851 
    add_890_34                    add_signed_358_37_2479                 366    397.851     0.000      397.851 
    add_1004_34                   add_signed_378                         366    397.851     0.000      397.851 
    add_1005_34                   add_signed_378                         366    397.851     0.000      397.851 
    add_1119_35                   add_signed_380                         329    357.631     0.000      357.631 
    add_1120_35                   add_signed_380                         329    357.631     0.000      357.631 
    add_1140_34                   add_signed_358_37                      367    398.938     0.000      398.938 
    add_1141_34                   add_signed_358_37                      367    398.938     0.000      398.938 
    add_1255_35                   add_signed_382                         299    325.020     0.000      325.020 
    add_1256_35                   add_signed_382                         299    325.020     0.000      325.020 
    add_1367_35                   add_signed_384                         267    290.236     0.000      290.236 
    add_1368_35                   add_signed_384                         267    290.236     0.000      290.236 
    add_1388_34                   add_signed_358_37_2473                 320    347.848     0.000      347.848 
    add_1389_34                   add_signed_358_37_2473                 320    347.848     0.000      347.848 
    add_1409_34                   add_signed_358_37_2481                 366    397.851     0.000      397.851 
    add_1410_34                   add_signed_358_37_2481                 366    397.851     0.000      397.851 
    const_mul_1331_44             mult_signed_const_24561                331    359.805     0.000      359.805 
    const_mul_1332_44             mult_signed_const_24561                331    359.805     0.000      359.805 
    csa_tree_ADD_TC_OP_groupi     csa_tree_ADD_TC_OP_group_23400         667    725.046     0.000      725.046 
    csa_tree_ADD_TC_OP_groupi3993 csa_tree_ADD_TC_OP_group_23400         667    725.046     0.000      725.046 
    csa_tree_ADD_TC_OP_groupi3994 csa_tree_ADD_TC_OP_group_22075         777    844.618     0.000      844.618 
    csa_tree_ADD_TC_OP_groupi3995 csa_tree_ADD_TC_OP_group_22075         777    844.618     0.000      844.618 
    csa_tree_ADD_TC_OP_groupi3996 csa_tree_ADD_TC_OP_group_20247        1096   1191.379     0.000     1191.379 
    csa_tree_ADD_TC_OP_groupi3997 csa_tree_ADD_TC_OP_group_20247        1096   1191.379     0.000     1191.379 
    csa_tree_ADD_TC_OP_groupi3998 csa_tree_ADD_TC_OP_group_18391        1049   1140.289     0.000     1140.289 
    csa_tree_ADD_TC_OP_groupi3999 csa_tree_ADD_TC_OP_group_18391        1049   1140.289     0.000     1140.289 
    csa_tree_ADD_TC_OP_groupi4000 csa_tree_ADD_TC_OP_group_16596        1068   1160.943     0.000     1160.943 
    csa_tree_ADD_TC_OP_groupi4001 csa_tree_ADD_TC_OP_group_16596        1068   1160.943     0.000     1160.943 
    csa_tree_ADD_TC_OP_groupi4002 csa_tree_ADD_TC_OP_group_14539        1238   1345.737     0.000     1345.737 
    csa_tree_ADD_TC_OP_groupi4003 csa_tree_ADD_TC_OP_group_14539        1238   1345.737     0.000     1345.737 
    csa_tree_ADD_TC_OP_groupi4004 csa_tree_ADD_TC_OP_group_12299        1388   1508.791     0.000     1508.791 
    csa_tree_ADD_TC_OP_groupi4005 csa_tree_ADD_TC_OP_group_12299        1388   1508.791     0.000     1508.791 
    csa_tree_ADD_TC_OP_groupi4006 csa_tree_ADD_TC_OP_group_10226        1224   1330.519     0.000     1330.519 
    csa_tree_ADD_TC_OP_groupi4007 csa_tree_ADD_TC_OP_group_10226        1224   1330.519     0.000     1330.519 
    csa_tree_ADD_TC_OP_groupi4008 csa_tree_ADD_TC_OP_group_8366         1072   1165.291     0.000     1165.291 
    csa_tree_ADD_TC_OP_groupi4009 csa_tree_ADD_TC_OP_group_8366         1072   1165.291     0.000     1165.291 
    csa_tree_ADD_TC_OP_groupi4010 csa_tree_ADD_TC_OP_group_6334         1221   1327.258     0.000     1327.258 
    csa_tree_ADD_TC_OP_groupi4011 csa_tree_ADD_TC_OP_group_6334         1221   1327.258     0.000     1327.258 
    csa_tree_ADD_TC_OP_groupi4012 csa_tree_ADD_TC_OP_group_4883          757    822.878     0.000      822.878 
    csa_tree_ADD_TC_OP_groupi4013 csa_tree_ADD_TC_OP_group_4883          757    822.878     0.000      822.878 
    csa_tree_ADD_TC_OP_groupi4014 csa_tree_ADD_TC_OP_group_3248          925   1005.498     0.000     1005.498 
    csa_tree_ADD_TC_OP_groupi4015 csa_tree_ADD_TC_OP_group_3248          925   1005.498     0.000     1005.498 
    csa_tree_ADD_TC_OP_groupi4016 csa_tree_ADD_TC_OP_group_1917          769    835.922     0.000      835.922 
    csa_tree_ADD_TC_OP_groupi4017 csa_tree_ADD_TC_OP_group_1917          769    835.922     0.000      835.922 
    csa_tree_ADD_TC_OP_groupi4018 csa_tree_ADD_TC_OP_group_2             775    842.444     0.000      842.444 
    csa_tree_ADD_TC_OP_groupi4019 csa_tree_ADD_TC_OP_group_2             775    842.444     0.000      842.444 
  signed_mag_2                    signed_mag                            2117   5122.062     0.000     5122.062 
    b2u_8to255_quad_0             b2u_8to255_quad                       1513   3025.734     0.000     3025.734 
