###############################################################
#  Generated by:      Cadence Innovus 23.14-s088_1
#  OS:                Linux x86_64(Host ID lnx-prd-05.ece.vt.edu)
#  Generated on:      Mon Jan 26 15:21:08 2026
#  Design:            scpa_dig_ana_ppfir
#  Command:           report_clock_trees -out_file RPT/rclk_full.rpt
###############################################################

Clock DAG stats:
================

----------------------------------------------------------
Cell type                 Count    Area        Capacitance
----------------------------------------------------------
Buffers                      0        0.000       0.000
Inverters                 3597     3226.482      11.083
Integrated Clock Gates       0        0.000       0.000
Discrete Clock Gates         0        0.000       0.000
Clock Logic                  0        0.000       0.000
All                       3597     3226.482      11.083
----------------------------------------------------------

Clock DAG miscellaneous counts:
===============================

------------------------------
Type                     Count
------------------------------
Roots                      3
Preserved Ports            2
Multiple Clock Inputs      0
------------------------------


Clock DAG sink counts:
======================

-------------------------
Sink type           Count
-------------------------
Regular             20317
Enable Latch            0
Load Capacitance        0
Antenna Diode           0
Node Sink               0
Total               20317
-------------------------


Clock DAG wire lengths:
=======================

--------------------
Type     Wire Length
--------------------
Top           0.000
Trunk     29593.025
Leaf      38027.110
Total     67620.135
--------------------


Clock DAG hp wire lengths:
==========================

-----------------------
Type     hp Wire Length
-----------------------
Top            0.000
Trunk      27819.360
Leaf       26248.530
Total      54067.890
-----------------------


Clock DAG capacitances:
=======================

-----------------------------------
Type     Gate      Wire      Total
-----------------------------------
Top       0.000     0.000     0.000
Trunk    11.075     4.176    15.251
Leaf     30.436     6.270    36.706
Total    41.511    10.446    51.957
-----------------------------------


Clock DAG sink capacitances:
============================

------------------------------------------------
Total     Average    Std. Dev.    Min      Max
------------------------------------------------
30.425     0.001       0.000      0.000    0.002
------------------------------------------------


Clock DAG net violations:
=========================

------------------------------------------------------------------------------------------------------------------------------------------------------
Type                    Units    Count    Average    Std. Dev.    Sum      Top 10 violations
------------------------------------------------------------------------------------------------------------------------------------------------------
Remaining Transition    ns        15       0.000       0.000      0.007    [0.002, 0.001, 0.001, 0.001, 0.001, 0.000, 0.000, 0.000, 0.000, 0.000, ...]
------------------------------------------------------------------------------------------------------------------------------------------------------


Clock DAG primary half-corner transition distribution:
======================================================

-----------------------------------------------------------------------------------------------------------------------------------------------------------------------------------------------------------------------------------
Net Type    Target    Count    Average    Std. Dev.    Min      Max      Distribution                                                                        Over Target
-----------------------------------------------------------------------------------------------------------------------------------------------------------------------------------------------------------------------------------
Trunk       0.025     1460      0.019       0.003      0.000    0.027    {148 <= 0.015ns, 669 <= 0.020ns, 359 <= 0.022ns, 157 <= 0.024ns, 122 <= 0.025ns}    {4 <= 0.026ns, 1 <= 0.028ns, 0 <= 0.030ns, 0 <= 0.037ns, 0 > 0.037ns}
Leaf        0.025     2142      0.022       0.002      0.009    0.026    {8 <= 0.015ns, 116 <= 0.020ns, 1091 <= 0.022ns, 537 <= 0.024ns, 380 <= 0.025ns}     {10 <= 0.026ns, 0 <= 0.028ns, 0 <= 0.030ns, 0 <= 0.037ns, 0 > 0.037ns}
-----------------------------------------------------------------------------------------------------------------------------------------------------------------------------------------------------------------------------------


Clock DAG library cell distribution:
====================================

------------------------------------------------------------
Name                         Type        Inst     Inst Area 
                                         Count    (um^2)
------------------------------------------------------------
INV_X7P5B_A9PP140ZTUL_C30    inverter    1180      1338.120
INV_X6B_A9PP140ZTUL_C30      inverter    1557      1373.274
INV_X4B_A9PP140ZTUL_C30      inverter     754       475.020
INV_X2B_A9PP140ZTUL_C30      inverter     106        40.068
------------------------------------------------------------



Please note that the following tables reflect only the defined clock trees, so the flop counts might not include all flops in your design.

Clock Tree Summary:
===================

--------------------------------------------------------------------------------------------------------------------------------
Clock Tree  Clock  Bufs  Invs  Other  Max       Max     Max     Max          Standard   Wire    Gate    Clock Tree Root
Name        Gates              Clock  Non-leaf  Leaf    Length  Source-sink  cell area  cap     cap     
                               Cells  Fanout    Fanout  (um)    Resistance   (um^2)     (pF)    (pF)    
                                                                (Ohms)                                  
--------------------------------------------------------------------------------------------------------------------------------
clk           0     0    3597    0       4        22    97.41     6372.23    3226.482   10.446  41.511  clk
clk_2         0     0    2222    0       4        17    97.41     6372.23    2015.748    6.184  25.943  clkDiv_1_2/clk_out_reg/Q
clk_8         0     0     737    0       4        11    89.8      5846.42     668.934    2.037   8.981  clkDiv_1_8/clk_out_reg/Q
--------------------------------------------------------------------------------------------------------------------------------

Clock Sink Summary:
===================

-------------------------------------------------------------------------------------------------------------------------------------------
Clock Tree  Explicit      Implicit      Explicit     Implicit     Explicit   Implicit   Posedge  Negedge  Memory  Enable  Non enable  Other
Name        exclude pins  exclude pins  ignore pins  ignore pins  stop pins  stop pins  Flops    Flops    Clock   Latch   Latch       Sinks
                                                                                                          Pins    Sinks   Sinks       
-------------------------------------------------------------------------------------------------------------------------------------------
clk              0             0             0            0           0          0       20315      0       0       0         0         2
clk_2            0             0             1            0           0          0       12109      0       0       0         0         1
clk_8            0             0             1            0           0          0        4050      0       0       0         0         1
-------------------------------------------------------------------------------------------------------------------------------------------

Summary across all clock trees:
===============================

-------------------------------------------------------------------------------------------------------------
Clock  Bufs  Invs  Other  Max       Average   Max     Average  Max     Max          Standard   Wire    Gate
Gates              Clock  Non-leaf  Non-leaf  Leaf    Leaf     Length  Source-sink  cell area  cap     cap
                   Cells  Fanout    Fanout    Fanout  Fanout   (um)    Resistance   (um^2)     (pF)    (pF)
                                                                       (Ohms)                          
-------------------------------------------------------------------------------------------------------------
  0     0    3597    0       4      2.46433     22    9.48786  97.410    637.223    3226.482   10.446  41.511
-------------------------------------------------------------------------------------------------------------

Clock Sink Summary across all clock trees:
==========================================

-------------------------------------------------------------------------------------------------------------------------------
Explicit      Implicit      Explicit     Implicit     Explicit   Implicit   Posedge  Negedge  Memory  Enable  Non enable  Other
exclude pins  exclude pins  ignore pins  ignore pins  stop pins  stop pins  Flops    Flops    Clock   Latch   Latch       Sinks
                                                                                              Pins    Sinks   Sinks       
-------------------------------------------------------------------------------------------------------------------------------
     0             0             2            0           0          0       20315      0       0       0         0         2
-------------------------------------------------------------------------------------------------------------------------------

Physical metrics across all clock trees:
========================================

-----------------------------------------------------------------------
Metric                               Minimum  Average  Maximum  Std.dev
-----------------------------------------------------------------------
Source-sink routed net length (um)    0.300    13.371   97.410  11.700
Source-sink manhattan distance (um)   0.610    12.672   97.680  11.652
Source-sink resistance (Ohm)         21.817   137.365  637.223  69.267
-----------------------------------------------------------------------

Transition distribution for half-corner slow_maxrc:both.late:
=============================================================

-----------------------------------------------------------------------------------------------------------------------------------------------------------------------------------------------------------------------------------
Net Type    Target    Count    Average    Std. Dev.    Min      Max      Distribution                                                                        Over Target
-----------------------------------------------------------------------------------------------------------------------------------------------------------------------------------------------------------------------------------
Trunk       0.025     1458      0.019       0.003      0.007    0.027    {146 <= 0.015ns, 669 <= 0.020ns, 359 <= 0.022ns, 157 <= 0.024ns, 122 <= 0.025ns}    {4 <= 0.026ns, 1 <= 0.028ns, 0 <= 0.030ns, 0 <= 0.037ns, 0 > 0.037ns}
Leaf        0.025     2142      0.022       0.002      0.009    0.026    {8 <= 0.015ns, 116 <= 0.020ns, 1091 <= 0.022ns, 537 <= 0.024ns, 380 <= 0.025ns}     {10 <= 0.026ns, 0 <= 0.028ns, 0 <= 0.030ns, 0 <= 0.037ns, 0 > 0.037ns}
-----------------------------------------------------------------------------------------------------------------------------------------------------------------------------------------------------------------------------------

Count of violations across all clock trees:
===========================================

---------------------------------------------------------------------------------------
Clock Tree  # Max capacitance  # Max resistance  # Max length  # Max fanout  # Slew
Name        violations         violations        violations    violations    violations
---------------------------------------------------------------------------------------
clk                 0                 0               0             0            52
clk_2               0                 0               0             0            74
clk_8               0                 0               0             0             0
---------------------------------------------------------------------------------------
Total               0                 0               0             0           126
---------------------------------------------------------------------------------------

Note the above table per clock tree is based on CCOpt clock tree view. The violations are counted across half corners.

Found a total of 0 clock tree pins with max capacitance violations.
Found a total of 0 clock tree nets with max resistance violations.
Found a total of 0 clock tree nets with max length violations.
Found a total of 0 clock tree nets with max fanout violations.
Found a total of 126 clock tree pins with a slew violation.

Slew violation summary across all clock trees - Top 10 violating pins:
======================================================================

Target and measured clock slews (in ns):

-----------------------------------------------------------------------------------------------------------------------------------------------------------------------------------
Half corner           Violation  Slew    Slew      Dont   Ideal  Target    Pin
                      amount     target  achieved  touch  net?   source    
                                                   net?                    
-----------------------------------------------------------------------------------------------------------------------------------------------------------------------------------
slow_maxrc:both.late    0.002    0.025    0.027    N      N      explicit  CTS_ccl_a_inv_03539/A
slow_maxrc:both.late    0.002    0.025    0.027    N      N      explicit  clk
slow_maxrc:both.late    0.001    0.025    0.026    N      N      explicit  pp_fir_blocked_1_1_pp_fir_bottom_half_1_1/pp_fir_u_0_1_1_pp_fir_0_1_1_sum3_3_im_1_reg[16]/CK
slow_maxrc:both.late    0.001    0.025    0.026    N      N      explicit  pp_fir_blocked_1_1_pp_fir_bottom_half_1_1/pp_fir_u_7_1_1_pp_fir_7_1_1_Delay_Pipeline_reg_im_reg[6][2]/CK
slow_maxrc:both.late    0.001    0.025    0.026    N      N      explicit  pp_fir_blocked_1_1_pp_fir_bottom_half_1_1/pp_fir_u_7_1_1_pp_fir_7_1_1_sum3_3_im_2_reg[14]/CK
slow_maxrc:both.late    0.001    0.025    0.026    N      N      explicit  pp_fir_blocked_1_1_pp_fir_bottom_half_1_1/pp_fir_u_7_1_1_pp_fir_7_1_1_sum3_3_im_2_reg[15]/CK
slow_maxrc:both.late    0.001    0.025    0.026    N      N      explicit  pp_fir_blocked_1_1_pp_fir_bottom_half_1_1/pp_fir_u_7_1_1_pp_fir_7_1_1_sum3_3_im_2_reg[16]/CK
slow_maxrc:both.late    0.001    0.025    0.026    N      N      explicit  pp_fir_blocked_1_1_pp_fir_bottom_half_1_1/CTS_ccl_a_inv_01242/Y
slow_maxrc:both.late    0.001    0.025    0.026    N      N      explicit  CTS_ccl_a_inv_03103/A
slow_maxrc:both.late    0.001    0.025    0.026    N      N      explicit  CTS_ccl_a_inv_03101/A
-----------------------------------------------------------------------------------------------------------------------------------------------------------------------------------

Target sources:
auto extracted - target was extracted from SDC.
auto computed - target was computed when balancing trees.
explicit - target is explicitly set via cts_target_max_transition_time attribute.
pin explicit - target is explicitly set for this pin via cts_pin_target_max_transition_time attribute.
liberty explicit - target is explicitly set via max_transition from liberty library.

Found 0 pins on nets marked dont_touch that have slew violations.
Found 0 pins on nets marked dont_touch that do not have slew violations.
Found 0 pins on nets marked ideal_network that have slew violations.
Found 0 pins on nets marked ideal_network that do not have slew violations.


Report for clock tree: clk:
===========================

Clock Tree Gating Structure (Logical):

# Full cycle clock gates   : 0
Minimum clock gating depth : 0
Maximum clock gating depth : 0
Clock gate area (um^2)     : 0.000

Clock Tree Buffering Structure (Logical):

# Buffers             :    0
# Inverters           : 3597
  Total               : 3597
Minimum depth         :    2
Maximum depth         :   45
Buffering area (um^2) : 3226.482

Clock Tree Level Structure (Logical):

-----------------------------------------------------------------
Level  Full   Posedge  Negedge  Memory  Enable  Non enable  Other
       Cycle  Flops    Flops    Clock   Latch   Latch       Sinks
                                Pins    Sinks   Sinks       
-----------------------------------------------------------------
root     0     20315      0       0       0         0         2
-----------------------------------------------------------------
Total    0     20315      0       0       0         0         2
-----------------------------------------------------------------

Target and measured clock slews (in ns):

--------------------------------------------------------------------------------------------------------------------------------
Timing Corner          Worst Rising  Worst Falling  Worst Rising  Worst Falling  Leaf Slew    Leaf Slew  Trunk Slew   Trunk Slew
                       Leaf Slew     Leaf Slew      Trunk Slew    Trunk Slew     Target Type  Target     Target Type  Target
--------------------------------------------------------------------------------------------------------------------------------
fast_minrc:both.early     0.013          0.016         0.025          0.031      ignored          -      ignored          -
fast_minrc:both.late      0.013          0.016         0.025          0.031      ignored          -      ignored          -
slow_maxrc:both.early     0.022          0.026         0.022          0.027      ignored          -      ignored          -
slow_maxrc:both.late      0.022          0.026         0.022          0.027      explicit     *0.025     explicit     *0.025
typ_typ:both.early        0.016          0.020         0.022          0.029      ignored          -      ignored          -
typ_typ:both.late         0.016          0.020         0.022          0.029      ignored          -      ignored          -
--------------------------------------------------------------------------------------------------------------------------------

Report for clock tree: clk_2:
=============================

Clock Tree Gating Structure (Logical):

# Full cycle clock gates   : 0
Minimum clock gating depth : 0
Maximum clock gating depth : 0
Clock gate area (um^2)     : 0.000

Clock Tree Buffering Structure (Logical):

# Buffers             :    0
# Inverters           : 2222
  Total               : 2222
Minimum depth         :    2
Maximum depth         :   42
Buffering area (um^2) : 2015.748

Clock Tree Level Structure (Logical):

-----------------------------------------------------------------
Level  Full   Posedge  Negedge  Memory  Enable  Non enable  Other
       Cycle  Flops    Flops    Clock   Latch   Latch       Sinks
                                Pins    Sinks   Sinks       
-----------------------------------------------------------------
root     0     12109      0       0       0         0         1
-----------------------------------------------------------------
Total    0     12109      0       0       0         0         1
-----------------------------------------------------------------

Target and measured clock slews (in ns):

--------------------------------------------------------------------------------------------------------------------------------
Timing Corner          Worst Rising  Worst Falling  Worst Rising  Worst Falling  Leaf Slew    Leaf Slew  Trunk Slew   Trunk Slew
                       Leaf Slew     Leaf Slew      Trunk Slew    Trunk Slew     Target Type  Target     Target Type  Target
--------------------------------------------------------------------------------------------------------------------------------
fast_minrc:both.early     0.013          0.016         0.013          0.017      ignored          -      ignored          -
fast_minrc:both.late      0.013          0.016         0.013          0.017      ignored          -      ignored          -
slow_maxrc:both.early     0.022          0.026         0.021          0.026      ignored          -      ignored          -
slow_maxrc:both.late      0.022          0.026         0.021          0.026      explicit     *0.025     explicit     *0.025
typ_typ:both.early        0.016          0.020         0.016          0.020      ignored          -      ignored          -
typ_typ:both.late         0.016          0.020         0.016          0.020      ignored          -      ignored          -
--------------------------------------------------------------------------------------------------------------------------------

Report for clock tree: clk_8:
=============================

Clock Tree Gating Structure (Logical):

# Full cycle clock gates   : 0
Minimum clock gating depth : 0
Maximum clock gating depth : 0
Clock gate area (um^2)     : 0.000

Clock Tree Buffering Structure (Logical):

# Buffers             :   0
# Inverters           : 737
  Total               : 737
Minimum depth         :   2
Maximum depth         :  34
Buffering area (um^2) : 668.934

Clock Tree Level Structure (Logical):

-----------------------------------------------------------------
Level  Full   Posedge  Negedge  Memory  Enable  Non enable  Other
       Cycle  Flops    Flops    Clock   Latch   Latch       Sinks
                                Pins    Sinks   Sinks       
-----------------------------------------------------------------
root     0     4050       0       0       0         0         1
-----------------------------------------------------------------
Total    0     4050       0       0       0         0         1
-----------------------------------------------------------------

Target and measured clock slews (in ns):

--------------------------------------------------------------------------------------------------------------------------------
Timing Corner          Worst Rising  Worst Falling  Worst Rising  Worst Falling  Leaf Slew    Leaf Slew  Trunk Slew   Trunk Slew
                       Leaf Slew     Leaf Slew      Trunk Slew    Trunk Slew     Target Type  Target     Target Type  Target
--------------------------------------------------------------------------------------------------------------------------------
fast_minrc:both.early     0.013          0.016         0.013          0.016      ignored          -      ignored          -
fast_minrc:both.late      0.013          0.016         0.013          0.016      ignored          -      ignored          -
slow_maxrc:both.early     0.021          0.025         0.021          0.025      ignored          -      ignored          -
slow_maxrc:both.late      0.021          0.025         0.021          0.025      explicit      0.025     explicit      0.025
typ_typ:both.early        0.016          0.019         0.016          0.020      ignored          -      ignored          -
typ_typ:both.late         0.016          0.019         0.016          0.020      ignored          -      ignored          -
--------------------------------------------------------------------------------------------------------------------------------

* - indicates that target was not met.

auto extracted - target was extracted from SDC.
auto computed - target was computed when balancing trees.

