============================================================
  Generated by:           Genus(TM) Synthesis Solution 23.10-p004_1
  Generated on:           Feb 17 2025  12:53:11 pm
  Module:                 pp_fir_u_1
  Library domain:         timing_cond_wcl_slow
    Domain index:         0
    Technology library:   sc9mcpp140z_cln28ht_base_lvt_c30_ssg_cworstt_max_0p81v_125c 1.0
  Library domain:         timing_cond_wcl_fast
    Domain index:         1
    Technology library:   sc9mcpp140z_cln28ht_base_lvt_c30_ffg_cbestt_min_0p99v_m40c 1.0
  Library domain:         timing_cond_wcl_typical
    Domain index:         2
    Technology library:   sc9mcpp140z_cln28ht_base_lvt_c30_tt_ctypical_max_0p90v_25c 1.0
  Operating conditions:   ssg_cworstt_max_0p81v_125c 
  Operating conditions:   ffg_cbestt_min_0p99v_m40c 
  Operating conditions:   tt_ctypical_max_0p90v_25c 
  Interconnect mode:      spatial
  Area mode:              physical library
============================================================

Timing
--------

  Analysis view  Clock Period 
------------------------------
view_wcl_slow    clk    500.0 
view_wcl_fast    clk    500.0 
view_wcl_typical clk    500.0 


    Analysis       Cost   Critical           Violating 
      View        Group  Path Slack   TNS      Paths   
-------------------------------------------------------
view_wcl_slow        clk      -37.7 -1447.2         86 
                 default   No paths     0.0          0 
-------------------------------------------------------
Total                               -1447.2         86 
                                                       
view_wcl_fast        clk       59.5     0.0          0 
                 default   No paths     0.0          0 
-------------------------------------------------------
Total                                  -0.0          0 
                                                       
view_wcl_typical     clk       54.3     0.0          0 
                 default   No paths     0.0          0 
-------------------------------------------------------
Total                                  -0.0          0 
                                                       

Instance Count
--------------
Leaf Instance Count             26136 
Physical Instance count          1107 
Sequential Instance Count        3670 
Combinational Instance Count    22466 
Hierarchical Instance Count        61 

Area
----
Cell Area                          43949.508
Physical Cell Area                 596.610
Total Cell Area (Cell+Physical)    44546.118
Net Area                           82.389
Total Area (Cell+Physical+Net)     44628.507

Floorplan Utilization              63.26%
Runtime                            30.242319 seconds
Elapsed Runtime                    591 seconds
Genus peak memory usage            2633.50 
Innovus peak memory usage          no_value 
Hostname                           tc124.cm.cluster
