============================================================
  Generated by:           Genus(TM) Synthesis Solution 23.10-p004_1
  Generated on:           Feb 17 2025  01:35:31 pm
  Module:                 pp_fir_u_1
  Library domain:         timing_cond_wcl_slow
    Domain index:         0
    Technology library:   sc9mcpp140z_cln28ht_base_lvt_c30_ssg_cworstt_max_0p81v_125c 1.0
  Library domain:         timing_cond_wcl_fast
    Domain index:         1
    Technology library:   sc9mcpp140z_cln28ht_base_lvt_c30_ffg_cbestt_min_0p99v_m40c 1.0
  Library domain:         timing_cond_wcl_typical
    Domain index:         2
    Technology library:   sc9mcpp140z_cln28ht_base_lvt_c30_tt_ctypical_max_0p90v_25c 1.0
  Operating conditions:   ssg_cworstt_max_0p81v_125c 
  Operating conditions:   ffg_cbestt_min_0p99v_m40c 
  Operating conditions:   tt_ctypical_max_0p90v_25c 
  Interconnect mode:      placement
  Area mode:              physical library
============================================================

Timing
--------

  Analysis view  Clock Period 
------------------------------
view_wcl_slow    clk    500.0 
view_wcl_fast    clk    500.0 
view_wcl_typical clk    500.0 


    Analysis       Cost   Critical            Violating 
      View        Group  Path Slack    TNS      Paths   
--------------------------------------------------------
view_wcl_slow        clk      -58.2 -58193.9       2506 
                 default   No paths      0.0          0 
--------------------------------------------------------
Total                               -58193.9       2506 
                                                        
view_wcl_fast        clk       -0.4     -0.5          2 
                 default   No paths      0.0          0 
--------------------------------------------------------
Total                                   -0.5          2 
                                                        
view_wcl_typical     clk      -24.1  -7914.6       1300 
                 default   No paths      0.0          0 
--------------------------------------------------------
Total                                -7914.6       1300 
                                                        

Instance Count
--------------
Leaf Instance Count             27036 
Physical Instance count          1107 
Sequential Instance Count        3670 
Combinational Instance Count    23366 
Hierarchical Instance Count         1 

Area
----
Cell Area                          30888.774
Physical Cell Area                 596.610
Total Cell Area (Cell+Physical)    31485.384
Net Area                           8868.705
Total Area (Cell+Physical+Net)     40354.089

Floorplan Utilization              84.11%
Runtime                            106.141181 seconds
Elapsed Runtime                    3129 seconds
Genus peak memory usage            3561.76 
Innovus peak memory usage          5516.160156 
Hostname                           tc124.cm.cluster

Physical Data
-------------
Total Net Length                   177374.11 um
Average Net Length                 6.30 um
