 ------------------------------------------------------------------------------------------------------------------------------------------------------ 
| Snapshot                | WNS                  | TNS                  | Density (%) | Hotspot      | Resource               | DRVs       | Layer-OPT |
|                         | HEPG (ns) | ALL (ns) | HEPG (ns) | ALL (ns) |             | Max  | Total | Real (s) | Memory (MB) | Tran | Cap | M8        |
|-------------------------+-----------+----------+-----------+----------+-------------+------+-------+----------+-------------+------+-----+-----------|
| initial_summary         |           |   -0.158 |           |     -682 |       84.11 |      |       | 0:00:10  |        3607 |    0 |   0 |           |
| route_type_refinement   |           |          |           |          |             |      |       | 0:00:00  |        3605 |      |     |           |
| simplify_netlist        |           |          |           |          |             |      |       | 0:00:03  |        3632 |      |     |           |
| drv_fixing              |           |          |           |          |             |      |       | 0:00:03  |        3632 |      |     |           |
| area_reclaiming         |     0.000 |   -0.145 |         0 |     -646 |       82.07 |      |       | 0:00:21  |        3669 |      |     |           |
| global_opt              |           |   -0.093 |           |     -215 |       83.66 |      |       | 0:01:59  |        3753 |      |     |         6 |
| area_reclaiming_2       |     0.000 |   -0.091 |         0 |     -221 |       81.82 |      |       | 0:00:22  |        3751 |      |     |         6 |
| incremental_replacement |    -0.029 |   -0.107 |           |     -224 |             | 0.00 |  0.00 | 0:01:05  |        3802 |      |     |           |
| tns_fixing              |    -0.014 |   -0.108 |        -0 |     -223 |       81.50 |      |       | 0:01:01  |        3917 |      |     |         6 |
| wns_fixing              |    -0.005 |   -0.046 |        -0 |      -91 |       83.94 |      |       | 0:10:43  |        4048 |      |     |        41 |
| tns_fixing_2            |    -0.004 |   -0.048 |        -0 |      -57 |       89.00 |      |       | 0:09:24  |        3990 |      |     |        89 |
| area_reclaiming_3       |    -0.004 |   -0.041 |        -0 |      -56 |       87.75 |      |       | 0:00:40  |        3912 |      |     |       137 |
| area_reclaiming_4       |    -0.006 |   -0.039 |        -0 |      -58 |       84.79 |      |       | 0:00:24  |        3911 |      |     |        79 |
| drv_eco_fixing          |    -0.006 |   -0.039 |        -0 |      -58 |       84.79 |      |       | 0:00:03  |        3894 |    0 |   0 |        79 |
| tns_eco_fixing          |    -0.003 |   -0.041 |        -0 |      -54 |       86.12 |      |       | 0:02:12  |        4014 |      |     |        80 |
| final_summary           |    -0.002 |   -0.037 |           |      -40 |       86.12 |      |       | 0:00:04  |        3880 |    0 |   0 |           |
 ------------------------------------------------------------------------------------------------------------------------------------------------------ 
