###############################################################
#  Generated by:      Cadence Innovus 23.10-p003_1
#  OS:                Linux x86_64(Host ID tc038)
#  Generated on:      Wed Feb 19 07:40:34 2025
#  Design:            pp_fir_u_7
#  Command:           report_clock_trees -out_file RPT/rclk_full.rpt
###############################################################

Clock DAG stats:
================

---------------------------------------------------------
Cell type                 Count    Area       Capacitance
---------------------------------------------------------
Buffers                      0       0.000       0.000
Inverters                  437     372.834       1.236
Integrated Clock Gates       0       0.000       0.000
Discrete Clock Gates         0       0.000       0.000
Clock Logic                  0       0.000       0.000
All                        437     372.834       1.236
---------------------------------------------------------

Clock DAG miscellaneous counts:
===============================

------------------------------
Type                     Count
------------------------------
Roots                      1
Preserved Ports            0
Multiple Clock Inputs      0
------------------------------


Clock DAG sink counts:
======================

-------------------------
Sink type           Count
-------------------------
Regular             3622
Enable Latch           0
Load Capacitance       0
Antenna Diode          0
Node Sink              0
Total               3622
-------------------------


Clock DAG wire lengths:
=======================

--------------------
Type     Wire Length
--------------------
Top          0.000
Trunk     3224.570
Leaf      6574.015
Total     9798.585
--------------------


Clock DAG hp wire lengths:
==========================

-----------------------
Type     hp Wire Length
-----------------------
Top            0.000
Trunk       2892.820
Leaf        3800.140
Total       6692.960
-----------------------


Clock DAG capacitances:
=======================

--------------------------------
Type     Gate     Wire     Total
--------------------------------
Top      0.000    0.000    0.000
Trunk    1.230    0.458    1.688
Leaf     1.975    1.141    3.116
Total    3.205    1.599    4.804
--------------------------------


Clock DAG sink capacitances:
============================

-----------------------------------------------
Total    Average    Std. Dev.    Min      Max
-----------------------------------------------
1.970     0.001       0.000      0.000    0.002
-----------------------------------------------


Clock DAG net violations:
=========================

----------------------------------------------------------------------------------------------------------------------------
Type                    Units    Count    Average    Std. Dev.    Sum      Top 10 violations
----------------------------------------------------------------------------------------------------------------------------
Remaining Transition    ns         7       0.001       0.001      0.007    [0.002, 0.002, 0.002, 0.001, 0.001, 0.000, 0.000]
----------------------------------------------------------------------------------------------------------------------------


Clock DAG primary half-corner transition distribution:
======================================================

-----------------------------------------------------------------------------------------------------------------------------------------------------------------------------------------------------------------------------
Net Type    Target    Count    Average    Std. Dev.    Min      Max      Distribution                                                                   Over Target
-----------------------------------------------------------------------------------------------------------------------------------------------------------------------------------------------------------------------------
Trunk       0.025      192      0.020       0.004      0.008    0.027    {22 <= 0.015ns, 75 <= 0.020ns, 51 <= 0.022ns, 21 <= 0.024ns, 17 <= 0.025ns}    {3 <= 0.026ns, 3 <= 0.028ns, 0 <= 0.030ns, 0 <= 0.037ns, 0 > 0.037ns}
Leaf        0.025      246      0.019       0.005      0.007    0.025    {58 <= 0.015ns, 46 <= 0.020ns, 63 <= 0.022ns, 57 <= 0.024ns, 21 <= 0.025ns}    {1 <= 0.026ns, 0 <= 0.028ns, 0 <= 0.030ns, 0 <= 0.037ns, 0 > 0.037ns}
-----------------------------------------------------------------------------------------------------------------------------------------------------------------------------------------------------------------------------


Clock DAG library cell distribution:
====================================

-----------------------------------------------------------
Name                        Type        Inst     Inst Area 
                                        Count    (um^2)
-----------------------------------------------------------
INV_X7P5B_A9PP140ZTL_C30    inverter     108      122.472
INV_X6B_A9PP140ZTL_C30      inverter     200      176.400
INV_X4B_A9PP140ZTL_C30      inverter     100       63.000
INV_X2B_A9PP140ZTL_C30      inverter      29       10.962
-----------------------------------------------------------



Please note that the following tables reflect only the defined clock trees, so the flop counts might not include all flops in your design.

Clock Tree Summary:
===================

---------------------------------------------------------------------------------------------------------------------
Clock Tree  Clock  Bufs  Invs  Other  Max       Max     Max     Max          Standard   Wire   Gate   Clock Tree Root
Name        Gates              Clock  Non-leaf  Leaf    Length  Source-sink  cell area  cap    cap    
                               Cells  Fanout    Fanout  (um)    Resistance   (um^2)     (pF)   (pF)   
                                                                (Ohms)                                
---------------------------------------------------------------------------------------------------------------------
clk           0     0    437     0       4        25    133.5     8022.28     372.834   1.599  3.205  clk
---------------------------------------------------------------------------------------------------------------------

Clock Sink Summary:
===================

-------------------------------------------------------------------------------------------------------------------------------------------
Clock Tree  Explicit      Implicit      Explicit     Implicit     Explicit   Implicit   Posedge  Negedge  Memory  Enable  Non enable  Other
Name        exclude pins  exclude pins  ignore pins  ignore pins  stop pins  stop pins  Flops    Flops    Clock   Latch   Latch       Sinks
                                                                                                          Pins    Sinks   Sinks       
-------------------------------------------------------------------------------------------------------------------------------------------
clk              0             0             0            0           0          0       3622       0       0       0         0         0
-------------------------------------------------------------------------------------------------------------------------------------------

Summary across all clock trees:
===============================

------------------------------------------------------------------------------------------------------------
Clock  Bufs  Invs  Other  Max       Average   Max     Average  Max      Max          Standard   Wire   Gate
Gates              Clock  Non-leaf  Non-leaf  Leaf    Leaf     Length   Source-sink  cell area  cap    cap
                   Cells  Fanout    Fanout    Fanout  Fanout   (um)     Resistance   (um^2)     (pF)   (pF)
                                                                        (Ohms)                         
------------------------------------------------------------------------------------------------------------
  0     0    437     0       4        2.25      25    14.7439  133.500    802.228     372.834   1.599  3.205
------------------------------------------------------------------------------------------------------------

Clock Sink Summary across all clock trees:
==========================================

-------------------------------------------------------------------------------------------------------------------------------
Explicit      Implicit      Explicit     Implicit     Explicit   Implicit   Posedge  Negedge  Memory  Enable  Non enable  Other
exclude pins  exclude pins  ignore pins  ignore pins  stop pins  stop pins  Flops    Flops    Clock   Latch   Latch       Sinks
                                                                                              Pins    Sinks   Sinks       
-------------------------------------------------------------------------------------------------------------------------------
     0             0             0            0           0          0       3622       0       0       0         0         0
-------------------------------------------------------------------------------------------------------------------------------

Physical metrics across all clock trees:
========================================

-----------------------------------------------------------------------
Metric                               Minimum  Average  Maximum  Std.dev
-----------------------------------------------------------------------
Source-sink routed net length (um)    0.480    13.385  133.500  10.235
Source-sink manhattan distance (um)   0.480    12.826  133.040  10.107
Source-sink resistance (Ohm)         31.096   142.186  802.228  61.070
-----------------------------------------------------------------------

Transition distribution for half-corner delay_corner_wcl_slow:both.late:
========================================================================

-----------------------------------------------------------------------------------------------------------------------------------------------------------------------------------------------------------------------------
Net Type    Target    Count    Average    Std. Dev.    Min      Max      Distribution                                                                   Over Target
-----------------------------------------------------------------------------------------------------------------------------------------------------------------------------------------------------------------------------
Trunk       0.025      192      0.020       0.004      0.008    0.027    {22 <= 0.015ns, 75 <= 0.020ns, 51 <= 0.022ns, 21 <= 0.024ns, 17 <= 0.025ns}    {3 <= 0.026ns, 3 <= 0.028ns, 0 <= 0.030ns, 0 <= 0.037ns, 0 > 0.037ns}
Leaf        0.025      246      0.019       0.005      0.007    0.025    {58 <= 0.015ns, 46 <= 0.020ns, 63 <= 0.022ns, 57 <= 0.024ns, 21 <= 0.025ns}    {1 <= 0.026ns, 0 <= 0.028ns, 0 <= 0.030ns, 0 <= 0.037ns, 0 > 0.037ns}
-----------------------------------------------------------------------------------------------------------------------------------------------------------------------------------------------------------------------------

Count of violations across all clock trees:
===========================================

---------------------------------------------------------------------------------------
Clock Tree  # Max capacitance  # Max resistance  # Max length  # Max fanout  # Slew
Name        violations         violations        violations    violations    violations
---------------------------------------------------------------------------------------
clk                 0                 0               0             0            37
---------------------------------------------------------------------------------------
Total               0                 0               0             0            37
---------------------------------------------------------------------------------------

Note the above table per clock tree is based on CCOpt clock tree view. The violations are counted across half corners.

Found a total of 0 clock tree pins with max capacitance violations.
Found a total of 0 clock tree nets with max resistance violations.
Found a total of 0 clock tree nets with max length violations.
Found a total of 0 clock tree nets with max fanout violations.
Found a total of 37 clock tree pins with a slew violation.

Slew violation summary across all clock trees - Top 10 violating pins:
======================================================================

Target and measured clock slews (in ns):

-----------------------------------------------------------------------------------------------------------
Half corner                      Violation  Slew    Slew      Dont   Ideal  Target    Pin
                                 amount     target  achieved  touch  net?   source    
                                                              net?                    
-----------------------------------------------------------------------------------------------------------
delay_corner_wcl_slow:both.late    0.002    0.025    0.027    N      N      explicit  CTS_cdb_inv_00439/A
delay_corner_wcl_slow:both.late    0.002    0.025    0.027    N      N      explicit  CTS_cdb_inv_00438/Y
delay_corner_wcl_slow:both.late    0.002    0.025    0.027    N      N      explicit  CTS_ccl_a_inv_00403/A
delay_corner_wcl_slow:both.late    0.002    0.025    0.027    N      N      explicit  CTS_cdb_inv_00439/Y
delay_corner_wcl_slow:both.late    0.002    0.025    0.027    N      N      explicit  CTS_cdb_inv_00437/A
delay_corner_wcl_slow:both.late    0.002    0.025    0.027    N      N      explicit  CTS_cdb_inv_00436/Y
delay_corner_wcl_slow:both.late    0.001    0.025    0.026    N      N      explicit  CTS_ccl_a_inv_00355/A
delay_corner_wcl_slow:both.late    0.001    0.025    0.026    N      N      explicit  CTS_ccl_a_inv_00354/A
delay_corner_wcl_slow:both.late    0.001    0.025    0.026    N      N      explicit  CTS_ccl_a_inv_00378/Y
delay_corner_wcl_slow:both.late    0.001    0.025    0.026    N      N      explicit  CTS_cdb_inv_00430/Y
-----------------------------------------------------------------------------------------------------------

Target sources:
auto extracted - target was extracted from SDC.
auto computed - target was computed when balancing trees.
explicit - target is explicitly set via cts_target_max_transition_time attribute.
pin explicit - target is explicitly set for this pin via cts_pin_target_max_transition_time attribute.
liberty explicit - target is explicitly set via max_transition from liberty library.

Found 0 pins on nets marked dont_touch that have slew violations.
Found 0 pins on nets marked dont_touch that do not have slew violations.
Found 0 pins on nets marked ideal_network that have slew violations.
Found 0 pins on nets marked ideal_network that do not have slew violations.


Report for clock tree: clk:
===========================

Clock Tree Gating Structure (Logical):

# Full cycle clock gates   : 0
Minimum clock gating depth : 0
Maximum clock gating depth : 0
Clock gate area (um^2)     : 0.000

Clock Tree Buffering Structure (Logical):

# Buffers             :   0
# Inverters           : 437
  Total               : 437
Minimum depth         :  12
Maximum depth         :  16
Buffering area (um^2) : 372.834

Clock Tree Level Structure (Logical):

-----------------------------------------------------------------
Level  Full   Posedge  Negedge  Memory  Enable  Non enable  Other
       Cycle  Flops    Flops    Clock   Latch   Latch       Sinks
                                Pins    Sinks   Sinks       
-----------------------------------------------------------------
root     0     3622       0       0       0         0         0
-----------------------------------------------------------------
Total    0     3622       0       0       0         0         0
-----------------------------------------------------------------

Target and measured clock slews (in ns):

----------------------------------------------------------------------------------------------------------------------------------------------
Timing Corner                        Worst Rising  Worst Falling  Worst Rising  Worst Falling  Leaf Slew    Leaf Slew  Trunk Slew   Trunk Slew
                                     Leaf Slew     Leaf Slew      Trunk Slew    Trunk Slew     Target Type  Target     Target Type  Target
----------------------------------------------------------------------------------------------------------------------------------------------
delay_corner_wcl_fast:both.early        0.012          0.015         0.014          0.017      ignored          -      ignored          -
delay_corner_wcl_fast:both.late         0.012          0.015         0.014          0.017      ignored          -      ignored          -
delay_corner_wcl_slow:both.early        0.021          0.025         0.022          0.027      ignored          -      ignored          -
delay_corner_wcl_slow:both.late         0.021          0.025         0.022          0.027      explicit     *0.025     explicit     *0.025
delay_corner_wcl_typical:both.early     0.016          0.019         0.017          0.021      ignored          -      ignored          -
delay_corner_wcl_typical:both.late      0.016          0.019         0.017          0.021      ignored          -      ignored          -
----------------------------------------------------------------------------------------------------------------------------------------------

* - indicates that target was not met.

auto extracted - target was extracted from SDC.
auto computed - target was computed when balancing trees.

