###############################################################
#  Generated by:      Cadence Innovus 23.10-p003_1
#  OS:                Linux x86_64(Host ID tc038)
#  Generated on:      Wed Feb 19 07:40:34 2025
#  Design:            pp_fir_u_7
#  Command:           report_skew_groups -out_file RPT/rskg_full.rpt
###############################################################

Skew Group Structure:
=====================

---------------------------------------------------------------------------------
Skew Group                    Sources    Constrained Sinks    Unconstrained Sinks
---------------------------------------------------------------------------------
clk/functional_wcl_typical       1             3622                    0
---------------------------------------------------------------------------------

Skew Group Summary:
===================

------------------------------------------------------------------------------------------------------------------------------------------------------------------------------------------------
Timing Corner                          Skew Group                    ID Target    Min ID    Max ID    Avg ID    Std.Dev. ID    Skew Target Type    Skew Target    Skew     Skew window occupancy
------------------------------------------------------------------------------------------------------------------------------------------------------------------------------------------------
delay_corner_wcl_slow:both.early       clk/functional_wcl_typical        -        0.191     0.217     0.202        0.004       ignored                  -         0.026              -
delay_corner_wcl_slow:both.late        clk/functional_wcl_typical    *0.200       0.194     0.219     0.205        0.004       explicit            *0.010         0.026    83.5% {0.200, 0.210}
delay_corner_wcl_fast:both.early       clk/functional_wcl_typical        -        0.110     0.127     0.118        0.003       ignored                  -         0.016              -
delay_corner_wcl_fast:both.late        clk/functional_wcl_typical        -        0.113     0.130     0.121        0.003       ignored                  -         0.016              -
delay_corner_wcl_typical:both.early    clk/functional_wcl_typical        -        0.144     0.164     0.153        0.003       ignored                  -         0.020              -
delay_corner_wcl_typical:both.late     clk/functional_wcl_typical        -        0.147     0.167     0.156        0.003       ignored                  -         0.020              -
------------------------------------------------------------------------------------------------------------------------------------------------------------------------------------------------

* - indicates that target was not met.

Skew Group Min/Max path pins:
=============================

---------------------------------------------------------------------------------------------------------
Timing Corner                          Skew Group                    Min ID    PathID    Max ID    PathID
---------------------------------------------------------------------------------------------------------
delay_corner_wcl_slow:both.early       clk/functional_wcl_typical    0.191        1      0.217        2
-    min signed_mag_7_mag_re_reg[7]/CK
-    max pp_fir_7_1_1_sum4_2_re_1_reg[16]/CK
delay_corner_wcl_slow:both.late        clk/functional_wcl_typical    0.194        3      0.219        4
-    min signed_mag_7_mag_re_reg[7]/CK
-    max pp_fir_7_1_1_sum1_8_im_1_reg[23]/CK
delay_corner_wcl_fast:both.early       clk/functional_wcl_typical    0.110        5      0.127        6
-    min signed_mag_7_mag_re_reg[7]/CK
-    max pp_fir_7_1_1_sum4_2_re_1_reg[20]/CK
delay_corner_wcl_fast:both.late        clk/functional_wcl_typical    0.113        7      0.130        8
-    min signed_mag_7_mag_re_reg[7]/CK
-    max pp_fir_7_1_1_sum4_2_re_1_reg[20]/CK
delay_corner_wcl_typical:both.early    clk/functional_wcl_typical    0.144        9      0.164       10
-    min signed_mag_7_mag_re_reg[7]/CK
-    max pp_fir_7_1_1_sum4_2_re_1_reg[20]/CK
delay_corner_wcl_typical:both.late     clk/functional_wcl_typical    0.147       11      0.167       12
-    min signed_mag_7_mag_re_reg[7]/CK
-    max pp_fir_7_1_1_sum4_2_re_1_reg[20]/CK
---------------------------------------------------------------------------------------------------------

Timing for timing corner delay_corner_wcl_slow:both.early, min clock_path:
==========================================================================

PathID    : 1
Path type : skew group clk/functional_wcl_typical (path 1 of 1)
Start     : clk
End       : signed_mag_7_mag_re_reg[7]/CK
Delay     : 0.191

-----------------------------------------------------------------------------------------------------------------
Name  Lib cell                   Event  Incr   Arrival  Slew   Cap    Location           Distance  Fanout  Status
                                        (ns)   (ns)     (ns)   (pF)                      (um)              
-- Clockpath trace ----------------------------------------------------------------------------------------------
clk
-     -                          rise   -       0.000   0.004  0.022  (102.020,179.950)  -           2     
CTS_cdb_inv_00436/A
-     INV_X2B_A9PP140ZTL_C30     rise   0.005   0.005   0.014  -      (82.200,119.150)    80.620   -       
CTS_cdb_inv_00436/Y
-     INV_X2B_A9PP140ZTL_C30     fall   0.018   0.023   0.027  0.006  (82.060,118.950)     0.340     1     
CTS_cdb_inv_00437/A
-     INV_X2B_A9PP140ZTL_C30     fall   0.001   0.024   0.027  -      (83.460,156.050)    38.500   -       
CTS_cdb_inv_00437/Y
-     INV_X2B_A9PP140ZTL_C30     rise   0.018   0.042   0.022  0.005  (83.600,156.250)     0.340     1     
CTS_cdb_inv_00438/A
-     INV_X2B_A9PP140ZTL_C30     rise   0.001   0.042   0.022  -      (72.820,136.250)    30.780   -       
CTS_cdb_inv_00438/Y
-     INV_X2B_A9PP140ZTL_C30     fall   0.019   0.061   0.027  0.006  (72.960,136.450)     0.340     1     
CTS_cdb_inv_00439/A
-     INV_X2B_A9PP140ZTL_C30     fall   0.001   0.062   0.027  -      (91.860,118.250)    37.100   -       
CTS_cdb_inv_00439/Y
-     INV_X2B_A9PP140ZTL_C30     rise   0.018   0.080   0.022  0.006  (92.000,118.450)     0.340     1     
CTS_ccl_a_inv_00403/A
-     INV_X4B_A9PP140ZTL_C30     rise   0.001   0.081   0.022  -      (102.500,134.450)   26.500   -       
CTS_ccl_a_inv_00403/Y
-     INV_X4B_A9PP140ZTL_C30     fall   0.015   0.096   0.021  0.008  (102.640,134.250)    0.340     2     
CTS_ccl_inv_00401/A
-     INV_X4B_A9PP140ZTL_C30     fall   0.001   0.097   0.021  -      (84.580,136.250)    20.060   -       
CTS_ccl_inv_00401/Y
-     INV_X4B_A9PP140ZTL_C30     rise   0.015   0.112   0.018  0.009  (84.440,136.050)     0.340     2     
CTS_ccl_a_inv_00398/A
-     INV_X6B_A9PP140ZTL_C30     rise   0.001   0.113   0.018  -      (82.620,169.550)    35.320   -       
CTS_ccl_a_inv_00398/Y
-     INV_X6B_A9PP140ZTL_C30     fall   0.013   0.126   0.018  0.010  (82.480,169.750)     0.340     2     
CTS_ccl_a_inv_00392/A
-     INV_X4B_A9PP140ZTL_C30     fall   0.001   0.127   0.018  -      (57.140,172.250)    27.840   -       
CTS_ccl_a_inv_00392/Y
-     INV_X4B_A9PP140ZTL_C30     rise   0.013   0.140   0.015  0.008  (57.000,172.050)     0.340     2     
CTS_ccl_a_inv_00383/A
-     INV_X4B_A9PP140ZTL_C30     rise   0.001   0.141   0.015  -      (23.120,172.250)    34.080   -       
CTS_ccl_a_inv_00383/Y
-     INV_X4B_A9PP140ZTL_C30     fall   0.013   0.154   0.017  0.007  (23.260,172.050)     0.340     2     
CTS_ccl_a_inv_00365/A
-     INV_X4B_A9PP140ZTL_C30     fall   0.000   0.154   0.017  -      (15.980,173.150)     8.380   -       
CTS_ccl_a_inv_00365/Y
-     INV_X4B_A9PP140ZTL_C30     rise   0.012   0.166   0.014  0.007  (15.840,173.350)     0.340     2     
CTS_ccl_a_inv_00327/A
-     INV_X7P5B_A9PP140ZTL_C30   rise   0.000   0.166   0.014  -      (12.060,174.050)     4.480   -       
CTS_ccl_a_inv_00327/Y
-     INV_X7P5B_A9PP140ZTL_C30   fall   0.015   0.181   0.022  0.017  (12.200,173.850)     0.340     4     
CTS_ccl_a_inv_00196/A
-     INV_X7P5B_A9PP140ZTL_C30   fall   0.001   0.182   0.022  -      (5.620,177.650)     10.380   -       
CTS_ccl_a_inv_00196/Y
-     INV_X7P5B_A9PP140ZTL_C30   rise   0.009   0.191   0.011  0.006  (5.480,177.450)      0.340     9     
signed_mag_7_mag_re_reg[7]/CK
-     DFFRPQ_X1M_A9PP140ZTL_C30  rise   0.000   0.191   0.011  -      (2.120,176.750)      4.060   -       
-----------------------------------------------------------------------------------------------------------------

Timing for timing corner delay_corner_wcl_slow:both.early, max clock_path:
==========================================================================

PathID    : 2
Path type : skew group clk/functional_wcl_typical (path 1 of 1)
Start     : clk
End       : pp_fir_7_1_1_sum2_6_re_1_reg[23]/CK
Delay     : 0.217

-----------------------------------------------------------------------------------------------------------------
Name  Lib cell                   Event  Incr   Arrival  Slew   Cap    Location           Distance  Fanout  Status
                                        (ns)   (ns)     (ns)   (pF)                      (um)              
-- Clockpath trace ----------------------------------------------------------------------------------------------
clk
-     -                          rise   -       0.000   0.004  0.022  (102.020,179.950)  -            2    
CTS_cdb_inv_00436/A
-     INV_X2B_A9PP140ZTL_C30     rise   0.005   0.005   0.014  -      (82.200,119.150)    80.620   -       
CTS_cdb_inv_00436/Y
-     INV_X2B_A9PP140ZTL_C30     fall   0.018   0.023   0.027  0.006  (82.060,118.950)     0.340      1    
CTS_cdb_inv_00437/A
-     INV_X2B_A9PP140ZTL_C30     fall   0.001   0.024   0.027  -      (83.460,156.050)    38.500   -       
CTS_cdb_inv_00437/Y
-     INV_X2B_A9PP140ZTL_C30     rise   0.018   0.042   0.022  0.005  (83.600,156.250)     0.340      1    
CTS_cdb_inv_00438/A
-     INV_X2B_A9PP140ZTL_C30     rise   0.001   0.042   0.022  -      (72.820,136.250)    30.780   -       
CTS_cdb_inv_00438/Y
-     INV_X2B_A9PP140ZTL_C30     fall   0.019   0.061   0.027  0.006  (72.960,136.450)     0.340      1    
CTS_cdb_inv_00439/A
-     INV_X2B_A9PP140ZTL_C30     fall   0.001   0.062   0.027  -      (91.860,118.250)    37.100   -       
CTS_cdb_inv_00439/Y
-     INV_X2B_A9PP140ZTL_C30     rise   0.018   0.080   0.022  0.006  (92.000,118.450)     0.340      1    
CTS_ccl_a_inv_00403/A
-     INV_X4B_A9PP140ZTL_C30     rise   0.001   0.081   0.022  -      (102.500,134.450)   26.500   -       
CTS_ccl_a_inv_00403/Y
-     INV_X4B_A9PP140ZTL_C30     fall   0.015   0.096   0.021  0.008  (102.640,134.250)    0.340      2    
CTS_ccl_inv_00400/A
-     INV_X6B_A9PP140ZTL_C30     fall   0.001   0.096   0.021  -      (101.800,135.350)    1.940   -       
CTS_ccl_inv_00400/Y
-     INV_X6B_A9PP140ZTL_C30     rise   0.013   0.110   0.017  0.012  (101.660,135.550)    0.340      2    
CTS_ccl_a_inv_00394/A
-     INV_X4B_A9PP140ZTL_C30     rise   0.002   0.111   0.018  -      (78.700,116.450)    42.060   -       
CTS_ccl_a_inv_00394/Y
-     INV_X4B_A9PP140ZTL_C30     fall   0.015   0.126   0.023  0.009  (78.560,116.250)     0.340      1    
CTS_ccl_a_inv_00386/A
-     INV_X6B_A9PP140ZTL_C30     fall   0.002   0.129   0.024  -      (25.080,114.650)    55.080   -       
CTS_ccl_a_inv_00386/Y
-     INV_X6B_A9PP140ZTL_C30     rise   0.013   0.142   0.017  0.011  (24.940,114.450)     0.340      2    
CTS_ccl_a_inv_00373/A
-     INV_X4B_A9PP140ZTL_C30     rise   0.001   0.142   0.018  -      (20.320,113.750)     5.320   -       
CTS_ccl_a_inv_00373/Y
-     INV_X4B_A9PP140ZTL_C30     fall   0.015   0.158   0.022  0.009  (20.180,113.950)     0.340      2    
CTS_ccl_a_inv_00346/A
-     INV_X6B_A9PP140ZTL_C30     fall   0.000   0.158   0.022  -      (18.920,113.750)     1.460   -       
CTS_ccl_a_inv_00346/Y
-     INV_X6B_A9PP140ZTL_C30     rise   0.014   0.172   0.017  0.012  (18.780,113.950)     0.340      3    
CTS_ccl_a_inv_00253/A
-     INV_X6B_A9PP140ZTL_C30     rise   0.001   0.173   0.017  -      (18.080,88.550)     26.100   -       
CTS_ccl_a_inv_00253/Y
-     INV_X6B_A9PP140ZTL_C30     fall   0.007   0.180   0.010  0.003  (17.940,88.750)      0.340      1    
FE_USKC3310_CTS_149/A
-     INV_X6B_A9PP140ZTL_C30     fall   0.000   0.181   0.010  -      (17.940,87.650)      1.100   -       
FE_USKC3310_CTS_149/Y
-     INV_X6B_A9PP140ZTL_C30     rise   0.006   0.186   0.007  0.003  (18.080,87.450)      0.340      1    
FE_USKC3311_CTS_149/A
-     INV_X6B_A9PP140ZTL_C30     rise   0.000   0.186   0.007  -      (17.660,87.650)      0.620   -       
FE_USKC3311_CTS_149/Y
-     INV_X6B_A9PP140ZTL_C30     fall   0.012   0.199   0.019  0.012  (17.520,87.450)      0.340      3    
CTS_ccl_a_inv_00041/A
-     INV_X6B_A9PP140ZTL_C30     fall   0.001   0.200   0.019  -      (24.800,79.550)     15.180   -       
CTS_ccl_a_inv_00041/Y
-     INV_X6B_A9PP140ZTL_C30     rise   0.015   0.215   0.019  0.016  (24.660,79.750)      0.340     19    
pp_fir_7_1_1_sum2_6_re_1_reg[23]/CK
-     DFFRPQ_X3M_A9PP140ZTL_C30  rise   0.001   0.217   0.019  -      (32.920,85.850)     14.360   -       
-----------------------------------------------------------------------------------------------------------------

Timing for timing corner delay_corner_wcl_slow:both.late, min clock_path:
=========================================================================

PathID    : 3
Path type : skew group clk/functional_wcl_typical (path 1 of 1)
Start     : clk
End       : signed_mag_7_mag_re_reg[7]/CK
Delay     : 0.194

-----------------------------------------------------------------------------------------------------------------
Name  Lib cell                   Event  Incr   Arrival  Slew   Cap    Location           Distance  Fanout  Status
                                        (ns)   (ns)     (ns)   (pF)                      (um)              
-- Clockpath trace ----------------------------------------------------------------------------------------------
clk
-     -                          rise   -       0.000   0.004  0.022  (102.020,179.950)  -           2     
CTS_cdb_inv_00436/A
-     INV_X2B_A9PP140ZTL_C30     rise   0.005   0.005   0.014  -      (82.200,119.150)    80.620   -       
CTS_cdb_inv_00436/Y
-     INV_X2B_A9PP140ZTL_C30     fall   0.018   0.023   0.027  0.006  (82.060,118.950)     0.340     1     
CTS_cdb_inv_00437/A
-     INV_X2B_A9PP140ZTL_C30     fall   0.001   0.024   0.027  -      (83.460,156.050)    38.500   -       
CTS_cdb_inv_00437/Y
-     INV_X2B_A9PP140ZTL_C30     rise   0.018   0.042   0.022  0.005  (83.600,156.250)     0.340     1     
CTS_cdb_inv_00438/A
-     INV_X2B_A9PP140ZTL_C30     rise   0.001   0.043   0.022  -      (72.820,136.250)    30.780   -       
CTS_cdb_inv_00438/Y
-     INV_X2B_A9PP140ZTL_C30     fall   0.019   0.062   0.027  0.006  (72.960,136.450)     0.340     1     
CTS_cdb_inv_00439/A
-     INV_X2B_A9PP140ZTL_C30     fall   0.002   0.063   0.027  -      (91.860,118.250)    37.100   -       
CTS_cdb_inv_00439/Y
-     INV_X2B_A9PP140ZTL_C30     rise   0.018   0.081   0.022  0.006  (92.000,118.450)     0.340     1     
CTS_ccl_a_inv_00403/A
-     INV_X4B_A9PP140ZTL_C30     rise   0.001   0.083   0.022  -      (102.500,134.450)   26.500   -       
CTS_ccl_a_inv_00403/Y
-     INV_X4B_A9PP140ZTL_C30     fall   0.015   0.098   0.021  0.008  (102.640,134.250)    0.340     2     
CTS_ccl_inv_00401/A
-     INV_X4B_A9PP140ZTL_C30     fall   0.001   0.099   0.021  -      (84.580,136.250)    20.060   -       
CTS_ccl_inv_00401/Y
-     INV_X4B_A9PP140ZTL_C30     rise   0.015   0.113   0.018  0.009  (84.440,136.050)     0.340     2     
CTS_ccl_a_inv_00398/A
-     INV_X6B_A9PP140ZTL_C30     rise   0.001   0.115   0.018  -      (82.620,169.550)    35.320   -       
CTS_ccl_a_inv_00398/Y
-     INV_X6B_A9PP140ZTL_C30     fall   0.013   0.128   0.018  0.010  (82.480,169.750)     0.340     2     
CTS_ccl_a_inv_00392/A
-     INV_X4B_A9PP140ZTL_C30     fall   0.001   0.129   0.018  -      (57.140,172.250)    27.840   -       
CTS_ccl_a_inv_00392/Y
-     INV_X4B_A9PP140ZTL_C30     rise   0.013   0.142   0.015  0.008  (57.000,172.050)     0.340     2     
CTS_ccl_a_inv_00383/A
-     INV_X4B_A9PP140ZTL_C30     rise   0.001   0.143   0.015  -      (23.120,172.250)    34.080   -       
CTS_ccl_a_inv_00383/Y
-     INV_X4B_A9PP140ZTL_C30     fall   0.013   0.155   0.017  0.007  (23.260,172.050)     0.340     2     
CTS_ccl_a_inv_00365/A
-     INV_X4B_A9PP140ZTL_C30     fall   0.001   0.156   0.017  -      (15.980,173.150)     8.380   -       
CTS_ccl_a_inv_00365/Y
-     INV_X4B_A9PP140ZTL_C30     rise   0.012   0.168   0.014  0.007  (15.840,173.350)     0.340     2     
CTS_ccl_a_inv_00327/A
-     INV_X7P5B_A9PP140ZTL_C30   rise   0.000   0.168   0.014  -      (12.060,174.050)     4.480   -       
CTS_ccl_a_inv_00327/Y
-     INV_X7P5B_A9PP140ZTL_C30   fall   0.015   0.183   0.022  0.017  (12.200,173.850)     0.340     4     
CTS_ccl_a_inv_00196/A
-     INV_X7P5B_A9PP140ZTL_C30   fall   0.001   0.185   0.022  -      (5.620,177.650)     10.380   -       
CTS_ccl_a_inv_00196/Y
-     INV_X7P5B_A9PP140ZTL_C30   rise   0.009   0.194   0.011  0.006  (5.480,177.450)      0.340     9     
signed_mag_7_mag_re_reg[7]/CK
-     DFFRPQ_X1M_A9PP140ZTL_C30  rise   0.000   0.194   0.011  -      (2.120,176.750)      4.060   -       
-----------------------------------------------------------------------------------------------------------------

Timing for timing corner delay_corner_wcl_slow:both.late, max clock_path:
=========================================================================

PathID    : 4
Path type : skew group clk/functional_wcl_typical (path 1 of 1)
Start     : clk
End       : pp_fir_7_1_1_sum1_8_im_1_reg[23]/CK
Delay     : 0.219

-----------------------------------------------------------------------------------------------------------------
Name  Lib cell                   Event  Incr   Arrival  Slew   Cap    Location           Distance  Fanout  Status
                                        (ns)   (ns)     (ns)   (pF)                      (um)              
-- Clockpath trace ----------------------------------------------------------------------------------------------
clk
-     -                          rise   -       0.000   0.004  0.022  (102.020,179.950)  -            2    
CTS_ccl_a_inv_00402/A
-     INV_X4B_A9PP140ZTL_C30     rise   0.008   0.008   0.016  -      (112.160,57.050)   133.040   -       
CTS_ccl_a_inv_00402/Y
-     INV_X4B_A9PP140ZTL_C30     fall   0.012   0.019   0.016  0.006  (112.300,56.850)     0.340      1    
CTS_cdb_inv_00428/A
-     INV_X2B_A9PP140ZTL_C30     fall   0.002   0.021   0.016  -      (111.740,21.950)    35.460   -       
CTS_cdb_inv_00428/Y
-     INV_X2B_A9PP140ZTL_C30     rise   0.012   0.033   0.015  0.004  (111.600,21.750)     0.340      1    
CTS_cdb_inv_00429/A
-     INV_X2B_A9PP140ZTL_C30     rise   0.001   0.034   0.015  -      (105.020,35.450)    20.280   -       
CTS_cdb_inv_00429/Y
-     INV_X2B_A9PP140ZTL_C30     fall   0.016   0.050   0.023  0.005  (105.160,35.650)     0.340      1    
CTS_cdb_inv_00430/A
-     INV_X2B_A9PP140ZTL_C30     fall   0.001   0.051   0.023  -      (123.360,21.950)    31.900   -       
CTS_cdb_inv_00430/Y
-     INV_X2B_A9PP140ZTL_C30     rise   0.017   0.068   0.021  0.006  (123.220,21.750)     0.340      1    
CTS_cdb_inv_00431/A
-     INV_X2B_A9PP140ZTL_C30     rise   0.001   0.070   0.021  -      (122.800,55.250)    33.920   -       
CTS_cdb_inv_00431/Y
-     INV_X2B_A9PP140ZTL_C30     fall   0.015   0.085   0.021  0.004  (122.940,55.450)     0.340      1    
CTS_cdb_inv_00434/A
-     INV_X2B_A9PP140ZTL_C30     fall   0.001   0.085   0.021  -      (119.300,37.250)    21.840   -       
CTS_cdb_inv_00434/Y
-     INV_X2B_A9PP140ZTL_C30     rise   0.009   0.094   0.010  0.001  (119.440,37.450)     0.340      1    
CTS_cdb_inv_00435/A
-     INV_X2B_A9PP140ZTL_C30     rise   0.000   0.095   0.010  -      (120.700,37.250)     1.460   -       
CTS_cdb_inv_00435/Y
-     INV_X2B_A9PP140ZTL_C30     fall   0.008   0.103   0.010  0.002  (120.840,37.450)     0.340      1    
CTS_ccl_inv_00399/A
-     INV_X2B_A9PP140ZTL_C30     fall   0.000   0.103   0.010  -      (122.240,38.150)     2.100   -       
CTS_ccl_inv_00399/Y
-     INV_X2B_A9PP140ZTL_C30     rise   0.012   0.115   0.016  0.005  (122.100,37.950)     0.340      2    
CTS_ccl_a_inv_00393/A
-     INV_X4B_A9PP140ZTL_C30     rise   0.000   0.115   0.016  -      (123.920,38.150)     2.020   -       
CTS_ccl_a_inv_00393/Y
-     INV_X4B_A9PP140ZTL_C30     fall   0.014   0.129   0.020  0.008  (123.780,38.350)     0.340      1    
CTS_ccl_a_inv_00385/A
-     INV_X6B_A9PP140ZTL_C30     fall   0.001   0.131   0.020  -      (123.780,76.850)    38.500   -       
CTS_ccl_a_inv_00385/Y
-     INV_X6B_A9PP140ZTL_C30     rise   0.013   0.144   0.016  0.012  (123.920,76.650)     0.340      3    
CTS_ccl_a_inv_00372/A
-     INV_X4B_A9PP140ZTL_C30     rise   0.001   0.145   0.016  -      (143.660,83.150)    26.240   -       
CTS_ccl_a_inv_00372/Y
-     INV_X4B_A9PP140ZTL_C30     fall   0.014   0.159   0.019  0.008  (143.800,83.350)     0.340      2    
CTS_ccl_a_inv_00328/A
-     INV_X4B_A9PP140ZTL_C30     fall   0.001   0.160   0.019  -      (149.680,82.250)     6.980   -       
CTS_ccl_a_inv_00328/Y
-     INV_X4B_A9PP140ZTL_C30     rise   0.012   0.172   0.014  0.007  (149.820,82.050)     0.340      2    
CTS_ccl_a_inv_00252/A
-     INV_X4B_A9PP140ZTL_C30     rise   0.001   0.172   0.014  -      (149.120,81.350)     1.400   -       
CTS_ccl_a_inv_00252/Y
-     INV_X4B_A9PP140ZTL_C30     fall   0.016   0.188   0.023  0.010  (148.980,81.550)     0.340      3    
CTS_ccl_a_inv_00028/A
-     INV_X6B_A9PP140ZTL_C30     fall   0.001   0.189   0.023  -      (154.440,81.350)     5.660   -       
CTS_ccl_a_inv_00028/Y
-     INV_X6B_A9PP140ZTL_C30     rise   0.016   0.205   0.019  0.015  (154.580,81.550)     0.340     16    
FE_USKC3313_CTS_31/A
-     INV_X2B_A9PP140ZTL_C30     rise   0.001   0.206   0.019  -      (161.440,89.450)    14.760   -       
FE_USKC3313_CTS_31/Y
-     INV_X2B_A9PP140ZTL_C30     fall   0.008   0.213   0.011  0.001  (161.580,89.650)     0.340      1    
FE_USKC3312_CTS_31/A
-     INV_X2B_A9PP140ZTL_C30     fall   0.000   0.214   0.011  -      (161.860,89.450)     0.480   -       
FE_USKC3312_CTS_31/Y
-     INV_X2B_A9PP140ZTL_C30     rise   0.005   0.219   0.006  0.001  (162.000,89.650)     0.340      1    
pp_fir_7_1_1_sum1_8_im_1_reg[23]/CK
-     DFFRPQ_X3M_A9PP140ZTL_C30  rise   0.000   0.219   0.006  -      (161.860,88.550)     1.240   -       
-----------------------------------------------------------------------------------------------------------------

Timing for timing corner delay_corner_wcl_fast:both.early, min clock_path:
==========================================================================

PathID    : 5
Path type : skew group clk/functional_wcl_typical (path 1 of 1)
Start     : clk
End       : signed_mag_7_mag_re_reg[7]/CK
Delay     : 0.110

-----------------------------------------------------------------------------------------------------------------
Name  Lib cell                   Event  Incr   Arrival  Slew   Cap    Location           Distance  Fanout  Status
                                        (ns)   (ns)     (ns)   (pF)                      (um)              
-- Clockpath trace ----------------------------------------------------------------------------------------------
clk
-     -                          rise   -       0.000   0.004  0.024  (102.020,179.950)  -           2     
CTS_cdb_inv_00436/A
-     INV_X2B_A9PP140ZTL_C30     rise   0.003   0.003   0.008  -      (82.200,119.150)    80.620   -       
CTS_cdb_inv_00436/Y
-     INV_X2B_A9PP140ZTL_C30     fall   0.011   0.014   0.017  0.007  (82.060,118.950)     0.340     1     
CTS_cdb_inv_00437/A
-     INV_X2B_A9PP140ZTL_C30     fall   0.000   0.014   0.017  -      (83.460,156.050)    38.500   -       
CTS_cdb_inv_00437/Y
-     INV_X2B_A9PP140ZTL_C30     rise   0.011   0.024   0.013  0.006  (83.600,156.250)     0.340     1     
CTS_cdb_inv_00438/A
-     INV_X2B_A9PP140ZTL_C30     rise   0.000   0.025   0.013  -      (72.820,136.250)    30.780   -       
CTS_cdb_inv_00438/Y
-     INV_X2B_A9PP140ZTL_C30     fall   0.011   0.036   0.017  0.006  (72.960,136.450)     0.340     1     
CTS_cdb_inv_00439/A
-     INV_X2B_A9PP140ZTL_C30     fall   0.000   0.036   0.017  -      (91.860,118.250)    37.100   -       
CTS_cdb_inv_00439/Y
-     INV_X2B_A9PP140ZTL_C30     rise   0.011   0.047   0.014  0.006  (92.000,118.450)     0.340     1     
CTS_ccl_a_inv_00403/A
-     INV_X4B_A9PP140ZTL_C30     rise   0.000   0.047   0.014  -      (102.500,134.450)   26.500   -       
CTS_ccl_a_inv_00403/Y
-     INV_X4B_A9PP140ZTL_C30     fall   0.009   0.057   0.013  0.008  (102.640,134.250)    0.340     2     
CTS_ccl_inv_00401/A
-     INV_X4B_A9PP140ZTL_C30     fall   0.000   0.057   0.013  -      (84.580,136.250)    20.060   -       
CTS_ccl_inv_00401/Y
-     INV_X4B_A9PP140ZTL_C30     rise   0.009   0.065   0.011  0.010  (84.440,136.050)     0.340     2     
CTS_ccl_a_inv_00398/A
-     INV_X6B_A9PP140ZTL_C30     rise   0.000   0.066   0.011  -      (82.620,169.550)    35.320   -       
CTS_ccl_a_inv_00398/Y
-     INV_X6B_A9PP140ZTL_C30     fall   0.008   0.073   0.011  0.010  (82.480,169.750)     0.340     2     
CTS_ccl_a_inv_00392/A
-     INV_X4B_A9PP140ZTL_C30     fall   0.000   0.074   0.011  -      (57.140,172.250)    27.840   -       
CTS_ccl_a_inv_00392/Y
-     INV_X4B_A9PP140ZTL_C30     rise   0.007   0.081   0.009  0.008  (57.000,172.050)     0.340     2     
CTS_ccl_a_inv_00383/A
-     INV_X4B_A9PP140ZTL_C30     rise   0.000   0.081   0.009  -      (23.120,172.250)    34.080   -       
CTS_ccl_a_inv_00383/Y
-     INV_X4B_A9PP140ZTL_C30     fall   0.008   0.089   0.011  0.007  (23.260,172.050)     0.340     2     
CTS_ccl_a_inv_00365/A
-     INV_X4B_A9PP140ZTL_C30     fall   0.000   0.089   0.011  -      (15.980,173.150)     8.380   -       
CTS_ccl_a_inv_00365/Y
-     INV_X4B_A9PP140ZTL_C30     rise   0.007   0.096   0.009  0.007  (15.840,173.350)     0.340     2     
CTS_ccl_a_inv_00327/A
-     INV_X7P5B_A9PP140ZTL_C30   rise   0.000   0.096   0.009  -      (12.060,174.050)     4.480   -       
CTS_ccl_a_inv_00327/Y
-     INV_X7P5B_A9PP140ZTL_C30   fall   0.009   0.105   0.014  0.018  (12.200,173.850)     0.340     4     
CTS_ccl_a_inv_00196/A
-     INV_X7P5B_A9PP140ZTL_C30   fall   0.000   0.105   0.014  -      (5.620,177.650)     10.380   -       
CTS_ccl_a_inv_00196/Y
-     INV_X7P5B_A9PP140ZTL_C30   rise   0.005   0.110   0.006  0.006  (5.480,177.450)      0.340     9     
signed_mag_7_mag_re_reg[7]/CK
-     DFFRPQ_X1M_A9PP140ZTL_C30  rise   0.000   0.110   0.006  -      (2.120,176.750)      4.060   -       
-----------------------------------------------------------------------------------------------------------------

Timing for timing corner delay_corner_wcl_fast:both.early, max clock_path:
==========================================================================

PathID    : 6
Path type : skew group clk/functional_wcl_typical (path 1 of 1)
Start     : clk
End       : pp_fir_7_1_1_sum2_6_re_1_reg[20]/CK
Delay     : 0.127

-----------------------------------------------------------------------------------------------------------------
Name  Lib cell                   Event  Incr   Arrival  Slew   Cap    Location           Distance  Fanout  Status
                                        (ns)   (ns)     (ns)   (pF)                      (um)              
-- Clockpath trace ----------------------------------------------------------------------------------------------
clk
-     -                          rise   -       0.000   0.004  0.024  (102.020,179.950)  -            2    
CTS_cdb_inv_00436/A
-     INV_X2B_A9PP140ZTL_C30     rise   0.003   0.003   0.008  -      (82.200,119.150)    80.620   -       
CTS_cdb_inv_00436/Y
-     INV_X2B_A9PP140ZTL_C30     fall   0.011   0.014   0.017  0.007  (82.060,118.950)     0.340      1    
CTS_cdb_inv_00437/A
-     INV_X2B_A9PP140ZTL_C30     fall   0.000   0.014   0.017  -      (83.460,156.050)    38.500   -       
CTS_cdb_inv_00437/Y
-     INV_X2B_A9PP140ZTL_C30     rise   0.011   0.024   0.013  0.006  (83.600,156.250)     0.340      1    
CTS_cdb_inv_00438/A
-     INV_X2B_A9PP140ZTL_C30     rise   0.000   0.025   0.013  -      (72.820,136.250)    30.780   -       
CTS_cdb_inv_00438/Y
-     INV_X2B_A9PP140ZTL_C30     fall   0.011   0.036   0.017  0.006  (72.960,136.450)     0.340      1    
CTS_cdb_inv_00439/A
-     INV_X2B_A9PP140ZTL_C30     fall   0.000   0.036   0.017  -      (91.860,118.250)    37.100   -       
CTS_cdb_inv_00439/Y
-     INV_X2B_A9PP140ZTL_C30     rise   0.011   0.047   0.014  0.006  (92.000,118.450)     0.340      1    
CTS_ccl_a_inv_00403/A
-     INV_X4B_A9PP140ZTL_C30     rise   0.000   0.047   0.014  -      (102.500,134.450)   26.500   -       
CTS_ccl_a_inv_00403/Y
-     INV_X4B_A9PP140ZTL_C30     fall   0.009   0.057   0.013  0.008  (102.640,134.250)    0.340      2    
CTS_ccl_inv_00400/A
-     INV_X6B_A9PP140ZTL_C30     fall   0.000   0.057   0.013  -      (101.800,135.350)    1.940   -       
CTS_ccl_inv_00400/Y
-     INV_X6B_A9PP140ZTL_C30     rise   0.008   0.065   0.010  0.013  (101.660,135.550)    0.340      2    
CTS_ccl_a_inv_00394/A
-     INV_X4B_A9PP140ZTL_C30     rise   0.001   0.066   0.010  -      (78.700,116.450)    42.060   -       
CTS_ccl_a_inv_00394/Y
-     INV_X4B_A9PP140ZTL_C30     fall   0.009   0.075   0.014  0.010  (78.560,116.250)     0.340      1    
CTS_ccl_a_inv_00386/A
-     INV_X6B_A9PP140ZTL_C30     fall   0.001   0.076   0.014  -      (25.080,114.650)    55.080   -       
CTS_ccl_a_inv_00386/Y
-     INV_X6B_A9PP140ZTL_C30     rise   0.008   0.084   0.010  0.012  (24.940,114.450)     0.340      2    
CTS_ccl_a_inv_00373/A
-     INV_X4B_A9PP140ZTL_C30     rise   0.000   0.084   0.010  -      (20.320,113.750)     5.320   -       
CTS_ccl_a_inv_00373/Y
-     INV_X4B_A9PP140ZTL_C30     fall   0.009   0.093   0.014  0.010  (20.180,113.950)     0.340      2    
CTS_ccl_a_inv_00346/A
-     INV_X6B_A9PP140ZTL_C30     fall   0.000   0.093   0.014  -      (18.920,113.750)     1.460   -       
CTS_ccl_a_inv_00346/Y
-     INV_X6B_A9PP140ZTL_C30     rise   0.008   0.102   0.010  0.013  (18.780,113.950)     0.340      3    
CTS_ccl_a_inv_00253/A
-     INV_X6B_A9PP140ZTL_C30     rise   0.000   0.102   0.010  -      (18.080,88.550)     26.100   -       
CTS_ccl_a_inv_00253/Y
-     INV_X6B_A9PP140ZTL_C30     fall   0.004   0.106   0.006  0.003  (17.940,88.750)      0.340      1    
FE_USKC3310_CTS_149/A
-     INV_X6B_A9PP140ZTL_C30     fall   0.000   0.106   0.006  -      (17.940,87.650)      1.100   -       
FE_USKC3310_CTS_149/Y
-     INV_X6B_A9PP140ZTL_C30     rise   0.003   0.109   0.004  0.003  (18.080,87.450)      0.340      1    
FE_USKC3311_CTS_149/A
-     INV_X6B_A9PP140ZTL_C30     rise   0.000   0.109   0.004  -      (17.660,87.650)      0.620   -       
FE_USKC3311_CTS_149/Y
-     INV_X6B_A9PP140ZTL_C30     fall   0.008   0.117   0.012  0.013  (17.520,87.450)      0.340      3    
CTS_ccl_a_inv_00041/A
-     INV_X6B_A9PP140ZTL_C30     fall   0.000   0.117   0.012  -      (24.800,79.550)     15.180   -       
CTS_ccl_a_inv_00041/Y
-     INV_X6B_A9PP140ZTL_C30     rise   0.009   0.126   0.012  0.017  (24.660,79.750)      0.340     19    
pp_fir_7_1_1_sum2_6_re_1_reg[20]/CK
-     DFFRPQ_X3M_A9PP140ZTL_C30  rise   0.000   0.127   0.012  -      (28.020,82.250)      5.860   -       
-----------------------------------------------------------------------------------------------------------------

Timing for timing corner delay_corner_wcl_fast:both.late, min clock_path:
=========================================================================

PathID    : 7
Path type : skew group clk/functional_wcl_typical (path 1 of 1)
Start     : clk
End       : signed_mag_7_mag_re_reg[7]/CK
Delay     : 0.113

-----------------------------------------------------------------------------------------------------------------
Name  Lib cell                   Event  Incr   Arrival  Slew   Cap    Location           Distance  Fanout  Status
                                        (ns)   (ns)     (ns)   (pF)                      (um)              
-- Clockpath trace ----------------------------------------------------------------------------------------------
clk
-     -                          rise   -       0.000   0.004  0.024  (102.020,179.950)  -           2     
CTS_cdb_inv_00436/A
-     INV_X2B_A9PP140ZTL_C30     rise   0.003   0.003   0.008  -      (82.200,119.150)    80.620   -       
CTS_cdb_inv_00436/Y
-     INV_X2B_A9PP140ZTL_C30     fall   0.011   0.014   0.017  0.007  (82.060,118.950)     0.340     1     
CTS_cdb_inv_00437/A
-     INV_X2B_A9PP140ZTL_C30     fall   0.001   0.014   0.017  -      (83.460,156.050)    38.500   -       
CTS_cdb_inv_00437/Y
-     INV_X2B_A9PP140ZTL_C30     rise   0.011   0.025   0.013  0.006  (83.600,156.250)     0.340     1     
CTS_cdb_inv_00438/A
-     INV_X2B_A9PP140ZTL_C30     rise   0.001   0.025   0.013  -      (72.820,136.250)    30.780   -       
CTS_cdb_inv_00438/Y
-     INV_X2B_A9PP140ZTL_C30     fall   0.011   0.037   0.017  0.006  (72.960,136.450)     0.340     1     
CTS_cdb_inv_00439/A
-     INV_X2B_A9PP140ZTL_C30     fall   0.001   0.037   0.017  -      (91.860,118.250)    37.100   -       
CTS_cdb_inv_00439/Y
-     INV_X2B_A9PP140ZTL_C30     rise   0.011   0.048   0.014  0.006  (92.000,118.450)     0.340     1     
CTS_ccl_a_inv_00403/A
-     INV_X4B_A9PP140ZTL_C30     rise   0.001   0.048   0.014  -      (102.500,134.450)   26.500   -       
CTS_ccl_a_inv_00403/Y
-     INV_X4B_A9PP140ZTL_C30     fall   0.009   0.058   0.013  0.008  (102.640,134.250)    0.340     2     
CTS_ccl_inv_00401/A
-     INV_X4B_A9PP140ZTL_C30     fall   0.000   0.058   0.013  -      (84.580,136.250)    20.060   -       
CTS_ccl_inv_00401/Y
-     INV_X4B_A9PP140ZTL_C30     rise   0.009   0.067   0.011  0.010  (84.440,136.050)     0.340     2     
CTS_ccl_a_inv_00398/A
-     INV_X6B_A9PP140ZTL_C30     rise   0.001   0.067   0.011  -      (82.620,169.550)    35.320   -       
CTS_ccl_a_inv_00398/Y
-     INV_X6B_A9PP140ZTL_C30     fall   0.008   0.075   0.011  0.010  (82.480,169.750)     0.340     2     
CTS_ccl_a_inv_00392/A
-     INV_X4B_A9PP140ZTL_C30     fall   0.001   0.076   0.011  -      (57.140,172.250)    27.840   -       
CTS_ccl_a_inv_00392/Y
-     INV_X4B_A9PP140ZTL_C30     rise   0.007   0.083   0.009  0.008  (57.000,172.050)     0.340     2     
CTS_ccl_a_inv_00383/A
-     INV_X4B_A9PP140ZTL_C30     rise   0.000   0.084   0.009  -      (23.120,172.250)    34.080   -       
CTS_ccl_a_inv_00383/Y
-     INV_X4B_A9PP140ZTL_C30     fall   0.008   0.091   0.011  0.007  (23.260,172.050)     0.340     2     
CTS_ccl_a_inv_00365/A
-     INV_X4B_A9PP140ZTL_C30     fall   0.000   0.091   0.011  -      (15.980,173.150)     8.380   -       
CTS_ccl_a_inv_00365/Y
-     INV_X4B_A9PP140ZTL_C30     rise   0.007   0.099   0.009  0.007  (15.840,173.350)     0.340     2     
CTS_ccl_a_inv_00327/A
-     INV_X7P5B_A9PP140ZTL_C30   rise   0.000   0.099   0.009  -      (12.060,174.050)     4.480   -       
CTS_ccl_a_inv_00327/Y
-     INV_X7P5B_A9PP140ZTL_C30   fall   0.009   0.108   0.014  0.018  (12.200,173.850)     0.340     4     
CTS_ccl_a_inv_00196/A
-     INV_X7P5B_A9PP140ZTL_C30   fall   0.000   0.108   0.014  -      (5.620,177.650)     10.380   -       
CTS_ccl_a_inv_00196/Y
-     INV_X7P5B_A9PP140ZTL_C30   rise   0.005   0.113   0.006  0.006  (5.480,177.450)      0.340     9     
signed_mag_7_mag_re_reg[7]/CK
-     DFFRPQ_X1M_A9PP140ZTL_C30  rise   0.000   0.113   0.006  -      (2.120,176.750)      4.060   -       
-----------------------------------------------------------------------------------------------------------------

Timing for timing corner delay_corner_wcl_fast:both.late, max clock_path:
=========================================================================

PathID    : 8
Path type : skew group clk/functional_wcl_typical (path 1 of 1)
Start     : clk
End       : pp_fir_7_1_1_sum2_6_re_1_reg[20]/CK
Delay     : 0.130

-----------------------------------------------------------------------------------------------------------------
Name  Lib cell                   Event  Incr   Arrival  Slew   Cap    Location           Distance  Fanout  Status
                                        (ns)   (ns)     (ns)   (pF)                      (um)              
-- Clockpath trace ----------------------------------------------------------------------------------------------
clk
-     -                          rise   -       0.000   0.004  0.024  (102.020,179.950)  -            2    
CTS_cdb_inv_00436/A
-     INV_X2B_A9PP140ZTL_C30     rise   0.003   0.003   0.008  -      (82.200,119.150)    80.620   -       
CTS_cdb_inv_00436/Y
-     INV_X2B_A9PP140ZTL_C30     fall   0.011   0.014   0.017  0.007  (82.060,118.950)     0.340      1    
CTS_cdb_inv_00437/A
-     INV_X2B_A9PP140ZTL_C30     fall   0.001   0.014   0.017  -      (83.460,156.050)    38.500   -       
CTS_cdb_inv_00437/Y
-     INV_X2B_A9PP140ZTL_C30     rise   0.011   0.025   0.013  0.006  (83.600,156.250)     0.340      1    
CTS_cdb_inv_00438/A
-     INV_X2B_A9PP140ZTL_C30     rise   0.001   0.025   0.013  -      (72.820,136.250)    30.780   -       
CTS_cdb_inv_00438/Y
-     INV_X2B_A9PP140ZTL_C30     fall   0.011   0.037   0.017  0.006  (72.960,136.450)     0.340      1    
CTS_cdb_inv_00439/A
-     INV_X2B_A9PP140ZTL_C30     fall   0.001   0.037   0.017  -      (91.860,118.250)    37.100   -       
CTS_cdb_inv_00439/Y
-     INV_X2B_A9PP140ZTL_C30     rise   0.011   0.048   0.014  0.006  (92.000,118.450)     0.340      1    
CTS_ccl_a_inv_00403/A
-     INV_X4B_A9PP140ZTL_C30     rise   0.001   0.048   0.014  -      (102.500,134.450)   26.500   -       
CTS_ccl_a_inv_00403/Y
-     INV_X4B_A9PP140ZTL_C30     fall   0.009   0.058   0.013  0.008  (102.640,134.250)    0.340      2    
CTS_ccl_inv_00400/A
-     INV_X6B_A9PP140ZTL_C30     fall   0.000   0.058   0.013  -      (101.800,135.350)    1.940   -       
CTS_ccl_inv_00400/Y
-     INV_X6B_A9PP140ZTL_C30     rise   0.008   0.066   0.010  0.013  (101.660,135.550)    0.340      2    
CTS_ccl_a_inv_00394/A
-     INV_X4B_A9PP140ZTL_C30     rise   0.001   0.067   0.010  -      (78.700,116.450)    42.060   -       
CTS_ccl_a_inv_00394/Y
-     INV_X4B_A9PP140ZTL_C30     fall   0.009   0.076   0.014  0.010  (78.560,116.250)     0.340      1    
CTS_ccl_a_inv_00386/A
-     INV_X6B_A9PP140ZTL_C30     fall   0.001   0.078   0.014  -      (25.080,114.650)    55.080   -       
CTS_ccl_a_inv_00386/Y
-     INV_X6B_A9PP140ZTL_C30     rise   0.008   0.086   0.010  0.012  (24.940,114.450)     0.340      2    
CTS_ccl_a_inv_00373/A
-     INV_X4B_A9PP140ZTL_C30     rise   0.000   0.086   0.010  -      (20.320,113.750)     5.320   -       
CTS_ccl_a_inv_00373/Y
-     INV_X4B_A9PP140ZTL_C30     fall   0.009   0.095   0.014  0.010  (20.180,113.950)     0.340      2    
CTS_ccl_a_inv_00346/A
-     INV_X6B_A9PP140ZTL_C30     fall   0.000   0.096   0.014  -      (18.920,113.750)     1.460   -       
CTS_ccl_a_inv_00346/Y
-     INV_X6B_A9PP140ZTL_C30     rise   0.008   0.104   0.010  0.013  (18.780,113.950)     0.340      3    
CTS_ccl_a_inv_00253/A
-     INV_X6B_A9PP140ZTL_C30     rise   0.001   0.104   0.010  -      (18.080,88.550)     26.100   -       
CTS_ccl_a_inv_00253/Y
-     INV_X6B_A9PP140ZTL_C30     fall   0.004   0.109   0.006  0.003  (17.940,88.750)      0.340      1    
FE_USKC3310_CTS_149/A
-     INV_X6B_A9PP140ZTL_C30     fall   0.000   0.109   0.006  -      (17.940,87.650)      1.100   -       
FE_USKC3310_CTS_149/Y
-     INV_X6B_A9PP140ZTL_C30     rise   0.003   0.112   0.004  0.003  (18.080,87.450)      0.340      1    
FE_USKC3311_CTS_149/A
-     INV_X6B_A9PP140ZTL_C30     rise   0.000   0.112   0.004  -      (17.660,87.650)      0.620   -       
FE_USKC3311_CTS_149/Y
-     INV_X6B_A9PP140ZTL_C30     fall   0.008   0.120   0.012  0.013  (17.520,87.450)      0.340      3    
CTS_ccl_a_inv_00041/A
-     INV_X6B_A9PP140ZTL_C30     fall   0.000   0.120   0.012  -      (24.800,79.550)     15.180   -       
CTS_ccl_a_inv_00041/Y
-     INV_X6B_A9PP140ZTL_C30     rise   0.009   0.129   0.012  0.017  (24.660,79.750)      0.340     19    
pp_fir_7_1_1_sum2_6_re_1_reg[20]/CK
-     DFFRPQ_X3M_A9PP140ZTL_C30  rise   0.000   0.130   0.012  -      (28.020,82.250)      5.860   -       
-----------------------------------------------------------------------------------------------------------------

Timing for timing corner delay_corner_wcl_typical:both.early, min clock_path:
=============================================================================

PathID    : 9
Path type : skew group clk/functional_wcl_typical (path 1 of 1)
Start     : clk
End       : signed_mag_7_mag_re_reg[7]/CK
Delay     : 0.144

-----------------------------------------------------------------------------------------------------------------
Name  Lib cell                   Event  Incr   Arrival  Slew   Cap    Location           Distance  Fanout  Status
                                        (ns)   (ns)     (ns)   (pF)                      (um)              
-- Clockpath trace ----------------------------------------------------------------------------------------------
clk
-     -                          rise   -       0.000   0.004  0.023  (102.020,179.950)  -           2     
CTS_cdb_inv_00436/A
-     INV_X2B_A9PP140ZTL_C30     rise   0.003   0.003   0.011  -      (82.200,119.150)    80.620   -       
CTS_cdb_inv_00436/Y
-     INV_X2B_A9PP140ZTL_C30     fall   0.014   0.017   0.021  0.006  (82.060,118.950)     0.340     1     
CTS_cdb_inv_00437/A
-     INV_X2B_A9PP140ZTL_C30     fall   0.001   0.018   0.021  -      (83.460,156.050)    38.500   -       
CTS_cdb_inv_00437/Y
-     INV_X2B_A9PP140ZTL_C30     rise   0.013   0.031   0.016  0.006  (83.600,156.250)     0.340     1     
CTS_cdb_inv_00438/A
-     INV_X2B_A9PP140ZTL_C30     rise   0.000   0.032   0.016  -      (72.820,136.250)    30.780   -       
CTS_cdb_inv_00438/Y
-     INV_X2B_A9PP140ZTL_C30     fall   0.014   0.046   0.021  0.006  (72.960,136.450)     0.340     1     
CTS_cdb_inv_00439/A
-     INV_X2B_A9PP140ZTL_C30     fall   0.000   0.047   0.021  -      (91.860,118.250)    37.100   -       
CTS_cdb_inv_00439/Y
-     INV_X2B_A9PP140ZTL_C30     rise   0.014   0.060   0.017  0.006  (92.000,118.450)     0.340     1     
CTS_ccl_a_inv_00403/A
-     INV_X4B_A9PP140ZTL_C30     rise   0.000   0.061   0.017  -      (102.500,134.450)   26.500   -       
CTS_ccl_a_inv_00403/Y
-     INV_X4B_A9PP140ZTL_C30     fall   0.012   0.073   0.016  0.008  (102.640,134.250)    0.340     2     
CTS_ccl_inv_00401/A
-     INV_X4B_A9PP140ZTL_C30     fall   0.000   0.073   0.016  -      (84.580,136.250)    20.060   -       
CTS_ccl_inv_00401/Y
-     INV_X4B_A9PP140ZTL_C30     rise   0.011   0.084   0.014  0.009  (84.440,136.050)     0.340     2     
CTS_ccl_a_inv_00398/A
-     INV_X6B_A9PP140ZTL_C30     rise   0.001   0.085   0.014  -      (82.620,169.550)    35.320   -       
CTS_ccl_a_inv_00398/Y
-     INV_X6B_A9PP140ZTL_C30     fall   0.010   0.095   0.014  0.010  (82.480,169.750)     0.340     2     
CTS_ccl_a_inv_00392/A
-     INV_X4B_A9PP140ZTL_C30     fall   0.001   0.096   0.014  -      (57.140,172.250)    27.840   -       
CTS_ccl_a_inv_00392/Y
-     INV_X4B_A9PP140ZTL_C30     rise   0.010   0.105   0.012  0.008  (57.000,172.050)     0.340     2     
CTS_ccl_a_inv_00383/A
-     INV_X4B_A9PP140ZTL_C30     rise   0.000   0.105   0.012  -      (23.120,172.250)    34.080   -       
CTS_ccl_a_inv_00383/Y
-     INV_X4B_A9PP140ZTL_C30     fall   0.010   0.115   0.014  0.007  (23.260,172.050)     0.340     2     
CTS_ccl_a_inv_00365/A
-     INV_X4B_A9PP140ZTL_C30     fall   0.000   0.115   0.014  -      (15.980,173.150)     8.380   -       
CTS_ccl_a_inv_00365/Y
-     INV_X4B_A9PP140ZTL_C30     rise   0.009   0.125   0.011  0.007  (15.840,173.350)     0.340     2     
CTS_ccl_a_inv_00327/A
-     INV_X7P5B_A9PP140ZTL_C30   rise   0.000   0.125   0.011  -      (12.060,174.050)     4.480   -       
CTS_ccl_a_inv_00327/Y
-     INV_X7P5B_A9PP140ZTL_C30   fall   0.012   0.136   0.017  0.018  (12.200,173.850)     0.340     4     
CTS_ccl_a_inv_00196/A
-     INV_X7P5B_A9PP140ZTL_C30   fall   0.001   0.137   0.017  -      (5.620,177.650)     10.380   -       
CTS_ccl_a_inv_00196/Y
-     INV_X7P5B_A9PP140ZTL_C30   rise   0.006   0.144   0.008  0.006  (5.480,177.450)      0.340     9     
signed_mag_7_mag_re_reg[7]/CK
-     DFFRPQ_X1M_A9PP140ZTL_C30  rise   0.000   0.144   0.008  -      (2.120,176.750)      4.060   -       
-----------------------------------------------------------------------------------------------------------------

Timing for timing corner delay_corner_wcl_typical:both.early, max clock_path:
=============================================================================

PathID    : 10
Path type : skew group clk/functional_wcl_typical (path 1 of 1)
Start     : clk
End       : pp_fir_7_1_1_sum2_6_re_1_reg[22]/CK
Delay     :  0.164

-----------------------------------------------------------------------------------------------------------------
Name  Lib cell                   Event  Incr   Arrival  Slew   Cap    Location           Distance  Fanout  Status
                                        (ns)   (ns)     (ns)   (pF)                      (um)              
-- Clockpath trace ----------------------------------------------------------------------------------------------
clk
-     -                          rise   -       0.000   0.004  0.023  (102.020,179.950)  -            2    
CTS_cdb_inv_00436/A
-     INV_X2B_A9PP140ZTL_C30     rise   0.003   0.003   0.011  -      (82.200,119.150)    80.620   -       
CTS_cdb_inv_00436/Y
-     INV_X2B_A9PP140ZTL_C30     fall   0.014   0.017   0.021  0.006  (82.060,118.950)     0.340      1    
CTS_cdb_inv_00437/A
-     INV_X2B_A9PP140ZTL_C30     fall   0.001   0.018   0.021  -      (83.460,156.050)    38.500   -       
CTS_cdb_inv_00437/Y
-     INV_X2B_A9PP140ZTL_C30     rise   0.013   0.031   0.016  0.006  (83.600,156.250)     0.340      1    
CTS_cdb_inv_00438/A
-     INV_X2B_A9PP140ZTL_C30     rise   0.000   0.032   0.016  -      (72.820,136.250)    30.780   -       
CTS_cdb_inv_00438/Y
-     INV_X2B_A9PP140ZTL_C30     fall   0.014   0.046   0.021  0.006  (72.960,136.450)     0.340      1    
CTS_cdb_inv_00439/A
-     INV_X2B_A9PP140ZTL_C30     fall   0.000   0.047   0.021  -      (91.860,118.250)    37.100   -       
CTS_cdb_inv_00439/Y
-     INV_X2B_A9PP140ZTL_C30     rise   0.014   0.060   0.017  0.006  (92.000,118.450)     0.340      1    
CTS_ccl_a_inv_00403/A
-     INV_X4B_A9PP140ZTL_C30     rise   0.000   0.061   0.017  -      (102.500,134.450)   26.500   -       
CTS_ccl_a_inv_00403/Y
-     INV_X4B_A9PP140ZTL_C30     fall   0.012   0.073   0.016  0.008  (102.640,134.250)    0.340      2    
CTS_ccl_inv_00400/A
-     INV_X6B_A9PP140ZTL_C30     fall   0.000   0.073   0.016  -      (101.800,135.350)    1.940   -       
CTS_ccl_inv_00400/Y
-     INV_X6B_A9PP140ZTL_C30     rise   0.010   0.083   0.013  0.013  (101.660,135.550)    0.340      2    
CTS_ccl_a_inv_00394/A
-     INV_X4B_A9PP140ZTL_C30     rise   0.001   0.084   0.013  -      (78.700,116.450)    42.060   -       
CTS_ccl_a_inv_00394/Y
-     INV_X4B_A9PP140ZTL_C30     fall   0.012   0.096   0.017  0.009  (78.560,116.250)     0.340      1    
CTS_ccl_a_inv_00386/A
-     INV_X6B_A9PP140ZTL_C30     fall   0.001   0.098   0.017  -      (25.080,114.650)    55.080   -       
CTS_ccl_a_inv_00386/Y
-     INV_X6B_A9PP140ZTL_C30     rise   0.010   0.108   0.012  0.012  (24.940,114.450)     0.340      2    
CTS_ccl_a_inv_00373/A
-     INV_X4B_A9PP140ZTL_C30     rise   0.000   0.108   0.012  -      (20.320,113.750)     5.320   -       
CTS_ccl_a_inv_00373/Y
-     INV_X4B_A9PP140ZTL_C30     fall   0.012   0.120   0.017  0.009  (20.180,113.950)     0.340      2    
CTS_ccl_a_inv_00346/A
-     INV_X6B_A9PP140ZTL_C30     fall   0.000   0.120   0.017  -      (18.920,113.750)     1.460   -       
CTS_ccl_a_inv_00346/Y
-     INV_X6B_A9PP140ZTL_C30     rise   0.011   0.131   0.013  0.013  (18.780,113.950)     0.340      3    
CTS_ccl_a_inv_00253/A
-     INV_X6B_A9PP140ZTL_C30     rise   0.001   0.132   0.013  -      (18.080,88.550)     26.100   -       
CTS_ccl_a_inv_00253/Y
-     INV_X6B_A9PP140ZTL_C30     fall   0.006   0.137   0.007  0.003  (17.940,88.750)      0.340      1    
FE_USKC3310_CTS_149/A
-     INV_X6B_A9PP140ZTL_C30     fall   0.000   0.137   0.007  -      (17.940,87.650)      1.100   -       
FE_USKC3310_CTS_149/Y
-     INV_X6B_A9PP140ZTL_C30     rise   0.004   0.142   0.005  0.003  (18.080,87.450)      0.340      1    
FE_USKC3311_CTS_149/A
-     INV_X6B_A9PP140ZTL_C30     rise   0.000   0.142   0.005  -      (17.660,87.650)      0.620   -       
FE_USKC3311_CTS_149/Y
-     INV_X6B_A9PP140ZTL_C30     fall   0.009   0.151   0.014  0.012  (17.520,87.450)      0.340      3    
CTS_ccl_a_inv_00041/A
-     INV_X6B_A9PP140ZTL_C30     fall   0.001   0.152   0.014  -      (24.800,79.550)     15.180   -       
CTS_ccl_a_inv_00041/Y
-     INV_X6B_A9PP140ZTL_C30     rise   0.011   0.164   0.014  0.017  (24.660,79.750)      0.340     19    
pp_fir_7_1_1_sum2_6_re_1_reg[22]/CK
-     DFFRPQ_X3M_A9PP140ZTL_C30  rise   0.001   0.164   0.014  -      (32.360,84.050)     12.000   -       
-----------------------------------------------------------------------------------------------------------------

Timing for timing corner delay_corner_wcl_typical:both.late, min clock_path:
============================================================================

PathID    : 11
Path type : skew group clk/functional_wcl_typical (path 1 of 1)
Start     : clk
End       : signed_mag_7_mag_re_reg[7]/CK
Delay     :  0.147

-----------------------------------------------------------------------------------------------------------------
Name  Lib cell                   Event  Incr   Arrival  Slew   Cap    Location           Distance  Fanout  Status
                                        (ns)   (ns)     (ns)   (pF)                      (um)              
-- Clockpath trace ----------------------------------------------------------------------------------------------
clk
-     -                          rise   -       0.000   0.004  0.023  (102.020,179.950)  -           2     
CTS_cdb_inv_00436/A
-     INV_X2B_A9PP140ZTL_C30     rise   0.003   0.003   0.011  -      (82.200,119.150)    80.620   -       
CTS_cdb_inv_00436/Y
-     INV_X2B_A9PP140ZTL_C30     fall   0.014   0.017   0.021  0.006  (82.060,118.950)     0.340     1     
CTS_cdb_inv_00437/A
-     INV_X2B_A9PP140ZTL_C30     fall   0.001   0.019   0.021  -      (83.460,156.050)    38.500   -       
CTS_cdb_inv_00437/Y
-     INV_X2B_A9PP140ZTL_C30     rise   0.013   0.032   0.016  0.006  (83.600,156.250)     0.340     1     
CTS_cdb_inv_00438/A
-     INV_X2B_A9PP140ZTL_C30     rise   0.001   0.033   0.016  -      (72.820,136.250)    30.780   -       
CTS_cdb_inv_00438/Y
-     INV_X2B_A9PP140ZTL_C30     fall   0.014   0.047   0.021  0.006  (72.960,136.450)     0.340     1     
CTS_cdb_inv_00439/A
-     INV_X2B_A9PP140ZTL_C30     fall   0.001   0.048   0.021  -      (91.860,118.250)    37.100   -       
CTS_cdb_inv_00439/Y
-     INV_X2B_A9PP140ZTL_C30     rise   0.014   0.062   0.017  0.006  (92.000,118.450)     0.340     1     
CTS_ccl_a_inv_00403/A
-     INV_X4B_A9PP140ZTL_C30     rise   0.001   0.063   0.017  -      (102.500,134.450)   26.500   -       
CTS_ccl_a_inv_00403/Y
-     INV_X4B_A9PP140ZTL_C30     fall   0.012   0.075   0.016  0.008  (102.640,134.250)    0.340     2     
CTS_ccl_inv_00401/A
-     INV_X4B_A9PP140ZTL_C30     fall   0.001   0.075   0.016  -      (84.580,136.250)    20.060   -       
CTS_ccl_inv_00401/Y
-     INV_X4B_A9PP140ZTL_C30     rise   0.011   0.086   0.014  0.009  (84.440,136.050)     0.340     2     
CTS_ccl_a_inv_00398/A
-     INV_X6B_A9PP140ZTL_C30     rise   0.001   0.087   0.014  -      (82.620,169.550)    35.320   -       
CTS_ccl_a_inv_00398/Y
-     INV_X6B_A9PP140ZTL_C30     fall   0.010   0.097   0.014  0.010  (82.480,169.750)     0.340     2     
CTS_ccl_a_inv_00392/A
-     INV_X4B_A9PP140ZTL_C30     fall   0.001   0.098   0.014  -      (57.140,172.250)    27.840   -       
CTS_ccl_a_inv_00392/Y
-     INV_X4B_A9PP140ZTL_C30     rise   0.010   0.108   0.012  0.008  (57.000,172.050)     0.340     2     
CTS_ccl_a_inv_00383/A
-     INV_X4B_A9PP140ZTL_C30     rise   0.001   0.108   0.012  -      (23.120,172.250)    34.080   -       
CTS_ccl_a_inv_00383/Y
-     INV_X4B_A9PP140ZTL_C30     fall   0.010   0.118   0.014  0.007  (23.260,172.050)     0.340     2     
CTS_ccl_a_inv_00365/A
-     INV_X4B_A9PP140ZTL_C30     fall   0.000   0.118   0.014  -      (15.980,173.150)     8.380   -       
CTS_ccl_a_inv_00365/Y
-     INV_X4B_A9PP140ZTL_C30     rise   0.009   0.128   0.011  0.007  (15.840,173.350)     0.340     2     
CTS_ccl_a_inv_00327/A
-     INV_X7P5B_A9PP140ZTL_C30   rise   0.000   0.128   0.011  -      (12.060,174.050)     4.480   -       
CTS_ccl_a_inv_00327/Y
-     INV_X7P5B_A9PP140ZTL_C30   fall   0.012   0.140   0.017  0.018  (12.200,173.850)     0.340     4     
CTS_ccl_a_inv_00196/A
-     INV_X7P5B_A9PP140ZTL_C30   fall   0.001   0.140   0.017  -      (5.620,177.650)     10.380   -       
CTS_ccl_a_inv_00196/Y
-     INV_X7P5B_A9PP140ZTL_C30   rise   0.006   0.147   0.008  0.006  (5.480,177.450)      0.340     9     
signed_mag_7_mag_re_reg[7]/CK
-     DFFRPQ_X1M_A9PP140ZTL_C30  rise   0.000   0.147   0.008  -      (2.120,176.750)      4.060   -       
-----------------------------------------------------------------------------------------------------------------

Timing for timing corner delay_corner_wcl_typical:both.late, max clock_path:
============================================================================

PathID    : 12
Path type : skew group clk/functional_wcl_typical (path 1 of 1)
Start     : clk
End       : pp_fir_7_1_1_sum2_6_re_1_reg[22]/CK
Delay     :  0.167

-----------------------------------------------------------------------------------------------------------------
Name  Lib cell                   Event  Incr   Arrival  Slew   Cap    Location           Distance  Fanout  Status
                                        (ns)   (ns)     (ns)   (pF)                      (um)              
-- Clockpath trace ----------------------------------------------------------------------------------------------
clk
-     -                          rise   -       0.000   0.004  0.023  (102.020,179.950)  -            2    
CTS_cdb_inv_00436/A
-     INV_X2B_A9PP140ZTL_C30     rise   0.003   0.003   0.011  -      (82.200,119.150)    80.620   -       
CTS_cdb_inv_00436/Y
-     INV_X2B_A9PP140ZTL_C30     fall   0.014   0.017   0.021  0.006  (82.060,118.950)     0.340      1    
CTS_cdb_inv_00437/A
-     INV_X2B_A9PP140ZTL_C30     fall   0.001   0.019   0.021  -      (83.460,156.050)    38.500   -       
CTS_cdb_inv_00437/Y
-     INV_X2B_A9PP140ZTL_C30     rise   0.013   0.032   0.016  0.006  (83.600,156.250)     0.340      1    
CTS_cdb_inv_00438/A
-     INV_X2B_A9PP140ZTL_C30     rise   0.001   0.033   0.016  -      (72.820,136.250)    30.780   -       
CTS_cdb_inv_00438/Y
-     INV_X2B_A9PP140ZTL_C30     fall   0.014   0.047   0.021  0.006  (72.960,136.450)     0.340      1    
CTS_cdb_inv_00439/A
-     INV_X2B_A9PP140ZTL_C30     fall   0.001   0.048   0.021  -      (91.860,118.250)    37.100   -       
CTS_cdb_inv_00439/Y
-     INV_X2B_A9PP140ZTL_C30     rise   0.014   0.062   0.017  0.006  (92.000,118.450)     0.340      1    
CTS_ccl_a_inv_00403/A
-     INV_X4B_A9PP140ZTL_C30     rise   0.001   0.063   0.017  -      (102.500,134.450)   26.500   -       
CTS_ccl_a_inv_00403/Y
-     INV_X4B_A9PP140ZTL_C30     fall   0.012   0.075   0.016  0.008  (102.640,134.250)    0.340      2    
CTS_ccl_inv_00400/A
-     INV_X6B_A9PP140ZTL_C30     fall   0.001   0.075   0.016  -      (101.800,135.350)    1.940   -       
CTS_ccl_inv_00400/Y
-     INV_X6B_A9PP140ZTL_C30     rise   0.010   0.085   0.013  0.013  (101.660,135.550)    0.340      2    
CTS_ccl_a_inv_00394/A
-     INV_X4B_A9PP140ZTL_C30     rise   0.001   0.087   0.013  -      (78.700,116.450)    42.060   -       
CTS_ccl_a_inv_00394/Y
-     INV_X4B_A9PP140ZTL_C30     fall   0.012   0.099   0.017  0.009  (78.560,116.250)     0.340      1    
CTS_ccl_a_inv_00386/A
-     INV_X6B_A9PP140ZTL_C30     fall   0.001   0.100   0.017  -      (25.080,114.650)    55.080   -       
CTS_ccl_a_inv_00386/Y
-     INV_X6B_A9PP140ZTL_C30     rise   0.010   0.110   0.012  0.012  (24.940,114.450)     0.340      2    
CTS_ccl_a_inv_00373/A
-     INV_X4B_A9PP140ZTL_C30     rise   0.000   0.111   0.012  -      (20.320,113.750)     5.320   -       
CTS_ccl_a_inv_00373/Y
-     INV_X4B_A9PP140ZTL_C30     fall   0.012   0.122   0.017  0.009  (20.180,113.950)     0.340      2    
CTS_ccl_a_inv_00346/A
-     INV_X6B_A9PP140ZTL_C30     fall   0.001   0.123   0.017  -      (18.920,113.750)     1.460   -       
CTS_ccl_a_inv_00346/Y
-     INV_X6B_A9PP140ZTL_C30     rise   0.011   0.134   0.013  0.013  (18.780,113.950)     0.340      3    
CTS_ccl_a_inv_00253/A
-     INV_X6B_A9PP140ZTL_C30     rise   0.001   0.135   0.013  -      (18.080,88.550)     26.100   -       
CTS_ccl_a_inv_00253/Y
-     INV_X6B_A9PP140ZTL_C30     fall   0.006   0.140   0.007  0.003  (17.940,88.750)      0.340      1    
FE_USKC3310_CTS_149/A
-     INV_X6B_A9PP140ZTL_C30     fall   0.000   0.140   0.007  -      (17.940,87.650)      1.100   -       
FE_USKC3310_CTS_149/Y
-     INV_X6B_A9PP140ZTL_C30     rise   0.004   0.145   0.005  0.003  (18.080,87.450)      0.340      1    
FE_USKC3311_CTS_149/A
-     INV_X6B_A9PP140ZTL_C30     rise   0.000   0.145   0.005  -      (17.660,87.650)      0.620   -       
FE_USKC3311_CTS_149/Y
-     INV_X6B_A9PP140ZTL_C30     fall   0.009   0.154   0.014  0.012  (17.520,87.450)      0.340      3    
CTS_ccl_a_inv_00041/A
-     INV_X6B_A9PP140ZTL_C30     fall   0.001   0.155   0.014  -      (24.800,79.550)     15.180   -       
CTS_ccl_a_inv_00041/Y
-     INV_X6B_A9PP140ZTL_C30     rise   0.011   0.167   0.014  0.017  (24.660,79.750)      0.340     19    
pp_fir_7_1_1_sum2_6_re_1_reg[22]/CK
-     DFFRPQ_X3M_A9PP140ZTL_C30  rise   0.001   0.167   0.014  -      (32.360,84.050)     12.000   -       
-----------------------------------------------------------------------------------------------------------------

