###############################################################
#  Generated by:      Cadence Innovus 23.14-s088_1
#  OS:                Linux x86_64(Host ID lnx-prd-05.ece.vt.edu)
#  Generated on:      Sun Jan 25 22:14:00 2026
#  Design:            b2u_3b_static
#  Command:           place_opt_design -phys_syn -out_dir ./invs2gns_tmp -prefix invs2genus_final
###############################################################
#Design Check : opt (1)
# --------------------------------------------------------------------------------------
# Message: Design is not placed. Place the design before running
#    Help: Use place_design or place_opt_design to place the design.
# --------------------------------------------------------------------------------------
dict set design_checks opt IMPOPT-2901 {
  severity warning
  count 1
  violations {
    {}
  }
}
#Design Check : opt (1)
# --------------------------------------------------------------------------------------
# Message: Maximum transition %.3f is too small compared to maximum transition threshold %.3f, this would result in excessive buffering.
#    Help: 
# --------------------------------------------------------------------------------------
dict set design_checks opt IMPOPT-2908 {
  severity warning
  count 1
  violations {
    {-0.000 0.447}
  }
}
#Design Check : opt (1)
# --------------------------------------------------------------------------------------
# Message: %d instance(s) out of %d are unplaced.
#    Help: 
# --------------------------------------------------------------------------------------
dict set design_checks opt IMPOPT-7276 {
  severity warning
  count 1
  violations {
    {7 199}
  }
}
#Design Check : opt (1)
# --------------------------------------------------------------------------------------
# Message: No constrained timing paths found. Design may not be constrained or library is missing timing information.
#    Help: Please check that the constraint mode definition.
# --------------------------------------------------------------------------------------
dict set design_checks opt IMPOPT-7286 {
  severity error
  count 1
  violations {
    {}
  }
}
