 ------------------------------------------------------------------------------------------------------------------------------------------------------ 
| Snapshot                | WNS                  | TNS                  | Density (%) | Hotspot      | Resource               | DRVs       | Layer-OPT |
|                         | HEPG (ns) | ALL (ns) | HEPG (ns) | ALL (ns) |             | Max  | Total | Real (s) | Memory (MB) | Tran | Cap | M8        |
|-------------------------+-----------+----------+-----------+----------+-------------+------+-------+----------+-------------+------+-----+-----------|
| initial_summary         |           |   -0.181 |           |      -23 |       61.65 |      |       | 0:00:46  |        5109 |    5 |   0 |           |
| route_type_refinement   |           |          |           |          |             |      |       | 0:00:14  |        5117 |      |     |        15 |
| simplify_netlist        |           |          |           |          |             |      |       | 0:00:04  |        5125 |      |     |           |
| drv_fixing              |           |          |           |          |             |      |       | 0:00:05  |        5125 |      |     |           |
| drv_fixing_2            |    -1.946 |   -1.946 |       -87 |      -87 |       61.65 |      |       | 0:00:09  |        5133 |    0 |   0 |        15 |
| global_opt              |           |   -0.485 |           |      -35 |       61.80 |      |       | 0:01:12  |        5141 |      |     |        36 |
| area_reclaiming         |    -0.481 |   -0.481 |       -32 |      -32 |       61.30 |      |       | 0:01:00  |        5141 |      |     |        36 |
| incremental_replacement |    -0.534 |   -0.534 |           |      -52 |             | 0.69 |  0.69 | 0:05:46  |        6570 |      |     |           |
| drv_fixing_3            |    -0.534 |   -0.534 |       -51 |      -51 |       61.31 |      |       | 0:00:11  |        6594 |    0 |   0 |        36 |
| tns_fixing              |    -0.354 |   -0.354 |       -30 |      -30 |       61.75 |      |       | 0:01:45  |        6618 |      |     |        36 |
| wns_fixing              |    -0.013 |   -0.013 |        -1 |       -1 |       62.20 |      |       | 0:04:13  |        6612 |      |     |        85 |
| tns_fixing_2            |    -0.008 |   -0.008 |        -0 |       -0 |       62.44 |      |       | 0:03:11  |        6612 |      |     |        99 |
| area_reclaiming_2       |    -0.007 |   -0.007 |        -0 |       -0 |       61.87 |      |       | 0:01:30  |        6612 |      |     |       102 |
| area_reclaiming_3       |    -0.002 |   -0.002 |        -0 |       -0 |       60.47 |      |       | 0:01:05  |        6612 |      |     |        86 |
| drv_eco_fixing          |    -0.002 |   -0.002 |        -0 |       -0 |       60.48 |      |       | 0:00:10  |        6612 |    0 |   0 |        86 |
| tns_eco_fixing          |    -0.002 |   -0.002 |        -0 |       -0 |       60.49 |      |       | 0:00:12  |        6612 |      |     |        86 |
| final_summary           |    -0.004 |   -0.004 |           |       -0 |       60.49 |      |       | 0:00:11  |        6580 |    0 |   0 |           |
 ------------------------------------------------------------------------------------------------------------------------------------------------------ 
