 ------------------------------------------------------------------------------------------------------------------------------------------------------ 
| Snapshot                | WNS                  | TNS                  | Density (%) | Hotspot      | Resource               | DRVs       | Layer-OPT |
|                         | HEPG (ns) | ALL (ns) | HEPG (ns) | ALL (ns) |             | Max  | Total | Real (s) | Memory (MB) | Tran | Cap | M8        |
|-------------------------+-----------+----------+-----------+----------+-------------+------+-------+----------+-------------+------+-----+-----------|
| initial_summary         |           |   -0.180 |           |     -364 |       68.35 |      |       | 0:00:09  |        3589 |    0 |   0 |           |
| route_type_refinement   |           |          |           |          |             |      |       | 0:00:00  |        3589 |      |     |           |
| simplify_netlist        |           |          |           |          |             |      |       | 0:00:04  |        3615 |      |     |           |
| drv_fixing              |           |          |           |          |             |      |       | 0:00:02  |        3615 |      |     |           |
| global_opt              |           |   -0.112 |           |     -169 |       68.50 |      |       | 0:01:03  |        3723 |      |     |         5 |
| area_reclaiming         |     0.000 |   -0.105 |         0 |     -164 |       65.95 |      |       | 0:00:21  |        3723 |      |     |         4 |
| incremental_replacement |    -0.021 |   -0.118 |           |     -186 |             | 0.00 |  0.00 | 0:01:01  |        3749 |      |     |           |
| tns_fixing              |    -0.005 |   -0.118 |        -0 |     -184 |       65.48 |      |       | 0:00:35  |        3866 |      |     |         4 |
| wns_fixing              |     0.004 |   -0.050 |         0 |      -68 |       68.90 |      |       | 0:07:29  |        3987 |      |     |        50 |
| tns_fixing_2            |     0.004 |   -0.053 |         0 |      -54 |       72.14 |      |       | 0:03:40  |        4011 |      |     |        77 |
| area_reclaiming_2       |    -0.001 |   -0.046 |        -0 |      -53 |       71.20 |      |       | 0:00:26  |        3882 |      |     |        85 |
| area_reclaiming_3       |    -0.005 |   -0.045 |        -0 |      -54 |       68.31 |      |       | 0:00:20  |        3881 |      |     |        59 |
| drv_eco_fixing          |    -0.005 |   -0.045 |        -0 |      -54 |       68.31 |      |       | 0:00:04  |        3883 |    2 |   0 |        59 |
| tns_eco_fixing          |    -0.002 |   -0.047 |        -0 |      -52 |       69.95 |      |       | 0:01:25  |        4004 |      |     |        59 |
| final_summary           |    -0.002 |   -0.041 |           |      -38 |       69.95 |      |       | 0:00:03  |        3867 |    0 |   0 |           |
 ------------------------------------------------------------------------------------------------------------------------------------------------------ 
