============================================================
  Generated by:           Genus(TM) Synthesis Solution 21.11-s126_1
  Generated on:           May 10 2024  05:06:37 pm
  Module:                 topVcoDigital
  Library domain:         timing_cond_wcl_slow
    Domain index:         0
    Technology library:   gf22nsdslogl28edl116a_SSG_0P72V_0P00V_0P00V_0P00V_125C 2020.04.15
  Library domain:         timing_cond_wcl_fast
    Domain index:         1
    Technology library:   gf22nsdslogl28edl116a_FFG_0P88V_0P00V_0P00V_0P00V_M40C 2020.04.15
  Library domain:         timing_cond_wcl_typical
    Domain index:         2
    Technology library:   gf22nsdslogl28edl116a_TT_0P80V_0P00V_0P00V_0P00V_25C 2020.09.15
  Operating conditions:   SSG_0P72V_0P00V_0P00V_0P00V_125C 
  Operating conditions:   FFG_0P88V_0P00V_0P00V_0P00V_M40C 
  Operating conditions:   TT_0P80V_0P00V_0P00V_0P00V_25C 
  Interconnect mode:      placement
  Area mode:              physical library
============================================================

                                              Leakage                                                            Library 
          Gate           Instances   Area   Power (nW)                          Library                           Domain 
-------------------------------------------------------------------------------------------------------------------------
UDBSVT28_ADDF_V1_1               1    1.128     40.417    gf22nsdslogl28edl116a_SSG_0P72V_0P00V_0P00V_0P00V_125C       0 
UDBSVT28_ADDH_1                  5    3.132    198.637    gf22nsdslogl28edl116a_SSG_0P72V_0P00V_0P00V_0P00V_125C       0 
UDBSVT28_AN2_MM_1                5    1.566     85.358    gf22nsdslogl28edl116a_SSG_0P72V_0P00V_0P00V_0P00V_125C       0 
UDBSVT28_AN3B_1                  3    1.128     49.355    gf22nsdslogl28edl116a_SSG_0P72V_0P00V_0P00V_0P00V_125C       0 
UDBSVT28_AN3B_3                  1    0.626     39.390    gf22nsdslogl28edl116a_SSG_0P72V_0P00V_0P00V_0P00V_125C       0 
UDBSVT28_AN3_2                   2    0.752     48.671    gf22nsdslogl28edl116a_SSG_0P72V_0P00V_0P00V_0P00V_125C       0 
UDBSVT28_AO21B_1                 1    0.376     20.731    gf22nsdslogl28edl116a_SSG_0P72V_0P00V_0P00V_0P00V_125C       0 
UDBSVT28_AO221_1                 1    0.501     22.020    gf22nsdslogl28edl116a_SSG_0P72V_0P00V_0P00V_0P00V_125C       0 
UDBSVT28_AO22_1                 13    5.700    317.734    gf22nsdslogl28edl116a_SSG_0P72V_0P00V_0P00V_0P00V_125C       0 
UDBSVT28_AO22_2                  1    0.501     29.357    gf22nsdslogl28edl116a_SSG_0P72V_0P00V_0P00V_0P00V_125C       0 
UDBSVT28_AO22_4                  2    1.879    111.534    gf22nsdslogl28edl116a_SSG_0P72V_0P00V_0P00V_0P00V_125C       0 
UDBSVT28_AO32_1                  1    0.501     19.415    gf22nsdslogl28edl116a_SSG_0P72V_0P00V_0P00V_0P00V_125C       0 
UDBSVT28_AOI211_1                1    0.376     12.147    gf22nsdslogl28edl116a_SSG_0P72V_0P00V_0P00V_0P00V_125C       0 
UDBSVT28_AOI222_1               48   27.060    697.355    gf22nsdslogl28edl116a_SSG_0P72V_0P00V_0P00V_0P00V_125C       0 
UDBSVT28_AOI22_1                16    5.011    142.637    gf22nsdslogl28edl116a_SSG_0P72V_0P00V_0P00V_0P00V_125C       0 
UDBSVT28_AOI22_MM_1              1    0.313     11.505    gf22nsdslogl28edl116a_SSG_0P72V_0P00V_0P00V_0P00V_125C       0 
UDBSVT28_AOI31_1                 1    0.313     11.883    gf22nsdslogl28edl116a_SSG_0P72V_0P00V_0P00V_0P00V_125C       0 
UDBSVT28_BUF_1                   8    1.503    133.348    gf22nsdslogl28edl116a_SSG_0P72V_0P00V_0P00V_0P00V_125C       0 
UDBSVT28_BUF_10                  1    1.002    109.942    gf22nsdslogl28edl116a_SSG_0P72V_0P00V_0P00V_0P00V_125C       0 
UDBSVT28_BUF_12P5               15   19.732   2094.857    gf22nsdslogl28edl116a_SSG_0P72V_0P00V_0P00V_0P00V_125C       0 
UDBSVT28_BUF_2                   1    0.251     21.331    gf22nsdslogl28edl116a_SSG_0P72V_0P00V_0P00V_0P00V_125C       0 
UDBSVT28_EN2_V2U_1               1    0.438     28.973    gf22nsdslogl28edl116a_SSG_0P72V_0P00V_0P00V_0P00V_125C       0 
UDBSVT28_EO2_V2_1                7    3.069    185.111    gf22nsdslogl28edl116a_SSG_0P72V_0P00V_0P00V_0P00V_125C       0 
UDBSVT28_FSDPQ_D_2              17   22.362   1005.912    gf22nsdslogl28edl116a_SSG_0P72V_0P00V_0P00V_0P00V_125C       0 
UDBSVT28_FSDPQ_F4SU3_2          16   38.085   1959.605    gf22nsdslogl28edl116a_SSG_0P72V_0P00V_0P00V_0P00V_125C       0 
UDBSVT28_FSDPQ_V2SU3_2           5    8.456    448.615    gf22nsdslogl28edl116a_SSG_0P72V_0P00V_0P00V_0P00V_125C       0 
UDBSVT28_FSDPQ_V2SU3_8         128  272.609  18093.011    gf22nsdslogl28edl116a_SSG_0P72V_0P00V_0P00V_0P00V_125C       0 
UDBSVT28_FSDPRBQ_D_1            72   99.222   4193.572    gf22nsdslogl28edl116a_SSG_0P72V_0P00V_0P00V_0P00V_125C       0 
UDBSVT28_FSDPRBQ_SU2_12         16   48.108   3081.110    gf22nsdslogl28edl116a_SSG_0P72V_0P00V_0P00V_0P00V_125C       0 
UDBSVT28_FSDPSBQ_D_4             1    1.942     89.438    gf22nsdslogl28edl116a_SSG_0P72V_0P00V_0P00V_0P00V_125C       0 
UDBSVT28_INV_1                  27    3.383    222.427    gf22nsdslogl28edl116a_SSG_0P72V_0P00V_0P00V_0P00V_125C       0 
UDBSVT28_INV_12                  1    0.814    116.676    gf22nsdslogl28edl116a_SSG_0P72V_0P00V_0P00V_0P00V_125C       0 
UDBSVT28_INV_S_8                 1    0.689     58.792    gf22nsdslogl28edl116a_SSG_0P72V_0P00V_0P00V_0P00V_125C       0 
UDBSVT28_MUXI2_1                 1    0.438     20.564    gf22nsdslogl28edl116a_SSG_0P72V_0P00V_0P00V_0P00V_125C       0 
UDBSVT28_ND2B_1                  3    0.940     49.926    gf22nsdslogl28edl116a_SSG_0P72V_0P00V_0P00V_0P00V_125C       0 
UDBSVT28_ND2B_MM_1               2    0.626     30.502    gf22nsdslogl28edl116a_SSG_0P72V_0P00V_0P00V_0P00V_125C       0 
UDBSVT28_ND2B_V1_1               1    0.313     15.395    gf22nsdslogl28edl116a_SSG_0P72V_0P00V_0P00V_0P00V_125C       0 
UDBSVT28_ND2_1                  16    3.007     91.344    gf22nsdslogl28edl116a_SSG_0P72V_0P00V_0P00V_0P00V_125C       0 
UDBSVT28_ND2_MM_1                1    0.188      6.398    gf22nsdslogl28edl116a_SSG_0P72V_0P00V_0P00V_0P00V_125C       0 
UDBSVT28_ND2_MM_10               1    1.315     58.687    gf22nsdslogl28edl116a_SSG_0P72V_0P00V_0P00V_0P00V_125C       0 
UDBSVT28_ND2_MM_12               9   14.094    301.532    gf22nsdslogl28edl116a_SSG_0P72V_0P00V_0P00V_0P00V_125C       0 
UDBSVT28_ND4_1                   1    0.313      4.068    gf22nsdslogl28edl116a_SSG_0P72V_0P00V_0P00V_0P00V_125C       0 
UDBSVT28_NR2B_1                 13    4.072    232.859    gf22nsdslogl28edl116a_SSG_0P72V_0P00V_0P00V_0P00V_125C       0 
UDBSVT28_NR2_1                   3    0.564     26.998    gf22nsdslogl28edl116a_SSG_0P72V_0P00V_0P00V_0P00V_125C       0 
UDBSVT28_NR2_1P75                4    1.253     58.459    gf22nsdslogl28edl116a_SSG_0P72V_0P00V_0P00V_0P00V_125C       0 
UDBSVT28_NR2_MM_1                8    1.503     78.852    gf22nsdslogl28edl116a_SSG_0P72V_0P00V_0P00V_0P00V_125C       0 
UDBSVT28_NR4B_1                  1    0.438     15.021    gf22nsdslogl28edl116a_SSG_0P72V_0P00V_0P00V_0P00V_125C       0 
UDBSVT28_OAI2111_1               1    0.376      8.535    gf22nsdslogl28edl116a_SSG_0P72V_0P00V_0P00V_0P00V_125C       0 
UDBSVT28_OAI21B_1               16    5.011    290.377    gf22nsdslogl28edl116a_SSG_0P72V_0P00V_0P00V_0P00V_125C       0 
UDBSVT28_OAI222_1               16    9.020    343.880    gf22nsdslogl28edl116a_SSG_0P72V_0P00V_0P00V_0P00V_125C       0 
UDBSVT28_OAI22_1                 1    0.313     12.252    gf22nsdslogl28edl116a_SSG_0P72V_0P00V_0P00V_0P00V_125C       0 
UDBSVT28_OAI31_1                 1    0.313     12.889    gf22nsdslogl28edl116a_SSG_0P72V_0P00V_0P00V_0P00V_125C       0 
UDBSVT28_OR2_1                   2    0.626     33.967    gf22nsdslogl28edl116a_SSG_0P72V_0P00V_0P00V_0P00V_125C       0 
-------------------------------------------------------------------------------------------------------------------------
total                          521  617.255  35393.372                                                           


                                          Leakage  Leakage 
     Type      Instances   Area  Area % Power (nW) Power % 
-----------------------------------------------------------
sequential           255 490.784   56.1  28871.262    81.6 
inverter              29   4.886    0.6    397.895     1.1 
buffer                25  22.488    2.6   2359.479     6.7 
logic                212  99.096   11.3   3764.736    10.6 
physical_cells      1190 256.949   29.4      0.000     0.0 
-----------------------------------------------------------
total               1711 874.204  100.0  35393.372   100.0 

