============================================================
  Generated by:           Genus(TM) Synthesis Solution 21.11-s126_1
  Generated on:           May 10 2024  05:06:38 pm
  Module:                 topVcoDigital
  Library domain:         timing_cond_wcl_slow
    Domain index:         0
    Technology library:   gf22nsdslogl28edl116a_SSG_0P72V_0P00V_0P00V_0P00V_125C 2020.04.15
  Library domain:         timing_cond_wcl_fast
    Domain index:         1
    Technology library:   gf22nsdslogl28edl116a_FFG_0P88V_0P00V_0P00V_0P00V_M40C 2020.04.15
  Library domain:         timing_cond_wcl_typical
    Domain index:         2
    Technology library:   gf22nsdslogl28edl116a_TT_0P80V_0P00V_0P00V_0P00V_25C 2020.09.15
  Operating conditions:   SSG_0P72V_0P00V_0P00V_0P00V_125C 
  Operating conditions:   FFG_0P88V_0P00V_0P00V_0P00V_M40C 
  Operating conditions:   TT_0P80V_0P00V_0P00V_0P00V_25C 
  Interconnect mode:      placement
  Area mode:              physical library
============================================================

Timing
--------

  Analysis view  Clock  Period 
-------------------------------
view_wcl_slow    clk   30000.0 
                 sclk  31250.0 
view_wcl_fast    clk   20000.0 
                 sclk  31250.0 
view_wcl_typical clk   25000.0 
                 sclk  31250.0 


    Analysis       Cost   Critical            Violating 
      View        Group  Path Slack    TNS      Paths   
--------------------------------------------------------
view_wcl_slow        clk     -320.8 -45709.3        149 
                 default   No paths      0.0          0 
                    sclk    29337.9      0.0          0 
--------------------------------------------------------
Total                               -45709.3        149 
                                                        
view_wcl_fast        clk      214.9      0.0          0 
                 default   No paths      0.0          0 
                    sclk    30048.0      0.0          0 
--------------------------------------------------------
Total                                   -0.0          0 
                                                        
view_wcl_typical     clk     4949.5      0.0          0 
                 default   No paths      0.0          0 
                    sclk    29722.2      0.0          0 
--------------------------------------------------------
Total                                   -0.0          0 
                                                        

Instance Count
--------------
Leaf Instance Count              521 
Physical Instance count         1190 
Sequential Instance Count        255 
Combinational Instance Count     266 
Hierarchical Instance Count        1 

Area
----
Cell Area                          617.255
Physical Cell Area                 256.949
Total Cell Area (Cell+Physical)    874.204
Net Area                           200.412
Total Area (Cell+Physical+Net)     1074.616

Floorplan Utilization              27.72%
Runtime                            0.0 seconds
Elapsed Runtime                    2138 seconds
Genus peak memory usage            4555.50 
Innovus peak memory usage          3362.300781 
Hostname                           cluster12.lan.ece

Physical Data
-------------
Total Net Length                   4660.34 um
Average Net Length                 8.54 um
