============================================================
  Generated by:           Genus(TM) Synthesis Solution 21.11-s126_1
  Generated on:           May 10 2024  04:45:42 pm
  Module:                 topVcoDigital
  Library domain:         timing_cond_wcl_slow
    Domain index:         0
    Technology library:   gf22nsdslogl28edl116a_SSG_0P72V_0P00V_0P00V_0P00V_125C 2020.04.15
  Library domain:         timing_cond_wcl_fast
    Domain index:         1
    Technology library:   gf22nsdslogl28edl116a_FFG_0P88V_0P00V_0P00V_0P00V_M40C 2020.04.15
  Library domain:         timing_cond_wcl_typical
    Domain index:         2
    Technology library:   gf22nsdslogl28edl116a_TT_0P80V_0P00V_0P00V_0P00V_25C 2020.09.15
  Operating conditions:   SSG_0P72V_0P00V_0P00V_0P00V_125C 
  Operating conditions:   FFG_0P88V_0P00V_0P00V_0P00V_M40C 
  Operating conditions:   TT_0P80V_0P00V_0P00V_0P00V_25C 
  Interconnect mode:      spatial
  Area mode:              physical library
============================================================

Timing
--------

  Analysis view  Clock  Period 
-------------------------------
view_wcl_slow    clk   30000.0 
                 sclk  31250.0 
view_wcl_fast    clk   20000.0 
                 sclk  31250.0 
view_wcl_typical clk   25000.0 
                 sclk  31250.0 


    Analysis       Cost   Critical            Violating 
      View        Group  Path Slack    TNS      Paths   
--------------------------------------------------------
view_wcl_slow        clk     -343.9 -50192.1        149 
                 default   No paths      0.0          0 
                    sclk    29613.2      0.0          0 
--------------------------------------------------------
Total                               -50192.1        149 
                                                        
view_wcl_fast        clk      207.2      0.0          0 
                 default   No paths      0.0          0 
                    sclk    30190.5      0.0          0 
--------------------------------------------------------
Total                                   -0.0          0 
                                                        
view_wcl_typical     clk     4937.6      0.0          0 
                 default   No paths      0.0          0 
                    sclk    29913.3      0.0          0 
--------------------------------------------------------
Total                                   -0.0          0 
                                                        

Instance Count
--------------
Leaf Instance Count              677 
Physical Instance count         1190 
Sequential Instance Count        255 
Combinational Instance Count     422 
Hierarchical Instance Count        2 

Area
----
Cell Area                          899.842
Physical Cell Area                 256.949
Total Cell Area (Cell+Physical)    1156.791
Net Area                           1.300
Total Area (Cell+Physical+Net)     1158.091

Floorplan Utilization              22.89%
Runtime                            0.0 seconds
Elapsed Runtime                    882 seconds
Genus peak memory usage            3973.94 
Innovus peak memory usage          no_value 
Hostname                           cluster12.lan.ece
