============================================================
  Generated by:           Genus(TM) Synthesis Solution 21.11-s126_1
  Generated on:           May 10 2024  04:53:11 pm
  Module:                 topVcoDigital
  Library domain:         timing_cond_wcl_slow
    Domain index:         0
    Technology library:   gf22nsdslogl28edl116a_SSG_0P72V_0P00V_0P00V_0P00V_125C 2020.04.15
  Library domain:         timing_cond_wcl_fast
    Domain index:         1
    Technology library:   gf22nsdslogl28edl116a_FFG_0P88V_0P00V_0P00V_0P00V_M40C 2020.04.15
  Library domain:         timing_cond_wcl_typical
    Domain index:         2
    Technology library:   gf22nsdslogl28edl116a_TT_0P80V_0P00V_0P00V_0P00V_25C 2020.09.15
  Operating conditions:   SSG_0P72V_0P00V_0P00V_0P00V_125C 
  Operating conditions:   FFG_0P88V_0P00V_0P00V_0P00V_M40C 
  Operating conditions:   TT_0P80V_0P00V_0P00V_0P00V_25C 
  Interconnect mode:      spatial
  Area mode:              physical library
============================================================

Timing
--------

  Analysis view  Clock  Period 
-------------------------------
view_wcl_slow    clk   30000.0 
                 sclk  31250.0 
view_wcl_fast    clk   20000.0 
                 sclk  31250.0 
view_wcl_typical clk   25000.0 
                 sclk  31250.0 


    Analysis       Cost   Critical            Violating 
      View        Group  Path Slack    TNS      Paths   
--------------------------------------------------------
view_wcl_slow        clk     -299.5 -43277.9        149 
                 default   No paths      0.0          0 
                    sclk    29507.4      0.0          0 
--------------------------------------------------------
Total                               -43277.9        149 
                                                        
view_wcl_fast        clk      227.5      0.0          0 
                 default   No paths      0.0          0 
                    sclk    30144.5      0.0          0 
--------------------------------------------------------
Total                                   -0.0          0 
                                                        
view_wcl_typical     clk     4968.8      0.0          0 
                 default   No paths      0.0          0 
                    sclk    29847.5      0.0          0 
--------------------------------------------------------
Total                                   -0.0          0 
                                                        

Instance Count
--------------
Leaf Instance Count              543 
Physical Instance count         1190 
Sequential Instance Count        255 
Combinational Instance Count     288 
Hierarchical Instance Count        1 

Area
----
Cell Area                          533.317
Physical Cell Area                 256.949
Total Cell Area (Cell+Physical)    790.266
Net Area                           125.616
Total Area (Cell+Physical+Net)     915.882

Floorplan Utilization              23.95%
Runtime                            0.0 seconds
Elapsed Runtime                    1331 seconds
Genus peak memory usage            3965.97 
Innovus peak memory usage          no_value 
Hostname                           cluster12.lan.ece
