============================================================
  Generated by:           Genus(TM) Synthesis Solution 21.11-s126_1
  Generated on:           May 10 2024  04:53:11 pm
  Module:                 topVcoDigital
  Library domain:         timing_cond_wcl_slow
    Domain index:         0
    Technology library:   gf22nsdslogl28edl116a_SSG_0P72V_0P00V_0P00V_0P00V_125C 2020.04.15
  Library domain:         timing_cond_wcl_fast
    Domain index:         1
    Technology library:   gf22nsdslogl28edl116a_FFG_0P88V_0P00V_0P00V_0P00V_M40C 2020.04.15
  Library domain:         timing_cond_wcl_typical
    Domain index:         2
    Technology library:   gf22nsdslogl28edl116a_TT_0P80V_0P00V_0P00V_0P00V_25C 2020.09.15
  Operating conditions:   SSG_0P72V_0P00V_0P00V_0P00V_125C 
  Operating conditions:   FFG_0P88V_0P00V_0P00V_0P00V_M40C 
  Operating conditions:   TT_0P80V_0P00V_0P00V_0P00V_25C 
  Interconnect mode:      spatial
  Area mode:              physical library
============================================================

   Instance    Module   Cell Count  Cell Area  Net Area   Total Area 
---------------------------------------------------------------------
topVcoDigital                  543    533.317   125.616      658.933 
  fifo_inst   fifo_32b         385    377.406    82.237      459.643 
