============================================================
  Generated by:           Genus(TM) Synthesis Solution 21.11-s126_1
  Generated on:           May 10 2024  04:35:35 pm
  Module:                 topVcoDigital
  Library domain:         timing_cond_wcl_slow
    Domain index:         0
    Technology library:   gf22nsdslogl28edl116a_SSG_0P72V_0P00V_0P00V_0P00V_125C 2020.04.15
  Library domain:         timing_cond_wcl_fast
    Domain index:         1
    Technology library:   gf22nsdslogl28edl116a_FFG_0P88V_0P00V_0P00V_0P00V_M40C 2020.04.15
  Library domain:         timing_cond_wcl_typical
    Domain index:         2
    Technology library:   gf22nsdslogl28edl116a_TT_0P80V_0P00V_0P00V_0P00V_25C 2020.09.15
  Operating conditions:   SSG_0P72V_0P00V_0P00V_0P00V_125C 
  Operating conditions:   FFG_0P88V_0P00V_0P00V_0P00V_M40C 
  Operating conditions:   TT_0P80V_0P00V_0P00V_0P00V_25C 
  Interconnect mode:      global
  Area mode:              physical library
============================================================

Aspect ratio        : 1.000
Shrink factor       : 1.000
Scale of res/length : 1.000
Scale of cap/length : 1.000
Net derating factor : 1.000
Thermal factor      : 1.263
Via Resistance      : 15.885 ohm (from qrc_tech_file)
Site size           : 0.656 um (from lef [tech+cell])

                                   Capacitance  
  Layer                             / Length         Data source:
Name        Direction Utilization  (pF/micron)       qrc_tech_file
------------------------------------------------
M1              H         0.00        0.000219  
M2              V         1.00        0.000213  
C1              H         1.00        0.000214  
C2              V         1.00        0.000208  
C3              H         1.00        0.000208  
C4              V         1.00        0.000209  
C5              H         1.00        0.000213  
JA              V         1.00        0.000413  
OI              H         1.00        0.000723  
LB              V         1.00        0.000397  

                                    Resistance   
  Layer                              / Length         Data source:
Name        Direction Utilization  (ohm/micron)       qrc_tech_file
-------------------------------------------------
M1              H         0.00        20.650671  
M2              V         1.00        20.711235  
C1              H         1.00        14.027182  
C2              V         1.00        13.603305  
C3              H         1.00        13.603305  
C4              V         1.00        13.603305  
C5              H         1.00        13.603305  
JA              V         1.00         0.052687  
OI              H         1.00         0.004405  
LB              V         1.00         0.009184  

                                        Area     
  Layer                               / Length        Data source:
Name        Direction Utilization     (micron)        lef_library
-------------------------------------------------
M1              H         0.00         0.040000  
M2              V         1.00         0.040000  
C1              H         1.00         0.044000  
C2              V         1.00         0.044000  
C3              H         1.00         0.044000  
C4              V         1.00         0.044000  
C5              H         1.00         0.044000  
JA              V         1.00         0.450000  
OI              H         1.00         1.800000  
LB              V         1.00         1.800000  

