============================================================
  Generated by:           Genus(TM) Synthesis Solution 21.11-s126_1
  Generated on:           May 10 2024  05:06:35 pm
  Module:                 topVcoDigital
  Library domain:         timing_cond_wcl_slow
    Domain index:         0
    Technology library:   gf22nsdslogl28edl116a_SSG_0P72V_0P00V_0P00V_0P00V_125C 2020.04.15
  Library domain:         timing_cond_wcl_fast
    Domain index:         1
    Technology library:   gf22nsdslogl28edl116a_FFG_0P88V_0P00V_0P00V_0P00V_M40C 2020.04.15
  Library domain:         timing_cond_wcl_typical
    Domain index:         2
    Technology library:   gf22nsdslogl28edl116a_TT_0P80V_0P00V_0P00V_0P00V_25C 2020.09.15
  Operating conditions:   SSG_0P72V_0P00V_0P00V_0P00V_125C 
  Operating conditions:   FFG_0P88V_0P00V_0P00V_0P00V_M40C 
  Operating conditions:   TT_0P80V_0P00V_0P00V_0P00V_25C 
  Interconnect mode:      placement
  Area mode:              physical library
============================================================

                                                                                                      Library 
          Gate           Instances   Area                            Library                           Domain 
--------------------------------------------------------------------------------------------------------------
UDBSVT28_ADDF_V1_1               1    1.128    gf22nsdslogl28edl116a_SSG_0P72V_0P00V_0P00V_0P00V_125C       0 
UDBSVT28_ADDH_1                  5    3.132    gf22nsdslogl28edl116a_SSG_0P72V_0P00V_0P00V_0P00V_125C       0 
UDBSVT28_AN2_MM_1                5    1.566    gf22nsdslogl28edl116a_SSG_0P72V_0P00V_0P00V_0P00V_125C       0 
UDBSVT28_AN3B_1                  3    1.128    gf22nsdslogl28edl116a_SSG_0P72V_0P00V_0P00V_0P00V_125C       0 
UDBSVT28_AN3B_3                  1    0.626    gf22nsdslogl28edl116a_SSG_0P72V_0P00V_0P00V_0P00V_125C       0 
UDBSVT28_AN3_2                   2    0.752    gf22nsdslogl28edl116a_SSG_0P72V_0P00V_0P00V_0P00V_125C       0 
UDBSVT28_AO21B_1                 1    0.376    gf22nsdslogl28edl116a_SSG_0P72V_0P00V_0P00V_0P00V_125C       0 
UDBSVT28_AO221_1                 1    0.501    gf22nsdslogl28edl116a_SSG_0P72V_0P00V_0P00V_0P00V_125C       0 
UDBSVT28_AO22_1                 13    5.700    gf22nsdslogl28edl116a_SSG_0P72V_0P00V_0P00V_0P00V_125C       0 
UDBSVT28_AO22_2                  1    0.501    gf22nsdslogl28edl116a_SSG_0P72V_0P00V_0P00V_0P00V_125C       0 
UDBSVT28_AO22_4                  2    1.879    gf22nsdslogl28edl116a_SSG_0P72V_0P00V_0P00V_0P00V_125C       0 
UDBSVT28_AO32_1                  1    0.501    gf22nsdslogl28edl116a_SSG_0P72V_0P00V_0P00V_0P00V_125C       0 
UDBSVT28_AOI211_1                1    0.376    gf22nsdslogl28edl116a_SSG_0P72V_0P00V_0P00V_0P00V_125C       0 
UDBSVT28_AOI222_1               48   27.060    gf22nsdslogl28edl116a_SSG_0P72V_0P00V_0P00V_0P00V_125C       0 
UDBSVT28_AOI22_1                16    5.011    gf22nsdslogl28edl116a_SSG_0P72V_0P00V_0P00V_0P00V_125C       0 
UDBSVT28_AOI22_MM_1              1    0.313    gf22nsdslogl28edl116a_SSG_0P72V_0P00V_0P00V_0P00V_125C       0 
UDBSVT28_AOI31_1                 1    0.313    gf22nsdslogl28edl116a_SSG_0P72V_0P00V_0P00V_0P00V_125C       0 
UDBSVT28_BUF_1                   8    1.503    gf22nsdslogl28edl116a_SSG_0P72V_0P00V_0P00V_0P00V_125C       0 
UDBSVT28_BUF_10                  1    1.002    gf22nsdslogl28edl116a_SSG_0P72V_0P00V_0P00V_0P00V_125C       0 
UDBSVT28_BUF_12P5               15   19.732    gf22nsdslogl28edl116a_SSG_0P72V_0P00V_0P00V_0P00V_125C       0 
UDBSVT28_BUF_2                   1    0.251    gf22nsdslogl28edl116a_SSG_0P72V_0P00V_0P00V_0P00V_125C       0 
UDBSVT28_EN2_V2U_1               1    0.438    gf22nsdslogl28edl116a_SSG_0P72V_0P00V_0P00V_0P00V_125C       0 
UDBSVT28_EO2_V2_1                7    3.069    gf22nsdslogl28edl116a_SSG_0P72V_0P00V_0P00V_0P00V_125C       0 
UDBSVT28_FSDPQ_D_2              17   22.362    gf22nsdslogl28edl116a_SSG_0P72V_0P00V_0P00V_0P00V_125C       0 
UDBSVT28_FSDPQ_F4SU3_2          16   38.085    gf22nsdslogl28edl116a_SSG_0P72V_0P00V_0P00V_0P00V_125C       0 
UDBSVT28_FSDPQ_V2SU3_2           5    8.456    gf22nsdslogl28edl116a_SSG_0P72V_0P00V_0P00V_0P00V_125C       0 
UDBSVT28_FSDPQ_V2SU3_8         128  272.609    gf22nsdslogl28edl116a_SSG_0P72V_0P00V_0P00V_0P00V_125C       0 
UDBSVT28_FSDPRBQ_D_1            72   99.222    gf22nsdslogl28edl116a_SSG_0P72V_0P00V_0P00V_0P00V_125C       0 
UDBSVT28_FSDPRBQ_SU2_12         16   48.108    gf22nsdslogl28edl116a_SSG_0P72V_0P00V_0P00V_0P00V_125C       0 
UDBSVT28_FSDPSBQ_D_4             1    1.942    gf22nsdslogl28edl116a_SSG_0P72V_0P00V_0P00V_0P00V_125C       0 
UDBSVT28_INV_1                  27    3.383    gf22nsdslogl28edl116a_SSG_0P72V_0P00V_0P00V_0P00V_125C       0 
UDBSVT28_INV_12                  1    0.814    gf22nsdslogl28edl116a_SSG_0P72V_0P00V_0P00V_0P00V_125C       0 
UDBSVT28_INV_S_8                 1    0.689    gf22nsdslogl28edl116a_SSG_0P72V_0P00V_0P00V_0P00V_125C       0 
UDBSVT28_MUXI2_1                 1    0.438    gf22nsdslogl28edl116a_SSG_0P72V_0P00V_0P00V_0P00V_125C       0 
UDBSVT28_ND2B_1                  3    0.940    gf22nsdslogl28edl116a_SSG_0P72V_0P00V_0P00V_0P00V_125C       0 
UDBSVT28_ND2B_MM_1               2    0.626    gf22nsdslogl28edl116a_SSG_0P72V_0P00V_0P00V_0P00V_125C       0 
UDBSVT28_ND2B_V1_1               1    0.313    gf22nsdslogl28edl116a_SSG_0P72V_0P00V_0P00V_0P00V_125C       0 
UDBSVT28_ND2_1                  16    3.007    gf22nsdslogl28edl116a_SSG_0P72V_0P00V_0P00V_0P00V_125C       0 
UDBSVT28_ND2_MM_1                1    0.188    gf22nsdslogl28edl116a_SSG_0P72V_0P00V_0P00V_0P00V_125C       0 
UDBSVT28_ND2_MM_10               1    1.315    gf22nsdslogl28edl116a_SSG_0P72V_0P00V_0P00V_0P00V_125C       0 
UDBSVT28_ND2_MM_12               9   14.094    gf22nsdslogl28edl116a_SSG_0P72V_0P00V_0P00V_0P00V_125C       0 
UDBSVT28_ND4_1                   1    0.313    gf22nsdslogl28edl116a_SSG_0P72V_0P00V_0P00V_0P00V_125C       0 
UDBSVT28_NR2B_1                 13    4.072    gf22nsdslogl28edl116a_SSG_0P72V_0P00V_0P00V_0P00V_125C       0 
UDBSVT28_NR2_1                   3    0.564    gf22nsdslogl28edl116a_SSG_0P72V_0P00V_0P00V_0P00V_125C       0 
UDBSVT28_NR2_1P75                4    1.253    gf22nsdslogl28edl116a_SSG_0P72V_0P00V_0P00V_0P00V_125C       0 
UDBSVT28_NR2_MM_1                8    1.503    gf22nsdslogl28edl116a_SSG_0P72V_0P00V_0P00V_0P00V_125C       0 
UDBSVT28_NR4B_1                  1    0.438    gf22nsdslogl28edl116a_SSG_0P72V_0P00V_0P00V_0P00V_125C       0 
UDBSVT28_OAI2111_1               1    0.376    gf22nsdslogl28edl116a_SSG_0P72V_0P00V_0P00V_0P00V_125C       0 
UDBSVT28_OAI21B_1               16    5.011    gf22nsdslogl28edl116a_SSG_0P72V_0P00V_0P00V_0P00V_125C       0 
UDBSVT28_OAI222_1               16    9.020    gf22nsdslogl28edl116a_SSG_0P72V_0P00V_0P00V_0P00V_125C       0 
UDBSVT28_OAI22_1                 1    0.313    gf22nsdslogl28edl116a_SSG_0P72V_0P00V_0P00V_0P00V_125C       0 
UDBSVT28_OAI31_1                 1    0.313    gf22nsdslogl28edl116a_SSG_0P72V_0P00V_0P00V_0P00V_125C       0 
UDBSVT28_OR2_1                   2    0.626    gf22nsdslogl28edl116a_SSG_0P72V_0P00V_0P00V_0P00V_125C       0 
--------------------------------------------------------------------------------------------------------------
total                          521  617.255                                                           


                                        
     Type      Instances   Area  Area % 
----------------------------------------
sequential           255 490.784   56.1 
inverter              29   4.886    0.6 
buffer                25  22.488    2.6 
logic                212  99.096   11.3 
physical_cells      1190 256.949   29.4 
----------------------------------------
total               1711 874.204  100.0 

