============================================================
  Generated by:           Genus(TM) Synthesis Solution 22.10-p001_1
  Generated on:           Jan 21 2025  03:49:42 pm
  Module:                 pp_fir_u_6
  Library domain:         timing_cond_wcl_slow
    Domain index:         0
    Technology library:   sc9mcpp140z_cln28ht_base_lvt_c30_ssg_cworstt_max_0p81v_125c 1.0
  Library domain:         timing_cond_wcl_fast
    Domain index:         1
    Technology library:   sc9mcpp140z_cln28ht_base_lvt_c30_ffg_cbestt_min_0p99v_m40c 1.0
  Library domain:         timing_cond_wcl_typical
    Domain index:         2
    Technology library:   sc9mcpp140z_cln28ht_base_lvt_c30_tt_ctypical_max_0p90v_25c 1.0
  Operating conditions:   ssg_cworstt_max_0p81v_125c 
  Operating conditions:   ffg_cbestt_min_0p99v_m40c 
  Operating conditions:   tt_ctypical_max_0p90v_25c 
  Interconnect mode:      spatial
  Area mode:              physical library
============================================================

                     Instance                                    Module                Cell Count  Cell Area  Net Area   Total Area 
------------------------------------------------------------------------------------------------------------------------------------
pp_fir_u_6                                                                                  22448  38666.566    84.618    38751.184 
  pp_fir_6_1_1_ADD_TC_OP                           add_signed                                 118    175.555     0.000      175.555 
  pp_fir_6_1_1_ADD_TC_OP3949                       add_signed                                 118    175.555     0.000      175.555 
  pp_fir_6_1_1_add_598_34                          add_signed_2396                            160    208.165     0.000      208.165 
  pp_fir_6_1_1_add_599_34                          add_signed_2396                            160    208.165     0.000      208.165 
  pp_fir_6_1_1_add_619_34                          add_signed_357                             181    235.341     0.000      235.341 
  pp_fir_6_1_1_add_620_34                          add_signed_357                             181    235.341     0.000      235.341 
  pp_fir_6_1_1_add_734_34                          add_signed_359_2382                        185    241.320     0.000      241.320 
  pp_fir_6_1_1_add_735_34                          add_signed_359_2382                        185    241.320     0.000      241.320 
  pp_fir_6_1_1_add_849_34                          add_signed_361                             202    264.691     0.000      264.691 
  pp_fir_6_1_1_add_850_34                          add_signed_361                             202    264.691     0.000      264.691 
  pp_fir_6_1_1_add_870_34                          add_signed_264_34_2377                     215    280.996     0.000      280.996 
  pp_fir_6_1_1_add_871_34                          add_signed_264_34_2377                     215    280.996     0.000      280.996 
  pp_fir_6_1_1_add_891_34                          add_signed_264_34_2379                     215    280.996     0.000      280.996 
  pp_fir_6_1_1_add_892_34                          add_signed_264_34_2379                     215    280.996     0.000      280.996 
  pp_fir_6_1_1_add_1006_34                         add_signed_363                             197    256.538     0.000      256.538 
  pp_fir_6_1_1_add_1007_34                         add_signed_363                             197    256.538     0.000      256.538 
  pp_fir_6_1_1_add_1121_35                         add_signed_359                             185    241.320     0.000      241.320 
  pp_fir_6_1_1_add_1122_35                         add_signed_359                             185    241.320     0.000      241.320 
  pp_fir_6_1_1_add_1142_34                         add_signed_253                             206    268.495     0.000      268.495 
  pp_fir_6_1_1_add_1143_34                         add_signed_253                             206    268.495     0.000      268.495 
  pp_fir_6_1_1_add_1257_35                         add_signed_367                             169    219.579     0.000      219.579 
  pp_fir_6_1_1_add_1258_35                         add_signed_367                             169    219.579     0.000      219.579 
  pp_fir_6_1_1_add_1369_35                         add_signed_369                             164    211.426     0.000      211.426 
  pp_fir_6_1_1_add_1370_35                         add_signed_369                             164    211.426     0.000      211.426 
  pp_fir_6_1_1_add_1390_34                         add_signed_264_34_2375                     198    258.168     0.000      258.168 
  pp_fir_6_1_1_add_1391_34                         add_signed_264_34_2375                     198    258.168     0.000      258.168 
  pp_fir_6_1_1_add_1411_34                         add_signed_264_34                          216    282.083     0.000      282.083 
  pp_fir_6_1_1_add_1412_34                         add_signed_264_34                          216    282.083     0.000      282.083 
  pp_fir_6_1_1_const_mul_1333_44                   mult_signed_const_23848                    172    213.057     0.000      213.057 
  pp_fir_6_1_1_const_mul_1334_44                   mult_signed_const_23848                    172    213.057     0.000      213.057 
  pp_fir_6_1_1_csa_tree_ADD_TC_OP_groupi           csa_tree_ADD_TC_OP_group_22733             349    461.442     0.000      461.442 
  pp_fir_6_1_1_csa_tree_ADD_TC_OP_groupi3951       csa_tree_ADD_TC_OP_group_22733             349    461.442     0.000      461.442 
  pp_fir_6_1_1_csa_tree_ADD_TC_OP_groupi3952       csa_tree_ADD_TC_OP_group_21339             362    476.117     0.000      476.117 
  pp_fir_6_1_1_csa_tree_ADD_TC_OP_groupi3953       csa_tree_ADD_TC_OP_group_21339             362    476.117     0.000      476.117 
  pp_fir_6_1_1_csa_tree_ADD_TC_OP_groupi3954       csa_tree_ADD_TC_OP_group_19383             544    724.502     0.000      724.502 
  pp_fir_6_1_1_csa_tree_ADD_TC_OP_groupi3955       csa_tree_ADD_TC_OP_group_19383             544    724.502     0.000      724.502 
  pp_fir_6_1_1_csa_tree_ADD_TC_OP_groupi3956       csa_tree_ADD_TC_OP_group_17833             394    513.619     0.000      513.619 
  pp_fir_6_1_1_csa_tree_ADD_TC_OP_groupi3957       csa_tree_ADD_TC_OP_group_17833             394    513.619     0.000      513.619 
  pp_fir_6_1_1_csa_tree_ADD_TC_OP_groupi3958       csa_tree_ADD_TC_OP_group_15857             559    744.612     0.000      744.612 
  pp_fir_6_1_1_csa_tree_ADD_TC_OP_groupi3959       csa_tree_ADD_TC_OP_group_15857             559    744.612     0.000      744.612 
  pp_fir_6_1_1_csa_tree_ADD_TC_OP_groupi3960       csa_tree_ADD_TC_OP_group_14636             294    383.176     0.000      383.176 
  pp_fir_6_1_1_csa_tree_ADD_TC_OP_groupi3961       csa_tree_ADD_TC_OP_group_14636             294    383.176     0.000      383.176 
  pp_fir_6_1_1_csa_tree_ADD_TC_OP_groupi3962       csa_tree_ADD_TC_OP_group_12209             675    891.904     0.000      891.904 
  pp_fir_6_1_1_csa_tree_ADD_TC_OP_groupi3963       csa_tree_ADD_TC_OP_group_12209             675    891.904     0.000      891.904 
  pp_fir_6_1_1_csa_tree_ADD_TC_OP_groupi3964       csa_tree_ADD_TC_OP_group_9843              624    825.595     0.000      825.595 
  pp_fir_6_1_1_csa_tree_ADD_TC_OP_groupi3965       csa_tree_ADD_TC_OP_group_9843              624    825.595     0.000      825.595 
  pp_fir_6_1_1_csa_tree_ADD_TC_OP_groupi3966       csa_tree_ADD_TC_OP_group_8241              425    560.905     0.000      560.905 
  pp_fir_6_1_1_csa_tree_ADD_TC_OP_groupi3967       csa_tree_ADD_TC_OP_group_8241              425    560.905     0.000      560.905 
  pp_fir_6_1_1_csa_tree_ADD_TC_OP_groupi3968       csa_tree_ADD_TC_OP_group_6097              601    797.876     0.000      797.876 
  pp_fir_6_1_1_csa_tree_ADD_TC_OP_groupi3969       csa_tree_ADD_TC_OP_group_6097              601    797.876     0.000      797.876 
  pp_fir_6_1_1_csa_tree_ADD_TC_OP_groupi3970       csa_tree_ADD_TC_OP_group_4515              423    557.644     0.000      557.644 
  pp_fir_6_1_1_csa_tree_ADD_TC_OP_groupi3971       csa_tree_ADD_TC_OP_group_4515              423    557.644     0.000      557.644 
  pp_fir_6_1_1_csa_tree_ADD_TC_OP_groupi3972       csa_tree_ADD_TC_OP_group_3035              365    479.378     0.000      479.378 
  pp_fir_6_1_1_csa_tree_ADD_TC_OP_groupi3973       csa_tree_ADD_TC_OP_group_3035              365    479.378     0.000      479.378 
  pp_fir_6_1_1_csa_tree_ADD_TC_OP_groupi3974       csa_tree_ADD_TC_OP_group_2                 345    454.376     0.000      454.376 
  pp_fir_6_1_1_csa_tree_ADD_TC_OP_groupi3975       csa_tree_ADD_TC_OP_group_2                 345    454.376     0.000      454.376 
  pp_fir_6_1_1_csa_tree_SUB_TC_OP_1_pad_groupi     csa_tree_SUB_TC_OP_1_pad_group_537         250    323.390     0.000      323.390 
  pp_fir_6_1_1_csa_tree_SUB_TC_OP_1_pad_groupi3976 csa_tree_SUB_TC_OP_1_pad_group_537         250    323.390     0.000      323.390 
