============================================================
  Generated by:           Genus(TM) Synthesis Solution 22.10-p001_1
  Generated on:           Jan 21 2025  04:02:43 pm
  Module:                 pp_fir_u_6
  Library domain:         timing_cond_wcl_slow
    Domain index:         0
    Technology library:   sc9mcpp140z_cln28ht_base_lvt_c30_ssg_cworstt_max_0p81v_125c 1.0
  Library domain:         timing_cond_wcl_fast
    Domain index:         1
    Technology library:   sc9mcpp140z_cln28ht_base_lvt_c30_ffg_cbestt_min_0p99v_m40c 1.0
  Library domain:         timing_cond_wcl_typical
    Domain index:         2
    Technology library:   sc9mcpp140z_cln28ht_base_lvt_c30_tt_ctypical_max_0p90v_25c 1.0
  Operating conditions:   ssg_cworstt_max_0p81v_125c 
  Operating conditions:   ffg_cbestt_min_0p99v_m40c 
  Operating conditions:   tt_ctypical_max_0p90v_25c 
  Interconnect mode:      spatial
  Area mode:              physical library
============================================================

Timing
--------

  Analysis view  Clock Period 
------------------------------
view_wcl_slow    clk    500.0 
view_wcl_fast    clk    500.0 
view_wcl_typical clk    500.0 


    Analysis       Cost   Critical        Violating 
      View        Group  Path Slack  TNS    Paths   
----------------------------------------------------
view_wcl_slow        clk        0.0  0.0          0 
                 default   No paths  0.0          0 
----------------------------------------------------
Total                               -0.0          0 
                                                    
view_wcl_fast        clk       39.7  0.0          0 
                 default   No paths  0.0          0 
----------------------------------------------------
Total                               -0.0          0 
                                                    
view_wcl_typical     clk       30.1  0.0          0 
                 default   No paths  0.0          0 
----------------------------------------------------
Total                               -0.0          0 
                                                    

Instance Count
--------------
Leaf Instance Count             20624 
Physical Instance count          1006 
Sequential Instance Count        3598 
Combinational Instance Count    17026 
Hierarchical Instance Count         0 

Area
----
Cell Area                          22630.986
Physical Cell Area                 532.980
Total Cell Area (Cell+Physical)    23163.966
Net Area                           6170.521
Total Area (Cell+Physical+Net)     29334.487

Floorplan Utilization              61.52%
Runtime                            193.14840600000002 seconds
Elapsed Runtime                    1827 seconds
Genus peak memory usage            3505.91 
Innovus peak memory usage          no_value 
Hostname                           cluster15.lan.ece
