============================================================
  Generated by:           Genus(TM) Synthesis Solution 22.10-p001_1
  Generated on:           Jan 21 2025  10:05:43 pm
  Module:                 pp_fir_u_7
  Library domain:         timing_cond_wcl_slow
    Domain index:         0
    Technology library:   sc9mcpp140z_cln28ht_base_lvt_c30_ssg_cworstt_max_0p81v_125c 1.0
  Library domain:         timing_cond_wcl_fast
    Domain index:         1
    Technology library:   sc9mcpp140z_cln28ht_base_lvt_c30_ffg_cbestt_min_0p99v_m40c 1.0
  Library domain:         timing_cond_wcl_typical
    Domain index:         2
    Technology library:   sc9mcpp140z_cln28ht_base_lvt_c30_tt_ctypical_max_0p90v_25c 1.0
  Operating conditions:   ssg_cworstt_max_0p81v_125c 
  Operating conditions:   ffg_cbestt_min_0p99v_m40c 
  Operating conditions:   tt_ctypical_max_0p90v_25c 
  Interconnect mode:      spatial
  Area mode:              physical library
============================================================

                  Instance                               Module              Cell Count  Cell Area  Net Area   Total Area 
--------------------------------------------------------------------------------------------------------------------------
pp_fir_u_7                                                                        23612  40373.196    81.432    40454.628 
  pp_fir_7_1_1_ADD_TC_OP                     add_signed                             118    175.555     0.000      175.555 
  pp_fir_7_1_1_ADD_TC_OP3957                 add_signed                             118    175.555     0.000      175.555 
  pp_fir_7_1_1_add_592_34                    add_signed_2628                        169    219.579     0.000      219.579 
  pp_fir_7_1_1_add_593_34                    add_signed_2628                        169    219.579     0.000      219.579 
  pp_fir_7_1_1_add_613_34                    add_signed_369                         189    245.668     0.000      245.668 
  pp_fir_7_1_1_add_614_34                    add_signed_369                         189    245.668     0.000      245.668 
  pp_fir_7_1_1_add_728_34                    add_signed_371                         177    230.449     0.000      230.449 
  pp_fir_7_1_1_add_729_34                    add_signed_371                         177    230.449     0.000      230.449 
  pp_fir_7_1_1_add_843_34                    add_signed_373                         194    254.364     0.000      254.364 
  pp_fir_7_1_1_add_844_34                    add_signed_373                         194    254.364     0.000      254.364 
  pp_fir_7_1_1_add_864_34                    add_signed_114_39_2608                 216    282.083     0.000      282.083 
  pp_fir_7_1_1_add_865_34                    add_signed_114_39_2608                 216    282.083     0.000      282.083 
  pp_fir_7_1_1_add_885_34                    add_signed_114_39_2610                 215    280.996     0.000      280.996 
  pp_fir_7_1_1_add_886_34                    add_signed_114_39_2610                 215    280.996     0.000      280.996 
  pp_fir_7_1_1_add_1000_34                   add_signed_375                         206    268.495     0.000      268.495 
  pp_fir_7_1_1_add_1001_34                   add_signed_375                         206    268.495     0.000      268.495 
  pp_fir_7_1_1_add_1115_35                   add_signed_377                         194    254.364     0.000      254.364 
  pp_fir_7_1_1_add_1116_35                   add_signed_377                         194    254.364     0.000      254.364 
  pp_fir_7_1_1_add_1136_34                   add_signed_114_39                      216    282.083     0.000      282.083 
  pp_fir_7_1_1_add_1137_34                   add_signed_114_39                      216    282.083     0.000      282.083 
  pp_fir_7_1_1_add_1251_35                   add_signed_379                         169    219.579     0.000      219.579 
  pp_fir_7_1_1_add_1252_35                   add_signed_379                         169    219.579     0.000      219.579 
  pp_fir_7_1_1_add_1363_35                   add_signed_381                         161    208.709     0.000      208.709 
  pp_fir_7_1_1_add_1364_35                   add_signed_381                         161    208.709     0.000      208.709 
  pp_fir_7_1_1_add_1384_34                   add_signed_114_39_2606                 190    246.755     0.000      246.755 
  pp_fir_7_1_1_add_1385_34                   add_signed_114_39_2606                 190    246.755     0.000      246.755 
  pp_fir_7_1_1_add_1405_34                   add_signed_114_39_2613                 215    280.996     0.000      280.996 
  pp_fir_7_1_1_add_1406_34                   add_signed_114_39_2613                 215    280.996     0.000      280.996 
  pp_fir_7_1_1_csa_tree_ADD_TC_OP_groupi     csa_tree_ADD_TC_OP_group_25773         219    288.062     0.000      288.062 
  pp_fir_7_1_1_csa_tree_ADD_TC_OP_groupi3959 csa_tree_ADD_TC_OP_group_25773         219    288.062     0.000      288.062 
  pp_fir_7_1_1_csa_tree_ADD_TC_OP_groupi3960 csa_tree_ADD_TC_OP_group_24558         355    465.790     0.000      465.790 
  pp_fir_7_1_1_csa_tree_ADD_TC_OP_groupi3961 csa_tree_ADD_TC_OP_group_24558         355    465.790     0.000      465.790 
  pp_fir_7_1_1_csa_tree_ADD_TC_OP_groupi3962 csa_tree_ADD_TC_OP_group_22987         414    545.687     0.000      545.687 
  pp_fir_7_1_1_csa_tree_ADD_TC_OP_groupi3963 csa_tree_ADD_TC_OP_group_22987         414    545.687     0.000      545.687 
  pp_fir_7_1_1_csa_tree_ADD_TC_OP_groupi3964 csa_tree_ADD_TC_OP_group_21352         413    546.230     0.000      546.230 
  pp_fir_7_1_1_csa_tree_ADD_TC_OP_groupi3965 csa_tree_ADD_TC_OP_group_21352         413    546.230     0.000      546.230 
  pp_fir_7_1_1_csa_tree_ADD_TC_OP_groupi3966 csa_tree_ADD_TC_OP_group_19177         569    750.047     0.000      750.047 
  pp_fir_7_1_1_csa_tree_ADD_TC_OP_groupi3967 csa_tree_ADD_TC_OP_group_19177         569    750.047     0.000      750.047 
  pp_fir_7_1_1_csa_tree_ADD_TC_OP_groupi3968 csa_tree_ADD_TC_OP_group_17134         546    727.220     0.000      727.220 
  pp_fir_7_1_1_csa_tree_ADD_TC_OP_groupi3969 csa_tree_ADD_TC_OP_group_17134         546    727.220     0.000      727.220 
  pp_fir_7_1_1_csa_tree_ADD_TC_OP_groupi3970 csa_tree_ADD_TC_OP_group_15054         567    752.221     0.000      752.221 
  pp_fir_7_1_1_csa_tree_ADD_TC_OP_groupi3971 csa_tree_ADD_TC_OP_group_15054         567    752.221     0.000      752.221 
  pp_fir_7_1_1_csa_tree_ADD_TC_OP_groupi3972 csa_tree_ADD_TC_OP_group_12366         740    981.584     0.000      981.584 
  pp_fir_7_1_1_csa_tree_ADD_TC_OP_groupi3973 csa_tree_ADD_TC_OP_group_12366         740    981.584     0.000      981.584 
  pp_fir_7_1_1_csa_tree_ADD_TC_OP_groupi3974 csa_tree_ADD_TC_OP_group_10182         564    748.417     0.000      748.417 
  pp_fir_7_1_1_csa_tree_ADD_TC_OP_groupi3975 csa_tree_ADD_TC_OP_group_10182         564    748.417     0.000      748.417 
  pp_fir_7_1_1_csa_tree_ADD_TC_OP_groupi3976 csa_tree_ADD_TC_OP_group_8164          552    732.111     0.000      732.111 
  pp_fir_7_1_1_csa_tree_ADD_TC_OP_groupi3977 csa_tree_ADD_TC_OP_group_8164          552    732.111     0.000      732.111 
  pp_fir_7_1_1_csa_tree_ADD_TC_OP_groupi3978 csa_tree_ADD_TC_OP_group_5979          557    741.351     0.000      741.351 
  pp_fir_7_1_1_csa_tree_ADD_TC_OP_groupi3979 csa_tree_ADD_TC_OP_group_5979          557    741.351     0.000      741.351 
  pp_fir_7_1_1_csa_tree_ADD_TC_OP_groupi3980 csa_tree_ADD_TC_OP_group_4286          430    564.166     0.000      564.166 
  pp_fir_7_1_1_csa_tree_ADD_TC_OP_groupi3981 csa_tree_ADD_TC_OP_group_4286          430    564.166     0.000      564.166 
  pp_fir_7_1_1_csa_tree_ADD_TC_OP_groupi3982 csa_tree_ADD_TC_OP_group_2713          418    552.752     0.000      552.752 
  pp_fir_7_1_1_csa_tree_ADD_TC_OP_groupi3983 csa_tree_ADD_TC_OP_group_2713          418    552.752     0.000      552.752 
  pp_fir_7_1_1_csa_tree_ADD_TC_OP_groupi3984 csa_tree_ADD_TC_OP_group_1324          351    460.899     0.000      460.899 
  pp_fir_7_1_1_csa_tree_ADD_TC_OP_groupi3985 csa_tree_ADD_TC_OP_group_1324          351    460.899     0.000      460.899 
  pp_fir_7_1_1_csa_tree_ADD_TC_OP_groupi3986 csa_tree_ADD_TC_OP_group_2             219    288.062     0.000      288.062 
  pp_fir_7_1_1_csa_tree_ADD_TC_OP_groupi3987 csa_tree_ADD_TC_OP_group_2             219    288.062     0.000      288.062 
