============================================================
  Generated by:           Genus(TM) Synthesis Solution 22.10-p001_1
  Generated on:           Jan 21 2025  11:20:30 pm
  Module:                 pp_fir_u_7
  Library domain:         timing_cond_wcl_slow
    Domain index:         0
    Technology library:   sc9mcpp140z_cln28ht_base_lvt_c30_ssg_cworstt_max_0p81v_125c 1.0
  Library domain:         timing_cond_wcl_fast
    Domain index:         1
    Technology library:   sc9mcpp140z_cln28ht_base_lvt_c30_ffg_cbestt_min_0p99v_m40c 1.0
  Library domain:         timing_cond_wcl_typical
    Domain index:         2
    Technology library:   sc9mcpp140z_cln28ht_base_lvt_c30_tt_ctypical_max_0p90v_25c 1.0
  Operating conditions:   ssg_cworstt_max_0p81v_125c 
  Operating conditions:   ffg_cbestt_min_0p99v_m40c 
  Operating conditions:   tt_ctypical_max_0p90v_25c 
  Interconnect mode:      placement
  Area mode:              physical library
============================================================

Timing
--------

  Analysis view  Clock Period 
------------------------------
view_wcl_slow    clk    500.0 
view_wcl_fast    clk    500.0 
view_wcl_typical clk    500.0 


    Analysis       Cost   Critical          Violating 
      View        Group  Path Slack   TNS     Paths   
------------------------------------------------------
view_wcl_slow        clk       -6.3 -145.3         66 
                 default   No paths    0.0          0 
------------------------------------------------------
Total                               -145.3         66 
                                                      
view_wcl_fast        clk       30.8    0.0          0 
                 default   No paths    0.0          0 
------------------------------------------------------
Total                                 -0.0          0 
                                                      
view_wcl_typical     clk       12.9    0.0          0 
                 default   No paths    0.0          0 
------------------------------------------------------
Total                                 -0.0          0 
                                                      

Instance Count
--------------
Leaf Instance Count             22006 
Physical Instance count          1006 
Sequential Instance Count        3634 
Combinational Instance Count    18372 
Hierarchical Instance Count         0 

Area
----
Cell Area                          23602.824
Physical Cell Area                 532.980
Total Cell Area (Cell+Physical)    24135.804
Net Area                           7765.222
Total Area (Cell+Physical+Net)     31901.026

Floorplan Utilization              64.16%
Runtime                            245.63316400000002 seconds
Elapsed Runtime                    5566 seconds
Genus peak memory usage            4040.90 
Innovus peak memory usage          3533.394531 
Hostname                           cluster15.lan.ece

Physical Data
-------------
Total Net Length                   155304.44 um
Average Net Length                 6.59 um
