 ------------------------------------------------------------------------------------------------------------------------------------------------------ 
| Snapshot                | WNS                  | TNS                  | Density (%) | Hotspot      | Resource               | DRVs       | Layer-OPT |
|                         | HEPG (ns) | ALL (ns) | HEPG (ns) | ALL (ns) |             | Max  | Total | Real (s) | Memory (MB) | Tran | Cap | M8        |
|-------------------------+-----------+----------+-----------+----------+-------------+------+-------+----------+-------------+------+-----+-----------|
| initial_summary         |           |   -0.160 |           |      -25 |       61.42 |      |       | 0:00:44  |        5074 |    2 |   0 |           |
| route_type_refinement   |           |          |           |          |             |      |       | 0:00:14  |        5082 |      |     |        17 |
| simplify_netlist        |           |          |           |          |             |      |       | 0:00:04  |        5090 |      |     |           |
| drv_fixing              |           |          |           |          |             |      |       | 0:00:05  |        5090 |      |     |           |
| drv_fixing_2            |    -0.599 |   -0.599 |       -77 |      -77 |       61.42 |      |       | 0:00:09  |        5098 |   17 |   0 |        17 |
| global_opt              |           |   -0.246 |           |      -51 |       61.49 |      |       | 0:01:09  |        5106 |      |     |        40 |
| area_reclaiming         |    -0.242 |   -0.242 |       -47 |      -47 |       60.92 |      |       | 0:01:02  |        5106 |      |     |        39 |
| incremental_replacement |    -0.264 |   -0.264 |           |      -67 |             | 0.00 |  0.00 | 0:05:45  |        6560 |      |     |           |
| drv_fixing_3            |    -0.264 |   -0.264 |       -67 |      -67 |       60.92 |      |       | 0:00:12  |        6584 |    0 |   0 |        39 |
| tns_fixing              |    -0.215 |   -0.215 |       -44 |      -44 |       61.27 |      |       | 0:01:29  |        6608 |      |     |        39 |
| wns_fixing              |    -0.001 |   -0.001 |        -0 |       -0 |       60.86 |      |       | 0:11:18  |        6602 |      |     |       122 |
| tns_fixing_2            |     0.000 |    0.000 |         0 |        0 |       61.18 |      |       | 0:03:49  |        6602 |      |     |       125 |
| area_reclaiming_2       |    -0.005 |   -0.005 |        -0 |       -0 |       60.70 |      |       | 0:01:29  |        6602 |      |     |       137 |
| area_reclaiming_3       |    -0.005 |   -0.005 |        -0 |       -0 |       59.80 |      |       | 0:00:49  |        6602 |      |     |       113 |
| drv_eco_fixing          |    -0.001 |   -0.001 |        -0 |       -0 |       59.81 |      |       | 0:00:11  |        6602 |   17 |   0 |       113 |
| tns_eco_fixing          |     0.000 |    0.000 |         0 |        0 |       59.82 |      |       | 0:00:08  |        6602 |      |     |       113 |
| final_summary           |    -0.005 |   -0.005 |           |       -0 |       59.82 |      |       | 0:00:12  |        6570 |    0 |   0 |           |
 ------------------------------------------------------------------------------------------------------------------------------------------------------ 
