###############################################################
#  Generated by:      Cadence Innovus 22.10-p001_1
#  OS:                Linux x86_64(Host ID cluster15)
#  Generated on:      Sun Jan 12 09:27:38 2025
#  Design:            pp_fir_u_0
#  Command:           report_skew_groups -out_file RPT/rskg_full.rpt
###############################################################

Skew Group Structure:
=====================

---------------------------------------------------------------------------------
Skew Group                    Sources    Constrained Sinks    Unconstrained Sinks
---------------------------------------------------------------------------------
clk/functional_wcl_typical       1             3606                    0
---------------------------------------------------------------------------------

Skew Group Summary:
===================

------------------------------------------------------------------------------------------------------------------------------------------------------------------------------------------------
Timing Corner                          Skew Group                    ID Target    Min ID    Max ID    Avg ID    Std.Dev. ID    Skew Target Type    Skew Target    Skew     Skew window occupancy
------------------------------------------------------------------------------------------------------------------------------------------------------------------------------------------------
delay_corner_wcl_slow:both.early       clk/functional_wcl_typical        -        0.102     0.122     0.116        0.003       ignored                  -         0.020              -
delay_corner_wcl_slow:both.late        clk/functional_wcl_typical    none         0.103     0.122     0.116        0.003       explicit            *0.010         0.019    95.3% {0.111, 0.121}
delay_corner_wcl_fast:both.early       clk/functional_wcl_typical        -        0.060     0.070     0.067        0.002       ignored                  -         0.011              -
delay_corner_wcl_fast:both.late        clk/functional_wcl_typical        -        0.061     0.071     0.068        0.001       ignored                  -         0.011              -
delay_corner_wcl_typical:both.early    clk/functional_wcl_typical        -        0.077     0.092     0.087        0.002       ignored                  -         0.014              -
delay_corner_wcl_typical:both.late     clk/functional_wcl_typical        -        0.079     0.093     0.089        0.002       ignored                  -         0.014              -
------------------------------------------------------------------------------------------------------------------------------------------------------------------------------------------------

* - indicates that target was not met.

Skew Group Min/Max path pins:
=============================

---------------------------------------------------------------------------------------------------------
Timing Corner                          Skew Group                    Min ID    PathID    Max ID    PathID
---------------------------------------------------------------------------------------------------------
delay_corner_wcl_slow:both.early       clk/functional_wcl_typical    0.102        1      0.122        2
-    min pp_fir_0_1_1/sum4_2_im_1_reg[27]/CK
-    max pp_fir_0_1_1/sum2_5_re_1_reg[2]/CK
delay_corner_wcl_slow:both.late        clk/functional_wcl_typical    0.103        3      0.122        4
-    min pp_fir_0_1_1/sum4_2_im_1_reg[27]/CK
-    max pp_fir_0_1_1/sum2_5_re_1_reg[2]/CK
delay_corner_wcl_fast:both.early       clk/functional_wcl_typical    0.060        5      0.070        6
-    min pp_fir_0_1_1/sum4_2_im_1_reg[29]/CK
-    max pp_fir_0_1_1/sum3_4_re_1_reg[22]/CK
delay_corner_wcl_fast:both.late        clk/functional_wcl_typical    0.061        7      0.071        8
-    min pp_fir_0_1_1/sum4_2_im_1_reg[29]/CK
-    max pp_fir_0_1_1/sum3_4_re_1_reg[8]/CK
delay_corner_wcl_typical:both.early    clk/functional_wcl_typical    0.077        9      0.092       10
-    min pp_fir_0_1_1/sum4_2_im_1_reg[29]/CK
-    max pp_fir_0_1_1/sum3_3_re_1_reg[4]/CK
delay_corner_wcl_typical:both.late     clk/functional_wcl_typical    0.079       11      0.093       12
-    min pp_fir_0_1_1/sum4_2_im_1_reg[29]/CK
-    max pp_fir_0_1_1/sum3_3_re_1_reg[4]/CK
---------------------------------------------------------------------------------------------------------

Timing for timing corner delay_corner_wcl_slow:both.early, min clock_path:
==========================================================================

PathID    : 1
Path type : skew group clk/functional_wcl_typical (path 1 of 1)
Start     : clk
End       : pp_fir_0_1_1/sum4_2_im_1_reg[27]/CK
Delay     : 0.102

------------------------------------------------------------------------------------------------------------------
Name  Lib cell                    Event  Incr   Arrival  Slew   Cap    Location           Distance  Fanout  Status
                                         (ns)   (ns)     (ns)   (pF)                      (um)              
-- Clockpath trace -----------------------------------------------------------------------------------------------
clk
-     -                           rise   -       0.000   0.004  0.020  (102.020,181.750)  -           2     
CTS_ccl_inv_00601/A
-     INV_X6B_A9PP140ZTL_C30      rise   0.004   0.004   0.010  -      (124.480,139.950)   64.260   -       
CTS_ccl_inv_00601/Y
-     INV_X6B_A9PP140ZTL_C30      fall   0.013   0.017   0.021  0.013  (124.620,139.750)    0.340     2     
CTS_ccl_a_inv_00598/A
-     INV_X6B_A9PP140ZTL_C30      fall   0.001   0.017   0.021  -      (128.680,139.950)    4.260   -       
CTS_ccl_a_inv_00598/Y
-     INV_X6B_A9PP140ZTL_C30      rise   0.012   0.029   0.016  0.011  (128.820,139.750)    0.340     2     
CTS_ccl_inv_00590/A
-     INV_X4B_A9PP140ZTL_C30      rise   0.001   0.030   0.016  -      (133.160,139.950)    4.540   -       
CTS_ccl_inv_00590/Y
-     INV_X4B_A9PP140ZTL_C30      fall   0.010   0.041   0.014  0.005  (133.300,139.750)    0.340     2     
CTS_ccl_a_inv_00578/A
-     INV_X4B_A9PP140ZTL_C30      fall   0.000   0.041   0.014  -      (133.440,138.150)    1.740   -       
CTS_ccl_a_inv_00578/Y
-     INV_X4B_A9PP140ZTL_C30      rise   0.011   0.052   0.014  0.007  (133.580,137.950)    0.340     1     
CTS_ccl_a_inv_00559/A
-     INV_X4B_A9PP140ZTL_C30      rise   0.001   0.053   0.014  -      (133.720,100.350)   37.740   -       
CTS_ccl_a_inv_00559/Y
-     INV_X4B_A9PP140ZTL_C30      fall   0.012   0.065   0.017  0.006  (133.860,100.150)    0.340     2     
CTS_ccl_a_inv_00526/A
-     INV_X4B_A9PP140ZTL_C30      fall   0.000   0.065   0.017  -      (132.600,101.250)    2.360   -       
CTS_ccl_a_inv_00526/Y
-     INV_X4B_A9PP140ZTL_C30      rise   0.012   0.077   0.015  0.007  (132.460,101.450)    0.340     3     
pp_fir_0_1_1/CTS_ccl_a_inv_00416/A
-     INV_X2B_A9PP140ZTL_C30      rise   0.000   0.078   0.015  -      (131.760,90.450)    11.700   -       
pp_fir_0_1_1/CTS_ccl_a_inv_00416/Y
-     INV_X2B_A9PP140ZTL_C30      fall   0.014   0.091   0.019  0.004  (131.900,90.250)     0.340     1     
pp_fir_0_1_1/CTS_ccl_a_inv_00145/A
-     INV_X6B_A9PP140ZTL_C30      fall   0.000   0.091   0.019  -      (132.040,84.150)     6.240   -       
pp_fir_0_1_1/CTS_ccl_a_inv_00145/Y
-     INV_X6B_A9PP140ZTL_C30      rise   0.010   0.102   0.012  0.007  (132.180,83.950)     0.340     8     
pp_fir_0_1_1/sum4_2_im_1_reg[27]/CK
-     SDFFRPQ_X1M_A9PP140ZTL_C30  rise   0.000   0.102   0.012  -      (132.880,80.350)     4.300   -       
------------------------------------------------------------------------------------------------------------------

Timing for timing corner delay_corner_wcl_slow:both.early, max clock_path:
==========================================================================

PathID    : 2
Path type : skew group clk/functional_wcl_typical (path 1 of 1)
Start     : clk
End       : pp_fir_0_1_1/sum1_10_re_1_reg[2]/CK
Delay     : 0.122

-------------------------------------------------------------------------------------------------------------------
Name  Lib cell                     Event  Incr   Arrival  Slew   Cap    Location           Distance  Fanout  Status
                                          (ns)   (ns)     (ns)   (pF)                      (um)              
-- Clockpath trace ------------------------------------------------------------------------------------------------
clk
-     -                            rise   -       0.000   0.004  0.020  (102.020,181.750)  -           2     
CTS_ccl_inv_00600/A
-     INV_X4B_A9PP140ZTL_C30       rise   0.005   0.005   0.011  -      (58.960,113.850)   110.960   -       
CTS_ccl_inv_00600/Y
-     INV_X4B_A9PP140ZTL_C30       fall   0.012   0.017   0.016  0.007  (58.820,114.050)     0.340     2     
CTS_ccl_a_inv_00597/A
-     INV_X6B_A9PP140ZTL_C30       fall   0.000   0.017   0.016  -      (49.160,111.150)    12.560   -       
CTS_ccl_a_inv_00597/Y
-     INV_X6B_A9PP140ZTL_C30       rise   0.011   0.029   0.015  0.011  (49.300,110.950)     0.340     2     
CTS_ccl_inv_00592/A
-     INV_X4B_A9PP140ZTL_C30       rise   0.001   0.029   0.015  -      (52.380,109.350)     4.680   -       
CTS_ccl_inv_00592/Y
-     INV_X4B_A9PP140ZTL_C30       fall   0.014   0.044   0.020  0.008  (52.520,109.150)     0.340     2     
CTS_ccl_a_inv_00583/A
-     INV_X4B_A9PP140ZTL_C30       fall   0.001   0.045   0.020  -      (83.460,109.350)    31.140   -       
CTS_ccl_a_inv_00583/Y
-     INV_X4B_A9PP140ZTL_C30       rise   0.014   0.058   0.016  0.008  (83.600,109.150)     0.340     2     
CTS_ccl_a_inv_00569/A
-     INV_X6B_A9PP140ZTL_C30       rise   0.001   0.059   0.016  -      (85.420,96.750)     14.220   -       
CTS_ccl_a_inv_00569/Y
-     INV_X6B_A9PP140ZTL_C30       fall   0.013   0.072   0.020  0.011  (85.560,96.550)      0.340     2     
pp_fir_0_1_1/CTS_ccl_a_inv_00545/A
-     INV_X6B_A9PP140ZTL_C30       fall   0.002   0.074   0.020  -      (85.840,62.550)     34.280   -       
pp_fir_0_1_1/CTS_ccl_a_inv_00545/Y
-     INV_X6B_A9PP140ZTL_C30       rise   0.012   0.086   0.015  0.011  (85.980,62.350)      0.340     3     
pp_fir_0_1_1/CTS_ccl_a_inv_00471/A
-     INV_X4B_A9PP140ZTL_C30       rise   0.001   0.088   0.015  -      (85.560,48.150)     14.620   -       
pp_fir_0_1_1/CTS_ccl_a_inv_00471/Y
-     INV_X4B_A9PP140ZTL_C30       fall   0.017   0.104   0.024  0.011  (85.700,47.950)      0.340     3     
pp_fir_0_1_1/CTS_ccl_a_inv_00241/A
-     INV_X6B_A9PP140ZTL_C30       fall   0.001   0.105   0.024  -      (84.300,46.350)      3.000   -       
pp_fir_0_1_1/CTS_ccl_a_inv_00241/Y
-     INV_X6B_A9PP140ZTL_C30       rise   0.016   0.121   0.020  0.015  (84.440,46.150)      0.340     7     
pp_fir_0_1_1/sum1_10_re_1_reg[2]/CK
-     SDFFRPQA_X1M_A9PP140ZTL_C30  rise   0.001   0.122   0.020  -      (77.580,43.750)      9.260   -       
-------------------------------------------------------------------------------------------------------------------

Timing for timing corner delay_corner_wcl_slow:both.late, min clock_path:
=========================================================================

PathID    : 3
Path type : skew group clk/functional_wcl_typical (path 1 of 1)
Start     : clk
End       : pp_fir_0_1_1/sum4_2_im_1_reg[27]/CK
Delay     : 0.103

------------------------------------------------------------------------------------------------------------------
Name  Lib cell                    Event  Incr   Arrival  Slew   Cap    Location           Distance  Fanout  Status
                                         (ns)   (ns)     (ns)   (pF)                      (um)              
-- Clockpath trace -----------------------------------------------------------------------------------------------
clk
-     -                           rise   -       0.000   0.004  0.020  (102.020,181.750)  -           2     
CTS_ccl_inv_00601/A
-     INV_X6B_A9PP140ZTL_C30      rise   0.004   0.004   0.010  -      (124.480,139.950)   64.260   -       
CTS_ccl_inv_00601/Y
-     INV_X6B_A9PP140ZTL_C30      fall   0.013   0.017   0.021  0.013  (124.620,139.750)    0.340     2     
CTS_ccl_a_inv_00598/A
-     INV_X6B_A9PP140ZTL_C30      fall   0.001   0.017   0.021  -      (128.680,139.950)    4.260   -       
CTS_ccl_a_inv_00598/Y
-     INV_X6B_A9PP140ZTL_C30      rise   0.012   0.029   0.016  0.011  (128.820,139.750)    0.340     2     
CTS_ccl_inv_00590/A
-     INV_X4B_A9PP140ZTL_C30      rise   0.001   0.030   0.016  -      (133.160,139.950)    4.540   -       
CTS_ccl_inv_00590/Y
-     INV_X4B_A9PP140ZTL_C30      fall   0.010   0.041   0.014  0.005  (133.300,139.750)    0.340     2     
CTS_ccl_a_inv_00578/A
-     INV_X4B_A9PP140ZTL_C30      fall   0.000   0.041   0.014  -      (133.440,138.150)    1.740   -       
CTS_ccl_a_inv_00578/Y
-     INV_X4B_A9PP140ZTL_C30      rise   0.011   0.052   0.014  0.007  (133.580,137.950)    0.340     1     
CTS_ccl_a_inv_00559/A
-     INV_X4B_A9PP140ZTL_C30      rise   0.001   0.053   0.014  -      (133.720,100.350)   37.740   -       
CTS_ccl_a_inv_00559/Y
-     INV_X4B_A9PP140ZTL_C30      fall   0.012   0.065   0.017  0.006  (133.860,100.150)    0.340     2     
CTS_ccl_a_inv_00526/A
-     INV_X4B_A9PP140ZTL_C30      fall   0.000   0.066   0.017  -      (132.600,101.250)    2.360   -       
CTS_ccl_a_inv_00526/Y
-     INV_X4B_A9PP140ZTL_C30      rise   0.012   0.078   0.015  0.007  (132.460,101.450)    0.340     3     
pp_fir_0_1_1/CTS_ccl_a_inv_00416/A
-     INV_X2B_A9PP140ZTL_C30      rise   0.000   0.078   0.015  -      (131.760,90.450)    11.700   -       
pp_fir_0_1_1/CTS_ccl_a_inv_00416/Y
-     INV_X2B_A9PP140ZTL_C30      fall   0.014   0.092   0.019  0.004  (131.900,90.250)     0.340     1     
pp_fir_0_1_1/CTS_ccl_a_inv_00145/A
-     INV_X6B_A9PP140ZTL_C30      fall   0.000   0.092   0.019  -      (132.040,84.150)     6.240   -       
pp_fir_0_1_1/CTS_ccl_a_inv_00145/Y
-     INV_X6B_A9PP140ZTL_C30      rise   0.010   0.103   0.012  0.007  (132.180,83.950)     0.340     8     
pp_fir_0_1_1/sum4_2_im_1_reg[27]/CK
-     SDFFRPQ_X1M_A9PP140ZTL_C30  rise   0.000   0.103   0.012  -      (132.880,80.350)     4.300   -       
------------------------------------------------------------------------------------------------------------------

Timing for timing corner delay_corner_wcl_slow:both.late, max clock_path:
=========================================================================

PathID    : 4
Path type : skew group clk/functional_wcl_typical (path 1 of 1)
Start     : clk
End       : pp_fir_0_1_1/sum1_10_re_1_reg[2]/CK
Delay     : 0.122

-------------------------------------------------------------------------------------------------------------------
Name  Lib cell                     Event  Incr   Arrival  Slew   Cap    Location           Distance  Fanout  Status
                                          (ns)   (ns)     (ns)   (pF)                      (um)              
-- Clockpath trace ------------------------------------------------------------------------------------------------
clk
-     -                            rise   -       0.000   0.004  0.020  (102.020,181.750)  -           2     
CTS_ccl_inv_00600/A
-     INV_X4B_A9PP140ZTL_C30       rise   0.005   0.005   0.011  -      (58.960,113.850)   110.960   -       
CTS_ccl_inv_00600/Y
-     INV_X4B_A9PP140ZTL_C30       fall   0.012   0.017   0.016  0.007  (58.820,114.050)     0.340     2     
CTS_ccl_a_inv_00597/A
-     INV_X6B_A9PP140ZTL_C30       fall   0.001   0.018   0.016  -      (49.160,111.150)    12.560   -       
CTS_ccl_a_inv_00597/Y
-     INV_X6B_A9PP140ZTL_C30       rise   0.011   0.029   0.015  0.011  (49.300,110.950)     0.340     2     
CTS_ccl_inv_00592/A
-     INV_X4B_A9PP140ZTL_C30       rise   0.001   0.030   0.015  -      (52.380,109.350)     4.680   -       
CTS_ccl_inv_00592/Y
-     INV_X4B_A9PP140ZTL_C30       fall   0.014   0.044   0.020  0.008  (52.520,109.150)     0.340     2     
CTS_ccl_a_inv_00583/A
-     INV_X4B_A9PP140ZTL_C30       fall   0.001   0.045   0.020  -      (83.460,109.350)    31.140   -       
CTS_ccl_a_inv_00583/Y
-     INV_X4B_A9PP140ZTL_C30       rise   0.014   0.059   0.016  0.008  (83.600,109.150)     0.340     2     
CTS_ccl_a_inv_00569/A
-     INV_X6B_A9PP140ZTL_C30       rise   0.001   0.059   0.016  -      (85.420,96.750)     14.220   -       
CTS_ccl_a_inv_00569/Y
-     INV_X6B_A9PP140ZTL_C30       fall   0.013   0.073   0.020  0.011  (85.560,96.550)      0.340     2     
pp_fir_0_1_1/CTS_ccl_a_inv_00545/A
-     INV_X6B_A9PP140ZTL_C30       fall   0.002   0.074   0.020  -      (85.840,62.550)     34.280   -       
pp_fir_0_1_1/CTS_ccl_a_inv_00545/Y
-     INV_X6B_A9PP140ZTL_C30       rise   0.012   0.087   0.015  0.011  (85.980,62.350)      0.340     3     
pp_fir_0_1_1/CTS_ccl_a_inv_00471/A
-     INV_X4B_A9PP140ZTL_C30       rise   0.001   0.088   0.015  -      (85.560,48.150)     14.620   -       
pp_fir_0_1_1/CTS_ccl_a_inv_00471/Y
-     INV_X4B_A9PP140ZTL_C30       fall   0.017   0.104   0.024  0.011  (85.700,47.950)      0.340     3     
pp_fir_0_1_1/CTS_ccl_a_inv_00241/A
-     INV_X6B_A9PP140ZTL_C30       fall   0.001   0.105   0.024  -      (84.300,46.350)      3.000   -       
pp_fir_0_1_1/CTS_ccl_a_inv_00241/Y
-     INV_X6B_A9PP140ZTL_C30       rise   0.016   0.121   0.020  0.015  (84.440,46.150)      0.340     7     
pp_fir_0_1_1/sum1_10_re_1_reg[2]/CK
-     SDFFRPQA_X1M_A9PP140ZTL_C30  rise   0.001   0.122   0.020  -      (77.580,43.750)      9.260   -       
-------------------------------------------------------------------------------------------------------------------

Timing for timing corner delay_corner_wcl_fast:both.early, min clock_path:
==========================================================================

PathID    : 5
Path type : skew group clk/functional_wcl_typical (path 1 of 1)
Start     : clk
End       : pp_fir_0_1_1/sum4_2_im_1_reg[29]/CK
Delay     : 0.060

------------------------------------------------------------------------------------------------------------------
Name  Lib cell                    Event  Incr   Arrival  Slew   Cap    Location           Distance  Fanout  Status
                                         (ns)   (ns)     (ns)   (pF)                      (um)              
-- Clockpath trace -----------------------------------------------------------------------------------------------
clk
-     -                           rise   -       0.000   0.004  0.021  (102.020,181.750)  -           2     
CTS_ccl_inv_00601/A
-     INV_X6B_A9PP140ZTL_C30      rise   0.002   0.002   0.006  -      (124.480,139.950)   64.260   -       
CTS_ccl_inv_00601/Y
-     INV_X6B_A9PP140ZTL_C30      fall   0.008   0.010   0.012  0.014  (124.620,139.750)    0.340     2     
CTS_ccl_a_inv_00598/A
-     INV_X6B_A9PP140ZTL_C30      fall   0.000   0.010   0.012  -      (128.680,139.950)    4.260   -       
CTS_ccl_a_inv_00598/Y
-     INV_X6B_A9PP140ZTL_C30      rise   0.007   0.018   0.009  0.011  (128.820,139.750)    0.340     2     
CTS_ccl_inv_00590/A
-     INV_X4B_A9PP140ZTL_C30      rise   0.000   0.018   0.009  -      (133.160,139.950)    4.540   -       
CTS_ccl_inv_00590/Y
-     INV_X4B_A9PP140ZTL_C30      fall   0.006   0.024   0.008  0.005  (133.300,139.750)    0.340     2     
CTS_ccl_a_inv_00578/A
-     INV_X4B_A9PP140ZTL_C30      fall   0.000   0.024   0.008  -      (133.440,138.150)    1.740   -       
CTS_ccl_a_inv_00578/Y
-     INV_X4B_A9PP140ZTL_C30      rise   0.007   0.030   0.008  0.007  (133.580,137.950)    0.340     1     
CTS_ccl_a_inv_00559/A
-     INV_X4B_A9PP140ZTL_C30      rise   0.000   0.031   0.008  -      (133.720,100.350)   37.740   -       
CTS_ccl_a_inv_00559/Y
-     INV_X4B_A9PP140ZTL_C30      fall   0.007   0.038   0.010  0.007  (133.860,100.150)    0.340     2     
CTS_ccl_a_inv_00526/A
-     INV_X4B_A9PP140ZTL_C30      fall   0.000   0.038   0.010  -      (132.600,101.250)    2.360   -       
CTS_ccl_a_inv_00526/Y
-     INV_X4B_A9PP140ZTL_C30      rise   0.007   0.045   0.009  0.008  (132.460,101.450)    0.340     3     
pp_fir_0_1_1/CTS_ccl_a_inv_00416/A
-     INV_X2B_A9PP140ZTL_C30      rise   0.000   0.045   0.009  -      (131.760,90.450)    11.700   -       
pp_fir_0_1_1/CTS_ccl_a_inv_00416/Y
-     INV_X2B_A9PP140ZTL_C30      fall   0.008   0.054   0.012  0.004  (131.900,90.250)     0.340     1     
pp_fir_0_1_1/CTS_ccl_a_inv_00145/A
-     INV_X6B_A9PP140ZTL_C30      fall   0.000   0.054   0.012  -      (132.040,84.150)     6.240   -       
pp_fir_0_1_1/CTS_ccl_a_inv_00145/Y
-     INV_X6B_A9PP140ZTL_C30      rise   0.006   0.060   0.007  0.008  (132.180,83.950)     0.340     8     
pp_fir_0_1_1/sum4_2_im_1_reg[29]/CK
-     SDFFRPQ_X1M_A9PP140ZTL_C30  rise   0.000   0.060   0.007  -      (133.720,81.650)     3.840   -       
------------------------------------------------------------------------------------------------------------------

Timing for timing corner delay_corner_wcl_fast:both.early, max clock_path:
==========================================================================

PathID    : 6
Path type : skew group clk/functional_wcl_typical (path 1 of 1)
Start     : clk
End       : pp_fir_0_1_1/Delay_Pipeline_reg_re_reg[10][14]/CK
Delay     : 0.070

------------------------------------------------------------------------------------------------------------------
Name  Lib cell                    Event  Incr   Arrival  Slew   Cap    Location           Distance  Fanout  Status
                                         (ns)   (ns)     (ns)   (pF)                      (um)              
-- Clockpath trace -----------------------------------------------------------------------------------------------
clk
-     -                           rise   -       0.000   0.004  0.021  (102.020,181.750)  -            2    
CTS_ccl_inv_00600/A
-     INV_X4B_A9PP140ZTL_C30      rise   0.003   0.003   0.007  -      (58.960,113.850)   110.960   -       
CTS_ccl_inv_00600/Y
-     INV_X4B_A9PP140ZTL_C30      fall   0.007   0.010   0.010  0.007  (58.820,114.050)     0.340      2    
CTS_ccl_a_inv_00597/A
-     INV_X6B_A9PP140ZTL_C30      fall   0.000   0.010   0.010  -      (49.160,111.150)    12.560   -       
CTS_ccl_a_inv_00597/Y
-     INV_X6B_A9PP140ZTL_C30      rise   0.007   0.017   0.009  0.012  (49.300,110.950)     0.340      2    
pp_fir_0_1_1/CTS_ccl_inv_00593/A
-     INV_X6B_A9PP140ZTL_C30      rise   0.001   0.018   0.009  -      (46.780,74.250)     39.220   -       
pp_fir_0_1_1/CTS_ccl_inv_00593/Y
-     INV_X6B_A9PP140ZTL_C30      fall   0.008   0.026   0.012  0.012  (46.640,74.450)      0.340      2    
pp_fir_0_1_1/CTS_ccl_a_inv_00584/A
-     INV_X6B_A9PP140ZTL_C30      fall   0.000   0.026   0.012  -      (37.260,74.250)      9.580   -       
pp_fir_0_1_1/CTS_ccl_a_inv_00584/Y
-     INV_X6B_A9PP140ZTL_C30      rise   0.007   0.034   0.009  0.011  (37.120,74.450)      0.340      2    
pp_fir_0_1_1/CTS_ccl_a_inv_00570/A
-     INV_X4B_A9PP140ZTL_C30      rise   0.000   0.034   0.009  -      (32.220,74.250)      5.100   -       
pp_fir_0_1_1/CTS_ccl_a_inv_00570/Y
-     INV_X4B_A9PP140ZTL_C30      fall   0.008   0.042   0.012  0.008  (32.080,74.450)      0.340      2    
pp_fir_0_1_1/CTS_ccl_a_inv_00529/A
-     INV_X4B_A9PP140ZTL_C30      fall   0.000   0.042   0.012  -      (31.100,74.250)      1.180   -       
pp_fir_0_1_1/CTS_ccl_a_inv_00529/Y
-     INV_X4B_A9PP140ZTL_C30      rise   0.009   0.051   0.011  0.010  (30.960,74.450)      0.340      3    
pp_fir_0_1_1/CTS_ccl_a_inv_00466/A
-     INV_X6B_A9PP140ZTL_C30      rise   0.000   0.051   0.011  -      (29.980,74.250)      1.180   -       
pp_fir_0_1_1/CTS_ccl_a_inv_00466/Y
-     INV_X6B_A9PP140ZTL_C30      fall   0.010   0.061   0.014  0.014  (29.840,74.450)      0.340      3    
pp_fir_0_1_1/CTS_ccl_a_inv_00161/A
-     INV_X7P5B_A9PP140ZTL_C30    fall   0.000   0.061   0.014  -      (27.040,74.250)      3.000   -       
pp_fir_0_1_1/CTS_ccl_a_inv_00161/Y
-     INV_X7P5B_A9PP140ZTL_C30    rise   0.009   0.070   0.012  0.020  (26.900,74.450)      0.340     18    
pp_fir_0_1_1/Delay_Pipeline_reg_re_reg[10][14]/CK
-     SDFFRPQ_X4M_A9PP140ZTL_C30  rise   0.000   0.070   0.012  -      (28.580,69.050)      7.080   -       
------------------------------------------------------------------------------------------------------------------

Timing for timing corner delay_corner_wcl_fast:both.late, min clock_path:
=========================================================================

PathID    : 7
Path type : skew group clk/functional_wcl_typical (path 1 of 1)
Start     : clk
End       : pp_fir_0_1_1/sum4_2_im_1_reg[29]/CK
Delay     : 0.061

------------------------------------------------------------------------------------------------------------------
Name  Lib cell                    Event  Incr   Arrival  Slew   Cap    Location           Distance  Fanout  Status
                                         (ns)   (ns)     (ns)   (pF)                      (um)              
-- Clockpath trace -----------------------------------------------------------------------------------------------
clk
-     -                           rise   -       0.000   0.004  0.021  (102.020,181.750)  -           2     
CTS_ccl_inv_00601/A
-     INV_X6B_A9PP140ZTL_C30      rise   0.002   0.002   0.006  -      (124.480,139.950)   64.260   -       
CTS_ccl_inv_00601/Y
-     INV_X6B_A9PP140ZTL_C30      fall   0.008   0.010   0.012  0.014  (124.620,139.750)    0.340     2     
CTS_ccl_a_inv_00598/A
-     INV_X6B_A9PP140ZTL_C30      fall   0.000   0.010   0.012  -      (128.680,139.950)    4.260   -       
CTS_ccl_a_inv_00598/Y
-     INV_X6B_A9PP140ZTL_C30      rise   0.007   0.018   0.009  0.011  (128.820,139.750)    0.340     2     
CTS_ccl_inv_00590/A
-     INV_X4B_A9PP140ZTL_C30      rise   0.001   0.018   0.009  -      (133.160,139.950)    4.540   -       
CTS_ccl_inv_00590/Y
-     INV_X4B_A9PP140ZTL_C30      fall   0.006   0.024   0.008  0.005  (133.300,139.750)    0.340     2     
CTS_ccl_a_inv_00578/A
-     INV_X4B_A9PP140ZTL_C30      fall   0.000   0.024   0.008  -      (133.440,138.150)    1.740   -       
CTS_ccl_a_inv_00578/Y
-     INV_X4B_A9PP140ZTL_C30      rise   0.007   0.031   0.008  0.007  (133.580,137.950)    0.340     1     
CTS_ccl_a_inv_00559/A
-     INV_X4B_A9PP140ZTL_C30      rise   0.001   0.032   0.008  -      (133.720,100.350)   37.740   -       
CTS_ccl_a_inv_00559/Y
-     INV_X4B_A9PP140ZTL_C30      fall   0.007   0.039   0.010  0.007  (133.860,100.150)    0.340     2     
CTS_ccl_a_inv_00526/A
-     INV_X4B_A9PP140ZTL_C30      fall   0.000   0.039   0.010  -      (132.600,101.250)    2.360   -       
CTS_ccl_a_inv_00526/Y
-     INV_X4B_A9PP140ZTL_C30      rise   0.007   0.046   0.009  0.008  (132.460,101.450)    0.340     3     
pp_fir_0_1_1/CTS_ccl_a_inv_00416/A
-     INV_X2B_A9PP140ZTL_C30      rise   0.000   0.047   0.009  -      (131.760,90.450)    11.700   -       
pp_fir_0_1_1/CTS_ccl_a_inv_00416/Y
-     INV_X2B_A9PP140ZTL_C30      fall   0.008   0.055   0.012  0.004  (131.900,90.250)     0.340     1     
pp_fir_0_1_1/CTS_ccl_a_inv_00145/A
-     INV_X6B_A9PP140ZTL_C30      fall   0.000   0.055   0.012  -      (132.040,84.150)     6.240   -       
pp_fir_0_1_1/CTS_ccl_a_inv_00145/Y
-     INV_X6B_A9PP140ZTL_C30      rise   0.006   0.061   0.007  0.008  (132.180,83.950)     0.340     8     
pp_fir_0_1_1/sum4_2_im_1_reg[29]/CK
-     SDFFRPQ_X1M_A9PP140ZTL_C30  rise   0.000   0.061   0.007  -      (133.720,81.650)     3.840   -       
------------------------------------------------------------------------------------------------------------------

Timing for timing corner delay_corner_wcl_fast:both.late, max clock_path:
=========================================================================

PathID    : 8
Path type : skew group clk/functional_wcl_typical (path 1 of 1)
Start     : clk
End       : pp_fir_0_1_1/sum2_5_re_1_reg[10]/CK
Delay     : 0.071

-------------------------------------------------------------------------------------------------------------------
Name  Lib cell                     Event  Incr   Arrival  Slew   Cap    Location           Distance  Fanout  Status
                                          (ns)   (ns)     (ns)   (pF)                      (um)              
-- Clockpath trace ------------------------------------------------------------------------------------------------
clk
-     -                            rise   -       0.000   0.004  0.021  (102.020,181.750)  -           2     
CTS_ccl_inv_00600/A
-     INV_X4B_A9PP140ZTL_C30       rise   0.003   0.003   0.007  -      (58.960,113.850)   110.960   -       
CTS_ccl_inv_00600/Y
-     INV_X4B_A9PP140ZTL_C30       fall   0.007   0.010   0.010  0.007  (58.820,114.050)     0.340     2     
CTS_ccl_a_inv_00597/A
-     INV_X6B_A9PP140ZTL_C30       fall   0.000   0.010   0.010  -      (49.160,111.150)    12.560   -       
CTS_ccl_a_inv_00597/Y
-     INV_X6B_A9PP140ZTL_C30       rise   0.007   0.017   0.009  0.012  (49.300,110.950)     0.340     2     
pp_fir_0_1_1/CTS_ccl_inv_00593/A
-     INV_X6B_A9PP140ZTL_C30       rise   0.001   0.018   0.009  -      (46.780,74.250)     39.220   -       
pp_fir_0_1_1/CTS_ccl_inv_00593/Y
-     INV_X6B_A9PP140ZTL_C30       fall   0.008   0.026   0.012  0.012  (46.640,74.450)      0.340     2     
pp_fir_0_1_1/CTS_ccl_a_inv_00585/A
-     INV_X4B_A9PP140ZTL_C30       fall   0.001   0.027   0.012  -      (46.500,40.050)     34.540   -       
pp_fir_0_1_1/CTS_ccl_a_inv_00585/Y
-     INV_X4B_A9PP140ZTL_C30       rise   0.008   0.035   0.010  0.008  (46.360,40.250)      0.340     2     
pp_fir_0_1_1/CTS_ccl_a_inv_00560/A
-     INV_X4B_A9PP140ZTL_C30       rise   0.000   0.035   0.010  -      (45.240,38.250)      3.120   -       
pp_fir_0_1_1/CTS_ccl_a_inv_00560/Y
-     INV_X4B_A9PP140ZTL_C30       fall   0.009   0.044   0.013  0.009  (45.100,38.450)      0.340     2     
pp_fir_0_1_1/CTS_ccl_a_inv_00530/A
-     INV_X6B_A9PP140ZTL_C30       fall   0.000   0.044   0.013  -      (46.640,38.250)      1.740   -       
pp_fir_0_1_1/CTS_ccl_a_inv_00530/Y
-     INV_X6B_A9PP140ZTL_C30       rise   0.008   0.052   0.010  0.013  (46.500,38.450)      0.340     3     
pp_fir_0_1_1/CTS_ccl_a_inv_00432/A
-     INV_X6B_A9PP140ZTL_C30       rise   0.000   0.053   0.010  -      (61.900,38.250)     15.600   -       
pp_fir_0_1_1/CTS_ccl_a_inv_00432/Y
-     INV_X6B_A9PP140ZTL_C30       fall   0.009   0.062   0.014  0.014  (61.760,38.450)      0.340     3     
pp_fir_0_1_1/CTS_ccl_a_inv_00168/A
-     INV_X7P5B_A9PP140ZTL_C30     fall   0.000   0.062   0.014  -      (67.780,37.350)      7.120   -       
pp_fir_0_1_1/CTS_ccl_a_inv_00168/Y
-     INV_X7P5B_A9PP140ZTL_C30     rise   0.009   0.071   0.012  0.019  (67.640,37.150)      0.340     9     
pp_fir_0_1_1/sum2_5_re_1_reg[10]/CK
-     SDFFRPQA_X1M_A9PP140ZTL_C30  rise   0.000   0.071   0.012  -      (69.460,40.850)      5.520   -       
-------------------------------------------------------------------------------------------------------------------

Timing for timing corner delay_corner_wcl_typical:both.early, min clock_path:
=============================================================================

PathID    : 9
Path type : skew group clk/functional_wcl_typical (path 1 of 1)
Start     : clk
End       : pp_fir_0_1_1/sum4_2_im_1_reg[29]/CK
Delay     : 0.077

------------------------------------------------------------------------------------------------------------------
Name  Lib cell                    Event  Incr   Arrival  Slew   Cap    Location           Distance  Fanout  Status
                                         (ns)   (ns)     (ns)   (pF)                      (um)              
-- Clockpath trace -----------------------------------------------------------------------------------------------
clk
-     -                           rise   -       0.000   0.004  0.020  (102.020,181.750)  -           2     
CTS_ccl_inv_00601/A
-     INV_X6B_A9PP140ZTL_C30      rise   0.003   0.003   0.008  -      (124.480,139.950)   64.260   -       
CTS_ccl_inv_00601/Y
-     INV_X6B_A9PP140ZTL_C30      fall   0.011   0.013   0.015  0.013  (124.620,139.750)    0.340     2     
CTS_ccl_a_inv_00598/A
-     INV_X6B_A9PP140ZTL_C30      fall   0.000   0.014   0.015  -      (128.680,139.950)    4.260   -       
CTS_ccl_a_inv_00598/Y
-     INV_X6B_A9PP140ZTL_C30      rise   0.009   0.023   0.011  0.011  (128.820,139.750)    0.340     2     
CTS_ccl_inv_00590/A
-     INV_X4B_A9PP140ZTL_C30      rise   0.000   0.023   0.011  -      (133.160,139.950)    4.540   -       
CTS_ccl_inv_00590/Y
-     INV_X4B_A9PP140ZTL_C30      fall   0.008   0.031   0.010  0.005  (133.300,139.750)    0.340     2     
CTS_ccl_a_inv_00578/A
-     INV_X4B_A9PP140ZTL_C30      fall   0.000   0.031   0.010  -      (133.440,138.150)    1.740   -       
CTS_ccl_a_inv_00578/Y
-     INV_X4B_A9PP140ZTL_C30      rise   0.008   0.039   0.010  0.007  (133.580,137.950)    0.340     1     
CTS_ccl_a_inv_00559/A
-     INV_X4B_A9PP140ZTL_C30      rise   0.001   0.040   0.010  -      (133.720,100.350)   37.740   -       
CTS_ccl_a_inv_00559/Y
-     INV_X4B_A9PP140ZTL_C30      fall   0.009   0.049   0.013  0.007  (133.860,100.150)    0.340     2     
CTS_ccl_a_inv_00526/A
-     INV_X4B_A9PP140ZTL_C30      fall   0.000   0.049   0.013  -      (132.600,101.250)    2.360   -       
CTS_ccl_a_inv_00526/Y
-     INV_X4B_A9PP140ZTL_C30      rise   0.009   0.059   0.011  0.008  (132.460,101.450)    0.340     3     
pp_fir_0_1_1/CTS_ccl_a_inv_00416/A
-     INV_X2B_A9PP140ZTL_C30      rise   0.000   0.059   0.011  -      (131.760,90.450)    11.700   -       
pp_fir_0_1_1/CTS_ccl_a_inv_00416/Y
-     INV_X2B_A9PP140ZTL_C30      fall   0.011   0.069   0.014  0.004  (131.900,90.250)     0.340     1     
pp_fir_0_1_1/CTS_ccl_a_inv_00145/A
-     INV_X6B_A9PP140ZTL_C30      fall   0.000   0.069   0.014  -      (132.040,84.150)     6.240   -       
pp_fir_0_1_1/CTS_ccl_a_inv_00145/Y
-     INV_X6B_A9PP140ZTL_C30      rise   0.008   0.077   0.009  0.008  (132.180,83.950)     0.340     8     
pp_fir_0_1_1/sum4_2_im_1_reg[29]/CK
-     SDFFRPQ_X1M_A9PP140ZTL_C30  rise   0.000   0.077   0.009  -      (133.720,81.650)     3.840   -       
------------------------------------------------------------------------------------------------------------------

Timing for timing corner delay_corner_wcl_typical:both.early, max clock_path:
=============================================================================

PathID    : 10
Path type : skew group clk/functional_wcl_typical (path 1 of 1)
Start     : clk
End       : pp_fir_0_1_1/sum2_5_re_1_reg[10]/CK
Delay     :  0.092

-------------------------------------------------------------------------------------------------------------------
Name  Lib cell                     Event  Incr   Arrival  Slew   Cap    Location           Distance  Fanout  Status
                                          (ns)   (ns)     (ns)   (pF)                      (um)              
-- Clockpath trace ------------------------------------------------------------------------------------------------
clk
-     -                            rise   -       0.000   0.004  0.020  (102.020,181.750)  -           2     
CTS_ccl_inv_00600/A
-     INV_X4B_A9PP140ZTL_C30       rise   0.004   0.004   0.008  -      (58.960,113.850)   110.960   -       
CTS_ccl_inv_00600/Y
-     INV_X4B_A9PP140ZTL_C30       fall   0.009   0.013   0.013  0.007  (58.820,114.050)     0.340     2     
CTS_ccl_a_inv_00597/A
-     INV_X6B_A9PP140ZTL_C30       fall   0.000   0.013   0.013  -      (49.160,111.150)    12.560   -       
CTS_ccl_a_inv_00597/Y
-     INV_X6B_A9PP140ZTL_C30       rise   0.009   0.022   0.011  0.011  (49.300,110.950)     0.340     2     
pp_fir_0_1_1/CTS_ccl_inv_00593/A
-     INV_X6B_A9PP140ZTL_C30       rise   0.001   0.023   0.011  -      (46.780,74.250)     39.220   -       
pp_fir_0_1_1/CTS_ccl_inv_00593/Y
-     INV_X6B_A9PP140ZTL_C30       fall   0.010   0.034   0.014  0.011  (46.640,74.450)      0.340     2     
pp_fir_0_1_1/CTS_ccl_a_inv_00585/A
-     INV_X4B_A9PP140ZTL_C30       fall   0.001   0.034   0.014  -      (46.500,40.050)     34.540   -       
pp_fir_0_1_1/CTS_ccl_a_inv_00585/Y
-     INV_X4B_A9PP140ZTL_C30       rise   0.010   0.044   0.012  0.008  (46.360,40.250)      0.340     2     
pp_fir_0_1_1/CTS_ccl_a_inv_00560/A
-     INV_X4B_A9PP140ZTL_C30       rise   0.000   0.044   0.012  -      (45.240,38.250)      3.120   -       
pp_fir_0_1_1/CTS_ccl_a_inv_00560/Y
-     INV_X4B_A9PP140ZTL_C30       fall   0.011   0.056   0.016  0.008  (45.100,38.450)      0.340     2     
pp_fir_0_1_1/CTS_ccl_a_inv_00530/A
-     INV_X6B_A9PP140ZTL_C30       fall   0.000   0.056   0.016  -      (46.640,38.250)      1.740   -       
pp_fir_0_1_1/CTS_ccl_a_inv_00530/Y
-     INV_X6B_A9PP140ZTL_C30       rise   0.010   0.066   0.013  0.013  (46.500,38.450)      0.340     3     
pp_fir_0_1_1/CTS_ccl_a_inv_00432/A
-     INV_X6B_A9PP140ZTL_C30       rise   0.001   0.067   0.013  -      (61.900,38.250)     15.600   -       
pp_fir_0_1_1/CTS_ccl_a_inv_00432/Y
-     INV_X6B_A9PP140ZTL_C30       fall   0.012   0.079   0.017  0.014  (61.760,38.450)      0.340     3     
pp_fir_0_1_1/CTS_ccl_a_inv_00168/A
-     INV_X7P5B_A9PP140ZTL_C30     fall   0.001   0.079   0.017  -      (67.780,37.350)      7.120   -       
pp_fir_0_1_1/CTS_ccl_a_inv_00168/Y
-     INV_X7P5B_A9PP140ZTL_C30     rise   0.012   0.091   0.014  0.019  (67.640,37.150)      0.340     9     
pp_fir_0_1_1/sum2_5_re_1_reg[10]/CK
-     SDFFRPQA_X1M_A9PP140ZTL_C30  rise   0.001   0.092   0.014  -      (69.460,40.850)      5.520   -       
-------------------------------------------------------------------------------------------------------------------

Timing for timing corner delay_corner_wcl_typical:both.late, min clock_path:
============================================================================

PathID    : 11
Path type : skew group clk/functional_wcl_typical (path 1 of 1)
Start     : clk
End       : pp_fir_0_1_1/sum4_2_im_1_reg[29]/CK
Delay     :  0.079

------------------------------------------------------------------------------------------------------------------
Name  Lib cell                    Event  Incr   Arrival  Slew   Cap    Location           Distance  Fanout  Status
                                         (ns)   (ns)     (ns)   (pF)                      (um)              
-- Clockpath trace -----------------------------------------------------------------------------------------------
clk
-     -                           rise   -       0.000   0.004  0.020  (102.020,181.750)  -           2     
CTS_ccl_inv_00601/A
-     INV_X6B_A9PP140ZTL_C30      rise   0.003   0.003   0.008  -      (124.480,139.950)   64.260   -       
CTS_ccl_inv_00601/Y
-     INV_X6B_A9PP140ZTL_C30      fall   0.011   0.013   0.015  0.013  (124.620,139.750)    0.340     2     
CTS_ccl_a_inv_00598/A
-     INV_X6B_A9PP140ZTL_C30      fall   0.000   0.014   0.015  -      (128.680,139.950)    4.260   -       
CTS_ccl_a_inv_00598/Y
-     INV_X6B_A9PP140ZTL_C30      rise   0.009   0.023   0.011  0.011  (128.820,139.750)    0.340     2     
CTS_ccl_inv_00590/A
-     INV_X4B_A9PP140ZTL_C30      rise   0.000   0.023   0.011  -      (133.160,139.950)    4.540   -       
CTS_ccl_inv_00590/Y
-     INV_X4B_A9PP140ZTL_C30      fall   0.008   0.031   0.010  0.005  (133.300,139.750)    0.340     2     
CTS_ccl_a_inv_00578/A
-     INV_X4B_A9PP140ZTL_C30      fall   0.000   0.031   0.010  -      (133.440,138.150)    1.740   -       
CTS_ccl_a_inv_00578/Y
-     INV_X4B_A9PP140ZTL_C30      rise   0.008   0.039   0.010  0.007  (133.580,137.950)    0.340     1     
CTS_ccl_a_inv_00559/A
-     INV_X4B_A9PP140ZTL_C30      rise   0.001   0.041   0.010  -      (133.720,100.350)   37.740   -       
CTS_ccl_a_inv_00559/Y
-     INV_X4B_A9PP140ZTL_C30      fall   0.009   0.050   0.013  0.007  (133.860,100.150)    0.340     2     
CTS_ccl_a_inv_00526/A
-     INV_X4B_A9PP140ZTL_C30      fall   0.000   0.050   0.013  -      (132.600,101.250)    2.360   -       
CTS_ccl_a_inv_00526/Y
-     INV_X4B_A9PP140ZTL_C30      rise   0.009   0.060   0.011  0.008  (132.460,101.450)    0.340     3     
pp_fir_0_1_1/CTS_ccl_a_inv_00416/A
-     INV_X2B_A9PP140ZTL_C30      rise   0.000   0.060   0.011  -      (131.760,90.450)    11.700   -       
pp_fir_0_1_1/CTS_ccl_a_inv_00416/Y
-     INV_X2B_A9PP140ZTL_C30      fall   0.011   0.070   0.014  0.004  (131.900,90.250)     0.340     1     
pp_fir_0_1_1/CTS_ccl_a_inv_00145/A
-     INV_X6B_A9PP140ZTL_C30      fall   0.000   0.070   0.014  -      (132.040,84.150)     6.240   -       
pp_fir_0_1_1/CTS_ccl_a_inv_00145/Y
-     INV_X6B_A9PP140ZTL_C30      rise   0.008   0.078   0.009  0.008  (132.180,83.950)     0.340     8     
pp_fir_0_1_1/sum4_2_im_1_reg[29]/CK
-     SDFFRPQ_X1M_A9PP140ZTL_C30  rise   0.000   0.079   0.009  -      (133.720,81.650)     3.840   -       
------------------------------------------------------------------------------------------------------------------

Timing for timing corner delay_corner_wcl_typical:both.late, max clock_path:
============================================================================

PathID    : 12
Path type : skew group clk/functional_wcl_typical (path 1 of 1)
Start     : clk
End       : pp_fir_0_1_1/sum2_5_re_1_reg[10]/CK
Delay     :  0.093

-------------------------------------------------------------------------------------------------------------------
Name  Lib cell                     Event  Incr   Arrival  Slew   Cap    Location           Distance  Fanout  Status
                                          (ns)   (ns)     (ns)   (pF)                      (um)              
-- Clockpath trace ------------------------------------------------------------------------------------------------
clk
-     -                            rise   -       0.000   0.004  0.020  (102.020,181.750)  -           2     
CTS_ccl_inv_00600/A
-     INV_X4B_A9PP140ZTL_C30       rise   0.004   0.004   0.008  -      (58.960,113.850)   110.960   -       
CTS_ccl_inv_00600/Y
-     INV_X4B_A9PP140ZTL_C30       fall   0.009   0.013   0.013  0.007  (58.820,114.050)     0.340     2     
CTS_ccl_a_inv_00597/A
-     INV_X6B_A9PP140ZTL_C30       fall   0.000   0.013   0.013  -      (49.160,111.150)    12.560   -       
CTS_ccl_a_inv_00597/Y
-     INV_X6B_A9PP140ZTL_C30       rise   0.009   0.022   0.011  0.011  (49.300,110.950)     0.340     2     
pp_fir_0_1_1/CTS_ccl_inv_00593/A
-     INV_X6B_A9PP140ZTL_C30       rise   0.001   0.023   0.011  -      (46.780,74.250)     39.220   -       
pp_fir_0_1_1/CTS_ccl_inv_00593/Y
-     INV_X6B_A9PP140ZTL_C30       fall   0.010   0.034   0.014  0.011  (46.640,74.450)      0.340     2     
pp_fir_0_1_1/CTS_ccl_a_inv_00585/A
-     INV_X4B_A9PP140ZTL_C30       fall   0.001   0.035   0.014  -      (46.500,40.050)     34.540   -       
pp_fir_0_1_1/CTS_ccl_a_inv_00585/Y
-     INV_X4B_A9PP140ZTL_C30       rise   0.010   0.044   0.012  0.008  (46.360,40.250)      0.340     2     
pp_fir_0_1_1/CTS_ccl_a_inv_00560/A
-     INV_X4B_A9PP140ZTL_C30       rise   0.001   0.045   0.012  -      (45.240,38.250)      3.120   -       
pp_fir_0_1_1/CTS_ccl_a_inv_00560/Y
-     INV_X4B_A9PP140ZTL_C30       fall   0.011   0.056   0.016  0.008  (45.100,38.450)      0.340     2     
pp_fir_0_1_1/CTS_ccl_a_inv_00530/A
-     INV_X6B_A9PP140ZTL_C30       fall   0.001   0.057   0.016  -      (46.640,38.250)      1.740   -       
pp_fir_0_1_1/CTS_ccl_a_inv_00530/Y
-     INV_X6B_A9PP140ZTL_C30       rise   0.010   0.067   0.013  0.013  (46.500,38.450)      0.340     3     
pp_fir_0_1_1/CTS_ccl_a_inv_00432/A
-     INV_X6B_A9PP140ZTL_C30       rise   0.001   0.068   0.013  -      (61.900,38.250)     15.600   -       
pp_fir_0_1_1/CTS_ccl_a_inv_00432/Y
-     INV_X6B_A9PP140ZTL_C30       fall   0.012   0.080   0.017  0.014  (61.760,38.450)      0.340     3     
pp_fir_0_1_1/CTS_ccl_a_inv_00168/A
-     INV_X7P5B_A9PP140ZTL_C30     fall   0.001   0.081   0.017  -      (67.780,37.350)      7.120   -       
pp_fir_0_1_1/CTS_ccl_a_inv_00168/Y
-     INV_X7P5B_A9PP140ZTL_C30     rise   0.012   0.092   0.014  0.019  (67.640,37.150)      0.340     9     
pp_fir_0_1_1/sum2_5_re_1_reg[10]/CK
-     SDFFRPQA_X1M_A9PP140ZTL_C30  rise   0.001   0.093   0.014  -      (69.460,40.850)      5.520   -       
-------------------------------------------------------------------------------------------------------------------

