###############################################################
#  Generated by:      Cadence Innovus 21.12-s106_1
#  OS:                Linux x86_64(Host ID cluster12)
#  Generated on:      Fri May 10 16:57:58 2024
#  Design:            topVcoDigital
###############################################################
#Design Check : place (21)
# --------------------------------------------------------------------------------------
# Message: Follow pin for net %s in DPT layer %s has a via that is either misaligned or not fully enclosed within the rail at %f %f.
#    Help: 
# --------------------------------------------------------------------------------------
dict set design_checks place IMPPP-4417 {
  severity warning
  count 21
  violations {
    {VDD M1 5.013000 7.120000}
    {VDD M1 5.013000 6.040000}
    {VDD M1 5.013000 4.960000}
    {VDD M1 5.013000 8.200000}
    {VDD M1 5.013000 9.280000}
    {VDD M1 5.013000 10.360000}
    {VDD M1 5.013000 11.440000}
    {VDD M1 5.013000 12.520000}
    {VDD M1 5.013000 13.600000}
    {VDD M1 5.013000 14.680000}
    {VDD M1 5.013000 15.760000}
    {VDD M1 5.013000 16.840000}
    {VDD M1 5.013000 17.920000}
    {VDD M1 5.013000 19.000000}
    {VDD M1 5.013000 20.080000}
    {VDD M1 5.013000 21.160000}
    {VDD M1 5.013000 22.240000}
    {VDD M1 5.013000 23.320000}
    {VDD M1 5.013000 24.400000}
    {VDD M1 5.013000 25.480000}
    {VDD M1 5.013000 26.560000}
  }
}
#Design Check : place (21)
# --------------------------------------------------------------------------------------
# Message: The via for net %s in DPT layer %s does not align with the tracks at %f %f.
#    Help: 
# --------------------------------------------------------------------------------------
dict set design_checks place IMPPP-4418 {
  severity warning
  count 21
  violations {
    {VDD M2 5.013000 3.080000}
    {VDD M2 5.013000 3.080000}
    {VSS M2 7.088000 1.880000}
    {VSS M2 7.088000 1.880000}
    {VSS M2 7.088000 6.580000}
    {VSS M2 7.088000 6.580000}
    {VDD M2 5.013000 7.120000}
    {VDD M2 5.013000 7.120000}
    {VDD M2 5.013000 6.040000}
    {VDD M1 5.013000 6.040000}
    {VDD M2 5.013000 6.040000}
    {VDD M2 5.013000 4.960000}
    {VDD M2 5.013000 4.960000}
    {VDD M1 3.094000 6.040000}
    {VSS M1 1.894000 5.500000}
    {VSS M1 1.894000 6.580000}
    {VSS M2 7.088000 5.500000}
    {VSS M2 7.088000 5.500000}
    {VDD M2 9.063000 3.080000}
    {VDD M2 9.063000 3.080000}
    {VDD M2 13.113000 3.080000}
  }
}
#Design Check : opt (1)
# --------------------------------------------------------------------------------------
# Message: Design is not placed. Place the design before running
#    Help: Use place_design or place_opt_design to place the design.
# --------------------------------------------------------------------------------------
dict set design_checks opt IMPOPT-2901 {
  severity warning
  count 1
  violations {
    {}
  }
}
#Design Check : opt (1)
# --------------------------------------------------------------------------------------
# Message: %d instance(s) out of %d are unplaced.
#    Help: 
# --------------------------------------------------------------------------------------
dict set design_checks opt IMPOPT-7276 {
  severity warning
  count 1
  violations {
    {543 1733}
  }
}
