###############################################################
#  Generated by:      Cadence Innovus 23.14-s088_1
#  OS:                Linux x86_64(Host ID lnx-prd-05.ece.vt.edu)
#  Generated on:      Mon Jan 26 12:16:37 2026
#  Design:            scpa_dig_ana_ppfir
#  Command:           place_opt_design -phys_syn -out_dir ./invs2gns_tmp -prefix invs2genus_final
###############################################################
#Design Check : opt (1)
# --------------------------------------------------------------------------------------
# Message: Design is not placed. Place the design before running
#    Help: Use place_design or place_opt_design to place the design.
# --------------------------------------------------------------------------------------
dict set design_checks opt IMPOPT-2901 {
  severity warning
  count 1
  violations {
    {}
  }
}
#Design Check : opt (1)
# --------------------------------------------------------------------------------------
# Message: Maximum transition %.3f is too small compared to maximum transition threshold %.3f, this would result in excessive buffering.
#    Help: 
# --------------------------------------------------------------------------------------
dict set design_checks opt IMPOPT-2908 {
  severity warning
  count 1
  violations {
    {-0.000 0.335}
  }
}
#Design Check : opt (1)
# --------------------------------------------------------------------------------------
# Message: %d instance(s) out of %d are unplaced.
#    Help: 
# --------------------------------------------------------------------------------------
dict set design_checks opt IMPOPT-7276 {
  severity warning
  count 1
  violations {
    {127126 133763}
  }
}
#Design Check : opt (6)
# --------------------------------------------------------------------------------------
# Message: The net <%s> has more than 500 fanout (%d fanout). Such large fanout nets, if not buffered, can potentially slow down some applications.
#    Help: Review the user constraints for the net to allow buffering.
# --------------------------------------------------------------------------------------
dict set design_checks opt IMPOPT-7285 {
  severity warning
  count 6
  violations {
    {en 13324}
    {n_12 2796}
    {n_685 20310}
    {pp_fir_blocked_1_1_pp_fir_bottom_half_1_1/n_0 2407}
    {pp_fir_blocked_1_1_pp_fir_top_half_1_1/n_351 2839}
    {pp_int_x4_1_1/n_2 3695}
  }
}
