============================================================
  Generated by:           Genus(TM) Synthesis Solution 23.10-p004_1
  Generated on:           Feb 17 2025  07:41:51 pm
  Module:                 pp_fir_u_5
  Library domain:         timing_cond_wcl_slow
    Domain index:         0
    Technology library:   sc9mcpp140z_cln28ht_base_lvt_c30_ssg_cworstt_max_0p81v_125c 1.0
  Library domain:         timing_cond_wcl_fast
    Domain index:         1
    Technology library:   sc9mcpp140z_cln28ht_base_lvt_c30_ffg_cbestt_min_0p99v_m40c 1.0
  Library domain:         timing_cond_wcl_typical
    Domain index:         2
    Technology library:   sc9mcpp140z_cln28ht_base_lvt_c30_tt_ctypical_max_0p90v_25c 1.0
  Operating conditions:   ssg_cworstt_max_0p81v_125c 
  Operating conditions:   ffg_cbestt_min_0p99v_m40c 
  Operating conditions:   tt_ctypical_max_0p90v_25c 
  Interconnect mode:      placement
  Area mode:              physical library
============================================================

Timing
--------

  Analysis view  Clock Period 
------------------------------
view_wcl_slow    clk    500.0 
view_wcl_fast    clk    500.0 
view_wcl_typical clk    500.0 


    Analysis       Cost   Critical            Violating 
      View        Group  Path Slack    TNS      Paths   
--------------------------------------------------------
view_wcl_slow        clk      -46.3 -48470.3       2339 
                 default   No paths      0.0          0 
--------------------------------------------------------
Total                               -48470.3       2339 
                                                        
view_wcl_fast        clk        3.8      0.0          0 
                 default   No paths      0.0          0 
--------------------------------------------------------
Total                                   -0.0          0 
                                                        
view_wcl_typical     clk      -16.7  -4995.7       1014 
                 default   No paths      0.0          0 
--------------------------------------------------------
Total                                -4995.7       1014 
                                                        

Instance Count
--------------
Leaf Instance Count             27631 
Physical Instance count          1107 
Sequential Instance Count        3604 
Combinational Instance Count    24027 
Hierarchical Instance Count         0 

Area
----
Cell Area                          31064.670
Physical Cell Area                 596.610
Total Cell Area (Cell+Physical)    31661.280
Net Area                           8434.630
Total Area (Cell+Physical+Net)     40095.910

Floorplan Utilization              84.59%
Runtime                            120.316846 seconds
Elapsed Runtime                    2937 seconds
Genus peak memory usage            3576.77 
Innovus peak memory usage          5511.816406 
Hostname                           tc161.cm.cluster

Physical Data
-------------
Total Net Length                   168692.59 um
Average Net Length                 5.85 um
