 ------------------------------------------------------------------------------------------------------------------------------------------------------ 
| Snapshot                | WNS                  | TNS                  | Density (%) | Hotspot      | Resource               | DRVs       | Layer-OPT |
|                         | HEPG (ns) | ALL (ns) | HEPG (ns) | ALL (ns) |             | Max  | Total | Real (s) | Memory (MB) | Tran | Cap | M8        |
|-------------------------+-----------+----------+-----------+----------+-------------+------+-------+----------+-------------+------+-----+-----------|
| initial_summary         |           |   -0.198 |           |     -636 |       85.40 |      |       | 0:00:10  |        3338 |    0 |   0 |           |
| route_type_refinement   |           |          |           |          |             |      |       | 0:00:00  |        3334 |      |     |           |
| simplify_netlist        |           |          |           |          |             |      |       | 0:00:03  |        3348 |      |     |           |
| drv_fixing              |           |          |           |          |             |      |       | 0:00:03  |        3348 |      |     |           |
| area_reclaiming         |     0.000 |   -0.186 |         0 |     -607 |       83.36 |      |       | 0:00:20  |        3386 |      |     |           |
| global_opt              |           |   -0.107 |           |     -355 |       84.67 |      |       | 0:01:34  |        3456 |      |     |           |
| area_reclaiming_2       |     0.000 |   -0.103 |         0 |     -357 |       82.93 |      |       | 0:00:21  |        3459 |      |     |           |
| incremental_replacement |    -0.034 |   -0.111 |           |     -356 |             | 0.00 |  0.00 | 0:01:08  |        3497 |      |     |           |
| tns_fixing              |    -0.017 |   -0.107 |        -1 |     -349 |       82.48 |      |       | 0:00:49  |        3611 |      |     |           |
| wns_fixing              |    -0.007 |   -0.047 |        -0 |      -97 |       85.60 |      |       | 0:11:44  |        3858 |      |     |        31 |
| tns_fixing_2            |    -0.006 |   -0.047 |        -0 |      -67 |       89.82 |      |       | 0:07:59  |        3720 |      |     |        83 |
| area_reclaiming_3       |    -0.007 |   -0.040 |        -0 |      -66 |       89.08 |      |       | 0:00:27  |        3591 |      |     |        81 |
| area_reclaiming_4       |    -0.006 |   -0.039 |        -0 |      -69 |       86.43 |      |       | 0:00:23  |        3588 |      |     |        64 |
| drv_eco_fixing          |    -0.006 |   -0.039 |        -0 |      -69 |       86.43 |      |       | 0:00:03  |        3589 |    1 |   0 |        64 |
| tns_eco_fixing          |    -0.005 |   -0.039 |        -0 |      -62 |       87.70 |      |       | 0:03:43  |        3709 |      |     |        66 |
| final_summary           |    -0.005 |   -0.036 |           |      -50 |       87.70 |      |       | 0:00:04  |        3568 |    0 |   0 |           |
 ------------------------------------------------------------------------------------------------------------------------------------------------------ 
