 ------------------------------------------------------------------------------------------------------------------------------------------------------ 
| Snapshot                | WNS                  | TNS                  | Density (%) | Hotspot      | Resource               | DRVs       | Layer-OPT |
|                         | HEPG (ns) | ALL (ns) | HEPG (ns) | ALL (ns) |             | Max  | Total | Real (s) | Memory (MB) | Tran | Cap | M8        |
|-------------------------+-----------+----------+-----------+----------+-------------+------+-------+----------+-------------+------+-----+-----------|
| initial_summary         |    -0.081 |   -0.081 |           |       -8 |       56.18 |      |       | 0:00:21  |        8474 |   17 |   0 |           |
| route_type_refinement   |           |          |           |          |             |      |       | 0:00:02  |        8474 |      |     |         6 |
| simplify_netlist        |           |          |           |          |             |      |       | 0:00:06  |        8474 |      |     |           |
| excluded_clk_net_fixing |           |          |           |          |             |      |       | 0:00:00  |        8474 |      |     |           |
| drv_fixing              |    -0.842 |   -0.842 |       -22 |      -22 |       56.19 |      |       | 0:00:17  |        8538 |    0 |   0 |         6 |
| global_opt              |           |   -0.489 |           |      -16 |       56.32 |      |       | 0:00:13  |        8654 |      |     |         6 |
| global_opt_2            |           |   -0.245 |           |       -6 |       56.35 |      |       | 0:00:17  |        8654 |      |     |        14 |
| area_reclaiming         |    -0.244 |   -0.244 |        -5 |       -5 |       56.18 |      |       | 0:00:21  |        8654 |      |     |        14 |
| drv_fixing_2            |    -0.244 |   -0.244 |        -5 |       -5 |       56.18 |      |       | 0:00:15  |        8654 |    0 |   0 |        14 |
| wns_fixing              |     0.005 |    0.005 |         0 |        0 |       56.47 |      |       | 0:01:49  |        9214 |      |     |        39 |
| area_reclaiming_2       |    -0.001 |   -0.001 |        -0 |       -0 |       56.22 |      |       | 0:00:26  |        9353 |      |     |        41 |
| area_reclaiming_3       |    -0.001 |   -0.001 |        -0 |       -0 |       56.09 |      |       | 0:00:22  |        9353 |      |     |        36 |
| local_wire_reclaim      |           |          |           |          |             |      |       | 0:00:57  |        9353 |      |     |           |
| global_route            |           |          |           |          |             | 0.00 |  0.00 | 0:00:11  |        9226 |      |     |           |
| route_type_refinement_2 |           |          |           |          |             |      |       | 0:00:10  |        9241 |      |     |        33 |
| drv_eco_fixing          |    -0.787 |   -0.787 |        -5 |       -5 |       56.09 |      |       | 0:00:12  |        9305 |    0 |   0 |        33 |
| wns_eco_fixing          |     0.000 |    0.000 |         0 |        0 |       56.14 |      |       | 0:00:31  |        9449 |      |     |        53 |
| final_summary           |    -0.000 |   -0.000 |           |       -0 |       56.14 | 0.00 |  0.00 | 0:00:15  |        9241 |    0 |   0 |           |
 ------------------------------------------------------------------------------------------------------------------------------------------------------ 
