 --------------------------------------------------------------------------------------------------------------------------------- 
| Snapshot          | WNS                  | TNS                  | Density (%) | Resource               | DRVs       | Layer-OPT |
|                   | HEPG (ns) | ALL (ns) | HEPG (ns) | ALL (ns) |             | Real (s) | Memory (MB) | Tran | Cap | M8        |
|-------------------+-----------+----------+-----------+----------+-------------+----------+-------------+------+-----+-----------|
| initial_summary   |           |   -0.592 |           |     -224 |       76.42 | 0:00:05  |        5176 |    0 |   1 |           |
| drv_fixing        |     0.000 |   -0.592 |         0 |    -1122 |       76.83 | 0:00:06  |        5369 |      |     |           |
| global_opt        |           |   -0.102 |           |     -132 |       78.70 | 0:00:29  |        5633 |      |     |         5 |
| area_reclaiming   |     0.000 |   -0.101 |         0 |     -155 |       75.91 | 0:00:09  |        5624 |      |     |         5 |
| tns_fixing        |    -0.030 |   -0.107 |        -2 |     -163 |       77.43 | 0:00:23  |        6193 |      |     |         5 |
| wns_fixing        |    -0.013 |   -0.073 |        -1 |     -136 |       80.39 | 0:02:31  |        6531 |      |     |        39 |
| tns_fixing_2      |    -0.012 |   -0.075 |        -0 |      -98 |       87.00 | 0:01:55  |        6447 |      |     |        86 |
| area_reclaiming_2 |    -0.012 |   -0.069 |        -0 |      -98 |       85.77 | 0:00:09  |        5771 |      |     |        99 |
| area_reclaiming_3 |    -0.009 |   -0.070 |        -0 |     -101 |       82.33 | 0:00:08  |        5748 |      |     |        74 |
| drv_eco_fixing    |    -0.010 |   -0.074 |        -0 |      -88 |       82.33 | 0:00:03  |        5589 |    0 |   0 |        74 |
| tns_eco_fixing    |    -0.008 |   -0.059 |        -0 |      -61 |       84.11 | 0:00:48  |        6415 |      |     |        74 |
| final_summary     |    -0.008 |   -0.059 |           |      -60 |       84.11 | 0:00:03  |        5598 |    0 |   0 |           |
 --------------------------------------------------------------------------------------------------------------------------------- 
