 ---------------------------------------------------------------------------------------------------------------------- 
| Snapshot           | WNS                  | TNS                  | Density (%) | Resource               | DRVs       |
|                    | HEPG (ns) | ALL (ns) | HEPG (ns) | ALL (ns) |             | Real (s) | Memory (MB) | Tran | Cap |
|--------------------+-----------+----------+-----------+----------+-------------+----------+-------------+------+-----|
| initial_summary    |    -0.012 |   -0.124 |           |    -1296 |       96.10 | 0:00:47  |       11151 |    0 |   0 |
| ccopt_pro          |           |          |           |          |             | 0:00:15  |       12319 |      |     |
| drv_eco_fixing     |    -0.013 |   -0.124 |        -0 |    -1296 |       96.11 | 0:00:12  |       11415 |    0 |   0 |
| wns_fixing         |    -0.006 |   -0.102 |        -0 |    -1278 |       96.15 | 0:00:24  |       13485 |      |     |
| tns_fixing         |    -0.006 |   -0.102 |        -0 |    -1269 |       96.23 | 0:00:28  |       13406 |      |     |
| initial_summary_2  |    -0.006 |   -0.102 |           |    -1269 |       96.23 | 0:00:49  |       11993 |    1 |   0 |
| hold_fixing        |           |   -0.102 |           |    -1269 |       96.23 | 0:00:12  |       11917 |      |     |
| route_type_fixing  |           |          |           |          |             | 0:00:03  |       12043 |      |     |
| pre_route_summary  |    -0.006 |   -0.102 |           |    -1269 |       96.23 | 0:00:02  |       12043 |    1 |   0 |
| eco_route          |           |          |           |          |             | 0:00:53  |       11190 |      |     |
| post_route_summary |    -0.006 |   -0.105 |           |    -1272 |       96.23 | 0:00:26  |       11879 |    1 |   0 |
| tns_eco_fixing     |    -0.006 |   -0.105 |        -0 |    -1272 |      100.00 | 0:00:10  |       12690 |      |     |
| final_summary      |    -0.006 |   -0.105 |           |    -1272 |       96.23 | 0:00:26  |       11773 |    1 |   0 |
 ---------------------------------------------------------------------------------------------------------------------- 
