 ------------------------------------------------------------------------------------------------------------------------------------------------------ 
| Snapshot                | WNS                  | TNS                  | Density (%) | Hotspot      | Resource               | DRVs       | Layer-OPT |
|                         | HEPG (ns) | ALL (ns) | HEPG (ns) | ALL (ns) |             | Max  | Total | Real (s) | Memory (MB) | Tran | Cap | M8        |
|-------------------------+-----------+----------+-----------+----------+-------------+------+-------+----------+-------------+------+-----+-----------|
| initial_summary         |           |   -0.079 |           |      -32 |       56.43 |      |       | 0:00:46  |        5503 |    0 |   0 |           |
| route_type_refinement   |           |          |           |          |             |      |       | 0:00:14  |        5511 |      |     |         7 |
| simplify_netlist        |           |          |           |          |             |      |       | 0:00:05  |        5519 |      |     |           |
| drv_fixing              |           |          |           |          |             |      |       | 0:00:05  |        5519 |      |     |           |
| global_opt              |           |   -0.355 |           |      -57 |       56.47 |      |       | 0:01:02  |        5535 |      |     |        18 |
| area_reclaiming         |    -0.353 |   -0.353 |       -52 |      -52 |       56.09 |      |       | 0:01:01  |        5535 |      |     |        18 |
| incremental_replacement |    -0.366 |   -0.366 |           |      -60 |             | 0.00 |  0.00 | 0:05:17  |        7048 |      |     |           |
| drv_fixing_2            |    -0.365 |   -0.366 |       -60 |      -60 |       56.09 |      |       | 0:00:12  |        7072 |    0 |   0 |        18 |
| tns_fixing              |    -0.282 |   -0.282 |       -48 |      -48 |       56.39 |      |       | 0:01:37  |        7096 |      |     |        18 |
| wns_fixing              |     0.001 |    0.001 |         0 |        0 |       55.79 |      |       | 0:06:53  |        7088 |      |     |        53 |
| area_reclaiming_2       |    -0.001 |   -0.001 |        -0 |       -0 |       55.54 |      |       | 0:01:14  |        7088 |      |     |        59 |
| area_reclaiming_3       |    -0.001 |   -0.001 |        -0 |       -0 |       54.99 |      |       | 0:00:44  |        7088 |      |     |        53 |
| drv_eco_fixing          |    -0.001 |   -0.001 |        -0 |       -0 |       54.99 |      |       | 0:00:10  |        7088 |    0 |   0 |        53 |
| tns_eco_fixing          |     0.000 |    0.000 |         0 |        0 |       54.99 |      |       | 0:00:09  |        7088 |      |     |        53 |
| final_summary           |    -0.002 |   -0.002 |           |       -0 |       54.99 |      |       | 0:00:12  |        7056 |    0 |   0 |           |
 ------------------------------------------------------------------------------------------------------------------------------------------------------ 
