 ------------------------------------------------------------------------------------------------------------------------------------------------------ 
| Snapshot                | WNS                  | TNS                  | Density (%) | Hotspot      | Resource               | DRVs       | Layer-OPT |
|                         | HEPG (ns) | ALL (ns) | HEPG (ns) | ALL (ns) |             | Max  | Total | Real (s) | Memory (MB) | Tran | Cap | M8        |
|-------------------------+-----------+----------+-----------+----------+-------------+------+-------+----------+-------------+------+-----+-----------|
| initial_summary         |    -0.026 |   -0.070 |           |     -100 |       80.87 |      |       | 0:00:04  |        5309 |    0 |   0 |           |
| route_type_refinement   |           |          |           |          |             |      |       | 0:00:02  |        5318 |      |     |        35 |
| simplify_netlist        |           |          |           |          |             |      |       | 0:00:03  |        5344 |      |     |           |
| excluded_clk_net_fixing |           |          |           |          |             |      |       | 0:00:00  |        5344 |      |     |           |
| global_opt              |           |   -0.149 |           |     -404 |       81.33 |      |       | 0:00:08  |        5540 |      |     |        35 |
| global_opt_2            |           |   -0.073 |           |     -217 |       81.98 |      |       | 0:00:16  |        5645 |      |     |        41 |
| area_reclaiming         |    -0.035 |   -0.068 |        -8 |     -209 |       78.91 |      |       | 0:00:08  |        5633 |      |     |        39 |
| wns_fixing              |     0.006 |   -0.065 |         0 |     -162 |       81.31 |      |       | 0:01:46  |        6527 |      |     |        50 |
| tns_fixing              |     0.005 |   -0.066 |         0 |      -87 |       84.00 |      |       | 0:00:39  |        6539 |      |     |        71 |
| area_reclaiming_2       |    -0.002 |   -0.059 |        -0 |      -86 |       83.04 |      |       | 0:00:09  |        5944 |      |     |       155 |
| area_reclaiming_3       |    -0.004 |   -0.057 |        -0 |      -86 |       80.35 |      |       | 0:00:08  |        5900 |      |     |        85 |
| local_wire_reclaim      |           |          |           |          |             |      |       | 0:00:21  |        5890 |      |     |           |
| global_route            |           |          |           |          |             | 0.00 |  0.00 | 0:00:02  |        5686 |      |     |           |
| route_type_refinement_2 |           |          |           |          |             |      |       | 0:00:03  |        5756 |      |     |        84 |
| drv_eco_fixing          |    -0.010 |   -0.059 |        -0 |      -89 |       80.35 |      |       | 0:00:03  |        5756 |    0 |   0 |        84 |
| tns_eco_fixing          |    -0.001 |   -0.058 |        -0 |      -86 |       82.21 |      |       | 0:00:26  |        6638 |      |     |        83 |
| tns_eco_fixing_2        |    -0.001 |   -0.058 |        -0 |      -86 |       82.21 |      |       | 0:00:04  |        6461 |      |     |        83 |
| final_summary           |    -0.002 |   -0.058 |           |      -86 |       82.21 | 0.00 |  0.00 | 0:00:03  |        5824 |    0 |   0 |           |
 ------------------------------------------------------------------------------------------------------------------------------------------------------ 
