============================================================
  Generated by:           Genus(TM) Synthesis Solution 23.10-p004_1
  Generated on:           Feb 17 2025  07:36:02 pm
  Module:                 pp_fir_u_4
  Library domain:         timing_cond_wcl_slow
    Domain index:         0
    Technology library:   sc9mcpp140z_cln28ht_base_lvt_c30_ssg_cworstt_max_0p81v_125c 1.0
  Library domain:         timing_cond_wcl_fast
    Domain index:         1
    Technology library:   sc9mcpp140z_cln28ht_base_lvt_c30_ffg_cbestt_min_0p99v_m40c 1.0
  Library domain:         timing_cond_wcl_typical
    Domain index:         2
    Technology library:   sc9mcpp140z_cln28ht_base_lvt_c30_tt_ctypical_max_0p90v_25c 1.0
  Operating conditions:   ssg_cworstt_max_0p81v_125c 
  Operating conditions:   ffg_cbestt_min_0p99v_m40c 
  Operating conditions:   tt_ctypical_max_0p90v_25c 
  Interconnect mode:      placement
  Area mode:              physical library
============================================================

Timing
--------

  Analysis view  Clock Period 
------------------------------
view_wcl_slow    clk    500.0 
view_wcl_fast    clk    500.0 
view_wcl_typical clk    500.0 


    Analysis       Cost   Critical            Violating 
      View        Group  Path Slack    TNS      Paths   
--------------------------------------------------------
view_wcl_slow        clk      -43.6 -46800.8       2947 
                 default   No paths      0.0          0 
--------------------------------------------------------
Total                               -46800.8       2947 
                                                        
view_wcl_fast        clk       13.4      0.0          0 
                 default   No paths      0.0          0 
--------------------------------------------------------
Total                                   -0.0          0 
                                                        
view_wcl_typical     clk      -10.7  -1101.2        300 
                 default   No paths      0.0          0 
--------------------------------------------------------
Total                                -1101.2        300 
                                                        

Instance Count
--------------
Leaf Instance Count             26118 
Physical Instance count          1107 
Sequential Instance Count        3620 
Combinational Instance Count    22498 
Hierarchical Instance Count         0 

Area
----
Cell Area                          28676.088
Physical Cell Area                 596.610
Total Cell Area (Cell+Physical)    29272.698
Net Area                           8289.673
Total Area (Cell+Physical+Net)     37562.371

Floorplan Utilization              78.08%
Runtime                            102.179182 seconds
Elapsed Runtime                    2713 seconds
Genus peak memory usage            3560.64 
Innovus peak memory usage          5509.941406 
Hostname                           tc015.cm.cluster

Physical Data
-------------
Total Net Length                   165793.46 um
Average Net Length                 6.09 um
