============================================================
  Generated by:           Genus(TM) Synthesis Solution 23.10-p004_1
  Generated on:           Feb 17 2025  07:36:03 pm
  Module:                 pp_fir_u_4
  Library domain:         timing_cond_wcl_slow
    Domain index:         0
    Technology library:   sc9mcpp140z_cln28ht_base_lvt_c30_ssg_cworstt_max_0p81v_125c 1.0
  Library domain:         timing_cond_wcl_fast
    Domain index:         1
    Technology library:   sc9mcpp140z_cln28ht_base_lvt_c30_ffg_cbestt_min_0p99v_m40c 1.0
  Library domain:         timing_cond_wcl_typical
    Domain index:         2
    Technology library:   sc9mcpp140z_cln28ht_base_lvt_c30_tt_ctypical_max_0p90v_25c 1.0
  Operating conditions:   ssg_cworstt_max_0p81v_125c 
  Operating conditions:   ffg_cbestt_min_0p99v_m40c 
  Operating conditions:   tt_ctypical_max_0p90v_25c 
  Interconnect mode:      placement
  Area mode:              physical library
============================================================

                                                        Leakage                                                                   Library 
             Gate               Instances    Area      Power (nW)                              Library                             Domain 
------------------------------------------------------------------------------------------------------------------------------------------
ADDF_X1M_A9PP140ZTL_C30               976   1967.616    569535.209    sc9mcpp140z_cln28ht_base_lvt_c30_ssg_cworstt_max_0p81v_125c       0 
ADDF_X1P4M_A9PP140ZTL_C30              60    136.080     49647.820    sc9mcpp140z_cln28ht_base_lvt_c30_ssg_cworstt_max_0p81v_125c       0 
ADDF_X2M_A9PP140ZTL_C30                21     47.628     17137.832    sc9mcpp140z_cln28ht_base_lvt_c30_ssg_cworstt_max_0p81v_125c       0 
ADDH_X1M_A9PP140ZTL_C30                34     42.840     14181.127    sc9mcpp140z_cln28ht_base_lvt_c30_ssg_cworstt_max_0p81v_125c       0 
ADDH_X2M_A9PP140ZTL_C30                 1      1.512       612.645    sc9mcpp140z_cln28ht_base_lvt_c30_ssg_cworstt_max_0p81v_125c       0 
AND2_X0P7B_A9PP140ZTL_C30               1      0.504       169.097    sc9mcpp140z_cln28ht_base_lvt_c30_ssg_cworstt_max_0p81v_125c       0 
AND2_X1M_A9PP140ZTL_C30               287    144.648     51197.716    sc9mcpp140z_cln28ht_base_lvt_c30_ssg_cworstt_max_0p81v_125c       0 
AND2_X1P4M_A9PP140ZTL_C30               9      5.670      2554.844    sc9mcpp140z_cln28ht_base_lvt_c30_ssg_cworstt_max_0p81v_125c       0 
AND2_X2M_A9PP140ZTL_C30                20     12.600      6028.406    sc9mcpp140z_cln28ht_base_lvt_c30_ssg_cworstt_max_0p81v_125c       0 
AND2_X3B_A9PP140ZTL_C30                 1      0.756       350.581    sc9mcpp140z_cln28ht_base_lvt_c30_ssg_cworstt_max_0p81v_125c       0 
AND2_X3M_A9PP140ZTL_C30                10     10.080      4918.814    sc9mcpp140z_cln28ht_base_lvt_c30_ssg_cworstt_max_0p81v_125c       0 
AND2_X4M_A9PP140ZTL_C30                 3      3.402      1718.935    sc9mcpp140z_cln28ht_base_lvt_c30_ssg_cworstt_max_0p81v_125c       0 
AND2_X6M_A9PP140ZTL_C30                 1      1.890      1013.618    sc9mcpp140z_cln28ht_base_lvt_c30_ssg_cworstt_max_0p81v_125c       0 
AND3_X0P7M_A9PP140ZTL_C30               2      1.260       239.175    sc9mcpp140z_cln28ht_base_lvt_c30_ssg_cworstt_max_0p81v_125c       0 
AND3_X1M_A9PP140ZTL_C30                10      6.300      1893.694    sc9mcpp140z_cln28ht_base_lvt_c30_ssg_cworstt_max_0p81v_125c       0 
AND3_X6M_A9PP140ZTL_C30                 2      5.040      2695.730    sc9mcpp140z_cln28ht_base_lvt_c30_ssg_cworstt_max_0p81v_125c       0 
AO1B2_X0P7M_A9PP140ZTL_C30              2      1.260       389.412    sc9mcpp140z_cln28ht_base_lvt_c30_ssg_cworstt_max_0p81v_125c       0 
AO1B2_X1M_A9PP140ZTL_C30              166    104.580     32919.782    sc9mcpp140z_cln28ht_base_lvt_c30_ssg_cworstt_max_0p81v_125c       0 
AO1B2_X2M_A9PP140ZTL_C30               22     19.404      7781.135    sc9mcpp140z_cln28ht_base_lvt_c30_ssg_cworstt_max_0p81v_125c       0 
AO1B2_X3M_A9PP140ZTL_C30                5      6.930      3077.092    sc9mcpp140z_cln28ht_base_lvt_c30_ssg_cworstt_max_0p81v_125c       0 
AO1B2_X4M_A9PP140ZTL_C30                3      4.914      2283.543    sc9mcpp140z_cln28ht_base_lvt_c30_ssg_cworstt_max_0p81v_125c       0 
AO1B2_X6M_A9PP140ZTL_C30                2      4.788      2245.540    sc9mcpp140z_cln28ht_base_lvt_c30_ssg_cworstt_max_0p81v_125c       0 
AO21A1AI2_X1M_A9PP140ZTL_C30           28     17.640      3701.132    sc9mcpp140z_cln28ht_base_lvt_c30_ssg_cworstt_max_0p81v_125c       0 
AO21A1AI2_X2M_A9PP140ZTL_C30            2      2.268       503.554    sc9mcpp140z_cln28ht_base_lvt_c30_ssg_cworstt_max_0p81v_125c       0 
AO21B_X0P5M_A9PP140ZTL_C30              3      1.890       546.817    sc9mcpp140z_cln28ht_base_lvt_c30_ssg_cworstt_max_0p81v_125c       0 
AO21B_X0P7M_A9PP140ZTL_C30             18     11.340      3638.110    sc9mcpp140z_cln28ht_base_lvt_c30_ssg_cworstt_max_0p81v_125c       0 
AO21B_X1M_A9PP140ZTL_C30              533    335.790    112172.044    sc9mcpp140z_cln28ht_base_lvt_c30_ssg_cworstt_max_0p81v_125c       0 
AO21B_X1P4M_A9PP140ZTL_C30              9      7.938      3078.336    sc9mcpp140z_cln28ht_base_lvt_c30_ssg_cworstt_max_0p81v_125c       0 
AO21B_X2M_A9PP140ZTL_C30               42     37.044     15195.798    sc9mcpp140z_cln28ht_base_lvt_c30_ssg_cworstt_max_0p81v_125c       0 
AO21B_X3M_A9PP140ZTL_C30                2      2.772      1295.601    sc9mcpp140z_cln28ht_base_lvt_c30_ssg_cworstt_max_0p81v_125c       0 
AO21B_X4M_A9PP140ZTL_C30                3      4.914      2439.185    sc9mcpp140z_cln28ht_base_lvt_c30_ssg_cworstt_max_0p81v_125c       0 
AO21_X0P7M_A9PP140ZTL_C30               8      6.048      1636.343    sc9mcpp140z_cln28ht_base_lvt_c30_ssg_cworstt_max_0p81v_125c       0 
AO21_X1M_A9PP140ZTL_C30                56     42.336     13008.284    sc9mcpp140z_cln28ht_base_lvt_c30_ssg_cworstt_max_0p81v_125c       0 
AO21_X1P4M_A9PP140ZTL_C30               2      1.764       736.521    sc9mcpp140z_cln28ht_base_lvt_c30_ssg_cworstt_max_0p81v_125c       0 
AO21_X2M_A9PP140ZTL_C30                 4      3.528      1364.933    sc9mcpp140z_cln28ht_base_lvt_c30_ssg_cworstt_max_0p81v_125c       0 
AO21_X3M_A9PP140ZTL_C30                 1      1.386       658.967    sc9mcpp140z_cln28ht_base_lvt_c30_ssg_cworstt_max_0p81v_125c       0 
AO22_X1M_A9PP140ZTL_C30                40     35.280      9903.115    sc9mcpp140z_cln28ht_base_lvt_c30_ssg_cworstt_max_0p81v_125c       0 
AO22_X1P4M_A9PP140ZTL_C30               2      2.016       708.160    sc9mcpp140z_cln28ht_base_lvt_c30_ssg_cworstt_max_0p81v_125c       0 
AO22_X3M_A9PP140ZTL_C30                 8     13.104      5112.201    sc9mcpp140z_cln28ht_base_lvt_c30_ssg_cworstt_max_0p81v_125c       0 
AOI211_X1M_A9PP140ZTL_C30              47     29.610      8562.263    sc9mcpp140z_cln28ht_base_lvt_c30_ssg_cworstt_max_0p81v_125c       0 
AOI211_X2M_A9PP140ZTL_C30               1      1.134       442.389    sc9mcpp140z_cln28ht_base_lvt_c30_ssg_cworstt_max_0p81v_125c       0 
AOI21B_X0P5M_A9PP140ZTL_C30            26     19.656      4869.711    sc9mcpp140z_cln28ht_base_lvt_c30_ssg_cworstt_max_0p81v_125c       0 
AOI21B_X0P7M_A9PP140ZTL_C30             9      6.804      1696.403    sc9mcpp140z_cln28ht_base_lvt_c30_ssg_cworstt_max_0p81v_125c       0 
AOI21B_X1M_A9PP140ZTL_C30              33     24.948      6166.799    sc9mcpp140z_cln28ht_base_lvt_c30_ssg_cworstt_max_0p81v_125c       0 
AOI21B_X2M_A9PP140ZTL_C30              13     14.742      4971.466    sc9mcpp140z_cln28ht_base_lvt_c30_ssg_cworstt_max_0p81v_125c       0 
AOI21B_X3M_A9PP140ZTL_C30               1      1.512       488.396    sc9mcpp140z_cln28ht_base_lvt_c30_ssg_cworstt_max_0p81v_125c       0 
AOI21B_X4M_A9PP140ZTL_C30               1      1.890       664.414    sc9mcpp140z_cln28ht_base_lvt_c30_ssg_cworstt_max_0p81v_125c       0 
AOI21_X0P5M_A9PP140ZTL_C30              1      0.504       125.925    sc9mcpp140z_cln28ht_base_lvt_c30_ssg_cworstt_max_0p81v_125c       0 
AOI21_X1M_A9PP140ZTL_C30              327    164.808     47069.265    sc9mcpp140z_cln28ht_base_lvt_c30_ssg_cworstt_max_0p81v_125c       0 
AOI21_X1P4M_A9PP140ZTL_C30             11      9.702      3163.026    sc9mcpp140z_cln28ht_base_lvt_c30_ssg_cworstt_max_0p81v_125c       0 
AOI21_X2M_A9PP140ZTL_C30              202    178.164     65101.211    sc9mcpp140z_cln28ht_base_lvt_c30_ssg_cworstt_max_0p81v_125c       0 
AOI21_X3M_A9PP140ZTL_C30               40     50.400     19426.044    sc9mcpp140z_cln28ht_base_lvt_c30_ssg_cworstt_max_0p81v_125c       0 
AOI21_X4M_A9PP140ZTL_C30               15     24.570      9647.304    sc9mcpp140z_cln28ht_base_lvt_c30_ssg_cworstt_max_0p81v_125c       0 
AOI21_X6M_A9PP140ZTL_C30                7     16.758      6555.865    sc9mcpp140z_cln28ht_base_lvt_c30_ssg_cworstt_max_0p81v_125c       0 
AOI21_X8M_A9PP140ZTL_C30                1      3.150      1148.622    sc9mcpp140z_cln28ht_base_lvt_c30_ssg_cworstt_max_0p81v_125c       0 
AOI22BB_X0P7M_A9PP140ZTL_C30            1      0.882       245.230    sc9mcpp140z_cln28ht_base_lvt_c30_ssg_cworstt_max_0p81v_125c       0 
AOI22BB_X1M_A9PP140ZTL_C30             13     11.466      3388.800    sc9mcpp140z_cln28ht_base_lvt_c30_ssg_cworstt_max_0p81v_125c       0 
AOI22BB_X1P4M_A9PP140ZTL_C30            1      1.260       434.038    sc9mcpp140z_cln28ht_base_lvt_c30_ssg_cworstt_max_0p81v_125c       0 
AOI22BB_X2M_A9PP140ZTL_C30             11     13.860      4882.782    sc9mcpp140z_cln28ht_base_lvt_c30_ssg_cworstt_max_0p81v_125c       0 
AOI22_X1M_A9PP140ZTL_C30                4      2.520       662.626    sc9mcpp140z_cln28ht_base_lvt_c30_ssg_cworstt_max_0p81v_125c       0 
AOI22_X2M_A9PP140ZTL_C30                3      3.402      1015.636    sc9mcpp140z_cln28ht_base_lvt_c30_ssg_cworstt_max_0p81v_125c       0 
AOI2XB1_X0P7M_A9PP140ZTL_C30            2      1.512       479.447    sc9mcpp140z_cln28ht_base_lvt_c30_ssg_cworstt_max_0p81v_125c       0 
AOI2XB1_X1M_A9PP140ZTL_C30             88     66.528     21557.196    sc9mcpp140z_cln28ht_base_lvt_c30_ssg_cworstt_max_0p81v_125c       0 
AOI2XB1_X1P4M_A9PP140ZTL_C30            1      1.134       424.578    sc9mcpp140z_cln28ht_base_lvt_c30_ssg_cworstt_max_0p81v_125c       0 
AOI2XB1_X2M_A9PP140ZTL_C30             24     27.216     10394.628    sc9mcpp140z_cln28ht_base_lvt_c30_ssg_cworstt_max_0p81v_125c       0 
AOI2XB1_X3M_A9PP140ZTL_C30              1      1.512       641.711    sc9mcpp140z_cln28ht_base_lvt_c30_ssg_cworstt_max_0p81v_125c       0 
AOI2XB1_X4M_A9PP140ZTL_C30              2      4.032      1575.616    sc9mcpp140z_cln28ht_base_lvt_c30_ssg_cworstt_max_0p81v_125c       0 
AOI2XB1_X6M_A9PP140ZTL_C30              3      8.316      3101.869    sc9mcpp140z_cln28ht_base_lvt_c30_ssg_cworstt_max_0p81v_125c       0 
AOI31_X1M_A9PP140ZTL_C30               66     41.580      7650.063    sc9mcpp140z_cln28ht_base_lvt_c30_ssg_cworstt_max_0p81v_125c       0 
AOI31_X1P4M_A9PP140ZTL_C30              5      5.670      1175.641    sc9mcpp140z_cln28ht_base_lvt_c30_ssg_cworstt_max_0p81v_125c       0 
AOI31_X2M_A9PP140ZTL_C30                2      2.520       657.747    sc9mcpp140z_cln28ht_base_lvt_c30_ssg_cworstt_max_0p81v_125c       0 
AOI31_X3M_A9PP140ZTL_C30                5      8.190      2077.500    sc9mcpp140z_cln28ht_base_lvt_c30_ssg_cworstt_max_0p81v_125c       0 
AOI31_X4M_A9PP140ZTL_C30                6     12.852      2916.751    sc9mcpp140z_cln28ht_base_lvt_c30_ssg_cworstt_max_0p81v_125c       0 
AOI31_X6M_A9PP140ZTL_C30                2      6.300      1567.162    sc9mcpp140z_cln28ht_base_lvt_c30_ssg_cworstt_max_0p81v_125c       0 
BUFH_X16M_A9PP140ZTL_C30               69    243.432    212613.064    sc9mcpp140z_cln28ht_base_lvt_c30_ssg_cworstt_max_0p81v_125c       0 
BUFH_X1M_A9PP140ZTL_C30                47     17.766      8724.255    sc9mcpp140z_cln28ht_base_lvt_c30_ssg_cworstt_max_0p81v_125c       0 
BUFH_X2M_A9PP140ZTL_C30                38     19.152     12116.709    sc9mcpp140z_cln28ht_base_lvt_c30_ssg_cworstt_max_0p81v_125c       0 
BUFH_X3M_A9PP140ZTL_C30                53     40.068     29731.280    sc9mcpp140z_cln28ht_base_lvt_c30_ssg_cworstt_max_0p81v_125c       0 
BUFH_X3P5M_A9PP140ZTL_C30               7      6.174      4866.213    sc9mcpp140z_cln28ht_base_lvt_c30_ssg_cworstt_max_0p81v_125c       0 
BUFH_X4M_A9PP140ZTL_C30                32     28.224     21602.382    sc9mcpp140z_cln28ht_base_lvt_c30_ssg_cworstt_max_0p81v_125c       0 
BUF_X11M_A9PP140ZTL_C30                21     44.982     37422.983    sc9mcpp140z_cln28ht_base_lvt_c30_ssg_cworstt_max_0p81v_125c       0 
BUF_X13M_A9PP140ZTL_C30                19     45.486     38034.302    sc9mcpp140z_cln28ht_base_lvt_c30_ssg_cworstt_max_0p81v_125c       0 
BUF_X16M_A9PP140ZTL_C30                33     95.634     82279.584    sc9mcpp140z_cln28ht_base_lvt_c30_ssg_cworstt_max_0p81v_125c       0 
BUF_X1M_A9PP140ZTL_C30                 17      6.426      2684.535    sc9mcpp140z_cln28ht_base_lvt_c30_ssg_cworstt_max_0p81v_125c       0 
BUF_X1P7M_A9PP140ZTL_C30                3      1.512       933.182    sc9mcpp140z_cln28ht_base_lvt_c30_ssg_cworstt_max_0p81v_125c       0 
BUF_X2M_A9PP140ZTL_C30                  6      3.024      1856.182    sc9mcpp140z_cln28ht_base_lvt_c30_ssg_cworstt_max_0p81v_125c       0 
BUF_X3M_A9PP140ZTL_C30                 13      8.190      5992.738    sc9mcpp140z_cln28ht_base_lvt_c30_ssg_cworstt_max_0p81v_125c       0 
BUF_X3P5M_A9PP140ZTL_C30                5      3.780      3017.786    sc9mcpp140z_cln28ht_base_lvt_c30_ssg_cworstt_max_0p81v_125c       0 
BUF_X4M_A9PP140ZTL_C30                  4      3.528      2615.973    sc9mcpp140z_cln28ht_base_lvt_c30_ssg_cworstt_max_0p81v_125c       0 
BUF_X5M_A9PP140ZTL_C30                  4      4.032      3129.889    sc9mcpp140z_cln28ht_base_lvt_c30_ssg_cworstt_max_0p81v_125c       0 
BUF_X6M_A9PP140ZTL_C30                  9     10.206      8528.033    sc9mcpp140z_cln28ht_base_lvt_c30_ssg_cworstt_max_0p81v_125c       0 
BUF_X7P5M_A9PP140ZTL_C30                8     12.096     10715.973    sc9mcpp140z_cln28ht_base_lvt_c30_ssg_cworstt_max_0p81v_125c       0 
BUF_X9M_A9PP140ZTL_C30                  8     14.112     11361.822    sc9mcpp140z_cln28ht_base_lvt_c30_ssg_cworstt_max_0p81v_125c       0 
CGENCIN_X1M_A9PP140ZTL_C30             14     29.988     14075.627    sc9mcpp140z_cln28ht_base_lvt_c30_ssg_cworstt_max_0p81v_125c       0 
CGENCIN_X1P4M_A9PP140ZTL_C30           15     39.690     20057.080    sc9mcpp140z_cln28ht_base_lvt_c30_ssg_cworstt_max_0p81v_125c       0 
CGENI_X1M_A9PP140ZTL_C30              122     92.232     20275.075    sc9mcpp140z_cln28ht_base_lvt_c30_ssg_cworstt_max_0p81v_125c       0 
CGENI_X1P4M_A9PP140ZTL_C30             17     23.562      5853.548    sc9mcpp140z_cln28ht_base_lvt_c30_ssg_cworstt_max_0p81v_125c       0 
CGENI_X2M_A9PP140ZTL_C30               45     62.370     16062.372    sc9mcpp140z_cln28ht_base_lvt_c30_ssg_cworstt_max_0p81v_125c       0 
CGEN_X1M_A9PP140ZTL_C30               561    494.802    151389.376    sc9mcpp140z_cln28ht_base_lvt_c30_ssg_cworstt_max_0p81v_125c       0 
CGEN_X1P4M_A9PP140ZTL_C30              46     46.368     17872.657    sc9mcpp140z_cln28ht_base_lvt_c30_ssg_cworstt_max_0p81v_125c       0 
CGEN_X2M_A9PP140ZTL_C30                40     40.320     15383.051    sc9mcpp140z_cln28ht_base_lvt_c30_ssg_cworstt_max_0p81v_125c       0 
DFFQL_X1M_A9PP140ZTL_C30                1      2.142       690.066    sc9mcpp140z_cln28ht_base_lvt_c30_ssg_cworstt_max_0p81v_125c       0 
DFFRPQA_X1M_A9PP140ZTL_C30            724   1550.808    514002.079    sc9mcpp140z_cln28ht_base_lvt_c30_ssg_cworstt_max_0p81v_125c       0 
DFFRPQL_X1M_A9PP140ZTL_C30              2      5.040      1551.796    sc9mcpp140z_cln28ht_base_lvt_c30_ssg_cworstt_max_0p81v_125c       0 
DFFRPQNA_X1M_A9PP140ZTL_C30            44     88.704     27679.978    sc9mcpp140z_cln28ht_base_lvt_c30_ssg_cworstt_max_0p81v_125c       0 
DFFRPQN_X1M_A9PP140ZTL_C30             56    134.064     40550.764    sc9mcpp140z_cln28ht_base_lvt_c30_ssg_cworstt_max_0p81v_125c       0 
DFFRPQN_X2M_A9PP140ZTL_C30             22     55.440     19098.197    sc9mcpp140z_cln28ht_base_lvt_c30_ssg_cworstt_max_0p81v_125c       0 
DFFRPQN_X3M_A9PP140ZTL_C30             35     92.610     36183.112    sc9mcpp140z_cln28ht_base_lvt_c30_ssg_cworstt_max_0p81v_125c       0 
DFFRPQ_X1M_A9PP140ZTL_C30             422   1063.440    322263.017    sc9mcpp140z_cln28ht_base_lvt_c30_ssg_cworstt_max_0p81v_125c       0 
DFFRPQ_X2M_A9PP140ZTL_C30              89    235.494     79512.024    sc9mcpp140z_cln28ht_base_lvt_c30_ssg_cworstt_max_0p81v_125c       0 
DFFRPQ_X3M_A9PP140ZTL_C30            1882   5216.904   1886271.415    sc9mcpp140z_cln28ht_base_lvt_c30_ssg_cworstt_max_0p81v_125c       0 
DFFRPQ_X4M_A9PP140ZTL_C30             343   1037.232    423618.420    sc9mcpp140z_cln28ht_base_lvt_c30_ssg_cworstt_max_0p81v_125c       0 
INV_X0P6B_A9PP140ZTL_C30               25      6.300      1867.396    sc9mcpp140z_cln28ht_base_lvt_c30_ssg_cworstt_max_0p81v_125c       0 
INV_X0P7M_A9PP140ZTL_C30               19      4.788      1992.244    sc9mcpp140z_cln28ht_base_lvt_c30_ssg_cworstt_max_0p81v_125c       0 
INV_X0P8B_A9PP140ZTL_C30               84     21.168      7333.396    sc9mcpp140z_cln28ht_base_lvt_c30_ssg_cworstt_max_0p81v_125c       0 
INV_X0P8M_A9PP140ZTL_C30              340     85.680     30494.860    sc9mcpp140z_cln28ht_base_lvt_c30_ssg_cworstt_max_0p81v_125c       0 
INV_X11M_A9PP140ZTL_C30                15     24.570     19217.830    sc9mcpp140z_cln28ht_base_lvt_c30_ssg_cworstt_max_0p81v_125c       0 
INV_X13M_A9PP140ZTL_C30                47     88.830     70192.369    sc9mcpp140z_cln28ht_base_lvt_c30_ssg_cworstt_max_0p81v_125c       0 
INV_X16M_A9PP140ZTL_C30                50    113.400     92577.478    sc9mcpp140z_cln28ht_base_lvt_c30_ssg_cworstt_max_0p81v_125c       0 
INV_X1B_A9PP140ZTL_C30                143     36.036     12061.976    sc9mcpp140z_cln28ht_base_lvt_c30_ssg_cworstt_max_0p81v_125c       0 
INV_X1M_A9PP140ZTL_C30               1791    451.332    150082.777    sc9mcpp140z_cln28ht_base_lvt_c30_ssg_cworstt_max_0p81v_125c       0 
INV_X1P4B_A9PP140ZTL_C30                2      0.756       356.461    sc9mcpp140z_cln28ht_base_lvt_c30_ssg_cworstt_max_0p81v_125c       0 
INV_X1P4M_A9PP140ZTL_C30                1      0.378       201.568    sc9mcpp140z_cln28ht_base_lvt_c30_ssg_cworstt_max_0p81v_125c       0 
INV_X1P7M_A9PP140ZTL_C30               51     19.278     10899.424    sc9mcpp140z_cln28ht_base_lvt_c30_ssg_cworstt_max_0p81v_125c       0 
INV_X2B_A9PP140ZTL_C30                  2      0.756       383.204    sc9mcpp140z_cln28ht_base_lvt_c30_ssg_cworstt_max_0p81v_125c       0 
INV_X2M_A9PP140ZTL_C30                424    160.272     80608.754    sc9mcpp140z_cln28ht_base_lvt_c30_ssg_cworstt_max_0p81v_125c       0 
INV_X2P5M_A9PP140ZTL_C30                1      0.504       334.465    sc9mcpp140z_cln28ht_base_lvt_c30_ssg_cworstt_max_0p81v_125c       0 
INV_X3M_A9PP140ZTL_C30                189     95.256     57810.003    sc9mcpp140z_cln28ht_base_lvt_c30_ssg_cworstt_max_0p81v_125c       0 
INV_X3P5M_A9PP140ZTL_C30               14      8.820      6410.364    sc9mcpp140z_cln28ht_base_lvt_c30_ssg_cworstt_max_0p81v_125c       0 
INV_X4M_A9PP140ZTL_C30                117     73.710     49453.522    sc9mcpp140z_cln28ht_base_lvt_c30_ssg_cworstt_max_0p81v_125c       0 
INV_X5M_A9PP140ZTL_C30                 24     18.144     13011.223    sc9mcpp140z_cln28ht_base_lvt_c30_ssg_cworstt_max_0p81v_125c       0 
INV_X6M_A9PP140ZTL_C30                 40     35.280     26653.437    sc9mcpp140z_cln28ht_base_lvt_c30_ssg_cworstt_max_0p81v_125c       0 
INV_X7P5M_A9PP140ZTL_C30               30     34.020     29358.870    sc9mcpp140z_cln28ht_base_lvt_c30_ssg_cworstt_max_0p81v_125c       0 
INV_X9M_A9PP140ZTL_C30                  6      7.560      6005.032    sc9mcpp140z_cln28ht_base_lvt_c30_ssg_cworstt_max_0p81v_125c       0 
MX2_X2B_A9PP140ZTL_C30                  1      1.386       565.636    sc9mcpp140z_cln28ht_base_lvt_c30_ssg_cworstt_max_0p81v_125c       0 
MXIT2_X0P5M_A9PP140ZTL_C30              3      2.646       931.061    sc9mcpp140z_cln28ht_base_lvt_c30_ssg_cworstt_max_0p81v_125c       0 
MXIT2_X0P7M_A9PP140ZTL_C30              8      7.056      2736.887    sc9mcpp140z_cln28ht_base_lvt_c30_ssg_cworstt_max_0p81v_125c       0 
MXIT2_X1M_A9PP140ZTL_C30              262    231.084     97826.031    sc9mcpp140z_cln28ht_base_lvt_c30_ssg_cworstt_max_0p81v_125c       0 
MXIT2_X1P4M_A9PP140ZTL_C30            399    502.740    255075.059    sc9mcpp140z_cln28ht_base_lvt_c30_ssg_cworstt_max_0p81v_125c       0 
MXIT2_X2M_A9PP140ZTL_C30                7     10.584      5039.518    sc9mcpp140z_cln28ht_base_lvt_c30_ssg_cworstt_max_0p81v_125c       0 
MXIT2_X3M_A9PP140ZTL_C30               10     17.640      9701.109    sc9mcpp140z_cln28ht_base_lvt_c30_ssg_cworstt_max_0p81v_125c       0 
MXIT2_X4M_A9PP140ZTL_C30               96    229.824    136388.526    sc9mcpp140z_cln28ht_base_lvt_c30_ssg_cworstt_max_0p81v_125c       0 
MXT2_X0P5B_A9PP140ZTL_C30              18     15.876      5632.792    sc9mcpp140z_cln28ht_base_lvt_c30_ssg_cworstt_max_0p81v_125c       0 
MXT2_X0P5M_A9PP140ZTL_C30              14     14.112      4301.259    sc9mcpp140z_cln28ht_base_lvt_c30_ssg_cworstt_max_0p81v_125c       0 
MXT2_X1B_A9PP140ZTL_C30                 2      2.268       927.858    sc9mcpp140z_cln28ht_base_lvt_c30_ssg_cworstt_max_0p81v_125c       0 
MXT2_X1P4M_A9PP140ZTL_C30              10     11.340      6229.764    sc9mcpp140z_cln28ht_base_lvt_c30_ssg_cworstt_max_0p81v_125c       0 
MXT2_X2B_A9PP140ZTL_C30                 1      1.260       595.127    sc9mcpp140z_cln28ht_base_lvt_c30_ssg_cworstt_max_0p81v_125c       0 
MXT2_X2M_A9PP140ZTL_C30               863    978.642    528078.407    sc9mcpp140z_cln28ht_base_lvt_c30_ssg_cworstt_max_0p81v_125c       0 
MXT2_X3B_A9PP140ZTL_C30                 1      1.890       880.766    sc9mcpp140z_cln28ht_base_lvt_c30_ssg_cworstt_max_0p81v_125c       0 
MXT2_X3M_A9PP140ZTL_C30              1088   2056.320   1184989.316    sc9mcpp140z_cln28ht_base_lvt_c30_ssg_cworstt_max_0p81v_125c       0 
MXT2_X4B_A9PP140ZTL_C30                11     22.176     10582.605    sc9mcpp140z_cln28ht_base_lvt_c30_ssg_cworstt_max_0p81v_125c       0 
MXT2_X4M_A9PP140ZTL_C30               100    201.600    119792.643    sc9mcpp140z_cln28ht_base_lvt_c30_ssg_cworstt_max_0p81v_125c       0 
MXT2_X6M_A9PP140ZTL_C30                12     36.288     22733.528    sc9mcpp140z_cln28ht_base_lvt_c30_ssg_cworstt_max_0p81v_125c       0 
NAND2B_X0P5M_A9PP140ZTL_C30             1      0.504       179.283    sc9mcpp140z_cln28ht_base_lvt_c30_ssg_cworstt_max_0p81v_125c       0 
NAND2B_X0P7M_A9PP140ZTL_C30            28     14.112      5064.723    sc9mcpp140z_cln28ht_base_lvt_c30_ssg_cworstt_max_0p81v_125c       0 
NAND2B_X1M_A9PP140ZTL_C30             482    242.928     91903.062    sc9mcpp140z_cln28ht_base_lvt_c30_ssg_cworstt_max_0p81v_125c       0 
NAND2B_X2M_A9PP140ZTL_C30              23     17.388      7114.790    sc9mcpp140z_cln28ht_base_lvt_c30_ssg_cworstt_max_0p81v_125c       0 
NAND2B_X3M_A9PP140ZTL_C30               2      2.016       899.189    sc9mcpp140z_cln28ht_base_lvt_c30_ssg_cworstt_max_0p81v_125c       0 
NAND2B_X4M_A9PP140ZTL_C30               3      3.780      1715.564    sc9mcpp140z_cln28ht_base_lvt_c30_ssg_cworstt_max_0p81v_125c       0 
NAND2B_X6M_A9PP140ZTL_C30               5      9.450      4221.609    sc9mcpp140z_cln28ht_base_lvt_c30_ssg_cworstt_max_0p81v_125c       0 
NAND2B_X8M_A9PP140ZTL_C30               1      2.394       898.687    sc9mcpp140z_cln28ht_base_lvt_c30_ssg_cworstt_max_0p81v_125c       0 
NAND2XB_X1M_A9PP140ZTL_C30            220    110.880     42111.971    sc9mcpp140z_cln28ht_base_lvt_c30_ssg_cworstt_max_0p81v_125c       0 
NAND2XB_X1P4M_A9PP140ZTL_C30            2      1.512       614.083    sc9mcpp140z_cln28ht_base_lvt_c30_ssg_cworstt_max_0p81v_125c       0 
NAND2XB_X2M_A9PP140ZTL_C30             99     74.844     30634.397    sc9mcpp140z_cln28ht_base_lvt_c30_ssg_cworstt_max_0p81v_125c       0 
NAND2XB_X3M_A9PP140ZTL_C30             21     21.168      9513.609    sc9mcpp140z_cln28ht_base_lvt_c30_ssg_cworstt_max_0p81v_125c       0 
NAND2XB_X4M_A9PP140ZTL_C30              7      8.820      4013.563    sc9mcpp140z_cln28ht_base_lvt_c30_ssg_cworstt_max_0p81v_125c       0 
NAND2XB_X6M_A9PP140ZTL_C30              8     15.120      6975.192    sc9mcpp140z_cln28ht_base_lvt_c30_ssg_cworstt_max_0p81v_125c       0 
NAND2XB_X8M_A9PP140ZTL_C30              4      9.576      3876.676    sc9mcpp140z_cln28ht_base_lvt_c30_ssg_cworstt_max_0p81v_125c       0 
NAND2_X0P7M_A9PP140ZTL_C30              2      0.756       111.870    sc9mcpp140z_cln28ht_base_lvt_c30_ssg_cworstt_max_0p81v_125c       0 
NAND2_X1A_A9PP140ZTL_C30              551    208.278     55233.883    sc9mcpp140z_cln28ht_base_lvt_c30_ssg_cworstt_max_0p81v_125c       0 
NAND2_X1B_A9PP140ZTL_C30              704    266.112     65922.081    sc9mcpp140z_cln28ht_base_lvt_c30_ssg_cworstt_max_0p81v_125c       0 
NAND2_X1M_A9PP140ZTL_C30              516    195.048     49594.922    sc9mcpp140z_cln28ht_base_lvt_c30_ssg_cworstt_max_0p81v_125c       0 
NAND2_X1P4A_A9PP140ZTL_C30              2      1.260       435.805    sc9mcpp140z_cln28ht_base_lvt_c30_ssg_cworstt_max_0p81v_125c       0 
NAND2_X1P4B_A9PP140ZTL_C30              6      3.780      1351.174    sc9mcpp140z_cln28ht_base_lvt_c30_ssg_cworstt_max_0p81v_125c       0 
NAND2_X1P4M_A9PP140ZTL_C30              4      2.520       840.824    sc9mcpp140z_cln28ht_base_lvt_c30_ssg_cworstt_max_0p81v_125c       0 
NAND2_X2A_A9PP140ZTL_C30              107     67.410     24508.010    sc9mcpp140z_cln28ht_base_lvt_c30_ssg_cworstt_max_0p81v_125c       0 
NAND2_X2B_A9PP140ZTL_C30              106     66.780     22261.325    sc9mcpp140z_cln28ht_base_lvt_c30_ssg_cworstt_max_0p81v_125c       0 
NAND2_X2M_A9PP140ZTL_C30               75     47.250     16631.011    sc9mcpp140z_cln28ht_base_lvt_c30_ssg_cworstt_max_0p81v_125c       0 
NAND2_X3A_A9PP140ZTL_C30               12     10.584      4256.269    sc9mcpp140z_cln28ht_base_lvt_c30_ssg_cworstt_max_0p81v_125c       0 
NAND2_X3B_A9PP140ZTL_C30                7      6.174      2368.917    sc9mcpp140z_cln28ht_base_lvt_c30_ssg_cworstt_max_0p81v_125c       0 
NAND2_X3M_A9PP140ZTL_C30               18     15.876      5428.970    sc9mcpp140z_cln28ht_base_lvt_c30_ssg_cworstt_max_0p81v_125c       0 
NAND2_X4A_A9PP140ZTL_C30               10     11.340      4718.537    sc9mcpp140z_cln28ht_base_lvt_c30_ssg_cworstt_max_0p81v_125c       0 
NAND2_X4B_A9PP140ZTL_C30                5      5.670      2060.683    sc9mcpp140z_cln28ht_base_lvt_c30_ssg_cworstt_max_0p81v_125c       0 
NAND2_X4M_A9PP140ZTL_C30               10     11.340      4162.498    sc9mcpp140z_cln28ht_base_lvt_c30_ssg_cworstt_max_0p81v_125c       0 
NAND2_X6A_A9PP140ZTL_C30                9     14.742      4937.471    sc9mcpp140z_cln28ht_base_lvt_c30_ssg_cworstt_max_0p81v_125c       0 
NAND2_X6B_A9PP140ZTL_C30               11     18.018      6652.090    sc9mcpp140z_cln28ht_base_lvt_c30_ssg_cworstt_max_0p81v_125c       0 
NAND2_X6M_A9PP140ZTL_C30               10     16.380      5768.611    sc9mcpp140z_cln28ht_base_lvt_c30_ssg_cworstt_max_0p81v_125c       0 
NAND2_X8A_A9PP140ZTL_C30                1      2.142       682.968    sc9mcpp140z_cln28ht_base_lvt_c30_ssg_cworstt_max_0p81v_125c       0 
NAND2_X8B_A9PP140ZTL_C30                1      2.142       608.663    sc9mcpp140z_cln28ht_base_lvt_c30_ssg_cworstt_max_0p81v_125c       0 
NAND2_X8M_A9PP140ZTL_C30                1      2.142       722.001    sc9mcpp140z_cln28ht_base_lvt_c30_ssg_cworstt_max_0p81v_125c       0 
NAND3BB_X1M_A9PP140ZTL_C30            112     70.560     36401.986    sc9mcpp140z_cln28ht_base_lvt_c30_ssg_cworstt_max_0p81v_125c       0 
NAND3BB_X1P4M_A9PP140ZTL_C30            1      0.882       400.425    sc9mcpp140z_cln28ht_base_lvt_c30_ssg_cworstt_max_0p81v_125c       0 
NAND3BB_X2M_A9PP140ZTL_C30             20     17.640      8652.644    sc9mcpp140z_cln28ht_base_lvt_c30_ssg_cworstt_max_0p81v_125c       0 
NAND3BB_X3M_A9PP140ZTL_C30             14     19.404     10717.323    sc9mcpp140z_cln28ht_base_lvt_c30_ssg_cworstt_max_0p81v_125c       0 
NAND3BB_X4M_A9PP140ZTL_C30              6      9.828      5544.164    sc9mcpp140z_cln28ht_base_lvt_c30_ssg_cworstt_max_0p81v_125c       0 
NAND3BB_X6M_A9PP140ZTL_C30              4     10.584      6694.473    sc9mcpp140z_cln28ht_base_lvt_c30_ssg_cworstt_max_0p81v_125c       0 
NAND3BB_X8M_A9PP140ZTL_C30              4     13.608      8822.064    sc9mcpp140z_cln28ht_base_lvt_c30_ssg_cworstt_max_0p81v_125c       0 
NAND3B_X1M_A9PP140ZTL_C30               6      3.780      1250.941    sc9mcpp140z_cln28ht_base_lvt_c30_ssg_cworstt_max_0p81v_125c       0 
NAND3B_X2M_A9PP140ZTL_C30               1      1.134       314.625    sc9mcpp140z_cln28ht_base_lvt_c30_ssg_cworstt_max_0p81v_125c       0 
NAND3XXB_X1M_A9PP140ZTL_C30            43     27.090      8977.090    sc9mcpp140z_cln28ht_base_lvt_c30_ssg_cworstt_max_0p81v_125c       0 
NAND3XXB_X3M_A9PP140ZTL_C30             1      1.386       442.182    sc9mcpp140z_cln28ht_base_lvt_c30_ssg_cworstt_max_0p81v_125c       0 
NAND3XXB_X6M_A9PP140ZTL_C30             1      2.772       595.285    sc9mcpp140z_cln28ht_base_lvt_c30_ssg_cworstt_max_0p81v_125c       0 
NAND3_X0P7M_A9PP140ZTL_C30              2      1.008       107.797    sc9mcpp140z_cln28ht_base_lvt_c30_ssg_cworstt_max_0p81v_125c       0 
NAND3_X1A_A9PP140ZTL_C30               50     25.200      6291.249    sc9mcpp140z_cln28ht_base_lvt_c30_ssg_cworstt_max_0p81v_125c       0 
NAND3_X1M_A9PP140ZTL_C30               85     42.840      8171.668    sc9mcpp140z_cln28ht_base_lvt_c30_ssg_cworstt_max_0p81v_125c       0 
NAND3_X1P4A_A9PP140ZTL_C30              2      1.764       484.221    sc9mcpp140z_cln28ht_base_lvt_c30_ssg_cworstt_max_0p81v_125c       0 
NAND3_X2A_A9PP140ZTL_C30                6      5.292      1514.860    sc9mcpp140z_cln28ht_base_lvt_c30_ssg_cworstt_max_0p81v_125c       0 
NAND3_X2M_A9PP140ZTL_C30               13     11.466      3108.906    sc9mcpp140z_cln28ht_base_lvt_c30_ssg_cworstt_max_0p81v_125c       0 
NAND3_X3A_A9PP140ZTL_C30                1      1.260       385.617    sc9mcpp140z_cln28ht_base_lvt_c30_ssg_cworstt_max_0p81v_125c       0 
NAND3_X3M_A9PP140ZTL_C30                3      3.780       886.586    sc9mcpp140z_cln28ht_base_lvt_c30_ssg_cworstt_max_0p81v_125c       0 
NAND3_X4A_A9PP140ZTL_C30                1      1.638       424.098    sc9mcpp140z_cln28ht_base_lvt_c30_ssg_cworstt_max_0p81v_125c       0 
NAND3_X4M_A9PP140ZTL_C30                1      1.638       409.028    sc9mcpp140z_cln28ht_base_lvt_c30_ssg_cworstt_max_0p81v_125c       0 
NAND4BB_X0P7M_A9PP140ZTL_C30            2      1.512       672.405    sc9mcpp140z_cln28ht_base_lvt_c30_ssg_cworstt_max_0p81v_125c       0 
NAND4BB_X1M_A9PP140ZTL_C30             46     34.776     16034.898    sc9mcpp140z_cln28ht_base_lvt_c30_ssg_cworstt_max_0p81v_125c       0 
NAND4BB_X2M_A9PP140ZTL_C30              4      5.040      1685.533    sc9mcpp140z_cln28ht_base_lvt_c30_ssg_cworstt_max_0p81v_125c       0 
NAND4BB_X3M_A9PP140ZTL_C30              1      1.764       926.751    sc9mcpp140z_cln28ht_base_lvt_c30_ssg_cworstt_max_0p81v_125c       0 
NAND4XXXB_X0P5M_A9PP140ZTL_C30          2      1.512       390.081    sc9mcpp140z_cln28ht_base_lvt_c30_ssg_cworstt_max_0p81v_125c       0 
NAND4XXXB_X1M_A9PP140ZTL_C30           14     10.584      3128.374    sc9mcpp140z_cln28ht_base_lvt_c30_ssg_cworstt_max_0p81v_125c       0 
NAND4XXXB_X2M_A9PP140ZTL_C30            2      2.772       686.497    sc9mcpp140z_cln28ht_base_lvt_c30_ssg_cworstt_max_0p81v_125c       0 
NAND4XXXB_X3M_A9PP140ZTL_C30            1      1.764       492.739    sc9mcpp140z_cln28ht_base_lvt_c30_ssg_cworstt_max_0p81v_125c       0 
NAND4_X1A_A9PP140ZTL_C30                5      3.150       679.475    sc9mcpp140z_cln28ht_base_lvt_c30_ssg_cworstt_max_0p81v_125c       0 
NAND4_X1M_A9PP140ZTL_C30               32     20.160      3256.807    sc9mcpp140z_cln28ht_base_lvt_c30_ssg_cworstt_max_0p81v_125c       0 
NAND4_X1P4A_A9PP140ZTL_C30              2      2.268       498.475    sc9mcpp140z_cln28ht_base_lvt_c30_ssg_cworstt_max_0p81v_125c       0 
NAND4_X2A_A9PP140ZTL_C30                8      9.072      2292.532    sc9mcpp140z_cln28ht_base_lvt_c30_ssg_cworstt_max_0p81v_125c       0 
NAND4_X2M_A9PP140ZTL_C30                7      7.938      1782.778    sc9mcpp140z_cln28ht_base_lvt_c30_ssg_cworstt_max_0p81v_125c       0 
NOR2B_X0P5M_A9PP140ZTL_C30              7      3.528      1627.642    sc9mcpp140z_cln28ht_base_lvt_c30_ssg_cworstt_max_0p81v_125c       0 
NOR2B_X0P7M_A9PP140ZTL_C30             20     10.080      4365.687    sc9mcpp140z_cln28ht_base_lvt_c30_ssg_cworstt_max_0p81v_125c       0 
NOR2B_X1M_A9PP140ZTL_C30              674    339.696    158904.228    sc9mcpp140z_cln28ht_base_lvt_c30_ssg_cworstt_max_0p81v_125c       0 
NOR2B_X2M_A9PP140ZTL_C30               14     10.584      8691.756    sc9mcpp140z_cln28ht_base_lvt_c30_ssg_cworstt_max_0p81v_125c       0 
NOR2B_X3M_A9PP140ZTL_C30                1      1.008      1035.860    sc9mcpp140z_cln28ht_base_lvt_c30_ssg_cworstt_max_0p81v_125c       0 
NOR2B_X4M_A9PP140ZTL_C30                2      2.520      1921.116    sc9mcpp140z_cln28ht_base_lvt_c30_ssg_cworstt_max_0p81v_125c       0 
NOR2B_X6M_A9PP140ZTL_C30                2      3.780      1800.558    sc9mcpp140z_cln28ht_base_lvt_c30_ssg_cworstt_max_0p81v_125c       0 
NOR2XB_X0P7M_A9PP140ZTL_C30             1      0.504       176.600    sc9mcpp140z_cln28ht_base_lvt_c30_ssg_cworstt_max_0p81v_125c       0 
NOR2XB_X1M_A9PP140ZTL_C30             110     55.440     20848.315    sc9mcpp140z_cln28ht_base_lvt_c30_ssg_cworstt_max_0p81v_125c       0 
NOR2XB_X1P4M_A9PP140ZTL_C30             1      0.756       275.450    sc9mcpp140z_cln28ht_base_lvt_c30_ssg_cworstt_max_0p81v_125c       0 
NOR2XB_X2M_A9PP140ZTL_C30              51     38.556     16976.690    sc9mcpp140z_cln28ht_base_lvt_c30_ssg_cworstt_max_0p81v_125c       0 
NOR2XB_X3M_A9PP140ZTL_C30               7      7.056      3605.569    sc9mcpp140z_cln28ht_base_lvt_c30_ssg_cworstt_max_0p81v_125c       0 
NOR2XB_X4M_A9PP140ZTL_C30               2      2.520      2084.296    sc9mcpp140z_cln28ht_base_lvt_c30_ssg_cworstt_max_0p81v_125c       0 
NOR2XB_X6M_A9PP140ZTL_C30               5      9.450      6908.140    sc9mcpp140z_cln28ht_base_lvt_c30_ssg_cworstt_max_0p81v_125c       0 
NOR2_X0P7A_A9PP140ZTL_C30               1      0.378        89.935    sc9mcpp140z_cln28ht_base_lvt_c30_ssg_cworstt_max_0p81v_125c       0 
NOR2_X0P7B_A9PP140ZTL_C30               2      0.756       176.440    sc9mcpp140z_cln28ht_base_lvt_c30_ssg_cworstt_max_0p81v_125c       0 
NOR2_X0P7M_A9PP140ZTL_C30               1      0.378       171.914    sc9mcpp140z_cln28ht_base_lvt_c30_ssg_cworstt_max_0p81v_125c       0 
NOR2_X1A_A9PP140ZTL_C30              1356    512.568    142813.468    sc9mcpp140z_cln28ht_base_lvt_c30_ssg_cworstt_max_0p81v_125c       0 
NOR2_X1B_A9PP140ZTL_C30               114     43.092     14685.129    sc9mcpp140z_cln28ht_base_lvt_c30_ssg_cworstt_max_0p81v_125c       0 
NOR2_X1M_A9PP140ZTL_C30               520    196.560     54974.606    sc9mcpp140z_cln28ht_base_lvt_c30_ssg_cworstt_max_0p81v_125c       0 
NOR2_X1P4A_A9PP140ZTL_C30               1      0.630        20.512    sc9mcpp140z_cln28ht_base_lvt_c30_ssg_cworstt_max_0p81v_125c       0 
NOR2_X1P4M_A9PP140ZTL_C30               1      0.630        20.336    sc9mcpp140z_cln28ht_base_lvt_c30_ssg_cworstt_max_0p81v_125c       0 
NOR2_X2A_A9PP140ZTL_C30               447    281.610    117661.494    sc9mcpp140z_cln28ht_base_lvt_c30_ssg_cworstt_max_0p81v_125c       0 
NOR2_X2B_A9PP140ZTL_C30                 3      1.890       722.797    sc9mcpp140z_cln28ht_base_lvt_c30_ssg_cworstt_max_0p81v_125c       0 
NOR2_X2M_A9PP140ZTL_C30                82     51.660     23036.850    sc9mcpp140z_cln28ht_base_lvt_c30_ssg_cworstt_max_0p81v_125c       0 
NOR2_X3A_A9PP140ZTL_C30                53     46.746     21368.716    sc9mcpp140z_cln28ht_base_lvt_c30_ssg_cworstt_max_0p81v_125c       0 
NOR2_X3B_A9PP140ZTL_C30                 2      1.764       795.008    sc9mcpp140z_cln28ht_base_lvt_c30_ssg_cworstt_max_0p81v_125c       0 
NOR2_X3M_A9PP140ZTL_C30                16     14.112      7206.428    sc9mcpp140z_cln28ht_base_lvt_c30_ssg_cworstt_max_0p81v_125c       0 
NOR2_X4A_A9PP140ZTL_C30                13     14.742      9409.709    sc9mcpp140z_cln28ht_base_lvt_c30_ssg_cworstt_max_0p81v_125c       0 
NOR2_X4B_A9PP140ZTL_C30                 1      1.134       392.997    sc9mcpp140z_cln28ht_base_lvt_c30_ssg_cworstt_max_0p81v_125c       0 
NOR2_X4M_A9PP140ZTL_C30                 4      4.536      3867.775    sc9mcpp140z_cln28ht_base_lvt_c30_ssg_cworstt_max_0p81v_125c       0 
NOR2_X6A_A9PP140ZTL_C30                 6      9.828      7307.731    sc9mcpp140z_cln28ht_base_lvt_c30_ssg_cworstt_max_0p81v_125c       0 
NOR2_X6M_A9PP140ZTL_C30                 1      1.638      1819.115    sc9mcpp140z_cln28ht_base_lvt_c30_ssg_cworstt_max_0p81v_125c       0 
NOR2_X8A_A9PP140ZTL_C30                 3      6.426      5807.018    sc9mcpp140z_cln28ht_base_lvt_c30_ssg_cworstt_max_0p81v_125c       0 
NOR3BB_X0P7M_A9PP140ZTL_C30            21     13.230      4061.011    sc9mcpp140z_cln28ht_base_lvt_c30_ssg_cworstt_max_0p81v_125c       0 
NOR3BB_X1M_A9PP140ZTL_C30              49     30.870      9483.527    sc9mcpp140z_cln28ht_base_lvt_c30_ssg_cworstt_max_0p81v_125c       0 
NOR3BB_X1P4M_A9PP140ZTL_C30             1      0.882       232.213    sc9mcpp140z_cln28ht_base_lvt_c30_ssg_cworstt_max_0p81v_125c       0 
NOR3BB_X2M_A9PP140ZTL_C30               2      1.764      1303.521    sc9mcpp140z_cln28ht_base_lvt_c30_ssg_cworstt_max_0p81v_125c       0 
NOR3BB_X4M_A9PP140ZTL_C30               2      3.276      2501.486    sc9mcpp140z_cln28ht_base_lvt_c30_ssg_cworstt_max_0p81v_125c       0 
NOR3BB_X6M_A9PP140ZTL_C30               1      2.142      1911.694    sc9mcpp140z_cln28ht_base_lvt_c30_ssg_cworstt_max_0p81v_125c       0 
NOR3_X1A_A9PP140ZTL_C30                19      9.576      5340.038    sc9mcpp140z_cln28ht_base_lvt_c30_ssg_cworstt_max_0p81v_125c       0 
NOR3_X1M_A9PP140ZTL_C30                27     13.608      9091.485    sc9mcpp140z_cln28ht_base_lvt_c30_ssg_cworstt_max_0p81v_125c       0 
NOR3_X2A_A9PP140ZTL_C30                 7      6.174      2905.800    sc9mcpp140z_cln28ht_base_lvt_c30_ssg_cworstt_max_0p81v_125c       0 
NOR3_X2M_A9PP140ZTL_C30                 4      3.528      1924.187    sc9mcpp140z_cln28ht_base_lvt_c30_ssg_cworstt_max_0p81v_125c       0 
NOR3_X3A_A9PP140ZTL_C30                 4      5.040      1365.980    sc9mcpp140z_cln28ht_base_lvt_c30_ssg_cworstt_max_0p81v_125c       0 
NOR3_X3M_A9PP140ZTL_C30                 2      2.520      1052.959    sc9mcpp140z_cln28ht_base_lvt_c30_ssg_cworstt_max_0p81v_125c       0 
NOR3_X4A_A9PP140ZTL_C30                 5      8.190      3190.267    sc9mcpp140z_cln28ht_base_lvt_c30_ssg_cworstt_max_0p81v_125c       0 
NOR3_X4M_A9PP140ZTL_C30                 1      1.638       457.142    sc9mcpp140z_cln28ht_base_lvt_c30_ssg_cworstt_max_0p81v_125c       0 
NOR4BB_X0P5M_A9PP140ZTL_C30             1      0.756       423.062    sc9mcpp140z_cln28ht_base_lvt_c30_ssg_cworstt_max_0p81v_125c       0 
NOR4BB_X1M_A9PP140ZTL_C30              54     40.824     21677.703    sc9mcpp140z_cln28ht_base_lvt_c30_ssg_cworstt_max_0p81v_125c       0 
OA1B2_X0P7M_A9PP140ZTL_C30              1      0.630       308.671    sc9mcpp140z_cln28ht_base_lvt_c30_ssg_cworstt_max_0p81v_125c       0 
OA1B2_X1M_A9PP140ZTL_C30               35     22.050      9883.960    sc9mcpp140z_cln28ht_base_lvt_c30_ssg_cworstt_max_0p81v_125c       0 
OA1B2_X1P4M_A9PP140ZTL_C30             12     10.584      6383.980    sc9mcpp140z_cln28ht_base_lvt_c30_ssg_cworstt_max_0p81v_125c       0 
OA1B2_X2M_A9PP140ZTL_C30                8      9.072      4692.681    sc9mcpp140z_cln28ht_base_lvt_c30_ssg_cworstt_max_0p81v_125c       0 
OA1B2_X3M_A9PP140ZTL_C30                3      4.158      2229.211    sc9mcpp140z_cln28ht_base_lvt_c30_ssg_cworstt_max_0p81v_125c       0 
OA1B2_X4M_A9PP140ZTL_C30                2      3.276      1817.305    sc9mcpp140z_cln28ht_base_lvt_c30_ssg_cworstt_max_0p81v_125c       0 
OA211_X1M_A9PP140ZTL_C30                6      5.292      1204.645    sc9mcpp140z_cln28ht_base_lvt_c30_ssg_cworstt_max_0p81v_125c       0 
OA21A1OI2_X1M_A9PP140ZTL_C30           14      8.820      1992.806    sc9mcpp140z_cln28ht_base_lvt_c30_ssg_cworstt_max_0p81v_125c       0 
OA21A1OI2_X2M_A9PP140ZTL_C30            9     10.206      2310.062    sc9mcpp140z_cln28ht_base_lvt_c30_ssg_cworstt_max_0p81v_125c       0 
OA21A1OI2_X3M_A9PP140ZTL_C30            6      9.828      2912.400    sc9mcpp140z_cln28ht_base_lvt_c30_ssg_cworstt_max_0p81v_125c       0 
OA21A1OI2_X4M_A9PP140ZTL_C30            3      6.426      1676.428    sc9mcpp140z_cln28ht_base_lvt_c30_ssg_cworstt_max_0p81v_125c       0 
OA21B_X1M_A9PP140ZTL_C30               23     14.490      6810.747    sc9mcpp140z_cln28ht_base_lvt_c30_ssg_cworstt_max_0p81v_125c       0 
OA21B_X1P4M_A9PP140ZTL_C30             13     11.466      6942.501    sc9mcpp140z_cln28ht_base_lvt_c30_ssg_cworstt_max_0p81v_125c       0 
OA21B_X2M_A9PP140ZTL_C30               14     15.876      7483.672    sc9mcpp140z_cln28ht_base_lvt_c30_ssg_cworstt_max_0p81v_125c       0 
OA21B_X3M_A9PP140ZTL_C30                8     11.088      5464.741    sc9mcpp140z_cln28ht_base_lvt_c30_ssg_cworstt_max_0p81v_125c       0 
OA21B_X4M_A9PP140ZTL_C30                3      4.914      2619.073    sc9mcpp140z_cln28ht_base_lvt_c30_ssg_cworstt_max_0p81v_125c       0 
OA21_X0P5M_A9PP140ZTL_C30               1      0.756       190.223    sc9mcpp140z_cln28ht_base_lvt_c30_ssg_cworstt_max_0p81v_125c       0 
OA21_X1M_A9PP140ZTL_C30                23     17.388      4836.178    sc9mcpp140z_cln28ht_base_lvt_c30_ssg_cworstt_max_0p81v_125c       0 
OA22_X1M_A9PP140ZTL_C30                 1      0.882       227.250    sc9mcpp140z_cln28ht_base_lvt_c30_ssg_cworstt_max_0p81v_125c       0 
OAI211_X1M_A9PP140ZTL_C30              34     21.420      4131.601    sc9mcpp140z_cln28ht_base_lvt_c30_ssg_cworstt_max_0p81v_125c       0 
OAI211_X1P4M_A9PP140ZTL_C30             1      1.134       243.741    sc9mcpp140z_cln28ht_base_lvt_c30_ssg_cworstt_max_0p81v_125c       0 
OAI211_X2M_A9PP140ZTL_C30               4      4.536       982.088    sc9mcpp140z_cln28ht_base_lvt_c30_ssg_cworstt_max_0p81v_125c       0 
OAI21B_X0P7M_A9PP140ZTL_C30             1      0.756       222.167    sc9mcpp140z_cln28ht_base_lvt_c30_ssg_cworstt_max_0p81v_125c       0 
OAI21B_X1M_A9PP140ZTL_C30              29     21.924      6364.473    sc9mcpp140z_cln28ht_base_lvt_c30_ssg_cworstt_max_0p81v_125c       0 
OAI21B_X2M_A9PP140ZTL_C30              18     20.412      6715.301    sc9mcpp140z_cln28ht_base_lvt_c30_ssg_cworstt_max_0p81v_125c       0 
OAI21B_X3M_A9PP140ZTL_C30              11     16.632      5823.852    sc9mcpp140z_cln28ht_base_lvt_c30_ssg_cworstt_max_0p81v_125c       0 
OAI21B_X4M_A9PP140ZTL_C30               5      9.450      3397.527    sc9mcpp140z_cln28ht_base_lvt_c30_ssg_cworstt_max_0p81v_125c       0 
OAI21B_X6M_A9PP140ZTL_C30               2      5.544      2113.672    sc9mcpp140z_cln28ht_base_lvt_c30_ssg_cworstt_max_0p81v_125c       0 
OAI21_X0P5M_A9PP140ZTL_C30              1      0.504       123.055    sc9mcpp140z_cln28ht_base_lvt_c30_ssg_cworstt_max_0p81v_125c       0 
OAI21_X0P7M_A9PP140ZTL_C30              2      1.008       261.444    sc9mcpp140z_cln28ht_base_lvt_c30_ssg_cworstt_max_0p81v_125c       0 
OAI21_X1M_A9PP140ZTL_C30              642    323.568     76453.264    sc9mcpp140z_cln28ht_base_lvt_c30_ssg_cworstt_max_0p81v_125c       0 
OAI21_X1P4M_A9PP140ZTL_C30             18     15.876      4392.249    sc9mcpp140z_cln28ht_base_lvt_c30_ssg_cworstt_max_0p81v_125c       0 
OAI21_X2M_A9PP140ZTL_C30              279    246.078     72029.032    sc9mcpp140z_cln28ht_base_lvt_c30_ssg_cworstt_max_0p81v_125c       0 
OAI21_X3M_A9PP140ZTL_C30               41     51.660     16907.850    sc9mcpp140z_cln28ht_base_lvt_c30_ssg_cworstt_max_0p81v_125c       0 
OAI21_X4M_A9PP140ZTL_C30                8     13.104      4536.023    sc9mcpp140z_cln28ht_base_lvt_c30_ssg_cworstt_max_0p81v_125c       0 
OAI21_X6M_A9PP140ZTL_C30                3      7.182      2654.511    sc9mcpp140z_cln28ht_base_lvt_c30_ssg_cworstt_max_0p81v_125c       0 
OAI22BB_X0P5M_A9PP140ZTL_C30            2      1.764       355.827    sc9mcpp140z_cln28ht_base_lvt_c30_ssg_cworstt_max_0p81v_125c       0 
OAI22BB_X0P7M_A9PP140ZTL_C30            2      1.764       424.774    sc9mcpp140z_cln28ht_base_lvt_c30_ssg_cworstt_max_0p81v_125c       0 
OAI22BB_X1M_A9PP140ZTL_C30             24     21.168      4993.201    sc9mcpp140z_cln28ht_base_lvt_c30_ssg_cworstt_max_0p81v_125c       0 
OAI22BB_X2M_A9PP140ZTL_C30             53     66.780     18902.984    sc9mcpp140z_cln28ht_base_lvt_c30_ssg_cworstt_max_0p81v_125c       0 
OAI22BB_X3M_A9PP140ZTL_C30              3      4.914      1477.794    sc9mcpp140z_cln28ht_base_lvt_c30_ssg_cworstt_max_0p81v_125c       0 
OAI22_X1M_A9PP140ZTL_C30               26     16.380      4026.807    sc9mcpp140z_cln28ht_base_lvt_c30_ssg_cworstt_max_0p81v_125c       0 
OAI22_X1P4M_A9PP140ZTL_C30              2      2.268       629.581    sc9mcpp140z_cln28ht_base_lvt_c30_ssg_cworstt_max_0p81v_125c       0 
OAI22_X2M_A9PP140ZTL_C30                6      6.804      1943.918    sc9mcpp140z_cln28ht_base_lvt_c30_ssg_cworstt_max_0p81v_125c       0 
OAI2XB1_X0P5M_A9PP140ZTL_C30            1      0.756       175.088    sc9mcpp140z_cln28ht_base_lvt_c30_ssg_cworstt_max_0p81v_125c       0 
OAI2XB1_X0P7M_A9PP140ZTL_C30            8      6.048      1877.474    sc9mcpp140z_cln28ht_base_lvt_c30_ssg_cworstt_max_0p81v_125c       0 
OAI2XB1_X1M_A9PP140ZTL_C30            133    100.548     27174.844    sc9mcpp140z_cln28ht_base_lvt_c30_ssg_cworstt_max_0p81v_125c       0 
OAI2XB1_X1P4M_A9PP140ZTL_C30            5      5.670      1524.420    sc9mcpp140z_cln28ht_base_lvt_c30_ssg_cworstt_max_0p81v_125c       0 
OAI2XB1_X2M_A9PP140ZTL_C30             39     44.226     13720.199    sc9mcpp140z_cln28ht_base_lvt_c30_ssg_cworstt_max_0p81v_125c       0 
OAI2XB1_X3M_A9PP140ZTL_C30              7     10.584      3540.917    sc9mcpp140z_cln28ht_base_lvt_c30_ssg_cworstt_max_0p81v_125c       0 
OAI2XB1_X4M_A9PP140ZTL_C30              5     10.080      3625.261    sc9mcpp140z_cln28ht_base_lvt_c30_ssg_cworstt_max_0p81v_125c       0 
OAI31_X1M_A9PP140ZTL_C30               53     33.390      6745.127    sc9mcpp140z_cln28ht_base_lvt_c30_ssg_cworstt_max_0p81v_125c       0 
OAI31_X1P4M_A9PP140ZTL_C30              2      2.268       564.740    sc9mcpp140z_cln28ht_base_lvt_c30_ssg_cworstt_max_0p81v_125c       0 
OAI31_X3M_A9PP140ZTL_C30                4      6.552      1719.969    sc9mcpp140z_cln28ht_base_lvt_c30_ssg_cworstt_max_0p81v_125c       0 
OAI31_X4M_A9PP140ZTL_C30                2      4.284      1155.997    sc9mcpp140z_cln28ht_base_lvt_c30_ssg_cworstt_max_0p81v_125c       0 
OAI31_X6M_A9PP140ZTL_C30                3      9.450      2668.338    sc9mcpp140z_cln28ht_base_lvt_c30_ssg_cworstt_max_0p81v_125c       0 
OR2_X0P5B_A9PP140ZTL_C30               49     24.696     10412.251    sc9mcpp140z_cln28ht_base_lvt_c30_ssg_cworstt_max_0p81v_125c       0 
OR2_X0P7B_A9PP140ZTL_C30                5      2.520      1214.417    sc9mcpp140z_cln28ht_base_lvt_c30_ssg_cworstt_max_0p81v_125c       0 
OR2_X1B_A9PP140ZTL_C30                 27     13.608      6364.580    sc9mcpp140z_cln28ht_base_lvt_c30_ssg_cworstt_max_0p81v_125c       0 
OR2_X1M_A9PP140ZTL_C30                238    119.952     54696.871    sc9mcpp140z_cln28ht_base_lvt_c30_ssg_cworstt_max_0p81v_125c       0 
OR2_X1P4M_A9PP140ZTL_C30               13      8.190      5182.874    sc9mcpp140z_cln28ht_base_lvt_c30_ssg_cworstt_max_0p81v_125c       0 
OR2_X2M_A9PP140ZTL_C30                  6      3.780      2178.895    sc9mcpp140z_cln28ht_base_lvt_c30_ssg_cworstt_max_0p81v_125c       0 
OR2_X3B_A9PP140ZTL_C30                  1      1.008       625.226    sc9mcpp140z_cln28ht_base_lvt_c30_ssg_cworstt_max_0p81v_125c       0 
OR2_X3M_A9PP140ZTL_C30                 17     17.136     11305.861    sc9mcpp140z_cln28ht_base_lvt_c30_ssg_cworstt_max_0p81v_125c       0 
OR2_X4M_A9PP140ZTL_C30                  6      6.804      4311.289    sc9mcpp140z_cln28ht_base_lvt_c30_ssg_cworstt_max_0p81v_125c       0 
OR2_X6M_A9PP140ZTL_C30                 20     37.800     25789.841    sc9mcpp140z_cln28ht_base_lvt_c30_ssg_cworstt_max_0p81v_125c       0 
OR2_X8M_A9PP140ZTL_C30                  1      2.394      1510.476    sc9mcpp140z_cln28ht_base_lvt_c30_ssg_cworstt_max_0p81v_125c       0 
OR3_X1M_A9PP140ZTL_C30                  4      2.520      1592.954    sc9mcpp140z_cln28ht_base_lvt_c30_ssg_cworstt_max_0p81v_125c       0 
OR3_X3M_A9PP140ZTL_C30                  1      1.386      1004.421    sc9mcpp140z_cln28ht_base_lvt_c30_ssg_cworstt_max_0p81v_125c       0 
OR4_X1M_A9PP140ZTL_C30                  2      2.016       921.286    sc9mcpp140z_cln28ht_base_lvt_c30_ssg_cworstt_max_0p81v_125c       0 
OR4_X2M_A9PP140ZTL_C30                  2      2.520      1495.736    sc9mcpp140z_cln28ht_base_lvt_c30_ssg_cworstt_max_0p81v_125c       0 
XNOR2_X0P5M_A9PP140ZTL_C30            394    297.864     86479.624    sc9mcpp140z_cln28ht_base_lvt_c30_ssg_cworstt_max_0p81v_125c       0 
XNOR2_X0P7M_A9PP140ZTL_C30            186    140.616     44469.938    sc9mcpp140z_cln28ht_base_lvt_c30_ssg_cworstt_max_0p81v_125c       0 
XNOR2_X1M_A9PP140ZTL_C30               16     18.144      7922.957    sc9mcpp140z_cln28ht_base_lvt_c30_ssg_cworstt_max_0p81v_125c       0 
XNOR2_X1P4M_A9PP140ZTL_C30             18     20.412      8747.192    sc9mcpp140z_cln28ht_base_lvt_c30_ssg_cworstt_max_0p81v_125c       0 
XNOR2_X2M_A9PP140ZTL_C30               26     39.312     24498.617    sc9mcpp140z_cln28ht_base_lvt_c30_ssg_cworstt_max_0p81v_125c       0 
XNOR2_X3M_A9PP140ZTL_C30                3      6.048      3714.134    sc9mcpp140z_cln28ht_base_lvt_c30_ssg_cworstt_max_0p81v_125c       0 
XNOR2_X4M_A9PP140ZTL_C30                2      5.292      3822.089    sc9mcpp140z_cln28ht_base_lvt_c30_ssg_cworstt_max_0p81v_125c       0 
XNOR3_X0P5M_A9PP140ZTL_C30              2      3.024      1030.002    sc9mcpp140z_cln28ht_base_lvt_c30_ssg_cworstt_max_0p81v_125c       0 
XNOR3_X0P7M_A9PP140ZTL_C30             16     24.192      8296.081    sc9mcpp140z_cln28ht_base_lvt_c30_ssg_cworstt_max_0p81v_125c       0 
XNOR3_X1M_A9PP140ZTL_C30               29     54.810     24201.240    sc9mcpp140z_cln28ht_base_lvt_c30_ssg_cworstt_max_0p81v_125c       0 
XNOR3_X1P4M_A9PP140ZTL_C30             15     34.020     19347.609    sc9mcpp140z_cln28ht_base_lvt_c30_ssg_cworstt_max_0p81v_125c       0 
XNOR3_X2M_A9PP140ZTL_C30              216    489.888    281581.698    sc9mcpp140z_cln28ht_base_lvt_c30_ssg_cworstt_max_0p81v_125c       0 
XNOR3_X3M_A9PP140ZTL_C30              116    321.552    210815.307    sc9mcpp140z_cln28ht_base_lvt_c30_ssg_cworstt_max_0p81v_125c       0 
XOR2_X0P5M_A9PP140ZTL_C30             393    297.108    101558.621    sc9mcpp140z_cln28ht_base_lvt_c30_ssg_cworstt_max_0p81v_125c       0 
XOR2_X0P7M_A9PP140ZTL_C30             176    133.056     47376.331    sc9mcpp140z_cln28ht_base_lvt_c30_ssg_cworstt_max_0p81v_125c       0 
XOR2_X1M_A9PP140ZTL_C30                26     29.484     12935.452    sc9mcpp140z_cln28ht_base_lvt_c30_ssg_cworstt_max_0p81v_125c       0 
XOR2_X1P4M_A9PP140ZTL_C30              66     74.844     32362.670    sc9mcpp140z_cln28ht_base_lvt_c30_ssg_cworstt_max_0p81v_125c       0 
XOR2_X2M_A9PP140ZTL_C30                83    125.496     78239.218    sc9mcpp140z_cln28ht_base_lvt_c30_ssg_cworstt_max_0p81v_125c       0 
XOR2_X3M_A9PP140ZTL_C30                 6     12.096      7430.114    sc9mcpp140z_cln28ht_base_lvt_c30_ssg_cworstt_max_0p81v_125c       0 
XOR2_X4M_A9PP140ZTL_C30                 4     10.584      7611.745    sc9mcpp140z_cln28ht_base_lvt_c30_ssg_cworstt_max_0p81v_125c       0 
XOR3_X0P7M_A9PP140ZTL_C30              18     27.216     10083.274    sc9mcpp140z_cln28ht_base_lvt_c30_ssg_cworstt_max_0p81v_125c       0 
XOR3_X1M_A9PP140ZTL_C30                40     75.600     33484.614    sc9mcpp140z_cln28ht_base_lvt_c30_ssg_cworstt_max_0p81v_125c       0 
XOR3_X1P4M_A9PP140ZTL_C30              11     24.948     14185.957    sc9mcpp140z_cln28ht_base_lvt_c30_ssg_cworstt_max_0p81v_125c       0 
XOR3_X2M_A9PP140ZTL_C30               224    508.032    291876.602    sc9mcpp140z_cln28ht_base_lvt_c30_ssg_cworstt_max_0p81v_125c       0 
XOR3_X3M_A9PP140ZTL_C30               104    288.288    188750.230    sc9mcpp140z_cln28ht_base_lvt_c30_ssg_cworstt_max_0p81v_125c       0 
------------------------------------------------------------------------------------------------------------------------------------------
total                               26118  28676.088  11758795.513                                                                


                                             Leakage   Leakage 
     Type      Instances    Area   Area %  Power (nW)  Power % 
---------------------------------------------------------------
sequential          3620  9481.878   32.4  3351420.867    28.5 
inverter            3415  1286.838    4.4   667306.652     5.7 
buffer               396   607.824    2.1   498226.886     4.2 
logic              18687 17299.548   59.1  7241841.108    61.6 
physical_cells      1107   596.610    2.0        0.000     0.0 
---------------------------------------------------------------
total              27225 29272.698  100.0 11758795.513   100.0 

