============================================================
  Generated by:           Genus(TM) Synthesis Solution 23.10-p004_1
  Generated on:           Feb 17 2025  07:05:22 pm
  Module:                 pp_fir_u_4
  Library domain:         timing_cond_wcl_slow
    Domain index:         0
    Technology library:   sc9mcpp140z_cln28ht_base_lvt_c30_ssg_cworstt_max_0p81v_125c 1.0
  Library domain:         timing_cond_wcl_fast
    Domain index:         1
    Technology library:   sc9mcpp140z_cln28ht_base_lvt_c30_ffg_cbestt_min_0p99v_m40c 1.0
  Library domain:         timing_cond_wcl_typical
    Domain index:         2
    Technology library:   sc9mcpp140z_cln28ht_base_lvt_c30_tt_ctypical_max_0p90v_25c 1.0
  Operating conditions:   ssg_cworstt_max_0p81v_125c 
  Operating conditions:   ffg_cbestt_min_0p99v_m40c 
  Operating conditions:   tt_ctypical_max_0p90v_25c 
  Interconnect mode:      spatial
  Area mode:              physical library
============================================================

Timing
--------

  Analysis view  Clock Period 
------------------------------
view_wcl_slow    clk    500.0 
view_wcl_fast    clk    500.0 
view_wcl_typical clk    500.0 


    Analysis       Cost   Critical            Violating 
      View        Group  Path Slack    TNS      Paths   
--------------------------------------------------------
view_wcl_slow        clk      -12.7 -23789.3       2453 
                 default   No paths      0.0          0 
--------------------------------------------------------
Total                               -23789.3       2453 
                                                        
view_wcl_fast        clk       24.6      0.0          0 
                 default   No paths      0.0          0 
--------------------------------------------------------
Total                                   -0.0          0 
                                                        
view_wcl_typical     clk        8.6      0.0          0 
                 default   No paths      0.0          0 
--------------------------------------------------------
Total                                   -0.0          0 
                                                        

Instance Count
--------------
Leaf Instance Count             25819 
Physical Instance count          1107 
Sequential Instance Count        3620 
Combinational Instance Count    22199 
Hierarchical Instance Count         0 

Area
----
Cell Area                          27927.018
Physical Cell Area                 596.610
Total Cell Area (Cell+Physical)    28523.628
Net Area                           7624.202
Total Area (Cell+Physical+Net)     36147.830

Floorplan Utilization              76.04%
Runtime                            104.179182 seconds
Elapsed Runtime                    874 seconds
Genus peak memory usage            2642.66 
Innovus peak memory usage          no_value 
Hostname                           tc015.cm.cluster
