###############################################################
#  Generated by:      Cadence Innovus 22.10-p001_1
#  OS:                Linux x86_64(Host ID cluster15)
#  Generated on:      Tue Jan 21 16:05:59 2025
#  Design:            pp_fir_u_6
###############################################################
#Design Check : opt (1)
# --------------------------------------------------------------------------------------
# Message: Design is not placed. Place the design before running
#    Help: Use place_design or place_opt_design to place the design.
# --------------------------------------------------------------------------------------
dict set design_checks opt IMPOPT-2901 {
  severity warning
  count 1
  violations {
    {}
  }
}
#Design Check : opt (1)
# --------------------------------------------------------------------------------------
# Message: Maximum transition %.3f is too small compared to maximum transition threshold %.3f, this would result in excessive buffering.
#    Help: 
# --------------------------------------------------------------------------------------
dict set design_checks opt IMPOPT-2908 {
  severity warning
  count 1
  violations {
    {-0.000 0.344}
  }
}
#Design Check : opt (1)
# --------------------------------------------------------------------------------------
# Message: Found %d std cell out of %d that cannot be placed legally and will be marked don't use
#    Help: 
# --------------------------------------------------------------------------------------
dict set design_checks opt IMPOPT-7272 {
  severity warning
  count 1
  violations {
    {2465 3447}
  }
}
#Design Check : opt (1)
# --------------------------------------------------------------------------------------
# Message: %d instance(s) out of %d are unplaced.
#    Help: 
# --------------------------------------------------------------------------------------
dict set design_checks opt IMPOPT-7276 {
  severity warning
  count 1
  violations {
    {19476 20482}
  }
}
#Design Check : opt (2465)
# --------------------------------------------------------------------------------------
# Message: The cell <%s> does not have any footprint defined. This will impact optimization. The instance cannot be deleted by optimization.
#    Help: To resolve this error, check the cell definition in the timing library associated with the view and ensure that a function is defined for the cell.
# --------------------------------------------------------------------------------------
dict set design_checks opt IMPOPT-7283 {
  severity warning
  count 2465
  violations {
    {SDFFXSRPQ_X4M_A9PP140ZTUL_C30}
    {SDFFXSRPQ_X3M_A9PP140ZTUL_C30}
    {SDFFXSRPQ_X2M_A9PP140ZTUL_C30}
    {SDFFXSRPQ_X1M_A9PP140ZTUL_C30}
    {SDFFXSQ_X4M_A9PP140ZTUL_C30}
    {SDFFXSQ_X3M_A9PP140ZTUL_C30}
    {SDFFXSQ_X2M_A9PP140ZTUL_C30}
    {SDFFXSQ_X1M_A9PP140ZTUL_C30}
    {SDFFXSQN_X3M_A9PP140ZTUL_C30}
    {SDFFXSQN_X2M_A9PP140ZTUL_C30}
    {SDFFXSQN_X1M_A9PP140ZTUL_C30}
    {SDFFXRPQ_X4M_A9PP140ZTUL_C30}
    {SDFFXRPQ_X3M_A9PP140ZTUL_C30}
    {SDFFXRPQ_X2M_A9PP140ZTUL_C30}
    {SDFFXRPQ_X1M_A9PP140ZTUL_C30}
    {SDFFXRPQN_X3M_A9PP140ZTUL_C30}
    {SDFFXRPQN_X2M_A9PP140ZTUL_C30}
    {SDFFXRPQN_X1M_A9PP140ZTUL_C30}
    {SDFFXQ_X4M_A9PP140ZTUL_C30}
    {SDFFXQ_X3M_A9PP140ZTUL_C30}
    {SDFFXQ_X2M_A9PP140ZTUL_C30}
    {SDFFXQ_X1M_A9PP140ZTUL_C30}
    {SDFFXQN_X3M_A9PP140ZTUL_C30}
    {SDFFXQN_X2M_A9PP140ZTUL_C30}
    {SDFFXQN_X1M_A9PP140ZTUL_C30}
    {SDFFSRPQH_X4M_A9PP140ZTUL_C30}
    {SDFFSRPQH_X3M_A9PP140ZTUL_C30}
    {SDFFSRPQH_X2M_A9PP140ZTUL_C30}
    {SDFFSRPQH_X1M_A9PP140ZTUL_C30}
    {SDFFSQNL2W_X1M_A9PP140ZTUL_C30}
    {SDFFSQNH_X3M_A9PP140ZTUL_C30}
    {SDFFSQNH_X2M_A9PP140ZTUL_C30}
    {SDFFSQNH_X1M_A9PP140ZTUL_C30}
    {SDFFSQL4W_X2M_A9PP140ZTUL_C30}
    {SDFFSQL4W_X1M_A9PP140ZTUL_C30}
    {SDFFSQL2W_X2M_A9PP140ZTUL_C30}
    {SDFFSQL2W_X1M_A9PP140ZTUL_C30}
    {SDFFSQH_X4M_A9PP140ZTUL_C30}
    {SDFFSQH_X3M_A9PP140ZTUL_C30}
    {SDFFSQH_X2M_A9PP140ZTUL_C30}
    {SDFFSQH_X1M_A9PP140ZTUL_C30}
    {SDFFRPQNL2W_X1M_A9PP140ZTUL_C30}
    {SDFFRPQNH_X3M_A9PP140ZTUL_C30}
    {SDFFRPQNH_X2M_A9PP140ZTUL_C30}
    {SDFFRPQNH_X1M_A9PP140ZTUL_C30}
    {SDFFRPQL4W_X2M_A9PP140ZTUL_C30}
    {SDFFRPQL4W_X1M_A9PP140ZTUL_C30}
    {SDFFRPQL2W_X2M_A9PP140ZTUL_C30}
    {SDFFRPQL2W_X1M_A9PP140ZTUL_C30}
    {SDFFRPQH_X4M_A9PP140ZTUL_C30}
    {SDFFRPQH_X3M_A9PP140ZTUL_C30}
    {SDFFRPQH_X2M_A9PP140ZTUL_C30}
    {SDFFRPQH_X1M_A9PP140ZTUL_C30}
    {SDFFQNL2W_X1M_A9PP140ZTUL_C30}
    {SDFFQNH_X3M_A9PP140ZTUL_C30}
    {SDFFQNH_X2M_A9PP140ZTUL_C30}
    {SDFFQNH_X1M_A9PP140ZTUL_C30}
    {SDFFQL4W_X2M_A9PP140ZTUL_C30}
    {SDFFQL4W_X1M_A9PP140ZTUL_C30}
    {SDFFQL2W_X2M_A9PP140ZTUL_C30}
    {SDFFQL2W_X1M_A9PP140ZTUL_C30}
    {SDFFQH_X4M_A9PP140ZTUL_C30}
    {SDFFQH_X3M_A9PP140ZTUL_C30}
    {SDFFQH_X2M_A9PP140ZTUL_C30}
    {SDFFQH_X1M_A9PP140ZTUL_C30}
    {OR2_X8TM_A9PP140ZTUL_C30}
    {OR2_X6TM_A9PP140ZTUL_C30}
    {OR2_X4TM_A9PP140ZTUL_C30}
    {OR2_X3TM_A9PP140ZTUL_C30}
    {OR2_X2TM_A9PP140ZTUL_C30}
    {OR2_X1TM_A9PP140ZTUL_C30}
    {OR2_X1P4TM_A9PP140ZTUL_C30}
    {OR2_X11TM_A9PP140ZTUL_C30}
    {OAI31_X8M_A9PP140ZTUL_C30}
    {OAI22_X8A_A9PP140ZTUL_C30}
    {OAI22_X6A_A9PP140ZTUL_C30}
    {OAI22_X4A_A9PP140ZTUL_C30}
    {OAI22_X3A_A9PP140ZTUL_C30}
    {OAI22_X2A_A9PP140ZTUL_C30}
    {OAI22_X1P4A_A9PP140ZTUL_C30}
    {OAI22_X1A_A9PP140ZTUL_C30}
    {OAI22_X11M_A9PP140ZTUL_C30}
    {OAI22_X11A_A9PP140ZTUL_C30}
    {OAI22_X0P7A_A9PP140ZTUL_C30}
    {OAI22_X0P5A_A9PP140ZTUL_C30}
    {OAI21_X8A_A9PP140ZTUL_C30}
    {OAI21_X6A_A9PP140ZTUL_C30}
    {OAI21_X4A_A9PP140ZTUL_C30}
    {OAI21_X3A_A9PP140ZTUL_C30}
    {OAI21_X2A_A9PP140ZTUL_C30}
    {OAI21_X1P4A_A9PP140ZTUL_C30}
    {OAI21_X1A_A9PP140ZTUL_C30}
    {OAI21_X11M_A9PP140ZTUL_C30}
    {OAI21_X11A_A9PP140ZTUL_C30}
    {OAI21_X0P7A_A9PP140ZTUL_C30}
    {OAI21_X0P5A_A9PP140ZTUL_C30}
    {OAI211_X6M_A9PP140ZTUL_C30}
    {OA21A1OI2_X8M_A9PP140ZTUL_C30}
    {NOR3_X6M_A9PP140ZTUL_C30}
    {NOR3_X6A_A9PP140ZTUL_C30}
    {NOR2_X8TA_A9PP140ZTUL_C30}
    {NOR2_X6TA_A9PP140ZTUL_C30}
    {NOR2_X4TA_A9PP140ZTUL_C30}
    {NOR2_X3TA_A9PP140ZTUL_C30}
    {NOR2_X2TA_A9PP140ZTUL_C30}
    {NOR2_X1TA_A9PP140ZTUL_C30}
    {NOR2_X1P4TA_A9PP140ZTUL_C30}
    {NOR2_X11TA_A9PP140ZTUL_C30}
    {NOR2_X11M_A9PP140ZTUL_C30}
    {NOR2_X11B_A9PP140ZTUL_C30}
    {NOR2_X11A_A9PP140ZTUL_C30}
    {NAND4_X6M_A9PP140ZTUL_C30}
    {NAND4_X6A_A9PP140ZTUL_C30}
    {NAND3_X8M_A9PP140ZTUL_C30}
    {NAND3_X8A_A9PP140ZTUL_C30}
    {NAND2_X8TA_A9PP140ZTUL_C30}
    {NAND2_X6TA_A9PP140ZTUL_C30}
    {NAND2_X4TA_A9PP140ZTUL_C30}
    {NAND2_X3TA_A9PP140ZTUL_C30}
    {NAND2_X2TA_A9PP140ZTUL_C30}
    {NAND2_X1TA_A9PP140ZTUL_C30}
    {NAND2_X1P4TA_A9PP140ZTUL_C30}
    {NAND2_X11TA_A9PP140ZTUL_C30}
    {NAND2_X11M_A9PP140ZTUL_C30}
    {NAND2_X11B_A9PP140ZTUL_C30}
    {NAND2_X11A_A9PP140ZTUL_C30}
    {INV_X20M_A9PP140ZTUL_C30}
    {INV_X20B_A9PP140ZTUL_C30}
    {DFFSQNL2W_X1M_A9PP140ZTUL_C30}
    {DFFSQL2W_X1M_A9PP140ZTUL_C30}
    {DFFRPQNL2W_X1M_A9PP140ZTUL_C30}
    {DFFRPQL2W_X1M_A9PP140ZTUL_C30}
    {DFFQNL2W_X1M_A9PP140ZTUL_C30}
    {DFFQL2W_X1M_A9PP140ZTUL_C30}
    {AOI31_X8M_A9PP140ZTUL_C30}
    {AOI22_X8A_A9PP140ZTUL_C30}
    {AOI22_X6A_A9PP140ZTUL_C30}
    {AOI22_X4A_A9PP140ZTUL_C30}
    {AOI22_X3A_A9PP140ZTUL_C30}
    {AOI22_X2A_A9PP140ZTUL_C30}
    {AOI22_X1P4A_A9PP140ZTUL_C30}
    {AOI22_X1A_A9PP140ZTUL_C30}
    {AOI22_X11M_A9PP140ZTUL_C30}
    {AOI22_X11A_A9PP140ZTUL_C30}
    {AOI22_X0P7A_A9PP140ZTUL_C30}
    {AOI22_X0P5A_A9PP140ZTUL_C30}
    {AOI21_X8A_A9PP140ZTUL_C30}
    {AOI21_X6A_A9PP140ZTUL_C30}
    {AOI21_X4A_A9PP140ZTUL_C30}
    {AOI21_X3A_A9PP140ZTUL_C30}
    {AOI21_X2A_A9PP140ZTUL_C30}
    {AOI21_X1P4A_A9PP140ZTUL_C30}
    {AOI21_X1A_A9PP140ZTUL_C30}
    {AOI21_X11M_A9PP140ZTUL_C30}
    {AOI21_X11A_A9PP140ZTUL_C30}
    {AOI21_X0P7A_A9PP140ZTUL_C30}
    {AOI21_X0P5A_A9PP140ZTUL_C30}
    {AOI211_X6M_A9PP140ZTUL_C30}
    {AO21A1AI2_X8M_A9PP140ZTUL_C30}
    {AND2_X8TM_A9PP140ZTUL_C30}
    {AND2_X6TM_A9PP140ZTUL_C30}
    {AND2_X4TM_A9PP140ZTUL_C30}
    {AND2_X3TM_A9PP140ZTUL_C30}
    {AND2_X2TM_A9PP140ZTUL_C30}
    {AND2_X1TM_A9PP140ZTUL_C30}
    {AND2_X1P4TM_A9PP140ZTUL_C30}
    {AND2_X11TM_A9PP140ZTUL_C30}
    {XOR3_X4M_A9PP140ZTUL_C30}
    {XOR3_X3M_A9PP140ZTUL_C30}
    {XOR3_X2M_A9PP140ZTUL_C30}
    {XOR3_X1P4M_A9PP140ZTUL_C30}
    {XOR3_X1M_A9PP140ZTUL_C30}
    {XOR3_X0P7M_A9PP140ZTUL_C30}
    {XOR3_X0P5M_A9PP140ZTUL_C30}
    {XOR2_X4M_A9PP140ZTUL_C30}
    {XOR2_X3M_A9PP140ZTUL_C30}
    {XOR2_X2M_A9PP140ZTUL_C30}
    {XOR2_X1P4M_A9PP140ZTUL_C30}
    {XOR2_X1M_A9PP140ZTUL_C30}
    {XOR2_X0P7M_A9PP140ZTUL_C30}
    {XOR2_X0P5M_A9PP140ZTUL_C30}
    {XNOR3_X4M_A9PP140ZTUL_C30}
    {XNOR3_X3M_A9PP140ZTUL_C30}
    {XNOR3_X2M_A9PP140ZTUL_C30}
    {XNOR3_X1P4M_A9PP140ZTUL_C30}
    {XNOR3_X1M_A9PP140ZTUL_C30}
    {XNOR3_X0P7M_A9PP140ZTUL_C30}
    {XNOR3_X0P5M_A9PP140ZTUL_C30}
    {XNOR2_X4M_A9PP140ZTUL_C30}
    {XNOR2_X3M_A9PP140ZTUL_C30}
    {XNOR2_X2M_A9PP140ZTUL_C30}
    {XNOR2_X1P4M_A9PP140ZTUL_C30}
    {XNOR2_X1M_A9PP140ZTUL_C30}
    {XNOR2_X0P7M_A9PP140ZTUL_C30}
    {XNOR2_X0P5M_A9PP140ZTUL_C30}
    {SDFFYSQ4D_X4M_A9PP140ZTUL_C30}
    {SDFFYSQ4D_X3M_A9PP140ZTUL_C30}
    {SDFFYSQ4D_X2M_A9PP140ZTUL_C30}
    {SDFFYSQ4D_X1M_A9PP140ZTUL_C30}
    {SDFFYSQ3D_X4M_A9PP140ZTUL_C30}
    {SDFFYSQ3D_X3M_A9PP140ZTUL_C30}
    {SDFFYSQ3D_X2M_A9PP140ZTUL_C30}
    {SDFFYSQ3D_X1M_A9PP140ZTUL_C30}
    {SDFFYSQ2D_X4M_A9PP140ZTUL_C30}
    {SDFFYSQ2D_X3M_A9PP140ZTUL_C30}
    {SDFFYSQ2D_X2M_A9PP140ZTUL_C30}
    {SDFFYSQ2D_X1M_A9PP140ZTUL_C30}
    {SDFFYRPQ4D_X4M_A9PP140ZTUL_C30}
    {SDFFYRPQ4D_X3M_A9PP140ZTUL_C30}
    {SDFFYRPQ4D_X2M_A9PP140ZTUL_C30}
    {SDFFYRPQ4D_X1M_A9PP140ZTUL_C30}
    {SDFFYRPQ3D_X4M_A9PP140ZTUL_C30}
    {SDFFYRPQ3D_X3M_A9PP140ZTUL_C30}
    {SDFFYRPQ3D_X2M_A9PP140ZTUL_C30}
    {SDFFYRPQ3D_X1M_A9PP140ZTUL_C30}
    {SDFFYRPQ2D_X4M_A9PP140ZTUL_C30}
    {SDFFYRPQ2D_X3M_A9PP140ZTUL_C30}
    {SDFFYRPQ2D_X2M_A9PP140ZTUL_C30}
    {SDFFYRPQ2D_X1M_A9PP140ZTUL_C30}
    {SDFFYQ4D_X4M_A9PP140ZTUL_C30}
    {SDFFYQ4D_X3M_A9PP140ZTUL_C30}
    {SDFFYQ4D_X2M_A9PP140ZTUL_C30}
    {SDFFYQ4D_X1M_A9PP140ZTUL_C30}
    {SDFFYQ3D_X4M_A9PP140ZTUL_C30}
    {SDFFYQ3D_X3M_A9PP140ZTUL_C30}
    {SDFFYQ3D_X2M_A9PP140ZTUL_C30}
    {SDFFYQ3D_X1M_A9PP140ZTUL_C30}
    {SDFFYQ2D_X4M_A9PP140ZTUL_C30}
    {SDFFYQ2D_X3M_A9PP140ZTUL_C30}
    {SDFFYQ2D_X2M_A9PP140ZTUL_C30}
    {SDFFYQ2D_X1M_A9PP140ZTUL_C30}
    {SDFFSRPQ_X4M_A9PP140ZTUL_C30}
    {SDFFSRPQ_X3M_A9PP140ZTUL_C30}
    {SDFFSRPQ_X2M_A9PP140ZTUL_C30}
    {SDFFSRPQ_X1M_A9PP140ZTUL_C30}
    {SDFFSQ_X4M_A9PP140ZTUL_C30}
    {SDFFSQ_X3M_A9PP140ZTUL_C30}
    {SDFFSQ_X2M_A9PP140ZTUL_C30}
    {SDFFSQ_X1M_A9PP140ZTUL_C30}
    {SDFFSQN_X3M_A9PP140ZTUL_C30}
    {SDFFSQN_X2M_A9PP140ZTUL_C30}
    {SDFFSQN_X1M_A9PP140ZTUL_C30}
    {SDFFSQNL_X1M_A9PP140ZTUL_C30}
    {SDFFSQNA_X1M_A9PP140ZTUL_C30}
    {SDFFSQL_X1M_A9PP140ZTUL_C30}
    {SDFFSQA_X1M_A9PP140ZTUL_C30}
    {SDFFRPQ_X4M_A9PP140ZTUL_C30}
    {SDFFRPQ_X3M_A9PP140ZTUL_C30}
    {SDFFRPQ_X2M_A9PP140ZTUL_C30}
    {SDFFRPQ_X1M_A9PP140ZTUL_C30}
    {SDFFRPQN_X3M_A9PP140ZTUL_C30}
    {SDFFRPQN_X2M_A9PP140ZTUL_C30}
    {SDFFRPQN_X1M_A9PP140ZTUL_C30}
    {SDFFRPQNL_X1M_A9PP140ZTUL_C30}
    {SDFFRPQNA_X1M_A9PP140ZTUL_C30}
    {SDFFRPQL_X1M_A9PP140ZTUL_C30}
    {SDFFRPQA_X1M_A9PP140ZTUL_C30}
    {SDFFQ_X4M_A9PP140ZTUL_C30}
    {SDFFQ_X3M_A9PP140ZTUL_C30}
    {SDFFQ_X2M_A9PP140ZTUL_C30}
    {SDFFQ_X1M_A9PP140ZTUL_C30}
    {SDFFQN_X3M_A9PP140ZTUL_C30}
    {SDFFQN_X2M_A9PP140ZTUL_C30}
    {SDFFQN_X1M_A9PP140ZTUL_C30}
    {SDFFQNL_X1M_A9PP140ZTUL_C30}
    {SDFFQNA_X1M_A9PP140ZTUL_C30}
    {SDFFQL_X1M_A9PP140ZTUL_C30}
    {SDFFQA_X1M_A9PP140ZTUL_C30}
    {SDFFNSRPQ_X3M_A9PP140ZTUL_C30}
    {SDFFNSRPQ_X2M_A9PP140ZTUL_C30}
    {SDFFNSRPQ_X1M_A9PP140ZTUL_C30}
    {SDFFNSQ_X3M_A9PP140ZTUL_C30}
    {SDFFNSQ_X2M_A9PP140ZTUL_C30}
    {SDFFNSQ_X1M_A9PP140ZTUL_C30}
    {SDFFNRPQ_X3M_A9PP140ZTUL_C30}
    {SDFFNRPQ_X2M_A9PP140ZTUL_C30}
    {SDFFNRPQ_X1M_A9PP140ZTUL_C30}
    {SDFFNQ_X3M_A9PP140ZTUL_C30}
    {SDFFNQ_X2M_A9PP140ZTUL_C30}
    {SDFFNQ_X1M_A9PP140ZTUL_C30}
    {PREICG_X9B_A9PP140ZTUL_C30}
    {PREICG_X7P5B_A9PP140ZTUL_C30}
    {PREICG_X6B_A9PP140ZTUL_C30}
    {PREICG_X5B_A9PP140ZTUL_C30}
    {PREICG_X4B_A9PP140ZTUL_C30}
    {PREICG_X3P5B_A9PP140ZTUL_C30}
    {PREICG_X3B_A9PP140ZTUL_C30}
    {PREICG_X2P5B_A9PP140ZTUL_C30}
    {PREICG_X2B_A9PP140ZTUL_C30}
    {PREICG_X1P7B_A9PP140ZTUL_C30}
    {PREICG_X1P4B_A9PP140ZTUL_C30}
    {PREICG_X1P2B_A9PP140ZTUL_C30}
    {PREICG_X1B_A9PP140ZTUL_C30}
    {PREICG_X16B_A9PP140ZTUL_C30}
    {PREICG_X13B_A9PP140ZTUL_C30}
    {PREICG_X11B_A9PP140ZTUL_C30}
    {PREICG_X0P8B_A9PP140ZTUL_C30}
    {PREICG_X0P7B_A9PP140ZTUL_C30}
    {PREICG_X0P6B_A9PP140ZTUL_C30}
    {PREICG_X0P5B_A9PP140ZTUL_C30}
    {PREICGN_X9B_A9PP140ZTUL_C30}
    {PREICGN_X7P5B_A9PP140ZTUL_C30}
    {PREICGN_X6B_A9PP140ZTUL_C30}
    {PREICGN_X5B_A9PP140ZTUL_C30}
    {PREICGN_X4B_A9PP140ZTUL_C30}
    {PREICGN_X3P5B_A9PP140ZTUL_C30}
    {PREICGN_X3B_A9PP140ZTUL_C30}
    {PREICGN_X2P5B_A9PP140ZTUL_C30}
    {PREICGN_X2B_A9PP140ZTUL_C30}
    {PREICGN_X1P7B_A9PP140ZTUL_C30}
    {PREICGN_X1P4B_A9PP140ZTUL_C30}
    {PREICGN_X1P2B_A9PP140ZTUL_C30}
    {PREICGN_X1B_A9PP140ZTUL_C30}
    {PREICGN_X16B_A9PP140ZTUL_C30}
    {PREICGN_X13B_A9PP140ZTUL_C30}
    {PREICGN_X11B_A9PP140ZTUL_C30}
    {PREICGN_X0P8B_A9PP140ZTUL_C30}
    {PREICGN_X0P7B_A9PP140ZTUL_C30}
    {PREICGN_X0P6B_A9PP140ZTUL_C30}
    {PREICGN_X0P5B_A9PP140ZTUL_C30}
    {POSTICG_X9B_A9PP140ZTUL_C30}
    {POSTICG_X7P5B_A9PP140ZTUL_C30}
    {POSTICG_X6B_A9PP140ZTUL_C30}
    {POSTICG_X5B_A9PP140ZTUL_C30}
    {POSTICG_X4B_A9PP140ZTUL_C30}
    {POSTICG_X3P5B_A9PP140ZTUL_C30}
    {POSTICG_X3B_A9PP140ZTUL_C30}
    {POSTICG_X2P5B_A9PP140ZTUL_C30}
    {POSTICG_X2B_A9PP140ZTUL_C30}
    {POSTICG_X1P7B_A9PP140ZTUL_C30}
    {POSTICG_X1P4B_A9PP140ZTUL_C30}
    {POSTICG_X1P2B_A9PP140ZTUL_C30}
    {POSTICG_X1B_A9PP140ZTUL_C30}
    {POSTICG_X16B_A9PP140ZTUL_C30}
    {POSTICG_X13B_A9PP140ZTUL_C30}
    {POSTICG_X11B_A9PP140ZTUL_C30}
    {POSTICG_X0P8B_A9PP140ZTUL_C30}
    {POSTICG_X0P7B_A9PP140ZTUL_C30}
    {POSTICG_X0P6B_A9PP140ZTUL_C30}
    {POSTICG_X0P5B_A9PP140ZTUL_C30}
    {OR4_X8M_A9PP140ZTUL_C30}
    {OR4_X6M_A9PP140ZTUL_C30}
    {OR4_X4M_A9PP140ZTUL_C30}
    {OR4_X3M_A9PP140ZTUL_C30}
    {OR4_X2M_A9PP140ZTUL_C30}
    {OR4_X1P4M_A9PP140ZTUL_C30}
    {OR4_X1M_A9PP140ZTUL_C30}
    {OR4_X0P7M_A9PP140ZTUL_C30}
    {OR4_X0P5M_A9PP140ZTUL_C30}
    {OR3_X8M_A9PP140ZTUL_C30}
    {OR3_X6M_A9PP140ZTUL_C30}
    {OR3_X4M_A9PP140ZTUL_C30}
    {OR3_X3M_A9PP140ZTUL_C30}
    {OR3_X2M_A9PP140ZTUL_C30}
    {OR3_X1P4M_A9PP140ZTUL_C30}
    {OR3_X1M_A9PP140ZTUL_C30}
    {OR3_X0P7M_A9PP140ZTUL_C30}
    {OR3_X0P5M_A9PP140ZTUL_C30}
    {OR2_X8M_A9PP140ZTUL_C30}
    {OR2_X8B_A9PP140ZTUL_C30}
    {OR2_X6M_A9PP140ZTUL_C30}
    {OR2_X6B_A9PP140ZTUL_C30}
    {OR2_X4M_A9PP140ZTUL_C30}
    {OR2_X4B_A9PP140ZTUL_C30}
    {OR2_X3M_A9PP140ZTUL_C30}
    {OR2_X3B_A9PP140ZTUL_C30}
    {OR2_X2M_A9PP140ZTUL_C30}
    {OR2_X2B_A9PP140ZTUL_C30}
    {OR2_X1P4M_A9PP140ZTUL_C30}
    {OR2_X1P4B_A9PP140ZTUL_C30}
    {OR2_X1M_A9PP140ZTUL_C30}
    {OR2_X1B_A9PP140ZTUL_C30}
    {OR2_X11M_A9PP140ZTUL_C30}
    {OR2_X11B_A9PP140ZTUL_C30}
    {OR2_X0P7M_A9PP140ZTUL_C30}
    {OR2_X0P7B_A9PP140ZTUL_C30}
    {OR2_X0P5M_A9PP140ZTUL_C30}
    {OR2_X0P5B_A9PP140ZTUL_C30}
    {OAI31_X6M_A9PP140ZTUL_C30}
    {OAI31_X4M_A9PP140ZTUL_C30}
    {OAI31_X3M_A9PP140ZTUL_C30}
    {OAI31_X2M_A9PP140ZTUL_C30}
    {OAI31_X1P4M_A9PP140ZTUL_C30}
    {OAI31_X1M_A9PP140ZTUL_C30}
    {OAI31_X0P7M_A9PP140ZTUL_C30}
    {OAI31_X0P5M_A9PP140ZTUL_C30}
    {OAI2XB1_X8M_A9PP140ZTUL_C30}
    {OAI2XB1_X6M_A9PP140ZTUL_C30}
    {OAI2XB1_X4M_A9PP140ZTUL_C30}
    {OAI2XB1_X3M_A9PP140ZTUL_C30}
    {OAI2XB1_X2M_A9PP140ZTUL_C30}
    {OAI2XB1_X1P4M_A9PP140ZTUL_C30}
    {OAI2XB1_X1M_A9PP140ZTUL_C30}
    {OAI2XB1_X0P7M_A9PP140ZTUL_C30}
    {OAI2XB1_X0P5M_A9PP140ZTUL_C30}
    {OAI22_X8M_A9PP140ZTUL_C30}
    {OAI22_X6M_A9PP140ZTUL_C30}
    {OAI22_X4M_A9PP140ZTUL_C30}
    {OAI22_X3M_A9PP140ZTUL_C30}
    {OAI22_X2M_A9PP140ZTUL_C30}
    {OAI22_X1P4M_A9PP140ZTUL_C30}
    {OAI22_X1M_A9PP140ZTUL_C30}
    {OAI22_X0P7M_A9PP140ZTUL_C30}
    {OAI22_X0P5M_A9PP140ZTUL_C30}
    {OAI22BB_X8M_A9PP140ZTUL_C30}
    {OAI22BB_X6M_A9PP140ZTUL_C30}
    {OAI22BB_X4M_A9PP140ZTUL_C30}
    {OAI22BB_X3M_A9PP140ZTUL_C30}
    {OAI22BB_X2M_A9PP140ZTUL_C30}
    {OAI22BB_X1P4M_A9PP140ZTUL_C30}
    {OAI22BB_X1M_A9PP140ZTUL_C30}
    {OAI22BB_X0P7M_A9PP140ZTUL_C30}
    {OAI22BB_X0P5M_A9PP140ZTUL_C30}
    {OAI21_X8M_A9PP140ZTUL_C30}
    {OAI21_X6M_A9PP140ZTUL_C30}
    {OAI21_X4M_A9PP140ZTUL_C30}
    {OAI21_X3M_A9PP140ZTUL_C30}
    {OAI21_X2M_A9PP140ZTUL_C30}
    {OAI21_X1P4M_A9PP140ZTUL_C30}
    {OAI21_X1M_A9PP140ZTUL_C30}
    {OAI21_X0P7M_A9PP140ZTUL_C30}
    {OAI21_X0P5M_A9PP140ZTUL_C30}
    {OAI21B_X8M_A9PP140ZTUL_C30}
    {OAI21B_X6M_A9PP140ZTUL_C30}
    {OAI21B_X4M_A9PP140ZTUL_C30}
    {OAI21B_X3M_A9PP140ZTUL_C30}
    {OAI21B_X2M_A9PP140ZTUL_C30}
    {OAI21B_X1P4M_A9PP140ZTUL_C30}
    {OAI21B_X1M_A9PP140ZTUL_C30}
    {OAI21B_X0P7M_A9PP140ZTUL_C30}
    {OAI21B_X0P5M_A9PP140ZTUL_C30}
    {OAI211_X4M_A9PP140ZTUL_C30}
    {OAI211_X3M_A9PP140ZTUL_C30}
    {OAI211_X2M_A9PP140ZTUL_C30}
    {OAI211_X1P4M_A9PP140ZTUL_C30}
    {OAI211_X1M_A9PP140ZTUL_C30}
    {OAI211_X0P7M_A9PP140ZTUL_C30}
    {OAI211_X0P5M_A9PP140ZTUL_C30}
    {OA22_X8M_A9PP140ZTUL_C30}
    {OA22_X6M_A9PP140ZTUL_C30}
    {OA22_X4M_A9PP140ZTUL_C30}
    {OA22_X3M_A9PP140ZTUL_C30}
    {OA22_X2M_A9PP140ZTUL_C30}
    {OA22_X1P4M_A9PP140ZTUL_C30}
    {OA22_X1M_A9PP140ZTUL_C30}
    {OA22_X0P7M_A9PP140ZTUL_C30}
    {OA22_X0P5M_A9PP140ZTUL_C30}
    {OA21_X8M_A9PP140ZTUL_C30}
    {OA21_X6M_A9PP140ZTUL_C30}
    {OA21_X4M_A9PP140ZTUL_C30}
    {OA21_X3M_A9PP140ZTUL_C30}
    {OA21_X2M_A9PP140ZTUL_C30}
    {OA21_X1P4M_A9PP140ZTUL_C30}
    {OA21_X1M_A9PP140ZTUL_C30}
    {OA21_X0P7M_A9PP140ZTUL_C30}
    {OA21_X0P5M_A9PP140ZTUL_C30}
    {OA21B_X8M_A9PP140ZTUL_C30}
    {OA21B_X6M_A9PP140ZTUL_C30}
    {OA21B_X4M_A9PP140ZTUL_C30}
    {OA21B_X3M_A9PP140ZTUL_C30}
    {OA21B_X2M_A9PP140ZTUL_C30}
    {OA21B_X1P4M_A9PP140ZTUL_C30}
    {OA21B_X1M_A9PP140ZTUL_C30}
    {OA21B_X0P7M_A9PP140ZTUL_C30}
    {OA21B_X0P5M_A9PP140ZTUL_C30}
    {OA21A1OI2_X6M_A9PP140ZTUL_C30}
    {OA21A1OI2_X4M_A9PP140ZTUL_C30}
    {OA21A1OI2_X3M_A9PP140ZTUL_C30}
    {OA21A1OI2_X2M_A9PP140ZTUL_C30}
    {OA21A1OI2_X1P4M_A9PP140ZTUL_C30}
    {OA21A1OI2_X1M_A9PP140ZTUL_C30}
    {OA21A1OI2_X0P7M_A9PP140ZTUL_C30}
    {OA21A1OI2_X0P5M_A9PP140ZTUL_C30}
    {OA211_X6M_A9PP140ZTUL_C30}
    {OA211_X4M_A9PP140ZTUL_C30}
    {OA211_X3M_A9PP140ZTUL_C30}
    {OA211_X2M_A9PP140ZTUL_C30}
    {OA211_X1P4M_A9PP140ZTUL_C30}
    {OA211_X1M_A9PP140ZTUL_C30}
    {OA211_X0P7M_A9PP140ZTUL_C30}
    {OA211_X0P5M_A9PP140ZTUL_C30}
    {OA1B2_X8M_A9PP140ZTUL_C30}
    {OA1B2_X6M_A9PP140ZTUL_C30}
    {OA1B2_X4M_A9PP140ZTUL_C30}
    {OA1B2_X3M_A9PP140ZTUL_C30}
    {OA1B2_X2M_A9PP140ZTUL_C30}
    {OA1B2_X1P4M_A9PP140ZTUL_C30}
    {OA1B2_X1M_A9PP140ZTUL_C30}
    {OA1B2_X0P7M_A9PP140ZTUL_C30}
    {OA1B2_X0P5M_A9PP140ZTUL_C30}
    {NOR4BB_X4M_A9PP140ZTUL_C30}
    {NOR4BB_X3M_A9PP140ZTUL_C30}
    {NOR4BB_X2M_A9PP140ZTUL_C30}
    {NOR4BB_X1P4M_A9PP140ZTUL_C30}
    {NOR4BB_X1M_A9PP140ZTUL_C30}
    {NOR4BB_X0P7M_A9PP140ZTUL_C30}
    {NOR4BB_X0P5M_A9PP140ZTUL_C30}
    {NOR3_X4M_A9PP140ZTUL_C30}
    {NOR3_X4A_A9PP140ZTUL_C30}
    {NOR3_X3M_A9PP140ZTUL_C30}
    {NOR3_X3A_A9PP140ZTUL_C30}
    {NOR3_X2M_A9PP140ZTUL_C30}
    {NOR3_X2A_A9PP140ZTUL_C30}
    {NOR3_X1P4M_A9PP140ZTUL_C30}
    {NOR3_X1P4A_A9PP140ZTUL_C30}
    {NOR3_X1M_A9PP140ZTUL_C30}
    {NOR3_X1A_A9PP140ZTUL_C30}
    {NOR3_X0P7M_A9PP140ZTUL_C30}
    {NOR3_X0P7A_A9PP140ZTUL_C30}
    {NOR3_X0P5M_A9PP140ZTUL_C30}
    {NOR3_X0P5A_A9PP140ZTUL_C30}
    {NOR3BB_X8M_A9PP140ZTUL_C30}
    {NOR3BB_X6M_A9PP140ZTUL_C30}
    {NOR3BB_X4M_A9PP140ZTUL_C30}
    {NOR3BB_X3M_A9PP140ZTUL_C30}
    {NOR3BB_X2M_A9PP140ZTUL_C30}
    {NOR3BB_X1P4M_A9PP140ZTUL_C30}
    {NOR3BB_X1M_A9PP140ZTUL_C30}
    {NOR3BB_X0P7M_A9PP140ZTUL_C30}
    {NOR3BB_X0P5M_A9PP140ZTUL_C30}
    {NOR2_X8M_A9PP140ZTUL_C30}
    {NOR2_X8B_A9PP140ZTUL_C30}
    {NOR2_X8A_A9PP140ZTUL_C30}
    {NOR2_X6M_A9PP140ZTUL_C30}
    {NOR2_X6B_A9PP140ZTUL_C30}
    {NOR2_X6A_A9PP140ZTUL_C30}
    {NOR2_X4M_A9PP140ZTUL_C30}
    {NOR2_X4B_A9PP140ZTUL_C30}
    {NOR2_X4A_A9PP140ZTUL_C30}
    {NOR2_X3M_A9PP140ZTUL_C30}
    {NOR2_X3B_A9PP140ZTUL_C30}
    {NOR2_X3A_A9PP140ZTUL_C30}
    {NOR2_X2M_A9PP140ZTUL_C30}
    {NOR2_X2B_A9PP140ZTUL_C30}
    {NOR2_X2A_A9PP140ZTUL_C30}
    {NOR2_X1P4M_A9PP140ZTUL_C30}
    {NOR2_X1P4B_A9PP140ZTUL_C30}
    {NOR2_X1P4A_A9PP140ZTUL_C30}
    {NOR2_X1M_A9PP140ZTUL_C30}
    {NOR2_X1B_A9PP140ZTUL_C30}
    {NOR2_X1A_A9PP140ZTUL_C30}
    {NOR2_X0P7M_A9PP140ZTUL_C30}
    {NOR2_X0P7B_A9PP140ZTUL_C30}
    {NOR2_X0P7A_A9PP140ZTUL_C30}
    {NOR2_X0P5M_A9PP140ZTUL_C30}
    {NOR2_X0P5B_A9PP140ZTUL_C30}
    {NOR2_X0P5A_A9PP140ZTUL_C30}
    {NOR2XB_X8M_A9PP140ZTUL_C30}
    {NOR2XB_X6M_A9PP140ZTUL_C30}
    {NOR2XB_X4M_A9PP140ZTUL_C30}
    {NOR2XB_X3M_A9PP140ZTUL_C30}
    {NOR2XB_X2M_A9PP140ZTUL_C30}
    {NOR2XB_X1P4M_A9PP140ZTUL_C30}
    {NOR2XB_X1M_A9PP140ZTUL_C30}
    {NOR2XB_X0P7M_A9PP140ZTUL_C30}
    {NOR2XB_X0P5M_A9PP140ZTUL_C30}
    {NOR2B_X8M_A9PP140ZTUL_C30}
    {NOR2B_X6M_A9PP140ZTUL_C30}
    {NOR2B_X4M_A9PP140ZTUL_C30}
    {NOR2B_X3M_A9PP140ZTUL_C30}
    {NOR2B_X2M_A9PP140ZTUL_C30}
    {NOR2B_X1P4M_A9PP140ZTUL_C30}
    {NOR2B_X1M_A9PP140ZTUL_C30}
    {NOR2B_X0P7M_A9PP140ZTUL_C30}
    {NOR2B_X0P5M_A9PP140ZTUL_C30}
    {NAND4_X4M_A9PP140ZTUL_C30}
    {NAND4_X4A_A9PP140ZTUL_C30}
    {NAND4_X3M_A9PP140ZTUL_C30}
    {NAND4_X3A_A9PP140ZTUL_C30}
    {NAND4_X2M_A9PP140ZTUL_C30}
    {NAND4_X2A_A9PP140ZTUL_C30}
    {NAND4_X1P4M_A9PP140ZTUL_C30}
    {NAND4_X1P4A_A9PP140ZTUL_C30}
    {NAND4_X1M_A9PP140ZTUL_C30}
    {NAND4_X1A_A9PP140ZTUL_C30}
    {NAND4_X0P7M_A9PP140ZTUL_C30}
    {NAND4_X0P7A_A9PP140ZTUL_C30}
    {NAND4_X0P5M_A9PP140ZTUL_C30}
    {NAND4_X0P5A_A9PP140ZTUL_C30}
    {NAND4XXXB_X4M_A9PP140ZTUL_C30}
    {NAND4XXXB_X3M_A9PP140ZTUL_C30}
    {NAND4XXXB_X2M_A9PP140ZTUL_C30}
    {NAND4XXXB_X1P4M_A9PP140ZTUL_C30}
    {NAND4XXXB_X1M_A9PP140ZTUL_C30}
    {NAND4XXXB_X0P7M_A9PP140ZTUL_C30}
    {NAND4XXXB_X0P5M_A9PP140ZTUL_C30}
    {NAND4B_X4M_A9PP140ZTUL_C30}
    {NAND4B_X3M_A9PP140ZTUL_C30}
    {NAND4B_X2M_A9PP140ZTUL_C30}
    {NAND4B_X1P4M_A9PP140ZTUL_C30}
    {NAND4B_X1M_A9PP140ZTUL_C30}
    {NAND4B_X0P7M_A9PP140ZTUL_C30}
    {NAND4B_X0P5M_A9PP140ZTUL_C30}
    {NAND4BB_X6M_A9PP140ZTUL_C30}
    {NAND4BB_X4M_A9PP140ZTUL_C30}
    {NAND4BB_X3M_A9PP140ZTUL_C30}
    {NAND4BB_X2M_A9PP140ZTUL_C30}
    {NAND4BB_X1P4M_A9PP140ZTUL_C30}
    {NAND4BB_X1M_A9PP140ZTUL_C30}
    {NAND4BB_X0P7M_A9PP140ZTUL_C30}
    {NAND4BB_X0P5M_A9PP140ZTUL_C30}
    {NAND3_X6M_A9PP140ZTUL_C30}
    {NAND3_X6A_A9PP140ZTUL_C30}
    {NAND3_X4M_A9PP140ZTUL_C30}
    {NAND3_X4A_A9PP140ZTUL_C30}
    {NAND3_X3M_A9PP140ZTUL_C30}
    {NAND3_X3A_A9PP140ZTUL_C30}
    {NAND3_X2M_A9PP140ZTUL_C30}
    {NAND3_X2A_A9PP140ZTUL_C30}
    {NAND3_X1P4M_A9PP140ZTUL_C30}
    {NAND3_X1P4A_A9PP140ZTUL_C30}
    {NAND3_X1M_A9PP140ZTUL_C30}
    {NAND3_X1A_A9PP140ZTUL_C30}
    {NAND3_X0P7M_A9PP140ZTUL_C30}
    {NAND3_X0P7A_A9PP140ZTUL_C30}
    {NAND3_X0P5M_A9PP140ZTUL_C30}
    {NAND3_X0P5A_A9PP140ZTUL_C30}
    {NAND3XXB_X6M_A9PP140ZTUL_C30}
    {NAND3XXB_X4M_A9PP140ZTUL_C30}
    {NAND3XXB_X3M_A9PP140ZTUL_C30}
    {NAND3XXB_X2M_A9PP140ZTUL_C30}
    {NAND3XXB_X1P4M_A9PP140ZTUL_C30}
    {NAND3XXB_X1M_A9PP140ZTUL_C30}
    {NAND3XXB_X0P7M_A9PP140ZTUL_C30}
    {NAND3XXB_X0P5M_A9PP140ZTUL_C30}
    {NAND3B_X6M_A9PP140ZTUL_C30}
    {NAND3B_X4M_A9PP140ZTUL_C30}
    {NAND3B_X3M_A9PP140ZTUL_C30}
    {NAND3B_X2M_A9PP140ZTUL_C30}
    {NAND3B_X1P4M_A9PP140ZTUL_C30}
    {NAND3B_X1M_A9PP140ZTUL_C30}
    {NAND3B_X0P7M_A9PP140ZTUL_C30}
    {NAND3B_X0P5M_A9PP140ZTUL_C30}
    {NAND3BB_X8M_A9PP140ZTUL_C30}
    {NAND3BB_X6M_A9PP140ZTUL_C30}
    {NAND3BB_X4M_A9PP140ZTUL_C30}
    {NAND3BB_X3M_A9PP140ZTUL_C30}
    {NAND3BB_X2M_A9PP140ZTUL_C30}
    {NAND3BB_X1P4M_A9PP140ZTUL_C30}
    {NAND3BB_X1M_A9PP140ZTUL_C30}
    {NAND3BB_X0P7M_A9PP140ZTUL_C30}
    {NAND3BB_X0P5M_A9PP140ZTUL_C30}
    {NAND2_X8M_A9PP140ZTUL_C30}
    {NAND2_X8B_A9PP140ZTUL_C30}
    {NAND2_X8A_A9PP140ZTUL_C30}
    {NAND2_X6M_A9PP140ZTUL_C30}
    {NAND2_X6B_A9PP140ZTUL_C30}
    {NAND2_X6A_A9PP140ZTUL_C30}
    {NAND2_X4M_A9PP140ZTUL_C30}
    {NAND2_X4B_A9PP140ZTUL_C30}
    {NAND2_X4A_A9PP140ZTUL_C30}
    {NAND2_X3M_A9PP140ZTUL_C30}
    {NAND2_X3B_A9PP140ZTUL_C30}
    {NAND2_X3A_A9PP140ZTUL_C30}
    {NAND2_X2M_A9PP140ZTUL_C30}
    {NAND2_X2B_A9PP140ZTUL_C30}
    {NAND2_X2A_A9PP140ZTUL_C30}
    {NAND2_X1P4M_A9PP140ZTUL_C30}
    {NAND2_X1P4B_A9PP140ZTUL_C30}
    {NAND2_X1P4A_A9PP140ZTUL_C30}
    {NAND2_X1M_A9PP140ZTUL_C30}
    {NAND2_X1B_A9PP140ZTUL_C30}
    {NAND2_X1A_A9PP140ZTUL_C30}
    {NAND2_X0P7M_A9PP140ZTUL_C30}
    {NAND2_X0P7B_A9PP140ZTUL_C30}
    {NAND2_X0P7A_A9PP140ZTUL_C30}
    {NAND2_X0P5M_A9PP140ZTUL_C30}
    {NAND2_X0P5B_A9PP140ZTUL_C30}
    {NAND2_X0P5A_A9PP140ZTUL_C30}
    {NAND2XB_X8M_A9PP140ZTUL_C30}
    {NAND2XB_X6M_A9PP140ZTUL_C30}
    {NAND2XB_X4M_A9PP140ZTUL_C30}
    {NAND2XB_X3M_A9PP140ZTUL_C30}
    {NAND2XB_X2M_A9PP140ZTUL_C30}
    {NAND2XB_X1P4M_A9PP140ZTUL_C30}
    {NAND2XB_X1M_A9PP140ZTUL_C30}
    {NAND2XB_X0P7M_A9PP140ZTUL_C30}
    {NAND2XB_X0P5M_A9PP140ZTUL_C30}
    {NAND2B_X8M_A9PP140ZTUL_C30}
    {NAND2B_X6M_A9PP140ZTUL_C30}
    {NAND2B_X4M_A9PP140ZTUL_C30}
    {NAND2B_X3M_A9PP140ZTUL_C30}
    {NAND2B_X2M_A9PP140ZTUL_C30}
    {NAND2B_X1P4M_A9PP140ZTUL_C30}
    {NAND2B_X1M_A9PP140ZTUL_C30}
    {NAND2B_X0P7M_A9PP140ZTUL_C30}
    {NAND2B_X0P5M_A9PP140ZTUL_C30}
    {MXT2_X6M_A9PP140ZTUL_C30}
    {MXT2_X6B_A9PP140ZTUL_C30}
    {MXT2_X4M_A9PP140ZTUL_C30}
    {MXT2_X4B_A9PP140ZTUL_C30}
    {MXT2_X3M_A9PP140ZTUL_C30}
    {MXT2_X3B_A9PP140ZTUL_C30}
    {MXT2_X2M_A9PP140ZTUL_C30}
    {MXT2_X2B_A9PP140ZTUL_C30}
    {MXT2_X1P4M_A9PP140ZTUL_C30}
    {MXT2_X1P4B_A9PP140ZTUL_C30}
    {MXT2_X1M_A9PP140ZTUL_C30}
    {MXT2_X1B_A9PP140ZTUL_C30}
    {MXT2_X0P7M_A9PP140ZTUL_C30}
    {MXT2_X0P7B_A9PP140ZTUL_C30}
    {MXT2_X0P5M_A9PP140ZTUL_C30}
    {MXT2_X0P5B_A9PP140ZTUL_C30}
    {MXIT2_X4M_A9PP140ZTUL_C30}
    {MXIT2_X3M_A9PP140ZTUL_C30}
    {MXIT2_X2M_A9PP140ZTUL_C30}
    {MXIT2_X1P4M_A9PP140ZTUL_C30}
    {MXIT2_X1M_A9PP140ZTUL_C30}
    {MXIT2_X0P7M_A9PP140ZTUL_C30}
    {MXIT2_X0P5M_A9PP140ZTUL_C30}
    {MXGL2_X6B_A9PP140ZTUL_C30}
    {MXGL2_X4B_A9PP140ZTUL_C30}
    {MXGL2_X3B_A9PP140ZTUL_C30}
    {MXGL2_X2B_A9PP140ZTUL_C30}
    {MXGL2_X1P4B_A9PP140ZTUL_C30}
    {MXGL2_X1B_A9PP140ZTUL_C30}
    {MXGL2_X0P7B_A9PP140ZTUL_C30}
    {MXGL2_X0P5B_A9PP140ZTUL_C30}
    {MX2_X8B_A9PP140ZTUL_C30}
    {MX2_X6B_A9PP140ZTUL_C30}
    {MX2_X4B_A9PP140ZTUL_C30}
    {MX2_X3B_A9PP140ZTUL_C30}
    {MX2_X2B_A9PP140ZTUL_C30}
    {MX2_X1P4B_A9PP140ZTUL_C30}
    {MX2_X1B_A9PP140ZTUL_C30}
    {MX2_X0P7B_A9PP140ZTUL_C30}
    {MX2_X0P5B_A9PP140ZTUL_C30}
    {LATSQN_X4M_A9PP140ZTUL_C30}
    {LATSQN_X3M_A9PP140ZTUL_C30}
    {LATSQN_X2M_A9PP140ZTUL_C30}
    {LATSQN_X1M_A9PP140ZTUL_C30}
    {LATSPRQ_X3M_A9PP140ZTUL_C30}
    {LATSPRQ_X2M_A9PP140ZTUL_C30}
    {LATSPRQ_X1M_A9PP140ZTUL_C30}
    {LATSPQ_X3M_A9PP140ZTUL_C30}
    {LATSPQ_X2M_A9PP140ZTUL_C30}
    {LATSPQ_X1M_A9PP140ZTUL_C30}
    {LATRQ_X3M_A9PP140ZTUL_C30}
    {LATRQ_X2M_A9PP140ZTUL_C30}
    {LATRQ_X1M_A9PP140ZTUL_C30}
    {LATRPQN_X4M_A9PP140ZTUL_C30}
    {LATRPQN_X3M_A9PP140ZTUL_C30}
    {LATRPQN_X2M_A9PP140ZTUL_C30}
    {LATRPQN_X1M_A9PP140ZTUL_C30}
    {LATQ_X3M_A9PP140ZTUL_C30}
    {LATQ_X2M_A9PP140ZTUL_C30}
    {LATQ_X1M_A9PP140ZTUL_C30}
    {LATQN_X4M_A9PP140ZTUL_C30}
    {LATQN_X3M_A9PP140ZTUL_C30}
    {LATQN_X2M_A9PP140ZTUL_C30}
    {LATQN_X1M_A9PP140ZTUL_C30}
    {LATNSQN_X4M_A9PP140ZTUL_C30}
    {LATNSQN_X3M_A9PP140ZTUL_C30}
    {LATNSQN_X2M_A9PP140ZTUL_C30}
    {LATNSQN_X1M_A9PP140ZTUL_C30}
    {LATNSPRQ_X3M_A9PP140ZTUL_C30}
    {LATNSPRQ_X2M_A9PP140ZTUL_C30}
    {LATNSPRQ_X1M_A9PP140ZTUL_C30}
    {LATNSPQ_X3M_A9PP140ZTUL_C30}
    {LATNSPQ_X2M_A9PP140ZTUL_C30}
    {LATNSPQ_X1M_A9PP140ZTUL_C30}
    {LATNRQ_X3M_A9PP140ZTUL_C30}
    {LATNRQ_X2M_A9PP140ZTUL_C30}
    {LATNRQ_X1M_A9PP140ZTUL_C30}
    {LATNRPQN_X4M_A9PP140ZTUL_C30}
    {LATNRPQN_X3M_A9PP140ZTUL_C30}
    {LATNRPQN_X2M_A9PP140ZTUL_C30}
    {LATNRPQN_X1M_A9PP140ZTUL_C30}
    {LATNQ_X3M_A9PP140ZTUL_C30}
    {LATNQ_X2M_A9PP140ZTUL_C30}
    {LATNQ_X1M_A9PP140ZTUL_C30}
    {LATNQN_X4M_A9PP140ZTUL_C30}
    {LATNQN_X3M_A9PP140ZTUL_C30}
    {LATNQN_X2M_A9PP140ZTUL_C30}
    {LATNQN_X1M_A9PP140ZTUL_C30}
    {INV_X9M_A9PP140ZTUL_C30_XGCAP9}
    {INV_X9M_A9PP140ZTUL_C30}
    {INV_X9B_A9PP140ZTUL_C30_XGCAP9}
    {INV_X9B_A9PP140ZTUL_C30}
    {INV_X7P5M_A9PP140ZTUL_C30_XGCAP8}
    {INV_X7P5M_A9PP140ZTUL_C30}
    {INV_X7P5B_A9PP140ZTUL_C30_XGCAP8}
    {INV_X7P5B_A9PP140ZTUL_C30}
    {INV_X6M_A9PP140ZTUL_C30_XGCAP6}
    {INV_X6M_A9PP140ZTUL_C30}
    {INV_X6B_A9PP140ZTUL_C30_XGCAP6}
    {INV_X6B_A9PP140ZTUL_C30}
    {INV_X5M_A9PP140ZTUL_C30_XGCAP5}
    {INV_X5M_A9PP140ZTUL_C30}
    {INV_X5B_A9PP140ZTUL_C30_XGCAP5}
    {INV_X5B_A9PP140ZTUL_C30}
    {INV_X4M_A9PP140ZTUL_C30_XGCAP4}
    {INV_X4M_A9PP140ZTUL_C30}
    {INV_X4B_A9PP140ZTUL_C30_XGCAP4}
    {INV_X4B_A9PP140ZTUL_C30}
    {INV_X3P5M_A9PP140ZTUL_C30}
    {INV_X3P5B_A9PP140ZTUL_C30}
    {INV_X3M_A9PP140ZTUL_C30}
    {INV_X3B_A9PP140ZTUL_C30}
    {INV_X2P5M_A9PP140ZTUL_C30}
    {INV_X2P5B_A9PP140ZTUL_C30}
    {INV_X2M_A9PP140ZTUL_C30}
    {INV_X2B_A9PP140ZTUL_C30}
    {INV_X1P7M_A9PP140ZTUL_C30}
    {INV_X1P7B_A9PP140ZTUL_C30}
    {INV_X1P4M_A9PP140ZTUL_C30}
    {INV_X1P4B_A9PP140ZTUL_C30}
    {INV_X1P2M_A9PP140ZTUL_C30}
    {INV_X1P2B_A9PP140ZTUL_C30}
    {INV_X1M_A9PP140ZTUL_C30}
    {INV_X1B_A9PP140ZTUL_C30}
    {INV_X16M_A9PP140ZTUL_C30_XGCAP16}
    {INV_X16M_A9PP140ZTUL_C30}
    {INV_X16B_A9PP140ZTUL_C30_XGCAP16}
    {INV_X16B_A9PP140ZTUL_C30}
    {INV_X13M_A9PP140ZTUL_C30_XGCAP13}
    {INV_X13M_A9PP140ZTUL_C30}
    {INV_X13B_A9PP140ZTUL_C30_XGCAP13}
    {INV_X13B_A9PP140ZTUL_C30}
    {INV_X11M_A9PP140ZTUL_C30_XGCAP11}
    {INV_X11M_A9PP140ZTUL_C30}
    {INV_X11B_A9PP140ZTUL_C30_XGCAP11}
    {INV_X11B_A9PP140ZTUL_C30}
    {INV_X0P8M_A9PP140ZTUL_C30}
    {INV_X0P8B_A9PP140ZTUL_C30}
    {INV_X0P7M_A9PP140ZTUL_C30}
    {INV_X0P7B_A9PP140ZTUL_C30}
    {INV_X0P6M_A9PP140ZTUL_C30}
    {INV_X0P6B_A9PP140ZTUL_C30}
    {INV_X0P5M_A9PP140ZTUL_C30}
    {INV_X0P5B_A9PP140ZTUL_C30}
    {FRICG_X9B_A9PP140ZTUL_C30}
    {FRICG_X7P5B_A9PP140ZTUL_C30}
    {FRICG_X6B_A9PP140ZTUL_C30}
    {FRICG_X5B_A9PP140ZTUL_C30}
    {FRICG_X4B_A9PP140ZTUL_C30}
    {FRICG_X3P5B_A9PP140ZTUL_C30}
    {FRICG_X3B_A9PP140ZTUL_C30}
    {FRICG_X2P5B_A9PP140ZTUL_C30}
    {FRICG_X2B_A9PP140ZTUL_C30}
    {FRICG_X1P7B_A9PP140ZTUL_C30}
    {FRICG_X1P4B_A9PP140ZTUL_C30}
    {FRICG_X1P2B_A9PP140ZTUL_C30}
    {FRICG_X1B_A9PP140ZTUL_C30}
    {FRICG_X16B_A9PP140ZTUL_C30}
    {FRICG_X13B_A9PP140ZTUL_C30}
    {FRICG_X11B_A9PP140ZTUL_C30}
    {FRICG_X0P8B_A9PP140ZTUL_C30}
    {FRICG_X0P7B_A9PP140ZTUL_C30}
    {FRICG_X0P6B_A9PP140ZTUL_C30}
    {FRICG_X0P5B_A9PP140ZTUL_C30}
    {DLYCLK8S8_X2B_A9PP140ZTUL_C30}
    {DLYCLK8S8_X1B_A9PP140ZTUL_C30}
    {DLYCLK8S6_X2B_A9PP140ZTUL_C30}
    {DLYCLK8S6_X1B_A9PP140ZTUL_C30}
    {DLYCLK8S4_X2B_A9PP140ZTUL_C30}
    {DLYCLK8S4_X1B_A9PP140ZTUL_C30}
    {DLYCLK8S2_X2B_A9PP140ZTUL_C30}
    {DLYCLK8S2_X1B_A9PP140ZTUL_C30}
    {DLY8_X4M_A9PP140ZTUL_C30}
    {DLY8_X2M_A9PP140ZTUL_C30}
    {DLY8_X1M_A9PP140ZTUL_C30}
    {DLY8_X0P5M_A9PP140ZTUL_C30}
    {DLY6_X4M_A9PP140ZTUL_C30}
    {DLY6_X2M_A9PP140ZTUL_C30}
    {DLY6_X1M_A9PP140ZTUL_C30}
    {DLY6_X0P5M_A9PP140ZTUL_C30}
    {DLY4_X4M_A9PP140ZTUL_C30}
    {DLY4_X2M_A9PP140ZTUL_C30}
    {DLY4_X1M_A9PP140ZTUL_C30}
    {DLY4_X0P5M_A9PP140ZTUL_C30}
    {DLY2_X4M_A9PP140ZTUL_C30}
    {DLY2_X2M_A9PP140ZTUL_C30}
    {DLY2_X1M_A9PP140ZTUL_C30}
    {DLY2_X0P5M_A9PP140ZTUL_C30}
    {DLY10_X4M_A9PP140ZTUL_C30}
    {DLY10_X2M_A9PP140ZTUL_C30}
    {DLY10_X1M_A9PP140ZTUL_C30}
    {DLY10_X0P5M_A9PP140ZTUL_C30}
    {DFFSRPQ_X4M_A9PP140ZTUL_C30}
    {DFFSRPQ_X3M_A9PP140ZTUL_C30}
    {DFFSRPQ_X2M_A9PP140ZTUL_C30}
    {DFFSRPQ_X1M_A9PP140ZTUL_C30}
    {DFFSQ_X4M_A9PP140ZTUL_C30}
    {DFFSQ_X3M_A9PP140ZTUL_C30}
    {DFFSQ_X2M_A9PP140ZTUL_C30}
    {DFFSQ_X1M_A9PP140ZTUL_C30}
    {DFFSQN_X3M_A9PP140ZTUL_C30}
    {DFFSQN_X2M_A9PP140ZTUL_C30}
    {DFFSQN_X1M_A9PP140ZTUL_C30}
    {DFFSQNL_X1M_A9PP140ZTUL_C30}
    {DFFSQNA_X1M_A9PP140ZTUL_C30}
    {DFFSQL_X1M_A9PP140ZTUL_C30}
    {DFFSQA_X1M_A9PP140ZTUL_C30}
    {DFFRPQ_X4M_A9PP140ZTUL_C30}
    {DFFRPQ_X3M_A9PP140ZTUL_C30}
    {DFFRPQ_X2M_A9PP140ZTUL_C30}
    {DFFRPQ_X1M_A9PP140ZTUL_C30}
    {DFFRPQN_X3M_A9PP140ZTUL_C30}
    {DFFRPQN_X2M_A9PP140ZTUL_C30}
    {DFFRPQN_X1M_A9PP140ZTUL_C30}
    {DFFRPQNL_X1M_A9PP140ZTUL_C30}
    {DFFRPQNA_X1M_A9PP140ZTUL_C30}
    {DFFRPQL_X1M_A9PP140ZTUL_C30}
    {DFFRPQA_X1M_A9PP140ZTUL_C30}
    {DFFQ_X4M_A9PP140ZTUL_C30}
    {DFFQ_X3M_A9PP140ZTUL_C30}
    {DFFQ_X2M_A9PP140ZTUL_C30}
    {DFFQ_X1M_A9PP140ZTUL_C30}
    {DFFQN_X3M_A9PP140ZTUL_C30}
    {DFFQN_X2M_A9PP140ZTUL_C30}
    {DFFQN_X1M_A9PP140ZTUL_C30}
    {DFFQNL_X1M_A9PP140ZTUL_C30}
    {DFFQNA_X1M_A9PP140ZTUL_C30}
    {DFFQL_X1M_A9PP140ZTUL_C30}
    {DFFQA_X1M_A9PP140ZTUL_C30}
    {DFFNSRPQ_X3M_A9PP140ZTUL_C30}
    {DFFNSRPQ_X2M_A9PP140ZTUL_C30}
    {DFFNSRPQ_X1M_A9PP140ZTUL_C30}
    {DFFNQ_X3M_A9PP140ZTUL_C30}
    {DFFNQ_X2M_A9PP140ZTUL_C30}
    {DFFNQ_X1M_A9PP140ZTUL_C30}
    {CGEN_X2M_A9PP140ZTUL_C30}
    {CGEN_X1P4M_A9PP140ZTUL_C30}
    {CGEN_X1M_A9PP140ZTUL_C30}
    {CGENI_X2M_A9PP140ZTUL_C30}
    {CGENI_X1P4M_A9PP140ZTUL_C30}
    {CGENI_X1M_A9PP140ZTUL_C30}
    {CGENCON_X2M_A9PP140ZTUL_C30}
    {CGENCON_X1P4M_A9PP140ZTUL_C30}
    {CGENCON_X1M_A9PP140ZTUL_C30}
    {CGENCIN_X2M_A9PP140ZTUL_C30}
    {CGENCIN_X1P4M_A9PP140ZTUL_C30}
    {CGENCIN_X1M_A9PP140ZTUL_C30}
    {BUF_X9M_A9PP140ZTUL_C30_XGCAP9}
    {BUF_X9M_A9PP140ZTUL_C30}
    {BUF_X9B_A9PP140ZTUL_C30_XGCAP9}
    {BUF_X9B_A9PP140ZTUL_C30}
    {BUF_X7P5M_A9PP140ZTUL_C30_XGCAP8}
    {BUF_X7P5M_A9PP140ZTUL_C30}
    {BUF_X7P5B_A9PP140ZTUL_C30_XGCAP8}
    {BUF_X7P5B_A9PP140ZTUL_C30}
    {BUF_X6M_A9PP140ZTUL_C30_XGCAP6}
    {BUF_X6M_A9PP140ZTUL_C30}
    {BUF_X6B_A9PP140ZTUL_C30_XGCAP6}
    {BUF_X6B_A9PP140ZTUL_C30}
    {BUF_X5M_A9PP140ZTUL_C30_XGCAP5}
    {BUF_X5M_A9PP140ZTUL_C30}
    {BUF_X5B_A9PP140ZTUL_C30_XGCAP5}
    {BUF_X5B_A9PP140ZTUL_C30}
    {BUF_X4M_A9PP140ZTUL_C30_XGCAP4}
    {BUF_X4M_A9PP140ZTUL_C30}
    {BUF_X4B_A9PP140ZTUL_C30_XGCAP4}
    {BUF_X4B_A9PP140ZTUL_C30}
    {BUF_X3P5M_A9PP140ZTUL_C30}
    {BUF_X3P5B_A9PP140ZTUL_C30}
    {BUF_X3M_A9PP140ZTUL_C30}
    {BUF_X3B_A9PP140ZTUL_C30}
    {BUF_X2P5M_A9PP140ZTUL_C30}
    {BUF_X2P5B_A9PP140ZTUL_C30}
    {BUF_X2M_A9PP140ZTUL_C30}
    {BUF_X2B_A9PP140ZTUL_C30}
    {BUF_X1P7M_A9PP140ZTUL_C30}
    {BUF_X1P7B_A9PP140ZTUL_C30}
    {BUF_X1P4M_A9PP140ZTUL_C30}
    {BUF_X1P4B_A9PP140ZTUL_C30}
    {BUF_X1P2M_A9PP140ZTUL_C30}
    {BUF_X1P2B_A9PP140ZTUL_C30}
    {BUF_X1M_A9PP140ZTUL_C30}
    {BUF_X1B_A9PP140ZTUL_C30}
    {BUF_X16M_A9PP140ZTUL_C30_XGCAP16}
    {BUF_X16M_A9PP140ZTUL_C30}
    {BUF_X16B_A9PP140ZTUL_C30_XGCAP16}
    {BUF_X16B_A9PP140ZTUL_C30}
    {BUF_X13M_A9PP140ZTUL_C30_XGCAP13}
    {BUF_X13M_A9PP140ZTUL_C30}
    {BUF_X13B_A9PP140ZTUL_C30_XGCAP13}
    {BUF_X13B_A9PP140ZTUL_C30}
    {BUF_X11M_A9PP140ZTUL_C30_XGCAP11}
    {BUF_X11M_A9PP140ZTUL_C30}
    {BUF_X11B_A9PP140ZTUL_C30_XGCAP11}
    {BUF_X11B_A9PP140ZTUL_C30}
    {BUF_X0P8M_A9PP140ZTUL_C30}
    {BUF_X0P8B_A9PP140ZTUL_C30}
    {BUF_X0P7M_A9PP140ZTUL_C30}
    {BUF_X0P7B_A9PP140ZTUL_C30}
    {BUF_X0P5M_A9PP140ZTUL_C30}
    {BUF_X0P5B_A9PP140ZTUL_C30}
    {BUFH_X9M_A9PP140ZTUL_C30}
    {BUFH_X7P5M_A9PP140ZTUL_C30}
    {BUFH_X6M_A9PP140ZTUL_C30}
    {BUFH_X5M_A9PP140ZTUL_C30}
    {BUFH_X4M_A9PP140ZTUL_C30}
    {BUFH_X3P5M_A9PP140ZTUL_C30}
    {BUFH_X3M_A9PP140ZTUL_C30}
    {BUFH_X2P5M_A9PP140ZTUL_C30}
    {BUFH_X2M_A9PP140ZTUL_C30}
    {BUFH_X1P7M_A9PP140ZTUL_C30}
    {BUFH_X1P4M_A9PP140ZTUL_C30}
    {BUFH_X1P2M_A9PP140ZTUL_C30}
    {BUFH_X1M_A9PP140ZTUL_C30}
    {BUFH_X16M_A9PP140ZTUL_C30}
    {BUFH_X13M_A9PP140ZTUL_C30}
    {BUFH_X11M_A9PP140ZTUL_C30}
    {AOI31_X6M_A9PP140ZTUL_C30}
    {AOI31_X4M_A9PP140ZTUL_C30}
    {AOI31_X3M_A9PP140ZTUL_C30}
    {AOI31_X2M_A9PP140ZTUL_C30}
    {AOI31_X1P4M_A9PP140ZTUL_C30}
    {AOI31_X1M_A9PP140ZTUL_C30}
    {AOI31_X0P7M_A9PP140ZTUL_C30}
    {AOI31_X0P5M_A9PP140ZTUL_C30}
    {AOI2XB1_X8M_A9PP140ZTUL_C30}
    {AOI2XB1_X6M_A9PP140ZTUL_C30}
    {AOI2XB1_X4M_A9PP140ZTUL_C30}
    {AOI2XB1_X3M_A9PP140ZTUL_C30}
    {AOI2XB1_X2M_A9PP140ZTUL_C30}
    {AOI2XB1_X1P4M_A9PP140ZTUL_C30}
    {AOI2XB1_X1M_A9PP140ZTUL_C30}
    {AOI2XB1_X0P7M_A9PP140ZTUL_C30}
    {AOI2XB1_X0P5M_A9PP140ZTUL_C30}
    {AOI22_X8M_A9PP140ZTUL_C30}
    {AOI22_X6M_A9PP140ZTUL_C30}
    {AOI22_X4M_A9PP140ZTUL_C30}
    {AOI22_X3M_A9PP140ZTUL_C30}
    {AOI22_X2M_A9PP140ZTUL_C30}
    {AOI22_X1P4M_A9PP140ZTUL_C30}
    {AOI22_X1M_A9PP140ZTUL_C30}
    {AOI22_X0P7M_A9PP140ZTUL_C30}
    {AOI22_X0P5M_A9PP140ZTUL_C30}
    {AOI22BB_X8M_A9PP140ZTUL_C30}
    {AOI22BB_X6M_A9PP140ZTUL_C30}
    {AOI22BB_X4M_A9PP140ZTUL_C30}
    {AOI22BB_X3M_A9PP140ZTUL_C30}
    {AOI22BB_X2M_A9PP140ZTUL_C30}
    {AOI22BB_X1P4M_A9PP140ZTUL_C30}
    {AOI22BB_X1M_A9PP140ZTUL_C30}
    {AOI22BB_X0P7M_A9PP140ZTUL_C30}
    {AOI22BB_X0P5M_A9PP140ZTUL_C30}
    {AOI21_X8M_A9PP140ZTUL_C30}
    {AOI21_X6M_A9PP140ZTUL_C30}
    {AOI21_X4M_A9PP140ZTUL_C30}
    {AOI21_X3M_A9PP140ZTUL_C30}
    {AOI21_X2M_A9PP140ZTUL_C30}
    {AOI21_X1P4M_A9PP140ZTUL_C30}
    {AOI21_X1M_A9PP140ZTUL_C30}
    {AOI21_X0P7M_A9PP140ZTUL_C30}
    {AOI21_X0P5M_A9PP140ZTUL_C30}
    {AOI21B_X8M_A9PP140ZTUL_C30}
    {AOI21B_X6M_A9PP140ZTUL_C30}
    {AOI21B_X4M_A9PP140ZTUL_C30}
    {AOI21B_X3M_A9PP140ZTUL_C30}
    {AOI21B_X2M_A9PP140ZTUL_C30}
    {AOI21B_X1P4M_A9PP140ZTUL_C30}
    {AOI21B_X1M_A9PP140ZTUL_C30}
    {AOI21B_X0P7M_A9PP140ZTUL_C30}
    {AOI21B_X0P5M_A9PP140ZTUL_C30}
    {AOI211_X4M_A9PP140ZTUL_C30}
    {AOI211_X3M_A9PP140ZTUL_C30}
    {AOI211_X2M_A9PP140ZTUL_C30}
    {AOI211_X1P4M_A9PP140ZTUL_C30}
    {AOI211_X1M_A9PP140ZTUL_C30}
    {AOI211_X0P7M_A9PP140ZTUL_C30}
    {AOI211_X0P5M_A9PP140ZTUL_C30}
    {AO22_X6M_A9PP140ZTUL_C30}
    {AO22_X4M_A9PP140ZTUL_C30}
    {AO22_X3M_A9PP140ZTUL_C30}
    {AO22_X2M_A9PP140ZTUL_C30}
    {AO22_X1P4M_A9PP140ZTUL_C30}
    {AO22_X1M_A9PP140ZTUL_C30}
    {AO22_X0P7M_A9PP140ZTUL_C30}
    {AO22_X0P5M_A9PP140ZTUL_C30}
    {AO21_X6M_A9PP140ZTUL_C30}
    {AO21_X4M_A9PP140ZTUL_C30}
    {AO21_X3M_A9PP140ZTUL_C30}
    {AO21_X2M_A9PP140ZTUL_C30}
    {AO21_X1P4M_A9PP140ZTUL_C30}
    {AO21_X1M_A9PP140ZTUL_C30}
    {AO21_X0P7M_A9PP140ZTUL_C30}
    {AO21_X0P5M_A9PP140ZTUL_C30}
    {AO21B_X6M_A9PP140ZTUL_C30}
    {AO21B_X4M_A9PP140ZTUL_C30}
    {AO21B_X3M_A9PP140ZTUL_C30}
    {AO21B_X2M_A9PP140ZTUL_C30}
    {AO21B_X1P4M_A9PP140ZTUL_C30}
    {AO21B_X1M_A9PP140ZTUL_C30}
    {AO21B_X0P7M_A9PP140ZTUL_C30}
    {AO21B_X0P5M_A9PP140ZTUL_C30}
    {AO21A1AI2_X6M_A9PP140ZTUL_C30}
    {AO21A1AI2_X4M_A9PP140ZTUL_C30}
    {AO21A1AI2_X3M_A9PP140ZTUL_C30}
    {AO21A1AI2_X2M_A9PP140ZTUL_C30}
    {AO21A1AI2_X1P4M_A9PP140ZTUL_C30}
    {AO21A1AI2_X1M_A9PP140ZTUL_C30}
    {AO21A1AI2_X0P7M_A9PP140ZTUL_C30}
    {AO21A1AI2_X0P5M_A9PP140ZTUL_C30}
    {AO1B2_X6M_A9PP140ZTUL_C30}
    {AO1B2_X4M_A9PP140ZTUL_C30}
    {AO1B2_X3M_A9PP140ZTUL_C30}
    {AO1B2_X2M_A9PP140ZTUL_C30}
    {AO1B2_X1P4M_A9PP140ZTUL_C30}
    {AO1B2_X1M_A9PP140ZTUL_C30}
    {AO1B2_X0P7M_A9PP140ZTUL_C30}
    {AO1B2_X0P5M_A9PP140ZTUL_C30}
    {AND4_X8M_A9PP140ZTUL_C30}
    {AND4_X6M_A9PP140ZTUL_C30}
    {AND4_X4M_A9PP140ZTUL_C30}
    {AND4_X3M_A9PP140ZTUL_C30}
    {AND4_X2M_A9PP140ZTUL_C30}
    {AND4_X1P4M_A9PP140ZTUL_C30}
    {AND4_X1M_A9PP140ZTUL_C30}
    {AND4_X0P7M_A9PP140ZTUL_C30}
    {AND4_X0P5M_A9PP140ZTUL_C30}
    {AND3_X8M_A9PP140ZTUL_C30}
    {AND3_X6M_A9PP140ZTUL_C30}
    {AND3_X4M_A9PP140ZTUL_C30}
    {AND3_X3M_A9PP140ZTUL_C30}
    {AND3_X2M_A9PP140ZTUL_C30}
    {AND3_X1P4M_A9PP140ZTUL_C30}
    {AND3_X1M_A9PP140ZTUL_C30}
    {AND3_X11M_A9PP140ZTUL_C30}
    {AND3_X0P7M_A9PP140ZTUL_C30}
    {AND3_X0P5M_A9PP140ZTUL_C30}
    {AND2_X8M_A9PP140ZTUL_C30}
    {AND2_X8B_A9PP140ZTUL_C30}
    {AND2_X6M_A9PP140ZTUL_C30}
    {AND2_X6B_A9PP140ZTUL_C30}
    {AND2_X4M_A9PP140ZTUL_C30}
    {AND2_X4B_A9PP140ZTUL_C30}
    {AND2_X3M_A9PP140ZTUL_C30}
    {AND2_X3B_A9PP140ZTUL_C30}
    {AND2_X2M_A9PP140ZTUL_C30}
    {AND2_X2B_A9PP140ZTUL_C30}
    {AND2_X1P4M_A9PP140ZTUL_C30}
    {AND2_X1P4B_A9PP140ZTUL_C30}
    {AND2_X1M_A9PP140ZTUL_C30}
    {AND2_X1B_A9PP140ZTUL_C30}
    {AND2_X11M_A9PP140ZTUL_C30}
    {AND2_X11B_A9PP140ZTUL_C30}
    {AND2_X0P7M_A9PP140ZTUL_C30}
    {AND2_X0P7B_A9PP140ZTUL_C30}
    {AND2_X0P5M_A9PP140ZTUL_C30}
    {AND2_X0P5B_A9PP140ZTUL_C30}
    {ADDH_X2M_A9PP140ZTUL_C30}
    {ADDH_X1P4M_A9PP140ZTUL_C30}
    {ADDH_X1M_A9PP140ZTUL_C30}
    {ADDF_X2M_A9PP140ZTUL_C30}
    {ADDF_X1P4M_A9PP140ZTUL_C30}
    {ADDF_X1M_A9PP140ZTUL_C30}
    {SDFFXSRPQ_X4M_A9PP140ZTS_C30}
    {SDFFXSRPQ_X3M_A9PP140ZTS_C30}
    {SDFFXSRPQ_X2M_A9PP140ZTS_C30}
    {SDFFXSRPQ_X1M_A9PP140ZTS_C30}
    {SDFFXSQ_X4M_A9PP140ZTS_C30}
    {SDFFXSQ_X3M_A9PP140ZTS_C30}
    {SDFFXSQ_X2M_A9PP140ZTS_C30}
    {SDFFXSQ_X1M_A9PP140ZTS_C30}
    {SDFFXSQN_X3M_A9PP140ZTS_C30}
    {SDFFXSQN_X2M_A9PP140ZTS_C30}
    {SDFFXSQN_X1M_A9PP140ZTS_C30}
    {SDFFXRPQ_X4M_A9PP140ZTS_C30}
    {SDFFXRPQ_X3M_A9PP140ZTS_C30}
    {SDFFXRPQ_X2M_A9PP140ZTS_C30}
    {SDFFXRPQ_X1M_A9PP140ZTS_C30}
    {SDFFXRPQN_X3M_A9PP140ZTS_C30}
    {SDFFXRPQN_X2M_A9PP140ZTS_C30}
    {SDFFXRPQN_X1M_A9PP140ZTS_C30}
    {SDFFXQ_X4M_A9PP140ZTS_C30}
    {SDFFXQ_X3M_A9PP140ZTS_C30}
    {SDFFXQ_X2M_A9PP140ZTS_C30}
    {SDFFXQ_X1M_A9PP140ZTS_C30}
    {SDFFXQN_X3M_A9PP140ZTS_C30}
    {SDFFXQN_X2M_A9PP140ZTS_C30}
    {SDFFXQN_X1M_A9PP140ZTS_C30}
    {SDFFSRPQH_X4M_A9PP140ZTS_C30}
    {SDFFSRPQH_X3M_A9PP140ZTS_C30}
    {SDFFSRPQH_X2M_A9PP140ZTS_C30}
    {SDFFSRPQH_X1M_A9PP140ZTS_C30}
    {SDFFSQNL2W_X1M_A9PP140ZTS_C30}
    {SDFFSQNH_X3M_A9PP140ZTS_C30}
    {SDFFSQNH_X2M_A9PP140ZTS_C30}
    {SDFFSQNH_X1M_A9PP140ZTS_C30}
    {SDFFSQL4W_X2M_A9PP140ZTS_C30}
    {SDFFSQL4W_X1M_A9PP140ZTS_C30}
    {SDFFSQL2W_X2M_A9PP140ZTS_C30}
    {SDFFSQL2W_X1M_A9PP140ZTS_C30}
    {SDFFSQH_X4M_A9PP140ZTS_C30}
    {SDFFSQH_X3M_A9PP140ZTS_C30}
    {SDFFSQH_X2M_A9PP140ZTS_C30}
    {SDFFSQH_X1M_A9PP140ZTS_C30}
    {SDFFRPQNL2W_X1M_A9PP140ZTS_C30}
    {SDFFRPQNH_X3M_A9PP140ZTS_C30}
    {SDFFRPQNH_X2M_A9PP140ZTS_C30}
    {SDFFRPQNH_X1M_A9PP140ZTS_C30}
    {SDFFRPQL4W_X2M_A9PP140ZTS_C30}
    {SDFFRPQL4W_X1M_A9PP140ZTS_C30}
    {SDFFRPQL2W_X2M_A9PP140ZTS_C30}
    {SDFFRPQL2W_X1M_A9PP140ZTS_C30}
    {SDFFRPQH_X4M_A9PP140ZTS_C30}
    {SDFFRPQH_X3M_A9PP140ZTS_C30}
    {SDFFRPQH_X2M_A9PP140ZTS_C30}
    {SDFFRPQH_X1M_A9PP140ZTS_C30}
    {SDFFQNL2W_X1M_A9PP140ZTS_C30}
    {SDFFQNH_X3M_A9PP140ZTS_C30}
    {SDFFQNH_X2M_A9PP140ZTS_C30}
    {SDFFQNH_X1M_A9PP140ZTS_C30}
    {SDFFQL4W_X2M_A9PP140ZTS_C30}
    {SDFFQL4W_X1M_A9PP140ZTS_C30}
    {SDFFQL2W_X2M_A9PP140ZTS_C30}
    {SDFFQL2W_X1M_A9PP140ZTS_C30}
    {SDFFQH_X4M_A9PP140ZTS_C30}
    {SDFFQH_X3M_A9PP140ZTS_C30}
    {SDFFQH_X2M_A9PP140ZTS_C30}
    {SDFFQH_X1M_A9PP140ZTS_C30}
    {OR2_X8TM_A9PP140ZTS_C30}
    {OR2_X6TM_A9PP140ZTS_C30}
    {OR2_X4TM_A9PP140ZTS_C30}
    {OR2_X3TM_A9PP140ZTS_C30}
    {OR2_X2TM_A9PP140ZTS_C30}
    {OR2_X1TM_A9PP140ZTS_C30}
    {OR2_X1P4TM_A9PP140ZTS_C30}
    {OR2_X11TM_A9PP140ZTS_C30}
    {OAI31_X8M_A9PP140ZTS_C30}
    {OAI22_X8A_A9PP140ZTS_C30}
    {OAI22_X6A_A9PP140ZTS_C30}
    {OAI22_X4A_A9PP140ZTS_C30}
    {OAI22_X3A_A9PP140ZTS_C30}
    {OAI22_X2A_A9PP140ZTS_C30}
    {OAI22_X1P4A_A9PP140ZTS_C30}
    {OAI22_X1A_A9PP140ZTS_C30}
    {OAI22_X11M_A9PP140ZTS_C30}
    {OAI22_X11A_A9PP140ZTS_C30}
    {OAI22_X0P7A_A9PP140ZTS_C30}
    {OAI22_X0P5A_A9PP140ZTS_C30}
    {OAI21_X8A_A9PP140ZTS_C30}
    {OAI21_X6A_A9PP140ZTS_C30}
    {OAI21_X4A_A9PP140ZTS_C30}
    {OAI21_X3A_A9PP140ZTS_C30}
    {OAI21_X2A_A9PP140ZTS_C30}
    {OAI21_X1P4A_A9PP140ZTS_C30}
    {OAI21_X1A_A9PP140ZTS_C30}
    {OAI21_X11M_A9PP140ZTS_C30}
    {OAI21_X11A_A9PP140ZTS_C30}
    {OAI21_X0P7A_A9PP140ZTS_C30}
    {OAI21_X0P5A_A9PP140ZTS_C30}
    {OAI211_X6M_A9PP140ZTS_C30}
    {OA21A1OI2_X8M_A9PP140ZTS_C30}
    {NOR3_X6M_A9PP140ZTS_C30}
    {NOR3_X6A_A9PP140ZTS_C30}
    {NOR2_X8TA_A9PP140ZTS_C30}
    {NOR2_X6TA_A9PP140ZTS_C30}
    {NOR2_X4TA_A9PP140ZTS_C30}
    {NOR2_X3TA_A9PP140ZTS_C30}
    {NOR2_X2TA_A9PP140ZTS_C30}
    {NOR2_X1TA_A9PP140ZTS_C30}
    {NOR2_X1P4TA_A9PP140ZTS_C30}
    {NOR2_X11TA_A9PP140ZTS_C30}
    {NOR2_X11M_A9PP140ZTS_C30}
    {NOR2_X11B_A9PP140ZTS_C30}
    {NOR2_X11A_A9PP140ZTS_C30}
    {NAND4_X6M_A9PP140ZTS_C30}
    {NAND4_X6A_A9PP140ZTS_C30}
    {NAND3_X8M_A9PP140ZTS_C30}
    {NAND3_X8A_A9PP140ZTS_C30}
    {NAND2_X8TA_A9PP140ZTS_C30}
    {NAND2_X6TA_A9PP140ZTS_C30}
    {NAND2_X4TA_A9PP140ZTS_C30}
    {NAND2_X3TA_A9PP140ZTS_C30}
    {NAND2_X2TA_A9PP140ZTS_C30}
    {NAND2_X1TA_A9PP140ZTS_C30}
    {NAND2_X1P4TA_A9PP140ZTS_C30}
    {NAND2_X11TA_A9PP140ZTS_C30}
    {NAND2_X11M_A9PP140ZTS_C30}
    {NAND2_X11B_A9PP140ZTS_C30}
    {NAND2_X11A_A9PP140ZTS_C30}
    {INV_X20M_A9PP140ZTS_C30}
    {INV_X20B_A9PP140ZTS_C30}
    {DFFSQNL2W_X1M_A9PP140ZTS_C30}
    {DFFSQL2W_X1M_A9PP140ZTS_C30}
    {DFFRPQNL2W_X1M_A9PP140ZTS_C30}
    {DFFRPQL2W_X1M_A9PP140ZTS_C30}
    {DFFQNL2W_X1M_A9PP140ZTS_C30}
    {DFFQL2W_X1M_A9PP140ZTS_C30}
    {AOI31_X8M_A9PP140ZTS_C30}
    {AOI22_X8A_A9PP140ZTS_C30}
    {AOI22_X6A_A9PP140ZTS_C30}
    {AOI22_X4A_A9PP140ZTS_C30}
    {AOI22_X3A_A9PP140ZTS_C30}
    {AOI22_X2A_A9PP140ZTS_C30}
    {AOI22_X1P4A_A9PP140ZTS_C30}
    {AOI22_X1A_A9PP140ZTS_C30}
    {AOI22_X11M_A9PP140ZTS_C30}
    {AOI22_X11A_A9PP140ZTS_C30}
    {AOI22_X0P7A_A9PP140ZTS_C30}
    {AOI22_X0P5A_A9PP140ZTS_C30}
    {AOI21_X8A_A9PP140ZTS_C30}
    {AOI21_X6A_A9PP140ZTS_C30}
    {AOI21_X4A_A9PP140ZTS_C30}
    {AOI21_X3A_A9PP140ZTS_C30}
    {AOI21_X2A_A9PP140ZTS_C30}
    {AOI21_X1P4A_A9PP140ZTS_C30}
    {AOI21_X1A_A9PP140ZTS_C30}
    {AOI21_X11M_A9PP140ZTS_C30}
    {AOI21_X11A_A9PP140ZTS_C30}
    {AOI21_X0P7A_A9PP140ZTS_C30}
    {AOI21_X0P5A_A9PP140ZTS_C30}
    {AOI211_X6M_A9PP140ZTS_C30}
    {AO21A1AI2_X8M_A9PP140ZTS_C30}
    {AND2_X8TM_A9PP140ZTS_C30}
    {AND2_X6TM_A9PP140ZTS_C30}
    {AND2_X4TM_A9PP140ZTS_C30}
    {AND2_X3TM_A9PP140ZTS_C30}
    {AND2_X2TM_A9PP140ZTS_C30}
    {AND2_X1TM_A9PP140ZTS_C30}
    {AND2_X1P4TM_A9PP140ZTS_C30}
    {AND2_X11TM_A9PP140ZTS_C30}
    {XOR3_X4M_A9PP140ZTS_C30}
    {XOR3_X3M_A9PP140ZTS_C30}
    {XOR3_X2M_A9PP140ZTS_C30}
    {XOR3_X1P4M_A9PP140ZTS_C30}
    {XOR3_X1M_A9PP140ZTS_C30}
    {XOR3_X0P7M_A9PP140ZTS_C30}
    {XOR3_X0P5M_A9PP140ZTS_C30}
    {XOR2_X4M_A9PP140ZTS_C30}
    {XOR2_X3M_A9PP140ZTS_C30}
    {XOR2_X2M_A9PP140ZTS_C30}
    {XOR2_X1P4M_A9PP140ZTS_C30}
    {XOR2_X1M_A9PP140ZTS_C30}
    {XOR2_X0P7M_A9PP140ZTS_C30}
    {XOR2_X0P5M_A9PP140ZTS_C30}
    {XNOR3_X4M_A9PP140ZTS_C30}
    {XNOR3_X3M_A9PP140ZTS_C30}
    {XNOR3_X2M_A9PP140ZTS_C30}
    {XNOR3_X1P4M_A9PP140ZTS_C30}
    {XNOR3_X1M_A9PP140ZTS_C30}
    {XNOR3_X0P7M_A9PP140ZTS_C30}
    {XNOR3_X0P5M_A9PP140ZTS_C30}
    {XNOR2_X4M_A9PP140ZTS_C30}
    {XNOR2_X3M_A9PP140ZTS_C30}
    {XNOR2_X2M_A9PP140ZTS_C30}
    {XNOR2_X1P4M_A9PP140ZTS_C30}
    {XNOR2_X1M_A9PP140ZTS_C30}
    {XNOR2_X0P7M_A9PP140ZTS_C30}
    {XNOR2_X0P5M_A9PP140ZTS_C30}
    {SDFFYSQ4D_X4M_A9PP140ZTS_C30}
    {SDFFYSQ4D_X3M_A9PP140ZTS_C30}
    {SDFFYSQ4D_X2M_A9PP140ZTS_C30}
    {SDFFYSQ4D_X1M_A9PP140ZTS_C30}
    {SDFFYSQ3D_X4M_A9PP140ZTS_C30}
    {SDFFYSQ3D_X3M_A9PP140ZTS_C30}
    {SDFFYSQ3D_X2M_A9PP140ZTS_C30}
    {SDFFYSQ3D_X1M_A9PP140ZTS_C30}
    {SDFFYSQ2D_X4M_A9PP140ZTS_C30}
    {SDFFYSQ2D_X3M_A9PP140ZTS_C30}
    {SDFFYSQ2D_X2M_A9PP140ZTS_C30}
    {SDFFYSQ2D_X1M_A9PP140ZTS_C30}
    {SDFFYRPQ4D_X4M_A9PP140ZTS_C30}
    {SDFFYRPQ4D_X3M_A9PP140ZTS_C30}
    {SDFFYRPQ4D_X2M_A9PP140ZTS_C30}
    {SDFFYRPQ4D_X1M_A9PP140ZTS_C30}
    {SDFFYRPQ3D_X4M_A9PP140ZTS_C30}
    {SDFFYRPQ3D_X3M_A9PP140ZTS_C30}
    {SDFFYRPQ3D_X2M_A9PP140ZTS_C30}
    {SDFFYRPQ3D_X1M_A9PP140ZTS_C30}
    {SDFFYRPQ2D_X4M_A9PP140ZTS_C30}
    {SDFFYRPQ2D_X3M_A9PP140ZTS_C30}
    {SDFFYRPQ2D_X2M_A9PP140ZTS_C30}
    {SDFFYRPQ2D_X1M_A9PP140ZTS_C30}
    {SDFFYQ4D_X4M_A9PP140ZTS_C30}
    {SDFFYQ4D_X3M_A9PP140ZTS_C30}
    {SDFFYQ4D_X2M_A9PP140ZTS_C30}
    {SDFFYQ4D_X1M_A9PP140ZTS_C30}
    {SDFFYQ3D_X4M_A9PP140ZTS_C30}
    {SDFFYQ3D_X3M_A9PP140ZTS_C30}
    {SDFFYQ3D_X2M_A9PP140ZTS_C30}
    {SDFFYQ3D_X1M_A9PP140ZTS_C30}
    {SDFFYQ2D_X4M_A9PP140ZTS_C30}
    {SDFFYQ2D_X3M_A9PP140ZTS_C30}
    {SDFFYQ2D_X2M_A9PP140ZTS_C30}
    {SDFFYQ2D_X1M_A9PP140ZTS_C30}
    {SDFFSRPQ_X4M_A9PP140ZTS_C30}
    {SDFFSRPQ_X3M_A9PP140ZTS_C30}
    {SDFFSRPQ_X2M_A9PP140ZTS_C30}
    {SDFFSRPQ_X1M_A9PP140ZTS_C30}
    {SDFFSQ_X4M_A9PP140ZTS_C30}
    {SDFFSQ_X3M_A9PP140ZTS_C30}
    {SDFFSQ_X2M_A9PP140ZTS_C30}
    {SDFFSQ_X1M_A9PP140ZTS_C30}
    {SDFFSQN_X3M_A9PP140ZTS_C30}
    {SDFFSQN_X2M_A9PP140ZTS_C30}
    {SDFFSQN_X1M_A9PP140ZTS_C30}
    {SDFFSQNL_X1M_A9PP140ZTS_C30}
    {SDFFSQNA_X1M_A9PP140ZTS_C30}
    {SDFFSQL_X1M_A9PP140ZTS_C30}
    {SDFFSQA_X1M_A9PP140ZTS_C30}
    {SDFFRPQ_X4M_A9PP140ZTS_C30}
    {SDFFRPQ_X3M_A9PP140ZTS_C30}
    {SDFFRPQ_X2M_A9PP140ZTS_C30}
    {SDFFRPQ_X1M_A9PP140ZTS_C30}
    {SDFFRPQN_X3M_A9PP140ZTS_C30}
    {SDFFRPQN_X2M_A9PP140ZTS_C30}
    {SDFFRPQN_X1M_A9PP140ZTS_C30}
    {SDFFRPQNL_X1M_A9PP140ZTS_C30}
    {SDFFRPQNA_X1M_A9PP140ZTS_C30}
    {SDFFRPQL_X1M_A9PP140ZTS_C30}
    {SDFFRPQA_X1M_A9PP140ZTS_C30}
    {SDFFQ_X4M_A9PP140ZTS_C30}
    {SDFFQ_X3M_A9PP140ZTS_C30}
    {SDFFQ_X2M_A9PP140ZTS_C30}
    {SDFFQ_X1M_A9PP140ZTS_C30}
    {SDFFQN_X3M_A9PP140ZTS_C30}
    {SDFFQN_X2M_A9PP140ZTS_C30}
    {SDFFQN_X1M_A9PP140ZTS_C30}
    {SDFFQNL_X1M_A9PP140ZTS_C30}
    {SDFFQNA_X1M_A9PP140ZTS_C30}
    {SDFFQL_X1M_A9PP140ZTS_C30}
    {SDFFQA_X1M_A9PP140ZTS_C30}
    {SDFFNSRPQ_X3M_A9PP140ZTS_C30}
    {SDFFNSRPQ_X2M_A9PP140ZTS_C30}
    {SDFFNSRPQ_X1M_A9PP140ZTS_C30}
    {SDFFNSQ_X3M_A9PP140ZTS_C30}
    {SDFFNSQ_X2M_A9PP140ZTS_C30}
    {SDFFNSQ_X1M_A9PP140ZTS_C30}
    {SDFFNRPQ_X3M_A9PP140ZTS_C30}
    {SDFFNRPQ_X2M_A9PP140ZTS_C30}
    {SDFFNRPQ_X1M_A9PP140ZTS_C30}
    {SDFFNQ_X3M_A9PP140ZTS_C30}
    {SDFFNQ_X2M_A9PP140ZTS_C30}
    {SDFFNQ_X1M_A9PP140ZTS_C30}
    {PREICG_X9B_A9PP140ZTS_C30}
    {PREICG_X7P5B_A9PP140ZTS_C30}
    {PREICG_X6B_A9PP140ZTS_C30}
    {PREICG_X5B_A9PP140ZTS_C30}
    {PREICG_X4B_A9PP140ZTS_C30}
    {PREICG_X3P5B_A9PP140ZTS_C30}
    {PREICG_X3B_A9PP140ZTS_C30}
    {PREICG_X2P5B_A9PP140ZTS_C30}
    {PREICG_X2B_A9PP140ZTS_C30}
    {PREICG_X1P7B_A9PP140ZTS_C30}
    {PREICG_X1P4B_A9PP140ZTS_C30}
    {PREICG_X1P2B_A9PP140ZTS_C30}
    {PREICG_X1B_A9PP140ZTS_C30}
    {PREICG_X16B_A9PP140ZTS_C30}
    {PREICG_X13B_A9PP140ZTS_C30}
    {PREICG_X11B_A9PP140ZTS_C30}
    {PREICG_X0P8B_A9PP140ZTS_C30}
    {PREICG_X0P7B_A9PP140ZTS_C30}
    {PREICG_X0P6B_A9PP140ZTS_C30}
    {PREICG_X0P5B_A9PP140ZTS_C30}
    {PREICGN_X9B_A9PP140ZTS_C30}
    {PREICGN_X7P5B_A9PP140ZTS_C30}
    {PREICGN_X6B_A9PP140ZTS_C30}
    {PREICGN_X5B_A9PP140ZTS_C30}
    {PREICGN_X4B_A9PP140ZTS_C30}
    {PREICGN_X3P5B_A9PP140ZTS_C30}
    {PREICGN_X3B_A9PP140ZTS_C30}
    {PREICGN_X2P5B_A9PP140ZTS_C30}
    {PREICGN_X2B_A9PP140ZTS_C30}
    {PREICGN_X1P7B_A9PP140ZTS_C30}
    {PREICGN_X1P4B_A9PP140ZTS_C30}
    {PREICGN_X1P2B_A9PP140ZTS_C30}
    {PREICGN_X1B_A9PP140ZTS_C30}
    {PREICGN_X16B_A9PP140ZTS_C30}
    {PREICGN_X13B_A9PP140ZTS_C30}
    {PREICGN_X11B_A9PP140ZTS_C30}
    {PREICGN_X0P8B_A9PP140ZTS_C30}
    {PREICGN_X0P7B_A9PP140ZTS_C30}
    {PREICGN_X0P6B_A9PP140ZTS_C30}
    {PREICGN_X0P5B_A9PP140ZTS_C30}
    {POSTICG_X9B_A9PP140ZTS_C30}
    {POSTICG_X7P5B_A9PP140ZTS_C30}
    {POSTICG_X6B_A9PP140ZTS_C30}
    {POSTICG_X5B_A9PP140ZTS_C30}
    {POSTICG_X4B_A9PP140ZTS_C30}
    {POSTICG_X3P5B_A9PP140ZTS_C30}
    {POSTICG_X3B_A9PP140ZTS_C30}
    {POSTICG_X2P5B_A9PP140ZTS_C30}
    {POSTICG_X2B_A9PP140ZTS_C30}
    {POSTICG_X1P7B_A9PP140ZTS_C30}
    {POSTICG_X1P4B_A9PP140ZTS_C30}
    {POSTICG_X1P2B_A9PP140ZTS_C30}
    {POSTICG_X1B_A9PP140ZTS_C30}
    {POSTICG_X16B_A9PP140ZTS_C30}
    {POSTICG_X13B_A9PP140ZTS_C30}
    {POSTICG_X11B_A9PP140ZTS_C30}
    {POSTICG_X0P8B_A9PP140ZTS_C30}
    {POSTICG_X0P7B_A9PP140ZTS_C30}
    {POSTICG_X0P6B_A9PP140ZTS_C30}
    {POSTICG_X0P5B_A9PP140ZTS_C30}
    {OR4_X8M_A9PP140ZTS_C30}
    {OR4_X6M_A9PP140ZTS_C30}
    {OR4_X4M_A9PP140ZTS_C30}
    {OR4_X3M_A9PP140ZTS_C30}
    {OR4_X2M_A9PP140ZTS_C30}
    {OR4_X1P4M_A9PP140ZTS_C30}
    {OR4_X1M_A9PP140ZTS_C30}
    {OR4_X0P7M_A9PP140ZTS_C30}
    {OR4_X0P5M_A9PP140ZTS_C30}
    {OR3_X8M_A9PP140ZTS_C30}
    {OR3_X6M_A9PP140ZTS_C30}
    {OR3_X4M_A9PP140ZTS_C30}
    {OR3_X3M_A9PP140ZTS_C30}
    {OR3_X2M_A9PP140ZTS_C30}
    {OR3_X1P4M_A9PP140ZTS_C30}
    {OR3_X1M_A9PP140ZTS_C30}
    {OR3_X0P7M_A9PP140ZTS_C30}
    {OR3_X0P5M_A9PP140ZTS_C30}
    {OR2_X8M_A9PP140ZTS_C30}
    {OR2_X8B_A9PP140ZTS_C30}
    {OR2_X6M_A9PP140ZTS_C30}
    {OR2_X6B_A9PP140ZTS_C30}
    {OR2_X4M_A9PP140ZTS_C30}
    {OR2_X4B_A9PP140ZTS_C30}
    {OR2_X3M_A9PP140ZTS_C30}
    {OR2_X3B_A9PP140ZTS_C30}
    {OR2_X2M_A9PP140ZTS_C30}
    {OR2_X2B_A9PP140ZTS_C30}
    {OR2_X1P4M_A9PP140ZTS_C30}
    {OR2_X1P4B_A9PP140ZTS_C30}
    {OR2_X1M_A9PP140ZTS_C30}
    {OR2_X1B_A9PP140ZTS_C30}
    {OR2_X11M_A9PP140ZTS_C30}
    {OR2_X11B_A9PP140ZTS_C30}
    {OR2_X0P7M_A9PP140ZTS_C30}
    {OR2_X0P7B_A9PP140ZTS_C30}
    {OR2_X0P5M_A9PP140ZTS_C30}
    {OR2_X0P5B_A9PP140ZTS_C30}
    {OAI31_X6M_A9PP140ZTS_C30}
    {OAI31_X4M_A9PP140ZTS_C30}
    {OAI31_X3M_A9PP140ZTS_C30}
    {OAI31_X2M_A9PP140ZTS_C30}
    {OAI31_X1P4M_A9PP140ZTS_C30}
    {OAI31_X1M_A9PP140ZTS_C30}
    {OAI31_X0P7M_A9PP140ZTS_C30}
    {OAI31_X0P5M_A9PP140ZTS_C30}
    {OAI2XB1_X8M_A9PP140ZTS_C30}
    {OAI2XB1_X6M_A9PP140ZTS_C30}
    {OAI2XB1_X4M_A9PP140ZTS_C30}
    {OAI2XB1_X3M_A9PP140ZTS_C30}
    {OAI2XB1_X2M_A9PP140ZTS_C30}
    {OAI2XB1_X1P4M_A9PP140ZTS_C30}
    {OAI2XB1_X1M_A9PP140ZTS_C30}
    {OAI2XB1_X0P7M_A9PP140ZTS_C30}
    {OAI2XB1_X0P5M_A9PP140ZTS_C30}
    {OAI22_X8M_A9PP140ZTS_C30}
    {OAI22_X6M_A9PP140ZTS_C30}
    {OAI22_X4M_A9PP140ZTS_C30}
    {OAI22_X3M_A9PP140ZTS_C30}
    {OAI22_X2M_A9PP140ZTS_C30}
    {OAI22_X1P4M_A9PP140ZTS_C30}
    {OAI22_X1M_A9PP140ZTS_C30}
    {OAI22_X0P7M_A9PP140ZTS_C30}
    {OAI22_X0P5M_A9PP140ZTS_C30}
    {OAI22BB_X8M_A9PP140ZTS_C30}
    {OAI22BB_X6M_A9PP140ZTS_C30}
    {OAI22BB_X4M_A9PP140ZTS_C30}
    {OAI22BB_X3M_A9PP140ZTS_C30}
    {OAI22BB_X2M_A9PP140ZTS_C30}
    {OAI22BB_X1P4M_A9PP140ZTS_C30}
    {OAI22BB_X1M_A9PP140ZTS_C30}
    {OAI22BB_X0P7M_A9PP140ZTS_C30}
    {OAI22BB_X0P5M_A9PP140ZTS_C30}
    {OAI21_X8M_A9PP140ZTS_C30}
    {OAI21_X6M_A9PP140ZTS_C30}
    {OAI21_X4M_A9PP140ZTS_C30}
    {OAI21_X3M_A9PP140ZTS_C30}
    {OAI21_X2M_A9PP140ZTS_C30}
    {OAI21_X1P4M_A9PP140ZTS_C30}
    {OAI21_X1M_A9PP140ZTS_C30}
    {OAI21_X0P7M_A9PP140ZTS_C30}
    {OAI21_X0P5M_A9PP140ZTS_C30}
    {OAI21B_X8M_A9PP140ZTS_C30}
    {OAI21B_X6M_A9PP140ZTS_C30}
    {OAI21B_X4M_A9PP140ZTS_C30}
    {OAI21B_X3M_A9PP140ZTS_C30}
    {OAI21B_X2M_A9PP140ZTS_C30}
    {OAI21B_X1P4M_A9PP140ZTS_C30}
    {OAI21B_X1M_A9PP140ZTS_C30}
    {OAI21B_X0P7M_A9PP140ZTS_C30}
    {OAI21B_X0P5M_A9PP140ZTS_C30}
    {OAI211_X4M_A9PP140ZTS_C30}
    {OAI211_X3M_A9PP140ZTS_C30}
    {OAI211_X2M_A9PP140ZTS_C30}
    {OAI211_X1P4M_A9PP140ZTS_C30}
    {OAI211_X1M_A9PP140ZTS_C30}
    {OAI211_X0P7M_A9PP140ZTS_C30}
    {OAI211_X0P5M_A9PP140ZTS_C30}
    {OA22_X8M_A9PP140ZTS_C30}
    {OA22_X6M_A9PP140ZTS_C30}
    {OA22_X4M_A9PP140ZTS_C30}
    {OA22_X3M_A9PP140ZTS_C30}
    {OA22_X2M_A9PP140ZTS_C30}
    {OA22_X1P4M_A9PP140ZTS_C30}
    {OA22_X1M_A9PP140ZTS_C30}
    {OA22_X0P7M_A9PP140ZTS_C30}
    {OA22_X0P5M_A9PP140ZTS_C30}
    {OA21_X8M_A9PP140ZTS_C30}
    {OA21_X6M_A9PP140ZTS_C30}
    {OA21_X4M_A9PP140ZTS_C30}
    {OA21_X3M_A9PP140ZTS_C30}
    {OA21_X2M_A9PP140ZTS_C30}
    {OA21_X1P4M_A9PP140ZTS_C30}
    {OA21_X1M_A9PP140ZTS_C30}
    {OA21_X0P7M_A9PP140ZTS_C30}
    {OA21_X0P5M_A9PP140ZTS_C30}
    {OA21B_X8M_A9PP140ZTS_C30}
    {OA21B_X6M_A9PP140ZTS_C30}
    {OA21B_X4M_A9PP140ZTS_C30}
    {OA21B_X3M_A9PP140ZTS_C30}
    {OA21B_X2M_A9PP140ZTS_C30}
    {OA21B_X1P4M_A9PP140ZTS_C30}
    {OA21B_X1M_A9PP140ZTS_C30}
    {OA21B_X0P7M_A9PP140ZTS_C30}
    {OA21B_X0P5M_A9PP140ZTS_C30}
    {OA21A1OI2_X6M_A9PP140ZTS_C30}
    {OA21A1OI2_X4M_A9PP140ZTS_C30}
    {OA21A1OI2_X3M_A9PP140ZTS_C30}
    {OA21A1OI2_X2M_A9PP140ZTS_C30}
    {OA21A1OI2_X1P4M_A9PP140ZTS_C30}
    {OA21A1OI2_X1M_A9PP140ZTS_C30}
    {OA21A1OI2_X0P7M_A9PP140ZTS_C30}
    {OA21A1OI2_X0P5M_A9PP140ZTS_C30}
    {OA211_X6M_A9PP140ZTS_C30}
    {OA211_X4M_A9PP140ZTS_C30}
    {OA211_X3M_A9PP140ZTS_C30}
    {OA211_X2M_A9PP140ZTS_C30}
    {OA211_X1P4M_A9PP140ZTS_C30}
    {OA211_X1M_A9PP140ZTS_C30}
    {OA211_X0P7M_A9PP140ZTS_C30}
    {OA211_X0P5M_A9PP140ZTS_C30}
    {OA1B2_X8M_A9PP140ZTS_C30}
    {OA1B2_X6M_A9PP140ZTS_C30}
    {OA1B2_X4M_A9PP140ZTS_C30}
    {OA1B2_X3M_A9PP140ZTS_C30}
    {OA1B2_X2M_A9PP140ZTS_C30}
    {OA1B2_X1P4M_A9PP140ZTS_C30}
    {OA1B2_X1M_A9PP140ZTS_C30}
    {OA1B2_X0P7M_A9PP140ZTS_C30}
    {OA1B2_X0P5M_A9PP140ZTS_C30}
    {NOR4BB_X4M_A9PP140ZTS_C30}
    {NOR4BB_X3M_A9PP140ZTS_C30}
    {NOR4BB_X2M_A9PP140ZTS_C30}
    {NOR4BB_X1P4M_A9PP140ZTS_C30}
    {NOR4BB_X1M_A9PP140ZTS_C30}
    {NOR4BB_X0P7M_A9PP140ZTS_C30}
    {NOR4BB_X0P5M_A9PP140ZTS_C30}
    {NOR3_X4M_A9PP140ZTS_C30}
    {NOR3_X4A_A9PP140ZTS_C30}
    {NOR3_X3M_A9PP140ZTS_C30}
    {NOR3_X3A_A9PP140ZTS_C30}
    {NOR3_X2M_A9PP140ZTS_C30}
    {NOR3_X2A_A9PP140ZTS_C30}
    {NOR3_X1P4M_A9PP140ZTS_C30}
    {NOR3_X1P4A_A9PP140ZTS_C30}
    {NOR3_X1M_A9PP140ZTS_C30}
    {NOR3_X1A_A9PP140ZTS_C30}
    {NOR3_X0P7M_A9PP140ZTS_C30}
    {NOR3_X0P7A_A9PP140ZTS_C30}
    {NOR3_X0P5M_A9PP140ZTS_C30}
    {NOR3_X0P5A_A9PP140ZTS_C30}
    {NOR3BB_X8M_A9PP140ZTS_C30}
    {NOR3BB_X6M_A9PP140ZTS_C30}
    {NOR3BB_X4M_A9PP140ZTS_C30}
    {NOR3BB_X3M_A9PP140ZTS_C30}
    {NOR3BB_X2M_A9PP140ZTS_C30}
    {NOR3BB_X1P4M_A9PP140ZTS_C30}
    {NOR3BB_X1M_A9PP140ZTS_C30}
    {NOR3BB_X0P7M_A9PP140ZTS_C30}
    {NOR3BB_X0P5M_A9PP140ZTS_C30}
    {NOR2_X8M_A9PP140ZTS_C30}
    {NOR2_X8B_A9PP140ZTS_C30}
    {NOR2_X8A_A9PP140ZTS_C30}
    {NOR2_X6M_A9PP140ZTS_C30}
    {NOR2_X6B_A9PP140ZTS_C30}
    {NOR2_X6A_A9PP140ZTS_C30}
    {NOR2_X4M_A9PP140ZTS_C30}
    {NOR2_X4B_A9PP140ZTS_C30}
    {NOR2_X4A_A9PP140ZTS_C30}
    {NOR2_X3M_A9PP140ZTS_C30}
    {NOR2_X3B_A9PP140ZTS_C30}
    {NOR2_X3A_A9PP140ZTS_C30}
    {NOR2_X2M_A9PP140ZTS_C30}
    {NOR2_X2B_A9PP140ZTS_C30}
    {NOR2_X2A_A9PP140ZTS_C30}
    {NOR2_X1P4M_A9PP140ZTS_C30}
    {NOR2_X1P4B_A9PP140ZTS_C30}
    {NOR2_X1P4A_A9PP140ZTS_C30}
    {NOR2_X1M_A9PP140ZTS_C30}
    {NOR2_X1B_A9PP140ZTS_C30}
    {NOR2_X1A_A9PP140ZTS_C30}
    {NOR2_X0P7M_A9PP140ZTS_C30}
    {NOR2_X0P7B_A9PP140ZTS_C30}
    {NOR2_X0P7A_A9PP140ZTS_C30}
    {NOR2_X0P5M_A9PP140ZTS_C30}
    {NOR2_X0P5B_A9PP140ZTS_C30}
    {NOR2_X0P5A_A9PP140ZTS_C30}
    {NOR2XB_X8M_A9PP140ZTS_C30}
    {NOR2XB_X6M_A9PP140ZTS_C30}
    {NOR2XB_X4M_A9PP140ZTS_C30}
    {NOR2XB_X3M_A9PP140ZTS_C30}
    {NOR2XB_X2M_A9PP140ZTS_C30}
    {NOR2XB_X1P4M_A9PP140ZTS_C30}
    {NOR2XB_X1M_A9PP140ZTS_C30}
    {NOR2XB_X0P7M_A9PP140ZTS_C30}
    {NOR2XB_X0P5M_A9PP140ZTS_C30}
    {NOR2B_X8M_A9PP140ZTS_C30}
    {NOR2B_X6M_A9PP140ZTS_C30}
    {NOR2B_X4M_A9PP140ZTS_C30}
    {NOR2B_X3M_A9PP140ZTS_C30}
    {NOR2B_X2M_A9PP140ZTS_C30}
    {NOR2B_X1P4M_A9PP140ZTS_C30}
    {NOR2B_X1M_A9PP140ZTS_C30}
    {NOR2B_X0P7M_A9PP140ZTS_C30}
    {NOR2B_X0P5M_A9PP140ZTS_C30}
    {NAND4_X4M_A9PP140ZTS_C30}
    {NAND4_X4A_A9PP140ZTS_C30}
    {NAND4_X3M_A9PP140ZTS_C30}
    {NAND4_X3A_A9PP140ZTS_C30}
    {NAND4_X2M_A9PP140ZTS_C30}
    {NAND4_X2A_A9PP140ZTS_C30}
    {NAND4_X1P4M_A9PP140ZTS_C30}
    {NAND4_X1P4A_A9PP140ZTS_C30}
    {NAND4_X1M_A9PP140ZTS_C30}
    {NAND4_X1A_A9PP140ZTS_C30}
    {NAND4_X0P7M_A9PP140ZTS_C30}
    {NAND4_X0P7A_A9PP140ZTS_C30}
    {NAND4_X0P5M_A9PP140ZTS_C30}
    {NAND4_X0P5A_A9PP140ZTS_C30}
    {NAND4XXXB_X4M_A9PP140ZTS_C30}
    {NAND4XXXB_X3M_A9PP140ZTS_C30}
    {NAND4XXXB_X2M_A9PP140ZTS_C30}
    {NAND4XXXB_X1P4M_A9PP140ZTS_C30}
    {NAND4XXXB_X1M_A9PP140ZTS_C30}
    {NAND4XXXB_X0P7M_A9PP140ZTS_C30}
    {NAND4XXXB_X0P5M_A9PP140ZTS_C30}
    {NAND4B_X4M_A9PP140ZTS_C30}
    {NAND4B_X3M_A9PP140ZTS_C30}
    {NAND4B_X2M_A9PP140ZTS_C30}
    {NAND4B_X1P4M_A9PP140ZTS_C30}
    {NAND4B_X1M_A9PP140ZTS_C30}
    {NAND4B_X0P7M_A9PP140ZTS_C30}
    {NAND4B_X0P5M_A9PP140ZTS_C30}
    {NAND4BB_X6M_A9PP140ZTS_C30}
    {NAND4BB_X4M_A9PP140ZTS_C30}
    {NAND4BB_X3M_A9PP140ZTS_C30}
    {NAND4BB_X2M_A9PP140ZTS_C30}
    {NAND4BB_X1P4M_A9PP140ZTS_C30}
    {NAND4BB_X1M_A9PP140ZTS_C30}
    {NAND4BB_X0P7M_A9PP140ZTS_C30}
    {NAND4BB_X0P5M_A9PP140ZTS_C30}
    {NAND3_X6M_A9PP140ZTS_C30}
    {NAND3_X6A_A9PP140ZTS_C30}
    {NAND3_X4M_A9PP140ZTS_C30}
    {NAND3_X4A_A9PP140ZTS_C30}
    {NAND3_X3M_A9PP140ZTS_C30}
    {NAND3_X3A_A9PP140ZTS_C30}
    {NAND3_X2M_A9PP140ZTS_C30}
    {NAND3_X2A_A9PP140ZTS_C30}
    {NAND3_X1P4M_A9PP140ZTS_C30}
    {NAND3_X1P4A_A9PP140ZTS_C30}
    {NAND3_X1M_A9PP140ZTS_C30}
    {NAND3_X1A_A9PP140ZTS_C30}
    {NAND3_X0P7M_A9PP140ZTS_C30}
    {NAND3_X0P7A_A9PP140ZTS_C30}
    {NAND3_X0P5M_A9PP140ZTS_C30}
    {NAND3_X0P5A_A9PP140ZTS_C30}
    {NAND3XXB_X6M_A9PP140ZTS_C30}
    {NAND3XXB_X4M_A9PP140ZTS_C30}
    {NAND3XXB_X3M_A9PP140ZTS_C30}
    {NAND3XXB_X2M_A9PP140ZTS_C30}
    {NAND3XXB_X1P4M_A9PP140ZTS_C30}
    {NAND3XXB_X1M_A9PP140ZTS_C30}
    {NAND3XXB_X0P7M_A9PP140ZTS_C30}
    {NAND3XXB_X0P5M_A9PP140ZTS_C30}
    {NAND3B_X6M_A9PP140ZTS_C30}
    {NAND3B_X4M_A9PP140ZTS_C30}
    {NAND3B_X3M_A9PP140ZTS_C30}
    {NAND3B_X2M_A9PP140ZTS_C30}
    {NAND3B_X1P4M_A9PP140ZTS_C30}
    {NAND3B_X1M_A9PP140ZTS_C30}
    {NAND3B_X0P7M_A9PP140ZTS_C30}
    {NAND3B_X0P5M_A9PP140ZTS_C30}
    {NAND3BB_X8M_A9PP140ZTS_C30}
    {NAND3BB_X6M_A9PP140ZTS_C30}
    {NAND3BB_X4M_A9PP140ZTS_C30}
    {NAND3BB_X3M_A9PP140ZTS_C30}
    {NAND3BB_X2M_A9PP140ZTS_C30}
    {NAND3BB_X1P4M_A9PP140ZTS_C30}
    {NAND3BB_X1M_A9PP140ZTS_C30}
    {NAND3BB_X0P7M_A9PP140ZTS_C30}
    {NAND3BB_X0P5M_A9PP140ZTS_C30}
    {NAND2_X8M_A9PP140ZTS_C30}
    {NAND2_X8B_A9PP140ZTS_C30}
    {NAND2_X8A_A9PP140ZTS_C30}
    {NAND2_X6M_A9PP140ZTS_C30}
    {NAND2_X6B_A9PP140ZTS_C30}
    {NAND2_X6A_A9PP140ZTS_C30}
    {NAND2_X4M_A9PP140ZTS_C30}
    {NAND2_X4B_A9PP140ZTS_C30}
    {NAND2_X4A_A9PP140ZTS_C30}
    {NAND2_X3M_A9PP140ZTS_C30}
    {NAND2_X3B_A9PP140ZTS_C30}
    {NAND2_X3A_A9PP140ZTS_C30}
    {NAND2_X2M_A9PP140ZTS_C30}
    {NAND2_X2B_A9PP140ZTS_C30}
    {NAND2_X2A_A9PP140ZTS_C30}
    {NAND2_X1P4M_A9PP140ZTS_C30}
    {NAND2_X1P4B_A9PP140ZTS_C30}
    {NAND2_X1P4A_A9PP140ZTS_C30}
    {NAND2_X1M_A9PP140ZTS_C30}
    {NAND2_X1B_A9PP140ZTS_C30}
    {NAND2_X1A_A9PP140ZTS_C30}
    {NAND2_X0P7M_A9PP140ZTS_C30}
    {NAND2_X0P7B_A9PP140ZTS_C30}
    {NAND2_X0P7A_A9PP140ZTS_C30}
    {NAND2_X0P5M_A9PP140ZTS_C30}
    {NAND2_X0P5B_A9PP140ZTS_C30}
    {NAND2_X0P5A_A9PP140ZTS_C30}
    {NAND2XB_X8M_A9PP140ZTS_C30}
    {NAND2XB_X6M_A9PP140ZTS_C30}
    {NAND2XB_X4M_A9PP140ZTS_C30}
    {NAND2XB_X3M_A9PP140ZTS_C30}
    {NAND2XB_X2M_A9PP140ZTS_C30}
    {NAND2XB_X1P4M_A9PP140ZTS_C30}
    {NAND2XB_X1M_A9PP140ZTS_C30}
    {NAND2XB_X0P7M_A9PP140ZTS_C30}
    {NAND2XB_X0P5M_A9PP140ZTS_C30}
    {NAND2B_X8M_A9PP140ZTS_C30}
    {NAND2B_X6M_A9PP140ZTS_C30}
    {NAND2B_X4M_A9PP140ZTS_C30}
    {NAND2B_X3M_A9PP140ZTS_C30}
    {NAND2B_X2M_A9PP140ZTS_C30}
    {NAND2B_X1P4M_A9PP140ZTS_C30}
    {NAND2B_X1M_A9PP140ZTS_C30}
    {NAND2B_X0P7M_A9PP140ZTS_C30}
    {NAND2B_X0P5M_A9PP140ZTS_C30}
    {MXT2_X6M_A9PP140ZTS_C30}
    {MXT2_X6B_A9PP140ZTS_C30}
    {MXT2_X4M_A9PP140ZTS_C30}
    {MXT2_X4B_A9PP140ZTS_C30}
    {MXT2_X3M_A9PP140ZTS_C30}
    {MXT2_X3B_A9PP140ZTS_C30}
    {MXT2_X2M_A9PP140ZTS_C30}
    {MXT2_X2B_A9PP140ZTS_C30}
    {MXT2_X1P4M_A9PP140ZTS_C30}
    {MXT2_X1P4B_A9PP140ZTS_C30}
    {MXT2_X1M_A9PP140ZTS_C30}
    {MXT2_X1B_A9PP140ZTS_C30}
    {MXT2_X0P7M_A9PP140ZTS_C30}
    {MXT2_X0P7B_A9PP140ZTS_C30}
    {MXT2_X0P5M_A9PP140ZTS_C30}
    {MXT2_X0P5B_A9PP140ZTS_C30}
    {MXIT2_X4M_A9PP140ZTS_C30}
    {MXIT2_X3M_A9PP140ZTS_C30}
    {MXIT2_X2M_A9PP140ZTS_C30}
    {MXIT2_X1P4M_A9PP140ZTS_C30}
    {MXIT2_X1M_A9PP140ZTS_C30}
    {MXIT2_X0P7M_A9PP140ZTS_C30}
    {MXIT2_X0P5M_A9PP140ZTS_C30}
    {MXGL2_X6B_A9PP140ZTS_C30}
    {MXGL2_X4B_A9PP140ZTS_C30}
    {MXGL2_X3B_A9PP140ZTS_C30}
    {MXGL2_X2B_A9PP140ZTS_C30}
    {MXGL2_X1P4B_A9PP140ZTS_C30}
    {MXGL2_X1B_A9PP140ZTS_C30}
    {MXGL2_X0P7B_A9PP140ZTS_C30}
    {MXGL2_X0P5B_A9PP140ZTS_C30}
    {MX2_X8B_A9PP140ZTS_C30}
    {MX2_X6B_A9PP140ZTS_C30}
    {MX2_X4B_A9PP140ZTS_C30}
    {MX2_X3B_A9PP140ZTS_C30}
    {MX2_X2B_A9PP140ZTS_C30}
    {MX2_X1P4B_A9PP140ZTS_C30}
    {MX2_X1B_A9PP140ZTS_C30}
    {MX2_X0P7B_A9PP140ZTS_C30}
    {MX2_X0P5B_A9PP140ZTS_C30}
    {LATSQN_X4M_A9PP140ZTS_C30}
    {LATSQN_X3M_A9PP140ZTS_C30}
    {LATSQN_X2M_A9PP140ZTS_C30}
    {LATSQN_X1M_A9PP140ZTS_C30}
    {LATSPRQ_X3M_A9PP140ZTS_C30}
    {LATSPRQ_X2M_A9PP140ZTS_C30}
    {LATSPRQ_X1M_A9PP140ZTS_C30}
    {LATSPQ_X3M_A9PP140ZTS_C30}
    {LATSPQ_X2M_A9PP140ZTS_C30}
    {LATSPQ_X1M_A9PP140ZTS_C30}
    {LATRQ_X3M_A9PP140ZTS_C30}
    {LATRQ_X2M_A9PP140ZTS_C30}
    {LATRQ_X1M_A9PP140ZTS_C30}
    {LATRPQN_X4M_A9PP140ZTS_C30}
    {LATRPQN_X3M_A9PP140ZTS_C30}
    {LATRPQN_X2M_A9PP140ZTS_C30}
    {LATRPQN_X1M_A9PP140ZTS_C30}
    {LATQ_X3M_A9PP140ZTS_C30}
    {LATQ_X2M_A9PP140ZTS_C30}
    {LATQ_X1M_A9PP140ZTS_C30}
    {LATQN_X4M_A9PP140ZTS_C30}
    {LATQN_X3M_A9PP140ZTS_C30}
    {LATQN_X2M_A9PP140ZTS_C30}
    {LATQN_X1M_A9PP140ZTS_C30}
    {LATNSQN_X4M_A9PP140ZTS_C30}
    {LATNSQN_X3M_A9PP140ZTS_C30}
    {LATNSQN_X2M_A9PP140ZTS_C30}
    {LATNSQN_X1M_A9PP140ZTS_C30}
    {LATNSPRQ_X3M_A9PP140ZTS_C30}
    {LATNSPRQ_X2M_A9PP140ZTS_C30}
    {LATNSPRQ_X1M_A9PP140ZTS_C30}
    {LATNSPQ_X3M_A9PP140ZTS_C30}
    {LATNSPQ_X2M_A9PP140ZTS_C30}
    {LATNSPQ_X1M_A9PP140ZTS_C30}
    {LATNRQ_X3M_A9PP140ZTS_C30}
    {LATNRQ_X2M_A9PP140ZTS_C30}
    {LATNRQ_X1M_A9PP140ZTS_C30}
    {LATNRPQN_X4M_A9PP140ZTS_C30}
    {LATNRPQN_X3M_A9PP140ZTS_C30}
    {LATNRPQN_X2M_A9PP140ZTS_C30}
    {LATNRPQN_X1M_A9PP140ZTS_C30}
    {LATNQ_X3M_A9PP140ZTS_C30}
    {LATNQ_X2M_A9PP140ZTS_C30}
    {LATNQ_X1M_A9PP140ZTS_C30}
    {LATNQN_X4M_A9PP140ZTS_C30}
    {LATNQN_X3M_A9PP140ZTS_C30}
    {LATNQN_X2M_A9PP140ZTS_C30}
    {LATNQN_X1M_A9PP140ZTS_C30}
    {INV_X9M_A9PP140ZTS_C30_XGCAP9}
    {INV_X9M_A9PP140ZTS_C30}
    {INV_X9B_A9PP140ZTS_C30_XGCAP9}
    {INV_X9B_A9PP140ZTS_C30}
    {INV_X7P5M_A9PP140ZTS_C30_XGCAP8}
    {INV_X7P5M_A9PP140ZTS_C30}
    {INV_X7P5B_A9PP140ZTS_C30_XGCAP8}
    {INV_X7P5B_A9PP140ZTS_C30}
    {INV_X6M_A9PP140ZTS_C30_XGCAP6}
    {INV_X6M_A9PP140ZTS_C30}
    {INV_X6B_A9PP140ZTS_C30_XGCAP6}
    {INV_X6B_A9PP140ZTS_C30}
    {INV_X5M_A9PP140ZTS_C30_XGCAP5}
    {INV_X5M_A9PP140ZTS_C30}
    {INV_X5B_A9PP140ZTS_C30_XGCAP5}
    {INV_X5B_A9PP140ZTS_C30}
    {INV_X4M_A9PP140ZTS_C30_XGCAP4}
    {INV_X4M_A9PP140ZTS_C30}
    {INV_X4B_A9PP140ZTS_C30_XGCAP4}
    {INV_X4B_A9PP140ZTS_C30}
    {INV_X3P5M_A9PP140ZTS_C30}
    {INV_X3P5B_A9PP140ZTS_C30}
    {INV_X3M_A9PP140ZTS_C30}
    {INV_X3B_A9PP140ZTS_C30}
    {INV_X2P5M_A9PP140ZTS_C30}
    {INV_X2P5B_A9PP140ZTS_C30}
    {INV_X2M_A9PP140ZTS_C30}
    {INV_X2B_A9PP140ZTS_C30}
    {INV_X1P7M_A9PP140ZTS_C30}
    {INV_X1P7B_A9PP140ZTS_C30}
    {INV_X1P4M_A9PP140ZTS_C30}
    {INV_X1P4B_A9PP140ZTS_C30}
    {INV_X1P2M_A9PP140ZTS_C30}
    {INV_X1P2B_A9PP140ZTS_C30}
    {INV_X1M_A9PP140ZTS_C30}
    {INV_X1B_A9PP140ZTS_C30}
    {INV_X16M_A9PP140ZTS_C30_XGCAP16}
    {INV_X16M_A9PP140ZTS_C30}
    {INV_X16B_A9PP140ZTS_C30_XGCAP16}
    {INV_X16B_A9PP140ZTS_C30}
    {INV_X13M_A9PP140ZTS_C30_XGCAP13}
    {INV_X13M_A9PP140ZTS_C30}
    {INV_X13B_A9PP140ZTS_C30_XGCAP13}
    {INV_X13B_A9PP140ZTS_C30}
    {INV_X11M_A9PP140ZTS_C30_XGCAP11}
    {INV_X11M_A9PP140ZTS_C30}
    {INV_X11B_A9PP140ZTS_C30_XGCAP11}
    {INV_X11B_A9PP140ZTS_C30}
    {INV_X0P8M_A9PP140ZTS_C30}
    {INV_X0P8B_A9PP140ZTS_C30}
    {INV_X0P7M_A9PP140ZTS_C30}
    {INV_X0P7B_A9PP140ZTS_C30}
    {INV_X0P6M_A9PP140ZTS_C30}
    {INV_X0P6B_A9PP140ZTS_C30}
    {INV_X0P5M_A9PP140ZTS_C30}
    {INV_X0P5B_A9PP140ZTS_C30}
    {FRICG_X9B_A9PP140ZTS_C30}
    {FRICG_X7P5B_A9PP140ZTS_C30}
    {FRICG_X6B_A9PP140ZTS_C30}
    {FRICG_X5B_A9PP140ZTS_C30}
    {FRICG_X4B_A9PP140ZTS_C30}
    {FRICG_X3P5B_A9PP140ZTS_C30}
    {FRICG_X3B_A9PP140ZTS_C30}
    {FRICG_X2P5B_A9PP140ZTS_C30}
    {FRICG_X2B_A9PP140ZTS_C30}
    {FRICG_X1P7B_A9PP140ZTS_C30}
    {FRICG_X1P4B_A9PP140ZTS_C30}
    {FRICG_X1P2B_A9PP140ZTS_C30}
    {FRICG_X1B_A9PP140ZTS_C30}
    {FRICG_X16B_A9PP140ZTS_C30}
    {FRICG_X13B_A9PP140ZTS_C30}
    {FRICG_X11B_A9PP140ZTS_C30}
    {FRICG_X0P8B_A9PP140ZTS_C30}
    {FRICG_X0P7B_A9PP140ZTS_C30}
    {FRICG_X0P6B_A9PP140ZTS_C30}
    {FRICG_X0P5B_A9PP140ZTS_C30}
    {DLYCLK8S8_X2B_A9PP140ZTS_C30}
    {DLYCLK8S8_X1B_A9PP140ZTS_C30}
    {DLYCLK8S6_X2B_A9PP140ZTS_C30}
    {DLYCLK8S6_X1B_A9PP140ZTS_C30}
    {DLYCLK8S4_X2B_A9PP140ZTS_C30}
    {DLYCLK8S4_X1B_A9PP140ZTS_C30}
    {DLYCLK8S2_X2B_A9PP140ZTS_C30}
    {DLYCLK8S2_X1B_A9PP140ZTS_C30}
    {DLY8_X4M_A9PP140ZTS_C30}
    {DLY8_X2M_A9PP140ZTS_C30}
    {DLY8_X1M_A9PP140ZTS_C30}
    {DLY8_X0P5M_A9PP140ZTS_C30}
    {DLY6_X4M_A9PP140ZTS_C30}
    {DLY6_X2M_A9PP140ZTS_C30}
    {DLY6_X1M_A9PP140ZTS_C30}
    {DLY6_X0P5M_A9PP140ZTS_C30}
    {DLY4_X4M_A9PP140ZTS_C30}
    {DLY4_X2M_A9PP140ZTS_C30}
    {DLY4_X1M_A9PP140ZTS_C30}
    {DLY4_X0P5M_A9PP140ZTS_C30}
    {DLY2_X4M_A9PP140ZTS_C30}
    {DLY2_X2M_A9PP140ZTS_C30}
    {DLY2_X1M_A9PP140ZTS_C30}
    {DLY2_X0P5M_A9PP140ZTS_C30}
    {DLY10_X4M_A9PP140ZTS_C30}
    {DLY10_X2M_A9PP140ZTS_C30}
    {DLY10_X1M_A9PP140ZTS_C30}
    {DLY10_X0P5M_A9PP140ZTS_C30}
    {DFFSRPQ_X4M_A9PP140ZTS_C30}
    {DFFSRPQ_X3M_A9PP140ZTS_C30}
    {DFFSRPQ_X2M_A9PP140ZTS_C30}
    {DFFSRPQ_X1M_A9PP140ZTS_C30}
    {DFFSQ_X4M_A9PP140ZTS_C30}
    {DFFSQ_X3M_A9PP140ZTS_C30}
    {DFFSQ_X2M_A9PP140ZTS_C30}
    {DFFSQ_X1M_A9PP140ZTS_C30}
    {DFFSQN_X3M_A9PP140ZTS_C30}
    {DFFSQN_X2M_A9PP140ZTS_C30}
    {DFFSQN_X1M_A9PP140ZTS_C30}
    {DFFSQNL_X1M_A9PP140ZTS_C30}
    {DFFSQNA_X1M_A9PP140ZTS_C30}
    {DFFSQL_X1M_A9PP140ZTS_C30}
    {DFFSQA_X1M_A9PP140ZTS_C30}
    {DFFRPQ_X4M_A9PP140ZTS_C30}
    {DFFRPQ_X3M_A9PP140ZTS_C30}
    {DFFRPQ_X2M_A9PP140ZTS_C30}
    {DFFRPQ_X1M_A9PP140ZTS_C30}
    {DFFRPQN_X3M_A9PP140ZTS_C30}
    {DFFRPQN_X2M_A9PP140ZTS_C30}
    {DFFRPQN_X1M_A9PP140ZTS_C30}
    {DFFRPQNL_X1M_A9PP140ZTS_C30}
    {DFFRPQNA_X1M_A9PP140ZTS_C30}
    {DFFRPQL_X1M_A9PP140ZTS_C30}
    {DFFRPQA_X1M_A9PP140ZTS_C30}
    {DFFQ_X4M_A9PP140ZTS_C30}
    {DFFQ_X3M_A9PP140ZTS_C30}
    {DFFQ_X2M_A9PP140ZTS_C30}
    {DFFQ_X1M_A9PP140ZTS_C30}
    {DFFQN_X3M_A9PP140ZTS_C30}
    {DFFQN_X2M_A9PP140ZTS_C30}
    {DFFQN_X1M_A9PP140ZTS_C30}
    {DFFQNL_X1M_A9PP140ZTS_C30}
    {DFFQNA_X1M_A9PP140ZTS_C30}
    {DFFQL_X1M_A9PP140ZTS_C30}
    {DFFQA_X1M_A9PP140ZTS_C30}
    {DFFNSRPQ_X3M_A9PP140ZTS_C30}
    {DFFNSRPQ_X2M_A9PP140ZTS_C30}
    {DFFNSRPQ_X1M_A9PP140ZTS_C30}
    {DFFNQ_X3M_A9PP140ZTS_C30}
    {DFFNQ_X2M_A9PP140ZTS_C30}
    {DFFNQ_X1M_A9PP140ZTS_C30}
    {CGEN_X2M_A9PP140ZTS_C30}
    {CGEN_X1P4M_A9PP140ZTS_C30}
    {CGEN_X1M_A9PP140ZTS_C30}
    {CGENI_X2M_A9PP140ZTS_C30}
    {CGENI_X1P4M_A9PP140ZTS_C30}
    {CGENI_X1M_A9PP140ZTS_C30}
    {CGENCON_X2M_A9PP140ZTS_C30}
    {CGENCON_X1P4M_A9PP140ZTS_C30}
    {CGENCON_X1M_A9PP140ZTS_C30}
    {CGENCIN_X2M_A9PP140ZTS_C30}
    {CGENCIN_X1P4M_A9PP140ZTS_C30}
    {CGENCIN_X1M_A9PP140ZTS_C30}
    {BUF_X9M_A9PP140ZTS_C30_XGCAP9}
    {BUF_X9M_A9PP140ZTS_C30}
    {BUF_X9B_A9PP140ZTS_C30_XGCAP9}
    {BUF_X9B_A9PP140ZTS_C30}
    {BUF_X7P5M_A9PP140ZTS_C30_XGCAP8}
    {BUF_X7P5M_A9PP140ZTS_C30}
    {BUF_X7P5B_A9PP140ZTS_C30_XGCAP8}
    {BUF_X7P5B_A9PP140ZTS_C30}
    {BUF_X6M_A9PP140ZTS_C30_XGCAP6}
    {BUF_X6M_A9PP140ZTS_C30}
    {BUF_X6B_A9PP140ZTS_C30_XGCAP6}
    {BUF_X6B_A9PP140ZTS_C30}
    {BUF_X5M_A9PP140ZTS_C30_XGCAP5}
    {BUF_X5M_A9PP140ZTS_C30}
    {BUF_X5B_A9PP140ZTS_C30_XGCAP5}
    {BUF_X5B_A9PP140ZTS_C30}
    {BUF_X4M_A9PP140ZTS_C30_XGCAP4}
    {BUF_X4M_A9PP140ZTS_C30}
    {BUF_X4B_A9PP140ZTS_C30_XGCAP4}
    {BUF_X4B_A9PP140ZTS_C30}
    {BUF_X3P5M_A9PP140ZTS_C30}
    {BUF_X3P5B_A9PP140ZTS_C30}
    {BUF_X3M_A9PP140ZTS_C30}
    {BUF_X3B_A9PP140ZTS_C30}
    {BUF_X2P5M_A9PP140ZTS_C30}
    {BUF_X2P5B_A9PP140ZTS_C30}
    {BUF_X2M_A9PP140ZTS_C30}
    {BUF_X2B_A9PP140ZTS_C30}
    {BUF_X1P7M_A9PP140ZTS_C30}
    {BUF_X1P7B_A9PP140ZTS_C30}
    {BUF_X1P4M_A9PP140ZTS_C30}
    {BUF_X1P4B_A9PP140ZTS_C30}
    {BUF_X1P2M_A9PP140ZTS_C30}
    {BUF_X1P2B_A9PP140ZTS_C30}
    {BUF_X1M_A9PP140ZTS_C30}
    {BUF_X1B_A9PP140ZTS_C30}
    {BUF_X16M_A9PP140ZTS_C30_XGCAP16}
    {BUF_X16M_A9PP140ZTS_C30}
    {BUF_X16B_A9PP140ZTS_C30_XGCAP16}
    {BUF_X16B_A9PP140ZTS_C30}
    {BUF_X13M_A9PP140ZTS_C30_XGCAP13}
    {BUF_X13M_A9PP140ZTS_C30}
    {BUF_X13B_A9PP140ZTS_C30_XGCAP13}
    {BUF_X13B_A9PP140ZTS_C30}
    {BUF_X11M_A9PP140ZTS_C30_XGCAP11}
    {BUF_X11M_A9PP140ZTS_C30}
    {BUF_X11B_A9PP140ZTS_C30_XGCAP11}
    {BUF_X11B_A9PP140ZTS_C30}
    {BUF_X0P8M_A9PP140ZTS_C30}
    {BUF_X0P8B_A9PP140ZTS_C30}
    {BUF_X0P7M_A9PP140ZTS_C30}
    {BUF_X0P7B_A9PP140ZTS_C30}
    {BUF_X0P5M_A9PP140ZTS_C30}
    {BUF_X0P5B_A9PP140ZTS_C30}
    {BUFH_X9M_A9PP140ZTS_C30}
    {BUFH_X7P5M_A9PP140ZTS_C30}
    {BUFH_X6M_A9PP140ZTS_C30}
    {BUFH_X5M_A9PP140ZTS_C30}
    {BUFH_X4M_A9PP140ZTS_C30}
    {BUFH_X3P5M_A9PP140ZTS_C30}
    {BUFH_X3M_A9PP140ZTS_C30}
    {BUFH_X2P5M_A9PP140ZTS_C30}
    {BUFH_X2M_A9PP140ZTS_C30}
    {BUFH_X1P7M_A9PP140ZTS_C30}
    {BUFH_X1P4M_A9PP140ZTS_C30}
    {BUFH_X1P2M_A9PP140ZTS_C30}
    {BUFH_X1M_A9PP140ZTS_C30}
    {BUFH_X16M_A9PP140ZTS_C30}
    {BUFH_X13M_A9PP140ZTS_C30}
    {BUFH_X11M_A9PP140ZTS_C30}
    {AOI31_X6M_A9PP140ZTS_C30}
    {AOI31_X4M_A9PP140ZTS_C30}
    {AOI31_X3M_A9PP140ZTS_C30}
    {AOI31_X2M_A9PP140ZTS_C30}
    {AOI31_X1P4M_A9PP140ZTS_C30}
    {AOI31_X1M_A9PP140ZTS_C30}
    {AOI31_X0P7M_A9PP140ZTS_C30}
    {AOI31_X0P5M_A9PP140ZTS_C30}
    {AOI2XB1_X8M_A9PP140ZTS_C30}
    {AOI2XB1_X6M_A9PP140ZTS_C30}
    {AOI2XB1_X4M_A9PP140ZTS_C30}
    {AOI2XB1_X3M_A9PP140ZTS_C30}
    {AOI2XB1_X2M_A9PP140ZTS_C30}
    {AOI2XB1_X1P4M_A9PP140ZTS_C30}
    {AOI2XB1_X1M_A9PP140ZTS_C30}
    {AOI2XB1_X0P7M_A9PP140ZTS_C30}
    {AOI2XB1_X0P5M_A9PP140ZTS_C30}
    {AOI22_X8M_A9PP140ZTS_C30}
    {AOI22_X6M_A9PP140ZTS_C30}
    {AOI22_X4M_A9PP140ZTS_C30}
    {AOI22_X3M_A9PP140ZTS_C30}
    {AOI22_X2M_A9PP140ZTS_C30}
    {AOI22_X1P4M_A9PP140ZTS_C30}
    {AOI22_X1M_A9PP140ZTS_C30}
    {AOI22_X0P7M_A9PP140ZTS_C30}
    {AOI22_X0P5M_A9PP140ZTS_C30}
    {AOI22BB_X8M_A9PP140ZTS_C30}
    {AOI22BB_X6M_A9PP140ZTS_C30}
    {AOI22BB_X4M_A9PP140ZTS_C30}
    {AOI22BB_X3M_A9PP140ZTS_C30}
    {AOI22BB_X2M_A9PP140ZTS_C30}
    {AOI22BB_X1P4M_A9PP140ZTS_C30}
    {AOI22BB_X1M_A9PP140ZTS_C30}
    {AOI22BB_X0P7M_A9PP140ZTS_C30}
    {AOI22BB_X0P5M_A9PP140ZTS_C30}
    {AOI21_X8M_A9PP140ZTS_C30}
    {AOI21_X6M_A9PP140ZTS_C30}
    {AOI21_X4M_A9PP140ZTS_C30}
    {AOI21_X3M_A9PP140ZTS_C30}
    {AOI21_X2M_A9PP140ZTS_C30}
    {AOI21_X1P4M_A9PP140ZTS_C30}
    {AOI21_X1M_A9PP140ZTS_C30}
    {AOI21_X0P7M_A9PP140ZTS_C30}
    {AOI21_X0P5M_A9PP140ZTS_C30}
    {AOI21B_X8M_A9PP140ZTS_C30}
    {AOI21B_X6M_A9PP140ZTS_C30}
    {AOI21B_X4M_A9PP140ZTS_C30}
    {AOI21B_X3M_A9PP140ZTS_C30}
    {AOI21B_X2M_A9PP140ZTS_C30}
    {AOI21B_X1P4M_A9PP140ZTS_C30}
    {AOI21B_X1M_A9PP140ZTS_C30}
    {AOI21B_X0P7M_A9PP140ZTS_C30}
    {AOI21B_X0P5M_A9PP140ZTS_C30}
    {AOI211_X4M_A9PP140ZTS_C30}
    {AOI211_X3M_A9PP140ZTS_C30}
    {AOI211_X2M_A9PP140ZTS_C30}
    {AOI211_X1P4M_A9PP140ZTS_C30}
    {AOI211_X1M_A9PP140ZTS_C30}
    {AOI211_X0P7M_A9PP140ZTS_C30}
    {AOI211_X0P5M_A9PP140ZTS_C30}
    {AO22_X6M_A9PP140ZTS_C30}
    {AO22_X4M_A9PP140ZTS_C30}
    {AO22_X3M_A9PP140ZTS_C30}
    {AO22_X2M_A9PP140ZTS_C30}
    {AO22_X1P4M_A9PP140ZTS_C30}
    {AO22_X1M_A9PP140ZTS_C30}
    {AO22_X0P7M_A9PP140ZTS_C30}
    {AO22_X0P5M_A9PP140ZTS_C30}
    {AO21_X6M_A9PP140ZTS_C30}
    {AO21_X4M_A9PP140ZTS_C30}
    {AO21_X3M_A9PP140ZTS_C30}
    {AO21_X2M_A9PP140ZTS_C30}
    {AO21_X1P4M_A9PP140ZTS_C30}
    {AO21_X1M_A9PP140ZTS_C30}
    {AO21_X0P7M_A9PP140ZTS_C30}
    {AO21_X0P5M_A9PP140ZTS_C30}
    {AO21B_X6M_A9PP140ZTS_C30}
    {AO21B_X4M_A9PP140ZTS_C30}
    {AO21B_X3M_A9PP140ZTS_C30}
    {AO21B_X2M_A9PP140ZTS_C30}
    {AO21B_X1P4M_A9PP140ZTS_C30}
    {AO21B_X1M_A9PP140ZTS_C30}
    {AO21B_X0P7M_A9PP140ZTS_C30}
    {AO21B_X0P5M_A9PP140ZTS_C30}
    {AO21A1AI2_X6M_A9PP140ZTS_C30}
    {AO21A1AI2_X4M_A9PP140ZTS_C30}
    {AO21A1AI2_X3M_A9PP140ZTS_C30}
    {AO21A1AI2_X2M_A9PP140ZTS_C30}
    {AO21A1AI2_X1P4M_A9PP140ZTS_C30}
    {AO21A1AI2_X1M_A9PP140ZTS_C30}
    {AO21A1AI2_X0P7M_A9PP140ZTS_C30}
    {AO21A1AI2_X0P5M_A9PP140ZTS_C30}
    {AO1B2_X6M_A9PP140ZTS_C30}
    {AO1B2_X4M_A9PP140ZTS_C30}
    {AO1B2_X3M_A9PP140ZTS_C30}
    {AO1B2_X2M_A9PP140ZTS_C30}
    {AO1B2_X1P4M_A9PP140ZTS_C30}
    {AO1B2_X1M_A9PP140ZTS_C30}
    {AO1B2_X0P7M_A9PP140ZTS_C30}
    {AO1B2_X0P5M_A9PP140ZTS_C30}
    {AND4_X8M_A9PP140ZTS_C30}
    {AND4_X6M_A9PP140ZTS_C30}
    {AND4_X4M_A9PP140ZTS_C30}
    {AND4_X3M_A9PP140ZTS_C30}
    {AND4_X2M_A9PP140ZTS_C30}
    {AND4_X1P4M_A9PP140ZTS_C30}
    {AND4_X1M_A9PP140ZTS_C30}
    {AND4_X0P7M_A9PP140ZTS_C30}
    {AND4_X0P5M_A9PP140ZTS_C30}
    {AND3_X8M_A9PP140ZTS_C30}
    {AND3_X6M_A9PP140ZTS_C30}
    {AND3_X4M_A9PP140ZTS_C30}
    {AND3_X3M_A9PP140ZTS_C30}
    {AND3_X2M_A9PP140ZTS_C30}
    {AND3_X1P4M_A9PP140ZTS_C30}
    {AND3_X1M_A9PP140ZTS_C30}
    {AND3_X11M_A9PP140ZTS_C30}
    {AND3_X0P7M_A9PP140ZTS_C30}
    {AND3_X0P5M_A9PP140ZTS_C30}
    {AND2_X8M_A9PP140ZTS_C30}
    {AND2_X8B_A9PP140ZTS_C30}
    {AND2_X6M_A9PP140ZTS_C30}
    {AND2_X6B_A9PP140ZTS_C30}
    {AND2_X4M_A9PP140ZTS_C30}
    {AND2_X4B_A9PP140ZTS_C30}
    {AND2_X3M_A9PP140ZTS_C30}
    {AND2_X3B_A9PP140ZTS_C30}
    {AND2_X2M_A9PP140ZTS_C30}
    {AND2_X2B_A9PP140ZTS_C30}
    {AND2_X1P4M_A9PP140ZTS_C30}
    {AND2_X1P4B_A9PP140ZTS_C30}
    {AND2_X1M_A9PP140ZTS_C30}
    {AND2_X1B_A9PP140ZTS_C30}
    {AND2_X11M_A9PP140ZTS_C30}
    {AND2_X11B_A9PP140ZTS_C30}
    {AND2_X0P7M_A9PP140ZTS_C30}
    {AND2_X0P7B_A9PP140ZTS_C30}
    {AND2_X0P5M_A9PP140ZTS_C30}
    {AND2_X0P5B_A9PP140ZTS_C30}
    {ADDH_X2M_A9PP140ZTS_C30}
    {ADDH_X1P4M_A9PP140ZTS_C30}
    {ADDH_X1M_A9PP140ZTS_C30}
    {ADDF_X2M_A9PP140ZTS_C30}
    {ADDF_X1P4M_A9PP140ZTS_C30}
    {ADDF_X1M_A9PP140ZTS_C30}
    {SDFFXSRPQ_X4M_A9PP140ZTL_C30}
    {SDFFXSRPQ_X3M_A9PP140ZTL_C30}
    {SDFFXSRPQ_X2M_A9PP140ZTL_C30}
    {SDFFXSRPQ_X1M_A9PP140ZTL_C30}
    {SDFFXSQ_X4M_A9PP140ZTL_C30}
    {SDFFXSQ_X3M_A9PP140ZTL_C30}
    {SDFFXSQ_X2M_A9PP140ZTL_C30}
    {SDFFXSQ_X1M_A9PP140ZTL_C30}
    {SDFFXSQN_X3M_A9PP140ZTL_C30}
    {SDFFXSQN_X2M_A9PP140ZTL_C30}
    {SDFFXSQN_X1M_A9PP140ZTL_C30}
    {SDFFXRPQ_X4M_A9PP140ZTL_C30}
    {SDFFXRPQ_X3M_A9PP140ZTL_C30}
    {SDFFXRPQ_X2M_A9PP140ZTL_C30}
    {SDFFXRPQ_X1M_A9PP140ZTL_C30}
    {SDFFXRPQN_X3M_A9PP140ZTL_C30}
    {SDFFXRPQN_X2M_A9PP140ZTL_C30}
    {SDFFXRPQN_X1M_A9PP140ZTL_C30}
    {SDFFXQ_X4M_A9PP140ZTL_C30}
    {SDFFXQ_X3M_A9PP140ZTL_C30}
    {SDFFXQ_X2M_A9PP140ZTL_C30}
    {SDFFXQ_X1M_A9PP140ZTL_C30}
    {SDFFXQN_X3M_A9PP140ZTL_C30}
    {SDFFXQN_X2M_A9PP140ZTL_C30}
    {SDFFXQN_X1M_A9PP140ZTL_C30}
    {SDFFSRPQH_X4M_A9PP140ZTL_C30}
    {SDFFSRPQH_X3M_A9PP140ZTL_C30}
    {SDFFSRPQH_X2M_A9PP140ZTL_C30}
    {SDFFSRPQH_X1M_A9PP140ZTL_C30}
    {SDFFSQNL2W_X1M_A9PP140ZTL_C30}
    {SDFFSQNH_X3M_A9PP140ZTL_C30}
    {SDFFSQNH_X2M_A9PP140ZTL_C30}
    {SDFFSQNH_X1M_A9PP140ZTL_C30}
    {SDFFSQL4W_X2M_A9PP140ZTL_C30}
    {SDFFSQL4W_X1M_A9PP140ZTL_C30}
    {SDFFSQL2W_X2M_A9PP140ZTL_C30}
    {SDFFSQL2W_X1M_A9PP140ZTL_C30}
    {SDFFSQH_X4M_A9PP140ZTL_C30}
    {SDFFSQH_X3M_A9PP140ZTL_C30}
    {SDFFSQH_X2M_A9PP140ZTL_C30}
    {SDFFSQH_X1M_A9PP140ZTL_C30}
    {SDFFRPQNL2W_X1M_A9PP140ZTL_C30}
    {SDFFRPQNH_X3M_A9PP140ZTL_C30}
    {SDFFRPQNH_X2M_A9PP140ZTL_C30}
    {SDFFRPQNH_X1M_A9PP140ZTL_C30}
    {SDFFRPQL4W_X2M_A9PP140ZTL_C30}
    {SDFFRPQL4W_X1M_A9PP140ZTL_C30}
    {SDFFRPQL2W_X2M_A9PP140ZTL_C30}
    {SDFFRPQL2W_X1M_A9PP140ZTL_C30}
    {SDFFRPQH_X4M_A9PP140ZTL_C30}
    {SDFFRPQH_X3M_A9PP140ZTL_C30}
    {SDFFRPQH_X2M_A9PP140ZTL_C30}
    {SDFFRPQH_X1M_A9PP140ZTL_C30}
    {SDFFQNL2W_X1M_A9PP140ZTL_C30}
    {SDFFQNH_X3M_A9PP140ZTL_C30}
    {SDFFQNH_X2M_A9PP140ZTL_C30}
    {SDFFQNH_X1M_A9PP140ZTL_C30}
    {SDFFQL4W_X2M_A9PP140ZTL_C30}
    {SDFFQL4W_X1M_A9PP140ZTL_C30}
    {SDFFQL2W_X2M_A9PP140ZTL_C30}
    {SDFFQL2W_X1M_A9PP140ZTL_C30}
    {SDFFQH_X4M_A9PP140ZTL_C30}
    {SDFFQH_X3M_A9PP140ZTL_C30}
    {SDFFQH_X2M_A9PP140ZTL_C30}
    {SDFFQH_X1M_A9PP140ZTL_C30}
    {OR2_X8TM_A9PP140ZTL_C30}
    {OR2_X6TM_A9PP140ZTL_C30}
    {OR2_X4TM_A9PP140ZTL_C30}
    {OR2_X3TM_A9PP140ZTL_C30}
    {OR2_X2TM_A9PP140ZTL_C30}
    {OR2_X1TM_A9PP140ZTL_C30}
    {OR2_X1P4TM_A9PP140ZTL_C30}
    {OR2_X11TM_A9PP140ZTL_C30}
    {OAI31_X8M_A9PP140ZTL_C30}
    {OAI22_X8A_A9PP140ZTL_C30}
    {OAI22_X6A_A9PP140ZTL_C30}
    {OAI22_X4A_A9PP140ZTL_C30}
    {OAI22_X3A_A9PP140ZTL_C30}
    {OAI22_X2A_A9PP140ZTL_C30}
    {OAI22_X1P4A_A9PP140ZTL_C30}
    {OAI22_X1A_A9PP140ZTL_C30}
    {OAI22_X11M_A9PP140ZTL_C30}
    {OAI22_X11A_A9PP140ZTL_C30}
    {OAI22_X0P7A_A9PP140ZTL_C30}
    {OAI22_X0P5A_A9PP140ZTL_C30}
    {OAI21_X8A_A9PP140ZTL_C30}
    {OAI21_X6A_A9PP140ZTL_C30}
    {OAI21_X4A_A9PP140ZTL_C30}
    {OAI21_X3A_A9PP140ZTL_C30}
    {OAI21_X2A_A9PP140ZTL_C30}
    {OAI21_X1P4A_A9PP140ZTL_C30}
    {OAI21_X1A_A9PP140ZTL_C30}
    {OAI21_X11M_A9PP140ZTL_C30}
    {OAI21_X11A_A9PP140ZTL_C30}
    {OAI21_X0P7A_A9PP140ZTL_C30}
    {OAI21_X0P5A_A9PP140ZTL_C30}
    {OAI211_X6M_A9PP140ZTL_C30}
    {OA21A1OI2_X8M_A9PP140ZTL_C30}
    {NOR3_X6M_A9PP140ZTL_C30}
    {NOR3_X6A_A9PP140ZTL_C30}
    {NOR2_X8TA_A9PP140ZTL_C30}
    {NOR2_X6TA_A9PP140ZTL_C30}
    {NOR2_X4TA_A9PP140ZTL_C30}
    {NOR2_X3TA_A9PP140ZTL_C30}
    {NOR2_X2TA_A9PP140ZTL_C30}
    {NOR2_X1TA_A9PP140ZTL_C30}
    {NOR2_X1P4TA_A9PP140ZTL_C30}
    {NOR2_X11TA_A9PP140ZTL_C30}
    {NOR2_X11M_A9PP140ZTL_C30}
    {NOR2_X11B_A9PP140ZTL_C30}
    {NOR2_X11A_A9PP140ZTL_C30}
    {NAND4_X6M_A9PP140ZTL_C30}
    {NAND4_X6A_A9PP140ZTL_C30}
    {NAND3_X8M_A9PP140ZTL_C30}
    {NAND3_X8A_A9PP140ZTL_C30}
    {NAND2_X8TA_A9PP140ZTL_C30}
    {NAND2_X6TA_A9PP140ZTL_C30}
    {NAND2_X4TA_A9PP140ZTL_C30}
    {NAND2_X3TA_A9PP140ZTL_C30}
    {NAND2_X2TA_A9PP140ZTL_C30}
    {NAND2_X1TA_A9PP140ZTL_C30}
    {NAND2_X1P4TA_A9PP140ZTL_C30}
    {NAND2_X11TA_A9PP140ZTL_C30}
    {NAND2_X11M_A9PP140ZTL_C30}
    {NAND2_X11B_A9PP140ZTL_C30}
    {NAND2_X11A_A9PP140ZTL_C30}
    {INV_X20M_A9PP140ZTL_C30}
    {INV_X20B_A9PP140ZTL_C30}
    {DFFSQNL2W_X1M_A9PP140ZTL_C30}
    {DFFSQL2W_X1M_A9PP140ZTL_C30}
    {DFFRPQNL2W_X1M_A9PP140ZTL_C30}
    {DFFRPQL2W_X1M_A9PP140ZTL_C30}
    {DFFQNL2W_X1M_A9PP140ZTL_C30}
    {DFFQL2W_X1M_A9PP140ZTL_C30}
    {AOI31_X8M_A9PP140ZTL_C30}
    {AOI22_X8A_A9PP140ZTL_C30}
    {AOI22_X6A_A9PP140ZTL_C30}
    {AOI22_X4A_A9PP140ZTL_C30}
    {AOI22_X3A_A9PP140ZTL_C30}
    {AOI22_X2A_A9PP140ZTL_C30}
    {AOI22_X1P4A_A9PP140ZTL_C30}
    {AOI22_X1A_A9PP140ZTL_C30}
    {AOI22_X11M_A9PP140ZTL_C30}
    {AOI22_X11A_A9PP140ZTL_C30}
    {AOI22_X0P7A_A9PP140ZTL_C30}
    {AOI22_X0P5A_A9PP140ZTL_C30}
    {AOI21_X8A_A9PP140ZTL_C30}
    {AOI21_X6A_A9PP140ZTL_C30}
    {AOI21_X4A_A9PP140ZTL_C30}
    {AOI21_X3A_A9PP140ZTL_C30}
    {AOI21_X2A_A9PP140ZTL_C30}
    {AOI21_X1P4A_A9PP140ZTL_C30}
    {AOI21_X1A_A9PP140ZTL_C30}
    {AOI21_X11M_A9PP140ZTL_C30}
    {AOI21_X11A_A9PP140ZTL_C30}
    {AOI21_X0P7A_A9PP140ZTL_C30}
    {AOI21_X0P5A_A9PP140ZTL_C30}
    {AOI211_X6M_A9PP140ZTL_C30}
    {AO21A1AI2_X8M_A9PP140ZTL_C30}
    {AND2_X8TM_A9PP140ZTL_C30}
    {AND2_X6TM_A9PP140ZTL_C30}
    {AND2_X4TM_A9PP140ZTL_C30}
    {AND2_X3TM_A9PP140ZTL_C30}
    {AND2_X2TM_A9PP140ZTL_C30}
    {AND2_X1TM_A9PP140ZTL_C30}
    {AND2_X1P4TM_A9PP140ZTL_C30}
    {AND2_X11TM_A9PP140ZTL_C30}
  }
}
#Design Check : opt (3)
# --------------------------------------------------------------------------------------
# Message: The net <%s> has more than 500 fanout (%d fanout). Such large fanout nets, if not buffered, can potentially slow down some applications.
#    Help: Review the user constraints for the net to allow buffering.
# --------------------------------------------------------------------------------------
dict set design_checks opt IMPOPT-7285 {
  severity warning
  count 3
  violations {
    {enb_1_8_0 1581}
    {n_51 960}
    {n_103 3597}
  }
}
