 ------------------------------------------------------------------------------------------------------------------------------------------------------ 
| Snapshot                | WNS                  | TNS                  | Density (%) | Hotspot      | Resource               | DRVs       | Layer-OPT |
|                         | HEPG (ns) | ALL (ns) | HEPG (ns) | ALL (ns) |             | Max  | Total | Real (s) | Memory (MB) | Tran | Cap | M8        |
|-------------------------+-----------+----------+-----------+----------+-------------+------+-------+----------+-------------+------+-----+-----------|
| initial_summary         |    -0.180 |   -0.180 |           |      -12 |       57.55 |      |       | 0:00:21  |        8538 |   28 |   0 |           |
| route_type_refinement   |           |          |           |          |             |      |       | 0:00:03  |        8538 |      |     |        16 |
| simplify_netlist        |           |          |           |          |             |      |       | 0:00:06  |        8538 |      |     |           |
| excluded_clk_net_fixing |           |          |           |          |             |      |       | 0:00:01  |        8538 |      |     |           |
| drv_fixing              |    -0.506 |   -0.506 |       -39 |      -39 |       57.55 |      |       | 0:00:16  |        8602 |    0 |   0 |        16 |
| global_opt              |           |   -0.192 |           |      -19 |       57.78 |      |       | 0:00:15  |        8602 |      |     |        16 |
| global_opt_2            |           |   -0.116 |           |       -8 |       57.81 |      |       | 0:00:19  |        8602 |      |     |        31 |
| area_reclaiming         |    -0.115 |   -0.115 |        -7 |       -7 |       57.49 |      |       | 0:00:21  |        8602 |      |     |        31 |
| drv_fixing_2            |    -0.115 |   -0.115 |        -7 |       -7 |       57.49 |      |       | 0:00:14  |        8602 |    0 |   0 |        31 |
| wns_fixing              |     0.005 |    0.005 |         0 |        0 |       57.91 |      |       | 0:01:51  |        9278 |      |     |        74 |
| area_reclaiming_2       |    -0.017 |   -0.017 |        -0 |       -0 |       57.52 |      |       | 0:00:25  |        9554 |      |     |        97 |
| area_reclaiming_3       |    -0.017 |   -0.017 |        -0 |       -0 |       57.26 |      |       | 0:00:24  |        9554 |      |     |        78 |
| local_wire_reclaim      |           |          |           |          |             |      |       | 0:00:59  |        9554 |      |     |           |
| global_route            |           |          |           |          |             | 0.00 |  0.00 | 0:00:13  |        9427 |      |     |           |
| route_type_refinement_2 |           |          |           |          |             |      |       | 0:00:01  |        9427 |      |     |        78 |
| drv_eco_fixing          |    -0.108 |   -0.108 |        -8 |       -8 |       57.27 |      |       | 0:00:10  |        9506 |    0 |   0 |        78 |
| wns_eco_fixing          |     0.000 |    0.000 |         0 |        0 |       57.37 |      |       | 0:00:19  |        9650 |      |     |        78 |
| final_summary           |    -0.000 |   -0.000 |           |       -0 |       57.37 | 0.00 |  0.00 | 0:00:15  |        9442 |    0 |   0 |           |
 ------------------------------------------------------------------------------------------------------------------------------------------------------ 
