###############################################################
#  Generated by:      Cadence Innovus 23.10-p003_1
#  OS:                Linux x86_64(Host ID tc245)
#  Generated on:      Tue Feb 18 20:44:22 2025
#  Design:            pp_fir_u_2
#  Command:           report_clock_trees -out_file RPT/rclk_full.rpt
###############################################################

Clock DAG stats:
================

---------------------------------------------------------
Cell type                 Count    Area       Capacitance
---------------------------------------------------------
Buffers                      0       0.000       0.000
Inverters                  418     363.888       1.205
Integrated Clock Gates       0       0.000       0.000
Discrete Clock Gates         0       0.000       0.000
Clock Logic                  0       0.000       0.000
All                        418     363.888       1.205
---------------------------------------------------------

Clock DAG miscellaneous counts:
===============================

------------------------------
Type                     Count
------------------------------
Roots                      1
Preserved Ports            0
Multiple Clock Inputs      0
------------------------------


Clock DAG sink counts:
======================

-------------------------
Sink type           Count
-------------------------
Regular             3694
Enable Latch           0
Load Capacitance       0
Antenna Diode          0
Node Sink              0
Total               3694
-------------------------


Clock DAG wire lengths:
=======================

--------------------
Type     Wire Length
--------------------
Top           0.000
Trunk      3369.765
Leaf       6750.965
Total     10120.730
--------------------


Clock DAG hp wire lengths:
==========================

-----------------------
Type     hp Wire Length
-----------------------
Top            0.000
Trunk       3023.200
Leaf        3894.280
Total       6917.480
-----------------------


Clock DAG capacitances:
=======================

--------------------------------
Type     Gate     Wire     Total
--------------------------------
Top      0.000    0.000    0.000
Trunk    1.205    0.473    1.679
Leaf     1.924    1.174    3.098
Total    3.129    1.647    4.777
--------------------------------


Clock DAG sink capacitances:
============================

-----------------------------------------------
Total    Average    Std. Dev.    Min      Max
-----------------------------------------------
1.924     0.001       0.000      0.000    0.002
-----------------------------------------------


Clock DAG net violations:
=========================

--------------------------------------------------------------------------------------------
Type                    Units    Count    Average    Std. Dev.    Sum      Top 10 violations
--------------------------------------------------------------------------------------------
Remaining Transition    ns         2       0.000       0.000      0.001    [0.000, 0.000]
--------------------------------------------------------------------------------------------


Clock DAG primary half-corner transition distribution:
======================================================

-----------------------------------------------------------------------------------------------------------------------------------------------------------------------------------------------------------------------------
Net Type    Target    Count    Average    Std. Dev.    Min      Max      Distribution                                                                   Over Target
-----------------------------------------------------------------------------------------------------------------------------------------------------------------------------------------------------------------------------
Trunk       0.025      186      0.020       0.003      0.008    0.025    {17 <= 0.015ns, 70 <= 0.020ns, 61 <= 0.022ns, 17 <= 0.024ns, 20 <= 0.025ns}    {1 <= 0.026ns, 0 <= 0.028ns, 0 <= 0.030ns, 0 <= 0.037ns, 0 > 0.037ns}
Leaf        0.025      233      0.020       0.004      0.011    0.025    {49 <= 0.015ns, 44 <= 0.020ns, 60 <= 0.022ns, 39 <= 0.024ns, 40 <= 0.025ns}    {1 <= 0.026ns, 0 <= 0.028ns, 0 <= 0.030ns, 0 <= 0.037ns, 0 > 0.037ns}
-----------------------------------------------------------------------------------------------------------------------------------------------------------------------------------------------------------------------------


Clock DAG library cell distribution:
====================================

-----------------------------------------------------------
Name                        Type        Inst     Inst Area 
                                        Count    (um^2)
-----------------------------------------------------------
INV_X7P5B_A9PP140ZTL_C30    inverter     133      150.822
INV_X6B_A9PP140ZTL_C30      inverter     172      151.704
INV_X4B_A9PP140ZTL_C30      inverter      74       46.620
INV_X2B_A9PP140ZTL_C30      inverter      39       14.742
-----------------------------------------------------------



Please note that the following tables reflect only the defined clock trees, so the flop counts might not include all flops in your design.

Clock Tree Summary:
===================

----------------------------------------------------------------------------------------------------------------------
Clock Tree  Clock  Bufs  Invs  Other  Max       Max     Max      Max          Standard   Wire   Gate   Clock Tree Root
Name        Gates              Clock  Non-leaf  Leaf    Length   Source-sink  cell area  cap    cap    
                               Cells  Fanout    Fanout  (um)     Resistance   (um^2)     (pF)   (pF)   
                                                                 (Ohms)                                
----------------------------------------------------------------------------------------------------------------------
clk           0     0    418     0       4        25    124.355    7496.43     363.888   1.647  3.129  clk
----------------------------------------------------------------------------------------------------------------------

Clock Sink Summary:
===================

-------------------------------------------------------------------------------------------------------------------------------------------
Clock Tree  Explicit      Implicit      Explicit     Implicit     Explicit   Implicit   Posedge  Negedge  Memory  Enable  Non enable  Other
Name        exclude pins  exclude pins  ignore pins  ignore pins  stop pins  stop pins  Flops    Flops    Clock   Latch   Latch       Sinks
                                                                                                          Pins    Sinks   Sinks       
-------------------------------------------------------------------------------------------------------------------------------------------
clk              0             0             0            0           0          0       3694       0       0       0         0         0
-------------------------------------------------------------------------------------------------------------------------------------------

Summary across all clock trees:
===============================

------------------------------------------------------------------------------------------------------------
Clock  Bufs  Invs  Other  Max       Average   Max     Average  Max      Max          Standard   Wire   Gate
Gates              Clock  Non-leaf  Non-leaf  Leaf    Leaf     Length   Source-sink  cell area  cap    cap
                   Cells  Fanout    Fanout    Fanout  Fanout   (um)     Resistance   (um^2)     (pF)   (pF)
                                                                        (Ohms)                         
------------------------------------------------------------------------------------------------------------
  0     0    418     0       4      2.24731     25    15.8541  124.355    749.643     363.888   1.647  3.129
------------------------------------------------------------------------------------------------------------

Clock Sink Summary across all clock trees:
==========================================

-------------------------------------------------------------------------------------------------------------------------------
Explicit      Implicit      Explicit     Implicit     Explicit   Implicit   Posedge  Negedge  Memory  Enable  Non enable  Other
exclude pins  exclude pins  ignore pins  ignore pins  stop pins  stop pins  Flops    Flops    Clock   Latch   Latch       Sinks
                                                                                              Pins    Sinks   Sinks       
-------------------------------------------------------------------------------------------------------------------------------
     0             0             0            0           0          0       3694       0       0       0         0         0
-------------------------------------------------------------------------------------------------------------------------------

Physical metrics across all clock trees:
========================================

-----------------------------------------------------------------------
Metric                               Minimum  Average  Maximum  Std.dev
-----------------------------------------------------------------------
Source-sink routed net length (um)    1.615    14.718  124.355   9.930
Source-sink manhattan distance (um)   1.040    14.026  124.180   9.742
Source-sink resistance (Ohm)         34.744   149.937  749.643  61.107
-----------------------------------------------------------------------

Transition distribution for half-corner delay_corner_wcl_slow:both.late:
========================================================================

-----------------------------------------------------------------------------------------------------------------------------------------------------------------------------------------------------------------------------
Net Type    Target    Count    Average    Std. Dev.    Min      Max      Distribution                                                                   Over Target
-----------------------------------------------------------------------------------------------------------------------------------------------------------------------------------------------------------------------------
Trunk       0.025      186      0.020       0.003      0.008    0.025    {17 <= 0.015ns, 70 <= 0.020ns, 61 <= 0.022ns, 17 <= 0.024ns, 20 <= 0.025ns}    {1 <= 0.026ns, 0 <= 0.028ns, 0 <= 0.030ns, 0 <= 0.037ns, 0 > 0.037ns}
Leaf        0.025      233      0.020       0.004      0.011    0.025    {49 <= 0.015ns, 44 <= 0.020ns, 60 <= 0.022ns, 39 <= 0.024ns, 40 <= 0.025ns}    {1 <= 0.026ns, 0 <= 0.028ns, 0 <= 0.030ns, 0 <= 0.037ns, 0 > 0.037ns}
-----------------------------------------------------------------------------------------------------------------------------------------------------------------------------------------------------------------------------

Count of violations across all clock trees:
===========================================

---------------------------------------------------------------------------------------
Clock Tree  # Max capacitance  # Max resistance  # Max length  # Max fanout  # Slew
Name        violations         violations        violations    violations    violations
---------------------------------------------------------------------------------------
clk                 0                 0               0             0            24
---------------------------------------------------------------------------------------
Total               0                 0               0             0            24
---------------------------------------------------------------------------------------

Note the above table per clock tree is based on CCOpt clock tree view. The violations are counted across half corners.

Found a total of 0 clock tree pins with max capacitance violations.
Found a total of 0 clock tree nets with max resistance violations.
Found a total of 0 clock tree nets with max length violations.
Found a total of 0 clock tree nets with max fanout violations.
Found a total of 24 clock tree pins with a slew violation.

Slew violation summary across all clock trees - Top 10 violating pins:
======================================================================

Target and measured clock slews (in ns):

-------------------------------------------------------------------------------------------------------------------------------------
Half corner                      Violation  Slew    Slew      Dont   Ideal  Target    Pin
                                 amount     target  achieved  touch  net?   source    
                                                              net?                    
-------------------------------------------------------------------------------------------------------------------------------------
delay_corner_wcl_slow:both.late    0.000    0.025    0.025    N      N      explicit  CTS_cdb_inv_00415/A
delay_corner_wcl_slow:both.late    0.000    0.025    0.025    N      N      explicit  CTS_cdb_inv_00414/Y
delay_corner_wcl_slow:both.late    0.000    0.025    0.025    N      N      explicit  pp_fir_2_1_1_sum1_12_re_1_reg[7]/CK
delay_corner_wcl_slow:both.late    0.000    0.025    0.025    N      N      explicit  pp_fir_2_1_1_sum1_12_re_1_reg[8]/CK
delay_corner_wcl_slow:both.late    0.000    0.025    0.025    N      N      explicit  pp_fir_2_1_1_sum1_12_re_1_reg[9]/CK
delay_corner_wcl_slow:both.late    0.000    0.025    0.025    N      N      explicit  pp_fir_2_1_1_sum1_12_re_1_reg[10]/CK
delay_corner_wcl_slow:both.late    0.000    0.025    0.025    N      N      explicit  pp_fir_2_1_1_sum1_12_re_1_reg[11]/CK
delay_corner_wcl_slow:both.late    0.000    0.025    0.025    N      N      explicit  pp_fir_2_1_1_Delay_Pipeline_reg_re_reg[8][8]/CK
delay_corner_wcl_slow:both.late    0.000    0.025    0.025    N      N      explicit  pp_fir_2_1_1_Delay_Pipeline_reg_re_reg[7][6]/CK
delay_corner_wcl_slow:both.late    0.000    0.025    0.025    N      N      explicit  CTS_ccl_a_inv_00005/Y
-------------------------------------------------------------------------------------------------------------------------------------

Target sources:
auto extracted - target was extracted from SDC.
auto computed - target was computed when balancing trees.
explicit - target is explicitly set via cts_target_max_transition_time attribute.
pin explicit - target is explicitly set for this pin via cts_pin_target_max_transition_time attribute.
liberty explicit - target is explicitly set via max_transition from liberty library.

Found 0 pins on nets marked dont_touch that have slew violations.
Found 0 pins on nets marked dont_touch that do not have slew violations.
Found 0 pins on nets marked ideal_network that have slew violations.
Found 0 pins on nets marked ideal_network that do not have slew violations.


Report for clock tree: clk:
===========================

Clock Tree Gating Structure (Logical):

# Full cycle clock gates   : 0
Minimum clock gating depth : 0
Maximum clock gating depth : 0
Clock gate area (um^2)     : 0.000

Clock Tree Buffering Structure (Logical):

# Buffers             :   0
# Inverters           : 418
  Total               : 418
Minimum depth         :  12
Maximum depth         :  16
Buffering area (um^2) : 363.888

Clock Tree Level Structure (Logical):

-----------------------------------------------------------------
Level  Full   Posedge  Negedge  Memory  Enable  Non enable  Other
       Cycle  Flops    Flops    Clock   Latch   Latch       Sinks
                                Pins    Sinks   Sinks       
-----------------------------------------------------------------
root     0     3694       0       0       0         0         0
-----------------------------------------------------------------
Total    0     3694       0       0       0         0         0
-----------------------------------------------------------------

Target and measured clock slews (in ns):

----------------------------------------------------------------------------------------------------------------------------------------------
Timing Corner                        Worst Rising  Worst Falling  Worst Rising  Worst Falling  Leaf Slew    Leaf Slew  Trunk Slew   Trunk Slew
                                     Leaf Slew     Leaf Slew      Trunk Slew    Trunk Slew     Target Type  Target     Target Type  Target
----------------------------------------------------------------------------------------------------------------------------------------------
delay_corner_wcl_fast:both.early        0.013          0.016         0.013          0.016      ignored          -      ignored          -
delay_corner_wcl_fast:both.late         0.013          0.016         0.013          0.016      ignored          -      ignored          -
delay_corner_wcl_slow:both.early        0.021          0.025         0.021          0.025      ignored          -      ignored          -
delay_corner_wcl_slow:both.late         0.021          0.025         0.021          0.025      explicit     *0.025     explicit     *0.025
delay_corner_wcl_typical:both.early     0.016          0.019         0.016          0.020      ignored          -      ignored          -
delay_corner_wcl_typical:both.late      0.016          0.019         0.016          0.020      ignored          -      ignored          -
----------------------------------------------------------------------------------------------------------------------------------------------

* - indicates that target was not met.

auto extracted - target was extracted from SDC.
auto computed - target was computed when balancing trees.

