###############################################################
#  Generated by:      Cadence Innovus 23.10-p003_1
#  OS:                Linux x86_64(Host ID tc245)
#  Generated on:      Tue Feb 18 20:44:23 2025
#  Design:            pp_fir_u_2
#  Command:           report_skew_groups -out_file RPT/rskg_full.rpt
###############################################################

Skew Group Structure:
=====================

---------------------------------------------------------------------------------
Skew Group                    Sources    Constrained Sinks    Unconstrained Sinks
---------------------------------------------------------------------------------
clk/functional_wcl_typical       1             3694                    0
---------------------------------------------------------------------------------

Skew Group Summary:
===================

------------------------------------------------------------------------------------------------------------------------------------------------------------------------------------------------
Timing Corner                          Skew Group                    ID Target    Min ID    Max ID    Avg ID    Std.Dev. ID    Skew Target Type    Skew Target    Skew     Skew window occupancy
------------------------------------------------------------------------------------------------------------------------------------------------------------------------------------------------
delay_corner_wcl_slow:both.early       clk/functional_wcl_typical        -        0.182     0.207     0.196        0.006       ignored                  -         0.025              -
delay_corner_wcl_slow:both.late        clk/functional_wcl_typical    *0.200       0.186     0.210     0.199        0.006       explicit            *0.010         0.024    59.5% {0.194, 0.204}
delay_corner_wcl_fast:both.early       clk/functional_wcl_typical        -        0.107     0.121     0.115        0.003       ignored                  -         0.014              -
delay_corner_wcl_fast:both.late        clk/functional_wcl_typical        -        0.110     0.124     0.117        0.003       ignored                  -         0.014              -
delay_corner_wcl_typical:both.early    clk/functional_wcl_typical        -        0.139     0.158     0.148        0.004       ignored                  -         0.019              -
delay_corner_wcl_typical:both.late     clk/functional_wcl_typical        -        0.142     0.160     0.151        0.004       ignored                  -         0.018              -
------------------------------------------------------------------------------------------------------------------------------------------------------------------------------------------------

* - indicates that target was not met.

Skew Group Min/Max path pins:
=============================

---------------------------------------------------------------------------------------------------------
Timing Corner                          Skew Group                    Min ID    PathID    Max ID    PathID
---------------------------------------------------------------------------------------------------------
delay_corner_wcl_slow:both.early       clk/functional_wcl_typical    0.182        1      0.207        2
-    min signed_mag_2_mag_re_reg[207]/CK
-    max pp_fir_2_1_1_Delay_Pipeline_reg_re_reg[14][13]/CK
delay_corner_wcl_slow:both.late        clk/functional_wcl_typical    0.186        3      0.210        4
-    min signed_mag_2_mag_re_reg[207]/CK
-    max pp_fir_2_1_1_sum3_4_im_1_reg[6]/CK
delay_corner_wcl_fast:both.early       clk/functional_wcl_typical    0.107        5      0.121        6
-    min signed_mag_2_mag_re_reg[207]/CK
-    max pp_fir_2_1_1_sum3_4_re_1_reg[11]/CK
delay_corner_wcl_fast:both.late        clk/functional_wcl_typical    0.110        7      0.124        8
-    min signed_mag_2_mag_re_reg[207]/CK
-    max pp_fir_2_1_1_sum3_4_im_1_reg[7]/CK
delay_corner_wcl_typical:both.early    clk/functional_wcl_typical    0.139        9      0.158       10
-    min signed_mag_2_mag_re_reg[207]/CK
-    max pp_fir_2_1_1_sum3_4_im_1_reg[6]/CK
delay_corner_wcl_typical:both.late     clk/functional_wcl_typical    0.142       11      0.160       12
-    min signed_mag_2_mag_re_reg[207]/CK
-    max pp_fir_2_1_1_sum3_4_im_1_reg[6]/CK
---------------------------------------------------------------------------------------------------------

Timing for timing corner delay_corner_wcl_slow:both.early, min clock_path:
==========================================================================

PathID    : 1
Path type : skew group clk/functional_wcl_typical (path 1 of 1)
Start     : clk
End       : signed_mag_2_mag_re_reg[207]/CK
Delay     : 0.182

-----------------------------------------------------------------------------------------------------------------
Name  Lib cell                   Event  Incr   Arrival  Slew   Cap    Location           Distance  Fanout  Status
                                        (ns)   (ns)     (ns)   (pF)                      (um)              
-- Clockpath trace ----------------------------------------------------------------------------------------------
clk
-     -                          rise   -       0.000   0.004  0.025  (102.020,179.950)  -           4     
CTS_cdb_inv_00422/A
-     INV_X2B_A9PP140ZTL_C30     rise   0.002   0.002   0.006  -      (92.700,168.650)    20.620   -       
CTS_cdb_inv_00422/Y
-     INV_X2B_A9PP140ZTL_C30     fall   0.015   0.016   0.024  0.006  (92.840,168.850)     0.340     1     
CTS_cdb_inv_00423/A
-     INV_X2B_A9PP140ZTL_C30     fall   0.001   0.017   0.024  -      (132.040,169.550)   39.900   -       
CTS_cdb_inv_00423/Y
-     INV_X2B_A9PP140ZTL_C30     rise   0.017   0.034   0.020  0.005  (131.900,169.350)    0.340     1     
CTS_cdb_inv_00424/A
-     INV_X2B_A9PP140ZTL_C30     rise   0.001   0.035   0.020  -      (108.520,179.450)   33.480   -       
CTS_cdb_inv_00424/Y
-     INV_X2B_A9PP140ZTL_C30     fall   0.017   0.052   0.024  0.005  (108.660,179.650)    0.340     1     
CTS_cdb_inv_00425/A
-     INV_X2B_A9PP140ZTL_C30     fall   0.001   0.052   0.024  -      (106.280,151.550)   30.480   -       
CTS_cdb_inv_00425/Y
-     INV_X2B_A9PP140ZTL_C30     rise   0.017   0.069   0.020  0.005  (106.140,151.350)    0.340     1     
CTS_cdb_inv_00426/A
-     INV_X2B_A9PP140ZTL_C30     rise   0.001   0.070   0.020  -      (94.800,172.250)    32.240   -       
CTS_cdb_inv_00426/Y
-     INV_X2B_A9PP140ZTL_C30     fall   0.017   0.087   0.024  0.005  (94.940,172.450)     0.340     1     
CTS_cdb_inv_00427/A
-     INV_X2B_A9PP140ZTL_C30     fall   0.001   0.087   0.024  -      (124.200,172.250)   29.460   -       
CTS_cdb_inv_00427/Y
-     INV_X2B_A9PP140ZTL_C30     rise   0.015   0.102   0.018  0.004  (124.340,172.450)    0.340     1     
CTS_ccl_a_inv_00379/A
-     INV_X4B_A9PP140ZTL_C30     rise   0.000   0.103   0.018  -      (117.200,165.050)   14.540   -       
CTS_ccl_a_inv_00379/Y
-     INV_X4B_A9PP140ZTL_C30     fall   0.016   0.118   0.022  0.009  (117.340,164.850)    0.340     2     
CTS_ccl_a_inv_00375/A
-     INV_X4B_A9PP140ZTL_C30     fall   0.001   0.119   0.022  -      (146.180,166.850)   30.840   -       
CTS_ccl_a_inv_00375/Y
-     INV_X4B_A9PP140ZTL_C30     rise   0.014   0.133   0.016  0.008  (146.320,166.650)    0.340     2     
CTS_ccl_a_inv_00366/A
-     INV_X6B_A9PP140ZTL_C30     rise   0.000   0.133   0.016  -      (161.440,169.550)   18.020   -       
CTS_ccl_a_inv_00366/Y
-     INV_X6B_A9PP140ZTL_C30     fall   0.013   0.147   0.018  0.010  (161.300,169.750)    0.340     3     
CTS_ccl_a_inv_00350/A
-     INV_X4B_A9PP140ZTL_C30     fall   0.000   0.147   0.018  -      (162.000,171.350)    2.300   -       
CTS_ccl_a_inv_00350/Y
-     INV_X4B_A9PP140ZTL_C30     rise   0.012   0.159   0.015  0.007  (161.860,171.550)    0.340     2     
CTS_ccl_a_inv_00315/A
-     INV_X6B_A9PP140ZTL_C30     rise   0.000   0.160   0.015  -      (162.000,174.050)    2.640   -       
CTS_ccl_a_inv_00315/Y
-     INV_X6B_A9PP140ZTL_C30     fall   0.014   0.173   0.019  0.011  (162.140,173.850)    0.340     3     
CTS_ccl_a_inv_00154/A
-     INV_X7P5B_A9PP140ZTL_C30   fall   0.000   0.173   0.019  -      (163.400,174.050)    1.460   -       
CTS_ccl_a_inv_00154/Y
-     INV_X7P5B_A9PP140ZTL_C30   rise   0.009   0.182   0.010  0.006  (163.540,173.850)    0.340     9     
signed_mag_2_mag_re_reg[207]/CK
-     DFFRPQ_X1M_A9PP140ZTL_C30  rise   0.000   0.182   0.010  -      (162.280,171.350)    3.760   -       
-----------------------------------------------------------------------------------------------------------------

Timing for timing corner delay_corner_wcl_slow:both.early, max clock_path:
==========================================================================

PathID    : 2
Path type : skew group clk/functional_wcl_typical (path 1 of 1)
Start     : clk
End       : pp_fir_2_1_1_Delay_Pipeline_reg_re_reg[14][10]/CK
Delay     : 0.207

-----------------------------------------------------------------------------------------------------------------
Name  Lib cell                   Event  Incr   Arrival  Slew   Cap    Location           Distance  Fanout  Status
                                        (ns)   (ns)     (ns)   (pF)                      (um)              
-- Clockpath trace ----------------------------------------------------------------------------------------------
clk
-     -                          rise   -       0.000   0.004  0.025  (102.020,179.950)  -            4    
CTS_cdb_inv_00410/A
-     INV_X2B_A9PP140ZTL_C30     rise   0.007   0.007   0.014  -      (112.300,66.050)   124.180   -       
CTS_cdb_inv_00410/Y
-     INV_X2B_A9PP140ZTL_C30     fall   0.011   0.018   0.015  0.003  (112.160,66.250)     0.340      1    
CTS_cdb_inv_00411/A
-     INV_X2B_A9PP140ZTL_C30     fall   0.000   0.019   0.015  -      (109.640,75.950)    12.220   -       
CTS_cdb_inv_00411/Y
-     INV_X2B_A9PP140ZTL_C30     rise   0.010   0.029   0.012  0.003  (109.500,75.750)     0.340      1    
CTS_cdb_inv_00412/A
-     INV_X2B_A9PP140ZTL_C30     rise   0.000   0.029   0.012  -      (104.740,82.250)    11.260   -       
CTS_cdb_inv_00412/Y
-     INV_X2B_A9PP140ZTL_C30     fall   0.014   0.043   0.021  0.005  (104.880,82.450)     0.340      1    
CTS_cdb_inv_00413/A
-     INV_X2B_A9PP140ZTL_C30     fall   0.000   0.044   0.021  -      (103.060,59.750)    24.520   -       
CTS_cdb_inv_00413/Y
-     INV_X2B_A9PP140ZTL_C30     rise   0.015   0.059   0.018  0.005  (102.920,59.550)     0.340      1    
CTS_cdb_inv_00414/A
-     INV_X2B_A9PP140ZTL_C30     rise   0.001   0.060   0.018  -      (95.080,79.550)     27.840   -       
CTS_cdb_inv_00414/Y
-     INV_X2B_A9PP140ZTL_C30     fall   0.018   0.077   0.025  0.006  (95.220,79.350)      0.340      1    
CTS_cdb_inv_00415/A
-     INV_X2B_A9PP140ZTL_C30     fall   0.001   0.078   0.025  -      (99.560,50.750)     32.940   -       
CTS_cdb_inv_00415/Y
-     INV_X2B_A9PP140ZTL_C30     rise   0.014   0.092   0.017  0.004  (99.420,50.550)      0.340      1    
CTS_ccl_a_inv_00377/A
-     INV_X4B_A9PP140ZTL_C30     rise   0.000   0.092   0.017  -      (106.980,48.050)    10.060   -       
CTS_ccl_a_inv_00377/Y
-     INV_X4B_A9PP140ZTL_C30     fall   0.012   0.105   0.017  0.006  (106.840,47.850)     0.340      2    
CTS_cdb_inv_00438/A
-     INV_X2B_A9PP140ZTL_C30     fall   0.001   0.105   0.017  -      (80.520,41.750)     32.420   -       
CTS_cdb_inv_00438/Y
-     INV_X2B_A9PP140ZTL_C30     rise   0.010   0.116   0.012  0.002  (80.380,41.550)      0.340      1    
CTS_cdb_inv_00439/A
-     INV_X2B_A9PP140ZTL_C30     rise   0.000   0.116   0.012  -      (71.560,41.750)      9.020   -       
CTS_cdb_inv_00439/Y
-     INV_X2B_A9PP140ZTL_C30     fall   0.012   0.128   0.017  0.003  (71.420,41.550)      0.340      1    
CTS_ccl_a_inv_00370/A
-     INV_X6B_A9PP140ZTL_C30     fall   0.000   0.128   0.017  -      (69.600,40.850)      2.520   -       
CTS_ccl_a_inv_00370/Y
-     INV_X6B_A9PP140ZTL_C30     rise   0.010   0.138   0.012  0.008  (69.460,40.650)      0.340      2    
CTS_ccl_a_inv_00358/A
-     INV_X2B_A9PP140ZTL_C30     rise   0.001   0.139   0.012  -      (28.720,40.850)     40.940   -       
CTS_ccl_a_inv_00358/Y
-     INV_X2B_A9PP140ZTL_C30     fall   0.016   0.155   0.024  0.005  (28.860,41.050)      0.340      2    
CTS_ccl_a_inv_00332/A
-     INV_X4B_A9PP140ZTL_C30     fall   0.000   0.155   0.024  -      (28.160,41.750)      1.400   -       
CTS_ccl_a_inv_00332/Y
-     INV_X4B_A9PP140ZTL_C30     rise   0.017   0.172   0.021  0.011  (28.020,41.950)      0.340      3    
CTS_ccl_a_inv_00258/A
-     INV_X4B_A9PP140ZTL_C30     rise   0.001   0.173   0.021  -      (26.200,60.650)     20.520   -       
CTS_ccl_a_inv_00258/Y
-     INV_X4B_A9PP140ZTL_C30     fall   0.016   0.189   0.023  0.009  (26.340,60.450)      0.340      2    
CTS_ccl_a_inv_00026/A
-     INV_X6B_A9PP140ZTL_C30     fall   0.001   0.190   0.023  -      (14.300,63.350)     14.940   -       
CTS_ccl_a_inv_00026/Y
-     INV_X6B_A9PP140ZTL_C30     rise   0.016   0.206   0.020  0.016  (14.160,63.550)      0.340     16    
pp_fir_2_1_1_Delay_Pipeline_reg_re_reg[14][10]/CK
-     DFFRPQ_X4M_A9PP140ZTL_C30  rise   0.001   0.207   0.020  -      (1.420,72.350)      21.540   -       
-----------------------------------------------------------------------------------------------------------------

Timing for timing corner delay_corner_wcl_slow:both.late, min clock_path:
=========================================================================

PathID    : 3
Path type : skew group clk/functional_wcl_typical (path 1 of 1)
Start     : clk
End       : signed_mag_2_mag_re_reg[207]/CK
Delay     : 0.186

-----------------------------------------------------------------------------------------------------------------
Name  Lib cell                   Event  Incr   Arrival  Slew   Cap    Location           Distance  Fanout  Status
                                        (ns)   (ns)     (ns)   (pF)                      (um)              
-- Clockpath trace ----------------------------------------------------------------------------------------------
clk
-     -                          rise   -       0.000   0.004  0.025  (102.020,179.950)  -           4     
CTS_cdb_inv_00422/A
-     INV_X2B_A9PP140ZTL_C30     rise   0.002   0.002   0.006  -      (92.700,168.650)    20.620   -       
CTS_cdb_inv_00422/Y
-     INV_X2B_A9PP140ZTL_C30     fall   0.015   0.016   0.024  0.006  (92.840,168.850)     0.340     1     
CTS_cdb_inv_00423/A
-     INV_X2B_A9PP140ZTL_C30     fall   0.001   0.017   0.024  -      (132.040,169.550)   39.900   -       
CTS_cdb_inv_00423/Y
-     INV_X2B_A9PP140ZTL_C30     rise   0.017   0.034   0.020  0.005  (131.900,169.350)    0.340     1     
CTS_cdb_inv_00424/A
-     INV_X2B_A9PP140ZTL_C30     rise   0.001   0.035   0.020  -      (108.520,179.450)   33.480   -       
CTS_cdb_inv_00424/Y
-     INV_X2B_A9PP140ZTL_C30     fall   0.017   0.052   0.024  0.005  (108.660,179.650)    0.340     1     
CTS_cdb_inv_00425/A
-     INV_X2B_A9PP140ZTL_C30     fall   0.001   0.054   0.024  -      (106.280,151.550)   30.480   -       
CTS_cdb_inv_00425/Y
-     INV_X2B_A9PP140ZTL_C30     rise   0.017   0.071   0.020  0.005  (106.140,151.350)    0.340     1     
CTS_cdb_inv_00426/A
-     INV_X2B_A9PP140ZTL_C30     rise   0.001   0.072   0.020  -      (94.800,172.250)    32.240   -       
CTS_cdb_inv_00426/Y
-     INV_X2B_A9PP140ZTL_C30     fall   0.017   0.089   0.024  0.005  (94.940,172.450)     0.340     1     
CTS_cdb_inv_00427/A
-     INV_X2B_A9PP140ZTL_C30     fall   0.001   0.090   0.024  -      (124.200,172.250)   29.460   -       
CTS_cdb_inv_00427/Y
-     INV_X2B_A9PP140ZTL_C30     rise   0.015   0.105   0.018  0.004  (124.340,172.450)    0.340     1     
CTS_ccl_a_inv_00379/A
-     INV_X4B_A9PP140ZTL_C30     rise   0.001   0.105   0.018  -      (117.200,165.050)   14.540   -       
CTS_ccl_a_inv_00379/Y
-     INV_X4B_A9PP140ZTL_C30     fall   0.016   0.121   0.022  0.009  (117.340,164.850)    0.340     2     
CTS_ccl_a_inv_00375/A
-     INV_X4B_A9PP140ZTL_C30     fall   0.001   0.122   0.022  -      (146.180,166.850)   30.840   -       
CTS_ccl_a_inv_00375/Y
-     INV_X4B_A9PP140ZTL_C30     rise   0.014   0.136   0.016  0.008  (146.320,166.650)    0.340     2     
CTS_ccl_a_inv_00366/A
-     INV_X6B_A9PP140ZTL_C30     rise   0.001   0.136   0.016  -      (161.440,169.550)   18.020   -       
CTS_ccl_a_inv_00366/Y
-     INV_X6B_A9PP140ZTL_C30     fall   0.013   0.150   0.018  0.010  (161.300,169.750)    0.340     3     
CTS_ccl_a_inv_00350/A
-     INV_X4B_A9PP140ZTL_C30     fall   0.000   0.150   0.018  -      (162.000,171.350)    2.300   -       
CTS_ccl_a_inv_00350/Y
-     INV_X4B_A9PP140ZTL_C30     rise   0.012   0.163   0.015  0.007  (161.860,171.550)    0.340     2     
CTS_ccl_a_inv_00315/A
-     INV_X6B_A9PP140ZTL_C30     rise   0.001   0.163   0.015  -      (162.000,174.050)    2.640   -       
CTS_ccl_a_inv_00315/Y
-     INV_X6B_A9PP140ZTL_C30     fall   0.014   0.177   0.019  0.011  (162.140,173.850)    0.340     3     
CTS_ccl_a_inv_00154/A
-     INV_X7P5B_A9PP140ZTL_C30   fall   0.000   0.177   0.019  -      (163.400,174.050)    1.460   -       
CTS_ccl_a_inv_00154/Y
-     INV_X7P5B_A9PP140ZTL_C30   rise   0.009   0.186   0.010  0.006  (163.540,173.850)    0.340     9     
signed_mag_2_mag_re_reg[207]/CK
-     DFFRPQ_X1M_A9PP140ZTL_C30  rise   0.000   0.186   0.010  -      (162.280,171.350)    3.760   -       
-----------------------------------------------------------------------------------------------------------------

Timing for timing corner delay_corner_wcl_slow:both.late, max clock_path:
=========================================================================

PathID    : 4
Path type : skew group clk/functional_wcl_typical (path 1 of 1)
Start     : clk
End       : pp_fir_2_1_1_Delay_Pipeline_reg_im_reg[7][14]/CK
Delay     : 0.210

-----------------------------------------------------------------------------------------------------------------
Name  Lib cell                   Event  Incr   Arrival  Slew   Cap    Location           Distance  Fanout  Status
                                        (ns)   (ns)     (ns)   (pF)                      (um)              
-- Clockpath trace ----------------------------------------------------------------------------------------------
clk
-     -                          rise   -       0.000   0.004  0.025  (102.020,179.950)  -            4    
CTS_cdb_inv_00416/A
-     INV_X2B_A9PP140ZTL_C30     rise   0.006   0.006   0.014  -      (134.140,113.750)   98.320   -       
CTS_cdb_inv_00416/Y
-     INV_X2B_A9PP140ZTL_C30     fall   0.014   0.020   0.020  0.004  (134.000,113.550)    0.340      1    
CTS_cdb_inv_00417/A
-     INV_X2B_A9PP140ZTL_C30     fall   0.001   0.021   0.020  -      (142.960,98.450)    24.060   -       
CTS_cdb_inv_00417/Y
-     INV_X2B_A9PP140ZTL_C30     rise   0.015   0.036   0.019  0.005  (143.100,98.650)     0.340      1    
CTS_cdb_inv_00418/A
-     INV_X2B_A9PP140ZTL_C30     rise   0.001   0.038   0.019  -      (150.800,120.950)   30.000   -       
CTS_cdb_inv_00418/Y
-     INV_X2B_A9PP140ZTL_C30     fall   0.017   0.054   0.024  0.005  (150.660,120.750)    0.340      1    
CTS_cdb_inv_00419/A
-     INV_X4B_A9PP140ZTL_C30     fall   0.001   0.056   0.024  -      (152.200,99.350)    22.940   -       
CTS_cdb_inv_00419/Y
-     INV_X4B_A9PP140ZTL_C30     rise   0.012   0.068   0.015  0.006  (152.060,99.550)     0.340      1    
CTS_cdb_inv_00420/A
-     INV_X2B_A9PP140ZTL_C30     rise   0.001   0.069   0.015  -      (160.320,128.150)   36.860   -       
CTS_cdb_inv_00420/Y
-     INV_X2B_A9PP140ZTL_C30     fall   0.017   0.085   0.024  0.005  (160.180,127.950)    0.340      1    
CTS_cdb_inv_00421/A
-     INV_X2B_A9PP140ZTL_C30     fall   0.001   0.087   0.024  -      (151.080,103.850)   33.200   -       
CTS_cdb_inv_00421/Y
-     INV_X2B_A9PP140ZTL_C30     rise   0.017   0.104   0.021  0.005  (151.220,104.050)    0.340      1    
CTS_ccl_a_inv_00378/A
-     INV_X7P5B_A9PP140ZTL_C30   rise   0.001   0.104   0.021  -      (153.600,111.950)   10.280   -       
CTS_ccl_a_inv_00378/Y
-     INV_X7P5B_A9PP140ZTL_C30   fall   0.012   0.117   0.021  0.013  (153.740,112.150)    0.340      2    
CTS_ccl_a_inv_00371/A
-     INV_X6B_A9PP140ZTL_C30     fall   0.004   0.121   0.022  -      (173.760,66.950)    65.220   -       
CTS_ccl_a_inv_00371/Y
-     INV_X6B_A9PP140ZTL_C30     rise   0.012   0.133   0.015  0.010  (173.620,67.150)     0.340      2    
CTS_ccl_a_inv_00361/A
-     INV_X4B_A9PP140ZTL_C30     rise   0.001   0.134   0.015  -      (184.120,65.150)    12.500   -       
CTS_ccl_a_inv_00361/Y
-     INV_X4B_A9PP140ZTL_C30     fall   0.015   0.149   0.021  0.009  (183.980,65.350)     0.340      2    
CTS_cdb_inv_00442/A
-     INV_X4B_A9PP140ZTL_C30     fall   0.001   0.150   0.021  -      (187.340,31.850)    36.860   -       
CTS_cdb_inv_00442/Y
-     INV_X4B_A9PP140ZTL_C30     rise   0.008   0.158   0.010  0.003  (187.480,31.650)     0.340      1    
CTS_cdb_inv_00443/A
-     INV_X4B_A9PP140ZTL_C30     rise   0.000   0.158   0.010  -      (188.460,30.050)     2.580   -       
CTS_cdb_inv_00443/Y
-     INV_X4B_A9PP140ZTL_C30     fall   0.009   0.168   0.012  0.004  (188.600,29.850)     0.340      1    
CTS_ccl_a_inv_00329/A
-     INV_X7P5B_A9PP140ZTL_C30   fall   0.000   0.168   0.012  -      (187.340,28.250)     2.860   -       
CTS_ccl_a_inv_00329/Y
-     INV_X7P5B_A9PP140ZTL_C30   rise   0.009   0.177   0.011  0.011  (187.480,28.050)     0.340      3    
CTS_ccl_a_inv_00252/A
-     INV_X4B_A9PP140ZTL_C30     rise   0.001   0.178   0.011  -      (175.440,30.050)    14.040   -       
CTS_ccl_a_inv_00252/Y
-     INV_X4B_A9PP140ZTL_C30     fall   0.014   0.193   0.021  0.009  (175.300,29.850)     0.340      2    
CTS_ccl_a_inv_00080/A
-     INV_X7P5B_A9PP140ZTL_C30   fall   0.001   0.194   0.021  -      (172.080,37.250)    10.620   -       
CTS_ccl_a_inv_00080/Y
-     INV_X7P5B_A9PP140ZTL_C30   rise   0.014   0.208   0.020  0.020  (172.220,37.050)     0.340     24    
pp_fir_2_1_1_Delay_Pipeline_reg_im_reg[7][14]/CK
-     DFFRPQ_X3M_A9PP140ZTL_C30  rise   0.002   0.210   0.021  -      (171.940,47.150)    10.380   -       
-----------------------------------------------------------------------------------------------------------------

Timing for timing corner delay_corner_wcl_fast:both.early, min clock_path:
==========================================================================

PathID    : 5
Path type : skew group clk/functional_wcl_typical (path 1 of 1)
Start     : clk
End       : signed_mag_2_mag_re_reg[207]/CK
Delay     : 0.107

-----------------------------------------------------------------------------------------------------------------
Name  Lib cell                   Event  Incr   Arrival  Slew   Cap    Location           Distance  Fanout  Status
                                        (ns)   (ns)     (ns)   (pF)                      (um)              
-- Clockpath trace ----------------------------------------------------------------------------------------------
clk
-     -                          rise   -       0.000   0.004  0.027  (102.020,179.950)  -           4     
CTS_cdb_inv_00422/A
-     INV_X2B_A9PP140ZTL_C30     rise   0.001   0.001   0.005  -      (92.700,168.650)    20.620   -       
CTS_cdb_inv_00422/Y
-     INV_X2B_A9PP140ZTL_C30     fall   0.010   0.010   0.015  0.006  (92.840,168.850)     0.340     1     
CTS_cdb_inv_00423/A
-     INV_X2B_A9PP140ZTL_C30     fall   0.000   0.011   0.015  -      (132.040,169.550)   39.900   -       
CTS_cdb_inv_00423/Y
-     INV_X2B_A9PP140ZTL_C30     rise   0.010   0.020   0.012  0.005  (131.900,169.350)    0.340     1     
CTS_cdb_inv_00424/A
-     INV_X2B_A9PP140ZTL_C30     rise   0.000   0.021   0.012  -      (108.520,179.450)   33.480   -       
CTS_cdb_inv_00424/Y
-     INV_X2B_A9PP140ZTL_C30     fall   0.010   0.031   0.015  0.005  (108.660,179.650)    0.340     1     
CTS_cdb_inv_00425/A
-     INV_X2B_A9PP140ZTL_C30     fall   0.000   0.031   0.015  -      (106.280,151.550)   30.480   -       
CTS_cdb_inv_00425/Y
-     INV_X2B_A9PP140ZTL_C30     rise   0.010   0.041   0.013  0.006  (106.140,151.350)    0.340     1     
CTS_cdb_inv_00426/A
-     INV_X2B_A9PP140ZTL_C30     rise   0.000   0.042   0.013  -      (94.800,172.250)    32.240   -       
CTS_cdb_inv_00426/Y
-     INV_X2B_A9PP140ZTL_C30     fall   0.010   0.052   0.015  0.005  (94.940,172.450)     0.340     1     
CTS_cdb_inv_00427/A
-     INV_X2B_A9PP140ZTL_C30     fall   0.000   0.052   0.015  -      (124.200,172.250)   29.460   -       
CTS_cdb_inv_00427/Y
-     INV_X2B_A9PP140ZTL_C30     rise   0.009   0.061   0.011  0.004  (124.340,172.450)    0.340     1     
CTS_ccl_a_inv_00379/A
-     INV_X4B_A9PP140ZTL_C30     rise   0.000   0.061   0.011  -      (117.200,165.050)   14.540   -       
CTS_ccl_a_inv_00379/Y
-     INV_X4B_A9PP140ZTL_C30     fall   0.009   0.070   0.014  0.009  (117.340,164.850)    0.340     2     
CTS_ccl_a_inv_00375/A
-     INV_X4B_A9PP140ZTL_C30     fall   0.000   0.071   0.014  -      (146.180,166.850)   30.840   -       
CTS_ccl_a_inv_00375/Y
-     INV_X4B_A9PP140ZTL_C30     rise   0.008   0.079   0.010  0.008  (146.320,166.650)    0.340     2     
CTS_ccl_a_inv_00366/A
-     INV_X6B_A9PP140ZTL_C30     rise   0.000   0.079   0.010  -      (161.440,169.550)   18.020   -       
CTS_ccl_a_inv_00366/Y
-     INV_X6B_A9PP140ZTL_C30     fall   0.008   0.087   0.011  0.011  (161.300,169.750)    0.340     3     
CTS_ccl_a_inv_00350/A
-     INV_X4B_A9PP140ZTL_C30     fall   0.000   0.087   0.011  -      (162.000,171.350)    2.300   -       
CTS_ccl_a_inv_00350/Y
-     INV_X4B_A9PP140ZTL_C30     rise   0.007   0.094   0.009  0.008  (161.860,171.550)    0.340     2     
CTS_ccl_a_inv_00315/A
-     INV_X6B_A9PP140ZTL_C30     rise   0.000   0.094   0.009  -      (162.000,174.050)    2.640   -       
CTS_ccl_a_inv_00315/Y
-     INV_X6B_A9PP140ZTL_C30     fall   0.008   0.103   0.012  0.012  (162.140,173.850)    0.340     3     
CTS_ccl_a_inv_00154/A
-     INV_X7P5B_A9PP140ZTL_C30   fall   0.000   0.103   0.012  -      (163.400,174.050)    1.460   -       
CTS_ccl_a_inv_00154/Y
-     INV_X7P5B_A9PP140ZTL_C30   rise   0.005   0.107   0.006  0.006  (163.540,173.850)    0.340     9     
signed_mag_2_mag_re_reg[207]/CK
-     DFFRPQ_X1M_A9PP140ZTL_C30  rise   0.000   0.107   0.006  -      (162.280,171.350)    3.760   -       
-----------------------------------------------------------------------------------------------------------------

Timing for timing corner delay_corner_wcl_fast:both.early, max clock_path:
==========================================================================

PathID    : 6
Path type : skew group clk/functional_wcl_typical (path 1 of 1)
Start     : clk
End       : pp_fir_2_1_1_sum1_13_re_1_reg[23]/CK
Delay     : 0.121

-----------------------------------------------------------------------------------------------------------------
Name  Lib cell                   Event  Incr   Arrival  Slew   Cap    Location           Distance  Fanout  Status
                                        (ns)   (ns)     (ns)   (pF)                      (um)              
-- Clockpath trace ----------------------------------------------------------------------------------------------
clk
-     -                          rise   -       0.000   0.004  0.027  (102.020,179.950)  -            4    
CTS_cdb_inv_00410/A
-     INV_X2B_A9PP140ZTL_C30     rise   0.004   0.004   0.008  -      (112.300,66.050)   124.180   -       
CTS_cdb_inv_00410/Y
-     INV_X2B_A9PP140ZTL_C30     fall   0.007   0.010   0.009  0.003  (112.160,66.250)     0.340      1    
CTS_cdb_inv_00411/A
-     INV_X2B_A9PP140ZTL_C30     fall   0.000   0.011   0.009  -      (109.640,75.950)    12.220   -       
CTS_cdb_inv_00411/Y
-     INV_X2B_A9PP140ZTL_C30     rise   0.006   0.017   0.007  0.003  (109.500,75.750)     0.340      1    
CTS_cdb_inv_00412/A
-     INV_X2B_A9PP140ZTL_C30     rise   0.000   0.017   0.007  -      (104.740,82.250)    11.260   -       
CTS_cdb_inv_00412/Y
-     INV_X2B_A9PP140ZTL_C30     fall   0.009   0.025   0.013  0.005  (104.880,82.450)     0.340      1    
CTS_cdb_inv_00413/A
-     INV_X2B_A9PP140ZTL_C30     fall   0.000   0.026   0.013  -      (103.060,59.750)    24.520   -       
CTS_cdb_inv_00413/Y
-     INV_X2B_A9PP140ZTL_C30     rise   0.009   0.035   0.011  0.005  (102.920,59.550)     0.340      1    
CTS_cdb_inv_00414/A
-     INV_X2B_A9PP140ZTL_C30     rise   0.000   0.035   0.011  -      (95.080,79.550)     27.840   -       
CTS_cdb_inv_00414/Y
-     INV_X2B_A9PP140ZTL_C30     fall   0.011   0.046   0.016  0.006  (95.220,79.350)      0.340      1    
CTS_cdb_inv_00415/A
-     INV_X2B_A9PP140ZTL_C30     fall   0.000   0.046   0.016  -      (99.560,50.750)     32.940   -       
CTS_cdb_inv_00415/Y
-     INV_X2B_A9PP140ZTL_C30     rise   0.008   0.054   0.010  0.004  (99.420,50.550)      0.340      1    
CTS_ccl_a_inv_00377/A
-     INV_X4B_A9PP140ZTL_C30     rise   0.000   0.054   0.010  -      (106.980,48.050)    10.060   -       
CTS_ccl_a_inv_00377/Y
-     INV_X4B_A9PP140ZTL_C30     fall   0.007   0.062   0.010  0.006  (106.840,47.850)     0.340      2    
CTS_cdb_inv_00438/A
-     INV_X2B_A9PP140ZTL_C30     fall   0.000   0.062   0.010  -      (80.520,41.750)     32.420   -       
CTS_cdb_inv_00438/Y
-     INV_X2B_A9PP140ZTL_C30     rise   0.006   0.067   0.007  0.002  (80.380,41.550)      0.340      1    
CTS_cdb_inv_00439/A
-     INV_X2B_A9PP140ZTL_C30     rise   0.000   0.067   0.007  -      (71.560,41.750)      9.020   -       
CTS_cdb_inv_00439/Y
-     INV_X2B_A9PP140ZTL_C30     fall   0.007   0.075   0.011  0.004  (71.420,41.550)      0.340      1    
CTS_ccl_a_inv_00370/A
-     INV_X6B_A9PP140ZTL_C30     fall   0.000   0.075   0.011  -      (69.600,40.850)      2.520   -       
CTS_ccl_a_inv_00370/Y
-     INV_X6B_A9PP140ZTL_C30     rise   0.006   0.081   0.007  0.008  (69.460,40.650)      0.340      2    
CTS_ccl_a_inv_00356/A
-     INV_X4B_A9PP140ZTL_C30     rise   0.000   0.081   0.007  -      (66.520,40.850)      3.140   -       
CTS_ccl_a_inv_00356/Y
-     INV_X4B_A9PP140ZTL_C30     fall   0.007   0.088   0.010  0.007  (66.660,40.650)      0.340      2    
CTS_ccl_a_inv_00323/A
-     INV_X4B_A9PP140ZTL_C30     fall   0.000   0.088   0.010  -      (65.400,49.850)     10.460   -       
CTS_ccl_a_inv_00323/Y
-     INV_X4B_A9PP140ZTL_C30     rise   0.005   0.093   0.007  0.004  (65.540,49.650)      0.340      2    
CTS_ccl_a_inv_00256/A
-     INV_X4B_A9PP140ZTL_C30     rise   0.000   0.093   0.007  -      (65.540,54.350)      4.700   -       
CTS_ccl_a_inv_00256/Y
-     INV_X4B_A9PP140ZTL_C30     fall   0.010   0.103   0.015  0.011  (65.400,54.550)      0.340      3    
CTS_ccl_a_inv_00076/A
-     INV_X4B_A9PP140ZTL_C30     fall   0.000   0.103   0.015  -      (66.940,53.450)      2.640   -       
CTS_ccl_a_inv_00076/Y
-     INV_X4B_A9PP140ZTL_C30     rise   0.005   0.108   0.006  0.002  (67.080,53.250)      0.340      1    
CTS_cpc_drv_inv_00467/A
-     INV_X4B_A9PP140ZTL_C30     rise   0.000   0.108   0.006  -      (67.920,55.250)      2.840   -       
CTS_cpc_drv_inv_00467/Y
-     INV_X4B_A9PP140ZTL_C30     fall   0.005   0.113   0.007  0.004  (68.060,55.050)      0.340      1    
CTS_cpc_drv_inv_00468/A
-     INV_X7P5B_A9PP140ZTL_C30   fall   0.000   0.113   0.007  -      (69.600,55.250)      1.740   -       
CTS_cpc_drv_inv_00468/Y
-     INV_X7P5B_A9PP140ZTL_C30   rise   0.007   0.120   0.009  0.018  (69.740,55.050)      0.340     22    
pp_fir_2_1_1_sum1_13_re_1_reg[23]/CK
-     DFFRPQ_X3M_A9PP140ZTL_C30  rise   0.001   0.121   0.009  -      (63.720,47.150)     13.920   -       
-----------------------------------------------------------------------------------------------------------------

Timing for timing corner delay_corner_wcl_fast:both.late, min clock_path:
=========================================================================

PathID    : 7
Path type : skew group clk/functional_wcl_typical (path 1 of 1)
Start     : clk
End       : signed_mag_2_mag_re_reg[207]/CK
Delay     : 0.110

-----------------------------------------------------------------------------------------------------------------
Name  Lib cell                   Event  Incr   Arrival  Slew   Cap    Location           Distance  Fanout  Status
                                        (ns)   (ns)     (ns)   (pF)                      (um)              
-- Clockpath trace ----------------------------------------------------------------------------------------------
clk
-     -                          rise   -       0.000   0.004  0.027  (102.020,179.950)  -           4     
CTS_cdb_inv_00422/A
-     INV_X2B_A9PP140ZTL_C30     rise   0.001   0.001   0.005  -      (92.700,168.650)    20.620   -       
CTS_cdb_inv_00422/Y
-     INV_X2B_A9PP140ZTL_C30     fall   0.010   0.010   0.015  0.006  (92.840,168.850)     0.340     1     
CTS_cdb_inv_00423/A
-     INV_X2B_A9PP140ZTL_C30     fall   0.001   0.011   0.015  -      (132.040,169.550)   39.900   -       
CTS_cdb_inv_00423/Y
-     INV_X2B_A9PP140ZTL_C30     rise   0.010   0.021   0.012  0.005  (131.900,169.350)    0.340     1     
CTS_cdb_inv_00424/A
-     INV_X2B_A9PP140ZTL_C30     rise   0.001   0.021   0.012  -      (108.520,179.450)   33.480   -       
CTS_cdb_inv_00424/Y
-     INV_X2B_A9PP140ZTL_C30     fall   0.010   0.032   0.015  0.005  (108.660,179.650)    0.340     1     
CTS_cdb_inv_00425/A
-     INV_X2B_A9PP140ZTL_C30     fall   0.001   0.032   0.015  -      (106.280,151.550)   30.480   -       
CTS_cdb_inv_00425/Y
-     INV_X2B_A9PP140ZTL_C30     rise   0.010   0.042   0.013  0.006  (106.140,151.350)    0.340     1     
CTS_cdb_inv_00426/A
-     INV_X2B_A9PP140ZTL_C30     rise   0.001   0.043   0.013  -      (94.800,172.250)    32.240   -       
CTS_cdb_inv_00426/Y
-     INV_X2B_A9PP140ZTL_C30     fall   0.010   0.053   0.015  0.005  (94.940,172.450)     0.340     1     
CTS_cdb_inv_00427/A
-     INV_X2B_A9PP140ZTL_C30     fall   0.000   0.053   0.015  -      (124.200,172.250)   29.460   -       
CTS_cdb_inv_00427/Y
-     INV_X2B_A9PP140ZTL_C30     rise   0.009   0.062   0.011  0.004  (124.340,172.450)    0.340     1     
CTS_ccl_a_inv_00379/A
-     INV_X4B_A9PP140ZTL_C30     rise   0.000   0.062   0.011  -      (117.200,165.050)   14.540   -       
CTS_ccl_a_inv_00379/Y
-     INV_X4B_A9PP140ZTL_C30     fall   0.009   0.072   0.014  0.009  (117.340,164.850)    0.340     2     
CTS_ccl_a_inv_00375/A
-     INV_X4B_A9PP140ZTL_C30     fall   0.001   0.072   0.014  -      (146.180,166.850)   30.840   -       
CTS_ccl_a_inv_00375/Y
-     INV_X4B_A9PP140ZTL_C30     rise   0.008   0.081   0.010  0.008  (146.320,166.650)    0.340     2     
CTS_ccl_a_inv_00366/A
-     INV_X6B_A9PP140ZTL_C30     rise   0.000   0.081   0.010  -      (161.440,169.550)   18.020   -       
CTS_ccl_a_inv_00366/Y
-     INV_X6B_A9PP140ZTL_C30     fall   0.008   0.089   0.011  0.011  (161.300,169.750)    0.340     3     
CTS_ccl_a_inv_00350/A
-     INV_X4B_A9PP140ZTL_C30     fall   0.000   0.089   0.011  -      (162.000,171.350)    2.300   -       
CTS_ccl_a_inv_00350/Y
-     INV_X4B_A9PP140ZTL_C30     rise   0.007   0.096   0.009  0.008  (161.860,171.550)    0.340     2     
CTS_ccl_a_inv_00315/A
-     INV_X6B_A9PP140ZTL_C30     rise   0.000   0.097   0.009  -      (162.000,174.050)    2.640   -       
CTS_ccl_a_inv_00315/Y
-     INV_X6B_A9PP140ZTL_C30     fall   0.008   0.105   0.012  0.012  (162.140,173.850)    0.340     3     
CTS_ccl_a_inv_00154/A
-     INV_X7P5B_A9PP140ZTL_C30   fall   0.000   0.105   0.012  -      (163.400,174.050)    1.460   -       
CTS_ccl_a_inv_00154/Y
-     INV_X7P5B_A9PP140ZTL_C30   rise   0.005   0.110   0.006  0.006  (163.540,173.850)    0.340     9     
signed_mag_2_mag_re_reg[207]/CK
-     DFFRPQ_X1M_A9PP140ZTL_C30  rise   0.000   0.110   0.006  -      (162.280,171.350)    3.760   -       
-----------------------------------------------------------------------------------------------------------------

Timing for timing corner delay_corner_wcl_fast:both.late, max clock_path:
=========================================================================

PathID    : 8
Path type : skew group clk/functional_wcl_typical (path 1 of 1)
Start     : clk
End       : pp_fir_2_1_1_Delay_Pipeline_reg_im_reg[7][14]/CK
Delay     : 0.124

-----------------------------------------------------------------------------------------------------------------
Name  Lib cell                   Event  Incr   Arrival  Slew   Cap    Location           Distance  Fanout  Status
                                        (ns)   (ns)     (ns)   (pF)                      (um)              
-- Clockpath trace ----------------------------------------------------------------------------------------------
clk
-     -                          rise   -       0.000   0.004  0.027  (102.020,179.950)  -            4    
CTS_cdb_inv_00416/A
-     INV_X2B_A9PP140ZTL_C30     rise   0.003   0.003   0.008  -      (134.140,113.750)   98.320   -       
CTS_cdb_inv_00416/Y
-     INV_X2B_A9PP140ZTL_C30     fall   0.009   0.012   0.012  0.005  (134.000,113.550)    0.340      1    
CTS_cdb_inv_00417/A
-     INV_X2B_A9PP140ZTL_C30     fall   0.000   0.012   0.012  -      (142.960,98.450)    24.060   -       
CTS_cdb_inv_00417/Y
-     INV_X2B_A9PP140ZTL_C30     rise   0.009   0.021   0.011  0.005  (143.100,98.650)     0.340      1    
CTS_cdb_inv_00418/A
-     INV_X2B_A9PP140ZTL_C30     rise   0.001   0.022   0.011  -      (150.800,120.950)   30.000   -       
CTS_cdb_inv_00418/Y
-     INV_X2B_A9PP140ZTL_C30     fall   0.010   0.032   0.015  0.005  (150.660,120.750)    0.340      1    
CTS_cdb_inv_00419/A
-     INV_X4B_A9PP140ZTL_C30     fall   0.000   0.032   0.015  -      (152.200,99.350)    22.940   -       
CTS_cdb_inv_00419/Y
-     INV_X4B_A9PP140ZTL_C30     rise   0.007   0.039   0.009  0.006  (152.060,99.550)     0.340      1    
CTS_cdb_inv_00420/A
-     INV_X2B_A9PP140ZTL_C30     rise   0.001   0.040   0.009  -      (160.320,128.150)   36.860   -       
CTS_cdb_inv_00420/Y
-     INV_X2B_A9PP140ZTL_C30     fall   0.010   0.050   0.015  0.006  (160.180,127.950)    0.340      1    
CTS_cdb_inv_00421/A
-     INV_X2B_A9PP140ZTL_C30     fall   0.001   0.051   0.015  -      (151.080,103.850)   33.200   -       
CTS_cdb_inv_00421/Y
-     INV_X2B_A9PP140ZTL_C30     rise   0.010   0.061   0.013  0.006  (151.220,104.050)    0.340      1    
CTS_ccl_a_inv_00378/A
-     INV_X7P5B_A9PP140ZTL_C30   rise   0.000   0.061   0.013  -      (153.600,111.950)   10.280   -       
CTS_ccl_a_inv_00378/Y
-     INV_X7P5B_A9PP140ZTL_C30   fall   0.008   0.069   0.013  0.014  (153.740,112.150)    0.340      2    
CTS_ccl_a_inv_00371/A
-     INV_X6B_A9PP140ZTL_C30     fall   0.002   0.071   0.013  -      (173.760,66.950)    65.220   -       
CTS_ccl_a_inv_00371/Y
-     INV_X6B_A9PP140ZTL_C30     rise   0.007   0.078   0.009  0.010  (173.620,67.150)     0.340      2    
CTS_ccl_a_inv_00361/A
-     INV_X4B_A9PP140ZTL_C30     rise   0.001   0.078   0.009  -      (184.120,65.150)    12.500   -       
CTS_ccl_a_inv_00361/Y
-     INV_X4B_A9PP140ZTL_C30     fall   0.009   0.088   0.014  0.010  (183.980,65.350)     0.340      2    
CTS_cdb_inv_00442/A
-     INV_X4B_A9PP140ZTL_C30     fall   0.001   0.088   0.014  -      (187.340,31.850)    36.860   -       
CTS_cdb_inv_00442/Y
-     INV_X4B_A9PP140ZTL_C30     rise   0.005   0.093   0.006  0.003  (187.480,31.650)     0.340      1    
CTS_cdb_inv_00443/A
-     INV_X4B_A9PP140ZTL_C30     rise   0.000   0.093   0.006  -      (188.460,30.050)     2.580   -       
CTS_cdb_inv_00443/Y
-     INV_X4B_A9PP140ZTL_C30     fall   0.006   0.099   0.007  0.005  (188.600,29.850)     0.340      1    
CTS_ccl_a_inv_00329/A
-     INV_X7P5B_A9PP140ZTL_C30   fall   0.000   0.099   0.007  -      (187.340,28.250)     2.860   -       
CTS_ccl_a_inv_00329/Y
-     INV_X7P5B_A9PP140ZTL_C30   rise   0.006   0.104   0.007  0.012  (187.480,28.050)     0.340      3    
CTS_ccl_a_inv_00252/A
-     INV_X4B_A9PP140ZTL_C30     rise   0.000   0.105   0.007  -      (175.440,30.050)    14.040   -       
CTS_ccl_a_inv_00252/Y
-     INV_X4B_A9PP140ZTL_C30     fall   0.009   0.114   0.013  0.010  (175.300,29.850)     0.340      2    
CTS_ccl_a_inv_00080/A
-     INV_X7P5B_A9PP140ZTL_C30   fall   0.000   0.114   0.013  -      (172.080,37.250)    10.620   -       
CTS_ccl_a_inv_00080/Y
-     INV_X7P5B_A9PP140ZTL_C30   rise   0.009   0.123   0.012  0.020  (172.220,37.050)     0.340     24    
pp_fir_2_1_1_Delay_Pipeline_reg_im_reg[7][14]/CK
-     DFFRPQ_X3M_A9PP140ZTL_C30  rise   0.001   0.124   0.012  -      (171.940,47.150)    10.380   -       
-----------------------------------------------------------------------------------------------------------------

Timing for timing corner delay_corner_wcl_typical:both.early, min clock_path:
=============================================================================

PathID    : 9
Path type : skew group clk/functional_wcl_typical (path 1 of 1)
Start     : clk
End       : signed_mag_2_mag_re_reg[207]/CK
Delay     : 0.139

-----------------------------------------------------------------------------------------------------------------
Name  Lib cell                   Event  Incr   Arrival  Slew   Cap    Location           Distance  Fanout  Status
                                        (ns)   (ns)     (ns)   (pF)                      (um)              
-- Clockpath trace ----------------------------------------------------------------------------------------------
clk
-     -                          rise   -       0.000   0.004  0.026  (102.020,179.950)  -           4     
CTS_cdb_inv_00422/A
-     INV_X2B_A9PP140ZTL_C30     rise   0.001   0.001   0.005  -      (92.700,168.650)    20.620   -       
CTS_cdb_inv_00422/Y
-     INV_X2B_A9PP140ZTL_C30     fall   0.012   0.013   0.019  0.006  (92.840,168.850)     0.340     1     
CTS_cdb_inv_00423/A
-     INV_X2B_A9PP140ZTL_C30     fall   0.001   0.013   0.019  -      (132.040,169.550)   39.900   -       
CTS_cdb_inv_00423/Y
-     INV_X2B_A9PP140ZTL_C30     rise   0.013   0.026   0.015  0.005  (131.900,169.350)    0.340     1     
CTS_cdb_inv_00424/A
-     INV_X2B_A9PP140ZTL_C30     rise   0.000   0.026   0.015  -      (108.520,179.450)   33.480   -       
CTS_cdb_inv_00424/Y
-     INV_X2B_A9PP140ZTL_C30     fall   0.013   0.040   0.019  0.005  (108.660,179.650)    0.340     1     
CTS_cdb_inv_00425/A
-     INV_X2B_A9PP140ZTL_C30     fall   0.000   0.040   0.019  -      (106.280,151.550)   30.480   -       
CTS_cdb_inv_00425/Y
-     INV_X2B_A9PP140ZTL_C30     rise   0.013   0.053   0.016  0.005  (106.140,151.350)    0.340     1     
CTS_cdb_inv_00426/A
-     INV_X2B_A9PP140ZTL_C30     rise   0.000   0.053   0.016  -      (94.800,172.250)    32.240   -       
CTS_cdb_inv_00426/Y
-     INV_X2B_A9PP140ZTL_C30     fall   0.013   0.067   0.019  0.005  (94.940,172.450)     0.340     1     
CTS_cdb_inv_00427/A
-     INV_X2B_A9PP140ZTL_C30     fall   0.000   0.067   0.019  -      (124.200,172.250)   29.460   -       
CTS_cdb_inv_00427/Y
-     INV_X2B_A9PP140ZTL_C30     rise   0.011   0.078   0.014  0.004  (124.340,172.450)    0.340     1     
CTS_ccl_a_inv_00379/A
-     INV_X4B_A9PP140ZTL_C30     rise   0.000   0.079   0.014  -      (117.200,165.050)   14.540   -       
CTS_ccl_a_inv_00379/Y
-     INV_X4B_A9PP140ZTL_C30     fall   0.012   0.091   0.017  0.009  (117.340,164.850)    0.340     2     
CTS_ccl_a_inv_00375/A
-     INV_X4B_A9PP140ZTL_C30     fall   0.001   0.091   0.017  -      (146.180,166.850)   30.840   -       
CTS_ccl_a_inv_00375/Y
-     INV_X4B_A9PP140ZTL_C30     rise   0.010   0.102   0.013  0.008  (146.320,166.650)    0.340     2     
CTS_ccl_a_inv_00366/A
-     INV_X6B_A9PP140ZTL_C30     rise   0.000   0.102   0.013  -      (161.440,169.550)   18.020   -       
CTS_ccl_a_inv_00366/Y
-     INV_X6B_A9PP140ZTL_C30     fall   0.010   0.112   0.014  0.011  (161.300,169.750)    0.340     3     
CTS_ccl_a_inv_00350/A
-     INV_X4B_A9PP140ZTL_C30     fall   0.000   0.112   0.014  -      (162.000,171.350)    2.300   -       
CTS_ccl_a_inv_00350/Y
-     INV_X4B_A9PP140ZTL_C30     rise   0.009   0.122   0.011  0.007  (161.860,171.550)    0.340     2     
CTS_ccl_a_inv_00315/A
-     INV_X6B_A9PP140ZTL_C30     rise   0.000   0.122   0.011  -      (162.000,174.050)    2.640   -       
CTS_ccl_a_inv_00315/Y
-     INV_X6B_A9PP140ZTL_C30     fall   0.011   0.132   0.015  0.012  (162.140,173.850)    0.340     3     
CTS_ccl_a_inv_00154/A
-     INV_X7P5B_A9PP140ZTL_C30   fall   0.000   0.132   0.015  -      (163.400,174.050)    1.460   -       
CTS_ccl_a_inv_00154/Y
-     INV_X7P5B_A9PP140ZTL_C30   rise   0.006   0.139   0.008  0.006  (163.540,173.850)    0.340     9     
signed_mag_2_mag_re_reg[207]/CK
-     DFFRPQ_X1M_A9PP140ZTL_C30  rise   0.000   0.139   0.008  -      (162.280,171.350)    3.760   -       
-----------------------------------------------------------------------------------------------------------------

Timing for timing corner delay_corner_wcl_typical:both.early, max clock_path:
=============================================================================

PathID    : 10
Path type : skew group clk/functional_wcl_typical (path 1 of 1)
Start     : clk
End       : pp_fir_2_1_1_sum2_7_im_1_reg[12]/CK
Delay     :  0.158

-----------------------------------------------------------------------------------------------------------------
Name  Lib cell                   Event  Incr   Arrival  Slew   Cap    Location           Distance  Fanout  Status
                                        (ns)   (ns)     (ns)   (pF)                      (um)              
-- Clockpath trace ----------------------------------------------------------------------------------------------
clk
-     -                          rise   -       0.000   0.004  0.026  (102.020,179.950)  -            4    
CTS_cdb_inv_00416/A
-     INV_X2B_A9PP140ZTL_C30     rise   0.004   0.004   0.010  -      (134.140,113.750)   98.320   -       
CTS_cdb_inv_00416/Y
-     INV_X2B_A9PP140ZTL_C30     fall   0.011   0.015   0.015  0.004  (134.000,113.550)    0.340      1    
CTS_cdb_inv_00417/A
-     INV_X2B_A9PP140ZTL_C30     fall   0.000   0.015   0.015  -      (142.960,98.450)    24.060   -       
CTS_cdb_inv_00417/Y
-     INV_X2B_A9PP140ZTL_C30     rise   0.012   0.027   0.014  0.005  (143.100,98.650)     0.340      1    
CTS_cdb_inv_00418/A
-     INV_X2B_A9PP140ZTL_C30     rise   0.000   0.027   0.014  -      (150.800,120.950)   30.000   -       
CTS_cdb_inv_00418/Y
-     INV_X2B_A9PP140ZTL_C30     fall   0.013   0.041   0.019  0.005  (150.660,120.750)    0.340      1    
CTS_cdb_inv_00419/A
-     INV_X4B_A9PP140ZTL_C30     fall   0.000   0.041   0.019  -      (152.200,99.350)    22.940   -       
CTS_cdb_inv_00419/Y
-     INV_X4B_A9PP140ZTL_C30     rise   0.009   0.050   0.011  0.006  (152.060,99.550)     0.340      1    
CTS_cdb_inv_00420/A
-     INV_X2B_A9PP140ZTL_C30     rise   0.001   0.051   0.011  -      (160.320,128.150)   36.860   -       
CTS_cdb_inv_00420/Y
-     INV_X2B_A9PP140ZTL_C30     fall   0.013   0.064   0.019  0.006  (160.180,127.950)    0.340      1    
CTS_cdb_inv_00421/A
-     INV_X2B_A9PP140ZTL_C30     fall   0.000   0.064   0.019  -      (151.080,103.850)   33.200   -       
CTS_cdb_inv_00421/Y
-     INV_X2B_A9PP140ZTL_C30     rise   0.013   0.077   0.016  0.005  (151.220,104.050)    0.340      1    
CTS_ccl_a_inv_00378/A
-     INV_X7P5B_A9PP140ZTL_C30   rise   0.000   0.077   0.016  -      (153.600,111.950)   10.280   -       
CTS_ccl_a_inv_00378/Y
-     INV_X7P5B_A9PP140ZTL_C30   fall   0.010   0.087   0.016  0.014  (153.740,112.150)    0.340      2    
CTS_ccl_a_inv_00371/A
-     INV_X6B_A9PP140ZTL_C30     fall   0.003   0.089   0.017  -      (173.760,66.950)    65.220   -       
CTS_ccl_a_inv_00371/Y
-     INV_X6B_A9PP140ZTL_C30     rise   0.009   0.099   0.011  0.010  (173.620,67.150)     0.340      2    
CTS_ccl_a_inv_00361/A
-     INV_X4B_A9PP140ZTL_C30     rise   0.000   0.099   0.011  -      (184.120,65.150)    12.500   -       
CTS_ccl_a_inv_00361/Y
-     INV_X4B_A9PP140ZTL_C30     fall   0.012   0.111   0.017  0.009  (183.980,65.350)     0.340      2    
CTS_cdb_inv_00442/A
-     INV_X4B_A9PP140ZTL_C30     fall   0.001   0.112   0.017  -      (187.340,31.850)    36.860   -       
CTS_cdb_inv_00442/Y
-     INV_X4B_A9PP140ZTL_C30     rise   0.006   0.118   0.008  0.003  (187.480,31.650)     0.340      1    
CTS_cdb_inv_00443/A
-     INV_X4B_A9PP140ZTL_C30     rise   0.000   0.118   0.008  -      (188.460,30.050)     2.580   -       
CTS_cdb_inv_00443/Y
-     INV_X4B_A9PP140ZTL_C30     fall   0.007   0.125   0.009  0.005  (188.600,29.850)     0.340      1    
CTS_ccl_a_inv_00329/A
-     INV_X7P5B_A9PP140ZTL_C30   fall   0.000   0.125   0.009  -      (187.340,28.250)     2.860   -       
CTS_ccl_a_inv_00329/Y
-     INV_X7P5B_A9PP140ZTL_C30   rise   0.007   0.133   0.009  0.011  (187.480,28.050)     0.340      3    
CTS_ccl_a_inv_00252/A
-     INV_X4B_A9PP140ZTL_C30     rise   0.001   0.133   0.009  -      (175.440,30.050)    14.040   -       
CTS_ccl_a_inv_00252/Y
-     INV_X4B_A9PP140ZTL_C30     fall   0.011   0.144   0.017  0.010  (175.300,29.850)     0.340      2    
CTS_ccl_a_inv_00080/A
-     INV_X7P5B_A9PP140ZTL_C30   fall   0.000   0.145   0.017  -      (172.080,37.250)    10.620   -       
CTS_ccl_a_inv_00080/Y
-     INV_X7P5B_A9PP140ZTL_C30   rise   0.012   0.157   0.015  0.020  (172.220,37.050)     0.340     24    
pp_fir_2_1_1_sum2_7_im_1_reg[12]/CK
-     DFFRPQ_X3M_A9PP140ZTL_C30  rise   0.001   0.158   0.015  -      (165.360,48.950)    18.760   -       
-----------------------------------------------------------------------------------------------------------------

Timing for timing corner delay_corner_wcl_typical:both.late, min clock_path:
============================================================================

PathID    : 11
Path type : skew group clk/functional_wcl_typical (path 1 of 1)
Start     : clk
End       : signed_mag_2_mag_re_reg[207]/CK
Delay     :  0.142

-----------------------------------------------------------------------------------------------------------------
Name  Lib cell                   Event  Incr   Arrival  Slew   Cap    Location           Distance  Fanout  Status
                                        (ns)   (ns)     (ns)   (pF)                      (um)              
-- Clockpath trace ----------------------------------------------------------------------------------------------
clk
-     -                          rise   -       0.000   0.004  0.026  (102.020,179.950)  -           4     
CTS_cdb_inv_00422/A
-     INV_X2B_A9PP140ZTL_C30     rise   0.001   0.001   0.005  -      (92.700,168.650)    20.620   -       
CTS_cdb_inv_00422/Y
-     INV_X2B_A9PP140ZTL_C30     fall   0.012   0.013   0.019  0.006  (92.840,168.850)     0.340     1     
CTS_cdb_inv_00423/A
-     INV_X2B_A9PP140ZTL_C30     fall   0.001   0.014   0.019  -      (132.040,169.550)   39.900   -       
CTS_cdb_inv_00423/Y
-     INV_X2B_A9PP140ZTL_C30     rise   0.013   0.026   0.015  0.005  (131.900,169.350)    0.340     1     
CTS_cdb_inv_00424/A
-     INV_X2B_A9PP140ZTL_C30     rise   0.001   0.027   0.015  -      (108.520,179.450)   33.480   -       
CTS_cdb_inv_00424/Y
-     INV_X2B_A9PP140ZTL_C30     fall   0.013   0.041   0.019  0.005  (108.660,179.650)    0.340     1     
CTS_cdb_inv_00425/A
-     INV_X2B_A9PP140ZTL_C30     fall   0.001   0.041   0.019  -      (106.280,151.550)   30.480   -       
CTS_cdb_inv_00425/Y
-     INV_X2B_A9PP140ZTL_C30     rise   0.013   0.054   0.016  0.005  (106.140,151.350)    0.340     1     
CTS_cdb_inv_00426/A
-     INV_X2B_A9PP140ZTL_C30     rise   0.001   0.055   0.016  -      (94.800,172.250)    32.240   -       
CTS_cdb_inv_00426/Y
-     INV_X2B_A9PP140ZTL_C30     fall   0.013   0.068   0.019  0.005  (94.940,172.450)     0.340     1     
CTS_cdb_inv_00427/A
-     INV_X2B_A9PP140ZTL_C30     fall   0.001   0.069   0.019  -      (124.200,172.250)   29.460   -       
CTS_cdb_inv_00427/Y
-     INV_X2B_A9PP140ZTL_C30     rise   0.011   0.080   0.014  0.004  (124.340,172.450)    0.340     1     
CTS_ccl_a_inv_00379/A
-     INV_X4B_A9PP140ZTL_C30     rise   0.000   0.081   0.014  -      (117.200,165.050)   14.540   -       
CTS_ccl_a_inv_00379/Y
-     INV_X4B_A9PP140ZTL_C30     fall   0.012   0.093   0.017  0.009  (117.340,164.850)    0.340     2     
CTS_ccl_a_inv_00375/A
-     INV_X4B_A9PP140ZTL_C30     fall   0.001   0.093   0.017  -      (146.180,166.850)   30.840   -       
CTS_ccl_a_inv_00375/Y
-     INV_X4B_A9PP140ZTL_C30     rise   0.010   0.104   0.013  0.008  (146.320,166.650)    0.340     2     
CTS_ccl_a_inv_00366/A
-     INV_X6B_A9PP140ZTL_C30     rise   0.001   0.104   0.013  -      (161.440,169.550)   18.020   -       
CTS_ccl_a_inv_00366/Y
-     INV_X6B_A9PP140ZTL_C30     fall   0.010   0.115   0.014  0.011  (161.300,169.750)    0.340     3     
CTS_ccl_a_inv_00350/A
-     INV_X4B_A9PP140ZTL_C30     fall   0.000   0.115   0.014  -      (162.000,171.350)    2.300   -       
CTS_ccl_a_inv_00350/Y
-     INV_X4B_A9PP140ZTL_C30     rise   0.009   0.124   0.011  0.007  (161.860,171.550)    0.340     2     
CTS_ccl_a_inv_00315/A
-     INV_X6B_A9PP140ZTL_C30     rise   0.000   0.125   0.011  -      (162.000,174.050)    2.640   -       
CTS_ccl_a_inv_00315/Y
-     INV_X6B_A9PP140ZTL_C30     fall   0.011   0.135   0.015  0.012  (162.140,173.850)    0.340     3     
CTS_ccl_a_inv_00154/A
-     INV_X7P5B_A9PP140ZTL_C30   fall   0.000   0.135   0.015  -      (163.400,174.050)    1.460   -       
CTS_ccl_a_inv_00154/Y
-     INV_X7P5B_A9PP140ZTL_C30   rise   0.006   0.142   0.008  0.006  (163.540,173.850)    0.340     9     
signed_mag_2_mag_re_reg[207]/CK
-     DFFRPQ_X1M_A9PP140ZTL_C30  rise   0.000   0.142   0.008  -      (162.280,171.350)    3.760   -       
-----------------------------------------------------------------------------------------------------------------

Timing for timing corner delay_corner_wcl_typical:both.late, max clock_path:
============================================================================

PathID    : 12
Path type : skew group clk/functional_wcl_typical (path 1 of 1)
Start     : clk
End       : pp_fir_2_1_1_sum2_7_im_1_reg[12]/CK
Delay     :  0.160

-----------------------------------------------------------------------------------------------------------------
Name  Lib cell                   Event  Incr   Arrival  Slew   Cap    Location           Distance  Fanout  Status
                                        (ns)   (ns)     (ns)   (pF)                      (um)              
-- Clockpath trace ----------------------------------------------------------------------------------------------
clk
-     -                          rise   -       0.000   0.004  0.026  (102.020,179.950)  -            4    
CTS_cdb_inv_00416/A
-     INV_X2B_A9PP140ZTL_C30     rise   0.004   0.004   0.010  -      (134.140,113.750)   98.320   -       
CTS_cdb_inv_00416/Y
-     INV_X2B_A9PP140ZTL_C30     fall   0.011   0.015   0.015  0.004  (134.000,113.550)    0.340      1    
CTS_cdb_inv_00417/A
-     INV_X2B_A9PP140ZTL_C30     fall   0.001   0.016   0.015  -      (142.960,98.450)    24.060   -       
CTS_cdb_inv_00417/Y
-     INV_X2B_A9PP140ZTL_C30     rise   0.012   0.027   0.014  0.005  (143.100,98.650)     0.340      1    
CTS_cdb_inv_00418/A
-     INV_X2B_A9PP140ZTL_C30     rise   0.001   0.028   0.014  -      (150.800,120.950)   30.000   -       
CTS_cdb_inv_00418/Y
-     INV_X2B_A9PP140ZTL_C30     fall   0.013   0.041   0.019  0.005  (150.660,120.750)    0.340      1    
CTS_cdb_inv_00419/A
-     INV_X4B_A9PP140ZTL_C30     fall   0.001   0.042   0.019  -      (152.200,99.350)    22.940   -       
CTS_cdb_inv_00419/Y
-     INV_X4B_A9PP140ZTL_C30     rise   0.009   0.051   0.011  0.006  (152.060,99.550)     0.340      1    
CTS_cdb_inv_00420/A
-     INV_X2B_A9PP140ZTL_C30     rise   0.001   0.052   0.011  -      (160.320,128.150)   36.860   -       
CTS_cdb_inv_00420/Y
-     INV_X2B_A9PP140ZTL_C30     fall   0.013   0.065   0.019  0.006  (160.180,127.950)    0.340      1    
CTS_cdb_inv_00421/A
-     INV_X2B_A9PP140ZTL_C30     fall   0.001   0.066   0.019  -      (151.080,103.850)   33.200   -       
CTS_cdb_inv_00421/Y
-     INV_X2B_A9PP140ZTL_C30     rise   0.013   0.079   0.016  0.005  (151.220,104.050)    0.340      1    
CTS_ccl_a_inv_00378/A
-     INV_X7P5B_A9PP140ZTL_C30   rise   0.000   0.079   0.016  -      (153.600,111.950)   10.280   -       
CTS_ccl_a_inv_00378/Y
-     INV_X7P5B_A9PP140ZTL_C30   fall   0.010   0.089   0.016  0.014  (153.740,112.150)    0.340      2    
CTS_ccl_a_inv_00371/A
-     INV_X6B_A9PP140ZTL_C30     fall   0.003   0.092   0.017  -      (173.760,66.950)    65.220   -       
CTS_ccl_a_inv_00371/Y
-     INV_X6B_A9PP140ZTL_C30     rise   0.009   0.101   0.011  0.010  (173.620,67.150)     0.340      2    
CTS_ccl_a_inv_00361/A
-     INV_X4B_A9PP140ZTL_C30     rise   0.000   0.101   0.011  -      (184.120,65.150)    12.500   -       
CTS_ccl_a_inv_00361/Y
-     INV_X4B_A9PP140ZTL_C30     fall   0.012   0.113   0.017  0.009  (183.980,65.350)     0.340      2    
CTS_cdb_inv_00442/A
-     INV_X4B_A9PP140ZTL_C30     fall   0.001   0.114   0.017  -      (187.340,31.850)    36.860   -       
CTS_cdb_inv_00442/Y
-     INV_X4B_A9PP140ZTL_C30     rise   0.006   0.120   0.008  0.003  (187.480,31.650)     0.340      1    
CTS_cdb_inv_00443/A
-     INV_X4B_A9PP140ZTL_C30     rise   0.000   0.120   0.008  -      (188.460,30.050)     2.580   -       
CTS_cdb_inv_00443/Y
-     INV_X4B_A9PP140ZTL_C30     fall   0.007   0.127   0.009  0.005  (188.600,29.850)     0.340      1    
CTS_ccl_a_inv_00329/A
-     INV_X7P5B_A9PP140ZTL_C30   fall   0.000   0.128   0.009  -      (187.340,28.250)     2.860   -       
CTS_ccl_a_inv_00329/Y
-     INV_X7P5B_A9PP140ZTL_C30   rise   0.007   0.135   0.009  0.011  (187.480,28.050)     0.340      3    
CTS_ccl_a_inv_00252/A
-     INV_X4B_A9PP140ZTL_C30     rise   0.001   0.135   0.009  -      (175.440,30.050)    14.040   -       
CTS_ccl_a_inv_00252/Y
-     INV_X4B_A9PP140ZTL_C30     fall   0.011   0.147   0.017  0.010  (175.300,29.850)     0.340      2    
CTS_ccl_a_inv_00080/A
-     INV_X7P5B_A9PP140ZTL_C30   fall   0.001   0.147   0.017  -      (172.080,37.250)    10.620   -       
CTS_ccl_a_inv_00080/Y
-     INV_X7P5B_A9PP140ZTL_C30   rise   0.012   0.159   0.015  0.020  (172.220,37.050)     0.340     24    
pp_fir_2_1_1_sum2_7_im_1_reg[12]/CK
-     DFFRPQ_X3M_A9PP140ZTL_C30  rise   0.001   0.160   0.015  -      (165.360,48.950)    18.760   -       
-----------------------------------------------------------------------------------------------------------------

