 ------------------------------------------------------------------------------------------------------------------------------------------------------ 
| Snapshot                | WNS                  | TNS                  | Density (%) | Hotspot      | Resource               | DRVs       | Layer-OPT |
|                         | HEPG (ns) | ALL (ns) | HEPG (ns) | ALL (ns) |             | Max  | Total | Real (s) | Memory (MB) | Tran | Cap | M8        |
|-------------------------+-----------+----------+-----------+----------+-------------+------+-------+----------+-------------+------+-----+-----------|
| initial_summary         |    -0.001 |   -0.001 |           |       -0 |       61.39 |      |       | 0:00:20  |        4746 |    0 |   0 |           |
| route_type_refinement   |           |          |           |          |             |      |       | 0:00:03  |        4905 |      |     |        20 |
| simplify_netlist        |           |          |           |          |             |      |       | 0:00:05  |        5017 |      |     |           |
| excluded_clk_net_fixing |           |          |           |          |             |      |       | 0:00:01  |        5017 |      |     |           |
| drv_fixing              |    -0.750 |   -0.750 |       -18 |      -18 |       61.39 |      |       | 0:00:16  |        5047 |    0 |   0 |        20 |
| global_opt              |           |   -0.393 |           |       -7 |       61.41 |      |       | 0:00:10  |        5075 |      |     |        20 |
| global_opt_2            |           |   -0.157 |           |       -2 |       61.42 |      |       | 0:00:20  |        5078 |      |     |        33 |
| area_reclaiming         |    -0.155 |   -0.155 |        -2 |       -2 |       61.26 |      |       | 0:00:47  |        5081 |      |     |        33 |
| wns_fixing              |     0.005 |    0.005 |         0 |        0 |       61.61 |      |       | 0:01:30  |        5319 |      |     |        67 |
| area_reclaiming_2       |    -0.003 |   -0.003 |        -0 |       -0 |       61.32 |      |       | 0:01:23  |        5490 |      |     |        85 |
| area_reclaiming_3       |    -0.001 |   -0.001 |        -0 |       -0 |       61.15 |      |       | 0:00:48  |        5490 |      |     |        60 |
| local_wire_reclaim      |           |          |           |          |             |      |       | 0:01:44  |        5600 |      |     |           |
| global_route            |           |          |           |          |             | 0.00 |  0.00 | 0:00:12  |        5585 |      |     |           |
| route_type_refinement_2 |           |          |           |          |             |      |       | 0:00:01  |        5585 |      |     |        60 |
| drv_eco_fixing          |    -0.090 |   -0.090 |        -3 |       -3 |       61.16 |      |       | 0:00:31  |        5608 |    0 |   0 |        60 |
| wns_eco_fixing          |     0.000 |    0.000 |         0 |        0 |       61.24 |      |       | 0:00:24  |        5616 |      |     |        60 |
| final_summary           |    -0.000 |   -0.000 |           |       -0 |       61.24 | 0.00 |  0.00 | 0:00:18  |        5600 |    0 |   0 |           |
 ------------------------------------------------------------------------------------------------------------------------------------------------------ 
