 ------------------------------------------------------------------------------------------------------------------------------------------------------ 
| Snapshot                | WNS                  | TNS                  | Density (%) | Hotspot      | Resource               | DRVs       | Layer-OPT |
|                         | HEPG (ns) | ALL (ns) | HEPG (ns) | ALL (ns) |             | Max  | Total | Real (s) | Memory (MB) | Tran | Cap | M8        |
|-------------------------+-----------+----------+-----------+----------+-------------+------+-------+----------+-------------+------+-----+-----------|
| initial_summary         |    -0.023 |   -0.081 |           |     -115 |       87.40 |      |       | 0:00:05  |        5044 |    0 |   0 |           |
| route_type_refinement   |           |          |           |          |             |      |       | 0:00:01  |        5050 |      |     |        34 |
| simplify_netlist        |           |          |           |          |             |      |       | 0:00:03  |        5071 |      |     |           |
| excluded_clk_net_fixing |           |          |           |          |             |      |       | 0:00:00  |        5071 |      |     |           |
| global_opt              |           |   -0.096 |           |     -259 |       87.94 |      |       | 0:00:08  |        5266 |      |     |        34 |
| global_opt_2            |           |   -0.094 |           |     -191 |       88.40 |      |       | 0:00:16  |        5399 |      |     |        30 |
| area_reclaiming         |    -0.026 |   -0.089 |        -3 |     -185 |       85.71 |      |       | 0:00:08  |        5396 |      |     |        26 |
| wns_fixing              |    -0.007 |   -0.046 |        -0 |      -89 |       86.94 |      |       | 0:01:34  |        6232 |      |     |        36 |
| tns_fixing              |    -0.005 |   -0.047 |        -0 |      -51 |       91.44 |      |       | 0:01:15  |        6375 |      |     |        69 |
| area_reclaiming_2       |    -0.004 |   -0.040 |        -0 |      -51 |       90.33 |      |       | 0:00:08  |        5767 |      |     |        75 |
| area_reclaiming_3       |    -0.004 |   -0.039 |        -0 |      -53 |       87.90 |      |       | 0:00:08  |        5750 |      |     |        59 |
| local_wire_reclaim      |           |          |           |          |             |      |       | 0:00:18  |        5740 |      |     |           |
| global_route            |           |          |           |          |             | 0.00 |  0.00 | 0:00:02  |        5543 |      |     |           |
| route_type_refinement_2 |           |          |           |          |             |      |       | 0:00:00  |        5543 |      |     |        59 |
| drv_eco_fixing          |    -0.010 |   -0.039 |        -1 |      -48 |       87.90 |      |       | 0:00:03  |        5599 |    0 |   0 |        59 |
| tns_eco_fixing          |    -0.007 |   -0.037 |        -0 |      -44 |       88.84 |      |       | 0:00:41  |        6457 |      |     |        59 |
| tns_eco_fixing_2        |    -0.007 |   -0.037 |        -0 |      -44 |       88.84 |      |       | 0:00:05  |        6284 |      |     |        59 |
| final_summary           |    -0.007 |   -0.037 |           |      -45 |       88.84 | 0.00 |  0.00 | 0:00:03  |        5650 |    0 |   0 |           |
 ------------------------------------------------------------------------------------------------------------------------------------------------------ 
