 ------------------------------------------------------------------------------------------------------------------------------------------------------ 
| Snapshot                | WNS                  | TNS                  | Density (%) | Hotspot      | Resource               | DRVs       | Layer-OPT |
|                         | HEPG (ns) | ALL (ns) | HEPG (ns) | ALL (ns) |             | Max  | Total | Real (s) | Memory (MB) | Tran | Cap | M8        |
|-------------------------+-----------+----------+-----------+----------+-------------+------+-------+----------+-------------+------+-----+-----------|
| initial_summary         |           |   -0.212 |           |     -665 |       77.05 |      |       | 0:00:10  |        3266 |    0 |   0 |           |
| route_type_refinement   |           |          |           |          |             |      |       | 0:00:00  |        3265 |      |     |           |
| simplify_netlist        |           |          |           |          |             |      |       | 0:00:03  |        3277 |      |     |           |
| drv_fixing              |           |          |           |          |             |      |       | 0:00:03  |        3277 |      |     |           |
| global_opt              |           |   -0.100 |           |     -163 |       77.89 |      |       | 0:01:32  |        3376 |      |     |         2 |
| area_reclaiming         |     0.000 |   -0.095 |         0 |     -163 |       74.61 |      |       | 0:00:23  |        3377 |      |     |         2 |
| incremental_replacement |    -0.026 |   -0.107 |           |     -165 |             | 0.00 |  0.00 | 0:01:00  |        3423 |      |     |           |
| tns_fixing              |    -0.008 |   -0.108 |        -0 |     -163 |       75.20 |      |       | 0:00:29  |        3541 |      |     |         2 |
| wns_fixing              |     0.005 |   -0.048 |         0 |      -61 |       77.91 |      |       | 0:05:07  |        3592 |      |     |        28 |
| tns_fixing_2            |     0.005 |   -0.046 |         0 |      -44 |       80.88 |      |       | 0:03:34  |        3633 |      |     |        70 |
| area_reclaiming_2       |    -0.001 |   -0.039 |        -0 |      -44 |       79.78 |      |       | 0:00:32  |        3535 |      |     |        88 |
| area_reclaiming_3       |    -0.003 |   -0.036 |        -0 |      -46 |       76.36 |      |       | 0:00:22  |        3535 |      |     |        64 |
| drv_eco_fixing          |    -0.003 |   -0.036 |        -0 |      -46 |       76.36 |      |       | 0:00:04  |        3525 |    1 |   0 |        64 |
| tns_eco_fixing          |    -0.001 |   -0.038 |        -0 |      -43 |       78.20 |      |       | 0:01:38  |        3646 |      |     |        64 |
| final_summary           |    -0.002 |   -0.036 |           |      -35 |       78.20 |      |       | 0:00:04  |        3508 |    0 |   0 |           |
 ------------------------------------------------------------------------------------------------------------------------------------------------------ 
