  =================
   Message Summary
  =================
------------------------------------------------------------------------------------------------------------------------------------------------------------------------------------
|   Id    |  Sev  |Count|                                                                       Message Text                                                                       |
------------------------------------------------------------------------------------------------------------------------------------------------------------------------------------
|CFM-1    |Info   |    2|Wrote dofile.                                                                                                                                             |
|CFM-5    |Info   |    1|Wrote formal verification information.                                                                                                                    |
|INVS-8   |Info   |    1|Innovus executable found.                                                                                                                                 |
|         |       |     |The specified Innovus executable will be used for the Innovus batch jobs.                                                                                 |
|INVS-13  |Info   |    1|The design has been changed by Innovus.                                                                                                                   |
|         |       |     |The design was changed during QoS prediction. This may include netlist structural changes.                                                                |
|INVS-18  |Info   |    1|The following executable version was used for the Innovus session.                                                                                        |
|         |       |     |The specified Innovus version was used for the Innovus batch job.                                                                                         |
|INVS-99  |Info   |    2|Setting Innovus attribute that is not used by Genus.                                                                                                      |
|         |       |     |This attribute exists to allow configuration of Innovus from Genus.                                                                                       |
|LBR-9    |Warning|    6|Library cell has no output pins defined.                                                                                                                  |
|         |       |     |Add the missing output pin(s)                                                                                                                             |
|         |       |     | , then reload the library. Else the library cell will be marked as timing model i.e. unusable. Timing_model means that the cell does not have any defined|
|         |       |     | function. If there is no output pin, Genus will mark library cell as unusable i.e. the attribute 'usable' will be marked to 'false' on the libcell.      |
|         |       |     | Therefore, the cell is not used for mapping and it will not be picked up from the library for synthesis. If you query the attribute 'unusable_reason' on |
|         |       |     | the libcell; result will be: 'Library cell has no output pins.'Note: The message LBR-9 is only for the logical pins and not for the power_ground pins.   |
|         |       |     | Genus will depend upon the output function defined in the pin group (output pin)                                                                         |
|         |       |     | of the cell, to use it for mapping. The pg_pin will not have any function defined.                                                                       |
|LBR-109  |Info   |    1|Set default library domain.                                                                                                                               |
|LBR-168  |Warning|    1|Invalid library establishment.                                                                                                                            |
|         |       |     |Establish library after setting the default library domain.                                                                                               |
|LBR-412  |Info   |    6|Created nominal operating condition.                                                                                                                      |
|         |       |     |The nominal operating condition is represented, either by the nominal PVT values specified in the library source                                          |
|         |       |     | (via nom_process,nom_voltage and nom_temperature respectively), or by the default PVT values (1.0,1.0,1.0).                                              |
|LBR-415  |Info   |   16|Unusable library cells found at the time of loading a library.                                                                                            |
|         |       |     |For  more  information, refer to 'Cells Identified as Unusable' in the 'User Guide'. To know the reason why a cell is considered as unusable, check       |
|         |       |     | 'unusable_reason' libcell attribute.                                                                                                                     |
|LBR-518  |Info   |   14|Missing a function attribute in the output pin definition.                                                                                                |
|MAP-36   |Warning|    2|The floorplan checker finds some violations which may impact quality of physical aware mapping or structuring.                                            |
|         |       |     |Use 'check_floorplan -detailed' command to list the violation details and fix them if necessary.                                                          |
|MESG-11  |Warning|    9|Maximum message print count reached.                                                                                                                      |
|MMMC-100 |Warning|    2|The given constraint mode is dangling and is not associated with any analysis_view.                                                                       |
|         |       |     |No timing modes with name INACTIVE_<constraint_mode> will be created. The constraints will not be maintained/renamed for this constraint mode during the  |
|         |       |     | flow.                                                                                                                                                    |
|PHYS-12  |Warning|    1|The variant range of wire parameters is too large. An example of wire parameters are, a WIDTH for layer, PITCH for layer, MINSPACING for layers, etc.     |
|         |       |     |Check the consistency of the parameters, and see if you can ignore this message or you're using different LEF file with wrong parameters.                 |
|PHYS-25  |Warning|    1|Minimum width of layer in LEF does not match minimum width of layer in cap table.                                                                         |
|         |       |     |Compare the layer MinWidth of the cap_table_file with the MinWidth (WIDTH)                                                                                |
|         |       |     | of the corresponding layer in LEF. Set the attribute 'shrink_factor' to adjust the MinWidth layer value in the captable file                             |
|PHYS-52  |Info   |    1|Physical information has been annotated.                                                                                                                  |
|         |       |     |The physical information for the design has been prepared and annotated.                                                                                  |
|PHYS-90  |Info   |    3|Generating design database.                                                                                                                               |
|         |       |     |The database contains all the files required to restore the design in the specified application.                                                          |
|PHYS-266 |Warning|    3|Cannot find this net.                                                                                                                                     |
|PHYS-279 |Warning|   13|Physical cell not defined in library.                                                                                                                     |
|         |       |     |Ensure that the proper library files are available and have been imported.                                                                                |
|PHYS-280 |Warning|    2|Duplicate via definition.                                                                                                                                 |
|         |       |     |Only one via definition allowed. Check LEF and DEF via definitions.                                                                                       |
|PHYS-428 |Error  |    1|The command has to be run with the '-initialize' switch first.                                                                                            |
|         |       |     |Before highlighting movement the '-initialize' switch has to be used.                                                                                     |
|PHYS-752 |Info   |    1|Partition Based Synthesis execution skipped.                                                                                                              |
|PHYS-1025|Warning|    1|Path-groups have been reset before iSpatial.                                                                                                              |
|         |       |     |Recreation of path-groups is left to the user after iSpatial for reporting.                                                                               |
|PHYS-2257|Warning|    2|Net specified in pin is undefined in the netlist.                                                                                                         |
|RPT-16   |Info   |    1|Joules engine is used.                                                                                                                                    |
|SYNTH-2  |Info   |    1|Done synthesizing.                                                                                                                                        |
|SYNTH-4  |Info   |    1|Mapping.                                                                                                                                                  |
|SYNTH-5  |Info   |    1|Done mapping.                                                                                                                                             |
|TIM-45   |Info   |    1|AAE enabled for delay calculation.                                                                                                                        |
|TUI-82   |Warning|    1|Enabling message severity downgrade.                                                                                                                      |
------------------------------------------------------------------------------------------------------------------------------------------------------------------------------------
