============================================================
  Generated by:           Genus(TM) Synthesis Solution 23.14-s090_1
  Generated on:           Jan 25 2026  10:15:43 pm
  Module:                 b2u_3b_static
  Library domain:         slow
    Domain index:         0
    Technology libraries: sc9mcpp140z_cln28ht_base_svt_c30_ssg_cworstt_max_0p81v_125c 1.0
                          sc9mcpp140z_cln28ht_hpk_svt_c30_ssg_cworstt_max_0p81v_125c 1.0
  Library domain:         fast
    Domain index:         1
    Technology libraries: sc9mcpp140z_cln28ht_base_svt_c30_ffg_cbestt_min_0p99v_m40c 1.0
                          sc9mcpp140z_cln28ht_hpk_svt_c30_ffg_cbestt_min_0p99v_m40c 1.0
  Library domain:         nom
    Domain index:         2
    Technology libraries: sc9mcpp140z_cln28ht_base_svt_c30_tt_ctypical_max_0p90v_25c 1.0
                          sc9mcpp140z_cln28ht_hpk_svt_c30_tt_ctypical_max_0p90v_25c 1.0
  Operating conditions:   ssg_cworstt_max_0p81v_125c 
  Operating conditions:   ffg_cbestt_min_0p99v_m40c 
  Operating conditions:   tt_ctypical_max_0p90v_25c 
  Interconnect mode:      placement
  Area mode:              physical library
============================================================

                                                                                                            Library 
           Gate             Instances  Area                              Library                             Domain 
--------------------------------------------------------------------------------------------------------------------
AND2_X1M_A9PP140ZTS_C30             2  1.008    sc9mcpp140z_cln28ht_base_svt_c30_ssg_cworstt_max_0p81v_125c    slow 
AO21_X1M_A9PP140ZTS_C30             1  0.756    sc9mcpp140z_cln28ht_base_svt_c30_ssg_cworstt_max_0p81v_125c    slow 
NAND2XB_X2M_A9PP140ZTS_C30          1  0.756    sc9mcpp140z_cln28ht_base_svt_c30_ssg_cworstt_max_0p81v_125c    slow 
NOR2XB_X2M_A9PP140ZTS_C30           1  0.756    sc9mcpp140z_cln28ht_base_svt_c30_ssg_cworstt_max_0p81v_125c    slow 
NOR2_X0P7B_A9PP140ZTS_C30           1  0.378    sc9mcpp140z_cln28ht_base_svt_c30_ssg_cworstt_max_0p81v_125c    slow 
OR2_X0P7B_A9PP140ZTS_C30            1  0.504    sc9mcpp140z_cln28ht_base_svt_c30_ssg_cworstt_max_0p81v_125c    slow 
--------------------------------------------------------------------------------------------------------------------
total                               7  4.158                                                                


                                        
     Type      Instances   Area  Area % 
----------------------------------------
logic                  7   4.158    4.1 
physical_cells       192  96.768   95.9 
----------------------------------------
total                199 100.926  100.0 

