============================================================
  Generated by:           Genus(TM) Synthesis Solution 23.14-s090_1
  Generated on:           Jan 25 2026  10:13:02 pm
  Module:                 b2u_3b_static
  Library domain:         slow
    Domain index:         0
    Technology libraries: sc9mcpp140z_cln28ht_base_svt_c30_ssg_cworstt_max_0p81v_125c 1.0
                          sc9mcpp140z_cln28ht_hpk_svt_c30_ssg_cworstt_max_0p81v_125c 1.0
  Library domain:         fast
    Domain index:         1
    Technology libraries: sc9mcpp140z_cln28ht_base_svt_c30_ffg_cbestt_min_0p99v_m40c 1.0
                          sc9mcpp140z_cln28ht_hpk_svt_c30_ffg_cbestt_min_0p99v_m40c 1.0
  Library domain:         nom
    Domain index:         2
    Technology libraries: sc9mcpp140z_cln28ht_base_svt_c30_tt_ctypical_max_0p90v_25c 1.0
                          sc9mcpp140z_cln28ht_hpk_svt_c30_tt_ctypical_max_0p90v_25c 1.0
  Operating conditions:   ssg_cworstt_max_0p81v_125c 
  Operating conditions:   ffg_cbestt_min_0p99v_m40c 
  Operating conditions:   tt_ctypical_max_0p90v_25c 
  Interconnect mode:      spatial
  Area mode:              physical library
============================================================

Timing
-------
    Analysis      Cost   Critical        Violating 
      View       Group  Path Slack  TNS    Paths   
---------------------------------------------------
slow-slow-maxrc default   No paths  0.0          0 
---------------------------------------------------
Total                              -0.0          0 
                                                   
fast-fast-minrc default   No paths  0.0          0 
---------------------------------------------------
Total                              -0.0          0 
                                                   
func-typ-typ    default   No paths  0.0          0 
---------------------------------------------------
Total                              -0.0          0 
                                                   

Instance Count
--------------
Leaf Instance Count               7 
Physical Instance count         192 
Sequential Instance Count         0 
Combinational Instance Count      7 
Hierarchical Instance Count       0 

Area
----
Cell Area                          4.158
Physical Cell Area                 96.768
Total Cell Area (Cell+Physical)    100.926
Net Area                           3.997
Total Area (Cell+Physical+Net)     104.923

Floorplan Utilization              0.51%
Runtime                            0.0 seconds
Elapsed Runtime                    112 seconds
Genus peak memory usage            2574.04 
Innovus peak memory usage          no_value 
Hostname                           lnx-prd-05.ece.vt.edu
