 ------------------------------------------------------------------------------------------------------------------------------------------------------ 
| Snapshot                | WNS                  | TNS                  | Density (%) | Hotspot      | Resource               | DRVs       | Layer-OPT |
|                         | HEPG (ns) | ALL (ns) | HEPG (ns) | ALL (ns) |             | Max  | Total | Real (s) | Memory (MB) | Tran | Cap | M8        |
|-------------------------+-----------+----------+-----------+----------+-------------+------+-------+----------+-------------+------+-----+-----------|
| initial_summary         |           |   -0.202 |           |     -373 |       76.95 |      |       | 0:00:14  |        3596 |    0 |   0 |           |
| route_type_refinement   |           |          |           |          |             |      |       | 0:00:00  |        3604 |      |     |           |
| simplify_netlist        |           |          |           |          |             |      |       | 0:00:02  |        3633 |      |     |           |
| drv_fixing              |           |          |           |          |             |      |       | 0:00:03  |        3633 |      |     |           |
| global_opt              |           |   -0.080 |           |     -138 |       76.82 |      |       | 0:01:21  |        3726 |      |     |         8 |
| area_reclaiming         |     0.000 |   -0.116 |         0 |     -194 |       74.82 |      |       | 0:00:25  |        3727 |      |     |         8 |
| incremental_replacement |    -0.034 |   -0.073 |           |     -125 |             | 0.00 |  0.00 | 0:00:59  |        3781 |      |     |           |
| tns_fixing              |    -0.017 |   -0.073 |        -0 |     -122 |       75.17 |      |       | 0:00:39  |        3896 |      |     |         8 |
| wns_fixing              |    -0.009 |   -0.072 |        -0 |     -136 |       77.71 |      |       | 0:12:01  |        4033 |      |     |        41 |
| tns_fixing_2            |    -0.008 |   -0.074 |        -0 |     -105 |       83.15 |      |       | 0:07:30  |        4084 |      |     |        82 |
| area_reclaiming_2       |    -0.008 |   -0.067 |        -0 |     -105 |       81.96 |      |       | 0:00:35  |        3921 |      |     |       106 |
| area_reclaiming_3       |    -0.009 |   -0.063 |        -0 |     -108 |       78.21 |      |       | 0:00:26  |        3916 |      |     |        63 |
| drv_eco_fixing          |    -0.009 |   -0.063 |        -0 |     -108 |       78.21 |      |       | 0:00:04  |        3915 |    1 |   0 |        63 |
| tns_eco_fixing          |    -0.005 |   -0.066 |        -0 |     -111 |       80.20 |      |       | 0:02:49  |        4092 |      |     |        63 |
| final_summary           |    -0.003 |   -0.048 |           |      -53 |       80.20 |      |       | 0:00:04  |        3891 |    0 |   0 |           |
 ------------------------------------------------------------------------------------------------------------------------------------------------------ 
