###############################################################
#  Generated by:      Cadence Innovus 23.14-s088_1
#  OS:                Linux x86_64(Host ID lnx-prd-05.ece.vt.edu)
#  Generated on:      Sun Jan 25 21:29:08 2026
#  Design:            b2u_3b_static
#  Command:           verify_drc
###############################################################
#set_verify_drc_mode -check_ndr_spacing auto -check_only default -check_same_via_cell true -disable_rules "" -exclude_pg_net false -ignore_cell_blockage false -ignore_trial_route false -limit 1000 -report b2u_3b_static.drc.rpt -use_min_spacing_on_block_obs auto

SPACING: ( Voltage Spacing ) Regular Wire of Net BGREN[5] & Blockage of Cell g141__2398  ( VIA1 )
Bounds : ( 74.605, 41.080 ) ( 74.655, 41.130 )


SPACING: ( Voltage Spacing ) Regular Wire of Net BGREN[5] & Pin of Cell g141__2398  ( VIA1 )
Bounds : ( 74.705, 41.080 ) ( 74.755, 41.130 )


SPACING: ( Voltage Spacing ) Regular Wire of Net IN[0] & Blockage of Cell g141__2398  ( VIA1 )
Bounds : ( 74.865, 41.180 ) ( 74.915, 41.230 )


SPACING: ( Voltage Spacing ) Regular Wire of Net BGREN[6] & Blockage of Cell g141__2398  ( VIA1 )
Bounds : ( 74.965, 41.180 ) ( 74.995, 41.230 )


SPACING: ( ParallelRunLength Spacing ) Regular Wire of Net BGREN[6] & Blockage of Cell g141__2398  ( M1 )
Bounds : ( 74.965, 41.150 ) ( 74.995, 41.260 )


SPACING: ( Voltage Spacing ) Regular Wire of Net BGREN[3] & Blockage of Cell g143__6260  ( VIA1 )
Bounds : ( 74.605, 39.380 ) ( 74.655, 39.430 )


SPACING: ( Voltage Spacing ) Regular Wire of Net BGREN[3] & Blockage of Cell g143__6260  ( VIA1 )
Bounds : ( 74.705, 39.380 ) ( 74.785, 39.430 )


SPACING: ( Voltage Spacing ) Regular Wire of Net n_1 & Blockage of Cell g143__6260  ( VIA1 )
Bounds : ( 75.045, 39.330 ) ( 75.095, 39.380 )


EndOfLine: ( EndOfLine Spacing ) Regular Wire of Net IN[1] & Pin of Cell g147__6783  ( M1 )
Bounds : ( 74.975, 38.760 ) ( 74.985, 38.795 )


SPACING: ( Voltage Spacing ) Regular Wire of Net IN[1] & Pin of Cell g147__6783  ( VIA1 )
Bounds : ( 74.925, 38.630 ) ( 74.975, 38.680 )


SPACING: ( Voltage Spacing ) Regular Wire of Net IN[1] & Pin of Cell g147__6783  ( VIA1 )
Bounds : ( 74.975, 38.730 ) ( 74.985, 38.795 )


SPACING: ( Voltage Spacing ) Regular Wire of Net BGREN[5] & Regular Wire of Net BGREN[3]  ( VIA1 )
Bounds : ( 75.005, 38.480 ) ( 75.055, 38.530 )


SPACING: ( Voltage Spacing ) Regular Wire of Net BGREN[5]  ( VIA1 )
Bounds : ( 75.105, 38.480 ) ( 75.135, 38.530 )


SPACING: ( Voltage Spacing ) Regular Wire of Net IN[1]  ( VIA1 )
Bounds : ( 75.265, 37.680 ) ( 75.295, 37.730 )


SHORT: ( Metal Short ) Regular Wire of Net BGREN[5] & Blockage of Cell g147__6783  ( M1 )
Bounds : ( 75.105, 38.480 ) ( 75.105, 38.530 )


SHORT: ( Metal Short ) Regular Wire of Net IN[1] & Blockage of Cell FILLER_T_0_126  ( M1 )
Bounds : ( 75.265, 37.680 ) ( 75.265, 37.730 )


EndOfLine: ( EndOfLine Spacing ) Regular Wire of Net IN[1] & Pin of Cell g147__6783  ( M1 )
Bounds : ( 74.925, 38.630 ) ( 74.975, 38.650 )


SPACING: ( ParallelRunLength Spacing ) Regular Wire of Net IN[1] & Pin of Cell g147__6783  ( M1 )
Bounds : ( 74.925, 38.630 ) ( 74.975, 38.650 )


SPACING: ( ParallelRunLength Spacing ) Regular Wire of Net IN[1] & Pin of Cell FILLER_T_0_133  ( M1 )
Bounds : ( 74.975, 38.760 ) ( 74.985, 38.795 )


SPACING: ( Voltage Spacing ) Regular Wire of Net BGREN[1] & Pin of Cell FILLER_T_0_124  ( VIA1 )
Bounds : ( 75.185, 36.480 ) ( 75.265, 36.530 )


SPACING: ( Voltage Spacing ) Regular Wire of Net IN[1] & Blockage of Cell g145__8428  ( VIA1 )
Bounds : ( 74.745, 36.580 ) ( 74.795, 36.630 )


SPACING: ( Voltage Spacing ) Regular Wire of Net IN[1] & Pin of Cell g145__8428  ( VIA1 )
Bounds : ( 74.845, 36.580 ) ( 74.925, 36.630 )


SPACING: ( Voltage Spacing ) Regular Wire of Net BGREN[3] & Blockage of Cell g145__8428  ( VIA1 )
Bounds : ( 74.920, 36.830 ) ( 74.955, 36.880 )


SPACING: ( Voltage Spacing ) Regular Wire of Net BGREN[3] & Blockage of Cell g145__8428  ( VIA1 )
Bounds : ( 74.955, 36.830 ) ( 75.005, 36.880 )


SPACING: ( Voltage Spacing ) Regular Wire of Net BGREN[3] & Blockage of Cell g145__8428  ( VIA1 )
Bounds : ( 75.005, 36.780 ) ( 75.055, 36.830 )


SPACING: ( Voltage Spacing ) Regular Wire of Net IN[0] & Pin of Cell g146__5526  ( VIA1 )
Bounds : ( 75.815, 35.800 ) ( 75.895, 35.830 )


SPACING: ( Voltage Spacing ) Regular Wire of Net IN[0] & Regular Wire of Net IN[1]  ( VIA1 )
Bounds : ( 75.815, 35.900 ) ( 75.835, 35.980 )


SPACING: ( Voltage Spacing ) Regular Wire of Net n_1 & Blockage of Cell FILLER_T_0_118  ( VIA1 )
Bounds : ( 76.095, 35.780 ) ( 76.175, 35.830 )


EndOfLine: ( EndOfLine Spacing ) Regular Wire of Net BGREN[3] & Blockage of Cell g145__8428  ( M1 )
Bounds : ( 74.955, 36.860 ) ( 75.005, 36.880 )


EndOfLine: ( EndOfLine Spacing ) Regular Wire of Net BGREN[3] & Blockage of Cell g145__8428  ( M1 )
Bounds : ( 74.955, 36.860 ) ( 75.005, 36.880 )


SPACING: ( ParallelRunLength Spacing ) Regular Wire of Net BGREN[3] & Blockage of Cell g145__8428  ( M1 )
Bounds : ( 74.920, 36.860 ) ( 74.955, 36.880 )


SPACING: ( ParallelRunLength Spacing ) Regular Wire of Net BGREN[3] & Blockage of Cell g145__8428  ( M1 )
Bounds : ( 74.955, 36.860 ) ( 75.005, 36.880 )


SPACING: ( Voltage Spacing ) Regular Wire of Net n_1 & Blockage of Cell g142__5107  ( VIA1 )
Bounds : ( 75.395, 34.880 ) ( 75.475, 34.910 )


SPACING: ( Voltage Spacing ) Regular Wire of Net BGREN[3] & Blockage of Cell g142__5107  ( VIA1 )
Bounds : ( 74.985, 34.780 ) ( 75.065, 34.830 )


SPACING: ( Voltage Spacing ) Regular Wire of Net BGREN[3] & Blockage of Cell g142__5107  ( VIA1 )
Bounds : ( 74.885, 34.780 ) ( 74.935, 34.830 )


SPACING: ( Voltage Spacing ) Regular Wire of Net n_1 & Blockage of Cell g142__5107  ( VIA1 )
Bounds : ( 75.345, 34.830 ) ( 75.395, 34.880 )


EndOfLine: ( EndOfLine Spacing ) Regular Wire of Net n_1 & Blockage of Cell g142__5107  ( M1 )
Bounds : ( 75.425, 34.880 ) ( 75.475, 34.910 )


EndOfLine: ( EndOfLine Spacing ) Regular Wire of Net n_1 & Blockage of Cell g142__5107  ( M1 )
Bounds : ( 75.425, 34.880 ) ( 75.475, 34.910 )


SHORT: ( Metal Short ) Special Wire of Net VSS & Pin of Cell ENDCAP_49  ( M2 )
Bounds : ( 73.270, 24.490 ) ( 94.270, 24.620 )


SHORT: ( Metal Short ) Special Wire of Net VDD & Pin of Cell ENDCAP_53  ( M2 )
Bounds : ( 73.270, 25.390 ) ( 94.270, 25.520 )


SHORT: ( Metal Short ) Special Wire of Net VSS & Pin of Cell ENDCAP_55  ( M2 )
Bounds : ( 73.270, 26.290 ) ( 94.270, 26.420 )


SHORT: ( Metal Short ) Special Wire of Net VDD & Pin of Cell ENDCAP_57  ( M2 )
Bounds : ( 73.270, 27.190 ) ( 94.270, 27.320 )


SHORT: ( Metal Short ) Special Wire of Net VSS & Pin of Cell ENDCAP_59  ( M2 )
Bounds : ( 73.270, 28.090 ) ( 94.270, 28.220 )


SHORT: ( Metal Short ) Special Wire of Net VDD & Pin of Cell ENDCAP_61  ( M2 )
Bounds : ( 73.270, 28.990 ) ( 94.270, 29.120 )


SHORT: ( Metal Short ) Special Wire of Net VSS & Pin of Cell ENDCAP_63  ( M2 )
Bounds : ( 73.270, 29.890 ) ( 94.270, 30.020 )


SHORT: ( Metal Short ) Special Wire of Net VDD & Pin of Cell ENDCAP_63  ( M2 )
Bounds : ( 73.270, 30.790 ) ( 94.270, 30.920 )


SHORT: ( Metal Short ) Special Wire of Net VSS & Pin of Cell ENDCAP_67  ( M2 )
Bounds : ( 73.270, 31.690 ) ( 94.270, 31.820 )


SHORT: ( Metal Short ) Special Wire of Net VDD & Pin of Cell ENDCAP_69  ( M2 )
Bounds : ( 73.270, 32.590 ) ( 94.270, 32.720 )


SHORT: ( Metal Short ) Special Wire of Net VSS & Pin of Cell ENDCAP_71  ( M2 )
Bounds : ( 73.270, 33.490 ) ( 94.270, 33.620 )


SHORT: ( Metal Short ) Special Wire of Net VDD & Pin of Cell ENDCAP_73  ( M2 )
Bounds : ( 73.270, 34.390 ) ( 94.270, 34.520 )


SHORT: ( Metal Short ) Special Wire of Net VSS & Pin of Cell ENDCAP_75  ( M2 )
Bounds : ( 73.270, 35.290 ) ( 94.270, 35.420 )


SHORT: ( Metal Short ) Special Wire of Net VDD & Pin of Cell ENDCAP_77  ( M2 )
Bounds : ( 73.270, 36.190 ) ( 94.270, 36.320 )


SHORT: ( Metal Short ) Special Wire of Net VSS & Pin of Cell ENDCAP_79  ( M2 )
Bounds : ( 73.270, 37.090 ) ( 94.270, 37.220 )


SHORT: ( Metal Short ) Special Wire of Net VDD & Pin of Cell ENDCAP_79  ( M2 )
Bounds : ( 73.270, 37.990 ) ( 94.270, 38.120 )


SHORT: ( Metal Short ) Special Wire of Net VSS & Pin of Cell ENDCAP_83  ( M2 )
Bounds : ( 73.270, 38.890 ) ( 94.270, 39.020 )


SHORT: ( Metal Short ) Special Wire of Net VDD & Pin of Cell ENDCAP_85  ( M2 )
Bounds : ( 73.270, 39.790 ) ( 94.270, 39.920 )


SHORT: ( Metal Short ) Special Wire of Net VSS & Pin of Cell ENDCAP_87  ( M2 )
Bounds : ( 73.270, 40.690 ) ( 94.270, 40.820 )


SHORT: ( Metal Short ) Special Wire of Net VDD & Pin of Cell ENDCAP_89  ( M2 )
Bounds : ( 73.270, 41.590 ) ( 94.270, 41.720 )


SHORT: ( Metal Short ) Special Wire of Net VSS & Pin of Cell ENDCAP_91  ( M2 )
Bounds : ( 73.270, 42.490 ) ( 94.270, 42.620 )


SHORT: ( Metal Short ) Special Wire of Net VDD & Pin of Cell ENDCAP_93  ( M2 )
Bounds : ( 73.270, 43.390 ) ( 94.270, 43.520 )


SHORT: ( Metal Short ) Special Wire of Net VSS & Pin of Cell ENDCAP_95  ( M2 )
Bounds : ( 73.270, 44.290 ) ( 94.270, 44.420 )


SHORT: ( Metal Short ) Special Wire of Net VDD & Pin of Cell ENDCAP_95  ( M2 )
Bounds : ( 73.270, 45.190 ) ( 94.270, 45.320 )


SHORT: ( Metal Short ) Special Wire of Net VDD & Pin of Cell ENDCAP_1  ( M2 )
Bounds : ( 73.270, 1.990 ) ( 94.270, 2.120 )


SHORT: ( Metal Short ) Special Wire of Net VSS & Pin of Cell ENDCAP_3  ( M2 )
Bounds : ( 73.270, 2.890 ) ( 94.270, 3.020 )


SHORT: ( Metal Short ) Special Wire of Net VDD & Pin of Cell ENDCAP_5  ( M2 )
Bounds : ( 73.270, 3.790 ) ( 94.270, 3.920 )


SHORT: ( Metal Short ) Special Wire of Net VSS & Pin of Cell ENDCAP_7  ( M2 )
Bounds : ( 73.270, 4.690 ) ( 94.270, 4.820 )


SHORT: ( Metal Short ) Special Wire of Net VDD & Pin of Cell ENDCAP_9  ( M2 )
Bounds : ( 73.270, 5.590 ) ( 94.270, 5.720 )


SHORT: ( Metal Short ) Special Wire of Net VSS & Pin of Cell ENDCAP_11  ( M2 )
Bounds : ( 73.270, 6.490 ) ( 94.270, 6.620 )


SHORT: ( Metal Short ) Special Wire of Net VDD & Pin of Cell ENDCAP_13  ( M2 )
Bounds : ( 73.270, 7.390 ) ( 94.270, 7.520 )


SHORT: ( Metal Short ) Special Wire of Net VSS & Pin of Cell ENDCAP_15  ( M2 )
Bounds : ( 73.270, 8.290 ) ( 94.270, 8.420 )


SHORT: ( Metal Short ) Special Wire of Net VDD & Pin of Cell ENDCAP_17  ( M2 )
Bounds : ( 73.270, 9.190 ) ( 94.270, 9.320 )


SHORT: ( Metal Short ) Special Wire of Net VSS & Pin of Cell ENDCAP_19  ( M2 )
Bounds : ( 73.270, 10.090 ) ( 94.270, 10.220 )


SHORT: ( Metal Short ) Special Wire of Net VDD & Pin of Cell ENDCAP_19  ( M2 )
Bounds : ( 73.270, 10.990 ) ( 94.270, 11.120 )


SHORT: ( Metal Short ) Special Wire of Net VSS & Pin of Cell ENDCAP_23  ( M2 )
Bounds : ( 73.270, 11.890 ) ( 94.270, 12.020 )


SHORT: ( Metal Short ) Special Wire of Net VDD & Pin of Cell ENDCAP_25  ( M2 )
Bounds : ( 73.270, 12.790 ) ( 94.270, 12.920 )


SHORT: ( Metal Short ) Special Wire of Net VSS & Pin of Cell ENDCAP_27  ( M2 )
Bounds : ( 73.270, 13.690 ) ( 94.270, 13.820 )


SHORT: ( Metal Short ) Special Wire of Net VDD & Pin of Cell ENDCAP_29  ( M2 )
Bounds : ( 73.270, 14.590 ) ( 94.270, 14.720 )


SHORT: ( Metal Short ) Special Wire of Net VSS & Pin of Cell ENDCAP_31  ( M2 )
Bounds : ( 73.270, 15.490 ) ( 94.270, 15.620 )


SHORT: ( Metal Short ) Special Wire of Net VDD & Pin of Cell ENDCAP_33  ( M2 )
Bounds : ( 73.270, 16.390 ) ( 94.270, 16.520 )


SHORT: ( Metal Short ) Special Wire of Net VSS & Pin of Cell ENDCAP_35  ( M2 )
Bounds : ( 73.270, 17.290 ) ( 94.270, 17.420 )


SHORT: ( Metal Short ) Special Wire of Net VDD & Pin of Cell ENDCAP_37  ( M2 )
Bounds : ( 73.270, 18.190 ) ( 94.270, 18.320 )


SHORT: ( Metal Short ) Special Wire of Net VSS & Pin of Cell ENDCAP_39  ( M2 )
Bounds : ( 73.270, 19.090 ) ( 94.270, 19.220 )


SHORT: ( Metal Short ) Special Wire of Net VDD & Pin of Cell ENDCAP_41  ( M2 )
Bounds : ( 73.270, 19.990 ) ( 94.270, 20.120 )


SHORT: ( Metal Short ) Special Wire of Net VSS & Pin of Cell ENDCAP_43  ( M2 )
Bounds : ( 73.270, 20.890 ) ( 94.270, 21.020 )


SHORT: ( Metal Short ) Special Wire of Net VDD & Pin of Cell ENDCAP_45  ( M2 )
Bounds : ( 73.270, 21.790 ) ( 94.270, 21.920 )


SHORT: ( Metal Short ) Special Wire of Net VSS & Pin of Cell ENDCAP_47  ( M2 )
Bounds : ( 73.270, 22.690 ) ( 94.270, 22.820 )


SHORT: ( Metal Short ) Special Wire of Net VDD & Pin of Cell ENDCAP_49  ( M2 )
Bounds : ( 73.270, 23.590 ) ( 94.270, 23.720 )


  Total Violations : 87 Viols.
