 ------------------------------------------------------------------------------------------------------------------------------------------------------ 
| Snapshot                | WNS                  | TNS                  | Density (%) | Hotspot      | Resource               | DRVs       | Layer-OPT |
|                         | HEPG (ns) | ALL (ns) | HEPG (ns) | ALL (ns) |             | Max  | Total | Real (s) | Memory (MB) | Tran | Cap | M8        |
|-------------------------+-----------+----------+-----------+----------+-------------+------+-------+----------+-------------+------+-----+-----------|
| initial_summary         |           |   -0.079 |           |      -26 |       61.20 |      |       | 0:00:44  |        5090 |    0 |   0 |           |
| route_type_refinement   |           |          |           |          |             |      |       | 0:00:14  |        5098 |      |     |         7 |
| simplify_netlist        |           |          |           |          |             |      |       | 0:00:04  |        5106 |      |     |           |
| drv_fixing              |           |          |           |          |             |      |       | 0:00:05  |        5106 |      |     |           |
| drv_fixing_2            |    -0.898 |   -0.898 |       -61 |      -61 |       61.20 |      |       | 0:00:08  |        5114 |    0 |   0 |         7 |
| global_opt              |           |   -0.237 |           |      -43 |       61.37 |      |       | 0:01:15  |        5122 |      |     |        30 |
| area_reclaiming         |    -0.234 |   -0.234 |       -39 |      -39 |       60.89 |      |       | 0:00:59  |        5122 |      |     |        30 |
| incremental_replacement |    -0.282 |   -0.282 |           |      -54 |             | 0.00 |  0.00 | 0:05:44  |        6607 |      |     |           |
| drv_fixing_3            |    -0.282 |   -0.282 |       -54 |      -54 |       60.89 |      |       | 0:00:11  |        6631 |    0 |   0 |        30 |
| tns_fixing              |    -0.238 |   -0.238 |       -39 |      -39 |       61.24 |      |       | 0:01:29  |        6655 |      |     |        30 |
| wns_fixing              |    -0.019 |   -0.019 |        -3 |       -3 |       61.82 |      |       | 0:08:40  |        6649 |      |     |        96 |
| tns_fixing_2            |    -0.014 |   -0.014 |        -1 |       -1 |       62.10 |      |       | 0:04:09  |        6649 |      |     |       112 |
| area_reclaiming_2       |    -0.012 |   -0.012 |        -1 |       -1 |       61.54 |      |       | 0:01:35  |        6649 |      |     |       122 |
| area_reclaiming_3       |    -0.006 |   -0.006 |        -0 |       -0 |       60.48 |      |       | 0:00:50  |        6649 |      |     |       102 |
| drv_eco_fixing          |    -0.006 |   -0.006 |        -0 |       -0 |       60.48 |      |       | 0:00:09  |        6649 |    0 |   0 |       102 |
| tns_eco_fixing          |    -0.005 |   -0.005 |        -0 |       -0 |       60.51 |      |       | 0:00:39  |        6649 |      |     |       103 |
| final_summary           |    -0.006 |   -0.006 |           |       -0 |       60.51 |      |       | 0:00:11  |        6617 |    0 |   0 |           |
 ------------------------------------------------------------------------------------------------------------------------------------------------------ 
