 ------------------------------------------------------------------------------------------------------------------------------------------------------ 
| Snapshot                | WNS                  | TNS                  | Density (%) | Hotspot      | Resource               | DRVs       | Layer-OPT |
|                         | HEPG (ns) | ALL (ns) | HEPG (ns) | ALL (ns) |             | Max  | Total | Real (s) | Memory (MB) | Tran | Cap | M8        |
|-------------------------+-----------+----------+-----------+----------+-------------+------+-------+----------+-------------+------+-----+-----------|
| initial_summary         |           |   -0.082 |           |      -38 |       60.36 |      |       | 0:00:43  |        5073 |    2 |   0 |           |
| route_type_refinement   |           |          |           |          |             |      |       | 0:00:13  |        5081 |      |     |         9 |
| simplify_netlist        |           |          |           |          |             |      |       | 0:00:04  |        5089 |      |     |           |
| drv_fixing              |           |          |           |          |             |      |       | 0:00:05  |        5089 |      |     |           |
| drv_fixing_2            |    -0.658 |   -0.658 |       -62 |      -62 |       60.36 |      |       | 0:00:09  |        5097 |    0 |   0 |         9 |
| global_opt              |           |   -0.221 |           |      -58 |       60.50 |      |       | 0:01:05  |        5105 |      |     |        26 |
| area_reclaiming         |    -0.209 |   -0.209 |       -54 |      -54 |       59.94 |      |       | 0:01:01  |        5105 |      |     |        24 |
| incremental_replacement |    -0.827 |   -0.827 |           |      -71 |             | 0.69 |  0.69 | 0:05:26  |        6528 |      |     |           |
| drv_fixing_3            |    -0.691 |   -0.691 |       -71 |      -71 |       59.95 |      |       | 0:00:11  |        6552 |    0 |   0 |        24 |
| tns_fixing              |    -0.201 |   -0.201 |       -55 |      -55 |       60.25 |      |       | 0:01:22  |        6576 |      |     |        24 |
| wns_fixing              |    -0.003 |   -0.003 |        -0 |       -0 |       59.45 |      |       | 0:13:49  |        6568 |      |     |        75 |
| tns_fixing_2            |     0.002 |    0.002 |         0 |        0 |       59.86 |      |       | 0:03:35  |        6570 |      |     |        75 |
| area_reclaiming_2       |    -0.001 |   -0.001 |        -0 |       -0 |       59.51 |      |       | 0:01:26  |        6570 |      |     |        86 |
| area_reclaiming_3       |    -0.002 |   -0.002 |        -0 |       -0 |       58.86 |      |       | 0:00:40  |        6570 |      |     |        63 |
| drv_eco_fixing          |    -0.002 |   -0.002 |        -0 |       -0 |       58.87 |      |       | 0:00:13  |        6570 |    0 |   0 |        63 |
| tns_eco_fixing          |     0.000 |    0.000 |         0 |        0 |       58.88 |      |       | 0:00:09  |        6570 |      |     |        63 |
| final_summary           |    -0.003 |   -0.003 |           |       -0 |       58.88 |      |       | 0:00:11  |        6538 |    0 |   0 |           |
 ------------------------------------------------------------------------------------------------------------------------------------------------------ 
