 ------------------------------------------------------------------------------------------------------------------------------------------------------ 
| Snapshot                | WNS                  | TNS                  | Density (%) | Hotspot      | Resource               | DRVs       | Layer-OPT |
|                         | HEPG (ns) | ALL (ns) | HEPG (ns) | ALL (ns) |             | Max  | Total | Real (s) | Memory (MB) | Tran | Cap | M8        |
|-------------------------+-----------+----------+-----------+----------+-------------+------+-------+----------+-------------+------+-----+-----------|
| initial_summary         |           |   -0.254 |           |       -9 |       58.88 |      |       | 0:00:44  |        6538 |    0 |   0 |           |
| route_type_refinement   |           |          |           |          |             |      |       | 0:00:14  |        6546 |      |     |        11 |
| simplify_netlist        |           |          |           |          |             |      |       | 0:00:04  |        6554 |      |     |           |
| drv_fixing              |           |          |           |          |             |      |       | 0:00:05  |        6554 |      |     |           |
| drv_fixing_2            |    -0.481 |   -0.481 |       -26 |      -26 |       58.88 |      |       | 0:00:11  |        6562 |    0 |   0 |        11 |
| global_opt              |           |   -0.159 |           |       -9 |       59.07 |      |       | 0:00:45  |        6562 |      |     |        21 |
| area_reclaiming         |    -0.159 |   -0.159 |        -8 |       -8 |       58.77 |      |       | 0:00:52  |        6562 |      |     |        21 |
| incremental_replacement |    -0.173 |   -0.173 |           |      -11 |             | 0.00 |  0.00 | 0:04:06  |        6674 |      |     |           |
| drv_fixing_3            |    -0.173 |   -0.173 |       -11 |      -11 |       58.77 |      |       | 0:00:12  |        6698 |    0 |   0 |        21 |
| tns_fixing              |    -0.139 |   -0.139 |        -3 |       -3 |       59.04 |      |       | 0:00:40  |        6714 |      |     |        21 |
| wns_fixing              |    -0.005 |   -0.005 |        -0 |       -0 |       59.35 |      |       | 0:04:50  |        6714 |      |     |        60 |
| tns_fixing_2            |    -0.002 |   -0.002 |        -0 |       -0 |       59.68 |      |       | 0:03:10  |        6714 |      |     |        62 |
| area_reclaiming_2       |    -0.001 |   -0.001 |        -0 |       -0 |       59.38 |      |       | 0:01:20  |        6714 |      |     |        71 |
| area_reclaiming_3       |    -0.002 |   -0.002 |        -0 |       -0 |       58.83 |      |       | 0:00:37  |        6714 |      |     |        54 |
| drv_eco_fixing          |    -0.002 |   -0.002 |        -0 |       -0 |       58.83 |      |       | 0:00:12  |        6714 |    0 |   0 |        54 |
| tns_eco_fixing          |     0.000 |    0.000 |         0 |        0 |       58.84 |      |       | 0:00:09  |        6714 |      |     |        54 |
| final_summary           |    -0.004 |   -0.004 |           |       -0 |       58.84 |      |       | 0:00:12  |        6682 |    0 |   0 |           |
 ------------------------------------------------------------------------------------------------------------------------------------------------------ 
