============================================================
  Generated by:           Genus(TM) Synthesis Solution 23.14-s090_1
  Generated on:           Jan 15 2026  10:19:38 pm
  Module:                 scpa_dig_ana_ppfir
  Library domain:         slow
    Domain index:         0
    Technology libraries: sc9mcpp140z_cln28ht_base_lvt_c30_ssg_cworstt_max_0p81v_125c 1.0
                          sc9mcpp140z_cln28ht_hpk_lvt_c30_ssg_cworstt_max_0p81v_125c 1.0
                          sc9mcpp140z_cln28ht_base_svt_c30_ssg_cworstt_max_0p81v_125c 1.0
                          sc9mcpp140z_cln28ht_hpk_svt_c30_ssg_cworstt_max_0p81v_125c 1.0
                          sc9mcpp140z_cln28ht_base_ulvt_c30_ssg_cworstt_max_0p81v_125c 1.0
                          sc9mcpp140z_cln28ht_hpk_ulvt_c30_ssg_cworstt_max_0p81v_125c 1.0
  Library domain:         fast
    Domain index:         1
    Technology libraries: sc9mcpp140z_cln28ht_base_lvt_c30_ffg_cbestt_min_0p99v_m40c 1.0
                          sc9mcpp140z_cln28ht_hpk_lvt_c30_ffg_cbestt_min_0p99v_m40c 1.0
                          sc9mcpp140z_cln28ht_base_svt_c30_ffg_cbestt_min_0p99v_m40c 1.0
                          sc9mcpp140z_cln28ht_hpk_svt_c30_ffg_cbestt_min_0p99v_m40c 1.0
                          sc9mcpp140z_cln28ht_base_ulvt_c30_ffg_cbestt_min_0p99v_m40c 1.0
                          sc9mcpp140z_cln28ht_hpk_ulvt_c30_ffg_cbestt_min_0p99v_m40c 1.0
  Library domain:         nom
    Domain index:         2
    Technology libraries: sc9mcpp140z_cln28ht_base_lvt_c30_tt_ctypical_max_0p90v_25c 1.0
                          sc9mcpp140z_cln28ht_hpk_lvt_c30_tt_ctypical_max_0p90v_25c 1.0
                          sc9mcpp140z_cln28ht_base_svt_c30_tt_ctypical_max_0p90v_25c 1.0
                          sc9mcpp140z_cln28ht_hpk_svt_c30_tt_ctypical_max_0p90v_25c 1.0
                          sc9mcpp140z_cln28ht_base_ulvt_c30_tt_ctypical_max_0p90v_25c 1.0
                          sc9mcpp140z_cln28ht_hpk_ulvt_c30_tt_ctypical_max_0p90v_25c 1.0
  Operating conditions:   ssg_cworstt_max_0p81v_125c 
  Operating conditions:   ffg_cbestt_min_0p99v_m40c 
  Operating conditions:   tt_ctypical_max_0p90v_25c 
  Interconnect mode:      global
  Area mode:              physical library
============================================================

         Instance                  Module         Cell-Count  Cell-Area  Net-Area   Total-Area 
-----------------------------------------------------------------------------------------------
scpa_dig_ana_ppfir         NA                          85142 141417.990 41005.407   182423.397 
  b2u_8to255_quad_1        b2u_8to255_quad              4379   6302.898  1665.741     7968.639 
  b2u_8to255_quad_2        b2u_8to255_quad_1            4374   6302.772  1663.620     7966.392 
  b2u_8to255_quad_3        b2u_8to255_quad_2            4365   6313.734  1662.456     7976.190 
  b2u_8to255_quad_4        b2u_8to255_quad_3            4367   6316.758  1662.223     7978.981 
  clkDiv_1_2               clkDiv_DIV2                     2      2.394     0.252        2.646 
  clkDiv_1_8               clkDiv_DIV8                     9      8.568     2.632       11.200 
  dpc_im_0                 digPhaseCombiner               10     10.080     1.611       11.691 
  dpc_im_1                 digPhaseCombiner_3             10     10.080     1.611       11.691 
  dpc_im_2                 digPhaseCombiner_5             10     10.080     1.611       11.691 
  dpc_im_3                 digPhaseCombiner_1             10     10.080     1.611       11.691 
  dpc_re_0                 digPhaseCombiner_7             10     10.080     1.611       11.691 
  dpc_re_1                 digPhaseCombiner_2             10     10.080     1.611       11.691 
  dpc_re_2                 digPhaseCombiner_4             10     10.080     1.611       11.691 
  dpc_re_3                 digPhaseCombiner_6             10     10.080     1.611       11.691 
  dsc_im_0                 digSignCombiner                 3      3.780     0.750        4.530 
  dsc_im_1                 digSignCombiner_3               3      3.780     0.750        4.530 
  dsc_im_2                 digSignCombiner_5               3      3.780     0.750        4.530 
  dsc_im_3                 digSignCombiner_1               3      3.780     0.750        4.530 
  dsc_re_0                 digSignCombiner_7               3      3.780     0.750        4.530 
  dsc_re_1                 digSignCombiner_2               3      3.780     0.750        4.530 
  dsc_re_2                 digSignCombiner_4               3      3.780     0.750        4.530 
  dsc_re_3                 digSignCombiner_6               3      3.780     0.750        4.530 
  pp_fir_blocked_1_1       pp_fir_blocked              48507  84638.484 24055.797   108694.281 
    pp_fir_bottom_half_1_1 pp_fir_bottom_half          23816  41851.026 11831.913    53682.939 
      pp_fir_u_0_1_1       pp_fir_u_0                   6460  11177.586  3213.170    14390.756 
        pp_fir_0_1_1       pp_fir_0                     6424  11156.922  3199.665    14356.587 
        signed_mag_1_1     signed_mag                     36     20.664     6.778       27.442 
      pp_fir_u_3_1_1       pp_fir_u_3                   5861  10496.430  2935.798    13432.228 
        pp_fir_3_1_1       pp_fir_3                     5825  10475.766  2922.293    13398.059 
        signed_mag_1       signed_mag_1                   36     20.664     6.778       27.442 
      pp_fir_u_4_1_1       pp_fir_u_4                   6103  10548.216  3001.053    13549.269 
        pp_fir_4_1_1       pp_fir_4                     6067  10527.552  2987.548    13515.100 
        signed_mag_2       signed_mag_3                   36     20.664     6.778       27.442 
      pp_fir_u_7_1_1       pp_fir_u_7                   5392   9628.794  2681.891    12310.685 
        pp_fir_7_1_1       pp_fir_7                     5356   9608.130  2668.386    12276.516 
        signed_mag_3       signed_mag_2                   36     20.664     6.778       27.442 
    pp_fir_top_half_1_1    pp_fir_top_half             24690  42786.702 12221.912    55008.614 
      pp_fir_u_1_1_1       pp_fir_u_1                   6076  10565.352  3005.464    13570.816 
        pp_fir_1_1_1       pp_fir_1                     6040  10544.688  2991.959    13536.647 
        signed_mag_4       signed_mag_5                   36     20.664     6.778       27.442 
      pp_fir_u_2_1_1       pp_fir_u_2                   6075  10518.606  2997.056    13515.662 
        pp_fir_2_1_1       pp_fir_2                     6039  10497.942  2983.551    13481.493 
        signed_mag_5       signed_mag_7                   36     20.664     6.778       27.442 
      pp_fir_u_5_1_1       pp_fir_u_5                   6095  10556.028  3015.212    13571.240 
        pp_fir_5_1_1       pp_fir_5                     6059  10535.364  3001.706    13537.070 
        signed_mag_6       signed_mag_6                   36     20.664     6.778       27.442 
      pp_fir_u_6_1_1       pp_fir_u_6                   6443  11145.960  3202.207    14348.167 
        pp_fir_6_1_1       pp_fir_6                     6407  11125.296  3188.702    14313.998 
        signed_mag_7       signed_mag_4                   36     20.664     6.778       27.442 
  pp_int_x4_1_1            pp_int_x4                   18845  31062.150  9274.607    40336.757 
  scpa_dig_ana_ppfir_tc    scpa_dig_ana_ppfir_tc           8     10.332     2.128       12.460 
