============================================================
  Generated by:           Genus(TM) Synthesis Solution 23.14-s090_1
  Generated on:           Jan 15 2026  10:07:20 pm
  Module:                 scpa_dig_ana_ppfir
  Library domain:         slow
    Domain index:         0
    Technology libraries: sc9mcpp140z_cln28ht_base_lvt_c30_ssg_cworstt_max_0p81v_125c 1.0
                          sc9mcpp140z_cln28ht_hpk_lvt_c30_ssg_cworstt_max_0p81v_125c 1.0
                          sc9mcpp140z_cln28ht_base_svt_c30_ssg_cworstt_max_0p81v_125c 1.0
                          sc9mcpp140z_cln28ht_hpk_svt_c30_ssg_cworstt_max_0p81v_125c 1.0
                          sc9mcpp140z_cln28ht_base_ulvt_c30_ssg_cworstt_max_0p81v_125c 1.0
                          sc9mcpp140z_cln28ht_hpk_ulvt_c30_ssg_cworstt_max_0p81v_125c 1.0
  Library domain:         fast
    Domain index:         1
    Technology libraries: sc9mcpp140z_cln28ht_base_lvt_c30_ffg_cbestt_min_0p99v_m40c 1.0
                          sc9mcpp140z_cln28ht_hpk_lvt_c30_ffg_cbestt_min_0p99v_m40c 1.0
                          sc9mcpp140z_cln28ht_base_svt_c30_ffg_cbestt_min_0p99v_m40c 1.0
                          sc9mcpp140z_cln28ht_hpk_svt_c30_ffg_cbestt_min_0p99v_m40c 1.0
                          sc9mcpp140z_cln28ht_base_ulvt_c30_ffg_cbestt_min_0p99v_m40c 1.0
                          sc9mcpp140z_cln28ht_hpk_ulvt_c30_ffg_cbestt_min_0p99v_m40c 1.0
  Library domain:         nom
    Domain index:         2
    Technology libraries: sc9mcpp140z_cln28ht_base_lvt_c30_tt_ctypical_max_0p90v_25c 1.0
                          sc9mcpp140z_cln28ht_hpk_lvt_c30_tt_ctypical_max_0p90v_25c 1.0
                          sc9mcpp140z_cln28ht_base_svt_c30_tt_ctypical_max_0p90v_25c 1.0
                          sc9mcpp140z_cln28ht_hpk_svt_c30_tt_ctypical_max_0p90v_25c 1.0
                          sc9mcpp140z_cln28ht_base_ulvt_c30_tt_ctypical_max_0p90v_25c 1.0
                          sc9mcpp140z_cln28ht_hpk_ulvt_c30_tt_ctypical_max_0p90v_25c 1.0
  Operating conditions:   ssg_cworstt_max_0p81v_125c 
  Operating conditions:   ffg_cbestt_min_0p99v_m40c 
  Operating conditions:   tt_ctypical_max_0p90v_25c 
  Interconnect mode:      global
  Area mode:              physical library
============================================================

         Instance                  Module         Cell-Count  Cell-Area  Net-Area   Total-Area 
-----------------------------------------------------------------------------------------------
scpa_dig_ana_ppfir         NA                          84339 141863.526 40811.368   182674.894 
  b2u_8to255_quad_1        b2u_8to255_quad              4481   6475.896  1691.471     8167.367 
  b2u_8to255_quad_2        b2u_8to255_quad_1            4473   6469.344  1688.101     8157.445 
  b2u_8to255_quad_3        b2u_8to255_quad_2            4483   6497.064  1691.361     8188.425 
  b2u_8to255_quad_4        b2u_8to255_quad_3            4482   6475.266  1691.109     8166.375 
  clkDiv_1_2               clkDiv_DIV2                     2      2.394     0.252        2.646 
  clkDiv_1_8               clkDiv_DIV8                     9      8.568     2.632       11.200 
  dpc_im_0                 digPhaseCombiner               10     10.458     1.611       12.069 
  dpc_im_1                 digPhaseCombiner_3             10     10.458     1.611       12.069 
  dpc_im_2                 digPhaseCombiner_5             10     10.458     1.611       12.069 
  dpc_im_3                 digPhaseCombiner_1             10     10.458     1.611       12.069 
  dpc_re_0                 digPhaseCombiner_7             10     10.458     1.611       12.069 
  dpc_re_1                 digPhaseCombiner_2             10     10.458     1.611       12.069 
  dpc_re_2                 digPhaseCombiner_4             10     10.458     1.611       12.069 
  dpc_re_3                 digPhaseCombiner_6             10     10.458     1.611       12.069 
  dsc_im_0                 digSignCombiner                 3      3.780     0.750        4.530 
  dsc_im_1                 digSignCombiner_3               3      3.780     0.750        4.530 
  dsc_im_2                 digSignCombiner_5               3      3.780     0.750        4.530 
  dsc_im_3                 digSignCombiner_1               3      3.780     0.750        4.530 
  dsc_re_0                 digSignCombiner_7               3      3.780     0.750        4.530 
  dsc_re_1                 digSignCombiner_2               3      3.780     0.750        4.530 
  dsc_re_2                 digSignCombiner_4               3      3.780     0.750        4.530 
  dsc_re_3                 digSignCombiner_6               3      3.780     0.750        4.530 
  pp_fir_blocked_1_1       pp_fir_blocked              47329  84476.070 23764.267   108240.337 
    pp_fir_bottom_half_1_1 pp_fir_bottom_half          23196  41741.910 11678.473    53420.383 
      pp_fir_u_0_1_1       pp_fir_u_0                   6302  11143.944  3174.013    14317.957 
        pp_fir_0_1_1       pp_fir_0                     6266  11123.280  3160.508    14283.788 
        signed_mag_1_1     signed_mag                     36     20.664     6.778       27.442 
      pp_fir_u_3_1_1       pp_fir_u_3                   5704  10468.710  2897.042    13365.752 
        pp_fir_3_1_1       pp_fir_3                     5668  10448.046  2883.537    13331.583 
        signed_mag_1       signed_mag_1                   36     20.664     6.778       27.442 
      pp_fir_u_4_1_1       pp_fir_u_4                   5945  10527.048  2961.676    13488.724 
        pp_fir_4_1_1       pp_fir_4                     5909  10506.384  2948.171    13454.555 
        signed_mag_2       signed_mag_3                   36     20.664     6.778       27.442 
      pp_fir_u_7_1_1       pp_fir_u_7                   5245   9602.208  2645.742    12247.950 
        pp_fir_7_1_1       pp_fir_7                     5209   9581.544  2632.237    12213.781 
        signed_mag_3       signed_mag_2                   36     20.664     6.778       27.442 
    pp_fir_top_half_1_1    pp_fir_top_half             24133  42734.160 12085.793    54819.953 
      pp_fir_u_1_1_1       pp_fir_u_1                   5939  10552.626  2972.808    13525.434 
        pp_fir_1_1_1       pp_fir_1                     5903  10531.962  2959.302    13491.264 
        signed_mag_4       signed_mag_5                   36     20.664     6.778       27.442 
      pp_fir_u_2_1_1       pp_fir_u_2                   5938  10506.762  2964.141    13470.903 
        pp_fir_2_1_1       pp_fir_2                     5902  10486.098  2950.635    13436.733 
        signed_mag_5       signed_mag_7                   36     20.664     6.778       27.442 
      pp_fir_u_5_1_1       pp_fir_u_5                   5958  10540.530  2981.817    13522.347 
        pp_fir_5_1_1       pp_fir_5                     5922  10519.866  2968.312    13488.178 
        signed_mag_6       signed_mag_6                   36     20.664     6.778       27.442 
      pp_fir_u_6_1_1       pp_fir_u_6                   6298  11134.242  3167.028    14301.270 
        pp_fir_6_1_1       pp_fir_6                     6262  11113.578  3153.523    14267.101 
        signed_mag_7       signed_mag_4                   36     20.664     6.778       27.442 
  pp_int_x4_1_1            pp_int_x4                   18821  31037.706  9269.976    40307.682 
  scpa_dig_ana_ppfir_tc    scpa_dig_ana_ppfir_tc           8     10.332     2.128       12.460 
