============================================================
  Generated by:           Genus(TM) Synthesis Solution 23.14-s090_1
  Generated on:           Jan 15 2026  10:19:23 pm
  Module:                 scpa_dig_ana_ppfir
  Library domain:         slow
    Domain index:         0
    Technology libraries: sc9mcpp140z_cln28ht_base_lvt_c30_ssg_cworstt_max_0p81v_125c 1.0
                          sc9mcpp140z_cln28ht_hpk_lvt_c30_ssg_cworstt_max_0p81v_125c 1.0
                          sc9mcpp140z_cln28ht_base_svt_c30_ssg_cworstt_max_0p81v_125c 1.0
                          sc9mcpp140z_cln28ht_hpk_svt_c30_ssg_cworstt_max_0p81v_125c 1.0
                          sc9mcpp140z_cln28ht_base_ulvt_c30_ssg_cworstt_max_0p81v_125c 1.0
                          sc9mcpp140z_cln28ht_hpk_ulvt_c30_ssg_cworstt_max_0p81v_125c 1.0
  Library domain:         fast
    Domain index:         1
    Technology libraries: sc9mcpp140z_cln28ht_base_lvt_c30_ffg_cbestt_min_0p99v_m40c 1.0
                          sc9mcpp140z_cln28ht_hpk_lvt_c30_ffg_cbestt_min_0p99v_m40c 1.0
                          sc9mcpp140z_cln28ht_base_svt_c30_ffg_cbestt_min_0p99v_m40c 1.0
                          sc9mcpp140z_cln28ht_hpk_svt_c30_ffg_cbestt_min_0p99v_m40c 1.0
                          sc9mcpp140z_cln28ht_base_ulvt_c30_ffg_cbestt_min_0p99v_m40c 1.0
                          sc9mcpp140z_cln28ht_hpk_ulvt_c30_ffg_cbestt_min_0p99v_m40c 1.0
  Library domain:         nom
    Domain index:         2
    Technology libraries: sc9mcpp140z_cln28ht_base_lvt_c30_tt_ctypical_max_0p90v_25c 1.0
                          sc9mcpp140z_cln28ht_hpk_lvt_c30_tt_ctypical_max_0p90v_25c 1.0
                          sc9mcpp140z_cln28ht_base_svt_c30_tt_ctypical_max_0p90v_25c 1.0
                          sc9mcpp140z_cln28ht_hpk_svt_c30_tt_ctypical_max_0p90v_25c 1.0
                          sc9mcpp140z_cln28ht_base_ulvt_c30_tt_ctypical_max_0p90v_25c 1.0
                          sc9mcpp140z_cln28ht_hpk_ulvt_c30_tt_ctypical_max_0p90v_25c 1.0
  Operating conditions:   ssg_cworstt_max_0p81v_125c 
  Operating conditions:   ffg_cbestt_min_0p99v_m40c 
  Operating conditions:   tt_ctypical_max_0p90v_25c 
  Interconnect mode:      global
  Area mode:              physical library
============================================================

                                                                                                                        Library 
              Gate                Instances     Area                                Library                              Domain 
--------------------------------------------------------------------------------------------------------------------------------
ADDF_X1M_A9PP140ZTL_C30                  68     137.088    sc9mcpp140z_cln28ht_base_lvt_c30_ssg_cworstt_max_0p81v_125c     slow 
ADDF_X1M_A9PP140ZTS_C30               24482   49355.712    sc9mcpp140z_cln28ht_base_svt_c30_ssg_cworstt_max_0p81v_125c     slow 
ADDF_X2M_A9PP140ZTUL_C30                  2       4.536    sc9mcpp140z_cln28ht_base_ulvt_c30_ssg_cworstt_max_0p81v_125c    slow 
ADDH_X1M_A9PP140ZTS_C30                1348    1698.480    sc9mcpp140z_cln28ht_base_svt_c30_ssg_cworstt_max_0p81v_125c     slow 
AND2_X1B_A9PP140ZTUL_C30                 21      10.584    sc9mcpp140z_cln28ht_base_ulvt_c30_ssg_cworstt_max_0p81v_125c    slow 
AND2_X1M_A9PP140ZTL_C30                   3       1.512    sc9mcpp140z_cln28ht_base_lvt_c30_ssg_cworstt_max_0p81v_125c     slow 
AND2_X1M_A9PP140ZTUL_C30                  9       4.536    sc9mcpp140z_cln28ht_base_ulvt_c30_ssg_cworstt_max_0p81v_125c    slow 
AND2_X1P4M_A9PP140ZTUL_C30                1       0.630    sc9mcpp140z_cln28ht_base_ulvt_c30_ssg_cworstt_max_0p81v_125c    slow 
AND2_X2M_A9PP140ZTUL_C30                 13       8.190    sc9mcpp140z_cln28ht_base_ulvt_c30_ssg_cworstt_max_0p81v_125c    slow 
AND2_X3B_A9PP140ZTUL_C30                  2       1.512    sc9mcpp140z_cln28ht_base_ulvt_c30_ssg_cworstt_max_0p81v_125c    slow 
AND2_X3M_A9PP140ZTUL_C30                 18      18.144    sc9mcpp140z_cln28ht_base_ulvt_c30_ssg_cworstt_max_0p81v_125c    slow 
AND2_X4B_A9PP140ZTUL_C30                  1       1.134    sc9mcpp140z_cln28ht_base_ulvt_c30_ssg_cworstt_max_0p81v_125c    slow 
AND2_X4M_A9PP140ZTUL_C30                  4       4.536    sc9mcpp140z_cln28ht_base_ulvt_c30_ssg_cworstt_max_0p81v_125c    slow 
AND2_X6B_A9PP140ZTUL_C30                  6       8.316    sc9mcpp140z_cln28ht_base_ulvt_c30_ssg_cworstt_max_0p81v_125c    slow 
AND2_X6M_A9PP140ZTUL_C30                 15      28.350    sc9mcpp140z_cln28ht_base_ulvt_c30_ssg_cworstt_max_0p81v_125c    slow 
AND2_X8M_A9PP140ZTUL_C30                  2       4.788    sc9mcpp140z_cln28ht_base_ulvt_c30_ssg_cworstt_max_0p81v_125c    slow 
AND3_X11M_A9PP140ZTUL_C30                 8      34.272    sc9mcpp140z_cln28ht_base_ulvt_c30_ssg_cworstt_max_0p81v_125c    slow 
AND4_X1M_A9PP140ZTUL_C30                  5       3.780    sc9mcpp140z_cln28ht_base_ulvt_c30_ssg_cworstt_max_0p81v_125c    slow 
AND4_X1P4M_A9PP140ZTUL_C30                9       7.938    sc9mcpp140z_cln28ht_base_ulvt_c30_ssg_cworstt_max_0p81v_125c    slow 
AND4_X2M_A9PP140ZTUL_C30                  2       1.764    sc9mcpp140z_cln28ht_base_ulvt_c30_ssg_cworstt_max_0p81v_125c    slow 
AO1B2_X1M_A9PP140ZTL_C30                110      69.300    sc9mcpp140z_cln28ht_base_lvt_c30_ssg_cworstt_max_0p81v_125c     slow 
AO1B2_X1M_A9PP140ZTUL_C30                16      10.080    sc9mcpp140z_cln28ht_base_ulvt_c30_ssg_cworstt_max_0p81v_125c    slow 
AO1B2_X1P4M_A9PP140ZTUL_C30              29      25.578    sc9mcpp140z_cln28ht_base_ulvt_c30_ssg_cworstt_max_0p81v_125c    slow 
AO1B2_X2M_A9PP140ZTL_C30                  1       0.882    sc9mcpp140z_cln28ht_base_lvt_c30_ssg_cworstt_max_0p81v_125c     slow 
AO1B2_X2M_A9PP140ZTUL_C30                12      10.584    sc9mcpp140z_cln28ht_base_ulvt_c30_ssg_cworstt_max_0p81v_125c    slow 
AO21A1AI2_X0P7M_A9PP140ZTUL_C30          58      36.540    sc9mcpp140z_cln28ht_base_ulvt_c30_ssg_cworstt_max_0p81v_125c    slow 
AO21A1AI2_X1M_A9PP140ZTUL_C30             2       1.260    sc9mcpp140z_cln28ht_base_ulvt_c30_ssg_cworstt_max_0p81v_125c    slow 
AO21B_X0P5M_A9PP140ZTUL_C30              91      57.330    sc9mcpp140z_cln28ht_base_ulvt_c30_ssg_cworstt_max_0p81v_125c    slow 
AO21B_X0P7M_A9PP140ZTUL_C30              19      11.970    sc9mcpp140z_cln28ht_base_ulvt_c30_ssg_cworstt_max_0p81v_125c    slow 
AO21B_X1M_A9PP140ZTL_C30                  3       1.890    sc9mcpp140z_cln28ht_base_lvt_c30_ssg_cworstt_max_0p81v_125c     slow 
AO21B_X1M_A9PP140ZTUL_C30               687     432.810    sc9mcpp140z_cln28ht_base_ulvt_c30_ssg_cworstt_max_0p81v_125c    slow 
AO21B_X1P4M_A9PP140ZTL_C30                2       1.764    sc9mcpp140z_cln28ht_base_lvt_c30_ssg_cworstt_max_0p81v_125c     slow 
AO21B_X1P4M_A9PP140ZTUL_C30              23      20.286    sc9mcpp140z_cln28ht_base_ulvt_c30_ssg_cworstt_max_0p81v_125c    slow 
AO21B_X2M_A9PP140ZTUL_C30                18      15.876    sc9mcpp140z_cln28ht_base_ulvt_c30_ssg_cworstt_max_0p81v_125c    slow 
AO21B_X3M_A9PP140ZTL_C30                  3       4.158    sc9mcpp140z_cln28ht_base_lvt_c30_ssg_cworstt_max_0p81v_125c     slow 
AO21B_X3M_A9PP140ZTUL_C30                 9      12.474    sc9mcpp140z_cln28ht_base_ulvt_c30_ssg_cworstt_max_0p81v_125c    slow 
AO21_X0P5M_A9PP140ZTS_C30                 6       4.536    sc9mcpp140z_cln28ht_base_svt_c30_ssg_cworstt_max_0p81v_125c     slow 
AO21_X0P7M_A9PP140ZTL_C30                 1       0.756    sc9mcpp140z_cln28ht_base_lvt_c30_ssg_cworstt_max_0p81v_125c     slow 
AO21_X0P7M_A9PP140ZTUL_C30              164     123.984    sc9mcpp140z_cln28ht_base_ulvt_c30_ssg_cworstt_max_0p81v_125c    slow 
AO21_X1M_A9PP140ZTL_C30                   5       3.780    sc9mcpp140z_cln28ht_base_lvt_c30_ssg_cworstt_max_0p81v_125c     slow 
AO21_X1M_A9PP140ZTS_C30                   2       1.512    sc9mcpp140z_cln28ht_base_svt_c30_ssg_cworstt_max_0p81v_125c     slow 
AO21_X1M_A9PP140ZTUL_C30                 41      30.996    sc9mcpp140z_cln28ht_base_ulvt_c30_ssg_cworstt_max_0p81v_125c    slow 
AO21_X1P4M_A9PP140ZTUL_C30                7       6.174    sc9mcpp140z_cln28ht_base_ulvt_c30_ssg_cworstt_max_0p81v_125c    slow 
AO21_X2M_A9PP140ZTUL_C30                  2       1.764    sc9mcpp140z_cln28ht_base_ulvt_c30_ssg_cworstt_max_0p81v_125c    slow 
AO21_X3M_A9PP140ZTUL_C30                 20      27.720    sc9mcpp140z_cln28ht_base_ulvt_c30_ssg_cworstt_max_0p81v_125c    slow 
AO22_X0P7M_A9PP140ZTL_C30                32      28.224    sc9mcpp140z_cln28ht_base_lvt_c30_ssg_cworstt_max_0p81v_125c     slow 
AOI211_X0P7M_A9PP140ZTUL_C30             10       6.300    sc9mcpp140z_cln28ht_base_ulvt_c30_ssg_cworstt_max_0p81v_125c    slow 
AOI211_X1M_A9PP140ZTUL_C30                4       2.520    sc9mcpp140z_cln28ht_base_ulvt_c30_ssg_cworstt_max_0p81v_125c    slow 
AOI21B_X0P5M_A9PP140ZTUL_C30             10       7.560    sc9mcpp140z_cln28ht_base_ulvt_c30_ssg_cworstt_max_0p81v_125c    slow 
AOI21B_X0P7M_A9PP140ZTUL_C30             14      10.584    sc9mcpp140z_cln28ht_base_ulvt_c30_ssg_cworstt_max_0p81v_125c    slow 
AOI21_X0P7M_A9PP140ZTUL_C30             342     172.368    sc9mcpp140z_cln28ht_base_ulvt_c30_ssg_cworstt_max_0p81v_125c    slow 
AOI21_X1A_A9PP140ZTUL_C30                 3       1.512    sc9mcpp140z_cln28ht_hpk_ulvt_c30_ssg_cworstt_max_0p81v_125c     slow 
AOI21_X2A_A9PP140ZTUL_C30                 6       5.292    sc9mcpp140z_cln28ht_hpk_ulvt_c30_ssg_cworstt_max_0p81v_125c     slow 
AOI21_X2M_A9PP140ZTUL_C30                 7       6.174    sc9mcpp140z_cln28ht_base_ulvt_c30_ssg_cworstt_max_0p81v_125c    slow 
AOI21_X3A_A9PP140ZTUL_C30                 1       1.260    sc9mcpp140z_cln28ht_hpk_ulvt_c30_ssg_cworstt_max_0p81v_125c     slow 
AOI21_X3M_A9PP140ZTUL_C30                 2       2.520    sc9mcpp140z_cln28ht_base_ulvt_c30_ssg_cworstt_max_0p81v_125c    slow 
AOI22BB_X0P5M_A9PP140ZTUL_C30             3       2.646    sc9mcpp140z_cln28ht_base_ulvt_c30_ssg_cworstt_max_0p81v_125c    slow 
AOI22_X0P7M_A9PP140ZTUL_C30               2       1.260    sc9mcpp140z_cln28ht_base_ulvt_c30_ssg_cworstt_max_0p81v_125c    slow 
AOI2XB1_X0P7M_A9PP140ZTUL_C30            12       9.072    sc9mcpp140z_cln28ht_base_ulvt_c30_ssg_cworstt_max_0p81v_125c    slow 
AOI2XB1_X1M_A9PP140ZTUL_C30              20      15.120    sc9mcpp140z_cln28ht_base_ulvt_c30_ssg_cworstt_max_0p81v_125c    slow 
AOI31_X0P7M_A9PP140ZTUL_C30               2       1.260    sc9mcpp140z_cln28ht_base_ulvt_c30_ssg_cworstt_max_0p81v_125c    slow 
BUFH_X13M_A9PP140ZTUL_C30                 8      23.184    sc9mcpp140z_cln28ht_base_ulvt_c30_ssg_cworstt_max_0p81v_125c    slow 
BUFH_X1M_A9PP140ZTL_C30                 885     334.530    sc9mcpp140z_cln28ht_base_lvt_c30_ssg_cworstt_max_0p81v_125c     slow 
BUFH_X1M_A9PP140ZTS_C30                 149      56.322    sc9mcpp140z_cln28ht_base_svt_c30_ssg_cworstt_max_0p81v_125c     slow 
BUFH_X1M_A9PP140ZTUL_C30                175      66.150    sc9mcpp140z_cln28ht_base_ulvt_c30_ssg_cworstt_max_0p81v_125c    slow 
BUFH_X1P2M_A9PP140ZTL_C30              2251    1134.504    sc9mcpp140z_cln28ht_base_lvt_c30_ssg_cworstt_max_0p81v_125c     slow 
BUFH_X1P7M_A9PP140ZTUL_C30               39      19.656    sc9mcpp140z_cln28ht_base_ulvt_c30_ssg_cworstt_max_0p81v_125c    slow 
BUFH_X2M_A9PP140ZTUL_C30                127      64.008    sc9mcpp140z_cln28ht_base_ulvt_c30_ssg_cworstt_max_0p81v_125c    slow 
BUFH_X2P5M_A9PP140ZTUL_C30               34      21.420    sc9mcpp140z_cln28ht_base_ulvt_c30_ssg_cworstt_max_0p81v_125c    slow 
BUFH_X3M_A9PP140ZTL_C30                   5       3.780    sc9mcpp140z_cln28ht_base_lvt_c30_ssg_cworstt_max_0p81v_125c     slow 
BUFH_X3M_A9PP140ZTUL_C30                  9       6.804    sc9mcpp140z_cln28ht_base_ulvt_c30_ssg_cworstt_max_0p81v_125c    slow 
BUFH_X3P5M_A9PP140ZTL_C30                 9       7.938    sc9mcpp140z_cln28ht_base_lvt_c30_ssg_cworstt_max_0p81v_125c     slow 
BUFH_X3P5M_A9PP140ZTUL_C30                6       5.292    sc9mcpp140z_cln28ht_base_ulvt_c30_ssg_cworstt_max_0p81v_125c    slow 
BUFH_X5M_A9PP140ZTUL_C30                 11      12.474    sc9mcpp140z_cln28ht_base_ulvt_c30_ssg_cworstt_max_0p81v_125c    slow 
BUFH_X6M_A9PP140ZTUL_C30                 29      40.194    sc9mcpp140z_cln28ht_base_ulvt_c30_ssg_cworstt_max_0p81v_125c    slow 
BUFH_X7P5M_A9PP140ZTUL_C30                1       1.764    sc9mcpp140z_cln28ht_base_ulvt_c30_ssg_cworstt_max_0p81v_125c    slow 
BUF_X0P5B_A9PP140ZTL_C30                  3       1.134    sc9mcpp140z_cln28ht_base_lvt_c30_ssg_cworstt_max_0p81v_125c     slow 
BUF_X0P5B_A9PP140ZTUL_C30                 4       1.512    sc9mcpp140z_cln28ht_base_ulvt_c30_ssg_cworstt_max_0p81v_125c    slow 
BUF_X0P8M_A9PP140ZTS_C30                  1       0.378    sc9mcpp140z_cln28ht_base_svt_c30_ssg_cworstt_max_0p81v_125c     slow 
BUF_X11M_A9PP140ZTUL_C30                  1       2.142    sc9mcpp140z_cln28ht_base_ulvt_c30_ssg_cworstt_max_0p81v_125c    slow 
BUF_X13M_A9PP140ZTUL_C30                 21      50.274    sc9mcpp140z_cln28ht_base_ulvt_c30_ssg_cworstt_max_0p81v_125c    slow 
BUF_X16M_A9PP140ZTUL_C30                 19      55.062    sc9mcpp140z_cln28ht_base_ulvt_c30_ssg_cworstt_max_0p81v_125c    slow 
BUF_X1B_A9PP140ZTUL_C30                   5       1.890    sc9mcpp140z_cln28ht_base_ulvt_c30_ssg_cworstt_max_0p81v_125c    slow 
BUF_X1M_A9PP140ZTUL_C30                   2       0.756    sc9mcpp140z_cln28ht_base_ulvt_c30_ssg_cworstt_max_0p81v_125c    slow 
BUF_X1P7M_A9PP140ZTUL_C30                40      20.160    sc9mcpp140z_cln28ht_base_ulvt_c30_ssg_cworstt_max_0p81v_125c    slow 
BUF_X2P5M_A9PP140ZTUL_C30                40      25.200    sc9mcpp140z_cln28ht_base_ulvt_c30_ssg_cworstt_max_0p81v_125c    slow 
BUF_X3M_A9PP140ZTUL_C30                   1       0.630    sc9mcpp140z_cln28ht_base_ulvt_c30_ssg_cworstt_max_0p81v_125c    slow 
BUF_X4M_A9PP140ZTUL_C30                 119     104.958    sc9mcpp140z_cln28ht_base_ulvt_c30_ssg_cworstt_max_0p81v_125c    slow 
BUF_X4M_A9PP140ZTUL_C30_XGCAP4           56      84.672    sc9mcpp140z_cln28ht_base_ulvt_c30_ssg_cworstt_max_0p81v_125c    slow 
BUF_X5M_A9PP140ZTUL_C30                  11      11.088    sc9mcpp140z_cln28ht_base_ulvt_c30_ssg_cworstt_max_0p81v_125c    slow 
BUF_X6M_A9PP140ZTUL_C30                   6       6.804    sc9mcpp140z_cln28ht_base_ulvt_c30_ssg_cworstt_max_0p81v_125c    slow 
BUF_X6M_A9PP140ZTUL_C30_XGCAP6            1       2.016    sc9mcpp140z_cln28ht_base_ulvt_c30_ssg_cworstt_max_0p81v_125c    slow 
BUF_X7P5M_A9PP140ZTUL_C30                 3       4.536    sc9mcpp140z_cln28ht_base_ulvt_c30_ssg_cworstt_max_0p81v_125c    slow 
BUF_X9M_A9PP140ZTUL_C30                   1       1.764    sc9mcpp140z_cln28ht_base_ulvt_c30_ssg_cworstt_max_0p81v_125c    slow 
BUF_X9M_A9PP140ZTUL_C30_XGCAP9            1       3.024    sc9mcpp140z_cln28ht_base_ulvt_c30_ssg_cworstt_max_0p81v_125c    slow 
CGENI_X1M_A9PP140ZTS_C30               1438    1087.128    sc9mcpp140z_cln28ht_base_svt_c30_ssg_cworstt_max_0p81v_125c     slow 
CGENI_X1M_A9PP140ZTUL_C30                 2       1.512    sc9mcpp140z_cln28ht_base_ulvt_c30_ssg_cworstt_max_0p81v_125c    slow 
CGEN_X1M_A9PP140ZTS_C30                 960     846.720    sc9mcpp140z_cln28ht_base_svt_c30_ssg_cworstt_max_0p81v_125c     slow 
CGEN_X1M_A9PP140ZTUL_C30                  6       5.292    sc9mcpp140z_cln28ht_base_ulvt_c30_ssg_cworstt_max_0p81v_125c    slow 
DFFQA_X1M_A9PP140ZTUL_C30                 2       3.780    sc9mcpp140z_cln28ht_base_ulvt_c30_ssg_cworstt_max_0p81v_125c    slow 
DFFQNA_X1M_A9PP140ZTUL_C30                2       3.528    sc9mcpp140z_cln28ht_base_ulvt_c30_ssg_cworstt_max_0p81v_125c    slow 
DFFRPQA_X1M_A9PP140ZTUL_C30              26      55.692    sc9mcpp140z_cln28ht_base_ulvt_c30_ssg_cworstt_max_0p81v_125c    slow 
DFFRPQNA_X1M_A9PP140ZTUL_C30            156     314.496    sc9mcpp140z_cln28ht_base_ulvt_c30_ssg_cworstt_max_0p81v_125c    slow 
DFFSQNA_X1M_A9PP140ZTUL_C30               1       2.016    sc9mcpp140z_cln28ht_base_ulvt_c30_ssg_cworstt_max_0p81v_125c    slow 
INV_X0P7B_A9PP140ZTS_C30                 88      22.176    sc9mcpp140z_cln28ht_base_svt_c30_ssg_cworstt_max_0p81v_125c     slow 
INV_X0P7M_A9PP140ZTL_C30                 20       5.040    sc9mcpp140z_cln28ht_base_lvt_c30_ssg_cworstt_max_0p81v_125c     slow 
INV_X0P8B_A9PP140ZTUL_C30               388      97.776    sc9mcpp140z_cln28ht_base_ulvt_c30_ssg_cworstt_max_0p81v_125c    slow 
INV_X0P8M_A9PP140ZTUL_C30               903     227.556    sc9mcpp140z_cln28ht_base_ulvt_c30_ssg_cworstt_max_0p81v_125c    slow 
INV_X11B_A9PP140ZTL_C30                   1       1.512    sc9mcpp140z_cln28ht_base_lvt_c30_ssg_cworstt_max_0p81v_125c     slow 
INV_X11B_A9PP140ZTUL_C30                  3       4.536    sc9mcpp140z_cln28ht_base_ulvt_c30_ssg_cworstt_max_0p81v_125c    slow 
INV_X11M_A9PP140ZTUL_C30                 12      19.656    sc9mcpp140z_cln28ht_base_ulvt_c30_ssg_cworstt_max_0p81v_125c    slow 
INV_X11M_A9PP140ZTUL_C30_XGCAP11          1       3.150    sc9mcpp140z_cln28ht_base_ulvt_c30_ssg_cworstt_max_0p81v_125c    slow 
INV_X13M_A9PP140ZTUL_C30                  4       7.560    sc9mcpp140z_cln28ht_base_ulvt_c30_ssg_cworstt_max_0p81v_125c    slow 
INV_X13M_A9PP140ZTUL_C30_XGCAP13          3      10.962    sc9mcpp140z_cln28ht_base_ulvt_c30_ssg_cworstt_max_0p81v_125c    slow 
INV_X16M_A9PP140ZTUL_C30                 13      29.484    sc9mcpp140z_cln28ht_base_ulvt_c30_ssg_cworstt_max_0p81v_125c    slow 
INV_X1B_A9PP140ZTS_C30                   16       4.032    sc9mcpp140z_cln28ht_base_svt_c30_ssg_cworstt_max_0p81v_125c     slow 
INV_X1B_A9PP140ZTUL_C30                 148      37.296    sc9mcpp140z_cln28ht_base_ulvt_c30_ssg_cworstt_max_0p81v_125c    slow 
INV_X1M_A9PP140ZTL_C30                 5322    1341.144    sc9mcpp140z_cln28ht_base_lvt_c30_ssg_cworstt_max_0p81v_125c     slow 
INV_X1M_A9PP140ZTUL_C30                 730     183.960    sc9mcpp140z_cln28ht_base_ulvt_c30_ssg_cworstt_max_0p81v_125c    slow 
INV_X1P2M_A9PP140ZTUL_C30                87      32.886    sc9mcpp140z_cln28ht_base_ulvt_c30_ssg_cworstt_max_0p81v_125c    slow 
INV_X1P4B_A9PP140ZTUL_C30                 3       1.134    sc9mcpp140z_cln28ht_base_ulvt_c30_ssg_cworstt_max_0p81v_125c    slow 
INV_X1P4M_A9PP140ZTL_C30                  1       0.378    sc9mcpp140z_cln28ht_base_lvt_c30_ssg_cworstt_max_0p81v_125c     slow 
INV_X1P4M_A9PP140ZTUL_C30               299     113.022    sc9mcpp140z_cln28ht_base_ulvt_c30_ssg_cworstt_max_0p81v_125c    slow 
INV_X1P7B_A9PP140ZTL_C30                 14       5.292    sc9mcpp140z_cln28ht_base_lvt_c30_ssg_cworstt_max_0p81v_125c     slow 
INV_X1P7M_A9PP140ZTL_C30                 15       5.670    sc9mcpp140z_cln28ht_base_lvt_c30_ssg_cworstt_max_0p81v_125c     slow 
INV_X1P7M_A9PP140ZTUL_C30               172      65.016    sc9mcpp140z_cln28ht_base_ulvt_c30_ssg_cworstt_max_0p81v_125c    slow 
INV_X20M_A9PP140ZTUL_C30                  2       5.544    sc9mcpp140z_cln28ht_hpk_ulvt_c30_ssg_cworstt_max_0p81v_125c     slow 
INV_X2B_A9PP140ZTUL_C30                   5       1.890    sc9mcpp140z_cln28ht_base_ulvt_c30_ssg_cworstt_max_0p81v_125c    slow 
INV_X2M_A9PP140ZTUL_C30                 233      88.074    sc9mcpp140z_cln28ht_base_ulvt_c30_ssg_cworstt_max_0p81v_125c    slow 
INV_X2P5M_A9PP140ZTL_C30                  5       2.520    sc9mcpp140z_cln28ht_base_lvt_c30_ssg_cworstt_max_0p81v_125c     slow 
INV_X2P5M_A9PP140ZTUL_C30                80      40.320    sc9mcpp140z_cln28ht_base_ulvt_c30_ssg_cworstt_max_0p81v_125c    slow 
INV_X3B_A9PP140ZTUL_C30                   8       4.032    sc9mcpp140z_cln28ht_base_ulvt_c30_ssg_cworstt_max_0p81v_125c    slow 
INV_X3M_A9PP140ZTL_C30                    2       1.008    sc9mcpp140z_cln28ht_base_lvt_c30_ssg_cworstt_max_0p81v_125c     slow 
INV_X3M_A9PP140ZTUL_C30                  72      36.288    sc9mcpp140z_cln28ht_base_ulvt_c30_ssg_cworstt_max_0p81v_125c    slow 
INV_X3P5B_A9PP140ZTUL_C30                 1       0.630    sc9mcpp140z_cln28ht_base_ulvt_c30_ssg_cworstt_max_0p81v_125c    slow 
INV_X3P5M_A9PP140ZTUL_C30               122      76.860    sc9mcpp140z_cln28ht_base_ulvt_c30_ssg_cworstt_max_0p81v_125c    slow 
INV_X4B_A9PP140ZTUL_C30                  10       6.300    sc9mcpp140z_cln28ht_base_ulvt_c30_ssg_cworstt_max_0p81v_125c    slow 
INV_X4M_A9PP140ZTL_C30                    2       1.260    sc9mcpp140z_cln28ht_base_lvt_c30_ssg_cworstt_max_0p81v_125c     slow 
INV_X4M_A9PP140ZTUL_C30                  51      32.130    sc9mcpp140z_cln28ht_base_ulvt_c30_ssg_cworstt_max_0p81v_125c    slow 
INV_X5B_A9PP140ZTUL_C30                  11       8.316    sc9mcpp140z_cln28ht_base_ulvt_c30_ssg_cworstt_max_0p81v_125c    slow 
INV_X5M_A9PP140ZTL_C30                    9       6.804    sc9mcpp140z_cln28ht_base_lvt_c30_ssg_cworstt_max_0p81v_125c     slow 
INV_X5M_A9PP140ZTUL_C30                  19      14.364    sc9mcpp140z_cln28ht_base_ulvt_c30_ssg_cworstt_max_0p81v_125c    slow 
INV_X5M_A9PP140ZTUL_C30_XGCAP5            1       1.512    sc9mcpp140z_cln28ht_base_ulvt_c30_ssg_cworstt_max_0p81v_125c    slow 
INV_X6B_A9PP140ZTUL_C30                  17      14.994    sc9mcpp140z_cln28ht_base_ulvt_c30_ssg_cworstt_max_0p81v_125c    slow 
INV_X6M_A9PP140ZTUL_C30                  77      67.914    sc9mcpp140z_cln28ht_base_ulvt_c30_ssg_cworstt_max_0p81v_125c    slow 
INV_X6M_A9PP140ZTUL_C30_XGCAP6            1       1.764    sc9mcpp140z_cln28ht_base_ulvt_c30_ssg_cworstt_max_0p81v_125c    slow 
INV_X7P5B_A9PP140ZTUL_C30                14      15.876    sc9mcpp140z_cln28ht_base_ulvt_c30_ssg_cworstt_max_0p81v_125c    slow 
INV_X7P5M_A9PP140ZTL_C30                  6       6.804    sc9mcpp140z_cln28ht_base_lvt_c30_ssg_cworstt_max_0p81v_125c     slow 
INV_X7P5M_A9PP140ZTUL_C30                52      58.968    sc9mcpp140z_cln28ht_base_ulvt_c30_ssg_cworstt_max_0p81v_125c    slow 
INV_X7P5M_A9PP140ZTUL_C30_XGCAP8          7      15.876    sc9mcpp140z_cln28ht_base_ulvt_c30_ssg_cworstt_max_0p81v_125c    slow 
INV_X9B_A9PP140ZTUL_C30                   2       2.520    sc9mcpp140z_cln28ht_base_ulvt_c30_ssg_cworstt_max_0p81v_125c    slow 
INV_X9B_A9PP140ZTUL_C30_XGCAP9           13      32.760    sc9mcpp140z_cln28ht_base_ulvt_c30_ssg_cworstt_max_0p81v_125c    slow 
INV_X9M_A9PP140ZTUL_C30                  14      17.640    sc9mcpp140z_cln28ht_base_ulvt_c30_ssg_cworstt_max_0p81v_125c    slow 
MXIT2_X0P5M_A9PP140ZTUL_C30              66      58.212    sc9mcpp140z_cln28ht_base_ulvt_c30_ssg_cworstt_max_0p81v_125c    slow 
MXIT2_X1P4M_A9PP140ZTUL_C30              16      20.160    sc9mcpp140z_cln28ht_base_ulvt_c30_ssg_cworstt_max_0p81v_125c    slow 
MXT2_X0P5B_A9PP140ZTUL_C30               72      63.504    sc9mcpp140z_cln28ht_base_ulvt_c30_ssg_cworstt_max_0p81v_125c    slow 
NAND2B_X0P5M_A9PP140ZTUL_C30            340     171.360    sc9mcpp140z_cln28ht_base_ulvt_c30_ssg_cworstt_max_0p81v_125c    slow 
NAND2B_X1M_A9PP140ZTS_C30                80      40.320    sc9mcpp140z_cln28ht_base_svt_c30_ssg_cworstt_max_0p81v_125c     slow 
NAND2B_X1M_A9PP140ZTUL_C30               47      23.688    sc9mcpp140z_cln28ht_base_ulvt_c30_ssg_cworstt_max_0p81v_125c    slow 
NAND2B_X2M_A9PP140ZTUL_C30               16      12.096    sc9mcpp140z_cln28ht_base_ulvt_c30_ssg_cworstt_max_0p81v_125c    slow 
NAND2B_X3M_A9PP140ZTUL_C30                3       3.024    sc9mcpp140z_cln28ht_base_ulvt_c30_ssg_cworstt_max_0p81v_125c    slow 
NAND2B_X4M_A9PP140ZTUL_C30                5       6.300    sc9mcpp140z_cln28ht_base_ulvt_c30_ssg_cworstt_max_0p81v_125c    slow 
NAND2B_X6M_A9PP140ZTUL_C30                3       5.670    sc9mcpp140z_cln28ht_base_ulvt_c30_ssg_cworstt_max_0p81v_125c    slow 
NAND2B_X8M_A9PP140ZTL_C30                 1       2.394    sc9mcpp140z_cln28ht_base_lvt_c30_ssg_cworstt_max_0p81v_125c     slow 
NAND2B_X8M_A9PP140ZTUL_C30                4       9.576    sc9mcpp140z_cln28ht_base_ulvt_c30_ssg_cworstt_max_0p81v_125c    slow 
NAND2XB_X0P5M_A9PP140ZTS_C30              3       1.512    sc9mcpp140z_cln28ht_base_svt_c30_ssg_cworstt_max_0p81v_125c     slow 
NAND2XB_X0P7M_A9PP140ZTUL_C30             1       0.504    sc9mcpp140z_cln28ht_base_ulvt_c30_ssg_cworstt_max_0p81v_125c    slow 
NAND2XB_X1M_A9PP140ZTUL_C30              94      47.376    sc9mcpp140z_cln28ht_base_ulvt_c30_ssg_cworstt_max_0p81v_125c    slow 
NAND2XB_X1P4M_A9PP140ZTL_C30              3       2.268    sc9mcpp140z_cln28ht_base_lvt_c30_ssg_cworstt_max_0p81v_125c     slow 
NAND2XB_X1P4M_A9PP140ZTUL_C30             6       4.536    sc9mcpp140z_cln28ht_base_ulvt_c30_ssg_cworstt_max_0p81v_125c    slow 
NAND2XB_X2M_A9PP140ZTL_C30                1       0.756    sc9mcpp140z_cln28ht_base_lvt_c30_ssg_cworstt_max_0p81v_125c     slow 
NAND2XB_X2M_A9PP140ZTUL_C30             112      84.672    sc9mcpp140z_cln28ht_base_ulvt_c30_ssg_cworstt_max_0p81v_125c    slow 
NAND2XB_X3M_A9PP140ZTL_C30                7       7.056    sc9mcpp140z_cln28ht_base_lvt_c30_ssg_cworstt_max_0p81v_125c     slow 
NAND2XB_X3M_A9PP140ZTUL_C30               7       7.056    sc9mcpp140z_cln28ht_base_ulvt_c30_ssg_cworstt_max_0p81v_125c    slow 
NAND2XB_X4M_A9PP140ZTL_C30                2       2.520    sc9mcpp140z_cln28ht_base_lvt_c30_ssg_cworstt_max_0p81v_125c     slow 
NAND2XB_X4M_A9PP140ZTUL_C30               3       3.780    sc9mcpp140z_cln28ht_base_ulvt_c30_ssg_cworstt_max_0p81v_125c    slow 
NAND2XB_X6M_A9PP140ZTUL_C30              11      20.790    sc9mcpp140z_cln28ht_base_ulvt_c30_ssg_cworstt_max_0p81v_125c    slow 
NAND2XB_X8M_A9PP140ZTUL_C30              26      62.244    sc9mcpp140z_cln28ht_base_ulvt_c30_ssg_cworstt_max_0p81v_125c    slow 
NAND2_X0P5A_A9PP140ZTUL_C30               2       0.756    sc9mcpp140z_cln28ht_base_ulvt_c30_ssg_cworstt_max_0p81v_125c    slow 
NAND2_X0P7B_A9PP140ZTUL_C30               1       0.378    sc9mcpp140z_cln28ht_base_ulvt_c30_ssg_cworstt_max_0p81v_125c    slow 
NAND2_X0P7M_A9PP140ZTUL_C30               3       1.134    sc9mcpp140z_cln28ht_base_ulvt_c30_ssg_cworstt_max_0p81v_125c    slow 
NAND2_X11A_A9PP140ZTL_C30                 1       2.898    sc9mcpp140z_cln28ht_hpk_lvt_c30_ssg_cworstt_max_0p81v_125c      slow 
NAND2_X11A_A9PP140ZTUL_C30                5      14.490    sc9mcpp140z_cln28ht_hpk_ulvt_c30_ssg_cworstt_max_0p81v_125c     slow 
NAND2_X11B_A9PP140ZTUL_C30                1       2.898    sc9mcpp140z_cln28ht_hpk_ulvt_c30_ssg_cworstt_max_0p81v_125c     slow 
NAND2_X11M_A9PP140ZTL_C30                 1       2.898    sc9mcpp140z_cln28ht_hpk_lvt_c30_ssg_cworstt_max_0p81v_125c      slow 
NAND2_X11M_A9PP140ZTUL_C30               15      43.470    sc9mcpp140z_cln28ht_hpk_ulvt_c30_ssg_cworstt_max_0p81v_125c     slow 
NAND2_X11TA_A9PP140ZTUL_C30               7      30.870    sc9mcpp140z_cln28ht_hpk_ulvt_c30_ssg_cworstt_max_0p81v_125c     slow 
NAND2_X1A_A9PP140ZTL_C30                 59      22.302    sc9mcpp140z_cln28ht_base_lvt_c30_ssg_cworstt_max_0p81v_125c     slow 
NAND2_X1A_A9PP140ZTUL_C30               883     333.774    sc9mcpp140z_cln28ht_base_ulvt_c30_ssg_cworstt_max_0p81v_125c    slow 
NAND2_X1B_A9PP140ZTL_C30                  6       2.268    sc9mcpp140z_cln28ht_base_lvt_c30_ssg_cworstt_max_0p81v_125c     slow 
NAND2_X1B_A9PP140ZTUL_C30                 7       2.646    sc9mcpp140z_cln28ht_base_ulvt_c30_ssg_cworstt_max_0p81v_125c    slow 
NAND2_X1M_A9PP140ZTUL_C30               115      43.470    sc9mcpp140z_cln28ht_base_ulvt_c30_ssg_cworstt_max_0p81v_125c    slow 
NAND2_X1P4A_A9PP140ZTL_C30               16      10.080    sc9mcpp140z_cln28ht_base_lvt_c30_ssg_cworstt_max_0p81v_125c     slow 
NAND2_X1P4A_A9PP140ZTUL_C30              60      37.800    sc9mcpp140z_cln28ht_base_ulvt_c30_ssg_cworstt_max_0p81v_125c    slow 
NAND2_X1P4B_A9PP140ZTUL_C30              31      19.530    sc9mcpp140z_cln28ht_base_ulvt_c30_ssg_cworstt_max_0p81v_125c    slow 
NAND2_X1P4M_A9PP140ZTL_C30                1       0.630    sc9mcpp140z_cln28ht_base_lvt_c30_ssg_cworstt_max_0p81v_125c     slow 
NAND2_X1P4M_A9PP140ZTUL_C30               4       2.520    sc9mcpp140z_cln28ht_base_ulvt_c30_ssg_cworstt_max_0p81v_125c    slow 
NAND2_X1P4TA_A9PP140ZTL_C30               1       0.756    sc9mcpp140z_cln28ht_hpk_lvt_c30_ssg_cworstt_max_0p81v_125c      slow 
NAND2_X1P4TA_A9PP140ZTUL_C30             14      10.584    sc9mcpp140z_cln28ht_hpk_ulvt_c30_ssg_cworstt_max_0p81v_125c     slow 
NAND2_X1TA_A9PP140ZTL_C30                 4       2.016    sc9mcpp140z_cln28ht_hpk_lvt_c30_ssg_cworstt_max_0p81v_125c      slow 
NAND2_X1TA_A9PP140ZTUL_C30               36      18.144    sc9mcpp140z_cln28ht_hpk_ulvt_c30_ssg_cworstt_max_0p81v_125c     slow 
NAND2_X2A_A9PP140ZTL_C30                 33      20.790    sc9mcpp140z_cln28ht_base_lvt_c30_ssg_cworstt_max_0p81v_125c     slow 
NAND2_X2A_A9PP140ZTUL_C30               284     178.920    sc9mcpp140z_cln28ht_base_ulvt_c30_ssg_cworstt_max_0p81v_125c    slow 
NAND2_X2B_A9PP140ZTL_C30                  1       0.630    sc9mcpp140z_cln28ht_base_lvt_c30_ssg_cworstt_max_0p81v_125c     slow 
NAND2_X2B_A9PP140ZTUL_C30                66      41.580    sc9mcpp140z_cln28ht_base_ulvt_c30_ssg_cworstt_max_0p81v_125c    slow 
NAND2_X2M_A9PP140ZTL_C30                  9       5.670    sc9mcpp140z_cln28ht_base_lvt_c30_ssg_cworstt_max_0p81v_125c     slow 
NAND2_X2M_A9PP140ZTUL_C30               312     196.560    sc9mcpp140z_cln28ht_base_ulvt_c30_ssg_cworstt_max_0p81v_125c    slow 
NAND2_X2TA_A9PP140ZTUL_C30              146     128.772    sc9mcpp140z_cln28ht_hpk_ulvt_c30_ssg_cworstt_max_0p81v_125c     slow 
NAND2_X3A_A9PP140ZTUL_C30                12      10.584    sc9mcpp140z_cln28ht_base_ulvt_c30_ssg_cworstt_max_0p81v_125c    slow 
NAND2_X3B_A9PP140ZTL_C30                  1       0.882    sc9mcpp140z_cln28ht_base_lvt_c30_ssg_cworstt_max_0p81v_125c     slow 
NAND2_X3B_A9PP140ZTUL_C30                25      22.050    sc9mcpp140z_cln28ht_base_ulvt_c30_ssg_cworstt_max_0p81v_125c    slow 
NAND2_X3M_A9PP140ZTL_C30                  5       4.410    sc9mcpp140z_cln28ht_base_lvt_c30_ssg_cworstt_max_0p81v_125c     slow 
NAND2_X3M_A9PP140ZTUL_C30                20      17.640    sc9mcpp140z_cln28ht_base_ulvt_c30_ssg_cworstt_max_0p81v_125c    slow 
NAND2_X3TA_A9PP140ZTUL_C30                8      10.080    sc9mcpp140z_cln28ht_hpk_ulvt_c30_ssg_cworstt_max_0p81v_125c     slow 
NAND2_X4A_A9PP140ZTUL_C30                26      29.484    sc9mcpp140z_cln28ht_base_ulvt_c30_ssg_cworstt_max_0p81v_125c    slow 
NAND2_X4B_A9PP140ZTUL_C30                12      13.608    sc9mcpp140z_cln28ht_base_ulvt_c30_ssg_cworstt_max_0p81v_125c    slow 
NAND2_X4M_A9PP140ZTUL_C30                55      62.370    sc9mcpp140z_cln28ht_base_ulvt_c30_ssg_cworstt_max_0p81v_125c    slow 
NAND2_X4TA_A9PP140ZTUL_C30               16      26.208    sc9mcpp140z_cln28ht_hpk_ulvt_c30_ssg_cworstt_max_0p81v_125c     slow 
NAND2_X6A_A9PP140ZTUL_C30                15      24.570    sc9mcpp140z_cln28ht_base_ulvt_c30_ssg_cworstt_max_0p81v_125c    slow 
NAND2_X6B_A9PP140ZTUL_C30                 2       3.276    sc9mcpp140z_cln28ht_base_ulvt_c30_ssg_cworstt_max_0p81v_125c    slow 
NAND2_X6M_A9PP140ZTL_C30                  1       1.638    sc9mcpp140z_cln28ht_base_lvt_c30_ssg_cworstt_max_0p81v_125c     slow 
NAND2_X6M_A9PP140ZTUL_C30                49      80.262    sc9mcpp140z_cln28ht_base_ulvt_c30_ssg_cworstt_max_0p81v_125c    slow 
NAND2_X6TA_A9PP140ZTUL_C30                9      21.546    sc9mcpp140z_cln28ht_hpk_ulvt_c30_ssg_cworstt_max_0p81v_125c     slow 
NAND2_X8A_A9PP140ZTUL_C30                 6      12.852    sc9mcpp140z_cln28ht_base_ulvt_c30_ssg_cworstt_max_0p81v_125c    slow 
NAND2_X8B_A9PP140ZTUL_C30                 2       4.284    sc9mcpp140z_cln28ht_base_ulvt_c30_ssg_cworstt_max_0p81v_125c    slow 
NAND2_X8M_A9PP140ZTUL_C30                23      49.266    sc9mcpp140z_cln28ht_base_ulvt_c30_ssg_cworstt_max_0p81v_125c    slow 
NAND2_X8TA_A9PP140ZTUL_C30                6      18.900    sc9mcpp140z_cln28ht_hpk_ulvt_c30_ssg_cworstt_max_0p81v_125c     slow 
NAND3BB_X0P7M_A9PP140ZTL_C30              1       0.630    sc9mcpp140z_cln28ht_base_lvt_c30_ssg_cworstt_max_0p81v_125c     slow 
NAND3BB_X0P7M_A9PP140ZTUL_C30            14       8.820    sc9mcpp140z_cln28ht_base_ulvt_c30_ssg_cworstt_max_0p81v_125c    slow 
NAND3BB_X1M_A9PP140ZTL_C30                4       2.520    sc9mcpp140z_cln28ht_base_lvt_c30_ssg_cworstt_max_0p81v_125c     slow 
NAND3BB_X1M_A9PP140ZTS_C30                1       0.630    sc9mcpp140z_cln28ht_base_svt_c30_ssg_cworstt_max_0p81v_125c     slow 
NAND3BB_X1M_A9PP140ZTUL_C30              99      62.370    sc9mcpp140z_cln28ht_base_ulvt_c30_ssg_cworstt_max_0p81v_125c    slow 
NAND3BB_X1P4M_A9PP140ZTL_C30              5       4.410    sc9mcpp140z_cln28ht_base_lvt_c30_ssg_cworstt_max_0p81v_125c     slow 
NAND3BB_X1P4M_A9PP140ZTUL_C30            14      12.348    sc9mcpp140z_cln28ht_base_ulvt_c30_ssg_cworstt_max_0p81v_125c    slow 
NAND3BB_X2M_A9PP140ZTUL_C30             390     343.980    sc9mcpp140z_cln28ht_base_ulvt_c30_ssg_cworstt_max_0p81v_125c    slow 
NAND3BB_X3M_A9PP140ZTL_C30               18      24.948    sc9mcpp140z_cln28ht_base_lvt_c30_ssg_cworstt_max_0p81v_125c     slow 
NAND3BB_X3M_A9PP140ZTUL_C30             121     167.706    sc9mcpp140z_cln28ht_base_ulvt_c30_ssg_cworstt_max_0p81v_125c    slow 
NAND3BB_X4M_A9PP140ZTUL_C30             165     270.270    sc9mcpp140z_cln28ht_base_ulvt_c30_ssg_cworstt_max_0p81v_125c    slow 
NAND3BB_X6M_A9PP140ZTL_C30                9      23.814    sc9mcpp140z_cln28ht_base_lvt_c30_ssg_cworstt_max_0p81v_125c     slow 
NAND3BB_X6M_A9PP140ZTUL_C30              93     246.078    sc9mcpp140z_cln28ht_base_ulvt_c30_ssg_cworstt_max_0p81v_125c    slow 
NAND3BB_X8M_A9PP140ZTUL_C30              48     163.296    sc9mcpp140z_cln28ht_base_ulvt_c30_ssg_cworstt_max_0p81v_125c    slow 
NAND3B_X0P5M_A9PP140ZTUL_C30              4       2.520    sc9mcpp140z_cln28ht_base_ulvt_c30_ssg_cworstt_max_0p81v_125c    slow 
NAND3B_X1M_A9PP140ZTUL_C30               18      11.340    sc9mcpp140z_cln28ht_base_ulvt_c30_ssg_cworstt_max_0p81v_125c    slow 
NAND3B_X3M_A9PP140ZTUL_C30                1       1.386    sc9mcpp140z_cln28ht_base_ulvt_c30_ssg_cworstt_max_0p81v_125c    slow 
NAND3XXB_X0P7M_A9PP140ZTUL_C30            9       5.670    sc9mcpp140z_cln28ht_base_ulvt_c30_ssg_cworstt_max_0p81v_125c    slow 
NAND3XXB_X1M_A9PP140ZTL_C30               2       1.260    sc9mcpp140z_cln28ht_base_lvt_c30_ssg_cworstt_max_0p81v_125c     slow 
NAND3XXB_X1M_A9PP140ZTUL_C30             92      57.960    sc9mcpp140z_cln28ht_base_ulvt_c30_ssg_cworstt_max_0p81v_125c    slow 
NAND3XXB_X1P4M_A9PP140ZTL_C30             7       7.938    sc9mcpp140z_cln28ht_base_lvt_c30_ssg_cworstt_max_0p81v_125c     slow 
NAND3XXB_X1P4M_A9PP140ZTUL_C30           16      18.144    sc9mcpp140z_cln28ht_base_ulvt_c30_ssg_cworstt_max_0p81v_125c    slow 
NAND3XXB_X2M_A9PP140ZTL_C30              10      11.340    sc9mcpp140z_cln28ht_base_lvt_c30_ssg_cworstt_max_0p81v_125c     slow 
NAND3XXB_X2M_A9PP140ZTS_C30               3       3.402    sc9mcpp140z_cln28ht_base_svt_c30_ssg_cworstt_max_0p81v_125c     slow 
NAND3XXB_X2M_A9PP140ZTUL_C30             20      22.680    sc9mcpp140z_cln28ht_base_ulvt_c30_ssg_cworstt_max_0p81v_125c    slow 
NAND3XXB_X3M_A9PP140ZTL_C30               2       2.772    sc9mcpp140z_cln28ht_base_lvt_c30_ssg_cworstt_max_0p81v_125c     slow 
NAND3XXB_X3M_A9PP140ZTS_C30               1       1.386    sc9mcpp140z_cln28ht_base_svt_c30_ssg_cworstt_max_0p81v_125c     slow 
NAND3XXB_X3M_A9PP140ZTUL_C30              8      11.088    sc9mcpp140z_cln28ht_base_ulvt_c30_ssg_cworstt_max_0p81v_125c    slow 
NAND3_X0P7A_A9PP140ZTUL_C30               5       2.520    sc9mcpp140z_cln28ht_base_ulvt_c30_ssg_cworstt_max_0p81v_125c    slow 
NAND3_X1A_A9PP140ZTL_C30                  1       0.504    sc9mcpp140z_cln28ht_base_lvt_c30_ssg_cworstt_max_0p81v_125c     slow 
NAND3_X1A_A9PP140ZTUL_C30                13       6.552    sc9mcpp140z_cln28ht_base_ulvt_c30_ssg_cworstt_max_0p81v_125c    slow 
NAND3_X1M_A9PP140ZTUL_C30                 7       3.528    sc9mcpp140z_cln28ht_base_ulvt_c30_ssg_cworstt_max_0p81v_125c    slow 
NAND3_X1P4A_A9PP140ZTL_C30                2       1.764    sc9mcpp140z_cln28ht_base_lvt_c30_ssg_cworstt_max_0p81v_125c     slow 
NAND3_X1P4A_A9PP140ZTUL_C30               4       3.528    sc9mcpp140z_cln28ht_base_ulvt_c30_ssg_cworstt_max_0p81v_125c    slow 
NAND3_X2A_A9PP140ZTUL_C30                 9       7.938    sc9mcpp140z_cln28ht_base_ulvt_c30_ssg_cworstt_max_0p81v_125c    slow 
NAND3_X2M_A9PP140ZTUL_C30                38      33.516    sc9mcpp140z_cln28ht_base_ulvt_c30_ssg_cworstt_max_0p81v_125c    slow 
NAND3_X3M_A9PP140ZTL_C30                  1       1.260    sc9mcpp140z_cln28ht_base_lvt_c30_ssg_cworstt_max_0p81v_125c     slow 
NAND3_X3M_A9PP140ZTUL_C30                13      16.380    sc9mcpp140z_cln28ht_base_ulvt_c30_ssg_cworstt_max_0p81v_125c    slow 
NAND3_X4M_A9PP140ZTL_C30                  2       3.276    sc9mcpp140z_cln28ht_base_lvt_c30_ssg_cworstt_max_0p81v_125c     slow 
NAND4BB_X1M_A9PP140ZTUL_C30              47      35.532    sc9mcpp140z_cln28ht_base_ulvt_c30_ssg_cworstt_max_0p81v_125c    slow 
NAND4BB_X1P4M_A9PP140ZTUL_C30             1       1.260    sc9mcpp140z_cln28ht_base_ulvt_c30_ssg_cworstt_max_0p81v_125c    slow 
NAND4BB_X2M_A9PP140ZTL_C30                3       3.780    sc9mcpp140z_cln28ht_base_lvt_c30_ssg_cworstt_max_0p81v_125c     slow 
NAND4BB_X2M_A9PP140ZTS_C30                1       1.260    sc9mcpp140z_cln28ht_base_svt_c30_ssg_cworstt_max_0p81v_125c     slow 
NAND4BB_X2M_A9PP140ZTUL_C30              42      52.920    sc9mcpp140z_cln28ht_base_ulvt_c30_ssg_cworstt_max_0p81v_125c    slow 
NAND4BB_X3M_A9PP140ZTL_C30                1       1.764    sc9mcpp140z_cln28ht_base_lvt_c30_ssg_cworstt_max_0p81v_125c     slow 
NAND4BB_X3M_A9PP140ZTUL_C30               5       8.820    sc9mcpp140z_cln28ht_base_ulvt_c30_ssg_cworstt_max_0p81v_125c    slow 
NAND4BB_X4M_A9PP140ZTUL_C30               3       6.804    sc9mcpp140z_cln28ht_base_ulvt_c30_ssg_cworstt_max_0p81v_125c    slow 
NAND4XXXB_X1M_A9PP140ZTUL_C30            23      17.388    sc9mcpp140z_cln28ht_base_ulvt_c30_ssg_cworstt_max_0p81v_125c    slow 
NAND4XXXB_X2M_A9PP140ZTUL_C30             9      12.474    sc9mcpp140z_cln28ht_base_ulvt_c30_ssg_cworstt_max_0p81v_125c    slow 
NOR2B_X0P5M_A9PP140ZTUL_C30              12       6.048    sc9mcpp140z_cln28ht_base_ulvt_c30_ssg_cworstt_max_0p81v_125c    slow 
NOR2B_X1M_A9PP140ZTUL_C30                24      12.096    sc9mcpp140z_cln28ht_base_ulvt_c30_ssg_cworstt_max_0p81v_125c    slow 
NOR2B_X2M_A9PP140ZTUL_C30                 2       1.512    sc9mcpp140z_cln28ht_base_ulvt_c30_ssg_cworstt_max_0p81v_125c    slow 
NOR2B_X4M_A9PP140ZTUL_C30                 2       2.520    sc9mcpp140z_cln28ht_base_ulvt_c30_ssg_cworstt_max_0p81v_125c    slow 
NOR2B_X6M_A9PP140ZTUL_C30                 1       1.890    sc9mcpp140z_cln28ht_base_ulvt_c30_ssg_cworstt_max_0p81v_125c    slow 
NOR2B_X8M_A9PP140ZTUL_C30                 2       4.788    sc9mcpp140z_cln28ht_base_ulvt_c30_ssg_cworstt_max_0p81v_125c    slow 
NOR2XB_X0P5M_A9PP140ZTUL_C30            221     111.384    sc9mcpp140z_cln28ht_base_ulvt_c30_ssg_cworstt_max_0p81v_125c    slow 
NOR2XB_X1M_A9PP140ZTUL_C30               12       6.048    sc9mcpp140z_cln28ht_base_ulvt_c30_ssg_cworstt_max_0p81v_125c    slow 
NOR2XB_X1P4M_A9PP140ZTUL_C30              1       0.756    sc9mcpp140z_cln28ht_base_ulvt_c30_ssg_cworstt_max_0p81v_125c    slow 
NOR2XB_X2M_A9PP140ZTS_C30                 1       0.756    sc9mcpp140z_cln28ht_base_svt_c30_ssg_cworstt_max_0p81v_125c     slow 
NOR2XB_X2M_A9PP140ZTUL_C30               41      30.996    sc9mcpp140z_cln28ht_base_ulvt_c30_ssg_cworstt_max_0p81v_125c    slow 
NOR2XB_X3M_A9PP140ZTUL_C30                7       7.056    sc9mcpp140z_cln28ht_base_ulvt_c30_ssg_cworstt_max_0p81v_125c    slow 
NOR2XB_X6M_A9PP140ZTUL_C30                1       1.890    sc9mcpp140z_cln28ht_base_ulvt_c30_ssg_cworstt_max_0p81v_125c    slow 
NOR2_X0P7M_A9PP140ZTS_C30                 5       1.890    sc9mcpp140z_cln28ht_base_svt_c30_ssg_cworstt_max_0p81v_125c     slow 
NOR2_X11A_A9PP140ZTL_C30                  6      17.388    sc9mcpp140z_cln28ht_hpk_lvt_c30_ssg_cworstt_max_0p81v_125c      slow 
NOR2_X11A_A9PP140ZTUL_C30                 3       8.694    sc9mcpp140z_cln28ht_hpk_ulvt_c30_ssg_cworstt_max_0p81v_125c     slow 
NOR2_X11TA_A9PP140ZTUL_C30                1       4.410    sc9mcpp140z_cln28ht_hpk_ulvt_c30_ssg_cworstt_max_0p81v_125c     slow 
NOR2_X1A_A9PP140ZTL_C30                  12       4.536    sc9mcpp140z_cln28ht_base_lvt_c30_ssg_cworstt_max_0p81v_125c     slow 
NOR2_X1A_A9PP140ZTUL_C30                136      51.408    sc9mcpp140z_cln28ht_base_ulvt_c30_ssg_cworstt_max_0p81v_125c    slow 
NOR2_X1B_A9PP140ZTS_C30                   6       2.268    sc9mcpp140z_cln28ht_base_svt_c30_ssg_cworstt_max_0p81v_125c     slow 
NOR2_X1B_A9PP140ZTUL_C30                430     162.540    sc9mcpp140z_cln28ht_base_ulvt_c30_ssg_cworstt_max_0p81v_125c    slow 
NOR2_X1M_A9PP140ZTL_C30                 636     240.408    sc9mcpp140z_cln28ht_base_lvt_c30_ssg_cworstt_max_0p81v_125c     slow 
NOR2_X1M_A9PP140ZTS_C30                   4       1.512    sc9mcpp140z_cln28ht_base_svt_c30_ssg_cworstt_max_0p81v_125c     slow 
NOR2_X1P4A_A9PP140ZTL_C30                 1       0.630    sc9mcpp140z_cln28ht_base_lvt_c30_ssg_cworstt_max_0p81v_125c     slow 
NOR2_X1P4A_A9PP140ZTUL_C30               10       6.300    sc9mcpp140z_cln28ht_base_ulvt_c30_ssg_cworstt_max_0p81v_125c    slow 
NOR2_X1P4B_A9PP140ZTUL_C30                1       0.630    sc9mcpp140z_cln28ht_base_ulvt_c30_ssg_cworstt_max_0p81v_125c    slow 
NOR2_X1P4M_A9PP140ZTL_C30                 1       0.630    sc9mcpp140z_cln28ht_base_lvt_c30_ssg_cworstt_max_0p81v_125c     slow 
NOR2_X1P4M_A9PP140ZTUL_C30                2       1.260    sc9mcpp140z_cln28ht_base_ulvt_c30_ssg_cworstt_max_0p81v_125c    slow 
NOR2_X1P4TA_A9PP140ZTUL_C30              71      53.676    sc9mcpp140z_cln28ht_hpk_ulvt_c30_ssg_cworstt_max_0p81v_125c     slow 
NOR2_X1TA_A9PP140ZTL_C30                  7       3.528    sc9mcpp140z_cln28ht_hpk_lvt_c30_ssg_cworstt_max_0p81v_125c      slow 
NOR2_X1TA_A9PP140ZTS_C30                  1       0.504    sc9mcpp140z_cln28ht_hpk_svt_c30_ssg_cworstt_max_0p81v_125c      slow 
NOR2_X1TA_A9PP140ZTUL_C30                30      15.120    sc9mcpp140z_cln28ht_hpk_ulvt_c30_ssg_cworstt_max_0p81v_125c     slow 
NOR2_X2A_A9PP140ZTL_C30                   9       5.670    sc9mcpp140z_cln28ht_base_lvt_c30_ssg_cworstt_max_0p81v_125c     slow 
NOR2_X2A_A9PP140ZTUL_C30               1262     795.060    sc9mcpp140z_cln28ht_base_ulvt_c30_ssg_cworstt_max_0p81v_125c    slow 
NOR2_X2B_A9PP140ZTS_C30                   1       0.630    sc9mcpp140z_cln28ht_base_svt_c30_ssg_cworstt_max_0p81v_125c     slow 
NOR2_X2M_A9PP140ZTL_C30                  35      22.050    sc9mcpp140z_cln28ht_base_lvt_c30_ssg_cworstt_max_0p81v_125c     slow 
NOR2_X2M_A9PP140ZTUL_C30                 31      19.530    sc9mcpp140z_cln28ht_base_ulvt_c30_ssg_cworstt_max_0p81v_125c    slow 
NOR2_X2TA_A9PP140ZTL_C30                 90      79.380    sc9mcpp140z_cln28ht_hpk_lvt_c30_ssg_cworstt_max_0p81v_125c      slow 
NOR2_X2TA_A9PP140ZTUL_C30               826     728.532    sc9mcpp140z_cln28ht_hpk_ulvt_c30_ssg_cworstt_max_0p81v_125c     slow 
NOR2_X3A_A9PP140ZTL_C30                   9       7.938    sc9mcpp140z_cln28ht_base_lvt_c30_ssg_cworstt_max_0p81v_125c     slow 
NOR2_X3A_A9PP140ZTUL_C30                538     474.516    sc9mcpp140z_cln28ht_base_ulvt_c30_ssg_cworstt_max_0p81v_125c    slow 
NOR2_X3B_A9PP140ZTUL_C30                  4       3.528    sc9mcpp140z_cln28ht_base_ulvt_c30_ssg_cworstt_max_0p81v_125c    slow 
NOR2_X3M_A9PP140ZTUL_C30                 36      31.752    sc9mcpp140z_cln28ht_base_ulvt_c30_ssg_cworstt_max_0p81v_125c    slow 
NOR2_X3TA_A9PP140ZTL_C30                 10      12.600    sc9mcpp140z_cln28ht_hpk_lvt_c30_ssg_cworstt_max_0p81v_125c      slow 
NOR2_X3TA_A9PP140ZTUL_C30               109     137.340    sc9mcpp140z_cln28ht_hpk_ulvt_c30_ssg_cworstt_max_0p81v_125c     slow 
NOR2_X4A_A9PP140ZTL_C30                   4       4.536    sc9mcpp140z_cln28ht_base_lvt_c30_ssg_cworstt_max_0p81v_125c     slow 
NOR2_X4A_A9PP140ZTUL_C30                296     335.664    sc9mcpp140z_cln28ht_base_ulvt_c30_ssg_cworstt_max_0p81v_125c    slow 
NOR2_X4B_A9PP140ZTUL_C30                  3       3.402    sc9mcpp140z_cln28ht_base_ulvt_c30_ssg_cworstt_max_0p81v_125c    slow 
NOR2_X4M_A9PP140ZTUL_C30                 17      19.278    sc9mcpp140z_cln28ht_base_ulvt_c30_ssg_cworstt_max_0p81v_125c    slow 
NOR2_X4TA_A9PP140ZTL_C30                  2       3.276    sc9mcpp140z_cln28ht_hpk_lvt_c30_ssg_cworstt_max_0p81v_125c      slow 
NOR2_X4TA_A9PP140ZTUL_C30                43      70.434    sc9mcpp140z_cln28ht_hpk_ulvt_c30_ssg_cworstt_max_0p81v_125c     slow 
NOR2_X6A_A9PP140ZTL_C30                   1       1.638    sc9mcpp140z_cln28ht_base_lvt_c30_ssg_cworstt_max_0p81v_125c     slow 
NOR2_X6A_A9PP140ZTUL_C30                 76     124.488    sc9mcpp140z_cln28ht_base_ulvt_c30_ssg_cworstt_max_0p81v_125c    slow 
NOR2_X6B_A9PP140ZTUL_C30                  2       3.276    sc9mcpp140z_cln28ht_base_ulvt_c30_ssg_cworstt_max_0p81v_125c    slow 
NOR2_X6M_A9PP140ZTUL_C30                 13      21.294    sc9mcpp140z_cln28ht_base_ulvt_c30_ssg_cworstt_max_0p81v_125c    slow 
NOR2_X6TA_A9PP140ZTL_C30                  2       4.788    sc9mcpp140z_cln28ht_hpk_lvt_c30_ssg_cworstt_max_0p81v_125c      slow 
NOR2_X6TA_A9PP140ZTUL_C30                28      67.032    sc9mcpp140z_cln28ht_hpk_ulvt_c30_ssg_cworstt_max_0p81v_125c     slow 
NOR2_X8A_A9PP140ZTUL_C30                 29      62.118    sc9mcpp140z_cln28ht_base_ulvt_c30_ssg_cworstt_max_0p81v_125c    slow 
NOR2_X8B_A9PP140ZTUL_C30                  1       2.142    sc9mcpp140z_cln28ht_base_ulvt_c30_ssg_cworstt_max_0p81v_125c    slow 
NOR2_X8M_A9PP140ZTUL_C30                  5      10.710    sc9mcpp140z_cln28ht_base_ulvt_c30_ssg_cworstt_max_0p81v_125c    slow 
NOR2_X8TA_A9PP140ZTUL_C30                 5      15.750    sc9mcpp140z_cln28ht_hpk_ulvt_c30_ssg_cworstt_max_0p81v_125c     slow 
NOR3BB_X0P7M_A9PP140ZTUL_C30             18      11.340    sc9mcpp140z_cln28ht_base_ulvt_c30_ssg_cworstt_max_0p81v_125c    slow 
NOR3BB_X1M_A9PP140ZTUL_C30                8       5.040    sc9mcpp140z_cln28ht_base_ulvt_c30_ssg_cworstt_max_0p81v_125c    slow 
NOR3BB_X1P4M_A9PP140ZTUL_C30             18      15.876    sc9mcpp140z_cln28ht_base_ulvt_c30_ssg_cworstt_max_0p81v_125c    slow 
NOR3BB_X2M_A9PP140ZTL_C30                 3       2.646    sc9mcpp140z_cln28ht_base_lvt_c30_ssg_cworstt_max_0p81v_125c     slow 
NOR3BB_X2M_A9PP140ZTUL_C30                6       5.292    sc9mcpp140z_cln28ht_base_ulvt_c30_ssg_cworstt_max_0p81v_125c    slow 
NOR3BB_X4M_A9PP140ZTUL_C30               12      19.656    sc9mcpp140z_cln28ht_base_ulvt_c30_ssg_cworstt_max_0p81v_125c    slow 
NOR3BB_X6M_A9PP140ZTUL_C30                7      14.994    sc9mcpp140z_cln28ht_base_ulvt_c30_ssg_cworstt_max_0p81v_125c    slow 
NOR3BB_X8M_A9PP140ZTUL_C30               10      28.980    sc9mcpp140z_cln28ht_base_ulvt_c30_ssg_cworstt_max_0p81v_125c    slow 
NOR3_X1A_A9PP140ZTL_C30                   1       0.504    sc9mcpp140z_cln28ht_base_lvt_c30_ssg_cworstt_max_0p81v_125c     slow 
NOR3_X1A_A9PP140ZTUL_C30                 38      19.152    sc9mcpp140z_cln28ht_base_ulvt_c30_ssg_cworstt_max_0p81v_125c    slow 
NOR3_X1M_A9PP140ZTUL_C30                 10       5.040    sc9mcpp140z_cln28ht_base_ulvt_c30_ssg_cworstt_max_0p81v_125c    slow 
NOR3_X1P4A_A9PP140ZTL_C30                 2       1.764    sc9mcpp140z_cln28ht_base_lvt_c30_ssg_cworstt_max_0p81v_125c     slow 
NOR3_X1P4A_A9PP140ZTUL_C30                7       6.174    sc9mcpp140z_cln28ht_base_ulvt_c30_ssg_cworstt_max_0p81v_125c    slow 
NOR3_X2A_A9PP140ZTL_C30                  17      14.994    sc9mcpp140z_cln28ht_base_lvt_c30_ssg_cworstt_max_0p81v_125c     slow 
NOR3_X2A_A9PP140ZTUL_C30                 78      68.796    sc9mcpp140z_cln28ht_base_ulvt_c30_ssg_cworstt_max_0p81v_125c    slow 
NOR3_X2M_A9PP140ZTUL_C30                  1       0.882    sc9mcpp140z_cln28ht_base_ulvt_c30_ssg_cworstt_max_0p81v_125c    slow 
NOR3_X3A_A9PP140ZTL_C30                   1       1.260    sc9mcpp140z_cln28ht_base_lvt_c30_ssg_cworstt_max_0p81v_125c     slow 
NOR3_X3A_A9PP140ZTUL_C30                 37      46.620    sc9mcpp140z_cln28ht_base_ulvt_c30_ssg_cworstt_max_0p81v_125c    slow 
NOR3_X3M_A9PP140ZTL_C30                   2       2.520    sc9mcpp140z_cln28ht_base_lvt_c30_ssg_cworstt_max_0p81v_125c     slow 
NOR3_X3M_A9PP140ZTUL_C30                  3       3.780    sc9mcpp140z_cln28ht_base_ulvt_c30_ssg_cworstt_max_0p81v_125c    slow 
NOR3_X4A_A9PP140ZTUL_C30                  9      14.742    sc9mcpp140z_cln28ht_base_ulvt_c30_ssg_cworstt_max_0p81v_125c    slow 
NOR3_X4M_A9PP140ZTUL_C30                 12      19.656    sc9mcpp140z_cln28ht_base_ulvt_c30_ssg_cworstt_max_0p81v_125c    slow 
NOR3_X6A_A9PP140ZTUL_C30                 25      59.850    sc9mcpp140z_cln28ht_hpk_ulvt_c30_ssg_cworstt_max_0p81v_125c     slow 
NOR3_X6M_A9PP140ZTUL_C30                  1       2.394    sc9mcpp140z_cln28ht_hpk_ulvt_c30_ssg_cworstt_max_0p81v_125c     slow 
NOR4BB_X0P5M_A9PP140ZTUL_C30              4       3.024    sc9mcpp140z_cln28ht_base_ulvt_c30_ssg_cworstt_max_0p81v_125c    slow 
NOR4BB_X1M_A9PP140ZTUL_C30               17      12.852    sc9mcpp140z_cln28ht_base_ulvt_c30_ssg_cworstt_max_0p81v_125c    slow 
NOR4BB_X2M_A9PP140ZTL_C30                 1       1.260    sc9mcpp140z_cln28ht_base_lvt_c30_ssg_cworstt_max_0p81v_125c     slow 
NOR4BB_X2M_A9PP140ZTUL_C30                7       8.820    sc9mcpp140z_cln28ht_base_ulvt_c30_ssg_cworstt_max_0p81v_125c    slow 
NOR4BB_X3M_A9PP140ZTL_C30                 1       1.764    sc9mcpp140z_cln28ht_base_lvt_c30_ssg_cworstt_max_0p81v_125c     slow 
NOR4BB_X4M_A9PP140ZTUL_C30                1       2.268    sc9mcpp140z_cln28ht_base_ulvt_c30_ssg_cworstt_max_0p81v_125c    slow 
OA1B2_X0P7M_A9PP140ZTUL_C30              78      49.140    sc9mcpp140z_cln28ht_base_ulvt_c30_ssg_cworstt_max_0p81v_125c    slow 
OA1B2_X1M_A9PP140ZTUL_C30                 3       1.890    sc9mcpp140z_cln28ht_base_ulvt_c30_ssg_cworstt_max_0p81v_125c    slow 
OA1B2_X1P4M_A9PP140ZTUL_C30               2       1.764    sc9mcpp140z_cln28ht_base_ulvt_c30_ssg_cworstt_max_0p81v_125c    slow 
OA1B2_X2M_A9PP140ZTUL_C30                 1       1.134    sc9mcpp140z_cln28ht_base_ulvt_c30_ssg_cworstt_max_0p81v_125c    slow 
OA21A1OI2_X0P5M_A9PP140ZTUL_C30           2       1.260    sc9mcpp140z_cln28ht_base_ulvt_c30_ssg_cworstt_max_0p81v_125c    slow 
OA21A1OI2_X0P7M_A9PP140ZTUL_C30          34      21.420    sc9mcpp140z_cln28ht_base_ulvt_c30_ssg_cworstt_max_0p81v_125c    slow 
OA21B_X0P5M_A9PP140ZTUL_C30              73      45.990    sc9mcpp140z_cln28ht_base_ulvt_c30_ssg_cworstt_max_0p81v_125c    slow 
OA21_X0P7M_A9PP140ZTUL_C30               53      40.068    sc9mcpp140z_cln28ht_base_ulvt_c30_ssg_cworstt_max_0p81v_125c    slow 
OA21_X1M_A9PP140ZTL_C30                  14      10.584    sc9mcpp140z_cln28ht_base_lvt_c30_ssg_cworstt_max_0p81v_125c     slow 
OA21_X1M_A9PP140ZTUL_C30                  2       1.512    sc9mcpp140z_cln28ht_base_ulvt_c30_ssg_cworstt_max_0p81v_125c    slow 
OAI211_X0P5M_A9PP140ZTUL_C30             14       8.820    sc9mcpp140z_cln28ht_base_ulvt_c30_ssg_cworstt_max_0p81v_125c    slow 
OAI211_X0P7M_A9PP140ZTL_C30              36      22.680    sc9mcpp140z_cln28ht_base_lvt_c30_ssg_cworstt_max_0p81v_125c     slow 
OAI21B_X0P5M_A9PP140ZTUL_C30             58      43.848    sc9mcpp140z_cln28ht_base_ulvt_c30_ssg_cworstt_max_0p81v_125c    slow 
OAI21B_X0P7M_A9PP140ZTUL_C30            126      95.256    sc9mcpp140z_cln28ht_base_ulvt_c30_ssg_cworstt_max_0p81v_125c    slow 
OAI21B_X1M_A9PP140ZTUL_C30               20      15.120    sc9mcpp140z_cln28ht_base_ulvt_c30_ssg_cworstt_max_0p81v_125c    slow 
OAI21_X0P7A_A9PP140ZTUL_C30             674     339.696    sc9mcpp140z_cln28ht_hpk_ulvt_c30_ssg_cworstt_max_0p81v_125c     slow 
OAI21_X1M_A9PP140ZTUL_C30                12       6.048    sc9mcpp140z_cln28ht_base_ulvt_c30_ssg_cworstt_max_0p81v_125c    slow 
OAI21_X1P4M_A9PP140ZTUL_C30               7       6.174    sc9mcpp140z_cln28ht_base_ulvt_c30_ssg_cworstt_max_0p81v_125c    slow 
OAI21_X2A_A9PP140ZTUL_C30                32      28.224    sc9mcpp140z_cln28ht_hpk_ulvt_c30_ssg_cworstt_max_0p81v_125c     slow 
OAI21_X2M_A9PP140ZTUL_C30                42      37.044    sc9mcpp140z_cln28ht_base_ulvt_c30_ssg_cworstt_max_0p81v_125c    slow 
OAI21_X3A_A9PP140ZTUL_C30                 1       1.260    sc9mcpp140z_cln28ht_hpk_ulvt_c30_ssg_cworstt_max_0p81v_125c     slow 
OAI22BB_X0P5M_A9PP140ZTUL_C30            98      86.436    sc9mcpp140z_cln28ht_base_ulvt_c30_ssg_cworstt_max_0p81v_125c    slow 
OAI22_X0P7A_A9PP140ZTUL_C30              20      12.600    sc9mcpp140z_cln28ht_hpk_ulvt_c30_ssg_cworstt_max_0p81v_125c     slow 
OAI22_X1A_A9PP140ZTUL_C30                 2       1.260    sc9mcpp140z_cln28ht_hpk_ulvt_c30_ssg_cworstt_max_0p81v_125c     slow 
OAI2XB1_X0P5M_A9PP140ZTUL_C30            31      23.436    sc9mcpp140z_cln28ht_base_ulvt_c30_ssg_cworstt_max_0p81v_125c    slow 
OAI2XB1_X0P7M_A9PP140ZTS_C30              4       3.024    sc9mcpp140z_cln28ht_base_svt_c30_ssg_cworstt_max_0p81v_125c     slow 
OAI2XB1_X1M_A9PP140ZTS_C30                3       2.268    sc9mcpp140z_cln28ht_base_svt_c30_ssg_cworstt_max_0p81v_125c     slow 
OAI2XB1_X1M_A9PP140ZTUL_C30              56      42.336    sc9mcpp140z_cln28ht_base_ulvt_c30_ssg_cworstt_max_0p81v_125c    slow 
OAI2XB1_X1P4M_A9PP140ZTUL_C30           179     202.986    sc9mcpp140z_cln28ht_base_ulvt_c30_ssg_cworstt_max_0p81v_125c    slow 
OAI2XB1_X2M_A9PP140ZTL_C30               94     106.596    sc9mcpp140z_cln28ht_base_lvt_c30_ssg_cworstt_max_0p81v_125c     slow 
OAI2XB1_X2M_A9PP140ZTUL_C30             562     637.308    sc9mcpp140z_cln28ht_base_ulvt_c30_ssg_cworstt_max_0p81v_125c    slow 
OAI2XB1_X4M_A9PP140ZTUL_C30               2       4.032    sc9mcpp140z_cln28ht_base_ulvt_c30_ssg_cworstt_max_0p81v_125c    slow 
OAI31_X0P7M_A9PP140ZTL_C30                2       1.260    sc9mcpp140z_cln28ht_base_lvt_c30_ssg_cworstt_max_0p81v_125c     slow 
OR2_X0P5B_A9PP140ZTL_C30                  1       0.504    sc9mcpp140z_cln28ht_base_lvt_c30_ssg_cworstt_max_0p81v_125c     slow 
OR2_X0P5B_A9PP140ZTUL_C30                 2       1.008    sc9mcpp140z_cln28ht_base_ulvt_c30_ssg_cworstt_max_0p81v_125c    slow 
OR2_X0P5M_A9PP140ZTS_C30                  1       0.504    sc9mcpp140z_cln28ht_base_svt_c30_ssg_cworstt_max_0p81v_125c     slow 
OR2_X11M_A9PP140ZTL_C30                   1       3.402    sc9mcpp140z_cln28ht_base_lvt_c30_ssg_cworstt_max_0p81v_125c     slow 
OR2_X11M_A9PP140ZTUL_C30                 38     129.276    sc9mcpp140z_cln28ht_base_ulvt_c30_ssg_cworstt_max_0p81v_125c    slow 
OR2_X11TM_A9PP140ZTL_C30                  1       4.284    sc9mcpp140z_cln28ht_hpk_lvt_c30_ssg_cworstt_max_0p81v_125c      slow 
OR2_X11TM_A9PP140ZTUL_C30                16      68.544    sc9mcpp140z_cln28ht_hpk_ulvt_c30_ssg_cworstt_max_0p81v_125c     slow 
OR2_X1M_A9PP140ZTUL_C30                 171      86.184    sc9mcpp140z_cln28ht_base_ulvt_c30_ssg_cworstt_max_0p81v_125c    slow 
OR2_X1P4M_A9PP140ZTUL_C30                 1       0.630    sc9mcpp140z_cln28ht_base_ulvt_c30_ssg_cworstt_max_0p81v_125c    slow 
OR2_X1P4TM_A9PP140ZTUL_C30                2       1.764    sc9mcpp140z_cln28ht_hpk_ulvt_c30_ssg_cworstt_max_0p81v_125c     slow 
OR2_X1TM_A9PP140ZTUL_C30                  5       3.780    sc9mcpp140z_cln28ht_hpk_ulvt_c30_ssg_cworstt_max_0p81v_125c     slow 
OR2_X2M_A9PP140ZTUL_C30                  48      30.240    sc9mcpp140z_cln28ht_base_ulvt_c30_ssg_cworstt_max_0p81v_125c    slow 
OR2_X2TM_A9PP140ZTUL_C30                 13      11.466    sc9mcpp140z_cln28ht_hpk_ulvt_c30_ssg_cworstt_max_0p81v_125c     slow 
OR2_X3M_A9PP140ZTUL_C30                 240     241.920    sc9mcpp140z_cln28ht_base_ulvt_c30_ssg_cworstt_max_0p81v_125c    slow 
OR2_X4M_A9PP140ZTUL_C30                  33      37.422    sc9mcpp140z_cln28ht_base_ulvt_c30_ssg_cworstt_max_0p81v_125c    slow 
OR2_X6M_A9PP140ZTUL_C30                  18      34.020    sc9mcpp140z_cln28ht_base_ulvt_c30_ssg_cworstt_max_0p81v_125c    slow 
OR2_X6TM_A9PP140ZTUL_C30                  7      17.640    sc9mcpp140z_cln28ht_hpk_ulvt_c30_ssg_cworstt_max_0p81v_125c     slow 
OR2_X8M_A9PP140ZTUL_C30                 133     318.402    sc9mcpp140z_cln28ht_base_ulvt_c30_ssg_cworstt_max_0p81v_125c    slow 
OR2_X8TM_A9PP140ZTUL_C30                 22      69.300    sc9mcpp140z_cln28ht_hpk_ulvt_c30_ssg_cworstt_max_0p81v_125c     slow 
OR3_X1M_A9PP140ZTUL_C30                  25      15.750    sc9mcpp140z_cln28ht_base_ulvt_c30_ssg_cworstt_max_0p81v_125c    slow 
OR3_X1P4M_A9PP140ZTUL_C30                 3       2.268    sc9mcpp140z_cln28ht_base_ulvt_c30_ssg_cworstt_max_0p81v_125c    slow 
OR3_X2M_A9PP140ZTUL_C30                   7       5.292    sc9mcpp140z_cln28ht_base_ulvt_c30_ssg_cworstt_max_0p81v_125c    slow 
OR3_X3M_A9PP140ZTL_C30                    3       4.158    sc9mcpp140z_cln28ht_base_lvt_c30_ssg_cworstt_max_0p81v_125c     slow 
OR3_X3M_A9PP140ZTUL_C30                  10      13.860    sc9mcpp140z_cln28ht_base_ulvt_c30_ssg_cworstt_max_0p81v_125c    slow 
OR3_X8M_A9PP140ZTUL_C30                   8      24.192    sc9mcpp140z_cln28ht_base_ulvt_c30_ssg_cworstt_max_0p81v_125c    slow 
OR4_X2M_A9PP140ZTUL_C30                  62      78.120    sc9mcpp140z_cln28ht_base_ulvt_c30_ssg_cworstt_max_0p81v_125c    slow 
OR4_X3M_A9PP140ZTUL_C30                  12      24.192    sc9mcpp140z_cln28ht_base_ulvt_c30_ssg_cworstt_max_0p81v_125c    slow 
OR4_X4M_A9PP140ZTUL_C30                  24      54.432    sc9mcpp140z_cln28ht_base_ulvt_c30_ssg_cworstt_max_0p81v_125c    slow 
OR4_X6M_A9PP140ZTUL_C30                  50     189.000    sc9mcpp140z_cln28ht_base_ulvt_c30_ssg_cworstt_max_0p81v_125c    slow 
OR4_X8M_A9PP140ZTUL_C30                   8      38.304    sc9mcpp140z_cln28ht_base_ulvt_c30_ssg_cworstt_max_0p81v_125c    slow 
SDFFRPQA_X1M_A9PP140ZTL_C30            2048    5677.056    sc9mcpp140z_cln28ht_base_lvt_c30_ssg_cworstt_max_0p81v_125c     slow 
SDFFRPQA_X1M_A9PP140ZTUL_C30          18644   51681.168    sc9mcpp140z_cln28ht_base_ulvt_c30_ssg_cworstt_max_0p81v_125c    slow 
SDFFRPQH_X1M_A9PP140ZTL_C30             308    1164.240    sc9mcpp140z_cln28ht_hpk_lvt_c30_ssg_cworstt_max_0p81v_125c      slow 
SDFFRPQH_X1M_A9PP140ZTS_C30             230     869.400    sc9mcpp140z_cln28ht_hpk_svt_c30_ssg_cworstt_max_0p81v_125c      slow 
SDFFRPQH_X1M_A9PP140ZTUL_C30           1334    5042.520    sc9mcpp140z_cln28ht_hpk_ulvt_c30_ssg_cworstt_max_0p81v_125c     slow 
SDFFRPQH_X4M_A9PP140ZTUL_C30             13      57.330    sc9mcpp140z_cln28ht_hpk_ulvt_c30_ssg_cworstt_max_0p81v_125c     slow 
SDFFRPQNA_X1M_A9PP140ZTUL_C30            72     190.512    sc9mcpp140z_cln28ht_base_ulvt_c30_ssg_cworstt_max_0p81v_125c    slow 
SDFFRPQ_X1M_A9PP140ZTUL_C30             112     352.800    sc9mcpp140z_cln28ht_base_ulvt_c30_ssg_cworstt_max_0p81v_125c    slow 
SDFFSQA_X1M_A9PP140ZTUL_C30               1       2.772    sc9mcpp140z_cln28ht_base_ulvt_c30_ssg_cworstt_max_0p81v_125c    slow 
SDFFSQNA_X1M_A9PP140ZTS_C30               8      21.168    sc9mcpp140z_cln28ht_base_svt_c30_ssg_cworstt_max_0p81v_125c     slow 
SDFFSQNA_X1M_A9PP140ZTUL_C30              8      21.168    sc9mcpp140z_cln28ht_base_ulvt_c30_ssg_cworstt_max_0p81v_125c    slow 
SDFFXRPQN_X2M_A9PP140ZTUL_C30            63     198.450    sc9mcpp140z_cln28ht_hpk_ulvt_c30_ssg_cworstt_max_0p81v_125c     slow 
SDFFXRPQN_X3M_A9PP140ZTUL_C30             1       3.276    sc9mcpp140z_cln28ht_hpk_ulvt_c30_ssg_cworstt_max_0p81v_125c     slow 
SDFFXRPQ_X1M_A9PP140ZTUL_C30             15      47.250    sc9mcpp140z_cln28ht_hpk_ulvt_c30_ssg_cworstt_max_0p81v_125c     slow 
SDFFXRPQ_X2M_A9PP140ZTUL_C30              2       6.552    sc9mcpp140z_cln28ht_hpk_ulvt_c30_ssg_cworstt_max_0p81v_125c     slow 
SDFFXRPQ_X4M_A9PP140ZTUL_C30              1       3.654    sc9mcpp140z_cln28ht_hpk_ulvt_c30_ssg_cworstt_max_0p81v_125c     slow 
XNOR2_X0P5M_A9PP140ZTUL_C30             838     633.528    sc9mcpp140z_cln28ht_base_ulvt_c30_ssg_cworstt_max_0p81v_125c    slow 
XNOR2_X0P7M_A9PP140ZTS_C30              313     236.628    sc9mcpp140z_cln28ht_base_svt_c30_ssg_cworstt_max_0p81v_125c     slow 
XNOR2_X0P7M_A9PP140ZTUL_C30               1       0.756    sc9mcpp140z_cln28ht_base_ulvt_c30_ssg_cworstt_max_0p81v_125c    slow 
XNOR2_X1M_A9PP140ZTUL_C30                 2       2.268    sc9mcpp140z_cln28ht_base_ulvt_c30_ssg_cworstt_max_0p81v_125c    slow 
XNOR2_X1P4M_A9PP140ZTUL_C30               5       5.670    sc9mcpp140z_cln28ht_base_ulvt_c30_ssg_cworstt_max_0p81v_125c    slow 
XNOR2_X2M_A9PP140ZTUL_C30                 1       1.512    sc9mcpp140z_cln28ht_base_ulvt_c30_ssg_cworstt_max_0p81v_125c    slow 
XNOR3_X0P5M_A9PP140ZTUL_C30             139     210.168    sc9mcpp140z_cln28ht_base_ulvt_c30_ssg_cworstt_max_0p81v_125c    slow 
XNOR3_X0P7M_A9PP140ZTL_C30               56      84.672    sc9mcpp140z_cln28ht_base_lvt_c30_ssg_cworstt_max_0p81v_125c     slow 
XOR2_X0P5M_A9PP140ZTL_C30               108      81.648    sc9mcpp140z_cln28ht_base_lvt_c30_ssg_cworstt_max_0p81v_125c     slow 
XOR2_X0P5M_A9PP140ZTUL_C30             2831    2140.236    sc9mcpp140z_cln28ht_base_ulvt_c30_ssg_cworstt_max_0p81v_125c    slow 
XOR3_X0P5M_A9PP140ZTUL_C30              814    1230.768    sc9mcpp140z_cln28ht_base_ulvt_c30_ssg_cworstt_max_0p81v_125c    slow 
XOR3_X0P7M_A9PP140ZTL_C30                22      33.264    sc9mcpp140z_cln28ht_base_lvt_c30_ssg_cworstt_max_0p81v_125c     slow 
--------------------------------------------------------------------------------------------------------------------------------
total                                 85142  141417.990                                                                 


                           Library                           Instances    Area   Instances % 
---------------------------------------------------------------------------------------------
sc9mcpp140z_cln28ht_base_lvt_c30_ssg_cworstt_max_0p81v_125c      12113  9625.518        14.2 
sc9mcpp140z_cln28ht_base_svt_c30_ssg_cworstt_max_0p81v_125c      28925 53396.154        34.0 
sc9mcpp140z_cln28ht_base_ulvt_c30_ssg_cworstt_max_0p81v_125c     39800 68810.994        46.7 
sc9mcpp140z_cln28ht_hpk_lvt_c30_ssg_cworstt_max_0p81v_125c         433  1298.052         0.5 
sc9mcpp140z_cln28ht_hpk_svt_c30_ssg_cworstt_max_0p81v_125c         231   869.904         0.3 
sc9mcpp140z_cln28ht_hpk_ulvt_c30_ssg_cworstt_max_0p81v_125c       3640  7417.368         4.3 

                                           
     Type      Instances    Area    Area % 
-------------------------------------------
sequential         23047  65718.828   46.5 
inverter            9079   2782.206    2.0 
buffer              4073   2176.020    1.5 
logic              48943  70740.936   50.0 
physical_cells         0      0.000    0.0 
-------------------------------------------
total              85142 141417.990  100.0 

