 ------------------------------------------------------------------------------------------------------------------------------------------------------ 
| Snapshot                | WNS                  | TNS                  | Density (%) | Hotspot      | Resource               | DRVs       | Layer-OPT |
|                         | HEPG (ns) | ALL (ns) | HEPG (ns) | ALL (ns) |             | Max  | Total | Real (s) | Memory (MB) | Tran | Cap | M8        |
|-------------------------+-----------+----------+-----------+----------+-------------+------+-------+----------+-------------+------+-----+-----------|
| initial_summary         |    -0.016 |   -0.049 |           |      -46 |       82.92 |      |       | 0:00:05  |        4966 |    0 |   0 |           |
| route_type_refinement   |           |          |           |          |             |      |       | 0:00:01  |        4968 |      |     |        21 |
| simplify_netlist        |           |          |           |          |             |      |       | 0:00:03  |        4986 |      |     |           |
| excluded_clk_net_fixing |           |          |           |          |             |      |       | 0:00:00  |        4986 |      |     |           |
| global_opt              |           |   -0.059 |           |      -85 |       83.45 |      |       | 0:00:08  |        5179 |      |     |        21 |
| global_opt_2            |           |   -0.049 |           |      -60 |       84.05 |      |       | 0:00:15  |        5298 |      |     |        22 |
| area_reclaiming         |    -0.022 |   -0.046 |        -3 |      -59 |       81.32 |      |       | 0:00:08  |        5299 |      |     |        21 |
| wns_fixing              |     0.005 |   -0.048 |         0 |      -73 |       83.45 |      |       | 0:01:16  |        6332 |      |     |        29 |
| tns_fixing              |     0.005 |   -0.048 |         0 |      -43 |       86.38 |      |       | 0:00:36  |        6275 |      |     |        47 |
| area_reclaiming_2       |    -0.001 |   -0.041 |        -0 |      -43 |       85.42 |      |       | 0:00:08  |        5671 |      |     |        54 |
| area_reclaiming_3       |    -0.004 |   -0.040 |        -0 |      -45 |       82.91 |      |       | 0:00:07  |        5640 |      |     |        41 |
| local_wire_reclaim      |           |          |           |          |             |      |       | 0:00:20  |        5631 |      |     |           |
| global_route            |           |          |           |          |             | 0.00 |  0.00 | 0:00:02  |        5436 |      |     |           |
| route_type_refinement_2 |           |          |           |          |             |      |       | 0:00:01  |        5436 |      |     |        41 |
| drv_eco_fixing          |    -0.008 |   -0.039 |        -0 |      -37 |       82.91 |      |       | 0:00:02  |        5507 |    0 |   0 |        41 |
| tns_eco_fixing          |    -0.000 |   -0.039 |        -0 |      -33 |       83.90 |      |       | 0:00:27  |        6382 |      |     |        41 |
| tns_eco_fixing_2        |    -0.000 |   -0.039 |        -0 |      -33 |       83.90 |      |       | 0:00:04  |        6200 |      |     |        41 |
| final_summary           |    -0.002 |   -0.039 |           |      -33 |       83.90 | 0.00 |  0.00 | 0:00:03  |        5573 |    0 |   0 |           |
 ------------------------------------------------------------------------------------------------------------------------------------------------------ 
