============================================================
  Generated by:           Genus(TM) Synthesis Solution 23.10-p004_1
  Generated on:           Jan 13 2026  07:36:10 pm
  Module:                 scpa_dig_ana_ppfir
  Library domain:         slow
    Domain index:         0
    Technology libraries: sc9mcpp140z_cln28ht_base_lvt_c30_ssg_cworstt_max_0p81v_125c 1.0
                          sc9mcpp140z_cln28ht_hpk_lvt_c30_ssg_cworstt_max_0p81v_125c 1.0
                          sc9mcpp140z_cln28ht_base_svt_c30_ssg_cworstt_max_0p81v_125c 1.0
                          sc9mcpp140z_cln28ht_hpk_svt_c30_ssg_cworstt_max_0p81v_125c 1.0
                          sc9mcpp140z_cln28ht_base_ulvt_c30_ssg_cworstt_max_0p81v_125c 1.0
                          sc9mcpp140z_cln28ht_hpk_ulvt_c30_ssg_cworstt_max_0p81v_125c 1.0
  Library domain:         fast
    Domain index:         1
    Technology libraries: sc9mcpp140z_cln28ht_base_lvt_c30_ffg_cbestt_min_0p99v_m40c 1.0
                          sc9mcpp140z_cln28ht_hpk_lvt_c30_ffg_cbestt_min_0p99v_m40c 1.0
                          sc9mcpp140z_cln28ht_base_svt_c30_ffg_cbestt_min_0p99v_m40c 1.0
                          sc9mcpp140z_cln28ht_hpk_svt_c30_ffg_cbestt_min_0p99v_m40c 1.0
                          sc9mcpp140z_cln28ht_base_ulvt_c30_ffg_cbestt_min_0p99v_m40c 1.0
                          sc9mcpp140z_cln28ht_hpk_ulvt_c30_ffg_cbestt_min_0p99v_m40c 1.0
  Library domain:         nom
    Domain index:         2
    Technology libraries: sc9mcpp140z_cln28ht_base_lvt_c30_tt_ctypical_max_0p90v_25c 1.0
                          sc9mcpp140z_cln28ht_hpk_lvt_c30_tt_ctypical_max_0p90v_25c 1.0
                          sc9mcpp140z_cln28ht_base_svt_c30_tt_ctypical_max_0p90v_25c 1.0
                          sc9mcpp140z_cln28ht_hpk_svt_c30_tt_ctypical_max_0p90v_25c 1.0
                          sc9mcpp140z_cln28ht_base_ulvt_c30_tt_ctypical_max_0p90v_25c 1.0
                          sc9mcpp140z_cln28ht_hpk_ulvt_c30_tt_ctypical_max_0p90v_25c 1.0
  Operating conditions:   ssg_cworstt_max_0p81v_125c 
  Operating conditions:   ffg_cbestt_min_0p99v_m40c 
  Operating conditions:   tt_ctypical_max_0p90v_25c 
  Interconnect mode:      global
  Area mode:              physical library
============================================================

Timing
--------

 Analysis view  Clock Period 
-----------------------------
slow-slow-maxrc clk    250.0 
fast-fast-minrc clk    250.0 
func-typ-typ    clk    250.0 


    Analysis      Cost   Critical              Violating 
      View       Group  Path Slack     TNS       Paths   
---------------------------------------------------------
slow-slow-maxrc     clk     -310.3 -1637915.0      12554 
                default   No paths        0.0          0 
---------------------------------------------------------
Total                              -1637915.0      12554 
                                                         
fast-fast-minrc     clk     -128.2  -379145.6       7264 
                default   No paths        0.0          0 
---------------------------------------------------------
Total                               -379145.6       7264 
                                                         
func-typ-typ        clk     -203.7  -840720.6      10727 
                default   No paths        0.0          0 
---------------------------------------------------------
Total                               -840720.6      10727 
                                                         

Instance Count
--------------
Leaf Instance Count             196172 
Physical Instance count              0 
Sequential Instance Count        21040 
Combinational Instance Count    175132 
Hierarchical Instance Count        521 

Area
----
Cell Area                          337579.136
Physical Cell Area                 0.000
Total Cell Area (Cell+Physical)    337579.136
Net Area                           516.861
Total Area (Cell+Physical+Net)     338095.997

Runtime                            844.397567 seconds
Elapsed Runtime                    1991 seconds
Genus peak memory usage            4532.54 
Innovus peak memory usage          no_value 
Hostname                           tc-hm002.cm.cluster
