============================================================
  Generated by:           Genus(TM) Synthesis Solution 23.10-p004_1
  Generated on:           Jan 13 2026  08:38:22 pm
  Module:                 scpa_dig_ana_ppfir
  Library domain:         slow
    Domain index:         0
    Technology libraries: sc9mcpp140z_cln28ht_base_lvt_c30_ssg_cworstt_max_0p81v_125c 1.0
                          sc9mcpp140z_cln28ht_hpk_lvt_c30_ssg_cworstt_max_0p81v_125c 1.0
                          sc9mcpp140z_cln28ht_base_svt_c30_ssg_cworstt_max_0p81v_125c 1.0
                          sc9mcpp140z_cln28ht_hpk_svt_c30_ssg_cworstt_max_0p81v_125c 1.0
                          sc9mcpp140z_cln28ht_base_ulvt_c30_ssg_cworstt_max_0p81v_125c 1.0
                          sc9mcpp140z_cln28ht_hpk_ulvt_c30_ssg_cworstt_max_0p81v_125c 1.0
  Library domain:         fast
    Domain index:         1
    Technology libraries: sc9mcpp140z_cln28ht_base_lvt_c30_ffg_cbestt_min_0p99v_m40c 1.0
                          sc9mcpp140z_cln28ht_hpk_lvt_c30_ffg_cbestt_min_0p99v_m40c 1.0
                          sc9mcpp140z_cln28ht_base_svt_c30_ffg_cbestt_min_0p99v_m40c 1.0
                          sc9mcpp140z_cln28ht_hpk_svt_c30_ffg_cbestt_min_0p99v_m40c 1.0
                          sc9mcpp140z_cln28ht_base_ulvt_c30_ffg_cbestt_min_0p99v_m40c 1.0
                          sc9mcpp140z_cln28ht_hpk_ulvt_c30_ffg_cbestt_min_0p99v_m40c 1.0
  Library domain:         nom
    Domain index:         2
    Technology libraries: sc9mcpp140z_cln28ht_base_lvt_c30_tt_ctypical_max_0p90v_25c 1.0
                          sc9mcpp140z_cln28ht_hpk_lvt_c30_tt_ctypical_max_0p90v_25c 1.0
                          sc9mcpp140z_cln28ht_base_svt_c30_tt_ctypical_max_0p90v_25c 1.0
                          sc9mcpp140z_cln28ht_hpk_svt_c30_tt_ctypical_max_0p90v_25c 1.0
                          sc9mcpp140z_cln28ht_base_ulvt_c30_tt_ctypical_max_0p90v_25c 1.0
                          sc9mcpp140z_cln28ht_hpk_ulvt_c30_tt_ctypical_max_0p90v_25c 1.0
  Operating conditions:   ssg_cworstt_max_0p81v_125c 
  Operating conditions:   ffg_cbestt_min_0p99v_m40c 
  Operating conditions:   tt_ctypical_max_0p90v_25c 
  Interconnect mode:      global
  Area mode:              physical library
============================================================

         Instance                  Module         Cell-Count  Cell-Area  Net-Area   Total-Area 
-----------------------------------------------------------------------------------------------
scpa_dig_ana_ppfir         NA                         198291 234975.006 79912.708   314887.714 
  dsc_im_0                 digSignCombiner                 5      8.568     1.132        9.700 
  dsc_im_1                 digSignCombiner_3               4      8.064     0.880        8.944 
  dsc_im_2                 digSignCombiner_5               6      9.072     1.384       10.456 
  dsc_im_3                 digSignCombiner_1               4      8.064     0.880        8.944 
  dsc_re_0                 digSignCombiner_7               4      8.064     0.880        8.944 
  dsc_re_1                 digSignCombiner_2               4      8.064     0.880        8.944 
  dsc_re_2                 digSignCombiner_4               5      8.568     1.132        9.700 
  dsc_re_3                 digSignCombiner_6               4      8.064     0.880        8.944 
  pp_fir_blocked_1_1       pp_fir_blocked             128158 154324.800 51825.063   206149.863 
    pp_fir_bottom_half_1_1 pp_fir_bottom_half          63758  76583.178 25738.239   102321.417 
      pp_fir_u_0_1_1       pp_fir_u_0                  17075  20512.422  6882.733    27395.155 
        pp_fir_0_1_1       pp_fir_0                    17012  20432.160  6858.731    27290.891 
        signed_mag_1_1     signed_mag                     61     79.254    14.191       93.445 
      pp_fir_u_3_1_1       pp_fir_u_3                  16185  19419.120  6538.741    25957.861 
        pp_fir_3_1_1       pp_fir_3                    16122  19339.236  6514.984    25854.220 
        signed_mag_1       signed_mag_1                   61     78.876    14.682       93.558 
      pp_fir_u_4_1_1       pp_fir_u_4                  16153  19288.458  6502.456    25790.914 
        pp_fir_4_1_1       pp_fir_4                    16090  19205.802  6479.559    25685.361 
        signed_mag_2       signed_mag_3                   62     82.152    14.320       96.472 
      pp_fir_u_7_1_1       pp_fir_u_7                  14345  17363.178  5814.309    23177.487 
        pp_fir_7_1_1       pp_fir_7                    14290  17287.074  5792.693    23079.767 
        signed_mag_3       signed_mag_2                   54     75.600    12.425       88.025 
    pp_fir_top_half_1_1    pp_fir_top_half             64400  77741.622 26086.824   103828.446 
      pp_fir_u_1_1_1       pp_fir_u_1                  16196  19645.920  6529.479    26175.399 
        pp_fir_1_1_1       pp_fir_1                    16136  19566.036  6505.987    26072.023 
        signed_mag_4       signed_mag_5                   57     78.372    13.428       91.800 
      pp_fir_u_2_1_1       pp_fir_u_2                  15888  19048.806  6437.045    25485.851 
        pp_fir_2_1_1       pp_fir_2                    15828  18972.450  6414.659    25387.109 
        signed_mag_5       signed_mag_7                   59     75.852    14.178       90.030 
      pp_fir_u_5_1_1       pp_fir_u_5                  15502  18788.742  6302.615    25091.357 
        pp_fir_5_1_1       pp_fir_5                    15446  18712.134  6280.747    24992.881 
        signed_mag_6       signed_mag_6                   54     75.600    12.671       88.271 
      pp_fir_u_6_1_1       pp_fir_u_6                  16814  20258.154  6817.685    27075.839 
        pp_fir_6_1_1       pp_fir_6                    16757  20178.900  6796.056    26974.956 
        signed_mag_7       signed_mag_4                   56     78.750    13.667       92.417 
  pp_int_x4_1_1            pp_int_x4                   52722  59200.470 21008.563    80209.033 
  scpa_dig_ana_ppfir_tc    scpa_dig_ana_ppfir_tc          21     29.232     6.384       35.616 
