============================================================
  Generated by:           Genus(TM) Synthesis Solution 23.10-p004_1
  Generated on:           Jan 13 2026  08:38:19 pm
  Module:                 scpa_dig_ana_ppfir
  Library domain:         slow
    Domain index:         0
    Technology libraries: sc9mcpp140z_cln28ht_base_lvt_c30_ssg_cworstt_max_0p81v_125c 1.0
                          sc9mcpp140z_cln28ht_hpk_lvt_c30_ssg_cworstt_max_0p81v_125c 1.0
                          sc9mcpp140z_cln28ht_base_svt_c30_ssg_cworstt_max_0p81v_125c 1.0
                          sc9mcpp140z_cln28ht_hpk_svt_c30_ssg_cworstt_max_0p81v_125c 1.0
                          sc9mcpp140z_cln28ht_base_ulvt_c30_ssg_cworstt_max_0p81v_125c 1.0
                          sc9mcpp140z_cln28ht_hpk_ulvt_c30_ssg_cworstt_max_0p81v_125c 1.0
  Library domain:         fast
    Domain index:         1
    Technology libraries: sc9mcpp140z_cln28ht_base_lvt_c30_ffg_cbestt_min_0p99v_m40c 1.0
                          sc9mcpp140z_cln28ht_hpk_lvt_c30_ffg_cbestt_min_0p99v_m40c 1.0
                          sc9mcpp140z_cln28ht_base_svt_c30_ffg_cbestt_min_0p99v_m40c 1.0
                          sc9mcpp140z_cln28ht_hpk_svt_c30_ffg_cbestt_min_0p99v_m40c 1.0
                          sc9mcpp140z_cln28ht_base_ulvt_c30_ffg_cbestt_min_0p99v_m40c 1.0
                          sc9mcpp140z_cln28ht_hpk_ulvt_c30_ffg_cbestt_min_0p99v_m40c 1.0
  Library domain:         nom
    Domain index:         2
    Technology libraries: sc9mcpp140z_cln28ht_base_lvt_c30_tt_ctypical_max_0p90v_25c 1.0
                          sc9mcpp140z_cln28ht_hpk_lvt_c30_tt_ctypical_max_0p90v_25c 1.0
                          sc9mcpp140z_cln28ht_base_svt_c30_tt_ctypical_max_0p90v_25c 1.0
                          sc9mcpp140z_cln28ht_hpk_svt_c30_tt_ctypical_max_0p90v_25c 1.0
                          sc9mcpp140z_cln28ht_base_ulvt_c30_tt_ctypical_max_0p90v_25c 1.0
                          sc9mcpp140z_cln28ht_hpk_ulvt_c30_tt_ctypical_max_0p90v_25c 1.0
  Operating conditions:   ssg_cworstt_max_0p81v_125c 
  Operating conditions:   ffg_cbestt_min_0p99v_m40c 
  Operating conditions:   tt_ctypical_max_0p90v_25c 
  Interconnect mode:      global
  Area mode:              physical library
============================================================

Timing
--------

 Analysis view  Clock Period 
-----------------------------
slow-slow-maxrc clk    250.0 
fast-fast-minrc clk    250.0 
func-typ-typ    clk    250.0 


    Analysis      Cost   Critical              Violating 
      View       Group  Path Slack     TNS       Paths   
---------------------------------------------------------
slow-slow-maxrc     clk     -245.7 -2139961.2      32071 
                default   No paths        0.0          0 
---------------------------------------------------------
Total                              -2139961.2      32071 
                                                         
fast-fast-minrc     clk     -101.8  -359689.8       7603 
                default   No paths        0.0          0 
---------------------------------------------------------
Total                               -359689.8       7603 
                                                         
func-typ-typ        clk     -168.3  -909495.8      16228 
                default   No paths        0.0          0 
---------------------------------------------------------
Total                               -909495.8      16228 
                                                         

Instance Count
--------------
Leaf Instance Count             198291 
Physical Instance count              0 
Sequential Instance Count        21040 
Combinational Instance Count    177251 
Hierarchical Instance Count         37 

Area
----
Cell Area                          234975.006
Physical Cell Area                 0.000
Total Cell Area (Cell+Physical)    234975.006
Net Area                           79912.708
Total Area (Cell+Physical+Net)     314887.714

Runtime                            2146.635272 seconds
Elapsed Runtime                    5740 seconds
Genus peak memory usage            4712.46 
Innovus peak memory usage          no_value 
Hostname                           tc-hm002.cm.cluster
