 ------------------------------------------------------------------------------------------------------------------------------------------------------ 
| Snapshot                | WNS                  | TNS                  | Density (%) | Hotspot      | Resource               | DRVs       | Layer-OPT |
|                         | HEPG (ns) | ALL (ns) | HEPG (ns) | ALL (ns) |             | Max  | Total | Real (s) | Memory (MB) | Tran | Cap | M8        |
|-------------------------+-----------+----------+-----------+----------+-------------+------+-------+----------+-------------+------+-----+-----------|
| initial_summary         |    -0.012 |   -0.042 |           |      -41 |       81.32 |      |       | 0:00:05  |        5024 |    0 |   0 |           |
| route_type_refinement   |           |          |           |          |             |      |       | 0:00:01  |        5029 |      |     |        24 |
| simplify_netlist        |           |          |           |          |             |      |       | 0:00:03  |        5054 |      |     |           |
| excluded_clk_net_fixing |           |          |           |          |             |      |       | 0:00:00  |        5054 |      |     |           |
| global_opt              |           |   -0.077 |           |     -147 |       81.79 |      |       | 0:00:08  |        5273 |      |     |        24 |
| global_opt_2            |           |   -0.059 |           |     -117 |       82.39 |      |       | 0:00:14  |        5387 |      |     |        24 |
| area_reclaiming         |    -0.025 |   -0.056 |        -4 |     -116 |       79.96 |      |       | 0:00:08  |        5368 |      |     |        24 |
| wns_fixing              |     0.005 |   -0.040 |         0 |      -71 |       81.56 |      |       | 0:00:59  |        6541 |      |     |        33 |
| tns_fixing              |     0.005 |   -0.041 |         0 |      -42 |       84.28 |      |       | 0:00:37  |        6571 |      |     |        74 |
| area_reclaiming_2       |    -0.001 |   -0.034 |        -0 |      -42 |       83.31 |      |       | 0:00:07  |        5963 |      |     |        88 |
| area_reclaiming_3       |    -0.005 |   -0.033 |        -0 |      -43 |       81.06 |      |       | 0:00:07  |        5923 |      |     |        66 |
| local_wire_reclaim      |           |          |           |          |             |      |       | 0:00:22  |        5916 |      |     |           |
| global_route            |           |          |           |          |             | 0.00 |  0.00 | 0:00:02  |        5696 |      |     |           |
| route_type_refinement_2 |           |          |           |          |             |      |       | 0:00:03  |        5760 |      |     |        65 |
| drv_eco_fixing          |    -0.016 |   -0.031 |        -1 |      -36 |       81.06 |      |       | 0:00:02  |        5760 |    0 |   0 |        65 |
| tns_eco_fixing          |    -0.001 |   -0.029 |        -0 |      -32 |       82.29 |      |       | 0:00:24  |        6651 |      |     |        63 |
| tns_eco_fixing_2        |    -0.001 |   -0.029 |        -0 |      -32 |       82.29 |      |       | 0:00:04  |        6467 |      |     |        63 |
| final_summary           |    -0.002 |   -0.030 |           |      -32 |       82.29 | 0.00 |  0.00 | 0:00:03  |        5836 |    0 |   0 |           |
 ------------------------------------------------------------------------------------------------------------------------------------------------------ 
