============================================================
  Generated by:           Genus(TM) Synthesis Solution 22.10-p001_1
  Generated on:           Jan 21 2025  09:22:27 am
  Module:                 pp_fir_u_4
  Library domain:         timing_cond_wcl_slow
    Domain index:         0
    Technology library:   sc9mcpp140z_cln28ht_base_lvt_c30_ssg_cworstt_max_0p81v_125c 1.0
  Library domain:         timing_cond_wcl_fast
    Domain index:         1
    Technology library:   sc9mcpp140z_cln28ht_base_lvt_c30_ffg_cbestt_min_0p99v_m40c 1.0
  Library domain:         timing_cond_wcl_typical
    Domain index:         2
    Technology library:   sc9mcpp140z_cln28ht_base_lvt_c30_tt_ctypical_max_0p90v_25c 1.0
  Operating conditions:   ssg_cworstt_max_0p81v_125c 
  Operating conditions:   ffg_cbestt_min_0p99v_m40c 
  Operating conditions:   tt_ctypical_max_0p90v_25c 
  Interconnect mode:      spatial
  Area mode:              physical library
============================================================

                  Instance                               Module              Cell Count  Cell Area  Net Area   Total Area 
--------------------------------------------------------------------------------------------------------------------------
pp_fir_u_4                                                                        23004  39520.968    81.373    39602.341 
  pp_fir_4_1_1_ADD_TC_OP                     add_signed                             118    175.555     0.000      175.555 
  pp_fir_4_1_1_ADD_TC_OP3949                 add_signed                             118    175.555     0.000      175.555 
  pp_fir_4_1_1_add_596_34                    add_signed_2459                        160    208.165     0.000      208.165 
  pp_fir_4_1_1_add_597_34                    add_signed_2459                        160    208.165     0.000      208.165 
  pp_fir_4_1_1_add_617_34                    add_signed_353                         181    235.341     0.000      235.341 
  pp_fir_4_1_1_add_618_34                    add_signed_353                         181    235.341     0.000      235.341 
  pp_fir_4_1_1_add_732_34                    add_signed_355                         185    241.320     0.000      241.320 
  pp_fir_4_1_1_add_733_34                    add_signed_355                         185    241.320     0.000      241.320 
  pp_fir_4_1_1_add_847_34                    add_signed_357                         209    272.843     0.000      272.843 
  pp_fir_4_1_1_add_848_34                    add_signed_357                         209    272.843     0.000      272.843 
  pp_fir_4_1_1_add_868_34                    add_signed_315_34_2439                 215    280.996     0.000      280.996 
  pp_fir_4_1_1_add_869_34                    add_signed_315_34_2439                 215    280.996     0.000      280.996 
  pp_fir_4_1_1_add_889_34                    add_signed_315_34_2441                 215    280.996     0.000      280.996 
  pp_fir_4_1_1_add_890_34                    add_signed_315_34_2441                 215    280.996     0.000      280.996 
  pp_fir_4_1_1_add_1004_34                   add_signed_359                         197    256.538     0.000      256.538 
  pp_fir_4_1_1_add_1005_34                   add_signed_359                         197    256.538     0.000      256.538 
  pp_fir_4_1_1_add_1119_35                   add_signed_361                         194    254.364     0.000      254.364 
  pp_fir_4_1_1_add_1120_35                   add_signed_361                         194    254.364     0.000      254.364 
  pp_fir_4_1_1_add_1140_34                   add_signed_315_34                      216    282.083     0.000      282.083 
  pp_fir_4_1_1_add_1141_34                   add_signed_315_34                      216    282.083     0.000      282.083 
  pp_fir_4_1_1_add_1255_35                   add_signed_363                         169    219.579     0.000      219.579 
  pp_fir_4_1_1_add_1256_35                   add_signed_363                         169    219.579     0.000      219.579 
  pp_fir_4_1_1_add_1367_35                   add_signed_365                         152    196.752     0.000      196.752 
  pp_fir_4_1_1_add_1368_35                   add_signed_365                         152    196.752     0.000      196.752 
  pp_fir_4_1_1_add_1388_34                   add_signed_315_34_2437                 198    258.168     0.000      258.168 
  pp_fir_4_1_1_add_1389_34                   add_signed_315_34_2437                 198    258.168     0.000      258.168 
  pp_fir_4_1_1_add_1409_34                   add_signed_315_34_2444                 216    282.083     0.000      282.083 
  pp_fir_4_1_1_add_1410_34                   add_signed_315_34_2444                 216    282.083     0.000      282.083 
  pp_fir_4_1_1_csa_tree_ADD_TC_OP_groupi     csa_tree_ADD_TC_OP_group_24598         217    284.257     0.000      284.257 
  pp_fir_4_1_1_csa_tree_ADD_TC_OP_groupi3950 csa_tree_ADD_TC_OP_group_24598         217    284.257     0.000      284.257 
  pp_fir_4_1_1_csa_tree_ADD_TC_OP_groupi3951 csa_tree_ADD_TC_OP_group_23563         291    382.089     0.000      382.089 
  pp_fir_4_1_1_csa_tree_ADD_TC_OP_groupi3952 csa_tree_ADD_TC_OP_group_23563         291    382.089     0.000      382.089 
  pp_fir_4_1_1_csa_tree_ADD_TC_OP_groupi3953 csa_tree_ADD_TC_OP_group_22240         362    475.030     0.000      475.030 
  pp_fir_4_1_1_csa_tree_ADD_TC_OP_groupi3954 csa_tree_ADD_TC_OP_group_22240         362    475.030     0.000      475.030 
  pp_fir_4_1_1_csa_tree_ADD_TC_OP_groupi3955 csa_tree_ADD_TC_OP_group_20517         485    641.345     0.000      641.345 
  pp_fir_4_1_1_csa_tree_ADD_TC_OP_groupi3956 csa_tree_ADD_TC_OP_group_20517         485    641.345     0.000      641.345 
  pp_fir_4_1_1_csa_tree_ADD_TC_OP_groupi3957 csa_tree_ADD_TC_OP_group_18693         485    640.258     0.000      640.258 
  pp_fir_4_1_1_csa_tree_ADD_TC_OP_groupi3958 csa_tree_ADD_TC_OP_group_18693         485    640.258     0.000      640.258 
  pp_fir_4_1_1_csa_tree_ADD_TC_OP_groupi3959 csa_tree_ADD_TC_OP_group_16843         486    641.888     0.000      641.888 
  pp_fir_4_1_1_csa_tree_ADD_TC_OP_groupi3960 csa_tree_ADD_TC_OP_group_16843         486    641.888     0.000      641.888 
  pp_fir_4_1_1_csa_tree_ADD_TC_OP_groupi3961 csa_tree_ADD_TC_OP_group_14802         558    741.351     0.000      741.351 
  pp_fir_4_1_1_csa_tree_ADD_TC_OP_groupi3962 csa_tree_ADD_TC_OP_group_14802         558    741.351     0.000      741.351 
  pp_fir_4_1_1_csa_tree_ADD_TC_OP_groupi3963 csa_tree_ADD_TC_OP_group_12769         551    727.763     0.000      727.763 
  pp_fir_4_1_1_csa_tree_ADD_TC_OP_groupi3964 csa_tree_ADD_TC_OP_group_12769         551    727.763     0.000      727.763 
  pp_fir_4_1_1_csa_tree_ADD_TC_OP_groupi3965 csa_tree_ADD_TC_OP_group_10503         627    835.379     0.000      835.379 
  pp_fir_4_1_1_csa_tree_ADD_TC_OP_groupi3966 csa_tree_ADD_TC_OP_group_10503         627    835.379     0.000      835.379 
  pp_fir_4_1_1_csa_tree_ADD_TC_OP_groupi3967 csa_tree_ADD_TC_OP_group_8642          486    646.236     0.000      646.236 
  pp_fir_4_1_1_csa_tree_ADD_TC_OP_groupi3968 csa_tree_ADD_TC_OP_group_8642          486    646.236     0.000      646.236 
  pp_fir_4_1_1_csa_tree_ADD_TC_OP_groupi3969 csa_tree_ADD_TC_OP_group_6833          484    641.345     0.000      641.345 
  pp_fir_4_1_1_csa_tree_ADD_TC_OP_groupi3970 csa_tree_ADD_TC_OP_group_6833          484    641.345     0.000      641.345 
  pp_fir_4_1_1_csa_tree_ADD_TC_OP_groupi3971 csa_tree_ADD_TC_OP_group_4957          493    651.671     0.000      651.671 
  pp_fir_4_1_1_csa_tree_ADD_TC_OP_groupi3972 csa_tree_ADD_TC_OP_group_4957          493    651.671     0.000      651.671 
  pp_fir_4_1_1_csa_tree_ADD_TC_OP_groupi3973 csa_tree_ADD_TC_OP_group_3551          356    470.138     0.000      470.138 
  pp_fir_4_1_1_csa_tree_ADD_TC_OP_groupi3974 csa_tree_ADD_TC_OP_group_3551          356    470.138     0.000      470.138 
  pp_fir_4_1_1_csa_tree_ADD_TC_OP_groupi3975 csa_tree_ADD_TC_OP_group_2106          365    479.378     0.000      479.378 
  pp_fir_4_1_1_csa_tree_ADD_TC_OP_groupi3976 csa_tree_ADD_TC_OP_group_2106          365    479.378     0.000      479.378 
  pp_fir_4_1_1_csa_tree_ADD_TC_OP_groupi3977 csa_tree_ADD_TC_OP_group_2             379    494.053     0.000      494.053 
  pp_fir_4_1_1_csa_tree_ADD_TC_OP_groupi3978 csa_tree_ADD_TC_OP_group_2             379    494.053     0.000      494.053 
