============================================================
  Generated by:           Genus(TM) Synthesis Solution 22.10-p001_1
  Generated on:           Jan 21 2025  10:00:16 am
  Module:                 pp_fir_u_4
  Library domain:         timing_cond_wcl_slow
    Domain index:         0
    Technology library:   sc9mcpp140z_cln28ht_base_lvt_c30_ssg_cworstt_max_0p81v_125c 1.0
  Library domain:         timing_cond_wcl_fast
    Domain index:         1
    Technology library:   sc9mcpp140z_cln28ht_base_lvt_c30_ffg_cbestt_min_0p99v_m40c 1.0
  Library domain:         timing_cond_wcl_typical
    Domain index:         2
    Technology library:   sc9mcpp140z_cln28ht_base_lvt_c30_tt_ctypical_max_0p90v_25c 1.0
  Operating conditions:   ssg_cworstt_max_0p81v_125c 
  Operating conditions:   ffg_cbestt_min_0p99v_m40c 
  Operating conditions:   tt_ctypical_max_0p90v_25c 
  Interconnect mode:      placement
  Area mode:              physical library
============================================================

Timing
--------

  Analysis view  Clock Period 
------------------------------
view_wcl_slow    clk    500.0 
view_wcl_fast    clk    500.0 
view_wcl_typical clk    500.0 


    Analysis       Cost   Critical        Violating 
      View        Group  Path Slack  TNS    Paths   
----------------------------------------------------
view_wcl_slow        clk       -0.7 -5.6         16 
                 default   No paths  0.0          0 
----------------------------------------------------
Total                               -5.6         16 
                                                    
view_wcl_fast        clk       33.8  0.0          0 
                 default   No paths  0.0          0 
----------------------------------------------------
Total                               -0.0          0 
                                                    
view_wcl_typical     clk       17.5  0.0          0 
                 default   No paths  0.0          0 
----------------------------------------------------
Total                               -0.0          0 
                                                    

Instance Count
--------------
Leaf Instance Count             21371 
Physical Instance count          1006 
Sequential Instance Count        3624 
Combinational Instance Count    17747 
Hierarchical Instance Count         0 

Area
----
Cell Area                          22486.590
Physical Cell Area                 532.980
Total Cell Area (Cell+Physical)    23019.570
Net Area                           7724.202
Total Area (Cell+Physical+Net)     30743.772

Floorplan Utilization              61.12%
Runtime                            217.30208000000002 seconds
Elapsed Runtime                    3425 seconds
Genus peak memory usage            4027.20 
Innovus peak memory usage          3542.480469 
Hostname                           cluster15.lan.ece

Physical Data
-------------
Total Net Length                   154484.05 um
Average Net Length                 6.75 um
