 ------------------------------------------------------------------------------------------------------------------------------------------------------ 
| Snapshot                | WNS                  | TNS                  | Density (%) | Hotspot      | Resource               | DRVs       | Layer-OPT |
|                         | HEPG (ns) | ALL (ns) | HEPG (ns) | ALL (ns) |             | Max  | Total | Real (s) | Memory (MB) | Tran | Cap | M8        |
|-------------------------+-----------+----------+-----------+----------+-------------+------+-------+----------+-------------+------+-----+-----------|
| initial_summary         |           |   -0.065 |           |      -77 |       84.11 |      |       | 0:00:10  |        3607 |    0 |   0 |           |
| route_type_refinement   |           |          |           |          |             |      |       | 0:00:05  |        3624 |      |     |        18 |
| simplify_netlist        |           |          |           |          |             |      |       | 0:00:03  |        3638 |      |     |           |
| drv_fixing              |           |          |           |          |             |      |       | 0:00:02  |        3638 |      |     |           |
| area_reclaiming         |    -0.011 |   -0.081 |        -1 |     -191 |       82.25 |      |       | 0:00:21  |        3675 |      |     |        18 |
| global_opt              |           |   -0.073 |           |     -168 |       83.11 |      |       | 0:01:30  |        3767 |      |     |        18 |
| area_reclaiming_2       |    -0.028 |   -0.072 |        -4 |     -169 |       81.92 |      |       | 0:00:21  |        3765 |      |     |        17 |
| incremental_replacement |    -0.036 |   -0.147 |           |     -349 |             | 0.00 |  0.00 | 0:00:59  |        3809 |      |     |           |
| tns_fixing              |    -0.013 |   -0.145 |        -0 |     -339 |       81.71 |      |       | 0:00:58  |        3926 |      |     |        16 |
| wns_fixing              |    -0.004 |   -0.051 |        -0 |     -142 |       83.68 |      |       | 0:10:29  |        4077 |      |     |        38 |
| tns_fixing_2            |    -0.003 |   -0.054 |        -0 |      -68 |       88.76 |      |       | 0:09:12  |        4030 |      |     |        83 |
| area_reclaiming_3       |    -0.002 |   -0.046 |        -0 |      -68 |       87.52 |      |       | 0:00:41  |        3916 |      |     |        87 |
| area_reclaiming_4       |    -0.004 |   -0.044 |        -0 |      -69 |       84.47 |      |       | 0:00:23  |        3916 |      |     |        62 |
| drv_eco_fixing          |    -0.004 |   -0.044 |        -0 |      -69 |       84.47 |      |       | 0:00:03  |        3899 |    0 |   0 |        62 |
| tns_eco_fixing          |    -0.001 |   -0.045 |        -0 |      -65 |       86.21 |      |       | 0:02:14  |        4019 |      |     |        63 |
| final_summary           |    -0.003 |   -0.043 |           |      -56 |       86.21 |      |       | 0:00:04  |        3882 |    0 |   0 |           |
 ------------------------------------------------------------------------------------------------------------------------------------------------------ 
