 ------------------------------------------------------------------------------------------------------------------------------------------------------ 
| Snapshot                | WNS                  | TNS                  | Density (%) | Hotspot      | Resource               | DRVs       | Layer-OPT |
|                         | HEPG (ns) | ALL (ns) | HEPG (ns) | ALL (ns) |             | Max  | Total | Real (s) | Memory (MB) | Tran | Cap | M8        |
|-------------------------+-----------+----------+-----------+----------+-------------+------+-------+----------+-------------+------+-----+-----------|
| initial_summary         |    -0.358 |   -0.358 |           |     -128 |       64.84 |      |       | 0:00:08  |        5320 |    0 |   0 |           |
| route_type_refinement   |           |          |           |          |             |      |       | 0:00:00  |        5322 |      |     |        12 |
| simplify_netlist        |           |          |           |          |             |      |       | 0:00:03  |        5329 |      |     |           |
| excluded_clk_net_fixing |           |          |           |          |             |      |       | 0:00:00  |        5329 |      |     |           |
| global_opt              |           |   -0.358 |           |     -123 |       64.99 |      |       | 0:00:06  |        5722 |      |     |        12 |
| global_opt_2            |           |   -0.359 |           |     -118 |       65.21 |      |       | 0:00:06  |        5798 |      |     |        12 |
| area_reclaiming         |     0.041 |   -0.358 |         0 |     -119 |       65.01 |      |       | 0:00:08  |        5903 |      |     |         5 |
| wns_fixing              |     0.041 |   -0.356 |         0 |     -133 |       65.01 |      |       | 0:00:08  |        6513 |      |     |         6 |
| tns_fixing              |     0.048 |   -0.358 |         0 |     -113 |       65.21 |      |       | 0:00:18  |        6558 |      |     |        15 |
| area_reclaiming_2       |     0.068 |   -0.350 |         0 |     -113 |       65.17 |      |       | 0:00:09  |        5996 |      |     |        15 |
| area_reclaiming_3       |     0.070 |   -0.350 |         0 |     -113 |       65.15 |      |       | 0:00:05  |        5989 |      |     |        11 |
| local_wire_reclaim      |           |          |           |          |             |      |       | 0:00:16  |        5987 |      |     |           |
| global_route            |           |          |           |          |             | 0.00 |  0.00 | 0:00:07  |        5771 |      |     |           |
| route_type_refinement_2 |           |          |           |          |             |      |       | 0:00:01  |        5771 |      |     |        11 |
| drv_eco_fixing          |     0.071 |   -0.350 |         0 |     -118 |       65.17 |      |       | 0:00:06  |        5984 |    0 |   0 |        11 |
| tns_eco_fixing          |     0.071 |   -0.350 |         0 |     -118 |       65.19 |      |       | 0:00:09  |        6631 |      |     |        11 |
| tns_eco_fixing_2        |     0.071 |   -0.350 |         0 |     -118 |       65.19 |      |       | 0:00:05  |        6420 |      |     |        11 |
| final_summary           |     0.071 |   -0.350 |           |     -118 |       65.10 | 0.00 |  0.00 | 0:00:10  |        5946 |    0 |   0 |           |
 ------------------------------------------------------------------------------------------------------------------------------------------------------ 
