 ---------------------------------------------------------------------------------------------------------------------- 
| Snapshot           | WNS                  | TNS                  | Density (%) | Resource               | DRVs       |
|                    | HEPG (ns) | ALL (ns) | HEPG (ns) | ALL (ns) |             | Real (s) | Memory (MB) | Tran | Cap |
|--------------------+-----------+----------+-----------+----------+-------------+----------+-------------+------+-----|
| initial_summary    |    -0.017 |   -0.029 |           |       -0 |       61.28 | 0:00:22  |       16859 |    3 |   0 |
| wns_fixing         |     0.002 |   -0.029 |         0 |       -0 |       61.28 | 0:00:11  |       17131 |      |     |
| tns_fixing         |     0.002 |   -0.029 |         0 |       -0 |       61.28 | 0:00:09  |       17086 |      |     |
| route_type_fixing  |           |          |           |          |             | 0:00:04  |       16830 |      |     |
| pre_route_summary  |     0.002 |   -0.029 |           |       -0 |       61.28 | 0:00:03  |       16830 |    3 |   0 |
| eco_route          |           |          |           |          |             | 0:05:30  |       16603 |      |     |
| post_route_summary |    -0.005 |   -0.027 |           |       -0 |       61.28 | 0:00:26  |       16836 |    3 |   0 |
| tns_eco_fixing     |    -0.005 |   -0.027 |        -0 |       -0 |      100.00 | 0:00:08  |       17092 |      |     |
| final_summary      |    -0.005 |   -0.027 |           |       -0 |       61.28 | 0:00:11  |       16836 |    3 |   0 |
 ---------------------------------------------------------------------------------------------------------------------- 
