

Working Directory = /home/micsTapeouts/projects/22FDX_winter2023/jswalling/genus/spi_trim/work
QoS Summary for topVcoDigital
================================================================================
Metric                          syn_generic     syn_map         syn_opt        
================================================================================

View : view_wcl_slow
Slack (ps):                      -325            -297            -286
  R2R (ps):                     1,152           1,120           1,120
  I2R (ps):                      -325            -297            -286
  R2O (ps):                  no_value        no_value        no_value
  I2O (ps):                  no_value        no_value        no_value
  CG  (ps):                  no_value        no_value        no_value
TNS (ps):                     -48,172         -43,257         -40,837
  R2R (ps):                         0               0               0
  I2R (ps):                   -48,172         -43,257         -40,837
  R2O (ps):                  no_value        no_value        no_value
  I2O (ps):                  no_value        no_value        no_value
  CG  (ps):                  no_value        no_value        no_value
Failing Paths:                    149             149             149

View : view_wcl_fast
Slack (ps):                       213             228             233
  R2R (ps):                     1,202           1,186           1,186
  I2R (ps):                       213             228             233
  R2O (ps):                  no_value        no_value        no_value
  I2O (ps):                  no_value        no_value        no_value
  CG  (ps):                  no_value        no_value        no_value
TNS (ps):                           0               0               0
  R2R (ps):                         0               0               0
  I2R (ps):                         0               0               0
  R2O (ps):                  no_value        no_value        no_value
  I2O (ps):                  no_value        no_value        no_value
  CG  (ps):                  no_value        no_value        no_value
Failing Paths:                      0               0               0

View : view_wcl_typical
Slack (ps):                     4,951           4,970           4,976
  R2R (ps):                     6,186           6,163           6,163
  I2R (ps):                     4,951           4,970           4,976
  R2O (ps):                  no_value        no_value        no_value
  I2O (ps):                  no_value        no_value        no_value
  CG  (ps):                  no_value        no_value        no_value
TNS (ps):                           0               0               0
  R2R (ps):                         0               0               0
  I2R (ps):                         0               0               0
  R2O (ps):                  no_value        no_value        no_value
  I2O (ps):                  no_value        no_value        no_value
  CG  (ps):                  no_value        no_value        no_value
Failing Paths:                      0               0               0

Cell Area:                      1,198             547             606
Total Cell Area:                1,198             547             606
Leaf Instances:                 1,297             552             550
Total Instances:                1,297             552             550
Utilization (%):                 0.00            0.00            0.00
Tot. Net Length (um):        no_value        no_value        no_value
Avg. Net Length (um):        no_value        no_value        no_value
Route Overflow H (%):        no_value        no_value        no_value
Route Overflow V (%):        no_value        no_value        no_value
MBCI(%) (bits/gate) :            0.00            0.00            0.00
Norm Cong Hotspot Area:
  Max Cong:                  no_value        no_value        no_value
  Tot Cong:                  no_value        no_value        no_value
================================================================================
CPU  Runtime (h:m:s):        00:07:43        00:02:50        00:00:32
Real Runtime (h:m:s):        00:08:34        00:05:09        00:02:13
CPU  Elapsed (h:m:s):        00:07:51        00:10:41        00:11:13
Real Elapsed (h:m:s):        00:08:38        00:13:47        00:16:00
Memory (MB):                  3776.12         3851.37         3851.95
================================================================================
================================================================================
Flow Settings:
================================================================================
Total Runtime (h:m:s): 00:15:56
Total Memory (MB):     3851.95
Executable Version:    21.11-s126_1
================================================================================
Total Cell Area =  Cell Area + Physical Cell Area
Total Instances =  Leaf Instances + Physical Instances


