============================================================
  Generated by:           Genus(TM) Synthesis Solution 21.11-s126_1
  Generated on:           May 09 2024  05:24:06 am
  Module:                 topVcoDigital
  Library domain:         timing_cond_wcl_slow
    Domain index:         0
    Technology library:   gf22nsdvlogl28edl116a_SSG_0P72V_0P00V_0P00V_0P00V_125C 2019.10.15
  Library domain:         timing_cond_wcl_fast
    Domain index:         1
    Technology library:   gf22nsdvlogl28edl116a_FFG_0P88V_0P00V_0P00V_0P00V_M40C 2019.10.15
  Library domain:         timing_cond_wcl_typical
    Domain index:         2
    Technology library:   gf22nsdvlogl28edl116a_TT_0P80V_0P00V_0P00V_0P00V_25C 2019.10.15
  Operating conditions:   SSG_0P72V_0P00V_0P00V_0P00V_125C 
  Operating conditions:   FFG_0P88V_0P00V_0P00V_0P00V_M40C 
  Operating conditions:   TT_0P80V_0P00V_0P00V_0P00V_25C 
  Interconnect mode:      global
  Area mode:              physical library
============================================================

Timing
--------

  Analysis view  Clock  Period 
-------------------------------
view_wcl_slow    clk   30000.0 
                 sclk  31250.0 
view_wcl_fast    clk   20000.0 
                 sclk  31250.0 
view_wcl_typical clk   25000.0 
                 sclk  31250.0 


    Analysis       Cost   Critical            Violating 
      View        Group  Path Slack    TNS      Paths   
--------------------------------------------------------
view_wcl_slow        clk     -325.2 -48171.5        149 
                 default   No paths      0.0          0 
                    sclk    29625.6      0.0          0 
--------------------------------------------------------
Total                               -48171.5        149 
                                                        
view_wcl_fast        clk      213.3      0.0          0 
                 default   No paths      0.0          0 
                    sclk    30187.9      0.0          0 
--------------------------------------------------------
Total                                   -0.0          0 
                                                        
view_wcl_typical     clk     4950.6      0.0          0 
                 default   No paths      0.0          0 
                    sclk    29916.1      0.0          0 
--------------------------------------------------------
Total                                   -0.0          0 
                                                        

Instance Count
--------------
Leaf Instance Count             1297 
Physical Instance count            0 
Sequential Instance Count        255 
Combinational Instance Count    1042 
Hierarchical Instance Count        7 

Area
----
Cell Area                          1195.769
Physical Cell Area                 0.000
Total Cell Area (Cell+Physical)    1195.769
Net Area                           2.189
Total Area (Cell+Physical+Net)     1197.958

Runtime                            0.0 seconds
Elapsed Runtime                    526 seconds
Genus peak memory usage            3778.12 
Innovus peak memory usage          no_value 
Hostname                           cluster12.lan.ece
