============================================================
  Generated by:           Genus(TM) Synthesis Solution 21.11-s126_1
  Generated on:           May 09 2024  05:31:27 am
  Module:                 topVcoDigital
  Library domain:         timing_cond_wcl_slow
    Domain index:         0
    Technology library:   gf22nsdvlogl28edl116a_SSG_0P72V_0P00V_0P00V_0P00V_125C 2019.10.15
  Library domain:         timing_cond_wcl_fast
    Domain index:         1
    Technology library:   gf22nsdvlogl28edl116a_FFG_0P88V_0P00V_0P00V_0P00V_M40C 2019.10.15
  Library domain:         timing_cond_wcl_typical
    Domain index:         2
    Technology library:   gf22nsdvlogl28edl116a_TT_0P80V_0P00V_0P00V_0P00V_25C 2019.10.15
  Operating conditions:   SSG_0P72V_0P00V_0P00V_0P00V_125C 
  Operating conditions:   FFG_0P88V_0P00V_0P00V_0P00V_M40C 
  Operating conditions:   TT_0P80V_0P00V_0P00V_0P00V_25C 
  Interconnect mode:      global
  Area mode:              physical library
============================================================

      Instance            Module       Cell Count  Cell Area  Net Area   Total Area 
------------------------------------------------------------------------------------
topVcoDigital                                 550    605.917   143.755      749.672 
  ckDiv              clkDiv_DIV32              17     17.414     3.130       20.544 
  data_register_inst fifoDataRegister          20     23.928     1.340       25.269 
  fifo_inst          fifo_32b                 393    450.883    94.656      545.538 
  spi_slave_inst     spi_slave                 51     50.488     8.263       58.751 
  vcoDec_inst        vcoDecoder                18     23.427     0.603       24.031 
    dec_0            trimRegs                  17     22.237     0.603       22.841 
