============================================================
  Generated by:           Genus(TM) Synthesis Solution 21.11-s126_1
  Generated on:           May 09 2024  05:24:05 am
  Module:                 topVcoDigital
  Library domain:         timing_cond_wcl_slow
    Domain index:         0
    Technology library:   gf22nsdvlogl28edl116a_SSG_0P72V_0P00V_0P00V_0P00V_125C 2019.10.15
  Library domain:         timing_cond_wcl_fast
    Domain index:         1
    Technology library:   gf22nsdvlogl28edl116a_FFG_0P88V_0P00V_0P00V_0P00V_M40C 2019.10.15
  Library domain:         timing_cond_wcl_typical
    Domain index:         2
    Technology library:   gf22nsdvlogl28edl116a_TT_0P80V_0P00V_0P00V_0P00V_25C 2019.10.15
  Operating conditions:   SSG_0P72V_0P00V_0P00V_0P00V_125C 
  Operating conditions:   FFG_0P88V_0P00V_0P00V_0P00V_M40C 
  Operating conditions:   TT_0P80V_0P00V_0P00V_0P00V_25C 
  Interconnect mode:      global
  Area mode:              physical library
============================================================

      Instance                Module           Cell Count  Cell Area  Net Area   Total Area 
--------------------------------------------------------------------------------------------
topVcoDigital                                        1297   1195.769     2.189     1197.958 
  ckDiv              clkDiv_DIV32                      30     26.359     0.000       26.359 
    inc_add_21_28    increment_signed_117_119          11      6.822     0.000        6.822 
  data_register_inst fifoDataRegister                  20     38.453     0.000       38.453 
  fifo_inst          fifo_32b                        1140    959.468     0.000      959.468 
  spi_slave_inst     spi_slave                         68     93.962     0.000       93.962 
  vcoDec_inst        vcoDecoder                        19     37.523     0.000       37.523 
    dec_0            trimRegs                          17     35.042     0.000       35.042 
