============================================================
  Generated by:           Genus(TM) Synthesis Solution 21.11-s126_1
  Generated on:           May 09 2024  05:24:06 am
  Module:                 topVcoDigital
  Library domain:         timing_cond_wcl_slow
    Domain index:         0
    Technology library:   gf22nsdvlogl28edl116a_SSG_0P72V_0P00V_0P00V_0P00V_125C 2019.10.15
  Library domain:         timing_cond_wcl_fast
    Domain index:         1
    Technology library:   gf22nsdvlogl28edl116a_FFG_0P88V_0P00V_0P00V_0P00V_M40C 2019.10.15
  Library domain:         timing_cond_wcl_typical
    Domain index:         2
    Technology library:   gf22nsdvlogl28edl116a_TT_0P80V_0P00V_0P00V_0P00V_25C 2019.10.15
  Operating conditions:   SSG_0P72V_0P00V_0P00V_0P00V_125C 
  Operating conditions:   FFG_0P88V_0P00V_0P00V_0P00V_M40C 
  Operating conditions:   TT_0P80V_0P00V_0P00V_0P00V_25C 
  Interconnect mode:      global
  Area mode:              physical library
============================================================

                                        Leakage  Leakage 
     Type      Instances  Area Area % Power (nW) Power % 
---------------------------------------------------------
sequential           255 0.000    0.0 118317.893    94.6 
inverter              13 0.000    0.0    142.966     0.1 
logic               1029 0.000    0.0   6669.076     5.3 
physical_cells         0 0.000    0.0      0.000     0.0 
---------------------------------------------------------
total               1297 0.000    0.0 125129.935   100.0 

