============================================================
  Generated by:           Genus(TM) Synthesis Solution 21.11-s126_1
  Generated on:           May 09 2024  05:29:14 am
  Module:                 topVcoDigital
  Library domain:         timing_cond_wcl_slow
    Domain index:         0
    Technology library:   gf22nsdvlogl28edl116a_SSG_0P72V_0P00V_0P00V_0P00V_125C 2019.10.15
  Library domain:         timing_cond_wcl_fast
    Domain index:         1
    Technology library:   gf22nsdvlogl28edl116a_FFG_0P88V_0P00V_0P00V_0P00V_M40C 2019.10.15
  Library domain:         timing_cond_wcl_typical
    Domain index:         2
    Technology library:   gf22nsdvlogl28edl116a_TT_0P80V_0P00V_0P00V_0P00V_25C 2019.10.15
  Operating conditions:   SSG_0P72V_0P00V_0P00V_0P00V_125C 
  Operating conditions:   FFG_0P88V_0P00V_0P00V_0P00V_M40C 
  Operating conditions:   TT_0P80V_0P00V_0P00V_0P00V_25C 
  Interconnect mode:      global
  Area mode:              physical library
============================================================

Timing
--------

  Analysis view  Clock  Period 
-------------------------------
view_wcl_slow    clk   30000.0 
                 sclk  31250.0 
view_wcl_fast    clk   20000.0 
                 sclk  31250.0 
view_wcl_typical clk   25000.0 
                 sclk  31250.0 


    Analysis       Cost   Critical            Violating 
      View        Group  Path Slack    TNS      Paths   
--------------------------------------------------------
view_wcl_slow        clk     -297.4 -43257.1        149 
                 default   No paths      0.0          0 
                    sclk    29520.0      0.0          0 
--------------------------------------------------------
Total                               -43257.1        149 
                                                        
view_wcl_fast        clk      228.3      0.0          0 
                 default   No paths      0.0          0 
                    sclk    30143.4      0.0          0 
--------------------------------------------------------
Total                                   -0.0          0 
                                                        
view_wcl_typical     clk     4969.7      0.0          0 
                 default   No paths      0.0          0 
                    sclk    29856.3      0.0          0 
--------------------------------------------------------
Total                                   -0.0          0 
                                                        

Instance Count
--------------
Leaf Instance Count             552 
Physical Instance count           0 
Sequential Instance Count       255 
Combinational Instance Count    297 
Hierarchical Instance Count       6 

Area
----
Cell Area                          547.098
Physical Cell Area                 0.000
Total Cell Area (Cell+Physical)    547.098
Net Area                           143.362
Total Area (Cell+Physical+Net)     690.460

Runtime                            0.0 seconds
Elapsed Runtime                    835 seconds
Genus peak memory usage            3853.38 
Innovus peak memory usage          no_value 
Hostname                           cluster12.lan.ece
