============================================================
  Generated by:           Genus(TM) Synthesis Solution 21.11-s126_1
  Generated on:           May 09 2024  05:29:14 am
  Module:                 topVcoDigital
  Library domain:         timing_cond_wcl_slow
    Domain index:         0
    Technology library:   gf22nsdvlogl28edl116a_SSG_0P72V_0P00V_0P00V_0P00V_125C 2019.10.15
  Library domain:         timing_cond_wcl_fast
    Domain index:         1
    Technology library:   gf22nsdvlogl28edl116a_FFG_0P88V_0P00V_0P00V_0P00V_M40C 2019.10.15
  Library domain:         timing_cond_wcl_typical
    Domain index:         2
    Technology library:   gf22nsdvlogl28edl116a_TT_0P80V_0P00V_0P00V_0P00V_25C 2019.10.15
  Operating conditions:   SSG_0P72V_0P00V_0P00V_0P00V_125C 
  Operating conditions:   FFG_0P88V_0P00V_0P00V_0P00V_M40C 
  Operating conditions:   TT_0P80V_0P00V_0P00V_0P00V_25C 
  Interconnect mode:      global
  Area mode:              physical library
============================================================

      Instance            Module       Cell Count  Cell Area  Net Area   Total Area 
------------------------------------------------------------------------------------
topVcoDigital                                 552    547.098   143.362      690.460 
  ckDiv              clkDiv_DIV32              16     17.038     3.060       20.098 
  data_register_inst fifoDataRegister          20     24.304     1.407       25.711 
  fifo_inst          fifo_32b                 382    388.180    93.150      481.330 
  spi_slave_inst     spi_slave                 50     50.550     8.126       58.676 
  vcoDec_inst        vcoDecoder                17     23.239     0.000       23.239 
    dec_0            trimRegs                  16     22.049     0.000       22.049 
