============================================================
  Generated by:           Genus(TM) Synthesis Solution 21.11-s126_1
  Generated on:           May 09 2024  05:29:16 am
  Module:                 topVcoDigital
  Library domain:         timing_cond_wcl_slow
    Domain index:         0
    Technology library:   gf22nsdvlogl28edl116a_SSG_0P72V_0P00V_0P00V_0P00V_125C 2019.10.15
  Library domain:         timing_cond_wcl_fast
    Domain index:         1
    Technology library:   gf22nsdvlogl28edl116a_FFG_0P88V_0P00V_0P00V_0P00V_M40C 2019.10.15
  Library domain:         timing_cond_wcl_typical
    Domain index:         2
    Technology library:   gf22nsdvlogl28edl116a_TT_0P80V_0P00V_0P00V_0P00V_25C 2019.10.15
  Operating conditions:   SSG_0P72V_0P00V_0P00V_0P00V_125C 
  Operating conditions:   FFG_0P88V_0P00V_0P00V_0P00V_M40C 
  Operating conditions:   TT_0P80V_0P00V_0P00V_0P00V_25C 
  Interconnect mode:      global
  Area mode:              physical library
============================================================

                                             Leakage                                                            Library 
         Gate           Instances   Area   Power (nW)                          Library                           Domain 
------------------------------------------------------------------------------------------------------------------------
UDBSLT28_ADDF_V1_1              1    1.128     77.145    gf22nsdvlogl28edl116a_SSG_0P72V_0P00V_0P00V_0P00V_125C       0 
UDBSLT28_ADDH_1                 6    3.758    390.148    gf22nsdvlogl28edl116a_SSG_0P72V_0P00V_0P00V_0P00V_125C       0 
UDBSLT28_AN2_16                 1    2.130    424.935    gf22nsdvlogl28edl116a_SSG_0P72V_0P00V_0P00V_0P00V_125C       0 
UDBSLT28_AN2_L_3                1    0.501     95.932    gf22nsdvlogl28edl116a_SSG_0P72V_0P00V_0P00V_0P00V_125C       0 
UDBSLT28_AN2_MM_1               5    1.566    143.141    gf22nsdvlogl28edl116a_SSG_0P72V_0P00V_0P00V_0P00V_125C       0 
UDBSLT28_AN3B_0P75              1    0.313     16.214    gf22nsdvlogl28edl116a_SSG_0P72V_0P00V_0P00V_0P00V_125C       0 
UDBSLT28_AN3B_2                 3    1.503    191.550    gf22nsdvlogl28edl116a_SSG_0P72V_0P00V_0P00V_0P00V_125C       0 
UDBSLT28_AN3_2                  2    0.752     89.856    gf22nsdvlogl28edl116a_SSG_0P72V_0P00V_0P00V_0P00V_125C       0 
UDBSLT28_AO21B_1                1    0.376     39.851    gf22nsdvlogl28edl116a_SSG_0P72V_0P00V_0P00V_0P00V_125C       0 
UDBSLT28_AO221_0P75             1    0.501     37.737    gf22nsdvlogl28edl116a_SSG_0P72V_0P00V_0P00V_0P00V_125C       0 
UDBSLT28_AO22_2                16    8.018    883.382    gf22nsdvlogl28edl116a_SSG_0P72V_0P00V_0P00V_0P00V_125C       0 
UDBSLT28_AOI211_1               1    0.376     18.019    gf22nsdvlogl28edl116a_SSG_0P72V_0P00V_0P00V_0P00V_125C       0 
UDBSLT28_AOI222_0P75           29   16.349    751.460    gf22nsdvlogl28edl116a_SSG_0P72V_0P00V_0P00V_0P00V_125C       0 
UDBSLT28_AOI222_1              19   10.711    487.299    gf22nsdvlogl28edl116a_SSG_0P72V_0P00V_0P00V_0P00V_125C       0 
UDBSLT28_AOI22_0P75             1    0.313     18.614    gf22nsdvlogl28edl116a_SSG_0P72V_0P00V_0P00V_0P00V_125C       0 
UDBSLT28_AOI22_1               16    5.011    242.313    gf22nsdvlogl28edl116a_SSG_0P72V_0P00V_0P00V_0P00V_125C       0 
UDBSLT28_AOI31_0P75             1    0.313     18.493    gf22nsdvlogl28edl116a_SSG_0P72V_0P00V_0P00V_0P00V_125C       0 
UDBSLT28_BUF_1                 16    3.007    376.702    gf22nsdvlogl28edl116a_SSG_0P72V_0P00V_0P00V_0P00V_125C       0 
UDBSLT28_BUF_3P5               14    6.139   1294.818    gf22nsdvlogl28edl116a_SSG_0P72V_0P00V_0P00V_0P00V_125C       0 
UDBSLT28_BUF_5                  1    0.564    120.816    gf22nsdvlogl28edl116a_SSG_0P72V_0P00V_0P00V_0P00V_125C       0 
UDBSLT28_BUF_5P5                1    0.564    110.495    gf22nsdvlogl28edl116a_SSG_0P72V_0P00V_0P00V_0P00V_125C       0 
UDBSLT28_EN2_V2U_1              1    0.438     53.469    gf22nsdvlogl28edl116a_SSG_0P72V_0P00V_0P00V_0P00V_125C       0 
UDBSLT28_EO2_V2_1               5    2.192    204.637    gf22nsdvlogl28edl116a_SSG_0P72V_0P00V_0P00V_0P00V_125C       0 
UDBSLT28_EO3_0P75               1    0.940     86.509    gf22nsdvlogl28edl116a_SSG_0P72V_0P00V_0P00V_0P00V_125C       0 
UDBSLT28_FDPRBQ_V2_1           27   32.134   3166.543    gf22nsdvlogl28edl116a_SSG_0P72V_0P00V_0P00V_0P00V_125C       0 
UDBSLT28_FDPSBQ_1               1    1.315    162.814    gf22nsdvlogl28edl116a_SSG_0P72V_0P00V_0P00V_0P00V_125C       0 
UDBSLT28_FSDPQ_D_2             17   22.362   2311.724    gf22nsdvlogl28edl116a_SSG_0P72V_0P00V_0P00V_0P00V_125C       0 
UDBSLT28_FSDPQ_F4SU3_2         21   49.987   5080.259    gf22nsdvlogl28edl116a_SSG_0P72V_0P00V_0P00V_0P00V_125C       0 
UDBSLT28_FSDPQ_SU3_2           48   81.181  10242.699    gf22nsdvlogl28edl116a_SSG_0P72V_0P00V_0P00V_0P00V_125C       0 
UDBSLT28_FSDPQ_SU3_4           48   87.195  11488.785    gf22nsdvlogl28edl116a_SSG_0P72V_0P00V_0P00V_0P00V_125C       0 
UDBSLT28_FSDPQ_V2SU3_1         28   47.356   4439.488    gf22nsdvlogl28edl116a_SSG_0P72V_0P00V_0P00V_0P00V_125C       0 
UDBSLT28_FSDPQ_V2SU3_8          4    8.519   1178.078    gf22nsdvlogl28edl116a_SSG_0P72V_0P00V_0P00V_0P00V_125C       0 
UDBSLT28_FSDPRBQ_D_0P8         16   22.049   2040.336    gf22nsdvlogl28edl116a_SSG_0P72V_0P00V_0P00V_0P00V_125C       0 
UDBSLT28_FSDPRBQ_D_1           45   62.014   5552.294    gf22nsdvlogl28edl116a_SSG_0P72V_0P00V_0P00V_0P00V_125C       0 
UDBSLT28_INV_0P75              21    2.631    218.689    gf22nsdvlogl28edl116a_SSG_0P72V_0P00V_0P00V_0P00V_125C       0 
UDBSLT28_INV_10                 1    0.689     87.518    gf22nsdvlogl28edl116a_SSG_0P72V_0P00V_0P00V_0P00V_125C       0 
UDBSLT28_INV_15                16   16.036   3510.096    gf22nsdvlogl28edl116a_SSG_0P72V_0P00V_0P00V_0P00V_125C       0 
UDBSLT28_INV_2                 16    3.007    363.010    gf22nsdvlogl28edl116a_SSG_0P72V_0P00V_0P00V_0P00V_125C       0 
UDBSLT28_INV_5                  1    0.376    101.275    gf22nsdvlogl28edl116a_SSG_0P72V_0P00V_0P00V_0P00V_125C       0 
UDBSLT28_MUXI2_1                1    0.438     36.688    gf22nsdvlogl28edl116a_SSG_0P72V_0P00V_0P00V_0P00V_125C       0 
UDBSLT28_ND2B_1                 3    0.940     80.408    gf22nsdvlogl28edl116a_SSG_0P72V_0P00V_0P00V_0P00V_125C       0 
UDBSLT28_ND2B_MM_1              1    0.313     28.361    gf22nsdvlogl28edl116a_SSG_0P72V_0P00V_0P00V_0P00V_125C       0 
UDBSLT28_ND2B_V1_1              2    0.626     60.902    gf22nsdvlogl28edl116a_SSG_0P72V_0P00V_0P00V_0P00V_125C       0 
UDBSLT28_ND2_1                  3    0.564     52.341    gf22nsdvlogl28edl116a_SSG_0P72V_0P00V_0P00V_0P00V_125C       0 
UDBSLT28_ND2_MM_0P75            7    1.315     61.898    gf22nsdvlogl28edl116a_SSG_0P72V_0P00V_0P00V_0P00V_125C       0 
UDBSLT28_ND2_MM_1               2    0.376     23.355    gf22nsdvlogl28edl116a_SSG_0P72V_0P00V_0P00V_0P00V_125C       0 
UDBSLT28_ND2_MM_10              2    2.631    324.228    gf22nsdvlogl28edl116a_SSG_0P72V_0P00V_0P00V_0P00V_125C       0 
UDBSLT28_ND2_MM_12              6    9.396    565.702    gf22nsdvlogl28edl116a_SSG_0P72V_0P00V_0P00V_0P00V_125C       0 
UDBSLT28_ND2_MM_16              1    2.067    124.798    gf22nsdvlogl28edl116a_SSG_0P72V_0P00V_0P00V_0P00V_125C       0 
UDBSLT28_ND3_0P75               1    0.251      2.308    gf22nsdvlogl28edl116a_SSG_0P72V_0P00V_0P00V_0P00V_125C       0 
UDBSLT28_ND4_0P75               1    0.313      6.761    gf22nsdvlogl28edl116a_SSG_0P72V_0P00V_0P00V_0P00V_125C       0 
UDBSLT28_NR2B_0P75              4    1.253     90.457    gf22nsdvlogl28edl116a_SSG_0P72V_0P00V_0P00V_0P00V_125C       0 
UDBSLT28_NR2B_1                 8    2.506    210.231    gf22nsdvlogl28edl116a_SSG_0P72V_0P00V_0P00V_0P00V_125C       0 
UDBSLT28_NR2_1                  3    0.564     41.559    gf22nsdvlogl28edl116a_SSG_0P72V_0P00V_0P00V_0P00V_125C       0 
UDBSLT28_NR2_1P75               1    0.313     32.908    gf22nsdvlogl28edl116a_SSG_0P72V_0P00V_0P00V_0P00V_125C       0 
UDBSLT28_NR2_MM_1               8    1.503     90.876    gf22nsdvlogl28edl116a_SSG_0P72V_0P00V_0P00V_0P00V_125C       0 
UDBSLT28_NR3_0P75               2    0.501     18.912    gf22nsdvlogl28edl116a_SSG_0P72V_0P00V_0P00V_0P00V_125C       0 
UDBSLT28_NR4_1                  1    0.313     19.699    gf22nsdvlogl28edl116a_SSG_0P72V_0P00V_0P00V_0P00V_125C       0 
UDBSLT28_OAI2111_1              1    0.376     16.413    gf22nsdvlogl28edl116a_SSG_0P72V_0P00V_0P00V_0P00V_125C       0 
UDBSLT28_OAI21B_1              16    5.011    512.006    gf22nsdvlogl28edl116a_SSG_0P72V_0P00V_0P00V_0P00V_125C       0 
UDBSLT28_OAI222_1              16    9.020    658.201    gf22nsdvlogl28edl116a_SSG_0P72V_0P00V_0P00V_0P00V_125C       0 
UDBSLT28_OAI22_0P75             1    0.313     25.191    gf22nsdvlogl28edl116a_SSG_0P72V_0P00V_0P00V_0P00V_125C       0 
UDBSLT28_OAI31_1                2    0.626     52.171    gf22nsdvlogl28edl116a_SSG_0P72V_0P00V_0P00V_0P00V_125C       0 
UDBSLT28_OR2_0P75               5    1.253     91.526    gf22nsdvlogl28edl116a_SSG_0P72V_0P00V_0P00V_0P00V_125C       0 
------------------------------------------------------------------------------------------------------------------------
total                         552  547.098  59345.042                                                           


                                          Leakage  Leakage 
     Type      Instances   Area  Area % Power (nW) Power % 
-----------------------------------------------------------
sequential           255 414.113   75.7  45663.020    76.9 
inverter              55  22.738    4.2   4280.589     7.2 
buffer                32  10.273    1.9   1902.831     3.2 
logic                210  99.973   18.3   7498.603    12.6 
physical_cells         0   0.000    0.0      0.000     0.0 
-----------------------------------------------------------
total                552 547.098  100.0  59345.042   100.0 

