============================================================
  Generated by:           Genus(TM) Synthesis Solution 21.11-s126_1
  Generated on:           May 09 2024  05:31:29 am
  Module:                 topVcoDigital
  Library domain:         timing_cond_wcl_slow
    Domain index:         0
    Technology library:   gf22nsdvlogl28edl116a_SSG_0P72V_0P00V_0P00V_0P00V_125C 2019.10.15
  Library domain:         timing_cond_wcl_fast
    Domain index:         1
    Technology library:   gf22nsdvlogl28edl116a_FFG_0P88V_0P00V_0P00V_0P00V_M40C 2019.10.15
  Library domain:         timing_cond_wcl_typical
    Domain index:         2
    Technology library:   gf22nsdvlogl28edl116a_TT_0P80V_0P00V_0P00V_0P00V_25C 2019.10.15
  Operating conditions:   SSG_0P72V_0P00V_0P00V_0P00V_125C 
  Operating conditions:   FFG_0P88V_0P00V_0P00V_0P00V_M40C 
  Operating conditions:   TT_0P80V_0P00V_0P00V_0P00V_25C 
  Interconnect mode:      global
  Area mode:              physical library
============================================================

                                             Leakage                                                            Library 
         Gate           Instances   Area   Power (nW)                          Library                           Domain 
------------------------------------------------------------------------------------------------------------------------
UDBSLT28_ADDF_V1_1              1    1.128     78.133    gf22nsdvlogl28edl116a_SSG_0P72V_0P00V_0P00V_0P00V_125C       0 
UDBSLT28_ADDH_1                 6    3.758    390.148    gf22nsdvlogl28edl116a_SSG_0P72V_0P00V_0P00V_0P00V_125C       0 
UDBSLT28_AN2_24                 1    3.132    637.834    gf22nsdvlogl28edl116a_SSG_0P72V_0P00V_0P00V_0P00V_125C       0 
UDBSLT28_AN2_L_3                1    0.501     95.932    gf22nsdvlogl28edl116a_SSG_0P72V_0P00V_0P00V_0P00V_125C       0 
UDBSLT28_AN2_MM_1               5    1.566    143.295    gf22nsdvlogl28edl116a_SSG_0P72V_0P00V_0P00V_0P00V_125C       0 
UDBSLT28_AN3B_0P75              1    0.313     16.214    gf22nsdvlogl28edl116a_SSG_0P72V_0P00V_0P00V_0P00V_125C       0 
UDBSLT28_AN3B_2                 3    1.503    191.550    gf22nsdvlogl28edl116a_SSG_0P72V_0P00V_0P00V_0P00V_125C       0 
UDBSLT28_AN3_2                  2    0.752     89.856    gf22nsdvlogl28edl116a_SSG_0P72V_0P00V_0P00V_0P00V_125C       0 
UDBSLT28_AO21B_1                1    0.376     40.312    gf22nsdvlogl28edl116a_SSG_0P72V_0P00V_0P00V_0P00V_125C       0 
UDBSLT28_AO221_0P75             1    0.501     37.737    gf22nsdvlogl28edl116a_SSG_0P72V_0P00V_0P00V_0P00V_125C       0 
UDBSLT28_AO22_4                16   15.034   1764.839    gf22nsdvlogl28edl116a_SSG_0P72V_0P00V_0P00V_0P00V_125C       0 
UDBSLT28_AOI211_1               1    0.376     18.829    gf22nsdvlogl28edl116a_SSG_0P72V_0P00V_0P00V_0P00V_125C       0 
UDBSLT28_AOI222_0P75           29   16.349    751.796    gf22nsdvlogl28edl116a_SSG_0P72V_0P00V_0P00V_0P00V_125C       0 
UDBSLT28_AOI222_1              19   10.711    487.521    gf22nsdvlogl28edl116a_SSG_0P72V_0P00V_0P00V_0P00V_125C       0 
UDBSLT28_AOI22_0P75             1    0.313     18.612    gf22nsdvlogl28edl116a_SSG_0P72V_0P00V_0P00V_0P00V_125C       0 
UDBSLT28_AOI22_1               16    5.011    242.914    gf22nsdvlogl28edl116a_SSG_0P72V_0P00V_0P00V_0P00V_125C       0 
UDBSLT28_AOI31_0P75             1    0.313     18.174    gf22nsdvlogl28edl116a_SSG_0P72V_0P00V_0P00V_0P00V_125C       0 
UDBSLT28_BUF_1                 18    3.383    423.789    gf22nsdvlogl28edl116a_SSG_0P72V_0P00V_0P00V_0P00V_125C       0 
UDBSLT28_BUF_3P5                1    0.438     73.294    gf22nsdvlogl28edl116a_SSG_0P72V_0P00V_0P00V_0P00V_125C       0 
UDBSLT28_EN2_V2U_1              1    0.438     53.469    gf22nsdvlogl28edl116a_SSG_0P72V_0P00V_0P00V_0P00V_125C       0 
UDBSLT28_EO2_V2_1               5    2.192    203.767    gf22nsdvlogl28edl116a_SSG_0P72V_0P00V_0P00V_0P00V_125C       0 
UDBSLT28_EO3_0P75               1    0.940     91.203    gf22nsdvlogl28edl116a_SSG_0P72V_0P00V_0P00V_0P00V_125C       0 
UDBSLT28_FDPRBQ_V2_1           27   32.134   3171.749    gf22nsdvlogl28edl116a_SSG_0P72V_0P00V_0P00V_0P00V_125C       0 
UDBSLT28_FDPSBQ_1               1    1.315    162.816    gf22nsdvlogl28edl116a_SSG_0P72V_0P00V_0P00V_0P00V_125C       0 
UDBSLT28_FSDPQ_D_2             17   22.362   2311.724    gf22nsdvlogl28edl116a_SSG_0P72V_0P00V_0P00V_0P00V_125C       0 
UDBSLT28_FSDPQ_F4SU3_2         21   49.987   5080.763    gf22nsdvlogl28edl116a_SSG_0P72V_0P00V_0P00V_0P00V_125C       0 
UDBSLT28_FSDPQ_SU3_2           14   23.678   2987.353    gf22nsdvlogl28edl116a_SSG_0P72V_0P00V_0P00V_0P00V_125C       0 
UDBSLT28_FSDPQ_SU3_4            8   14.532   1914.532    gf22nsdvlogl28edl116a_SSG_0P72V_0P00V_0P00V_0P00V_125C       0 
UDBSLT28_FSDPQ_V2SU3_8        106  225.755  31198.933    gf22nsdvlogl28edl116a_SSG_0P72V_0P00V_0P00V_0P00V_125C       0 
UDBSLT28_FSDPRBQ_D_0P8         16   22.049   2082.135    gf22nsdvlogl28edl116a_SSG_0P72V_0P00V_0P00V_0P00V_125C       0 
UDBSLT28_FSDPRBQ_D_1           45   62.014   5451.921    gf22nsdvlogl28edl116a_SSG_0P72V_0P00V_0P00V_0P00V_125C       0 
UDBSLT28_INV_0P75              37    4.635    396.911    gf22nsdvlogl28edl116a_SSG_0P72V_0P00V_0P00V_0P00V_125C       0 
UDBSLT28_INV_15                16   16.036   3510.096    gf22nsdvlogl28edl116a_SSG_0P72V_0P00V_0P00V_0P00V_125C       0 
UDBSLT28_INV_2                  1    0.188     14.196    gf22nsdvlogl28edl116a_SSG_0P72V_0P00V_0P00V_0P00V_125C       0 
UDBSLT28_INV_5                  2    0.752    202.550    gf22nsdvlogl28edl116a_SSG_0P72V_0P00V_0P00V_0P00V_125C       0 
UDBSLT28_MUXI2_1                1    0.438     36.688    gf22nsdvlogl28edl116a_SSG_0P72V_0P00V_0P00V_0P00V_125C       0 
UDBSLT28_ND2B_1                 3    0.940     88.442    gf22nsdvlogl28edl116a_SSG_0P72V_0P00V_0P00V_0P00V_125C       0 
UDBSLT28_ND2B_MM_1              1    0.313     28.361    gf22nsdvlogl28edl116a_SSG_0P72V_0P00V_0P00V_0P00V_125C       0 
UDBSLT28_ND2B_V1_1              2    0.626     62.472    gf22nsdvlogl28edl116a_SSG_0P72V_0P00V_0P00V_0P00V_125C       0 
UDBSLT28_ND2_1                  3    0.564     50.626    gf22nsdvlogl28edl116a_SSG_0P72V_0P00V_0P00V_0P00V_125C       0 
UDBSLT28_ND2_MM_0P75            7    1.315     64.405    gf22nsdvlogl28edl116a_SSG_0P72V_0P00V_0P00V_0P00V_125C       0 
UDBSLT28_ND2_MM_1               2    0.376     23.355    gf22nsdvlogl28edl116a_SSG_0P72V_0P00V_0P00V_0P00V_125C       0 
UDBSLT28_ND2_MM_12              5    7.830    471.535    gf22nsdvlogl28edl116a_SSG_0P72V_0P00V_0P00V_0P00V_125C       0 
UDBSLT28_ND2_MM_16              6   12.403    749.401    gf22nsdvlogl28edl116a_SSG_0P72V_0P00V_0P00V_0P00V_125C       0 
UDBSLT28_ND2_MM_24              2    6.139   1306.232    gf22nsdvlogl28edl116a_SSG_0P72V_0P00V_0P00V_0P00V_125C       0 
UDBSLT28_ND2_MM_8               6    6.389    379.972    gf22nsdvlogl28edl116a_SSG_0P72V_0P00V_0P00V_0P00V_125C       0 
UDBSLT28_ND3_0P75               1    0.251      2.308    gf22nsdvlogl28edl116a_SSG_0P72V_0P00V_0P00V_0P00V_125C       0 
UDBSLT28_ND4_0P75               1    0.313      6.761    gf22nsdvlogl28edl116a_SSG_0P72V_0P00V_0P00V_0P00V_125C       0 
UDBSLT28_NR2B_0P75              4    1.253     90.457    gf22nsdvlogl28edl116a_SSG_0P72V_0P00V_0P00V_0P00V_125C       0 
UDBSLT28_NR2B_1                 8    2.506    210.561    gf22nsdvlogl28edl116a_SSG_0P72V_0P00V_0P00V_0P00V_125C       0 
UDBSLT28_NR2_1                  3    0.564     41.563    gf22nsdvlogl28edl116a_SSG_0P72V_0P00V_0P00V_0P00V_125C       0 
UDBSLT28_NR2_1P75               1    0.313     32.908    gf22nsdvlogl28edl116a_SSG_0P72V_0P00V_0P00V_0P00V_125C       0 
UDBSLT28_NR2_MM_1               8    1.503     95.067    gf22nsdvlogl28edl116a_SSG_0P72V_0P00V_0P00V_0P00V_125C       0 
UDBSLT28_NR3_0P75               2    0.501     18.907    gf22nsdvlogl28edl116a_SSG_0P72V_0P00V_0P00V_0P00V_125C       0 
UDBSLT28_NR4_1                  1    0.313     19.699    gf22nsdvlogl28edl116a_SSG_0P72V_0P00V_0P00V_0P00V_125C       0 
UDBSLT28_OAI2111_1              1    0.376     16.413    gf22nsdvlogl28edl116a_SSG_0P72V_0P00V_0P00V_0P00V_125C       0 
UDBSLT28_OAI21B_1              16    5.011    512.072    gf22nsdvlogl28edl116a_SSG_0P72V_0P00V_0P00V_0P00V_125C       0 
UDBSLT28_OAI222_1              16    9.020    658.217    gf22nsdvlogl28edl116a_SSG_0P72V_0P00V_0P00V_0P00V_125C       0 
UDBSLT28_OAI22_0P75             1    0.313     25.165    gf22nsdvlogl28edl116a_SSG_0P72V_0P00V_0P00V_0P00V_125C       0 
UDBSLT28_OAI31_1                2    0.626     52.169    gf22nsdvlogl28edl116a_SSG_0P72V_0P00V_0P00V_0P00V_125C       0 
UDBSLT28_OR2_0P75               5    1.253     92.754    gf22nsdvlogl28edl116a_SSG_0P72V_0P00V_0P00V_0P00V_125C       0 
------------------------------------------------------------------------------------------------------------------------
total                         550  605.917  69491.408                                                           


                                          Leakage  Leakage 
     Type      Instances   Area  Area % Power (nW) Power % 
-----------------------------------------------------------
sequential           255 453.827   74.9  54361.926    78.2 
inverter              56  21.611    3.6   4123.754     5.9 
buffer                19   3.821    0.6    497.083     0.7 
logic                220 126.658   20.9  10508.646    15.1 
physical_cells         0   0.000    0.0      0.000     0.0 
-----------------------------------------------------------
total                550 605.917  100.0  69491.408   100.0 

