============================================================
  Generated by:           Genus(TM) Synthesis Solution 22.10-p001_1
  Generated on:           Jan 20 2025  10:14:45 pm
  Module:                 pp_fir_u_5
  Library domain:         timing_cond_wcl_slow
    Domain index:         0
    Technology library:   sc9mcpp140z_cln28ht_base_lvt_c30_ssg_cworstt_max_0p81v_125c 1.0
  Library domain:         timing_cond_wcl_fast
    Domain index:         1
    Technology library:   sc9mcpp140z_cln28ht_base_lvt_c30_ffg_cbestt_min_0p99v_m40c 1.0
  Library domain:         timing_cond_wcl_typical
    Domain index:         2
    Technology library:   sc9mcpp140z_cln28ht_base_lvt_c30_tt_ctypical_max_0p90v_25c 1.0
  Operating conditions:   ssg_cworstt_max_0p81v_125c 
  Operating conditions:   ffg_cbestt_min_0p99v_m40c 
  Operating conditions:   tt_ctypical_max_0p90v_25c 
  Interconnect mode:      placement
  Area mode:              physical library
============================================================

Timing
--------

  Analysis view  Clock Period 
------------------------------
view_wcl_slow    clk    500.0 
view_wcl_fast    clk    500.0 
view_wcl_typical clk    500.0 


    Analysis       Cost   Critical        Violating 
      View        Group  Path Slack  TNS    Paths   
----------------------------------------------------
view_wcl_slow        clk       -0.9 -3.5         16 
                 default   No paths  0.0          0 
----------------------------------------------------
Total                               -3.5         16 
                                                    
view_wcl_fast        clk       33.7  0.0          0 
                 default   No paths  0.0          0 
----------------------------------------------------
Total                               -0.0          0 
                                                    
view_wcl_typical     clk       19.4  0.0          0 
                 default   No paths  0.0          0 
----------------------------------------------------
Total                               -0.0          0 
                                                    

Instance Count
--------------
Leaf Instance Count             23045 
Physical Instance count          1006 
Sequential Instance Count        3620 
Combinational Instance Count    19425 
Hierarchical Instance Count         0 

Area
----
Cell Area                          25419.996
Physical Cell Area                 532.980
Total Cell Area (Cell+Physical)    25952.976
Net Area                           8124.321
Total Area (Cell+Physical+Net)     34077.297

Floorplan Utilization              69.10%
Runtime                            231.83952000000002 seconds
Elapsed Runtime                    4177 seconds
Genus peak memory usage            4068.39 
Innovus peak memory usage          3536.558594 
Hostname                           cluster15.lan.ece

Physical Data
-------------
Total Net Length                   162486.43 um
Average Net Length                 6.61 um
