============================================================
  Generated by:           Genus(TM) Synthesis Solution 22.10-p001_1
  Generated on:           Jan 20 2025  09:27:03 pm
  Module:                 pp_fir_u_5
  Library domain:         timing_cond_wcl_slow
    Domain index:         0
    Technology library:   sc9mcpp140z_cln28ht_base_lvt_c30_ssg_cworstt_max_0p81v_125c 1.0
  Library domain:         timing_cond_wcl_fast
    Domain index:         1
    Technology library:   sc9mcpp140z_cln28ht_base_lvt_c30_ffg_cbestt_min_0p99v_m40c 1.0
  Library domain:         timing_cond_wcl_typical
    Domain index:         2
    Technology library:   sc9mcpp140z_cln28ht_base_lvt_c30_tt_ctypical_max_0p90v_25c 1.0
  Operating conditions:   ssg_cworstt_max_0p81v_125c 
  Operating conditions:   ffg_cbestt_min_0p99v_m40c 
  Operating conditions:   tt_ctypical_max_0p90v_25c 
  Interconnect mode:      spatial
  Area mode:              physical library
============================================================

Timing
--------

  Analysis view  Clock Period 
------------------------------
view_wcl_slow    clk    500.0 
view_wcl_fast    clk    500.0 
view_wcl_typical clk    500.0 


    Analysis       Cost   Critical           Violating 
      View        Group  Path Slack   TNS      Paths   
-------------------------------------------------------
view_wcl_slow        clk      -59.8 -2962.8        134 
                 default   No paths     0.0          0 
-------------------------------------------------------
Total                               -2962.8        134 
                                                       
view_wcl_fast        clk       61.1     0.0          0 
                 default   No paths     0.0          0 
-------------------------------------------------------
Total                                  -0.0          0 
                                                       
view_wcl_typical     clk       44.0     0.0          0 
                 default   No paths     0.0          0 
-------------------------------------------------------
Total                                  -0.0          0 
                                                       

Instance Count
--------------
Leaf Instance Count             24568 
Physical Instance count          1006 
Sequential Instance Count        3620 
Combinational Instance Count    20948 
Hierarchical Instance Count        58 

Area
----
Cell Area                          41581.967
Physical Cell Area                 532.980
Total Cell Area (Cell+Physical)    42114.947
Net Area                           78.710
Total Area (Cell+Physical+Net)     42193.657

Floorplan Utilization              60.05%
Runtime                            50.008363 seconds
Elapsed Runtime                    1316 seconds
Genus peak memory usage            3501.68 
Innovus peak memory usage          no_value 
Hostname                           cluster15.lan.ece
