============================================================
  Generated by:           Genus(TM) Synthesis Solution 22.10-p001_1
  Generated on:           Jan 20 2025  09:48:08 pm
  Module:                 pp_fir_u_5
  Library domain:         timing_cond_wcl_slow
    Domain index:         0
    Technology library:   sc9mcpp140z_cln28ht_base_lvt_c30_ssg_cworstt_max_0p81v_125c 1.0
  Library domain:         timing_cond_wcl_fast
    Domain index:         1
    Technology library:   sc9mcpp140z_cln28ht_base_lvt_c30_ffg_cbestt_min_0p99v_m40c 1.0
  Library domain:         timing_cond_wcl_typical
    Domain index:         2
    Technology library:   sc9mcpp140z_cln28ht_base_lvt_c30_tt_ctypical_max_0p90v_25c 1.0
  Operating conditions:   ssg_cworstt_max_0p81v_125c 
  Operating conditions:   ffg_cbestt_min_0p99v_m40c 
  Operating conditions:   tt_ctypical_max_0p90v_25c 
  Interconnect mode:      spatial
  Area mode:              physical library
============================================================

Timing
--------

  Analysis view  Clock Period 
------------------------------
view_wcl_slow    clk    500.0 
view_wcl_fast    clk    500.0 
view_wcl_typical clk    500.0 


    Analysis       Cost   Critical           Violating 
      View        Group  Path Slack   TNS      Paths   
-------------------------------------------------------
view_wcl_slow        clk      -39.1 -1292.4         67 
                 default   No paths     0.0          0 
-------------------------------------------------------
Total                               -1292.4         67 
                                                       
view_wcl_fast        clk       39.7     0.0          0 
                 default   No paths     0.0          0 
-------------------------------------------------------
Total                                  -0.0          0 
                                                       
view_wcl_typical     clk       30.1     0.0          0 
                 default   No paths     0.0          0 
-------------------------------------------------------
Total                                  -0.0          0 
                                                       

Instance Count
--------------
Leaf Instance Count             21762 
Physical Instance count          1006 
Sequential Instance Count        3620 
Combinational Instance Count    18142 
Hierarchical Instance Count         0 

Area
----
Cell Area                          24766.308
Physical Cell Area                 532.980
Total Cell Area (Cell+Physical)    25299.288
Net Area                           6197.791
Total Area (Cell+Physical+Net)     31497.079

Floorplan Utilization              67.32%
Runtime                            232.83952000000002 seconds
Elapsed Runtime                    2580 seconds
Genus peak memory usage            3552.04 
Innovus peak memory usage          no_value 
Hostname                           cluster15.lan.ece
