============================================================
  Generated by:           Genus(TM) Synthesis Solution 22.10-p001_1
  Generated on:           Jan 08 2025  11:59:54 am
  Module:                 pp_fir_u_0
  Operating conditions:   ssg_cworstt_max_0p81v_125c 
  Operating conditions:   ffg_cbestt_min_0p99v_m40c 
  Operating conditions:   tt_ctypical_max_0p90v_25c 
  Interconnect mode:      placement
  Area mode:              physical library
============================================================

Timing
--------

  Analysis view  Clock Period 
------------------------------
view_wcl_slow    clk    500.0 
view_wcl_fast    clk    500.0 
view_wcl_typical clk    500.0 


    Analysis       Cost   Critical          Violating 
      View        Group  Path Slack   TNS     Paths   
------------------------------------------------------
view_wcl_slow        clk       -5.4 -619.4        250 
                 default   No paths    0.0          0 
------------------------------------------------------
Total                               -619.4        250 
                                                      
view_wcl_fast        clk       30.5    0.0          0 
                 default   No paths    0.0          0 
------------------------------------------------------
Total                                 -0.0          0 
                                                      
view_wcl_typical     clk       15.1    0.0          0 
                 default   No paths    0.0          0 
------------------------------------------------------
Total                                 -0.0          0 
                                                      

Instance Count
--------------
Leaf Instance Count             20970 
Physical Instance count          1006 
Sequential Instance Count        3606 
Combinational Instance Count    17364 
Hierarchical Instance Count         1 

Area
----
Cell Area                          22651.272
Physical Cell Area                 532.980
Total Cell Area (Cell+Physical)    23184.252
Net Area                           7650.795
Total Area (Cell+Physical+Net)     30835.047

Floorplan Utilization              61.57%
Runtime                            192.33289100000002 seconds
Elapsed Runtime                    3280 seconds
Genus peak memory usage            4050.93 
Innovus peak memory usage          3551.394531 
Hostname                           cluster15.lan.ece

Physical Data
-------------
Total Net Length                   153015.90 um
Average Net Length                 6.90 um
