============================================================
  Generated by:           Genus(TM) Synthesis Solution 22.10-p001_1
  Generated on:           Jan 08 2025  11:24:16 am
  Module:                 pp_fir_u_0
  Library domain:         timing_cond_wcl_slow
    Domain index:         0
    Technology library:   sc9mcpp140z_cln28ht_base_lvt_c30_ssg_cworstt_max_0p81v_125c 1.0
  Library domain:         timing_cond_wcl_fast
    Domain index:         1
    Technology library:   sc9mcpp140z_cln28ht_base_lvt_c30_ffg_cbestt_min_0p99v_m40c 1.0
  Library domain:         timing_cond_wcl_typical
    Domain index:         2
    Technology library:   sc9mcpp140z_cln28ht_base_lvt_c30_tt_ctypical_max_0p90v_25c 1.0
  Operating conditions:   ssg_cworstt_max_0p81v_125c 
  Operating conditions:   ffg_cbestt_min_0p99v_m40c 
  Operating conditions:   tt_ctypical_max_0p90v_25c 
  Interconnect mode:      spatial
  Area mode:              physical library
============================================================

                                          Leakage   Leakage 
     Type      Instances   Area  Area %  Power (nW) Power % 
------------------------------------------------------------
sequential          3606   0.000    0.0 4453590.585    68.3 
inverter              14   0.000    0.0     988.505     0.0 
logic              18840   0.000    0.0 2065795.818    31.7 
physical_cells      1006 532.980  100.0       0.000     0.0 
------------------------------------------------------------
total              23466 532.980  100.0 6520374.908   100.0 

