============================================================
  Generated by:           Genus(TM) Synthesis Solution 22.10-p001_1
  Generated on:           Jan 08 2025  11:24:12 am
  Module:                 pp_fir_u_0
  Library domain:         timing_cond_wcl_slow
    Domain index:         0
    Technology library:   sc9mcpp140z_cln28ht_base_lvt_c30_ssg_cworstt_max_0p81v_125c 1.0
  Library domain:         timing_cond_wcl_fast
    Domain index:         1
    Technology library:   sc9mcpp140z_cln28ht_base_lvt_c30_ffg_cbestt_min_0p99v_m40c 1.0
  Library domain:         timing_cond_wcl_typical
    Domain index:         2
    Technology library:   sc9mcpp140z_cln28ht_base_lvt_c30_tt_ctypical_max_0p90v_25c 1.0
  Operating conditions:   ssg_cworstt_max_0p81v_125c 
  Operating conditions:   ffg_cbestt_min_0p99v_m40c 
  Operating conditions:   tt_ctypical_max_0p90v_25c 
  Interconnect mode:      spatial
  Area mode:              physical library
============================================================

             Instance                         Module              Cell Count  Cell Area  Net Area   Total Area 
---------------------------------------------------------------------------------------------------------------
pp_fir_u_0                                                             22460  38676.349    86.052    38762.401 
  pp_fir_0_1_1                    pp_fir_0                             20797  33759.192     0.000    33759.192 
    ADD_TC_OP                     add_signed                             118    175.555     0.000      175.555 
    ADD_TC_OP3942                 add_signed                             118    175.555     0.000      175.555 
    add_597_34                    add_signed_2383                        169    219.579     0.000      219.579 
    add_598_34                    add_signed_2383                        169    219.579     0.000      219.579 
    add_618_34                    add_signed_354                         190    246.755     0.000      246.755 
    add_619_34                    add_signed_354                         190    246.755     0.000      246.755 
    add_733_34                    add_signed_356                         185    240.776     0.000      240.776 
    add_734_34                    add_signed_356                         185    240.776     0.000      240.776 
    add_848_34                    add_signed_358                         201    261.973     0.000      261.973 
    add_849_34                    add_signed_358                         201    261.973     0.000      261.973 
    add_869_34                    add_signed_251                         206    268.495     0.000      268.495 
    add_870_34                    add_signed_251                         206    268.495     0.000      268.495 
    add_890_34                    add_signed_309_34_2364                 215    280.996     0.000      280.996 
    add_891_34                    add_signed_309_34_2364                 215    280.996     0.000      280.996 
    add_1005_34                   add_signed_360                         197    256.538     0.000      256.538 
    add_1006_34                   add_signed_360                         197    256.538     0.000      256.538 
    add_1120_35                   add_signed_362                         194    254.364     0.000      254.364 
    add_1121_35                   add_signed_362                         194    254.364     0.000      254.364 
    add_1141_34                   add_signed_309_34                      216    282.083     0.000      282.083 
    add_1142_34                   add_signed_309_34                      216    282.083     0.000      282.083 
    add_1256_35                   add_signed_364                         153    197.295     0.000      197.295 
    add_1257_35                   add_signed_364                         153    197.295     0.000      197.295 
    add_1369_35                   add_signed_366                         143    183.164     0.000      183.164 
    add_1370_35                   add_signed_366                         143    183.164     0.000      183.164 
    add_1390_34                   add_signed_251_2373                    182    236.428     0.000      236.428 
    add_1391_34                   add_signed_251_2373                    182    236.428     0.000      236.428 
    add_1411_34                   add_signed_309_34_2361                 215    280.996     0.000      280.996 
    add_1412_34                   add_signed_309_34_2361                 215    280.996     0.000      280.996 
    csa_tree_ADD_TC_OP_groupi     csa_tree_ADD_TC_OP_group_22982         433    569.601     0.000      569.601 
    csa_tree_ADD_TC_OP_groupi3943 csa_tree_ADD_TC_OP_group_22982         433    569.601     0.000      569.601 
    csa_tree_ADD_TC_OP_groupi3944 csa_tree_ADD_TC_OP_group_21906         229    296.758     0.000      296.758 
    csa_tree_ADD_TC_OP_groupi3945 csa_tree_ADD_TC_OP_group_21906         229    296.758     0.000      296.758 
    csa_tree_ADD_TC_OP_groupi3946 csa_tree_ADD_TC_OP_group_20351         418    553.296     0.000      553.296 
    csa_tree_ADD_TC_OP_groupi3947 csa_tree_ADD_TC_OP_group_20351         418    553.296     0.000      553.296 
    csa_tree_ADD_TC_OP_groupi3948 csa_tree_ADD_TC_OP_group_18522         491    645.149     0.000      645.149 
    csa_tree_ADD_TC_OP_groupi3949 csa_tree_ADD_TC_OP_group_18522         491    645.149     0.000      645.149 
    csa_tree_ADD_TC_OP_groupi3950 csa_tree_ADD_TC_OP_group_16420         571    755.482     0.000      755.482 
    csa_tree_ADD_TC_OP_groupi3951 csa_tree_ADD_TC_OP_group_16420         571    755.482     0.000      755.482 
    csa_tree_ADD_TC_OP_groupi3952 csa_tree_ADD_TC_OP_group_14427         561    745.156     0.000      745.156 
    csa_tree_ADD_TC_OP_groupi3953 csa_tree_ADD_TC_OP_group_14427         561    745.156     0.000      745.156 
    csa_tree_ADD_TC_OP_groupi3954 csa_tree_ADD_TC_OP_group_12035         674    888.643     0.000      888.643 
    csa_tree_ADD_TC_OP_groupi3955 csa_tree_ADD_TC_OP_group_12035         674    888.643     0.000      888.643 
    csa_tree_ADD_TC_OP_groupi3956 csa_tree_ADD_TC_OP_group_10144         486    637.540     0.000      637.540 
    csa_tree_ADD_TC_OP_groupi3957 csa_tree_ADD_TC_OP_group_10144         486    637.540     0.000      637.540 
    csa_tree_ADD_TC_OP_groupi3958 csa_tree_ADD_TC_OP_group_8664          361    470.138     0.000      470.138 
    csa_tree_ADD_TC_OP_groupi3959 csa_tree_ADD_TC_OP_group_8664          361    470.138     0.000      470.138 
    csa_tree_ADD_TC_OP_groupi3960 csa_tree_ADD_TC_OP_group_6655          567    746.786     0.000      746.786 
    csa_tree_ADD_TC_OP_groupi3961 csa_tree_ADD_TC_OP_group_6655          567    746.786     0.000      746.786 
    csa_tree_ADD_TC_OP_groupi3962 csa_tree_ADD_TC_OP_group_5073          418    550.578     0.000      550.578 
    csa_tree_ADD_TC_OP_groupi3963 csa_tree_ADD_TC_OP_group_5073          418    550.578     0.000      550.578 
    csa_tree_ADD_TC_OP_groupi3964 csa_tree_ADD_TC_OP_group_3325          442    581.558     0.000      581.558 
    csa_tree_ADD_TC_OP_groupi3965 csa_tree_ADD_TC_OP_group_3325          442    581.558     0.000      581.558 
    csa_tree_ADD_TC_OP_groupi3966 csa_tree_ADD_TC_OP_group_1866          363    477.204     0.000      477.204 
    csa_tree_ADD_TC_OP_groupi3967 csa_tree_ADD_TC_OP_group_1866          363    477.204     0.000      477.204 
    csa_tree_ADD_TC_OP_groupi3968 csa_tree_ADD_TC_OP_group_2             356    469.051     0.000      469.051 
    csa_tree_ADD_TC_OP_groupi3969 csa_tree_ADD_TC_OP_group_2             356    469.051     0.000      469.051 
