============================================================
  Generated by:           Genus(TM) Synthesis Solution 22.10-p001_1
  Generated on:           Jan 08 2025  11:24:12 am
  Module:                 pp_fir_u_0
  Library domain:         timing_cond_wcl_slow
    Domain index:         0
    Technology library:   sc9mcpp140z_cln28ht_base_lvt_c30_ssg_cworstt_max_0p81v_125c 1.0
  Library domain:         timing_cond_wcl_fast
    Domain index:         1
    Technology library:   sc9mcpp140z_cln28ht_base_lvt_c30_ffg_cbestt_min_0p99v_m40c 1.0
  Library domain:         timing_cond_wcl_typical
    Domain index:         2
    Technology library:   sc9mcpp140z_cln28ht_base_lvt_c30_tt_ctypical_max_0p90v_25c 1.0
  Operating conditions:   ssg_cworstt_max_0p81v_125c 
  Operating conditions:   ffg_cbestt_min_0p99v_m40c 
  Operating conditions:   tt_ctypical_max_0p90v_25c 
  Interconnect mode:      spatial
  Area mode:              physical library
============================================================

Timing
--------

  Analysis view  Clock Period 
------------------------------
view_wcl_slow    clk    500.0 
view_wcl_fast    clk    500.0 
view_wcl_typical clk    500.0 


    Analysis       Cost   Critical           Violating 
      View        Group  Path Slack   TNS      Paths   
-------------------------------------------------------
view_wcl_slow        clk      -25.3 -1139.0        114 
                 default   No paths     0.0          0 
-------------------------------------------------------
Total                               -1139.0        114 
                                                       
view_wcl_fast        clk       61.1     0.0          0 
                 default   No paths     0.0          0 
-------------------------------------------------------
Total                                  -0.0          0 
                                                       
view_wcl_typical     clk       56.7     0.0          0 
                 default   No paths     0.0          0 
-------------------------------------------------------
Total                                  -0.0          0 
                                                       

Instance Count
--------------
Leaf Instance Count             22460 
Physical Instance count          1006 
Sequential Instance Count        3606 
Combinational Instance Count    18854 
Hierarchical Instance Count        57 

Area
----
Cell Area                          38676.349
Physical Cell Area                 532.980
Total Cell Area (Cell+Physical)    39209.329
Net Area                           86.052
Total Area (Cell+Physical+Net)     39295.381

Floorplan Utilization              56.39%
Runtime                            41.63184 seconds
Elapsed Runtime                    1138 seconds
Genus peak memory usage            3522.05 
Innovus peak memory usage          no_value 
Hostname                           cluster15.lan.ece
