============================================================
  Generated by:           Genus(TM) Synthesis Solution 22.10-p001_1
  Generated on:           Jan 08 2025  11:31:48 am
  Module:                 pp_fir_u_0
  Operating conditions:   ssg_cworstt_max_0p81v_125c 
  Operating conditions:   ffg_cbestt_min_0p99v_m40c 
  Operating conditions:   tt_ctypical_max_0p90v_25c 
  Interconnect mode:      spatial
  Area mode:              physical library
============================================================

Timing
--------

  Analysis view  Clock Period 
------------------------------
view_wcl_slow    clk    500.0 
view_wcl_fast    clk    500.0 
view_wcl_typical clk    500.0 


    Analysis       Cost   Critical        Violating 
      View        Group  Path Slack  TNS    Paths   
----------------------------------------------------
view_wcl_slow        clk        0.0  0.0          0 
                 default   No paths  0.0          0 
----------------------------------------------------
Total                               -0.0          0 
                                                    
view_wcl_fast        clk       39.7  0.0          0 
                 default   No paths  0.0          0 
----------------------------------------------------
Total                               -0.0          0 
                                                    
view_wcl_typical     clk       30.1  0.0          0 
                 default   No paths  0.0          0 
----------------------------------------------------
Total                               -0.0          0 
                                                    

Instance Count
--------------
Leaf Instance Count             20640 
Physical Instance count          1006 
Sequential Instance Count        3606 
Combinational Instance Count    17034 
Hierarchical Instance Count         1 

Area
----
Cell Area                          22445.892
Physical Cell Area                 532.980
Total Cell Area (Cell+Physical)    22978.872
Net Area                           6208.925
Total Area (Cell+Physical+Net)     29187.797

Floorplan Utilization              61.01%
Runtime                            192.33289100000002 seconds
Elapsed Runtime                    1594 seconds
Genus peak memory usage            3551.56 
Innovus peak memory usage          no_value 
Hostname                           cluster15.lan.ece
