============================================================
  Generated by:           Genus(TM) Synthesis Solution 22.10-p001_1
  Generated on:           Jan 06 2025  06:00:28 pm
  Module:                 pp_fir_u_0
  Operating conditions:   ssg_cworstt_max_0p81v_125c 
  Operating conditions:   tt_ctypical_max_0p90v_25c 
  Interconnect mode:      global
  Area mode:              physical library
============================================================

No paths found


============================================================
  Generated by:           Genus(TM) Synthesis Solution 22.10-p001_1
  Generated on:           Jan 06 2025  06:00:28 pm
  Module:                 pp_fir_u_0
  Operating conditions:   ssg_cworstt_max_0p81v_125c 
  Operating conditions:   tt_ctypical_max_0p90v_25c 
  Interconnect mode:      global
  Area mode:              physical library
============================================================


Path 1: VIOLATED (-114 ps) Setup Check with Pin pp_fir_0_1_1/sum1_9_im_1_reg[31]/clk->d
           View: func-slow-maxrc
          Group: clk
     Startpoint: (R) pp_fir_0_1_1/Delay_Pipeline_reg_im_reg[15][9]/clk
          Clock: (R) clk
       Endpoint: (R) pp_fir_0_1_1/sum1_9_im_1_reg[31]/d
          Clock: (R) clk

                     Capture       Launch     
        Clock Edge:+     500            0     
       Src Latency:+       0            0     
       Net Latency:+     200 (I)      200 (I) 
           Arrival:=     700          200     
                                              
             Setup:-      15                  
       Uncertainty:-     125                  
     Required Time:=     560                  
      Launch Clock:-     200                  
         Data Path:-     474                  
             Slack:=    -114                  

#----------------------------------------------------------------------------------------------------------------------------------
#                   Timing Point                    Flags    Arc    Edge      Cell        Fanout Load Trans Delay Arrival Instance 
#                                                                                                (fF)  (ps)  (ps)   (ps)  Location 
#----------------------------------------------------------------------------------------------------------------------------------
  pp_fir_0_1_1/Delay_Pipeline_reg_im_reg[15][9]/clk -       -       R     (arrival)         4358    -    25     0     200    (-,-) 
  pp_fir_0_1_1/Delay_Pipeline_reg_im_reg[15][9]/q   (u)     clk->q  R     unmapped_d_flop      9 17.1     0    65     265    (-,-) 
  pp_fir_0_1_1/mul_920_46/g288/z                    (u)     in_1->z R     unmapped_xor2        2  3.8     0    20     285    (-,-) 
  pp_fir_0_1_1/mul_920_46/g289/z                    (u)     in_0->z F     unmapped_nand2       1  1.9     0     9     294    (-,-) 
  pp_fir_0_1_1/mul_920_46/g291/z                    (u)     in_0->z R     unmapped_nand2       3  5.7     0    12     306    (-,-) 
  pp_fir_0_1_1/mul_920_46/g988/z                    (u)     in_1->z F     unmapped_nand2       1  1.9     0     9     314    (-,-) 
  pp_fir_0_1_1/mul_920_46/g989/z                    (u)     in_2->z R     unmapped_nand3       3  5.7     0    17     331    (-,-) 
  pp_fir_0_1_1/mul_920_46/g1038/z                   (u)     in_1->z R     unmapped_xor2        1  1.9     0    18     349    (-,-) 
  pp_fir_0_1_1/mul_920_46/g1039/z                   (u)     in_0->z R     unmapped_xor2        3  5.7     0    21     370    (-,-) 
  pp_fir_0_1_1/mul_920_46/g1053/z                   (u)     in_1->z F     unmapped_nand2       1  1.9     0     9     379    (-,-) 
  pp_fir_0_1_1/mul_920_46/g1055/z                   (u)     in_1->z R     unmapped_nand3       3  5.7     0    17     396    (-,-) 
  pp_fir_0_1_1/mul_920_46/g1094/z                   (u)     in_1->z R     unmapped_xor2        1  1.9     0    18     413    (-,-) 
  pp_fir_0_1_1/mul_920_46/g1095/z                   (u)     in_0->z R     unmapped_xor2        2  3.8     0    20     433    (-,-) 
  pp_fir_0_1_1/mul_920_46/g1366/z                   (u)     in_1->z F     unmapped_nor2        3  5.7     0    12     445    (-,-) 
  pp_fir_0_1_1/mul_920_46/g1418/z                   (u)     in_1->z R     unmapped_nor2        1  1.9     0     9     454    (-,-) 
  pp_fir_0_1_1/mul_920_46/g1420/z                   (u)     in_0->z F     unmapped_nor2        3  5.7     0    12     466    (-,-) 
  pp_fir_0_1_1/mul_920_46/g1481/z                   (u)     in_0->z R     unmapped_nor2        1  1.9     0     9     474    (-,-) 
  pp_fir_0_1_1/mul_920_46/g1483/z                   (u)     in_0->z F     unmapped_nor2        5  9.5     0    15     489    (-,-) 
  pp_fir_0_1_1/mul_920_46/g1548/z                   (u)     in_1->z R     unmapped_nor2        1  1.9     0     9     498    (-,-) 
  pp_fir_0_1_1/mul_920_46/g252/z                    (u)     in_0->z F     unmapped_nor2        8 15.2     0    17     515    (-,-) 
  pp_fir_0_1_1/mul_920_46/g1581/z                   (u)     in_1->z R     unmapped_nor2        1  1.9     0     9     524    (-,-) 
  pp_fir_0_1_1/mul_920_46/g1583/z                   (u)     in_0->z F     unmapped_nor2        1  1.9     0     9     532    (-,-) 
  pp_fir_0_1_1/mul_920_46/g1631/z                   (u)     in_0->z R     unmapped_nand2       1  1.9     0     9     541    (-,-) 
  pp_fir_0_1_1/mul_920_46/g1706/z                   (u)     in_0->z R     unmapped_xnor2       2  3.8     0    20     561    (-,-) 
  pp_fir_0_1_1/add_938_35/g57/z                     (u)     in_0->z F     unmapped_nor2        3  5.7     0    12     573    (-,-) 
  pp_fir_0_1_1/add_938_35/g118/z                    (u)     in_1->z R     unmapped_nor2        1  1.9     0     9     581    (-,-) 
  pp_fir_0_1_1/add_938_35/g120/z                    (u)     in_0->z F     unmapped_nor2        3  5.7     0    12     593    (-,-) 
  pp_fir_0_1_1/add_938_35/g195/z                    (u)     in_0->z R     unmapped_nor2        1  1.9     0     9     602    (-,-) 
  pp_fir_0_1_1/add_938_35/g197/z                    (u)     in_0->z F     unmapped_nor2        4  7.6     0    13     616    (-,-) 
  pp_fir_0_1_1/add_938_35/g263/z                    (u)     in_1->z R     unmapped_nor2        1  1.9     0     9     624    (-,-) 
  pp_fir_0_1_1/add_938_35/g265/z                    (u)     in_0->z F     unmapped_nor2        1  1.9     0     9     633    (-,-) 
  pp_fir_0_1_1/add_938_35/g322/z                    (u)     in_0->z R     unmapped_not         1  1.9     0     6     639    (-,-) 
  pp_fir_0_1_1/add_938_35/g323/z                    (u)     in_1->z F     unmapped_nor2        1  1.9     0     9     648    (-,-) 
  pp_fir_0_1_1/add_938_35/g369/z                    (u)     in_0->z R     unmapped_nand2       1  1.9     0     9     657    (-,-) 
  pp_fir_0_1_1/add_938_35/g452/z                    (u)     in_0->z R     unmapped_xnor2       1  1.9     0    18     674    (-,-) 
  pp_fir_0_1_1/sum1_9_im_1_reg[31]/d                -       -       R     unmapped_d_flop      1    -     -     0     674    (-,-) 
#----------------------------------------------------------------------------------------------------------------------------------

(u) : Net has unmapped pin(s).


============================================================
  Generated by:           Genus(TM) Synthesis Solution 22.10-p001_1
  Generated on:           Jan 06 2025  06:00:28 pm
  Module:                 pp_fir_u_0
  Operating conditions:   ssg_cworstt_max_0p81v_125c 
  Operating conditions:   tt_ctypical_max_0p90v_25c 
  Interconnect mode:      global
  Area mode:              physical library
============================================================


Path 1: MET (60 ps) Setup Check with Pin signed_mag_0/sign_re_stage1_reg/clk->sena
           View: func-slow-maxrc
          Group: I2C
     Startpoint: (R) rst_n
          Clock: (R) clk
       Endpoint: (R) signed_mag_0/sign_re_stage1_reg/sena
          Clock: (R) clk

                     Capture       Launch     
        Clock Edge:+     500            0     
        Drv Adjust:+       0            0     
       Src Latency:+       0            0     
       Net Latency:+     200 (I)      200 (I) 
           Arrival:=     700          200     
                                              
             Setup:-      15                  
       Uncertainty:-     125                  
     Required Time:=     560                  
      Launch Clock:-     200                  
       Input Delay:-     300                  
         Data Path:-       0                  
             Slack:=      60                  

Exceptions/Constraints:
  input_delay             300             topPPFilter_struct.s_line_18 

#-------------------------------------------------------------------------------------------------------------------
#            Timing Point              Flags   Arc   Edge      Cell        Fanout Load Trans Delay Arrival Instance 
#                                                                                 (fF)  (ps)  (ps)   (ps)  Location 
#-------------------------------------------------------------------------------------------------------------------
  rst_n                                (a,u)   -     R     (arrival)            5  3.8     0     0     500    (-,-) 
  signed_mag_0/sign_re_stage1_reg/sena -       -     R     unmapped_d_flop      5    -     -     0     500    (-,-) 
#-------------------------------------------------------------------------------------------------------------------

(u) : Net has unmapped pin(s).
(a) : Net has asynchronous load pins which are being considered ideal.


============================================================
  Generated by:           Genus(TM) Synthesis Solution 22.10-p001_1
  Generated on:           Jan 06 2025  06:00:29 pm
  Module:                 pp_fir_u_0
  Operating conditions:   ssg_cworstt_max_0p81v_125c 
  Operating conditions:   tt_ctypical_max_0p90v_25c 
  Interconnect mode:      global
  Area mode:              physical library
============================================================


Path 1: MET (263 ps) Late External Delay Assertion at pin sign_im
           View: func-slow-maxrc
          Group: C2O
     Startpoint: (R) signed_mag_0/sign_im_reg/clk
          Clock: (R) clk
       Endpoint: (R) sign_im
          Clock: (R) clk

                     Capture       Launch     
        Clock Edge:+     500            0     
       Src Latency:+       0            0     
       Net Latency:+     200 (I)      200 (I) 
           Arrival:=     700          200     
                                              
      Output Delay:-      50                  
       Uncertainty:-     125                  
     Required Time:=     525                  
      Launch Clock:-     200                  
         Data Path:-      62                  
             Slack:=     263                  

Exceptions/Constraints:
  output_delay              50             topPPFilter_struct.s_line_20_545_1 

#------------------------------------------------------------------------------------------------------------
#        Timing Point          Flags    Arc   Edge      Cell        Fanout Load Trans Delay Arrival Instance 
#                                                                          (fF)  (ps)  (ps)   (ps)  Location 
#------------------------------------------------------------------------------------------------------------
  signed_mag_0/sign_im_reg/clk -       -      R     (arrival)         4358    -    25     0     200    (-,-) 
  signed_mag_0/sign_im_reg/q   (u)     clk->q R     unmapped_d_flop      1 10.8     0    62     262    (-,-) 
  sign_im                      -       -      R     (port)               -    -     -     0     262    (-,-) 
#------------------------------------------------------------------------------------------------------------

(u) : Net has unmapped pin(s).


============================================================
  Generated by:           Genus(TM) Synthesis Solution 22.10-p001_1
  Generated on:           Jan 06 2025  06:00:29 pm
  Module:                 pp_fir_u_0
  Operating conditions:   ssg_cworstt_max_0p81v_125c 
  Operating conditions:   tt_ctypical_max_0p90v_25c 
  Interconnect mode:      global
  Area mode:              physical library
============================================================

No paths found


============================================================
  Generated by:           Genus(TM) Synthesis Solution 22.10-p001_1
  Generated on:           Jan 06 2025  11:08:28 pm
  Module:                 pp_fir_u_0
  Operating conditions:   ssg_cworstt_max_0p81v_125c 
  Operating conditions:   tt_ctypical_max_0p90v_25c 
  Interconnect mode:      global
  Area mode:              physical library
============================================================

No paths found


============================================================
  Generated by:           Genus(TM) Synthesis Solution 22.10-p001_1
  Generated on:           Jan 06 2025  11:08:29 pm
  Module:                 pp_fir_u_0
  Operating conditions:   ssg_cworstt_max_0p81v_125c 
  Operating conditions:   tt_ctypical_max_0p90v_25c 
  Interconnect mode:      global
  Area mode:              physical library
============================================================


Path 1: VIOLATED (-114 ps) Setup Check with Pin pp_fir_0_1_1/sum1_9_im_1_reg[31]/clk->d
           View: func-slow-maxrc
          Group: clk
     Startpoint: (R) pp_fir_0_1_1/Delay_Pipeline_reg_im_reg[15][9]/clk
          Clock: (R) clk
       Endpoint: (R) pp_fir_0_1_1/sum1_9_im_1_reg[31]/d
          Clock: (R) clk

                     Capture       Launch     
        Clock Edge:+     500            0     
       Src Latency:+       0            0     
       Net Latency:+     200 (I)      200 (I) 
           Arrival:=     700          200     
                                              
             Setup:-      15                  
       Uncertainty:-     125                  
     Required Time:=     560                  
      Launch Clock:-     200                  
         Data Path:-     474                  
             Slack:=    -114                  

#----------------------------------------------------------------------------------------------------------------------------------
#                   Timing Point                    Flags    Arc    Edge      Cell        Fanout Load Trans Delay Arrival Instance 
#                                                                                                (fF)  (ps)  (ps)   (ps)  Location 
#----------------------------------------------------------------------------------------------------------------------------------
  pp_fir_0_1_1/Delay_Pipeline_reg_im_reg[15][9]/clk -       -       R     (arrival)         4358    -    25     0     200    (-,-) 
  pp_fir_0_1_1/Delay_Pipeline_reg_im_reg[15][9]/q   (u)     clk->q  R     unmapped_d_flop      9 17.1     0    65     265    (-,-) 
  pp_fir_0_1_1/mul_920_46/g288/z                    (u)     in_1->z R     unmapped_xor2        2  3.8     0    20     285    (-,-) 
  pp_fir_0_1_1/mul_920_46/g289/z                    (u)     in_0->z F     unmapped_nand2       1  1.9     0     9     294    (-,-) 
  pp_fir_0_1_1/mul_920_46/g291/z                    (u)     in_0->z R     unmapped_nand2       3  5.7     0    12     306    (-,-) 
  pp_fir_0_1_1/mul_920_46/g988/z                    (u)     in_1->z F     unmapped_nand2       1  1.9     0     9     314    (-,-) 
  pp_fir_0_1_1/mul_920_46/g989/z                    (u)     in_2->z R     unmapped_nand3       3  5.7     0    17     331    (-,-) 
  pp_fir_0_1_1/mul_920_46/g1038/z                   (u)     in_1->z R     unmapped_xor2        1  1.9     0    18     349    (-,-) 
  pp_fir_0_1_1/mul_920_46/g1039/z                   (u)     in_0->z R     unmapped_xor2        3  5.7     0    21     370    (-,-) 
  pp_fir_0_1_1/mul_920_46/g1053/z                   (u)     in_1->z F     unmapped_nand2       1  1.9     0     9     379    (-,-) 
  pp_fir_0_1_1/mul_920_46/g1055/z                   (u)     in_1->z R     unmapped_nand3       3  5.7     0    17     396    (-,-) 
  pp_fir_0_1_1/mul_920_46/g1094/z                   (u)     in_1->z R     unmapped_xor2        1  1.9     0    18     413    (-,-) 
  pp_fir_0_1_1/mul_920_46/g1095/z                   (u)     in_0->z R     unmapped_xor2        2  3.8     0    20     433    (-,-) 
  pp_fir_0_1_1/mul_920_46/g1366/z                   (u)     in_1->z F     unmapped_nor2        3  5.7     0    12     445    (-,-) 
  pp_fir_0_1_1/mul_920_46/g1418/z                   (u)     in_1->z R     unmapped_nor2        1  1.9     0     9     454    (-,-) 
  pp_fir_0_1_1/mul_920_46/g1420/z                   (u)     in_0->z F     unmapped_nor2        3  5.7     0    12     466    (-,-) 
  pp_fir_0_1_1/mul_920_46/g1481/z                   (u)     in_0->z R     unmapped_nor2        1  1.9     0     9     474    (-,-) 
  pp_fir_0_1_1/mul_920_46/g1483/z                   (u)     in_0->z F     unmapped_nor2        5  9.5     0    15     489    (-,-) 
  pp_fir_0_1_1/mul_920_46/g1548/z                   (u)     in_1->z R     unmapped_nor2        1  1.9     0     9     498    (-,-) 
  pp_fir_0_1_1/mul_920_46/g252/z                    (u)     in_0->z F     unmapped_nor2        8 15.2     0    17     515    (-,-) 
  pp_fir_0_1_1/mul_920_46/g1581/z                   (u)     in_1->z R     unmapped_nor2        1  1.9     0     9     524    (-,-) 
  pp_fir_0_1_1/mul_920_46/g1583/z                   (u)     in_0->z F     unmapped_nor2        1  1.9     0     9     532    (-,-) 
  pp_fir_0_1_1/mul_920_46/g1631/z                   (u)     in_0->z R     unmapped_nand2       1  1.9     0     9     541    (-,-) 
  pp_fir_0_1_1/mul_920_46/g1706/z                   (u)     in_0->z R     unmapped_xnor2       2  3.8     0    20     561    (-,-) 
  pp_fir_0_1_1/add_938_35/g57/z                     (u)     in_0->z F     unmapped_nor2        3  5.7     0    12     573    (-,-) 
  pp_fir_0_1_1/add_938_35/g118/z                    (u)     in_1->z R     unmapped_nor2        1  1.9     0     9     581    (-,-) 
  pp_fir_0_1_1/add_938_35/g120/z                    (u)     in_0->z F     unmapped_nor2        3  5.7     0    12     593    (-,-) 
  pp_fir_0_1_1/add_938_35/g195/z                    (u)     in_0->z R     unmapped_nor2        1  1.9     0     9     602    (-,-) 
  pp_fir_0_1_1/add_938_35/g197/z                    (u)     in_0->z F     unmapped_nor2        4  7.6     0    13     616    (-,-) 
  pp_fir_0_1_1/add_938_35/g263/z                    (u)     in_1->z R     unmapped_nor2        1  1.9     0     9     624    (-,-) 
  pp_fir_0_1_1/add_938_35/g265/z                    (u)     in_0->z F     unmapped_nor2        1  1.9     0     9     633    (-,-) 
  pp_fir_0_1_1/add_938_35/g322/z                    (u)     in_0->z R     unmapped_not         1  1.9     0     6     639    (-,-) 
  pp_fir_0_1_1/add_938_35/g323/z                    (u)     in_1->z F     unmapped_nor2        1  1.9     0     9     648    (-,-) 
  pp_fir_0_1_1/add_938_35/g369/z                    (u)     in_0->z R     unmapped_nand2       1  1.9     0     9     657    (-,-) 
  pp_fir_0_1_1/add_938_35/g452/z                    (u)     in_0->z R     unmapped_xnor2       1  1.9     0    18     674    (-,-) 
  pp_fir_0_1_1/sum1_9_im_1_reg[31]/d                -       -       R     unmapped_d_flop      1    -     -     0     674    (-,-) 
#----------------------------------------------------------------------------------------------------------------------------------

(u) : Net has unmapped pin(s).


============================================================
  Generated by:           Genus(TM) Synthesis Solution 22.10-p001_1
  Generated on:           Jan 06 2025  11:08:29 pm
  Module:                 pp_fir_u_0
  Operating conditions:   ssg_cworstt_max_0p81v_125c 
  Operating conditions:   tt_ctypical_max_0p90v_25c 
  Interconnect mode:      global
  Area mode:              physical library
============================================================


Path 1: MET (60 ps) Setup Check with Pin signed_mag_0/sign_re_stage1_reg/clk->sena
           View: func-slow-maxrc
          Group: I2C
     Startpoint: (R) rst_n
          Clock: (R) clk
       Endpoint: (R) signed_mag_0/sign_re_stage1_reg/sena
          Clock: (R) clk

                     Capture       Launch     
        Clock Edge:+     500            0     
        Drv Adjust:+       0            0     
       Src Latency:+       0            0     
       Net Latency:+     200 (I)      200 (I) 
           Arrival:=     700          200     
                                              
             Setup:-      15                  
       Uncertainty:-     125                  
     Required Time:=     560                  
      Launch Clock:-     200                  
       Input Delay:-     300                  
         Data Path:-       0                  
             Slack:=      60                  

Exceptions/Constraints:
  input_delay             300             topPPFilter_struct.s_line_18 

#-------------------------------------------------------------------------------------------------------------------
#            Timing Point              Flags   Arc   Edge      Cell        Fanout Load Trans Delay Arrival Instance 
#                                                                                 (fF)  (ps)  (ps)   (ps)  Location 
#-------------------------------------------------------------------------------------------------------------------
  rst_n                                (a,u)   -     R     (arrival)            5  3.8     0     0     500    (-,-) 
  signed_mag_0/sign_re_stage1_reg/sena -       -     R     unmapped_d_flop      5    -     -     0     500    (-,-) 
#-------------------------------------------------------------------------------------------------------------------

(u) : Net has unmapped pin(s).
(a) : Net has asynchronous load pins which are being considered ideal.


============================================================
  Generated by:           Genus(TM) Synthesis Solution 22.10-p001_1
  Generated on:           Jan 06 2025  11:08:29 pm
  Module:                 pp_fir_u_0
  Operating conditions:   ssg_cworstt_max_0p81v_125c 
  Operating conditions:   tt_ctypical_max_0p90v_25c 
  Interconnect mode:      global
  Area mode:              physical library
============================================================


Path 1: MET (263 ps) Late External Delay Assertion at pin sign_im
           View: func-slow-maxrc
          Group: C2O
     Startpoint: (R) signed_mag_0/sign_im_reg/clk
          Clock: (R) clk
       Endpoint: (R) sign_im
          Clock: (R) clk

                     Capture       Launch     
        Clock Edge:+     500            0     
       Src Latency:+       0            0     
       Net Latency:+     200 (I)      200 (I) 
           Arrival:=     700          200     
                                              
      Output Delay:-      50                  
       Uncertainty:-     125                  
     Required Time:=     525                  
      Launch Clock:-     200                  
         Data Path:-      62                  
             Slack:=     263                  

Exceptions/Constraints:
  output_delay              50             topPPFilter_struct.s_line_20_545_1 

#------------------------------------------------------------------------------------------------------------
#        Timing Point          Flags    Arc   Edge      Cell        Fanout Load Trans Delay Arrival Instance 
#                                                                          (fF)  (ps)  (ps)   (ps)  Location 
#------------------------------------------------------------------------------------------------------------
  signed_mag_0/sign_im_reg/clk -       -      R     (arrival)         4358    -    25     0     200    (-,-) 
  signed_mag_0/sign_im_reg/q   (u)     clk->q R     unmapped_d_flop      1 10.8     0    62     262    (-,-) 
  sign_im                      -       -      R     (port)               -    -     -     0     262    (-,-) 
#------------------------------------------------------------------------------------------------------------

(u) : Net has unmapped pin(s).


============================================================
  Generated by:           Genus(TM) Synthesis Solution 22.10-p001_1
  Generated on:           Jan 06 2025  11:08:29 pm
  Module:                 pp_fir_u_0
  Operating conditions:   ssg_cworstt_max_0p81v_125c 
  Operating conditions:   tt_ctypical_max_0p90v_25c 
  Interconnect mode:      global
  Area mode:              physical library
============================================================

No paths found


============================================================
  Generated by:           Genus(TM) Synthesis Solution 22.10-p001_1
  Generated on:           Jan 06 2025  11:54:43 pm
  Module:                 pp_fir_u_0
  Operating conditions:   ssg_cworstt_max_0p81v_125c 
  Operating conditions:   tt_ctypical_max_0p90v_25c 
  Interconnect mode:      global
  Area mode:              physical library
============================================================

No paths found


============================================================
  Generated by:           Genus(TM) Synthesis Solution 22.10-p001_1
  Generated on:           Jan 06 2025  11:54:43 pm
  Module:                 pp_fir_u_0
  Operating conditions:   ssg_cworstt_max_0p81v_125c 
  Operating conditions:   tt_ctypical_max_0p90v_25c 
  Interconnect mode:      global
  Area mode:              physical library
============================================================


Path 1: VIOLATED (-114 ps) Setup Check with Pin pp_fir_0_1_1/sum1_9_im_1_reg[31]/clk->d
           View: func-slow-maxrc
          Group: clk
     Startpoint: (R) pp_fir_0_1_1/Delay_Pipeline_reg_im_reg[15][9]/clk
          Clock: (R) clk
       Endpoint: (R) pp_fir_0_1_1/sum1_9_im_1_reg[31]/d
          Clock: (R) clk

                     Capture       Launch     
        Clock Edge:+     500            0     
       Src Latency:+       0            0     
       Net Latency:+     200 (I)      200 (I) 
           Arrival:=     700          200     
                                              
             Setup:-      15                  
       Uncertainty:-     125                  
     Required Time:=     560                  
      Launch Clock:-     200                  
         Data Path:-     474                  
             Slack:=    -114                  

#----------------------------------------------------------------------------------------------------------------------------------
#                   Timing Point                    Flags    Arc    Edge      Cell        Fanout Load Trans Delay Arrival Instance 
#                                                                                                (fF)  (ps)  (ps)   (ps)  Location 
#----------------------------------------------------------------------------------------------------------------------------------
  pp_fir_0_1_1/Delay_Pipeline_reg_im_reg[15][9]/clk -       -       R     (arrival)         4358    -    25     0     200    (-,-) 
  pp_fir_0_1_1/Delay_Pipeline_reg_im_reg[15][9]/q   (u)     clk->q  R     unmapped_d_flop      9 17.1     0    65     265    (-,-) 
  pp_fir_0_1_1/mul_920_46/g288/z                    (u)     in_1->z R     unmapped_xor2        2  3.8     0    20     285    (-,-) 
  pp_fir_0_1_1/mul_920_46/g289/z                    (u)     in_0->z F     unmapped_nand2       1  1.9     0     9     294    (-,-) 
  pp_fir_0_1_1/mul_920_46/g291/z                    (u)     in_0->z R     unmapped_nand2       3  5.7     0    12     306    (-,-) 
  pp_fir_0_1_1/mul_920_46/g988/z                    (u)     in_1->z F     unmapped_nand2       1  1.9     0     9     314    (-,-) 
  pp_fir_0_1_1/mul_920_46/g989/z                    (u)     in_2->z R     unmapped_nand3       3  5.7     0    17     331    (-,-) 
  pp_fir_0_1_1/mul_920_46/g1038/z                   (u)     in_1->z R     unmapped_xor2        1  1.9     0    18     349    (-,-) 
  pp_fir_0_1_1/mul_920_46/g1039/z                   (u)     in_0->z R     unmapped_xor2        3  5.7     0    21     370    (-,-) 
  pp_fir_0_1_1/mul_920_46/g1053/z                   (u)     in_1->z F     unmapped_nand2       1  1.9     0     9     379    (-,-) 
  pp_fir_0_1_1/mul_920_46/g1055/z                   (u)     in_1->z R     unmapped_nand3       3  5.7     0    17     396    (-,-) 
  pp_fir_0_1_1/mul_920_46/g1094/z                   (u)     in_1->z R     unmapped_xor2        1  1.9     0    18     413    (-,-) 
  pp_fir_0_1_1/mul_920_46/g1095/z                   (u)     in_0->z R     unmapped_xor2        2  3.8     0    20     433    (-,-) 
  pp_fir_0_1_1/mul_920_46/g1366/z                   (u)     in_1->z F     unmapped_nor2        3  5.7     0    12     445    (-,-) 
  pp_fir_0_1_1/mul_920_46/g1418/z                   (u)     in_1->z R     unmapped_nor2        1  1.9     0     9     454    (-,-) 
  pp_fir_0_1_1/mul_920_46/g1420/z                   (u)     in_0->z F     unmapped_nor2        3  5.7     0    12     466    (-,-) 
  pp_fir_0_1_1/mul_920_46/g1481/z                   (u)     in_0->z R     unmapped_nor2        1  1.9     0     9     474    (-,-) 
  pp_fir_0_1_1/mul_920_46/g1483/z                   (u)     in_0->z F     unmapped_nor2        5  9.5     0    15     489    (-,-) 
  pp_fir_0_1_1/mul_920_46/g1548/z                   (u)     in_1->z R     unmapped_nor2        1  1.9     0     9     498    (-,-) 
  pp_fir_0_1_1/mul_920_46/g252/z                    (u)     in_0->z F     unmapped_nor2        8 15.2     0    17     515    (-,-) 
  pp_fir_0_1_1/mul_920_46/g1581/z                   (u)     in_1->z R     unmapped_nor2        1  1.9     0     9     524    (-,-) 
  pp_fir_0_1_1/mul_920_46/g1583/z                   (u)     in_0->z F     unmapped_nor2        1  1.9     0     9     532    (-,-) 
  pp_fir_0_1_1/mul_920_46/g1631/z                   (u)     in_0->z R     unmapped_nand2       1  1.9     0     9     541    (-,-) 
  pp_fir_0_1_1/mul_920_46/g1706/z                   (u)     in_0->z R     unmapped_xnor2       2  3.8     0    20     561    (-,-) 
  pp_fir_0_1_1/add_938_35/g57/z                     (u)     in_0->z F     unmapped_nor2        3  5.7     0    12     573    (-,-) 
  pp_fir_0_1_1/add_938_35/g118/z                    (u)     in_1->z R     unmapped_nor2        1  1.9     0     9     581    (-,-) 
  pp_fir_0_1_1/add_938_35/g120/z                    (u)     in_0->z F     unmapped_nor2        3  5.7     0    12     593    (-,-) 
  pp_fir_0_1_1/add_938_35/g195/z                    (u)     in_0->z R     unmapped_nor2        1  1.9     0     9     602    (-,-) 
  pp_fir_0_1_1/add_938_35/g197/z                    (u)     in_0->z F     unmapped_nor2        4  7.6     0    13     616    (-,-) 
  pp_fir_0_1_1/add_938_35/g263/z                    (u)     in_1->z R     unmapped_nor2        1  1.9     0     9     624    (-,-) 
  pp_fir_0_1_1/add_938_35/g265/z                    (u)     in_0->z F     unmapped_nor2        1  1.9     0     9     633    (-,-) 
  pp_fir_0_1_1/add_938_35/g322/z                    (u)     in_0->z R     unmapped_not         1  1.9     0     6     639    (-,-) 
  pp_fir_0_1_1/add_938_35/g323/z                    (u)     in_1->z F     unmapped_nor2        1  1.9     0     9     648    (-,-) 
  pp_fir_0_1_1/add_938_35/g369/z                    (u)     in_0->z R     unmapped_nand2       1  1.9     0     9     657    (-,-) 
  pp_fir_0_1_1/add_938_35/g452/z                    (u)     in_0->z R     unmapped_xnor2       1  1.9     0    18     674    (-,-) 
  pp_fir_0_1_1/sum1_9_im_1_reg[31]/d                -       -       R     unmapped_d_flop      1    -     -     0     674    (-,-) 
#----------------------------------------------------------------------------------------------------------------------------------

(u) : Net has unmapped pin(s).


============================================================
  Generated by:           Genus(TM) Synthesis Solution 22.10-p001_1
  Generated on:           Jan 06 2025  11:54:43 pm
  Module:                 pp_fir_u_0
  Operating conditions:   ssg_cworstt_max_0p81v_125c 
  Operating conditions:   tt_ctypical_max_0p90v_25c 
  Interconnect mode:      global
  Area mode:              physical library
============================================================


Path 1: MET (60 ps) Setup Check with Pin signed_mag_0/sign_re_stage1_reg/clk->sena
           View: func-slow-maxrc
          Group: I2C
     Startpoint: (R) rst_n
          Clock: (R) clk
       Endpoint: (R) signed_mag_0/sign_re_stage1_reg/sena
          Clock: (R) clk

                     Capture       Launch     
        Clock Edge:+     500            0     
        Drv Adjust:+       0            0     
       Src Latency:+       0            0     
       Net Latency:+     200 (I)      200 (I) 
           Arrival:=     700          200     
                                              
             Setup:-      15                  
       Uncertainty:-     125                  
     Required Time:=     560                  
      Launch Clock:-     200                  
       Input Delay:-     300                  
         Data Path:-       0                  
             Slack:=      60                  

Exceptions/Constraints:
  input_delay             300             topPPFilter_struct.s_line_18 

#-------------------------------------------------------------------------------------------------------------------
#            Timing Point              Flags   Arc   Edge      Cell        Fanout Load Trans Delay Arrival Instance 
#                                                                                 (fF)  (ps)  (ps)   (ps)  Location 
#-------------------------------------------------------------------------------------------------------------------
  rst_n                                (a,u)   -     R     (arrival)            5  3.8     0     0     500    (-,-) 
  signed_mag_0/sign_re_stage1_reg/sena -       -     R     unmapped_d_flop      5    -     -     0     500    (-,-) 
#-------------------------------------------------------------------------------------------------------------------

(u) : Net has unmapped pin(s).
(a) : Net has asynchronous load pins which are being considered ideal.


============================================================
  Generated by:           Genus(TM) Synthesis Solution 22.10-p001_1
  Generated on:           Jan 06 2025  11:54:43 pm
  Module:                 pp_fir_u_0
  Operating conditions:   ssg_cworstt_max_0p81v_125c 
  Operating conditions:   tt_ctypical_max_0p90v_25c 
  Interconnect mode:      global
  Area mode:              physical library
============================================================


Path 1: MET (263 ps) Late External Delay Assertion at pin sign_im
           View: func-slow-maxrc
          Group: C2O
     Startpoint: (R) signed_mag_0/sign_im_reg/clk
          Clock: (R) clk
       Endpoint: (R) sign_im
          Clock: (R) clk

                     Capture       Launch     
        Clock Edge:+     500            0     
       Src Latency:+       0            0     
       Net Latency:+     200 (I)      200 (I) 
           Arrival:=     700          200     
                                              
      Output Delay:-      50                  
       Uncertainty:-     125                  
     Required Time:=     525                  
      Launch Clock:-     200                  
         Data Path:-      62                  
             Slack:=     263                  

Exceptions/Constraints:
  output_delay              50             topPPFilter_struct.s_line_20_545_1 

#------------------------------------------------------------------------------------------------------------
#        Timing Point          Flags    Arc   Edge      Cell        Fanout Load Trans Delay Arrival Instance 
#                                                                          (fF)  (ps)  (ps)   (ps)  Location 
#------------------------------------------------------------------------------------------------------------
  signed_mag_0/sign_im_reg/clk -       -      R     (arrival)         4358    -    25     0     200    (-,-) 
  signed_mag_0/sign_im_reg/q   (u)     clk->q R     unmapped_d_flop      1 10.8     0    62     262    (-,-) 
  sign_im                      -       -      R     (port)               -    -     -     0     262    (-,-) 
#------------------------------------------------------------------------------------------------------------

(u) : Net has unmapped pin(s).


============================================================
  Generated by:           Genus(TM) Synthesis Solution 22.10-p001_1
  Generated on:           Jan 06 2025  11:54:43 pm
  Module:                 pp_fir_u_0
  Operating conditions:   ssg_cworstt_max_0p81v_125c 
  Operating conditions:   tt_ctypical_max_0p90v_25c 
  Interconnect mode:      global
  Area mode:              physical library
============================================================

No paths found


============================================================
  Generated by:           Genus(TM) Synthesis Solution 22.10-p001_1
  Generated on:           Jan 07 2025  06:36:25 am
  Module:                 pp_fir_u_0
  Operating conditions:   ssg_cworstt_max_0p81v_125c 
  Operating conditions:   tt_ctypical_max_0p90v_25c 
  Interconnect mode:      global
  Area mode:              physical library
============================================================

No paths found


============================================================
  Generated by:           Genus(TM) Synthesis Solution 22.10-p001_1
  Generated on:           Jan 07 2025  06:36:25 am
  Module:                 pp_fir_u_0
  Operating conditions:   ssg_cworstt_max_0p81v_125c 
  Operating conditions:   tt_ctypical_max_0p90v_25c 
  Interconnect mode:      global
  Area mode:              physical library
============================================================


Path 1: VIOLATED (-114 ps) Setup Check with Pin pp_fir_0_1_1/sum1_9_im_1_reg[31]/clk->d
           View: func-slow-maxrc
          Group: clk
     Startpoint: (R) pp_fir_0_1_1/Delay_Pipeline_reg_im_reg[15][9]/clk
          Clock: (R) clk
       Endpoint: (R) pp_fir_0_1_1/sum1_9_im_1_reg[31]/d
          Clock: (R) clk

                     Capture       Launch     
        Clock Edge:+     500            0     
       Src Latency:+       0            0     
       Net Latency:+     200 (I)      200 (I) 
           Arrival:=     700          200     
                                              
             Setup:-      15                  
       Uncertainty:-     125                  
     Required Time:=     560                  
      Launch Clock:-     200                  
         Data Path:-     474                  
             Slack:=    -114                  

#----------------------------------------------------------------------------------------------------------------------------------
#                   Timing Point                    Flags    Arc    Edge      Cell        Fanout Load Trans Delay Arrival Instance 
#                                                                                                (fF)  (ps)  (ps)   (ps)  Location 
#----------------------------------------------------------------------------------------------------------------------------------
  pp_fir_0_1_1/Delay_Pipeline_reg_im_reg[15][9]/clk -       -       R     (arrival)         4358    -    25     0     200    (-,-) 
  pp_fir_0_1_1/Delay_Pipeline_reg_im_reg[15][9]/q   (u)     clk->q  R     unmapped_d_flop      9 17.1     0    65     265    (-,-) 
  pp_fir_0_1_1/mul_920_46/g288/z                    (u)     in_1->z R     unmapped_xor2        2  3.8     0    20     285    (-,-) 
  pp_fir_0_1_1/mul_920_46/g289/z                    (u)     in_0->z F     unmapped_nand2       1  1.9     0     9     294    (-,-) 
  pp_fir_0_1_1/mul_920_46/g291/z                    (u)     in_0->z R     unmapped_nand2       3  5.7     0    12     306    (-,-) 
  pp_fir_0_1_1/mul_920_46/g988/z                    (u)     in_1->z F     unmapped_nand2       1  1.9     0     9     314    (-,-) 
  pp_fir_0_1_1/mul_920_46/g989/z                    (u)     in_2->z R     unmapped_nand3       3  5.7     0    17     331    (-,-) 
  pp_fir_0_1_1/mul_920_46/g1038/z                   (u)     in_1->z R     unmapped_xor2        1  1.9     0    18     349    (-,-) 
  pp_fir_0_1_1/mul_920_46/g1039/z                   (u)     in_0->z R     unmapped_xor2        3  5.7     0    21     370    (-,-) 
  pp_fir_0_1_1/mul_920_46/g1053/z                   (u)     in_1->z F     unmapped_nand2       1  1.9     0     9     379    (-,-) 
  pp_fir_0_1_1/mul_920_46/g1055/z                   (u)     in_1->z R     unmapped_nand3       3  5.7     0    17     396    (-,-) 
  pp_fir_0_1_1/mul_920_46/g1094/z                   (u)     in_1->z R     unmapped_xor2        1  1.9     0    18     413    (-,-) 
  pp_fir_0_1_1/mul_920_46/g1095/z                   (u)     in_0->z R     unmapped_xor2        2  3.8     0    20     433    (-,-) 
  pp_fir_0_1_1/mul_920_46/g1366/z                   (u)     in_1->z F     unmapped_nor2        3  5.7     0    12     445    (-,-) 
  pp_fir_0_1_1/mul_920_46/g1418/z                   (u)     in_1->z R     unmapped_nor2        1  1.9     0     9     454    (-,-) 
  pp_fir_0_1_1/mul_920_46/g1420/z                   (u)     in_0->z F     unmapped_nor2        3  5.7     0    12     466    (-,-) 
  pp_fir_0_1_1/mul_920_46/g1481/z                   (u)     in_0->z R     unmapped_nor2        1  1.9     0     9     474    (-,-) 
  pp_fir_0_1_1/mul_920_46/g1483/z                   (u)     in_0->z F     unmapped_nor2        5  9.5     0    15     489    (-,-) 
  pp_fir_0_1_1/mul_920_46/g1548/z                   (u)     in_1->z R     unmapped_nor2        1  1.9     0     9     498    (-,-) 
  pp_fir_0_1_1/mul_920_46/g252/z                    (u)     in_0->z F     unmapped_nor2        8 15.2     0    17     515    (-,-) 
  pp_fir_0_1_1/mul_920_46/g1581/z                   (u)     in_1->z R     unmapped_nor2        1  1.9     0     9     524    (-,-) 
  pp_fir_0_1_1/mul_920_46/g1583/z                   (u)     in_0->z F     unmapped_nor2        1  1.9     0     9     532    (-,-) 
  pp_fir_0_1_1/mul_920_46/g1631/z                   (u)     in_0->z R     unmapped_nand2       1  1.9     0     9     541    (-,-) 
  pp_fir_0_1_1/mul_920_46/g1706/z                   (u)     in_0->z R     unmapped_xnor2       2  3.8     0    20     561    (-,-) 
  pp_fir_0_1_1/add_938_35/g57/z                     (u)     in_0->z F     unmapped_nor2        3  5.7     0    12     573    (-,-) 
  pp_fir_0_1_1/add_938_35/g118/z                    (u)     in_1->z R     unmapped_nor2        1  1.9     0     9     581    (-,-) 
  pp_fir_0_1_1/add_938_35/g120/z                    (u)     in_0->z F     unmapped_nor2        3  5.7     0    12     593    (-,-) 
  pp_fir_0_1_1/add_938_35/g195/z                    (u)     in_0->z R     unmapped_nor2        1  1.9     0     9     602    (-,-) 
  pp_fir_0_1_1/add_938_35/g197/z                    (u)     in_0->z F     unmapped_nor2        4  7.6     0    13     616    (-,-) 
  pp_fir_0_1_1/add_938_35/g263/z                    (u)     in_1->z R     unmapped_nor2        1  1.9     0     9     624    (-,-) 
  pp_fir_0_1_1/add_938_35/g265/z                    (u)     in_0->z F     unmapped_nor2        1  1.9     0     9     633    (-,-) 
  pp_fir_0_1_1/add_938_35/g322/z                    (u)     in_0->z R     unmapped_not         1  1.9     0     6     639    (-,-) 
  pp_fir_0_1_1/add_938_35/g323/z                    (u)     in_1->z F     unmapped_nor2        1  1.9     0     9     648    (-,-) 
  pp_fir_0_1_1/add_938_35/g369/z                    (u)     in_0->z R     unmapped_nand2       1  1.9     0     9     657    (-,-) 
  pp_fir_0_1_1/add_938_35/g452/z                    (u)     in_0->z R     unmapped_xnor2       1  1.9     0    18     674    (-,-) 
  pp_fir_0_1_1/sum1_9_im_1_reg[31]/d                -       -       R     unmapped_d_flop      1    -     -     0     674    (-,-) 
#----------------------------------------------------------------------------------------------------------------------------------

(u) : Net has unmapped pin(s).


============================================================
  Generated by:           Genus(TM) Synthesis Solution 22.10-p001_1
  Generated on:           Jan 07 2025  06:36:25 am
  Module:                 pp_fir_u_0
  Operating conditions:   ssg_cworstt_max_0p81v_125c 
  Operating conditions:   tt_ctypical_max_0p90v_25c 
  Interconnect mode:      global
  Area mode:              physical library
============================================================


Path 1: MET (60 ps) Setup Check with Pin signed_mag_0/sign_re_stage1_reg/clk->sena
           View: func-slow-maxrc
          Group: I2C
     Startpoint: (R) rst_n
          Clock: (R) clk
       Endpoint: (R) signed_mag_0/sign_re_stage1_reg/sena
          Clock: (R) clk

                     Capture       Launch     
        Clock Edge:+     500            0     
        Drv Adjust:+       0            0     
       Src Latency:+       0            0     
       Net Latency:+     200 (I)      200 (I) 
           Arrival:=     700          200     
                                              
             Setup:-      15                  
       Uncertainty:-     125                  
     Required Time:=     560                  
      Launch Clock:-     200                  
       Input Delay:-     300                  
         Data Path:-       0                  
             Slack:=      60                  

Exceptions/Constraints:
  input_delay             300             topPPFilter_struct.s_line_18 

#-------------------------------------------------------------------------------------------------------------------
#            Timing Point              Flags   Arc   Edge      Cell        Fanout Load Trans Delay Arrival Instance 
#                                                                                 (fF)  (ps)  (ps)   (ps)  Location 
#-------------------------------------------------------------------------------------------------------------------
  rst_n                                (a,u)   -     R     (arrival)            5  3.8     0     0     500    (-,-) 
  signed_mag_0/sign_re_stage1_reg/sena -       -     R     unmapped_d_flop      5    -     -     0     500    (-,-) 
#-------------------------------------------------------------------------------------------------------------------

(u) : Net has unmapped pin(s).
(a) : Net has asynchronous load pins which are being considered ideal.


============================================================
  Generated by:           Genus(TM) Synthesis Solution 22.10-p001_1
  Generated on:           Jan 07 2025  06:36:26 am
  Module:                 pp_fir_u_0
  Operating conditions:   ssg_cworstt_max_0p81v_125c 
  Operating conditions:   tt_ctypical_max_0p90v_25c 
  Interconnect mode:      global
  Area mode:              physical library
============================================================


Path 1: MET (263 ps) Late External Delay Assertion at pin sign_im
           View: func-slow-maxrc
          Group: C2O
     Startpoint: (R) signed_mag_0/sign_im_reg/clk
          Clock: (R) clk
       Endpoint: (R) sign_im
          Clock: (R) clk

                     Capture       Launch     
        Clock Edge:+     500            0     
       Src Latency:+       0            0     
       Net Latency:+     200 (I)      200 (I) 
           Arrival:=     700          200     
                                              
      Output Delay:-      50                  
       Uncertainty:-     125                  
     Required Time:=     525                  
      Launch Clock:-     200                  
         Data Path:-      62                  
             Slack:=     263                  

Exceptions/Constraints:
  output_delay              50             topPPFilter_struct.s_line_20_545_1 

#------------------------------------------------------------------------------------------------------------
#        Timing Point          Flags    Arc   Edge      Cell        Fanout Load Trans Delay Arrival Instance 
#                                                                          (fF)  (ps)  (ps)   (ps)  Location 
#------------------------------------------------------------------------------------------------------------
  signed_mag_0/sign_im_reg/clk -       -      R     (arrival)         4358    -    25     0     200    (-,-) 
  signed_mag_0/sign_im_reg/q   (u)     clk->q R     unmapped_d_flop      1 10.8     0    62     262    (-,-) 
  sign_im                      -       -      R     (port)               -    -     -     0     262    (-,-) 
#------------------------------------------------------------------------------------------------------------

(u) : Net has unmapped pin(s).


============================================================
  Generated by:           Genus(TM) Synthesis Solution 22.10-p001_1
  Generated on:           Jan 07 2025  06:36:26 am
  Module:                 pp_fir_u_0
  Operating conditions:   ssg_cworstt_max_0p81v_125c 
  Operating conditions:   tt_ctypical_max_0p90v_25c 
  Interconnect mode:      global
  Area mode:              physical library
============================================================

No paths found


============================================================
  Generated by:           Genus(TM) Synthesis Solution 22.10-p001_1
  Generated on:           Jan 07 2025  07:40:19 am
  Module:                 pp_fir_u_0
  Operating conditions:   ssg_cworstt_max_0p81v_125c 
  Operating conditions:   tt_ctypical_max_0p90v_25c 
  Interconnect mode:      global
  Area mode:              physical library
============================================================

No paths found


============================================================
  Generated by:           Genus(TM) Synthesis Solution 22.10-p001_1
  Generated on:           Jan 07 2025  07:40:19 am
  Module:                 pp_fir_u_0
  Operating conditions:   ssg_cworstt_max_0p81v_125c 
  Operating conditions:   tt_ctypical_max_0p90v_25c 
  Interconnect mode:      global
  Area mode:              physical library
============================================================


Path 1: VIOLATED (-114 ps) Setup Check with Pin pp_fir_0_1_1/sum1_9_im_1_reg[31]/clk->d
           View: func-slow-maxrc
          Group: clk
     Startpoint: (R) pp_fir_0_1_1/Delay_Pipeline_reg_im_reg[15][9]/clk
          Clock: (R) clk
       Endpoint: (R) pp_fir_0_1_1/sum1_9_im_1_reg[31]/d
          Clock: (R) clk

                     Capture       Launch     
        Clock Edge:+     500            0     
       Src Latency:+       0            0     
       Net Latency:+     200 (I)      200 (I) 
           Arrival:=     700          200     
                                              
             Setup:-      15                  
       Uncertainty:-     125                  
     Required Time:=     560                  
      Launch Clock:-     200                  
         Data Path:-     474                  
             Slack:=    -114                  

#----------------------------------------------------------------------------------------------------------------------------------
#                   Timing Point                    Flags    Arc    Edge      Cell        Fanout Load Trans Delay Arrival Instance 
#                                                                                                (fF)  (ps)  (ps)   (ps)  Location 
#----------------------------------------------------------------------------------------------------------------------------------
  pp_fir_0_1_1/Delay_Pipeline_reg_im_reg[15][9]/clk -       -       R     (arrival)         4358    -    25     0     200    (-,-) 
  pp_fir_0_1_1/Delay_Pipeline_reg_im_reg[15][9]/q   (u)     clk->q  R     unmapped_d_flop      9 17.1     0    65     265    (-,-) 
  pp_fir_0_1_1/mul_920_46/g288/z                    (u)     in_1->z R     unmapped_xor2        2  3.8     0    20     285    (-,-) 
  pp_fir_0_1_1/mul_920_46/g289/z                    (u)     in_0->z F     unmapped_nand2       1  1.9     0     9     294    (-,-) 
  pp_fir_0_1_1/mul_920_46/g291/z                    (u)     in_0->z R     unmapped_nand2       3  5.7     0    12     306    (-,-) 
  pp_fir_0_1_1/mul_920_46/g988/z                    (u)     in_1->z F     unmapped_nand2       1  1.9     0     9     314    (-,-) 
  pp_fir_0_1_1/mul_920_46/g989/z                    (u)     in_2->z R     unmapped_nand3       3  5.7     0    17     331    (-,-) 
  pp_fir_0_1_1/mul_920_46/g1038/z                   (u)     in_1->z R     unmapped_xor2        1  1.9     0    18     349    (-,-) 
  pp_fir_0_1_1/mul_920_46/g1039/z                   (u)     in_0->z R     unmapped_xor2        3  5.7     0    21     370    (-,-) 
  pp_fir_0_1_1/mul_920_46/g1053/z                   (u)     in_1->z F     unmapped_nand2       1  1.9     0     9     379    (-,-) 
  pp_fir_0_1_1/mul_920_46/g1055/z                   (u)     in_1->z R     unmapped_nand3       3  5.7     0    17     396    (-,-) 
  pp_fir_0_1_1/mul_920_46/g1094/z                   (u)     in_1->z R     unmapped_xor2        1  1.9     0    18     413    (-,-) 
  pp_fir_0_1_1/mul_920_46/g1095/z                   (u)     in_0->z R     unmapped_xor2        2  3.8     0    20     433    (-,-) 
  pp_fir_0_1_1/mul_920_46/g1366/z                   (u)     in_1->z F     unmapped_nor2        3  5.7     0    12     445    (-,-) 
  pp_fir_0_1_1/mul_920_46/g1418/z                   (u)     in_1->z R     unmapped_nor2        1  1.9     0     9     454    (-,-) 
  pp_fir_0_1_1/mul_920_46/g1420/z                   (u)     in_0->z F     unmapped_nor2        3  5.7     0    12     466    (-,-) 
  pp_fir_0_1_1/mul_920_46/g1481/z                   (u)     in_0->z R     unmapped_nor2        1  1.9     0     9     474    (-,-) 
  pp_fir_0_1_1/mul_920_46/g1483/z                   (u)     in_0->z F     unmapped_nor2        5  9.5     0    15     489    (-,-) 
  pp_fir_0_1_1/mul_920_46/g1548/z                   (u)     in_1->z R     unmapped_nor2        1  1.9     0     9     498    (-,-) 
  pp_fir_0_1_1/mul_920_46/g252/z                    (u)     in_0->z F     unmapped_nor2        8 15.2     0    17     515    (-,-) 
  pp_fir_0_1_1/mul_920_46/g1581/z                   (u)     in_1->z R     unmapped_nor2        1  1.9     0     9     524    (-,-) 
  pp_fir_0_1_1/mul_920_46/g1583/z                   (u)     in_0->z F     unmapped_nor2        1  1.9     0     9     532    (-,-) 
  pp_fir_0_1_1/mul_920_46/g1631/z                   (u)     in_0->z R     unmapped_nand2       1  1.9     0     9     541    (-,-) 
  pp_fir_0_1_1/mul_920_46/g1706/z                   (u)     in_0->z R     unmapped_xnor2       2  3.8     0    20     561    (-,-) 
  pp_fir_0_1_1/add_938_35/g57/z                     (u)     in_0->z F     unmapped_nor2        3  5.7     0    12     573    (-,-) 
  pp_fir_0_1_1/add_938_35/g118/z                    (u)     in_1->z R     unmapped_nor2        1  1.9     0     9     581    (-,-) 
  pp_fir_0_1_1/add_938_35/g120/z                    (u)     in_0->z F     unmapped_nor2        3  5.7     0    12     593    (-,-) 
  pp_fir_0_1_1/add_938_35/g195/z                    (u)     in_0->z R     unmapped_nor2        1  1.9     0     9     602    (-,-) 
  pp_fir_0_1_1/add_938_35/g197/z                    (u)     in_0->z F     unmapped_nor2        4  7.6     0    13     616    (-,-) 
  pp_fir_0_1_1/add_938_35/g263/z                    (u)     in_1->z R     unmapped_nor2        1  1.9     0     9     624    (-,-) 
  pp_fir_0_1_1/add_938_35/g265/z                    (u)     in_0->z F     unmapped_nor2        1  1.9     0     9     633    (-,-) 
  pp_fir_0_1_1/add_938_35/g322/z                    (u)     in_0->z R     unmapped_not         1  1.9     0     6     639    (-,-) 
  pp_fir_0_1_1/add_938_35/g323/z                    (u)     in_1->z F     unmapped_nor2        1  1.9     0     9     648    (-,-) 
  pp_fir_0_1_1/add_938_35/g369/z                    (u)     in_0->z R     unmapped_nand2       1  1.9     0     9     657    (-,-) 
  pp_fir_0_1_1/add_938_35/g452/z                    (u)     in_0->z R     unmapped_xnor2       1  1.9     0    18     674    (-,-) 
  pp_fir_0_1_1/sum1_9_im_1_reg[31]/d                -       -       R     unmapped_d_flop      1    -     -     0     674    (-,-) 
#----------------------------------------------------------------------------------------------------------------------------------

(u) : Net has unmapped pin(s).


============================================================
  Generated by:           Genus(TM) Synthesis Solution 22.10-p001_1
  Generated on:           Jan 07 2025  07:40:19 am
  Module:                 pp_fir_u_0
  Operating conditions:   ssg_cworstt_max_0p81v_125c 
  Operating conditions:   tt_ctypical_max_0p90v_25c 
  Interconnect mode:      global
  Area mode:              physical library
============================================================


Path 1: MET (60 ps) Setup Check with Pin signed_mag_0/sign_re_stage1_reg/clk->sena
           View: func-slow-maxrc
          Group: I2C
     Startpoint: (R) rst_n
          Clock: (R) clk
       Endpoint: (R) signed_mag_0/sign_re_stage1_reg/sena
          Clock: (R) clk

                     Capture       Launch     
        Clock Edge:+     500            0     
        Drv Adjust:+       0            0     
       Src Latency:+       0            0     
       Net Latency:+     200 (I)      200 (I) 
           Arrival:=     700          200     
                                              
             Setup:-      15                  
       Uncertainty:-     125                  
     Required Time:=     560                  
      Launch Clock:-     200                  
       Input Delay:-     300                  
         Data Path:-       0                  
             Slack:=      60                  

Exceptions/Constraints:
  input_delay             300             topPPFilter_struct.s_line_18 

#-------------------------------------------------------------------------------------------------------------------
#            Timing Point              Flags   Arc   Edge      Cell        Fanout Load Trans Delay Arrival Instance 
#                                                                                 (fF)  (ps)  (ps)   (ps)  Location 
#-------------------------------------------------------------------------------------------------------------------
  rst_n                                (a,u)   -     R     (arrival)            5  3.8     0     0     500    (-,-) 
  signed_mag_0/sign_re_stage1_reg/sena -       -     R     unmapped_d_flop      5    -     -     0     500    (-,-) 
#-------------------------------------------------------------------------------------------------------------------

(u) : Net has unmapped pin(s).
(a) : Net has asynchronous load pins which are being considered ideal.


============================================================
  Generated by:           Genus(TM) Synthesis Solution 22.10-p001_1
  Generated on:           Jan 07 2025  07:40:19 am
  Module:                 pp_fir_u_0
  Operating conditions:   ssg_cworstt_max_0p81v_125c 
  Operating conditions:   tt_ctypical_max_0p90v_25c 
  Interconnect mode:      global
  Area mode:              physical library
============================================================


Path 1: MET (263 ps) Late External Delay Assertion at pin sign_im
           View: func-slow-maxrc
          Group: C2O
     Startpoint: (R) signed_mag_0/sign_im_reg/clk
          Clock: (R) clk
       Endpoint: (R) sign_im
          Clock: (R) clk

                     Capture       Launch     
        Clock Edge:+     500            0     
       Src Latency:+       0            0     
       Net Latency:+     200 (I)      200 (I) 
           Arrival:=     700          200     
                                              
      Output Delay:-      50                  
       Uncertainty:-     125                  
     Required Time:=     525                  
      Launch Clock:-     200                  
         Data Path:-      62                  
             Slack:=     263                  

Exceptions/Constraints:
  output_delay              50             topPPFilter_struct.s_line_20_545_1 

#------------------------------------------------------------------------------------------------------------
#        Timing Point          Flags    Arc   Edge      Cell        Fanout Load Trans Delay Arrival Instance 
#                                                                          (fF)  (ps)  (ps)   (ps)  Location 
#------------------------------------------------------------------------------------------------------------
  signed_mag_0/sign_im_reg/clk -       -      R     (arrival)         4358    -    25     0     200    (-,-) 
  signed_mag_0/sign_im_reg/q   (u)     clk->q R     unmapped_d_flop      1 10.8     0    62     262    (-,-) 
  sign_im                      -       -      R     (port)               -    -     -     0     262    (-,-) 
#------------------------------------------------------------------------------------------------------------

(u) : Net has unmapped pin(s).


============================================================
  Generated by:           Genus(TM) Synthesis Solution 22.10-p001_1
  Generated on:           Jan 07 2025  07:40:19 am
  Module:                 pp_fir_u_0
  Operating conditions:   ssg_cworstt_max_0p81v_125c 
  Operating conditions:   tt_ctypical_max_0p90v_25c 
  Interconnect mode:      global
  Area mode:              physical library
============================================================

No paths found


============================================================
  Generated by:           Genus(TM) Synthesis Solution 22.10-p001_1
  Generated on:           Jan 07 2025  08:57:21 am
  Module:                 pp_fir_u_0
  Operating conditions:   ssg_cworstt_max_0p81v_125c 
  Operating conditions:   tt_ctypical_max_0p90v_25c 
  Interconnect mode:      global
  Area mode:              physical library
============================================================

No paths found


============================================================
  Generated by:           Genus(TM) Synthesis Solution 22.10-p001_1
  Generated on:           Jan 07 2025  08:57:21 am
  Module:                 pp_fir_u_0
  Operating conditions:   ssg_cworstt_max_0p81v_125c 
  Operating conditions:   tt_ctypical_max_0p90v_25c 
  Interconnect mode:      global
  Area mode:              physical library
============================================================


Path 1: VIOLATED (-114 ps) Setup Check with Pin pp_fir_0_1_1/sum1_9_im_1_reg[31]/clk->d
           View: func-slow-maxrc
          Group: clk
     Startpoint: (R) pp_fir_0_1_1/Delay_Pipeline_reg_im_reg[15][9]/clk
          Clock: (R) clk
       Endpoint: (R) pp_fir_0_1_1/sum1_9_im_1_reg[31]/d
          Clock: (R) clk

                     Capture       Launch     
        Clock Edge:+     500            0     
       Src Latency:+       0            0     
       Net Latency:+     200 (I)      200 (I) 
           Arrival:=     700          200     
                                              
             Setup:-      15                  
       Uncertainty:-     125                  
     Required Time:=     560                  
      Launch Clock:-     200                  
         Data Path:-     474                  
             Slack:=    -114                  

#----------------------------------------------------------------------------------------------------------------------------------
#                   Timing Point                    Flags    Arc    Edge      Cell        Fanout Load Trans Delay Arrival Instance 
#                                                                                                (fF)  (ps)  (ps)   (ps)  Location 
#----------------------------------------------------------------------------------------------------------------------------------
  pp_fir_0_1_1/Delay_Pipeline_reg_im_reg[15][9]/clk -       -       R     (arrival)         4358    -    25     0     200    (-,-) 
  pp_fir_0_1_1/Delay_Pipeline_reg_im_reg[15][9]/q   (u)     clk->q  R     unmapped_d_flop      9 17.1     0    65     265    (-,-) 
  pp_fir_0_1_1/mul_920_46/g288/z                    (u)     in_1->z R     unmapped_xor2        2  3.8     0    20     285    (-,-) 
  pp_fir_0_1_1/mul_920_46/g289/z                    (u)     in_0->z F     unmapped_nand2       1  1.9     0     9     294    (-,-) 
  pp_fir_0_1_1/mul_920_46/g291/z                    (u)     in_0->z R     unmapped_nand2       3  5.7     0    12     306    (-,-) 
  pp_fir_0_1_1/mul_920_46/g988/z                    (u)     in_1->z F     unmapped_nand2       1  1.9     0     9     314    (-,-) 
  pp_fir_0_1_1/mul_920_46/g989/z                    (u)     in_2->z R     unmapped_nand3       3  5.7     0    17     331    (-,-) 
  pp_fir_0_1_1/mul_920_46/g1038/z                   (u)     in_1->z R     unmapped_xor2        1  1.9     0    18     349    (-,-) 
  pp_fir_0_1_1/mul_920_46/g1039/z                   (u)     in_0->z R     unmapped_xor2        3  5.7     0    21     370    (-,-) 
  pp_fir_0_1_1/mul_920_46/g1053/z                   (u)     in_1->z F     unmapped_nand2       1  1.9     0     9     379    (-,-) 
  pp_fir_0_1_1/mul_920_46/g1055/z                   (u)     in_1->z R     unmapped_nand3       3  5.7     0    17     396    (-,-) 
  pp_fir_0_1_1/mul_920_46/g1094/z                   (u)     in_1->z R     unmapped_xor2        1  1.9     0    18     413    (-,-) 
  pp_fir_0_1_1/mul_920_46/g1095/z                   (u)     in_0->z R     unmapped_xor2        2  3.8     0    20     433    (-,-) 
  pp_fir_0_1_1/mul_920_46/g1366/z                   (u)     in_1->z F     unmapped_nor2        3  5.7     0    12     445    (-,-) 
  pp_fir_0_1_1/mul_920_46/g1418/z                   (u)     in_1->z R     unmapped_nor2        1  1.9     0     9     454    (-,-) 
  pp_fir_0_1_1/mul_920_46/g1420/z                   (u)     in_0->z F     unmapped_nor2        3  5.7     0    12     466    (-,-) 
  pp_fir_0_1_1/mul_920_46/g1481/z                   (u)     in_0->z R     unmapped_nor2        1  1.9     0     9     474    (-,-) 
  pp_fir_0_1_1/mul_920_46/g1483/z                   (u)     in_0->z F     unmapped_nor2        5  9.5     0    15     489    (-,-) 
  pp_fir_0_1_1/mul_920_46/g1548/z                   (u)     in_1->z R     unmapped_nor2        1  1.9     0     9     498    (-,-) 
  pp_fir_0_1_1/mul_920_46/g252/z                    (u)     in_0->z F     unmapped_nor2        8 15.2     0    17     515    (-,-) 
  pp_fir_0_1_1/mul_920_46/g1581/z                   (u)     in_1->z R     unmapped_nor2        1  1.9     0     9     524    (-,-) 
  pp_fir_0_1_1/mul_920_46/g1583/z                   (u)     in_0->z F     unmapped_nor2        1  1.9     0     9     532    (-,-) 
  pp_fir_0_1_1/mul_920_46/g1631/z                   (u)     in_0->z R     unmapped_nand2       1  1.9     0     9     541    (-,-) 
  pp_fir_0_1_1/mul_920_46/g1706/z                   (u)     in_0->z R     unmapped_xnor2       2  3.8     0    20     561    (-,-) 
  pp_fir_0_1_1/add_938_35/g57/z                     (u)     in_0->z F     unmapped_nor2        3  5.7     0    12     573    (-,-) 
  pp_fir_0_1_1/add_938_35/g118/z                    (u)     in_1->z R     unmapped_nor2        1  1.9     0     9     581    (-,-) 
  pp_fir_0_1_1/add_938_35/g120/z                    (u)     in_0->z F     unmapped_nor2        3  5.7     0    12     593    (-,-) 
  pp_fir_0_1_1/add_938_35/g195/z                    (u)     in_0->z R     unmapped_nor2        1  1.9     0     9     602    (-,-) 
  pp_fir_0_1_1/add_938_35/g197/z                    (u)     in_0->z F     unmapped_nor2        4  7.6     0    13     616    (-,-) 
  pp_fir_0_1_1/add_938_35/g263/z                    (u)     in_1->z R     unmapped_nor2        1  1.9     0     9     624    (-,-) 
  pp_fir_0_1_1/add_938_35/g265/z                    (u)     in_0->z F     unmapped_nor2        1  1.9     0     9     633    (-,-) 
  pp_fir_0_1_1/add_938_35/g322/z                    (u)     in_0->z R     unmapped_not         1  1.9     0     6     639    (-,-) 
  pp_fir_0_1_1/add_938_35/g323/z                    (u)     in_1->z F     unmapped_nor2        1  1.9     0     9     648    (-,-) 
  pp_fir_0_1_1/add_938_35/g369/z                    (u)     in_0->z R     unmapped_nand2       1  1.9     0     9     657    (-,-) 
  pp_fir_0_1_1/add_938_35/g452/z                    (u)     in_0->z R     unmapped_xnor2       1  1.9     0    18     674    (-,-) 
  pp_fir_0_1_1/sum1_9_im_1_reg[31]/d                -       -       R     unmapped_d_flop      1    -     -     0     674    (-,-) 
#----------------------------------------------------------------------------------------------------------------------------------

(u) : Net has unmapped pin(s).


============================================================
  Generated by:           Genus(TM) Synthesis Solution 22.10-p001_1
  Generated on:           Jan 07 2025  08:57:21 am
  Module:                 pp_fir_u_0
  Operating conditions:   ssg_cworstt_max_0p81v_125c 
  Operating conditions:   tt_ctypical_max_0p90v_25c 
  Interconnect mode:      global
  Area mode:              physical library
============================================================


Path 1: MET (60 ps) Setup Check with Pin signed_mag_0/sign_re_stage1_reg/clk->sena
           View: func-slow-maxrc
          Group: I2C
     Startpoint: (R) rst_n
          Clock: (R) clk
       Endpoint: (R) signed_mag_0/sign_re_stage1_reg/sena
          Clock: (R) clk

                     Capture       Launch     
        Clock Edge:+     500            0     
        Drv Adjust:+       0            0     
       Src Latency:+       0            0     
       Net Latency:+     200 (I)      200 (I) 
           Arrival:=     700          200     
                                              
             Setup:-      15                  
       Uncertainty:-     125                  
     Required Time:=     560                  
      Launch Clock:-     200                  
       Input Delay:-     300                  
         Data Path:-       0                  
             Slack:=      60                  

Exceptions/Constraints:
  input_delay             300             topPPFilter_struct.s_line_18 

#-------------------------------------------------------------------------------------------------------------------
#            Timing Point              Flags   Arc   Edge      Cell        Fanout Load Trans Delay Arrival Instance 
#                                                                                 (fF)  (ps)  (ps)   (ps)  Location 
#-------------------------------------------------------------------------------------------------------------------
  rst_n                                (a,u)   -     R     (arrival)            5  3.8     0     0     500    (-,-) 
  signed_mag_0/sign_re_stage1_reg/sena -       -     R     unmapped_d_flop      5    -     -     0     500    (-,-) 
#-------------------------------------------------------------------------------------------------------------------

(u) : Net has unmapped pin(s).
(a) : Net has asynchronous load pins which are being considered ideal.


============================================================
  Generated by:           Genus(TM) Synthesis Solution 22.10-p001_1
  Generated on:           Jan 07 2025  08:57:21 am
  Module:                 pp_fir_u_0
  Operating conditions:   ssg_cworstt_max_0p81v_125c 
  Operating conditions:   tt_ctypical_max_0p90v_25c 
  Interconnect mode:      global
  Area mode:              physical library
============================================================


Path 1: MET (263 ps) Late External Delay Assertion at pin sign_im
           View: func-slow-maxrc
          Group: C2O
     Startpoint: (R) signed_mag_0/sign_im_reg/clk
          Clock: (R) clk
       Endpoint: (R) sign_im
          Clock: (R) clk

                     Capture       Launch     
        Clock Edge:+     500            0     
       Src Latency:+       0            0     
       Net Latency:+     200 (I)      200 (I) 
           Arrival:=     700          200     
                                              
      Output Delay:-      50                  
       Uncertainty:-     125                  
     Required Time:=     525                  
      Launch Clock:-     200                  
         Data Path:-      62                  
             Slack:=     263                  

Exceptions/Constraints:
  output_delay              50             topPPFilter_struct.s_line_20_545_1 

#------------------------------------------------------------------------------------------------------------
#        Timing Point          Flags    Arc   Edge      Cell        Fanout Load Trans Delay Arrival Instance 
#                                                                          (fF)  (ps)  (ps)   (ps)  Location 
#------------------------------------------------------------------------------------------------------------
  signed_mag_0/sign_im_reg/clk -       -      R     (arrival)         4358    -    25     0     200    (-,-) 
  signed_mag_0/sign_im_reg/q   (u)     clk->q R     unmapped_d_flop      1 10.8     0    62     262    (-,-) 
  sign_im                      -       -      R     (port)               -    -     -     0     262    (-,-) 
#------------------------------------------------------------------------------------------------------------

(u) : Net has unmapped pin(s).


============================================================
  Generated by:           Genus(TM) Synthesis Solution 22.10-p001_1
  Generated on:           Jan 07 2025  08:57:21 am
  Module:                 pp_fir_u_0
  Operating conditions:   ssg_cworstt_max_0p81v_125c 
  Operating conditions:   tt_ctypical_max_0p90v_25c 
  Interconnect mode:      global
  Area mode:              physical library
============================================================

No paths found


