============================================================
  Generated by:           Genus(TM) Synthesis Solution 22.10-p001_1
  Generated on:           Jan 07 2025  09:23:54 am
  Module:                 pp_fir_u_0
  Operating conditions:   ssg_cworstt_max_0p81v_125c 
  Operating conditions:   tt_ctypical_max_0p90v_25c 
  Interconnect mode:      spatial
  Area mode:              physical library
============================================================


Path 1: VIOLATED (-4 ps) Setup Check with Pin pp_fir_0_1_1/sum1_15_re_1_reg[23]/CK->SE
           View: func-slow-maxrc
          Group: I2C
     Startpoint: (R) enb_1_8_0
          Clock: (R) clk
       Endpoint: (F) pp_fir_0_1_1/sum1_15_re_1_reg[23]/SE
          Clock: (R) clk

                     Capture       Launch     
        Clock Edge:+     500            0     
        Drv Adjust:+       0            0     
       Src Latency:+       0            0     
       Net Latency:+     200 (I)      200 (I) 
           Arrival:=     700          200     
                                              
             Setup:-      31                  
       Uncertainty:-     125                  
     Required Time:=     544                  
      Launch Clock:-     200                  
       Input Delay:-     300                  
         Data Path:-      47                  
             Slack:=      -4                  

Exceptions/Constraints:
  input_delay             300             topPPFilter_struct.s_line_18_1_1 

#-----------------------------------------------------------------------------------------------------------------------------------------
#            Timing Point              Flags   Arc   Edge             Cell              Fanout Load Trans Delay Arrival      Instance     
#                                                                                              (fF)  (ps)  (ps)   (ps)       Location     
#-----------------------------------------------------------------------------------------------------------------------------------------
  enb_1_8_0                            -       -     R     (arrival)                        19 69.9     0     0     500             (-,-) 
  pp_fir_0_1_1/g8169/Y                 -       A->Y  R     BUF_X5M_A9PP140ZTUL_C30           2  7.3    11    17     517             (-,-) 
  pp_fir_0_1_1/g8168/Y                 -       A->Y  F     INV_X5M_A9PP140ZTUL_C30           4 13.0    14    10     528             (-,-) 
  pp_fir_0_1_1/g8166/Y                 -       A->Y  R     INV_X3P5M_A9PP140ZTUL_C30         5  8.8    16    13     541             (-,-) 
  pp_fir_0_1_1/g8165/Y                 -       A->Y  F     INV_X6M_A9PP140ZTUL_C30           4  4.5     8     6     547             (-,-) 
  pp_fir_0_1_1/sum1_15_re_1_reg[23]/SE -       -     F     SDFFRPQL_X1M_A9PP140ZTUL_C30      4    -     -     0     547  (4.2805,41.4100) 
#-----------------------------------------------------------------------------------------------------------------------------------------


