============================================================
  Generated by:           Genus(TM) Synthesis Solution 22.10-p001_1
  Generated on:           Jan 07 2025  09:23:54 am
  Module:                 pp_fir_u_0
  Operating conditions:   ssg_cworstt_max_0p81v_125c 
  Operating conditions:   tt_ctypical_max_0p90v_25c 
  Interconnect mode:      spatial
  Area mode:              physical library
============================================================


Path 1: MET (270 ps) Late External Delay Assertion at pin sign_im
           View: func-slow-maxrc
          Group: C2O
     Startpoint: (R) signed_mag_0_sign_im_reg/CK
          Clock: (R) clk
       Endpoint: (R) sign_im
          Clock: (R) clk

                     Capture       Launch     
        Clock Edge:+     500            0     
       Src Latency:+       0            0     
       Net Latency:+     200 (I)      200 (I) 
           Arrival:=     700          200     
                                              
      Output Delay:-      50                  
       Uncertainty:-     125                  
     Required Time:=     525                  
      Launch Clock:-     200                  
         Data Path:-      55                  
             Slack:=     270                  

Exceptions/Constraints:
  output_delay              50             topPPFilter_struct.s_line_20_545_1 

#----------------------------------------------------------------------------------------------------------------------------------
#        Timing Point         Flags   Arc   Edge            Cell              Fanout Load Trans Delay Arrival       Instance       
#                                                                                    (fF)  (ps)  (ps)   (ps)        Location       
#----------------------------------------------------------------------------------------------------------------------------------
  signed_mag_0_sign_im_reg/CK -       -     R     (arrival)                     3584    -    25     0     200                (-,-) 
  signed_mag_0_sign_im_reg/Q  -       CK->Q R     DFFRPQA_X1M_A9PP140ZTUL_C30      1 10.4    50    54     254  (107.4230,155.3920) 
  sign_im                     -       -     R     (port)                           -    -     -     0     255                (-,-) 
#----------------------------------------------------------------------------------------------------------------------------------


