  =================
   Message Summary
  =================
---------------------------------------------------------------------------------------------------------------------------------------------------------------------------------------------
|   Id    |  Sev  |Count|                                                                           Message Text                                                                            |
---------------------------------------------------------------------------------------------------------------------------------------------------------------------------------------------
|CFM-1    |Info   |    2|Wrote dofile.                                                                                                                                                      |
|CFM-5    |Info   |    1|Wrote formal verification information.                                                                                                                             |
|CPI-506  |Warning|    1|Command 'commit_power_intent' cannot proceed as there is no power intent loaded.                                                                                   |
|GLO-51   |Info   |   20|Hierarchical instance automatically ungrouped.                                                                                                                     |
|         |       |     |Hierarchical instances can be automatically ungrouped to allow for better area or timing optimization. To prevent this ungroup, set the root-level attribute       |
|         |       |     | 'auto_ungroup' to 'none'. You can also prevent individual ungroup with setting the attribute 'ungroup_ok' of instances or modules to 'false'.                     |
|INVS-8   |Info   |    2|Innovus executable found.                                                                                                                                          |
|         |       |     |The specified Innovus executable will be used for the Innovus batch jobs.                                                                                          |
|INVS-13  |Info   |    1|The design has been changed by Innovus.                                                                                                                            |
|         |       |     |The design was changed during QoS prediction. This may include netlist structural changes.                                                                         |
|INVS-18  |Info   |    1|The following executable version was used for the Innovus session.                                                                                                 |
|         |       |     |The specified Innovus version was used for the Innovus batch job.                                                                                                  |
|MESG-6   |Warning|   12|Message truncated because it exceeds the maximum length of 4096 characters.                                                                                        |
|         |       |     |By default messages are limited to 4096 characters. All characters after the 4096 character limit are truncated. To remove this limit, set the message attribute   |
|         |       |     | 'truncate' to 'false'. However, this may dramatically increase the size of the log file.                                                                          |
|MESG-11  |Warning|   18|Maximum message print count reached.                                                                                                                               |
|MMMC-100 |Warning|    2|The given constraint mode is dangling and is not associated with any analysis_view.                                                                                |
|         |       |     |No timing modes with name INACTIVE_<constraint_mode> will be created. The constraints will not be maintained/renamed for this constraint mode during the flow.     |
|PHYS-12  |Warning|    1|The variant range of wire parameters is too large. An example of wire parameters are, a WIDTH for layer, PITCH for layer, MINSPACING for layers, etc.              |
|         |       |     |Check the consistency of the parameters, and see if you can ignore this message or you're using different LEF file with wrong parameters.                          |
|PHYS-25  |Warning|    1|Minimum width of layer in LEF does not match minimum width of layer in cap table.                                                                                  |
|         |       |     |Compare the layer MinWidth of the cap_table_file with the MinWidth (WIDTH)                                                                                         |
|         |       |     | of the corresponding layer in LEF. Set the attribute 'shrink_factor' to adjust the MinWidth layer value in the captable file                                      |
|PHYS-52  |Info   |    1|Physical information has been annotated.                                                                                                                           |
|         |       |     |The physical information for the design has been prepared and annotated.                                                                                           |
|PHYS-90  |Info   |    3|Generating design database.                                                                                                                                        |
|         |       |     |The database contains all the files required to restore the design in the specified application.                                                                   |
|PHYS-256 |Warning|    3|Annotated physical data will be ignored for timing analysis.                                                                                                       |
|PHYS-262 |Warning|    3|Small lumped capacitance will be ignored.                                                                                                                          |
|PHYS-280 |Warning|    4|Duplicate via definition.                                                                                                                                          |
|         |       |     |Only one via definition allowed. Check LEF and DEF via definitions.                                                                                                |
|PHYS-420 |Info   |    1|The original location attributes have been populated.                                                                                                              |
|         |       |     |The original location attributes have been populated.                                                                                                              |
|PHYS-422 |Info   |    1|Highlight statistics.                                                                                                                                              |
|         |       |     |Printing movement highlight statistics.                                                                                                                            |
|PHYS-502 |Warning|    1|Inconsistency detected in the units specified among the timing libraries being used.                                                                               |
|         |       |     |Timing or Capacitance units are inconsistent among the timing libraries being used. Innovus will use default system time/capacitance unit of 1ns/1pF respectively. |
|         |       |     | Use the 'set_library_unit' command in postload script to set a specific time/capacitance unit.                                                                    |
|PHYS-752 |Info   |    1|Partition Based Synthesis execution skipped.                                                                                                                       |
|PHYS-1025|Warning|    1|Path-groups have been reset before iSpatial.                                                                                                                       |
|         |       |     |Recreation of path-groups is left to the user after iSpatial for reporting.                                                                                        |
|RPT-16   |Info   |    1|Joules engine is used.                                                                                                                                             |
|ST-110   |Info   |    7|Connection established with super-threading server.                                                                                                                |
|         |       |     |The tool is entering super-threading mode and has established a connection with a CPU server process.  This is enabled by the root attributes                      |
|         |       |     | 'super_thread_servers' or 'auto_super_thread'.                                                                                                                    |
|ST-112   |Info   |    7|A super-threading server has been shut down normally.                                                                                                              |
|         |       |     |A super-threaded optimization is complete and a CPU server was successfully shut down.                                                                             |
|ST-128   |Info   |    1|Super thread servers are launched successfully.                                                                                                                    |
|SYNTH-2  |Info   |    1|Done synthesizing.                                                                                                                                                 |
|SYNTH-4  |Info   |    1|Mapping.                                                                                                                                                           |
|SYNTH-5  |Info   |    1|Done mapping.                                                                                                                                                      |
|TIM-45   |Info   |    1|AAE enabled for delay calculation.                                                                                                                                 |
|TUI-32   |Warning|    1|This attribute will be obsolete in a next major release.                                                                                                           |
|TUI-58   |Info   |    6|Removed object.                                                                                                                                                    |
|TUI-78   |Warning|   20|A required object parameter could not be found.                                                                                                                    |
|         |       |     |Check if a previous get_db or find returned an empty string.                                                                                                       |
---------------------------------------------------------------------------------------------------------------------------------------------------------------------------------------------
