 ------------------------------------------------------------------------------------------------------------------------------------------------------ 
| Snapshot                | WNS                  | TNS                  | Density (%) | Hotspot      | Resource               | DRVs       | Layer-OPT |
|                         | HEPG (ns) | ALL (ns) | HEPG (ns) | ALL (ns) |             | Max  | Total | Real (s) | Memory (MB) | Tran | Cap | M8        |
|-------------------------+-----------+----------+-----------+----------+-------------+------+-------+----------+-------------+------+-----+-----------|
| initial_summary         |    -0.021 |   -0.040 |           |      -38 |       79.22 |      |       | 0:00:05  |        5289 |    0 |   0 |           |
| route_type_refinement   |           |          |           |          |             |      |       | 0:00:01  |        5290 |      |     |        29 |
| simplify_netlist        |           |          |           |          |             |      |       | 0:00:04  |        5311 |      |     |           |
| excluded_clk_net_fixing |           |          |           |          |             |      |       | 0:00:00  |        5311 |      |     |           |
| global_opt              |           |   -0.040 |           |      -40 |       79.49 |      |       | 0:00:07  |        5538 |      |     |        29 |
| global_opt_2            |           |   -0.040 |           |      -39 |       79.54 |      |       | 0:00:11  |        5629 |      |     |        30 |
| area_reclaiming         |    -0.016 |   -0.037 |        -1 |      -39 |       76.91 |      |       | 0:00:08  |        5608 |      |     |        28 |
| wns_fixing              |     0.004 |   -0.039 |         0 |      -41 |       80.62 |      |       | 0:01:20  |        6796 |      |     |        40 |
| tns_fixing              |     0.005 |   -0.039 |         0 |      -34 |       83.01 |      |       | 0:00:38  |        6801 |      |     |        66 |
| area_reclaiming_2       |    -0.001 |   -0.032 |        -0 |      -34 |       81.94 |      |       | 0:00:08  |        6220 |      |     |        73 |
| area_reclaiming_3       |    -0.003 |   -0.029 |        -0 |      -35 |       79.17 |      |       | 0:00:08  |        6206 |      |     |        51 |
| local_wire_reclaim      |           |          |           |          |             |      |       | 0:00:22  |        6197 |      |     |           |
| global_route            |           |          |           |          |             | 0.00 |  0.00 | 0:00:03  |        5972 |      |     |           |
| route_type_refinement_2 |           |          |           |          |             |      |       | 0:00:00  |        5972 |      |     |        51 |
| drv_eco_fixing          |    -0.010 |   -0.032 |        -0 |      -30 |       79.17 |      |       | 0:00:03  |        6046 |    0 |   0 |        51 |
| tns_eco_fixing          |    -0.001 |   -0.034 |        -0 |      -27 |       80.23 |      |       | 0:00:29  |        6900 |      |     |        53 |
| tns_eco_fixing_2        |    -0.001 |   -0.034 |        -0 |      -27 |       80.23 |      |       | 0:00:05  |        6754 |      |     |        53 |
| final_summary           |    -0.003 |   -0.034 |           |      -27 |       80.23 | 0.00 |  0.00 | 0:00:04  |        6117 |    0 |   0 |           |
 ------------------------------------------------------------------------------------------------------------------------------------------------------ 
