============================================================
  Generated by:           Genus(TM) Synthesis Solution 22.10-p001_1
  Generated on:           Jan 12 2025  10:48:41 am
  Module:                 pp_fir_u_1
  Library domain:         timing_cond_wcl_slow
    Domain index:         0
    Technology library:   sc9mcpp140z_cln28ht_base_lvt_c30_ssg_cworstt_max_0p81v_125c 1.0
  Library domain:         timing_cond_wcl_fast
    Domain index:         1
    Technology library:   sc9mcpp140z_cln28ht_base_lvt_c30_ffg_cbestt_min_0p99v_m40c 1.0
  Library domain:         timing_cond_wcl_typical
    Domain index:         2
    Technology library:   sc9mcpp140z_cln28ht_base_lvt_c30_tt_ctypical_max_0p90v_25c 1.0
  Operating conditions:   ssg_cworstt_max_0p81v_125c 
  Operating conditions:   ffg_cbestt_min_0p99v_m40c 
  Operating conditions:   tt_ctypical_max_0p90v_25c 
  Interconnect mode:      placement
  Area mode:              physical library
============================================================

Timing
--------

  Analysis view  Clock Period 
------------------------------
view_wcl_slow    clk    500.0 
view_wcl_fast    clk    500.0 
view_wcl_typical clk    500.0 


    Analysis       Cost   Critical        Violating 
      View        Group  Path Slack  TNS    Paths   
----------------------------------------------------
view_wcl_slow        clk       -0.4 -2.2         12 
                 default   No paths  0.0          0 
----------------------------------------------------
Total                               -2.2         12 
                                                    
view_wcl_fast        clk       38.1  0.0          0 
                 default   No paths  0.0          0 
----------------------------------------------------
Total                               -0.0          0 
                                                    
view_wcl_typical     clk       24.2  0.0          0 
                 default   No paths  0.0          0 
----------------------------------------------------
Total                               -0.0          0 
                                                    

Instance Count
--------------
Leaf Instance Count             23378 
Physical Instance count          1006 
Sequential Instance Count        3678 
Combinational Instance Count    19700 
Hierarchical Instance Count         1 

Area
----
Cell Area                          26075.448
Physical Cell Area                 532.980
Total Cell Area (Cell+Physical)    26608.428
Net Area                           8302.160
Total Area (Cell+Physical+Net)     34910.588

Floorplan Utilization              70.88%
Runtime                            221.58552200000003 seconds
Elapsed Runtime                    2689 seconds
Genus peak memory usage            4022.55 
Innovus peak memory usage          3550.347656 
Hostname                           cluster15.lan.ece

Physical Data
-------------
Total Net Length                   166043.20 um
Average Net Length                 6.73 um
