============================================================
  Generated by:           Genus(TM) Synthesis Solution 22.10-p001_1
  Generated on:           Jan 12 2025  10:21:17 am
  Module:                 pp_fir_u_1
  Library domain:         timing_cond_wcl_slow
    Domain index:         0
    Technology library:   sc9mcpp140z_cln28ht_base_lvt_c30_ssg_cworstt_max_0p81v_125c 1.0
  Library domain:         timing_cond_wcl_fast
    Domain index:         1
    Technology library:   sc9mcpp140z_cln28ht_base_lvt_c30_ffg_cbestt_min_0p99v_m40c 1.0
  Library domain:         timing_cond_wcl_typical
    Domain index:         2
    Technology library:   sc9mcpp140z_cln28ht_base_lvt_c30_tt_ctypical_max_0p90v_25c 1.0
  Operating conditions:   ssg_cworstt_max_0p81v_125c 
  Operating conditions:   ffg_cbestt_min_0p99v_m40c 
  Operating conditions:   tt_ctypical_max_0p90v_25c 
  Interconnect mode:      spatial
  Area mode:              physical library
============================================================

             Instance                         Module              Cell Count  Cell Area  Net Area   Total Area 
---------------------------------------------------------------------------------------------------------------
pp_fir_u_1                                                             24750  41986.341    73.812    42060.153 
  pp_fir_1_1_1                    pp_fir_1                             23087  37069.183     0.000    37069.183 
    ADD_TC_OP                     add_signed                             118    175.555     0.000      175.555 
    ADD_TC_OP3984                 add_signed                             118    175.555     0.000      175.555 
    add_482_34                    add_signed_2896                        159    204.361     0.000      204.361 
    add_483_34                    add_signed_2896                        159    204.361     0.000      204.361 
    add_597_34                    add_signed_387                         160    208.165     0.000      208.165 
    add_598_34                    add_signed_387                         160    208.165     0.000      208.165 
    add_618_34                    add_signed_309_37_2881                 190    246.755     0.000      246.755 
    add_619_34                    add_signed_309_37_2881                 190    246.755     0.000      246.755 
    add_733_34                    add_signed_389                         186    241.863     0.000      241.863 
    add_734_34                    add_signed_389                         186    241.863     0.000      241.863 
    add_848_34                    add_signed_391                         201    261.973     0.000      261.973 
    add_849_34                    add_signed_391                         201    261.973     0.000      261.973 
    add_869_34                    add_signed_309_37_2885                 216    282.083     0.000      282.083 
    add_870_34                    add_signed_309_37_2885                 216    282.083     0.000      282.083 
    add_890_34                    add_signed_309_37                      215    280.996     0.000      280.996 
    add_891_34                    add_signed_309_37                      215    280.996     0.000      280.996 
    add_1005_34                   add_signed_393                         215    280.996     0.000      280.996 
    add_1006_34                   add_signed_393                         215    280.996     0.000      280.996 
    add_1120_35                   add_signed_395                         185    241.320     0.000      241.320 
    add_1121_35                   add_signed_395                         185    241.320     0.000      241.320 
    add_1141_34                   add_signed_283                         206    268.495     0.000      268.495 
    add_1142_34                   add_signed_283                         206    268.495     0.000      268.495 
    add_1256_35                   add_signed_397                         168    218.492     0.000      218.492 
    add_1257_35                   add_signed_397                         168    218.492     0.000      218.492 
    add_1369_35                   add_signed_399                         134    172.293     0.000      172.293 
    add_1370_35                   add_signed_399                         134    172.293     0.000      172.293 
    add_1390_34                   add_signed_309_37_2878                 191    248.385     0.000      248.385 
    add_1391_34                   add_signed_309_37_2878                 191    248.385     0.000      248.385 
    add_1411_34                   add_signed_309_37_2880                 215    280.996     0.000      280.996 
    add_1412_34                   add_signed_309_37_2880                 215    280.996     0.000      280.996 
    csa_tree_ADD_TC_OP_groupi     csa_tree_ADD_TC_OP_group_26067         502    661.998     0.000      661.998 
    csa_tree_ADD_TC_OP_groupi3985 csa_tree_ADD_TC_OP_group_26067         502    661.998     0.000      661.998 
    csa_tree_ADD_TC_OP_groupi3986 csa_tree_ADD_TC_OP_group_24858         286    374.480     0.000      374.480 
    csa_tree_ADD_TC_OP_groupi3987 csa_tree_ADD_TC_OP_group_24858         286    374.480     0.000      374.480 
    csa_tree_ADD_TC_OP_groupi3988 csa_tree_ADD_TC_OP_group_22827         561    744.612     0.000      744.612 
    csa_tree_ADD_TC_OP_groupi3989 csa_tree_ADD_TC_OP_group_22827         561    744.612     0.000      744.612 
    csa_tree_ADD_TC_OP_groupi3990 csa_tree_ADD_TC_OP_group_20949         480    633.736     0.000      633.736 
    csa_tree_ADD_TC_OP_groupi3991 csa_tree_ADD_TC_OP_group_20949         480    633.736     0.000      633.736 
    csa_tree_ADD_TC_OP_groupi3992 csa_tree_ADD_TC_OP_group_19185         489    649.497     0.000      649.497 
    csa_tree_ADD_TC_OP_groupi3993 csa_tree_ADD_TC_OP_group_19185         489    649.497     0.000      649.497 
    csa_tree_ADD_TC_OP_groupi3994 csa_tree_ADD_TC_OP_group_17378         490    651.128     0.000      651.128 
    csa_tree_ADD_TC_OP_groupi3995 csa_tree_ADD_TC_OP_group_17378         490    651.128     0.000      651.128 
    csa_tree_ADD_TC_OP_groupi3996 csa_tree_ADD_TC_OP_group_14513         808   1072.894     0.000     1072.894 
    csa_tree_ADD_TC_OP_groupi3997 csa_tree_ADD_TC_OP_group_14513         808   1072.894     0.000     1072.894 
    csa_tree_ADD_TC_OP_groupi3998 csa_tree_ADD_TC_OP_group_11484         802   1062.567     0.000     1062.567 
    csa_tree_ADD_TC_OP_groupi3999 csa_tree_ADD_TC_OP_group_11484         802   1062.567     0.000     1062.567 
    csa_tree_ADD_TC_OP_groupi4000 csa_tree_ADD_TC_OP_group_8918          675    896.252     0.000      896.252 
    csa_tree_ADD_TC_OP_groupi4001 csa_tree_ADD_TC_OP_group_8918          675    896.252     0.000      896.252 
    csa_tree_ADD_TC_OP_groupi4002 csa_tree_ADD_TC_OP_group_6715          589    783.202     0.000      783.202 
    csa_tree_ADD_TC_OP_groupi4003 csa_tree_ADD_TC_OP_group_6715          589    783.202     0.000      783.202 
    csa_tree_ADD_TC_OP_groupi4004 csa_tree_ADD_TC_OP_group_5093          423    554.926     0.000      554.926 
    csa_tree_ADD_TC_OP_groupi4005 csa_tree_ADD_TC_OP_group_5093          423    554.926     0.000      554.926 
    csa_tree_ADD_TC_OP_groupi4006 csa_tree_ADD_TC_OP_group_3509          419    554.926     0.000      554.926 
    csa_tree_ADD_TC_OP_groupi4007 csa_tree_ADD_TC_OP_group_3509          419    554.926     0.000      554.926 
    csa_tree_ADD_TC_OP_groupi4008 csa_tree_ADD_TC_OP_group_1933          418    552.752     0.000      552.752 
    csa_tree_ADD_TC_OP_groupi4009 csa_tree_ADD_TC_OP_group_1933          418    552.752     0.000      552.752 
    csa_tree_ADD_TC_OP_groupi4010 csa_tree_ADD_TC_OP_group_2             347    459.812     0.000      459.812 
    csa_tree_ADD_TC_OP_groupi4011 csa_tree_ADD_TC_OP_group_2             347    459.812     0.000      459.812 
