###############################################################
#  Generated by:      Cadence Innovus 23.10-p003_1
#  OS:                Linux x86_64(Host ID tc180)
#  Generated on:      Wed Feb 19 13:57:00 2025
#  Design:            pp_fir_u_0
#  Command:           report_skew_groups -out_file RPT/rskg_full.rpt
###############################################################

Skew Group Structure:
=====================

---------------------------------------------------------------------------------
Skew Group                    Sources    Constrained Sinks    Unconstrained Sinks
---------------------------------------------------------------------------------
clk/functional_wcl_typical       1             3588                    0
---------------------------------------------------------------------------------

Skew Group Summary:
===================

------------------------------------------------------------------------------------------------------------------------------------------------------------------------------------------------
Timing Corner                          Skew Group                    ID Target    Min ID    Max ID    Avg ID    Std.Dev. ID    Skew Target Type    Skew Target    Skew     Skew window occupancy
------------------------------------------------------------------------------------------------------------------------------------------------------------------------------------------------
delay_corner_wcl_slow:both.early       clk/functional_wcl_typical        -        0.182     0.208     0.196        0.006       ignored                  -         0.025              -
delay_corner_wcl_slow:both.late        clk/functional_wcl_typical    *0.200       0.186     0.210     0.200        0.006       explicit            *0.010         0.024    59.5% {0.195, 0.205}
delay_corner_wcl_fast:both.early       clk/functional_wcl_typical        -        0.108     0.122     0.114        0.003       ignored                  -         0.014              -
delay_corner_wcl_fast:both.late        clk/functional_wcl_typical        -        0.110     0.124     0.116        0.003       ignored                  -         0.014              -
delay_corner_wcl_typical:both.early    clk/functional_wcl_typical        -        0.139     0.157     0.148        0.004       ignored                  -         0.017              -
delay_corner_wcl_typical:both.late     clk/functional_wcl_typical        -        0.142     0.159     0.151        0.004       ignored                  -         0.017              -
------------------------------------------------------------------------------------------------------------------------------------------------------------------------------------------------

* - indicates that target was not met.

Skew Group Min/Max path pins:
=============================

---------------------------------------------------------------------------------------------------------
Timing Corner                          Skew Group                    Min ID    PathID    Max ID    PathID
---------------------------------------------------------------------------------------------------------
delay_corner_wcl_slow:both.early       clk/functional_wcl_typical    0.182        1      0.208        2
-    min signed_mag_0_mag_im_reg[221]/CK
-    max pp_fir_0_1_1/sum1_11_im_1_reg[6]/CK
delay_corner_wcl_slow:both.late        clk/functional_wcl_typical    0.186        3      0.210        4
-    min signed_mag_0_mag_im_reg[221]/CK
-    max pp_fir_0_1_1/sum1_11_im_1_reg[6]/CK
delay_corner_wcl_fast:both.early       clk/functional_wcl_typical    0.108        5      0.122        6
-    min signed_mag_0_mag_im_reg[221]/CK
-    max pp_fir_0_1_1/Delay_Pipeline_reg_im_reg[28][14]/CK
delay_corner_wcl_fast:both.late        clk/functional_wcl_typical    0.110        7      0.124        8
-    min signed_mag_0_mag_im_reg[163]/CK
-    max pp_fir_0_1_1/Delay_Pipeline_reg_im_reg[28][14]/CK
delay_corner_wcl_typical:both.early    clk/functional_wcl_typical    0.139        9      0.157       10
-    min signed_mag_0_mag_im_reg[163]/CK
-    max pp_fir_0_1_1/Delay_Pipeline_reg_im_reg[27][5]/CK
delay_corner_wcl_typical:both.late     clk/functional_wcl_typical    0.142       11      0.159       12
-    min signed_mag_0_mag_im_reg[221]/CK
-    max signed_mag_0_mag_re_reg[194]/CK
---------------------------------------------------------------------------------------------------------

Timing for timing corner delay_corner_wcl_slow:both.early, min clock_path:
==========================================================================

PathID    : 1
Path type : skew group clk/functional_wcl_typical (path 1 of 1)
Start     : clk
End       : signed_mag_0_mag_im_reg[221]/CK
Delay     : 0.182

-----------------------------------------------------------------------------------------------------------------
Name  Lib cell                   Event  Incr   Arrival  Slew   Cap    Location           Distance  Fanout  Status
                                        (ns)   (ns)     (ns)   (pF)                      (um)              
-- Clockpath trace ----------------------------------------------------------------------------------------------
clk
-     -                          rise   -       0.000   0.004  0.032  (102.020,179.950)  -           5     
CTS_cdb_inv_00427/A
-     INV_X2B_A9PP140ZTL_C30     rise   0.001   0.001   0.005  -      (105.720,175.850)    7.800   -       
CTS_cdb_inv_00427/Y
-     INV_X2B_A9PP140ZTL_C30     fall   0.013   0.013   0.020  0.005  (105.860,176.050)    0.340     1     
CTS_cdb_inv_00428/A
-     INV_X2B_A9PP140ZTL_C30     fall   0.001   0.014   0.020  -      (127.840,169.550)   28.480   -       
CTS_cdb_inv_00428/Y
-     INV_X2B_A9PP140ZTL_C30     rise   0.015   0.029   0.018  0.005  (127.700,169.350)    0.340     1     
CTS_cdb_inv_00429/A
-     INV_X2B_A9PP140ZTL_C30     rise   0.001   0.029   0.018  -      (110.340,157.850)   28.860   -       
CTS_cdb_inv_00429/Y
-     INV_X2B_A9PP140ZTL_C30     fall   0.017   0.046   0.024  0.005  (110.200,158.050)    0.340     1     
CTS_cdb_inv_00430/A
-     INV_X2B_A9PP140ZTL_C30     fall   0.001   0.047   0.024  -      (94.660,174.950)    32.440   -       
CTS_cdb_inv_00430/Y
-     INV_X2B_A9PP140ZTL_C30     rise   0.017   0.064   0.020  0.005  (94.520,174.750)     0.340     1     
CTS_cdb_inv_00431/A
-     INV_X2B_A9PP140ZTL_C30     rise   0.001   0.064   0.020  -      (123.220,179.450)   33.400   -       
CTS_cdb_inv_00431/Y
-     INV_X2B_A9PP140ZTL_C30     fall   0.018   0.082   0.025  0.005  (123.360,179.650)    0.340     1     
CTS_cdb_inv_00432/A
-     INV_X2B_A9PP140ZTL_C30     fall   0.001   0.083   0.025  -      (106.140,164.150)   32.720   -       
CTS_cdb_inv_00432/Y
-     INV_X2B_A9PP140ZTL_C30     rise   0.017   0.100   0.021  0.005  (106.000,163.950)    0.340     1     
CTS_ccl_a_inv_00393/A
-     INV_X6B_A9PP140ZTL_C30     rise   0.000   0.100   0.021  -      (115.940,169.550)   15.540   -       
CTS_ccl_a_inv_00393/Y
-     INV_X6B_A9PP140ZTL_C30     fall   0.014   0.114   0.021  0.011  (115.800,169.750)    0.340     2     
CTS_ccl_a_inv_00387/A
-     INV_X4B_A9PP140ZTL_C30     fall   0.002   0.116   0.021  -      (170.680,169.550)   55.080   -       
CTS_ccl_a_inv_00387/Y
-     INV_X4B_A9PP140ZTL_C30     rise   0.013   0.130   0.016  0.008  (170.820,169.750)    0.340     2     
CTS_ccl_a_inv_00369/A
-     INV_X4B_A9PP140ZTL_C30     rise   0.000   0.130   0.016  -      (169.980,171.350)    2.440   -       
CTS_ccl_a_inv_00369/Y
-     INV_X4B_A9PP140ZTL_C30     fall   0.014   0.144   0.019  0.008  (169.840,171.550)    0.340     3     
CTS_ccl_a_inv_00331/A
-     INV_X6B_A9PP140ZTL_C30     fall   0.000   0.144   0.019  -      (168.440,174.050)    3.900   -       
CTS_ccl_a_inv_00331/Y
-     INV_X6B_A9PP140ZTL_C30     rise   0.013   0.157   0.015  0.012  (168.580,173.850)    0.340     3     
CTS_ccl_a_inv_00251/A
-     INV_X6B_A9PP140ZTL_C30     rise   0.001   0.158   0.015  -      (176.280,174.050)    7.900   -       
CTS_ccl_a_inv_00251/Y
-     INV_X6B_A9PP140ZTL_C30     fall   0.015   0.173   0.021  0.013  (176.420,173.850)    0.340     3     
CTS_ccl_a_inv_00071/A
-     INV_X6B_A9PP140ZTL_C30     fall   0.001   0.173   0.021  -      (173.900,174.050)    2.720   -       
CTS_ccl_a_inv_00071/Y
-     INV_X6B_A9PP140ZTL_C30     rise   0.009   0.182   0.011  0.005  (174.040,173.850)    0.340     7     
signed_mag_0_mag_im_reg[221]/CK
-     DFFRPQ_X1M_A9PP140ZTL_C30  rise   0.000   0.182   0.011  -      (172.500,174.950)    2.640   -       
-----------------------------------------------------------------------------------------------------------------

Timing for timing corner delay_corner_wcl_slow:both.early, max clock_path:
==========================================================================

PathID    : 2
Path type : skew group clk/functional_wcl_typical (path 1 of 1)
Start     : clk
End       : pp_fir_0_1_1/sum1_11_im_1_reg[3]/CK
Delay     : 0.208

-----------------------------------------------------------------------------------------------------------------
Name  Lib cell                   Event  Incr   Arrival  Slew   Cap    Location           Distance  Fanout  Status
                                        (ns)   (ns)     (ns)   (pF)                      (um)              
-- Clockpath trace ----------------------------------------------------------------------------------------------
clk
-     -                          rise   -       0.000   0.004  0.032  (102.020,179.950)  -            5    
pp_fir_0_1_1/CTS_ccl_a_inv_00396/A
-     INV_X6B_A9PP140ZTL_C30     rise   0.010   0.010   0.023  -      (116.640,81.350)   113.220   -       
pp_fir_0_1_1/CTS_ccl_a_inv_00396/Y
-     INV_X6B_A9PP140ZTL_C30     fall   0.013   0.023   0.020  0.009  (116.500,81.550)     0.340      1    
pp_fir_0_1_1/CTS_cdb_inv_00447/A
-     INV_X2B_A9PP140ZTL_C30     fall   0.002   0.026   0.020  -      (126.020,23.750)    67.320   -       
pp_fir_0_1_1/CTS_cdb_inv_00447/Y
-     INV_X2B_A9PP140ZTL_C30     rise   0.012   0.038   0.014  0.003  (126.160,23.550)     0.340      1    
pp_fir_0_1_1/CTS_cdb_inv_00448/A
-     INV_X2B_A9PP140ZTL_C30     rise   0.000   0.038   0.014  -      (136.660,19.250)    14.800   -       
pp_fir_0_1_1/CTS_cdb_inv_00448/Y
-     INV_X2B_A9PP140ZTL_C30     fall   0.017   0.055   0.024  0.006  (136.800,19.450)     0.340      1    
pp_fir_0_1_1/CTS_cdb_inv_00449/A
-     INV_X2B_A9PP140ZTL_C30     fall   0.001   0.055   0.024  -      (124.340,42.650)    35.660   -       
pp_fir_0_1_1/CTS_cdb_inv_00449/Y
-     INV_X2B_A9PP140ZTL_C30     rise   0.009   0.064   0.011  0.001  (124.480,42.850)     0.340      1    
pp_fir_0_1_1/CTS_cpc_drv_inv_00466/A
-     INV_X2B_A9PP140ZTL_C30     rise   0.000   0.064   0.011  -      (125.320,43.550)     1.540   -       
pp_fir_0_1_1/CTS_cpc_drv_inv_00466/Y
-     INV_X2B_A9PP140ZTL_C30     fall   0.009   0.074   0.013  0.002  (125.180,43.350)     0.340      1    
pp_fir_0_1_1/CTS_cpc_drv_inv_00467/A
-     INV_X4B_A9PP140ZTL_C30     fall   0.000   0.074   0.013  -      (126.580,43.550)     1.600   -       
pp_fir_0_1_1/CTS_cpc_drv_inv_00467/Y
-     INV_X4B_A9PP140ZTL_C30     rise   0.010   0.084   0.012  0.006  (126.440,43.750)     0.340      1    
pp_fir_0_1_1/CTS_cdb_inv_00450/A
-     INV_X2B_A9PP140ZTL_C30     rise   0.001   0.085   0.012  -      (111.040,21.050)    38.100   -       
pp_fir_0_1_1/CTS_cdb_inv_00450/Y
-     INV_X2B_A9PP140ZTL_C30     fall   0.015   0.100   0.021  0.005  (111.180,21.250)     0.340      1    
pp_fir_0_1_1/CTS_cdb_inv_00451/A
-     INV_X2B_A9PP140ZTL_C30     fall   0.001   0.101   0.021  -      (129.100,8.450)     30.720   -       
pp_fir_0_1_1/CTS_cdb_inv_00451/Y
-     INV_X2B_A9PP140ZTL_C30     rise   0.015   0.116   0.018  0.005  (129.240,8.650)      0.340      1    
pp_fir_0_1_1/CTS_cdb_inv_00452/A
-     INV_X2B_A9PP140ZTL_C30     rise   0.001   0.116   0.018  -      (127.840,34.550)    27.300   -       
pp_fir_0_1_1/CTS_cdb_inv_00452/Y
-     INV_X2B_A9PP140ZTL_C30     fall   0.013   0.129   0.017  0.003  (127.700,34.350)     0.340      1    
pp_fir_0_1_1/CTS_ccl_a_inv_00391/A
-     INV_X4B_A9PP140ZTL_C30     fall   0.000   0.129   0.017  -      (128.400,27.350)     7.700   -       
pp_fir_0_1_1/CTS_ccl_a_inv_00391/Y
-     INV_X4B_A9PP140ZTL_C30     rise   0.014   0.143   0.017  0.009  (128.260,27.550)     0.340      2    
pp_fir_0_1_1/CTS_ccl_a_inv_00382/A
-     INV_X6B_A9PP140ZTL_C30     rise   0.001   0.144   0.017  -      (156.960,29.150)    30.300   -       
pp_fir_0_1_1/CTS_ccl_a_inv_00382/Y
-     INV_X6B_A9PP140ZTL_C30     fall   0.014   0.158   0.020  0.012  (156.820,29.350)     0.340      3    
pp_fir_0_1_1/CTS_ccl_a_inv_00356/A
-     INV_X4B_A9PP140ZTL_C30     fall   0.001   0.159   0.021  -      (178.100,29.150)    21.480   -       
pp_fir_0_1_1/CTS_ccl_a_inv_00356/Y
-     INV_X4B_A9PP140ZTL_C30     rise   0.013   0.172   0.016  0.007  (177.960,29.350)     0.340      2    
pp_fir_0_1_1/CTS_ccl_a_inv_00318/A
-     INV_X4B_A9PP140ZTL_C30     rise   0.000   0.172   0.016  -      (179.220,24.650)     5.960   -       
pp_fir_0_1_1/CTS_ccl_a_inv_00318/Y
-     INV_X4B_A9PP140ZTL_C30     fall   0.017   0.190   0.025  0.011  (179.360,24.450)     0.340      3    
pp_fir_0_1_1/CTS_ccl_a_inv_00225/A
-     INV_X6B_A9PP140ZTL_C30     fall   0.001   0.190   0.025  -      (179.220,10.250)    14.340   -       
pp_fir_0_1_1/CTS_ccl_a_inv_00225/Y
-     INV_X6B_A9PP140ZTL_C30     rise   0.016   0.206   0.020  0.015  (179.080,10.050)     0.340     16    
pp_fir_0_1_1/sum1_11_im_1_reg[3]/CK
-     DFFRPQ_X1M_A9PP140ZTL_C30  rise   0.001   0.208   0.020  -      (180.620,3.950)      7.640   -       
-----------------------------------------------------------------------------------------------------------------

Timing for timing corner delay_corner_wcl_slow:both.late, min clock_path:
=========================================================================

PathID    : 3
Path type : skew group clk/functional_wcl_typical (path 1 of 1)
Start     : clk
End       : signed_mag_0_mag_im_reg[221]/CK
Delay     : 0.186

-----------------------------------------------------------------------------------------------------------------
Name  Lib cell                   Event  Incr   Arrival  Slew   Cap    Location           Distance  Fanout  Status
                                        (ns)   (ns)     (ns)   (pF)                      (um)              
-- Clockpath trace ----------------------------------------------------------------------------------------------
clk
-     -                          rise   -       0.000   0.004  0.032  (102.020,179.950)  -           5     
CTS_cdb_inv_00427/A
-     INV_X2B_A9PP140ZTL_C30     rise   0.001   0.001   0.005  -      (105.720,175.850)    7.800   -       
CTS_cdb_inv_00427/Y
-     INV_X2B_A9PP140ZTL_C30     fall   0.013   0.013   0.020  0.005  (105.860,176.050)    0.340     1     
CTS_cdb_inv_00428/A
-     INV_X2B_A9PP140ZTL_C30     fall   0.001   0.014   0.020  -      (127.840,169.550)   28.480   -       
CTS_cdb_inv_00428/Y
-     INV_X2B_A9PP140ZTL_C30     rise   0.015   0.029   0.018  0.005  (127.700,169.350)    0.340     1     
CTS_cdb_inv_00429/A
-     INV_X2B_A9PP140ZTL_C30     rise   0.001   0.030   0.018  -      (110.340,157.850)   28.860   -       
CTS_cdb_inv_00429/Y
-     INV_X2B_A9PP140ZTL_C30     fall   0.017   0.048   0.024  0.005  (110.200,158.050)    0.340     1     
CTS_cdb_inv_00430/A
-     INV_X2B_A9PP140ZTL_C30     fall   0.001   0.049   0.024  -      (94.660,174.950)    32.440   -       
CTS_cdb_inv_00430/Y
-     INV_X2B_A9PP140ZTL_C30     rise   0.017   0.065   0.020  0.005  (94.520,174.750)     0.340     1     
CTS_cdb_inv_00431/A
-     INV_X2B_A9PP140ZTL_C30     rise   0.001   0.067   0.020  -      (123.220,179.450)   33.400   -       
CTS_cdb_inv_00431/Y
-     INV_X2B_A9PP140ZTL_C30     fall   0.018   0.084   0.025  0.005  (123.360,179.650)    0.340     1     
CTS_cdb_inv_00432/A
-     INV_X2B_A9PP140ZTL_C30     fall   0.001   0.085   0.025  -      (106.140,164.150)   32.720   -       
CTS_cdb_inv_00432/Y
-     INV_X2B_A9PP140ZTL_C30     rise   0.017   0.103   0.021  0.005  (106.000,163.950)    0.340     1     
CTS_ccl_a_inv_00393/A
-     INV_X6B_A9PP140ZTL_C30     rise   0.001   0.103   0.021  -      (115.940,169.550)   15.540   -       
CTS_ccl_a_inv_00393/Y
-     INV_X6B_A9PP140ZTL_C30     fall   0.014   0.118   0.021  0.011  (115.800,169.750)    0.340     2     
CTS_ccl_a_inv_00387/A
-     INV_X4B_A9PP140ZTL_C30     fall   0.002   0.120   0.021  -      (170.680,169.550)   55.080   -       
CTS_ccl_a_inv_00387/Y
-     INV_X4B_A9PP140ZTL_C30     rise   0.013   0.133   0.016  0.008  (170.820,169.750)    0.340     2     
CTS_ccl_a_inv_00369/A
-     INV_X4B_A9PP140ZTL_C30     rise   0.000   0.133   0.016  -      (169.980,171.350)    2.440   -       
CTS_ccl_a_inv_00369/Y
-     INV_X4B_A9PP140ZTL_C30     fall   0.014   0.147   0.019  0.008  (169.840,171.550)    0.340     3     
CTS_ccl_a_inv_00331/A
-     INV_X6B_A9PP140ZTL_C30     fall   0.000   0.148   0.019  -      (168.440,174.050)    3.900   -       
CTS_ccl_a_inv_00331/Y
-     INV_X6B_A9PP140ZTL_C30     rise   0.013   0.161   0.015  0.012  (168.580,173.850)    0.340     3     
CTS_ccl_a_inv_00251/A
-     INV_X6B_A9PP140ZTL_C30     rise   0.001   0.161   0.015  -      (176.280,174.050)    7.900   -       
CTS_ccl_a_inv_00251/Y
-     INV_X6B_A9PP140ZTL_C30     fall   0.015   0.176   0.021  0.013  (176.420,173.850)    0.340     3     
CTS_ccl_a_inv_00071/A
-     INV_X6B_A9PP140ZTL_C30     fall   0.001   0.177   0.021  -      (173.900,174.050)    2.720   -       
CTS_ccl_a_inv_00071/Y
-     INV_X6B_A9PP140ZTL_C30     rise   0.009   0.186   0.011  0.005  (174.040,173.850)    0.340     7     
signed_mag_0_mag_im_reg[221]/CK
-     DFFRPQ_X1M_A9PP140ZTL_C30  rise   0.000   0.186   0.011  -      (172.500,174.950)    2.640   -       
-----------------------------------------------------------------------------------------------------------------

Timing for timing corner delay_corner_wcl_slow:both.late, max clock_path:
=========================================================================

PathID    : 4
Path type : skew group clk/functional_wcl_typical (path 1 of 1)
Start     : clk
End       : pp_fir_0_1_1/sum1_11_im_1_reg[3]/CK
Delay     : 0.210

-----------------------------------------------------------------------------------------------------------------
Name  Lib cell                   Event  Incr   Arrival  Slew   Cap    Location           Distance  Fanout  Status
                                        (ns)   (ns)     (ns)   (pF)                      (um)              
-- Clockpath trace ----------------------------------------------------------------------------------------------
clk
-     -                          rise   -       0.000   0.004  0.032  (102.020,179.950)  -            5    
pp_fir_0_1_1/CTS_ccl_a_inv_00396/A
-     INV_X6B_A9PP140ZTL_C30     rise   0.010   0.010   0.023  -      (116.640,81.350)   113.220   -       
pp_fir_0_1_1/CTS_ccl_a_inv_00396/Y
-     INV_X6B_A9PP140ZTL_C30     fall   0.013   0.023   0.020  0.009  (116.500,81.550)     0.340      1    
pp_fir_0_1_1/CTS_cdb_inv_00447/A
-     INV_X2B_A9PP140ZTL_C30     fall   0.002   0.026   0.020  -      (126.020,23.750)    67.320   -       
pp_fir_0_1_1/CTS_cdb_inv_00447/Y
-     INV_X2B_A9PP140ZTL_C30     rise   0.012   0.038   0.014  0.003  (126.160,23.550)     0.340      1    
pp_fir_0_1_1/CTS_cdb_inv_00448/A
-     INV_X2B_A9PP140ZTL_C30     rise   0.000   0.038   0.014  -      (136.660,19.250)    14.800   -       
pp_fir_0_1_1/CTS_cdb_inv_00448/Y
-     INV_X2B_A9PP140ZTL_C30     fall   0.017   0.055   0.024  0.006  (136.800,19.450)     0.340      1    
pp_fir_0_1_1/CTS_cdb_inv_00449/A
-     INV_X2B_A9PP140ZTL_C30     fall   0.001   0.056   0.024  -      (124.340,42.650)    35.660   -       
pp_fir_0_1_1/CTS_cdb_inv_00449/Y
-     INV_X2B_A9PP140ZTL_C30     rise   0.009   0.065   0.011  0.001  (124.480,42.850)     0.340      1    
pp_fir_0_1_1/CTS_cpc_drv_inv_00466/A
-     INV_X2B_A9PP140ZTL_C30     rise   0.000   0.065   0.011  -      (125.320,43.550)     1.540   -       
pp_fir_0_1_1/CTS_cpc_drv_inv_00466/Y
-     INV_X2B_A9PP140ZTL_C30     fall   0.009   0.075   0.013  0.002  (125.180,43.350)     0.340      1    
pp_fir_0_1_1/CTS_cpc_drv_inv_00467/A
-     INV_X4B_A9PP140ZTL_C30     fall   0.000   0.075   0.013  -      (126.580,43.550)     1.600   -       
pp_fir_0_1_1/CTS_cpc_drv_inv_00467/Y
-     INV_X4B_A9PP140ZTL_C30     rise   0.010   0.085   0.012  0.006  (126.440,43.750)     0.340      1    
pp_fir_0_1_1/CTS_cdb_inv_00450/A
-     INV_X2B_A9PP140ZTL_C30     rise   0.001   0.086   0.012  -      (111.040,21.050)    38.100   -       
pp_fir_0_1_1/CTS_cdb_inv_00450/Y
-     INV_X2B_A9PP140ZTL_C30     fall   0.015   0.101   0.021  0.005  (111.180,21.250)     0.340      1    
pp_fir_0_1_1/CTS_cdb_inv_00451/A
-     INV_X2B_A9PP140ZTL_C30     fall   0.001   0.102   0.021  -      (129.100,8.450)     30.720   -       
pp_fir_0_1_1/CTS_cdb_inv_00451/Y
-     INV_X2B_A9PP140ZTL_C30     rise   0.015   0.117   0.018  0.005  (129.240,8.650)      0.340      1    
pp_fir_0_1_1/CTS_cdb_inv_00452/A
-     INV_X2B_A9PP140ZTL_C30     rise   0.001   0.118   0.018  -      (127.840,34.550)    27.300   -       
pp_fir_0_1_1/CTS_cdb_inv_00452/Y
-     INV_X2B_A9PP140ZTL_C30     fall   0.013   0.131   0.017  0.003  (127.700,34.350)     0.340      1    
pp_fir_0_1_1/CTS_ccl_a_inv_00391/A
-     INV_X4B_A9PP140ZTL_C30     fall   0.000   0.131   0.017  -      (128.400,27.350)     7.700   -       
pp_fir_0_1_1/CTS_ccl_a_inv_00391/Y
-     INV_X4B_A9PP140ZTL_C30     rise   0.014   0.145   0.017  0.009  (128.260,27.550)     0.340      2    
pp_fir_0_1_1/CTS_ccl_a_inv_00382/A
-     INV_X6B_A9PP140ZTL_C30     rise   0.001   0.146   0.017  -      (156.960,29.150)    30.300   -       
pp_fir_0_1_1/CTS_ccl_a_inv_00382/Y
-     INV_X6B_A9PP140ZTL_C30     fall   0.014   0.160   0.020  0.012  (156.820,29.350)     0.340      3    
pp_fir_0_1_1/CTS_ccl_a_inv_00356/A
-     INV_X4B_A9PP140ZTL_C30     fall   0.001   0.161   0.021  -      (178.100,29.150)    21.480   -       
pp_fir_0_1_1/CTS_ccl_a_inv_00356/Y
-     INV_X4B_A9PP140ZTL_C30     rise   0.013   0.174   0.016  0.007  (177.960,29.350)     0.340      2    
pp_fir_0_1_1/CTS_ccl_a_inv_00318/A
-     INV_X4B_A9PP140ZTL_C30     rise   0.000   0.175   0.016  -      (179.220,24.650)     5.960   -       
pp_fir_0_1_1/CTS_ccl_a_inv_00318/Y
-     INV_X4B_A9PP140ZTL_C30     fall   0.017   0.192   0.025  0.011  (179.360,24.450)     0.340      3    
pp_fir_0_1_1/CTS_ccl_a_inv_00225/A
-     INV_X6B_A9PP140ZTL_C30     fall   0.001   0.193   0.025  -      (179.220,10.250)    14.340   -       
pp_fir_0_1_1/CTS_ccl_a_inv_00225/Y
-     INV_X6B_A9PP140ZTL_C30     rise   0.016   0.209   0.020  0.015  (179.080,10.050)     0.340     16    
pp_fir_0_1_1/sum1_11_im_1_reg[3]/CK
-     DFFRPQ_X1M_A9PP140ZTL_C30  rise   0.001   0.210   0.020  -      (180.620,3.950)      7.640   -       
-----------------------------------------------------------------------------------------------------------------

Timing for timing corner delay_corner_wcl_fast:both.early, min clock_path:
==========================================================================

PathID    : 5
Path type : skew group clk/functional_wcl_typical (path 1 of 1)
Start     : clk
End       : signed_mag_0_mag_im_reg[221]/CK
Delay     : 0.108

-----------------------------------------------------------------------------------------------------------------
Name  Lib cell                   Event  Incr   Arrival  Slew   Cap    Location           Distance  Fanout  Status
                                        (ns)   (ns)     (ns)   (pF)                      (um)              
-- Clockpath trace ----------------------------------------------------------------------------------------------
clk
-     -                          rise   -       0.000   0.004  0.034  (102.020,179.950)  -           5     
CTS_cdb_inv_00427/A
-     INV_X2B_A9PP140ZTL_C30     rise   0.000   0.000   0.004  -      (105.720,175.850)    7.800   -       
CTS_cdb_inv_00427/Y
-     INV_X2B_A9PP140ZTL_C30     fall   0.008   0.009   0.013  0.005  (105.860,176.050)    0.340     1     
CTS_cdb_inv_00428/A
-     INV_X2B_A9PP140ZTL_C30     fall   0.000   0.009   0.013  -      (127.840,169.550)   28.480   -       
CTS_cdb_inv_00428/Y
-     INV_X2B_A9PP140ZTL_C30     rise   0.009   0.018   0.011  0.005  (127.700,169.350)    0.340     1     
CTS_cdb_inv_00429/A
-     INV_X2B_A9PP140ZTL_C30     rise   0.000   0.018   0.011  -      (110.340,157.850)   28.860   -       
CTS_cdb_inv_00429/Y
-     INV_X2B_A9PP140ZTL_C30     fall   0.010   0.028   0.015  0.005  (110.200,158.050)    0.340     1     
CTS_cdb_inv_00430/A
-     INV_X2B_A9PP140ZTL_C30     fall   0.000   0.028   0.015  -      (94.660,174.950)    32.440   -       
CTS_cdb_inv_00430/Y
-     INV_X2B_A9PP140ZTL_C30     rise   0.010   0.038   0.012  0.005  (94.520,174.750)     0.340     1     
CTS_cdb_inv_00431/A
-     INV_X2B_A9PP140ZTL_C30     rise   0.000   0.038   0.012  -      (123.220,179.450)   33.400   -       
CTS_cdb_inv_00431/Y
-     INV_X2B_A9PP140ZTL_C30     fall   0.011   0.049   0.016  0.006  (123.360,179.650)    0.340     1     
CTS_cdb_inv_00432/A
-     INV_X2B_A9PP140ZTL_C30     fall   0.000   0.049   0.016  -      (106.140,164.150)   32.720   -       
CTS_cdb_inv_00432/Y
-     INV_X2B_A9PP140ZTL_C30     rise   0.010   0.059   0.013  0.005  (106.000,163.950)    0.340     1     
CTS_ccl_a_inv_00393/A
-     INV_X6B_A9PP140ZTL_C30     rise   0.000   0.060   0.013  -      (115.940,169.550)   15.540   -       
CTS_ccl_a_inv_00393/Y
-     INV_X6B_A9PP140ZTL_C30     fall   0.009   0.068   0.013  0.012  (115.800,169.750)    0.340     2     
CTS_ccl_a_inv_00387/A
-     INV_X4B_A9PP140ZTL_C30     fall   0.001   0.069   0.013  -      (170.680,169.550)   55.080   -       
CTS_ccl_a_inv_00387/Y
-     INV_X4B_A9PP140ZTL_C30     rise   0.008   0.077   0.010  0.008  (170.820,169.750)    0.340     2     
CTS_ccl_a_inv_00369/A
-     INV_X4B_A9PP140ZTL_C30     rise   0.000   0.077   0.010  -      (169.980,171.350)    2.440   -       
CTS_ccl_a_inv_00369/Y
-     INV_X4B_A9PP140ZTL_C30     fall   0.008   0.086   0.012  0.008  (169.840,171.550)    0.340     3     
CTS_ccl_a_inv_00331/A
-     INV_X6B_A9PP140ZTL_C30     fall   0.000   0.086   0.012  -      (168.440,174.050)    3.900   -       
CTS_ccl_a_inv_00331/Y
-     INV_X6B_A9PP140ZTL_C30     rise   0.008   0.094   0.009  0.012  (168.580,173.850)    0.340     3     
CTS_ccl_a_inv_00251/A
-     INV_X6B_A9PP140ZTL_C30     rise   0.000   0.094   0.009  -      (176.280,174.050)    7.900   -       
CTS_ccl_a_inv_00251/Y
-     INV_X6B_A9PP140ZTL_C30     fall   0.009   0.103   0.013  0.013  (176.420,173.850)    0.340     3     
CTS_ccl_a_inv_00071/A
-     INV_X6B_A9PP140ZTL_C30     fall   0.000   0.103   0.013  -      (173.900,174.050)    2.720   -       
CTS_ccl_a_inv_00071/Y
-     INV_X6B_A9PP140ZTL_C30     rise   0.005   0.108   0.006  0.005  (174.040,173.850)    0.340     7     
signed_mag_0_mag_im_reg[221]/CK
-     DFFRPQ_X1M_A9PP140ZTL_C30  rise   0.000   0.108   0.006  -      (172.500,174.950)    2.640   -       
-----------------------------------------------------------------------------------------------------------------

Timing for timing corner delay_corner_wcl_fast:both.early, max clock_path:
==========================================================================

PathID    : 6
Path type : skew group clk/functional_wcl_typical (path 1 of 1)
Start     : clk
End       : pp_fir_0_1_1/Delay_Pipeline_reg_im_reg[27][5]/CK
Delay     : 0.122

-----------------------------------------------------------------------------------------------------------------
Name  Lib cell                   Event  Incr   Arrival  Slew   Cap    Location           Distance  Fanout  Status
                                        (ns)   (ns)     (ns)   (pF)                      (um)              
-- Clockpath trace ----------------------------------------------------------------------------------------------
clk
-     -                          rise   -       0.000   0.004  0.034  (102.020,179.950)  -            5    
CTS_cdb_inv_00427/A
-     INV_X2B_A9PP140ZTL_C30     rise   0.000   0.000   0.004  -      (105.720,175.850)    7.800   -       
CTS_cdb_inv_00427/Y
-     INV_X2B_A9PP140ZTL_C30     fall   0.008   0.009   0.013  0.005  (105.860,176.050)    0.340      1    
CTS_cdb_inv_00428/A
-     INV_X2B_A9PP140ZTL_C30     fall   0.000   0.009   0.013  -      (127.840,169.550)   28.480   -       
CTS_cdb_inv_00428/Y
-     INV_X2B_A9PP140ZTL_C30     rise   0.009   0.018   0.011  0.005  (127.700,169.350)    0.340      1    
CTS_cdb_inv_00429/A
-     INV_X2B_A9PP140ZTL_C30     rise   0.000   0.018   0.011  -      (110.340,157.850)   28.860   -       
CTS_cdb_inv_00429/Y
-     INV_X2B_A9PP140ZTL_C30     fall   0.010   0.028   0.015  0.005  (110.200,158.050)    0.340      1    
CTS_cdb_inv_00430/A
-     INV_X2B_A9PP140ZTL_C30     fall   0.000   0.028   0.015  -      (94.660,174.950)    32.440   -       
CTS_cdb_inv_00430/Y
-     INV_X2B_A9PP140ZTL_C30     rise   0.010   0.038   0.012  0.005  (94.520,174.750)     0.340      1    
CTS_cdb_inv_00431/A
-     INV_X2B_A9PP140ZTL_C30     rise   0.000   0.038   0.012  -      (123.220,179.450)   33.400   -       
CTS_cdb_inv_00431/Y
-     INV_X2B_A9PP140ZTL_C30     fall   0.011   0.049   0.016  0.006  (123.360,179.650)    0.340      1    
CTS_cdb_inv_00432/A
-     INV_X2B_A9PP140ZTL_C30     fall   0.000   0.049   0.016  -      (106.140,164.150)   32.720   -       
CTS_cdb_inv_00432/Y
-     INV_X2B_A9PP140ZTL_C30     rise   0.010   0.059   0.013  0.005  (106.000,163.950)    0.340      1    
CTS_ccl_a_inv_00393/A
-     INV_X6B_A9PP140ZTL_C30     rise   0.000   0.060   0.013  -      (115.940,169.550)   15.540   -       
CTS_ccl_a_inv_00393/Y
-     INV_X6B_A9PP140ZTL_C30     fall   0.009   0.068   0.013  0.012  (115.800,169.750)    0.340      2    
CTS_ccl_a_inv_00387/A
-     INV_X4B_A9PP140ZTL_C30     fall   0.001   0.069   0.013  -      (170.680,169.550)   55.080   -       
CTS_ccl_a_inv_00387/Y
-     INV_X4B_A9PP140ZTL_C30     rise   0.008   0.077   0.010  0.008  (170.820,169.750)    0.340      2    
CTS_ccl_a_inv_00378/A
-     INV_X4B_A9PP140ZTL_C30     rise   0.000   0.077   0.010  -      (187.900,163.250)   23.580   -       
CTS_ccl_a_inv_00378/Y
-     INV_X4B_A9PP140ZTL_C30     fall   0.010   0.087   0.014  0.010  (188.040,163.050)    0.340      2    
CTS_ccl_a_inv_00360/A
-     INV_X4B_A9PP140ZTL_C30     fall   0.000   0.087   0.014  -      (190.560,160.550)    5.020   -       
CTS_ccl_a_inv_00360/Y
-     INV_X4B_A9PP140ZTL_C30     rise   0.008   0.095   0.009  0.007  (190.420,160.750)    0.340      2    
CTS_ccl_a_inv_00276/A
-     INV_X6B_A9PP140ZTL_C30     rise   0.000   0.095   0.009  -      (192.520,162.350)    3.700   -       
CTS_ccl_a_inv_00276/Y
-     INV_X6B_A9PP140ZTL_C30     fall   0.011   0.105   0.015  0.017  (192.660,162.550)    0.340      4    
CTS_ccl_a_inv_00114/A
-     INV_X6B_A9PP140ZTL_C30     fall   0.000   0.105   0.015  -      (201.620,162.350)    9.160   -       
CTS_ccl_a_inv_00114/Y
-     INV_X6B_A9PP140ZTL_C30     rise   0.005   0.110   0.006  0.003  (201.480,162.550)    0.340      1    
CTS_cpc_drv_inv_00490/A
-     INV_X6B_A9PP140ZTL_C30     rise   0.000   0.110   0.006  -      (203.020,162.350)    1.740   -       
CTS_cpc_drv_inv_00490/Y
-     INV_X6B_A9PP140ZTL_C30     fall   0.004   0.114   0.006  0.004  (202.880,162.550)    0.340      1    
CTS_cpc_drv_inv_00491/A
-     INV_X7P5B_A9PP140ZTL_C30   fall   0.000   0.114   0.006  -      (204.700,162.350)    2.020   -       
CTS_cpc_drv_inv_00491/Y
-     INV_X7P5B_A9PP140ZTL_C30   rise   0.006   0.121   0.008  0.016  (204.560,162.550)    0.340     18    
pp_fir_0_1_1/Delay_Pipeline_reg_im_reg[27][5]/CK
-     DFFRPQ_X3M_A9PP140ZTL_C30  rise   0.001   0.122   0.008  -      (200.640,134.450)   32.020   -       
-----------------------------------------------------------------------------------------------------------------

Timing for timing corner delay_corner_wcl_fast:both.late, min clock_path:
=========================================================================

PathID    : 7
Path type : skew group clk/functional_wcl_typical (path 1 of 1)
Start     : clk
End       : signed_mag_0_mag_im_reg[163]/CK
Delay     : 0.110

-----------------------------------------------------------------------------------------------------------------
Name  Lib cell                   Event  Incr   Arrival  Slew   Cap    Location           Distance  Fanout  Status
                                        (ns)   (ns)     (ns)   (pF)                      (um)              
-- Clockpath trace ----------------------------------------------------------------------------------------------
clk
-     -                          rise   -       0.000   0.004  0.034  (102.020,179.950)  -           5     
CTS_cdb_inv_00427/A
-     INV_X2B_A9PP140ZTL_C30     rise   0.000   0.000   0.004  -      (105.720,175.850)    7.800   -       
CTS_cdb_inv_00427/Y
-     INV_X2B_A9PP140ZTL_C30     fall   0.008   0.009   0.013  0.005  (105.860,176.050)    0.340     1     
CTS_cdb_inv_00428/A
-     INV_X2B_A9PP140ZTL_C30     fall   0.000   0.009   0.013  -      (127.840,169.550)   28.480   -       
CTS_cdb_inv_00428/Y
-     INV_X2B_A9PP140ZTL_C30     rise   0.009   0.018   0.011  0.005  (127.700,169.350)    0.340     1     
CTS_cdb_inv_00429/A
-     INV_X2B_A9PP140ZTL_C30     rise   0.000   0.018   0.011  -      (110.340,157.850)   28.860   -       
CTS_cdb_inv_00429/Y
-     INV_X2B_A9PP140ZTL_C30     fall   0.010   0.029   0.015  0.005  (110.200,158.050)    0.340     1     
CTS_cdb_inv_00430/A
-     INV_X2B_A9PP140ZTL_C30     fall   0.001   0.029   0.015  -      (94.660,174.950)    32.440   -       
CTS_cdb_inv_00430/Y
-     INV_X2B_A9PP140ZTL_C30     rise   0.010   0.039   0.012  0.005  (94.520,174.750)     0.340     1     
CTS_cdb_inv_00431/A
-     INV_X2B_A9PP140ZTL_C30     rise   0.001   0.039   0.012  -      (123.220,179.450)   33.400   -       
CTS_cdb_inv_00431/Y
-     INV_X2B_A9PP140ZTL_C30     fall   0.011   0.050   0.016  0.006  (123.360,179.650)    0.340     1     
CTS_cdb_inv_00432/A
-     INV_X2B_A9PP140ZTL_C30     fall   0.001   0.051   0.016  -      (106.140,164.150)   32.720   -       
CTS_cdb_inv_00432/Y
-     INV_X2B_A9PP140ZTL_C30     rise   0.010   0.061   0.013  0.005  (106.000,163.950)    0.340     1     
CTS_ccl_a_inv_00393/A
-     INV_X6B_A9PP140ZTL_C30     rise   0.000   0.061   0.013  -      (115.940,169.550)   15.540   -       
CTS_ccl_a_inv_00393/Y
-     INV_X6B_A9PP140ZTL_C30     fall   0.009   0.070   0.013  0.012  (115.800,169.750)    0.340     2     
CTS_ccl_a_inv_00385/A
-     INV_X4B_A9PP140ZTL_C30     fall   0.000   0.070   0.013  -      (113.840,169.550)    2.160   -       
CTS_ccl_a_inv_00385/Y
-     INV_X4B_A9PP140ZTL_C30     rise   0.008   0.078   0.010  0.008  (113.700,169.750)    0.340     2     
CTS_ccl_a_inv_00376/A
-     INV_X6B_A9PP140ZTL_C30     rise   0.000   0.078   0.010  -      (117.900,169.550)    4.400   -       
CTS_ccl_a_inv_00376/Y
-     INV_X6B_A9PP140ZTL_C30     fall   0.009   0.088   0.013  0.014  (118.040,169.750)    0.340     3     
CTS_ccl_a_inv_00332/A
-     INV_X6B_A9PP140ZTL_C30     fall   0.000   0.088   0.013  -      (124.340,169.550)    6.500   -       
CTS_ccl_a_inv_00332/Y
-     INV_X6B_A9PP140ZTL_C30     rise   0.008   0.096   0.010  0.012  (124.480,169.750)    0.340     3     
CTS_ccl_a_inv_00255/A
-     INV_X7P5B_A9PP140ZTL_C30   rise   0.000   0.096   0.010  -      (127.000,169.550)    2.720   -       
CTS_ccl_a_inv_00255/Y
-     INV_X7P5B_A9PP140ZTL_C30   fall   0.009   0.105   0.013  0.016  (126.860,169.750)    0.340     4     
CTS_ccl_a_inv_00079/A
-     INV_X6B_A9PP140ZTL_C30     fall   0.000   0.105   0.013  -      (126.020,176.750)    7.840   -       
CTS_ccl_a_inv_00079/Y
-     INV_X6B_A9PP140ZTL_C30     rise   0.005   0.110   0.006  0.005  (126.160,176.950)    0.340     7     
signed_mag_0_mag_im_reg[163]/CK
-     DFFRPQ_X1M_A9PP140ZTL_C30  rise   0.000   0.110   0.006  -      (129.240,179.450)    5.580   -       
-----------------------------------------------------------------------------------------------------------------

Timing for timing corner delay_corner_wcl_fast:both.late, max clock_path:
=========================================================================

PathID    : 8
Path type : skew group clk/functional_wcl_typical (path 1 of 1)
Start     : clk
End       : pp_fir_0_1_1/Delay_Pipeline_reg_im_reg[27][5]/CK
Delay     : 0.124

-----------------------------------------------------------------------------------------------------------------
Name  Lib cell                   Event  Incr   Arrival  Slew   Cap    Location           Distance  Fanout  Status
                                        (ns)   (ns)     (ns)   (pF)                      (um)              
-- Clockpath trace ----------------------------------------------------------------------------------------------
clk
-     -                          rise   -       0.000   0.004  0.034  (102.020,179.950)  -            5    
CTS_cdb_inv_00427/A
-     INV_X2B_A9PP140ZTL_C30     rise   0.000   0.000   0.004  -      (105.720,175.850)    7.800   -       
CTS_cdb_inv_00427/Y
-     INV_X2B_A9PP140ZTL_C30     fall   0.008   0.009   0.013  0.005  (105.860,176.050)    0.340      1    
CTS_cdb_inv_00428/A
-     INV_X2B_A9PP140ZTL_C30     fall   0.000   0.009   0.013  -      (127.840,169.550)   28.480   -       
CTS_cdb_inv_00428/Y
-     INV_X2B_A9PP140ZTL_C30     rise   0.009   0.018   0.011  0.005  (127.700,169.350)    0.340      1    
CTS_cdb_inv_00429/A
-     INV_X2B_A9PP140ZTL_C30     rise   0.000   0.018   0.011  -      (110.340,157.850)   28.860   -       
CTS_cdb_inv_00429/Y
-     INV_X2B_A9PP140ZTL_C30     fall   0.010   0.029   0.015  0.005  (110.200,158.050)    0.340      1    
CTS_cdb_inv_00430/A
-     INV_X2B_A9PP140ZTL_C30     fall   0.001   0.029   0.015  -      (94.660,174.950)    32.440   -       
CTS_cdb_inv_00430/Y
-     INV_X2B_A9PP140ZTL_C30     rise   0.010   0.039   0.012  0.005  (94.520,174.750)     0.340      1    
CTS_cdb_inv_00431/A
-     INV_X2B_A9PP140ZTL_C30     rise   0.001   0.039   0.012  -      (123.220,179.450)   33.400   -       
CTS_cdb_inv_00431/Y
-     INV_X2B_A9PP140ZTL_C30     fall   0.011   0.050   0.016  0.006  (123.360,179.650)    0.340      1    
CTS_cdb_inv_00432/A
-     INV_X2B_A9PP140ZTL_C30     fall   0.001   0.051   0.016  -      (106.140,164.150)   32.720   -       
CTS_cdb_inv_00432/Y
-     INV_X2B_A9PP140ZTL_C30     rise   0.010   0.061   0.013  0.005  (106.000,163.950)    0.340      1    
CTS_ccl_a_inv_00393/A
-     INV_X6B_A9PP140ZTL_C30     rise   0.000   0.061   0.013  -      (115.940,169.550)   15.540   -       
CTS_ccl_a_inv_00393/Y
-     INV_X6B_A9PP140ZTL_C30     fall   0.009   0.070   0.013  0.012  (115.800,169.750)    0.340      2    
CTS_ccl_a_inv_00387/A
-     INV_X4B_A9PP140ZTL_C30     fall   0.001   0.071   0.013  -      (170.680,169.550)   55.080   -       
CTS_ccl_a_inv_00387/Y
-     INV_X4B_A9PP140ZTL_C30     rise   0.008   0.079   0.010  0.008  (170.820,169.750)    0.340      2    
CTS_ccl_a_inv_00378/A
-     INV_X4B_A9PP140ZTL_C30     rise   0.000   0.079   0.010  -      (187.900,163.250)   23.580   -       
CTS_ccl_a_inv_00378/Y
-     INV_X4B_A9PP140ZTL_C30     fall   0.010   0.089   0.014  0.010  (188.040,163.050)    0.340      2    
CTS_ccl_a_inv_00360/A
-     INV_X4B_A9PP140ZTL_C30     fall   0.001   0.089   0.014  -      (190.560,160.550)    5.020   -       
CTS_ccl_a_inv_00360/Y
-     INV_X4B_A9PP140ZTL_C30     rise   0.008   0.097   0.009  0.007  (190.420,160.750)    0.340      2    
CTS_ccl_a_inv_00276/A
-     INV_X6B_A9PP140ZTL_C30     rise   0.000   0.097   0.009  -      (192.520,162.350)    3.700   -       
CTS_ccl_a_inv_00276/Y
-     INV_X6B_A9PP140ZTL_C30     fall   0.011   0.107   0.015  0.017  (192.660,162.550)    0.340      4    
CTS_ccl_a_inv_00114/A
-     INV_X6B_A9PP140ZTL_C30     fall   0.000   0.108   0.015  -      (201.620,162.350)    9.160   -       
CTS_ccl_a_inv_00114/Y
-     INV_X6B_A9PP140ZTL_C30     rise   0.005   0.112   0.006  0.003  (201.480,162.550)    0.340      1    
CTS_cpc_drv_inv_00490/A
-     INV_X6B_A9PP140ZTL_C30     rise   0.000   0.112   0.006  -      (203.020,162.350)    1.740   -       
CTS_cpc_drv_inv_00490/Y
-     INV_X6B_A9PP140ZTL_C30     fall   0.004   0.117   0.006  0.004  (202.880,162.550)    0.340      1    
CTS_cpc_drv_inv_00491/A
-     INV_X7P5B_A9PP140ZTL_C30   fall   0.000   0.117   0.006  -      (204.700,162.350)    2.020   -       
CTS_cpc_drv_inv_00491/Y
-     INV_X7P5B_A9PP140ZTL_C30   rise   0.006   0.123   0.008  0.016  (204.560,162.550)    0.340     18    
pp_fir_0_1_1/Delay_Pipeline_reg_im_reg[27][5]/CK
-     DFFRPQ_X3M_A9PP140ZTL_C30  rise   0.001   0.124   0.008  -      (200.640,134.450)   32.020   -       
-----------------------------------------------------------------------------------------------------------------

Timing for timing corner delay_corner_wcl_typical:both.early, min clock_path:
=============================================================================

PathID    : 9
Path type : skew group clk/functional_wcl_typical (path 1 of 1)
Start     : clk
End       : signed_mag_0_mag_im_reg[163]/CK
Delay     : 0.139

-----------------------------------------------------------------------------------------------------------------
Name  Lib cell                   Event  Incr   Arrival  Slew   Cap    Location           Distance  Fanout  Status
                                        (ns)   (ns)     (ns)   (pF)                      (um)              
-- Clockpath trace ----------------------------------------------------------------------------------------------
clk
-     -                          rise   -       0.000   0.004  0.033  (102.020,179.950)  -           5     
CTS_cdb_inv_00427/A
-     INV_X2B_A9PP140ZTL_C30     rise   0.001   0.001   0.005  -      (105.720,175.850)    7.800   -       
CTS_cdb_inv_00427/Y
-     INV_X2B_A9PP140ZTL_C30     fall   0.010   0.011   0.016  0.005  (105.860,176.050)    0.340     1     
CTS_cdb_inv_00428/A
-     INV_X2B_A9PP140ZTL_C30     fall   0.000   0.011   0.016  -      (127.840,169.550)   28.480   -       
CTS_cdb_inv_00428/Y
-     INV_X2B_A9PP140ZTL_C30     rise   0.011   0.023   0.014  0.005  (127.700,169.350)    0.340     1     
CTS_cdb_inv_00429/A
-     INV_X2B_A9PP140ZTL_C30     rise   0.000   0.023   0.014  -      (110.340,157.850)   28.860   -       
CTS_cdb_inv_00429/Y
-     INV_X2B_A9PP140ZTL_C30     fall   0.013   0.036   0.019  0.005  (110.200,158.050)    0.340     1     
CTS_cdb_inv_00430/A
-     INV_X2B_A9PP140ZTL_C30     fall   0.000   0.036   0.019  -      (94.660,174.950)    32.440   -       
CTS_cdb_inv_00430/Y
-     INV_X2B_A9PP140ZTL_C30     rise   0.013   0.049   0.015  0.005  (94.520,174.750)     0.340     1     
CTS_cdb_inv_00431/A
-     INV_X2B_A9PP140ZTL_C30     rise   0.000   0.050   0.015  -      (123.220,179.450)   33.400   -       
CTS_cdb_inv_00431/Y
-     INV_X2B_A9PP140ZTL_C30     fall   0.014   0.063   0.019  0.005  (123.360,179.650)    0.340     1     
CTS_cdb_inv_00432/A
-     INV_X2B_A9PP140ZTL_C30     fall   0.001   0.064   0.019  -      (106.140,164.150)   32.720   -       
CTS_cdb_inv_00432/Y
-     INV_X2B_A9PP140ZTL_C30     rise   0.013   0.076   0.015  0.005  (106.000,163.950)    0.340     1     
CTS_ccl_a_inv_00393/A
-     INV_X6B_A9PP140ZTL_C30     rise   0.000   0.077   0.015  -      (115.940,169.550)   15.540   -       
CTS_ccl_a_inv_00393/Y
-     INV_X6B_A9PP140ZTL_C30     fall   0.011   0.088   0.016  0.012  (115.800,169.750)    0.340     2     
CTS_ccl_a_inv_00385/A
-     INV_X4B_A9PP140ZTL_C30     fall   0.000   0.088   0.016  -      (113.840,169.550)    2.160   -       
CTS_ccl_a_inv_00385/Y
-     INV_X4B_A9PP140ZTL_C30     rise   0.010   0.099   0.012  0.008  (113.700,169.750)    0.340     2     
CTS_ccl_a_inv_00376/A
-     INV_X6B_A9PP140ZTL_C30     rise   0.000   0.099   0.012  -      (117.900,169.550)    4.400   -       
CTS_ccl_a_inv_00376/Y
-     INV_X6B_A9PP140ZTL_C30     fall   0.012   0.110   0.016  0.013  (118.040,169.750)    0.340     3     
CTS_ccl_a_inv_00332/A
-     INV_X6B_A9PP140ZTL_C30     fall   0.001   0.111   0.016  -      (124.340,169.550)    6.500   -       
CTS_ccl_a_inv_00332/Y
-     INV_X6B_A9PP140ZTL_C30     rise   0.010   0.121   0.012  0.012  (124.480,169.750)    0.340     3     
CTS_ccl_a_inv_00255/A
-     INV_X7P5B_A9PP140ZTL_C30   rise   0.000   0.121   0.012  -      (127.000,169.550)    2.720   -       
CTS_ccl_a_inv_00255/Y
-     INV_X7P5B_A9PP140ZTL_C30   fall   0.011   0.132   0.015  0.015  (126.860,169.750)    0.340     4     
CTS_ccl_a_inv_00079/A
-     INV_X6B_A9PP140ZTL_C30     fall   0.001   0.133   0.015  -      (126.020,176.750)    7.840   -       
CTS_ccl_a_inv_00079/Y
-     INV_X6B_A9PP140ZTL_C30     rise   0.006   0.139   0.008  0.005  (126.160,176.950)    0.340     7     
signed_mag_0_mag_im_reg[163]/CK
-     DFFRPQ_X1M_A9PP140ZTL_C30  rise   0.000   0.139   0.008  -      (129.240,179.450)    5.580   -       
-----------------------------------------------------------------------------------------------------------------

Timing for timing corner delay_corner_wcl_typical:both.early, max clock_path:
=============================================================================

PathID    : 10
Path type : skew group clk/functional_wcl_typical (path 1 of 1)
Start     : clk
End       : pp_fir_0_1_1/Delay_Pipeline_reg_im_reg[27][5]/CK
Delay     :  0.157

-----------------------------------------------------------------------------------------------------------------
Name  Lib cell                   Event  Incr   Arrival  Slew   Cap    Location           Distance  Fanout  Status
                                        (ns)   (ns)     (ns)   (pF)                      (um)              
-- Clockpath trace ----------------------------------------------------------------------------------------------
clk
-     -                          rise   -       0.000   0.004  0.033  (102.020,179.950)  -            5    
CTS_cdb_inv_00427/A
-     INV_X2B_A9PP140ZTL_C30     rise   0.001   0.001   0.005  -      (105.720,175.850)    7.800   -       
CTS_cdb_inv_00427/Y
-     INV_X2B_A9PP140ZTL_C30     fall   0.010   0.011   0.016  0.005  (105.860,176.050)    0.340      1    
CTS_cdb_inv_00428/A
-     INV_X2B_A9PP140ZTL_C30     fall   0.000   0.011   0.016  -      (127.840,169.550)   28.480   -       
CTS_cdb_inv_00428/Y
-     INV_X2B_A9PP140ZTL_C30     rise   0.011   0.023   0.014  0.005  (127.700,169.350)    0.340      1    
CTS_cdb_inv_00429/A
-     INV_X2B_A9PP140ZTL_C30     rise   0.000   0.023   0.014  -      (110.340,157.850)   28.860   -       
CTS_cdb_inv_00429/Y
-     INV_X2B_A9PP140ZTL_C30     fall   0.013   0.036   0.019  0.005  (110.200,158.050)    0.340      1    
CTS_cdb_inv_00430/A
-     INV_X2B_A9PP140ZTL_C30     fall   0.000   0.036   0.019  -      (94.660,174.950)    32.440   -       
CTS_cdb_inv_00430/Y
-     INV_X2B_A9PP140ZTL_C30     rise   0.013   0.049   0.015  0.005  (94.520,174.750)     0.340      1    
CTS_cdb_inv_00431/A
-     INV_X2B_A9PP140ZTL_C30     rise   0.000   0.050   0.015  -      (123.220,179.450)   33.400   -       
CTS_cdb_inv_00431/Y
-     INV_X2B_A9PP140ZTL_C30     fall   0.014   0.063   0.019  0.005  (123.360,179.650)    0.340      1    
CTS_cdb_inv_00432/A
-     INV_X2B_A9PP140ZTL_C30     fall   0.001   0.064   0.019  -      (106.140,164.150)   32.720   -       
CTS_cdb_inv_00432/Y
-     INV_X2B_A9PP140ZTL_C30     rise   0.013   0.076   0.015  0.005  (106.000,163.950)    0.340      1    
CTS_ccl_a_inv_00393/A
-     INV_X6B_A9PP140ZTL_C30     rise   0.000   0.077   0.015  -      (115.940,169.550)   15.540   -       
CTS_ccl_a_inv_00393/Y
-     INV_X6B_A9PP140ZTL_C30     fall   0.011   0.088   0.016  0.012  (115.800,169.750)    0.340      2    
CTS_ccl_a_inv_00387/A
-     INV_X4B_A9PP140ZTL_C30     fall   0.001   0.089   0.016  -      (170.680,169.550)   55.080   -       
CTS_ccl_a_inv_00387/Y
-     INV_X4B_A9PP140ZTL_C30     rise   0.010   0.099   0.012  0.008  (170.820,169.750)    0.340      2    
CTS_ccl_a_inv_00378/A
-     INV_X4B_A9PP140ZTL_C30     rise   0.000   0.100   0.012  -      (187.900,163.250)   23.580   -       
CTS_ccl_a_inv_00378/Y
-     INV_X4B_A9PP140ZTL_C30     fall   0.012   0.112   0.017  0.010  (188.040,163.050)    0.340      2    
CTS_ccl_a_inv_00360/A
-     INV_X4B_A9PP140ZTL_C30     fall   0.000   0.112   0.017  -      (190.560,160.550)    5.020   -       
CTS_ccl_a_inv_00360/Y
-     INV_X4B_A9PP140ZTL_C30     rise   0.010   0.122   0.012  0.007  (190.420,160.750)    0.340      2    
CTS_ccl_a_inv_00276/A
-     INV_X6B_A9PP140ZTL_C30     rise   0.000   0.122   0.012  -      (192.520,162.350)    3.700   -       
CTS_ccl_a_inv_00276/Y
-     INV_X6B_A9PP140ZTL_C30     fall   0.013   0.135   0.019  0.016  (192.660,162.550)    0.340      4    
CTS_ccl_a_inv_00114/A
-     INV_X6B_A9PP140ZTL_C30     fall   0.001   0.136   0.019  -      (201.620,162.350)    9.160   -       
CTS_ccl_a_inv_00114/Y
-     INV_X6B_A9PP140ZTL_C30     rise   0.006   0.142   0.007  0.003  (201.480,162.550)    0.340      1    
CTS_cpc_drv_inv_00490/A
-     INV_X6B_A9PP140ZTL_C30     rise   0.000   0.142   0.007  -      (203.020,162.350)    1.740   -       
CTS_cpc_drv_inv_00490/Y
-     INV_X6B_A9PP140ZTL_C30     fall   0.006   0.147   0.007  0.004  (202.880,162.550)    0.340      1    
CTS_cpc_drv_inv_00491/A
-     INV_X7P5B_A9PP140ZTL_C30   fall   0.000   0.147   0.007  -      (204.700,162.350)    2.020   -       
CTS_cpc_drv_inv_00491/Y
-     INV_X7P5B_A9PP140ZTL_C30   rise   0.007   0.155   0.011  0.016  (204.560,162.550)    0.340     18    
pp_fir_0_1_1/Delay_Pipeline_reg_im_reg[27][5]/CK
-     DFFRPQ_X3M_A9PP140ZTL_C30  rise   0.002   0.157   0.012  -      (200.640,134.450)   32.020   -       
-----------------------------------------------------------------------------------------------------------------

Timing for timing corner delay_corner_wcl_typical:both.late, min clock_path:
============================================================================

PathID    : 11
Path type : skew group clk/functional_wcl_typical (path 1 of 1)
Start     : clk
End       : signed_mag_0_mag_im_reg[221]/CK
Delay     :  0.142

-----------------------------------------------------------------------------------------------------------------
Name  Lib cell                   Event  Incr   Arrival  Slew   Cap    Location           Distance  Fanout  Status
                                        (ns)   (ns)     (ns)   (pF)                      (um)              
-- Clockpath trace ----------------------------------------------------------------------------------------------
clk
-     -                          rise   -       0.000   0.004  0.033  (102.020,179.950)  -           5     
CTS_cdb_inv_00427/A
-     INV_X2B_A9PP140ZTL_C30     rise   0.001   0.001   0.005  -      (105.720,175.850)    7.800   -       
CTS_cdb_inv_00427/Y
-     INV_X2B_A9PP140ZTL_C30     fall   0.010   0.011   0.016  0.005  (105.860,176.050)    0.340     1     
CTS_cdb_inv_00428/A
-     INV_X2B_A9PP140ZTL_C30     fall   0.001   0.011   0.016  -      (127.840,169.550)   28.480   -       
CTS_cdb_inv_00428/Y
-     INV_X2B_A9PP140ZTL_C30     rise   0.011   0.023   0.014  0.005  (127.700,169.350)    0.340     1     
CTS_cdb_inv_00429/A
-     INV_X2B_A9PP140ZTL_C30     rise   0.001   0.023   0.014  -      (110.340,157.850)   28.860   -       
CTS_cdb_inv_00429/Y
-     INV_X2B_A9PP140ZTL_C30     fall   0.013   0.037   0.019  0.005  (110.200,158.050)    0.340     1     
CTS_cdb_inv_00430/A
-     INV_X2B_A9PP140ZTL_C30     fall   0.001   0.037   0.019  -      (94.660,174.950)    32.440   -       
CTS_cdb_inv_00430/Y
-     INV_X2B_A9PP140ZTL_C30     rise   0.013   0.050   0.015  0.005  (94.520,174.750)     0.340     1     
CTS_cdb_inv_00431/A
-     INV_X2B_A9PP140ZTL_C30     rise   0.001   0.051   0.015  -      (123.220,179.450)   33.400   -       
CTS_cdb_inv_00431/Y
-     INV_X2B_A9PP140ZTL_C30     fall   0.014   0.064   0.019  0.005  (123.360,179.650)    0.340     1     
CTS_cdb_inv_00432/A
-     INV_X2B_A9PP140ZTL_C30     fall   0.001   0.065   0.019  -      (106.140,164.150)   32.720   -       
CTS_cdb_inv_00432/Y
-     INV_X2B_A9PP140ZTL_C30     rise   0.013   0.078   0.015  0.005  (106.000,163.950)    0.340     1     
CTS_ccl_a_inv_00393/A
-     INV_X6B_A9PP140ZTL_C30     rise   0.001   0.079   0.015  -      (115.940,169.550)   15.540   -       
CTS_ccl_a_inv_00393/Y
-     INV_X6B_A9PP140ZTL_C30     fall   0.011   0.090   0.016  0.012  (115.800,169.750)    0.340     2     
CTS_ccl_a_inv_00387/A
-     INV_X4B_A9PP140ZTL_C30     fall   0.001   0.091   0.016  -      (170.680,169.550)   55.080   -       
CTS_ccl_a_inv_00387/Y
-     INV_X4B_A9PP140ZTL_C30     rise   0.010   0.101   0.012  0.008  (170.820,169.750)    0.340     2     
CTS_ccl_a_inv_00369/A
-     INV_X4B_A9PP140ZTL_C30     rise   0.001   0.102   0.012  -      (169.980,171.350)    2.440   -       
CTS_ccl_a_inv_00369/Y
-     INV_X4B_A9PP140ZTL_C30     fall   0.011   0.113   0.015  0.008  (169.840,171.550)    0.340     3     
CTS_ccl_a_inv_00331/A
-     INV_X6B_A9PP140ZTL_C30     fall   0.000   0.113   0.015  -      (168.440,174.050)    3.900   -       
CTS_ccl_a_inv_00331/Y
-     INV_X6B_A9PP140ZTL_C30     rise   0.010   0.123   0.012  0.012  (168.580,173.850)    0.340     3     
CTS_ccl_a_inv_00251/A
-     INV_X6B_A9PP140ZTL_C30     rise   0.000   0.123   0.012  -      (176.280,174.050)    7.900   -       
CTS_ccl_a_inv_00251/Y
-     INV_X6B_A9PP140ZTL_C30     fall   0.011   0.135   0.016  0.013  (176.420,173.850)    0.340     3     
CTS_ccl_a_inv_00071/A
-     INV_X6B_A9PP140ZTL_C30     fall   0.000   0.135   0.016  -      (173.900,174.050)    2.720   -       
CTS_ccl_a_inv_00071/Y
-     INV_X6B_A9PP140ZTL_C30     rise   0.007   0.142   0.008  0.005  (174.040,173.850)    0.340     7     
signed_mag_0_mag_im_reg[221]/CK
-     DFFRPQ_X1M_A9PP140ZTL_C30  rise   0.000   0.142   0.008  -      (172.500,174.950)    2.640   -       
-----------------------------------------------------------------------------------------------------------------

Timing for timing corner delay_corner_wcl_typical:both.late, max clock_path:
============================================================================

PathID    : 12
Path type : skew group clk/functional_wcl_typical (path 1 of 1)
Start     : clk
End       : pp_fir_0_1_1/Delay_Pipeline_reg_im_reg[27][5]/CK
Delay     :  0.159

-----------------------------------------------------------------------------------------------------------------
Name  Lib cell                   Event  Incr   Arrival  Slew   Cap    Location           Distance  Fanout  Status
                                        (ns)   (ns)     (ns)   (pF)                      (um)              
-- Clockpath trace ----------------------------------------------------------------------------------------------
clk
-     -                          rise   -       0.000   0.004  0.033  (102.020,179.950)  -            5    
CTS_cdb_inv_00427/A
-     INV_X2B_A9PP140ZTL_C30     rise   0.001   0.001   0.005  -      (105.720,175.850)    7.800   -       
CTS_cdb_inv_00427/Y
-     INV_X2B_A9PP140ZTL_C30     fall   0.010   0.011   0.016  0.005  (105.860,176.050)    0.340      1    
CTS_cdb_inv_00428/A
-     INV_X2B_A9PP140ZTL_C30     fall   0.001   0.011   0.016  -      (127.840,169.550)   28.480   -       
CTS_cdb_inv_00428/Y
-     INV_X2B_A9PP140ZTL_C30     rise   0.011   0.023   0.014  0.005  (127.700,169.350)    0.340      1    
CTS_cdb_inv_00429/A
-     INV_X2B_A9PP140ZTL_C30     rise   0.001   0.023   0.014  -      (110.340,157.850)   28.860   -       
CTS_cdb_inv_00429/Y
-     INV_X2B_A9PP140ZTL_C30     fall   0.013   0.037   0.019  0.005  (110.200,158.050)    0.340      1    
CTS_cdb_inv_00430/A
-     INV_X2B_A9PP140ZTL_C30     fall   0.001   0.037   0.019  -      (94.660,174.950)    32.440   -       
CTS_cdb_inv_00430/Y
-     INV_X2B_A9PP140ZTL_C30     rise   0.013   0.050   0.015  0.005  (94.520,174.750)     0.340      1    
CTS_cdb_inv_00431/A
-     INV_X2B_A9PP140ZTL_C30     rise   0.001   0.051   0.015  -      (123.220,179.450)   33.400   -       
CTS_cdb_inv_00431/Y
-     INV_X2B_A9PP140ZTL_C30     fall   0.014   0.064   0.019  0.005  (123.360,179.650)    0.340      1    
CTS_cdb_inv_00432/A
-     INV_X2B_A9PP140ZTL_C30     fall   0.001   0.065   0.019  -      (106.140,164.150)   32.720   -       
CTS_cdb_inv_00432/Y
-     INV_X2B_A9PP140ZTL_C30     rise   0.013   0.078   0.015  0.005  (106.000,163.950)    0.340      1    
CTS_ccl_a_inv_00393/A
-     INV_X6B_A9PP140ZTL_C30     rise   0.001   0.079   0.015  -      (115.940,169.550)   15.540   -       
CTS_ccl_a_inv_00393/Y
-     INV_X6B_A9PP140ZTL_C30     fall   0.011   0.090   0.016  0.012  (115.800,169.750)    0.340      2    
CTS_ccl_a_inv_00387/A
-     INV_X4B_A9PP140ZTL_C30     fall   0.001   0.091   0.016  -      (170.680,169.550)   55.080   -       
CTS_ccl_a_inv_00387/Y
-     INV_X4B_A9PP140ZTL_C30     rise   0.010   0.101   0.012  0.008  (170.820,169.750)    0.340      2    
CTS_ccl_a_inv_00378/A
-     INV_X4B_A9PP140ZTL_C30     rise   0.001   0.102   0.012  -      (187.900,163.250)   23.580   -       
CTS_ccl_a_inv_00378/Y
-     INV_X4B_A9PP140ZTL_C30     fall   0.012   0.114   0.017  0.010  (188.040,163.050)    0.340      2    
CTS_ccl_a_inv_00360/A
-     INV_X4B_A9PP140ZTL_C30     fall   0.000   0.115   0.017  -      (190.560,160.550)    5.020   -       
CTS_ccl_a_inv_00360/Y
-     INV_X4B_A9PP140ZTL_C30     rise   0.010   0.124   0.012  0.007  (190.420,160.750)    0.340      2    
CTS_ccl_a_inv_00276/A
-     INV_X6B_A9PP140ZTL_C30     rise   0.000   0.124   0.012  -      (192.520,162.350)    3.700   -       
CTS_ccl_a_inv_00276/Y
-     INV_X6B_A9PP140ZTL_C30     fall   0.013   0.138   0.019  0.016  (192.660,162.550)    0.340      4    
CTS_ccl_a_inv_00114/A
-     INV_X6B_A9PP140ZTL_C30     fall   0.001   0.138   0.019  -      (201.620,162.350)    9.160   -       
CTS_ccl_a_inv_00114/Y
-     INV_X6B_A9PP140ZTL_C30     rise   0.006   0.144   0.007  0.003  (201.480,162.550)    0.340      1    
CTS_cpc_drv_inv_00490/A
-     INV_X6B_A9PP140ZTL_C30     rise   0.000   0.144   0.007  -      (203.020,162.350)    1.740   -       
CTS_cpc_drv_inv_00490/Y
-     INV_X6B_A9PP140ZTL_C30     fall   0.006   0.150   0.007  0.004  (202.880,162.550)    0.340      1    
CTS_cpc_drv_inv_00491/A
-     INV_X7P5B_A9PP140ZTL_C30   fall   0.000   0.150   0.007  -      (204.700,162.350)    2.020   -       
CTS_cpc_drv_inv_00491/Y
-     INV_X7P5B_A9PP140ZTL_C30   rise   0.007   0.157   0.011  0.016  (204.560,162.550)    0.340     18    
pp_fir_0_1_1/Delay_Pipeline_reg_im_reg[27][5]/CK
-     DFFRPQ_X3M_A9PP140ZTL_C30  rise   0.002   0.159   0.012  -      (200.640,134.450)   32.020   -       
-----------------------------------------------------------------------------------------------------------------

