 ------------------------------------------------------------------------------------------------------------------------------------------------------ 
| Snapshot                | WNS                  | TNS                  | Density (%) | Hotspot      | Resource               | DRVs       | Layer-OPT |
|                         | HEPG (ns) | ALL (ns) | HEPG (ns) | ALL (ns) |             | Max  | Total | Real (s) | Memory (MB) | Tran | Cap | M8        |
|-------------------------+-----------+----------+-----------+----------+-------------+------+-------+----------+-------------+------+-----+-----------|
| initial_summary         |           |   -0.242 |           |    -2610 |       93.33 |      |       | 0:00:48  |        3844 |    0 |   0 |           |
| route_type_refinement   |           |          |           |          |             |      |       | 0:00:01  |        3844 |      |     |           |
| simplify_netlist        |           |          |           |          |             |      |       | 0:00:05  |        3845 |      |     |           |
| drv_fixing              |           |          |           |          |             |      |       | 0:00:06  |        3845 |      |     |           |
| area_reclaiming         |     0.000 |   -0.221 |         0 |    -2445 |       93.00 |      |       | 0:00:50  |        3897 |      |     |           |
| global_opt              |           |   -0.137 |           |    -1363 |       95.00 |      |       | 0:02:54  |        3988 |      |     |           |
| area_reclaiming_2       |     0.000 |   -0.136 |         0 |    -1424 |       93.16 |      |       | 0:00:56  |        3994 |      |     |           |
| incremental_replacement |    -0.081 |   -0.169 |           |    -1271 |             | 0.00 |  0.00 | 0:04:53  |        4146 |      |     |           |
| tns_fixing              |    -0.081 |   -0.169 |        -5 |    -1262 |       93.37 |      |       | 0:00:51  |        4382 |      |     |           |
| wns_fixing              |     0.005 |   -0.066 |         0 |     -473 |       94.26 |      |       | 0:11:09  |        4398 |      |     |        47 |
| tns_fixing_2            |     0.005 |   -0.066 |         0 |     -243 |       94.55 |      |       | 0:03:42  |        4326 |      |     |       336 |
| area_reclaiming_3       |    -0.001 |   -0.059 |        -0 |     -240 |       94.10 |      |       | 0:01:36  |        4225 |      |     |       373 |
| area_reclaiming_4       |    -0.002 |   -0.054 |        -0 |     -248 |       93.27 |      |       | 0:00:52  |        4217 |      |     |       280 |
| drv_eco_fixing          |    -0.002 |   -0.054 |        -0 |     -248 |       93.27 |      |       | 0:00:09  |        4217 |    0 |   0 |       280 |
| tns_eco_fixing          |     0.000 |   -0.055 |         0 |     -244 |       93.44 |      |       | 0:01:52  |        4509 |      |     |       279 |
| final_summary           |    -0.003 |   -0.055 |           |     -253 |       93.44 |      |       | 0:00:15  |        4188 |    0 |   0 |           |
 ------------------------------------------------------------------------------------------------------------------------------------------------------ 
