============================================================
  Generated by:           Genus(TM) Synthesis Solution 22.10-p001_1
  Generated on:           Jan 25 2025  12:18:07 pm
  Module:                 pp_int_x4
  Library domain:         slow
    Domain index:         0
    Technology libraries: sc9mcpp140z_cln28ht_base_lvt_c30_ssg_cworstt_max_0p81v_125c 1.0
                          sc9mcpp140z_cln28ht_hpk_lvt_c30_ssg_cworstt_max_0p81v_125c 1.0
                          sc9mcpp140z_cln28ht_base_svt_c30_ssg_cworstt_max_0p81v_125c 1.0
                          sc9mcpp140z_cln28ht_hpk_svt_c30_ssg_cworstt_max_0p81v_125c 1.0
                          sc9mcpp140z_cln28ht_base_ulvt_c30_ssg_cworstt_max_0p81v_125c 1.0
                          sc9mcpp140z_cln28ht_hpk_ulvt_c30_ssg_cworstt_max_0p81v_125c 1.0
  Library domain:         fast
    Domain index:         1
    Technology libraries: sc9mcpp140z_cln28ht_base_lvt_c30_ffg_cbestt_min_0p99v_m40c 1.0
                          sc9mcpp140z_cln28ht_hpk_lvt_c30_ffg_cbestt_min_0p99v_m40c 1.0
                          sc9mcpp140z_cln28ht_base_svt_c30_ffg_cbestt_min_0p99v_m40c 1.0
                          sc9mcpp140z_cln28ht_hpk_svt_c30_ffg_cbestt_min_0p99v_m40c 1.0
                          sc9mcpp140z_cln28ht_base_ulvt_c30_ffg_cbestt_min_0p99v_m40c 1.0
                          sc9mcpp140z_cln28ht_hpk_ulvt_c30_ffg_cbestt_min_0p99v_m40c 1.0
  Library domain:         nom
    Domain index:         2
    Technology libraries: sc9mcpp140z_cln28ht_base_lvt_c30_tt_ctypical_max_0p90v_25c 1.0
                          sc9mcpp140z_cln28ht_hpk_lvt_c30_tt_ctypical_max_0p90v_25c 1.0
                          sc9mcpp140z_cln28ht_base_svt_c30_tt_ctypical_max_0p90v_25c 1.0
                          sc9mcpp140z_cln28ht_hpk_svt_c30_tt_ctypical_max_0p90v_25c 1.0
                          sc9mcpp140z_cln28ht_base_ulvt_c30_tt_ctypical_max_0p90v_25c 1.0
                          sc9mcpp140z_cln28ht_hpk_ulvt_c30_tt_ctypical_max_0p90v_25c 1.0
  Operating conditions:   ssg_cworstt_max_0p81v_125c 
  Operating conditions:   ffg_cbestt_min_0p99v_m40c 
  Operating conditions:   tt_ctypical_max_0p90v_25c 
  Interconnect mode:      global
  Area mode:              physical library
============================================================

                                                         Leakage                                                                    Library 
              Gate               Instances    Area      Power (nW)                              Library                              Domain 
--------------------------------------------------------------------------------------------------------------------------------------------
ADDF_X1M_A9PP140ZTL_C30                 60    120.960     34934.719    sc9mcpp140z_cln28ht_base_lvt_c30_ssg_cworstt_max_0p81v_125c     slow 
ADDF_X1M_A9PP140ZTS_C30                 44     88.704      5749.403    sc9mcpp140z_cln28ht_base_svt_c30_ssg_cworstt_max_0p81v_125c     slow 
ADDF_X1M_A9PP140ZTUL_C30              8212  16555.392  12915091.675    sc9mcpp140z_cln28ht_base_ulvt_c30_ssg_cworstt_max_0p81v_125c    slow 
ADDF_X1P4M_A9PP140ZTUL_C30               2      4.536      4251.275    sc9mcpp140z_cln28ht_base_ulvt_c30_ssg_cworstt_max_0p81v_125c    slow 
ADDF_X2M_A9PP140ZTUL_C30                 6     13.608     13349.469    sc9mcpp140z_cln28ht_base_ulvt_c30_ssg_cworstt_max_0p81v_125c    slow 
ADDH_X1M_A9PP140ZTS_C30                  8     10.080       725.252    sc9mcpp140z_cln28ht_base_svt_c30_ssg_cworstt_max_0p81v_125c     slow 
ADDH_X1M_A9PP140ZTUL_C30               589    742.140    679238.554    sc9mcpp140z_cln28ht_base_ulvt_c30_ssg_cworstt_max_0p81v_125c    slow 
AND2_X1M_A9PP140ZTL_C30                  2      1.008       344.878    sc9mcpp140z_cln28ht_base_lvt_c30_ssg_cworstt_max_0p81v_125c     slow 
AND2_X1M_A9PP140ZTUL_C30                13      6.552      6066.309    sc9mcpp140z_cln28ht_base_ulvt_c30_ssg_cworstt_max_0p81v_125c    slow 
AND2_X3TM_A9PP140ZTUL_C30                1      1.386      1126.471    sc9mcpp140z_cln28ht_hpk_ulvt_c30_ssg_cworstt_max_0p81v_125c     slow 
AO1B2_X1M_A9PP140ZTUL_C30                2      1.260      1122.888    sc9mcpp140z_cln28ht_base_ulvt_c30_ssg_cworstt_max_0p81v_125c    slow 
AO1B2_X2M_A9PP140ZTUL_C30                2      1.764      1931.218    sc9mcpp140z_cln28ht_base_ulvt_c30_ssg_cworstt_max_0p81v_125c    slow 
AO21A1AI2_X1M_A9PP140ZTUL_C30           32     20.160     10950.348    sc9mcpp140z_cln28ht_base_ulvt_c30_ssg_cworstt_max_0p81v_125c    slow 
AO21B_X1M_A9PP140ZTUL_C30              128     80.640     69762.468    sc9mcpp140z_cln28ht_base_ulvt_c30_ssg_cworstt_max_0p81v_125c    slow 
AO21_X1M_A9PP140ZTUL_C30               100     75.600     64287.758    sc9mcpp140z_cln28ht_base_ulvt_c30_ssg_cworstt_max_0p81v_125c    slow 
AO22_X1M_A9PP140ZTL_C30                  4      3.528      1065.062    sc9mcpp140z_cln28ht_base_lvt_c30_ssg_cworstt_max_0p81v_125c     slow 
AO22_X1M_A9PP140ZTUL_C30                40     35.280     28688.773    sc9mcpp140z_cln28ht_base_ulvt_c30_ssg_cworstt_max_0p81v_125c    slow 
AO22_X2M_A9PP140ZTUL_C30                 1      1.008      1028.273    sc9mcpp140z_cln28ht_base_ulvt_c30_ssg_cworstt_max_0p81v_125c    slow 
AOI211_X0P7M_A9PP140ZTUL_C30             8      5.040      3048.463    sc9mcpp140z_cln28ht_base_ulvt_c30_ssg_cworstt_max_0p81v_125c    slow 
AOI211_X1M_A9PP140ZTUL_C30               2      1.260       762.322    sc9mcpp140z_cln28ht_base_ulvt_c30_ssg_cworstt_max_0p81v_125c    slow 
AOI21B_X0P5M_A9PP140ZTUL_C30            32     24.192      9719.670    sc9mcpp140z_cln28ht_base_ulvt_c30_ssg_cworstt_max_0p81v_125c    slow 
AOI21B_X0P7M_A9PP140ZTUL_C30            28     21.168     11784.728    sc9mcpp140z_cln28ht_base_ulvt_c30_ssg_cworstt_max_0p81v_125c    slow 
AOI21B_X1M_A9PP140ZTUL_C30               2      1.512       885.935    sc9mcpp140z_cln28ht_base_ulvt_c30_ssg_cworstt_max_0p81v_125c    slow 
AOI21_X0P7M_A9PP140ZTUL_C30              8      4.032       944.019    sc9mcpp140z_cln28ht_base_ulvt_c30_ssg_cworstt_max_0p81v_125c    slow 
AOI21_X1A_A9PP140ZTUL_C30               74     37.296     33114.613    sc9mcpp140z_cln28ht_hpk_ulvt_c30_ssg_cworstt_max_0p81v_125c     slow 
AOI21_X1M_A9PP140ZTUL_C30               42     21.168     16324.854    sc9mcpp140z_cln28ht_base_ulvt_c30_ssg_cworstt_max_0p81v_125c    slow 
AOI21_X2M_A9PP140ZTUL_C30                2      1.764      1451.322    sc9mcpp140z_cln28ht_base_ulvt_c30_ssg_cworstt_max_0p81v_125c    slow 
AOI21_X4M_A9PP140ZTUL_C30                2      3.276      2803.515    sc9mcpp140z_cln28ht_base_ulvt_c30_ssg_cworstt_max_0p81v_125c    slow 
AOI22_X3M_A9PP140ZTUL_C30                2      3.276      2682.862    sc9mcpp140z_cln28ht_base_ulvt_c30_ssg_cworstt_max_0p81v_125c    slow 
AOI2XB1_X1M_A9PP140ZTUL_C30             22     16.632     11155.598    sc9mcpp140z_cln28ht_base_ulvt_c30_ssg_cworstt_max_0p81v_125c    slow 
AOI2XB1_X2M_A9PP140ZTUL_C30              2      2.268      2316.882    sc9mcpp140z_cln28ht_base_ulvt_c30_ssg_cworstt_max_0p81v_125c    slow 
BUFH_X3M_A9PP140ZTL_C30                  1      0.756       513.879    sc9mcpp140z_cln28ht_base_lvt_c30_ssg_cworstt_max_0p81v_125c     slow 
CGENCIN_X1P4M_A9PP140ZTUL_C30            2      5.292      7234.332    sc9mcpp140z_cln28ht_base_ulvt_c30_ssg_cworstt_max_0p81v_125c    slow 
CGENI_X1M_A9PP140ZTUL_C30              514    388.584    225549.257    sc9mcpp140z_cln28ht_base_ulvt_c30_ssg_cworstt_max_0p81v_125c    slow 
CGEN_X1M_A9PP140ZTL_C30                 16     14.112      4312.030    sc9mcpp140z_cln28ht_base_lvt_c30_ssg_cworstt_max_0p81v_125c     slow 
CGEN_X1M_A9PP140ZTUL_C30               256    225.792    187168.157    sc9mcpp140z_cln28ht_base_ulvt_c30_ssg_cworstt_max_0p81v_125c    slow 
INV_X0P7B_A9PP140ZTS_C30                56     14.112       720.836    sc9mcpp140z_cln28ht_base_svt_c30_ssg_cworstt_max_0p81v_125c     slow 
INV_X0P8B_A9PP140ZTUL_C30              106     26.712     19611.766    sc9mcpp140z_cln28ht_base_ulvt_c30_ssg_cworstt_max_0p81v_125c    slow 
INV_X0P8M_A9PP140ZTUL_C30              802    202.104    191533.385    sc9mcpp140z_cln28ht_base_ulvt_c30_ssg_cworstt_max_0p81v_125c    slow 
INV_X1M_A9PP140ZTL_C30                1789    450.828    149950.778    sc9mcpp140z_cln28ht_base_lvt_c30_ssg_cworstt_max_0p81v_125c     slow 
INV_X1M_A9PP140ZTUL_C30                 16      4.032      4349.091    sc9mcpp140z_cln28ht_base_ulvt_c30_ssg_cworstt_max_0p81v_125c    slow 
INV_X2M_A9PP140ZTUL_C30                  3      1.134      1405.568    sc9mcpp140z_cln28ht_base_ulvt_c30_ssg_cworstt_max_0p81v_125c    slow 
INV_X3M_A9PP140ZTUL_C30                  2      1.008      1608.875    sc9mcpp140z_cln28ht_base_ulvt_c30_ssg_cworstt_max_0p81v_125c    slow 
INV_X3P5M_A9PP140ZTUL_C30                1      0.630       628.118    sc9mcpp140z_cln28ht_base_ulvt_c30_ssg_cworstt_max_0p81v_125c    slow 
INV_X4M_A9PP140ZTUL_C30                  1      0.630      1675.140    sc9mcpp140z_cln28ht_base_ulvt_c30_ssg_cworstt_max_0p81v_125c    slow 
INV_X5M_A9PP140ZTUL_C30                  1      0.756      2114.580    sc9mcpp140z_cln28ht_base_ulvt_c30_ssg_cworstt_max_0p81v_125c    slow 
INV_X7P5M_A9PP140ZTUL_C30                1      1.134      3617.540    sc9mcpp140z_cln28ht_base_ulvt_c30_ssg_cworstt_max_0p81v_125c    slow 
MXIT2_X1M_A9PP140ZTL_C30                 2      1.764       746.415    sc9mcpp140z_cln28ht_base_lvt_c30_ssg_cworstt_max_0p81v_125c     slow 
MXIT2_X1M_A9PP140ZTUL_C30              544    479.808    493698.515    sc9mcpp140z_cln28ht_base_ulvt_c30_ssg_cworstt_max_0p81v_125c    slow 
MXT2_X0P5B_A9PP140ZTUL_C30               1      0.882       699.637    sc9mcpp140z_cln28ht_base_ulvt_c30_ssg_cworstt_max_0p81v_125c    slow 
NAND2B_X0P5M_A9PP140ZTUL_C30             4      2.016      1263.242    sc9mcpp140z_cln28ht_base_ulvt_c30_ssg_cworstt_max_0p81v_125c    slow 
NAND2B_X1M_A9PP140ZTUL_C30              90     45.360     38548.430    sc9mcpp140z_cln28ht_base_ulvt_c30_ssg_cworstt_max_0p81v_125c    slow 
NAND2XB_X1M_A9PP140ZTL_C30               2      1.008       345.000    sc9mcpp140z_cln28ht_base_lvt_c30_ssg_cworstt_max_0p81v_125c     slow 
NAND2XB_X1M_A9PP140ZTUL_C30             20     10.080      8229.686    sc9mcpp140z_cln28ht_base_ulvt_c30_ssg_cworstt_max_0p81v_125c    slow 
NAND2XB_X2M_A9PP140ZTUL_C30              2      1.512      2079.509    sc9mcpp140z_cln28ht_base_ulvt_c30_ssg_cworstt_max_0p81v_125c    slow 
NAND2_X1A_A9PP140ZTUL_C30              166     62.748     46153.081    sc9mcpp140z_cln28ht_base_ulvt_c30_ssg_cworstt_max_0p81v_125c    slow 
NAND2_X1B_A9PP140ZTUL_C30              108     40.824     28440.455    sc9mcpp140z_cln28ht_base_ulvt_c30_ssg_cworstt_max_0p81v_125c    slow 
NAND2_X1M_A9PP140ZTUL_C30              125     47.250     33720.987    sc9mcpp140z_cln28ht_base_ulvt_c30_ssg_cworstt_max_0p81v_125c    slow 
NAND2_X1TA_A9PP140ZTUL_C30               2      1.008       791.782    sc9mcpp140z_cln28ht_hpk_ulvt_c30_ssg_cworstt_max_0p81v_125c     slow 
NAND2_X2B_A9PP140ZTUL_C30                4      2.520      2517.133    sc9mcpp140z_cln28ht_base_ulvt_c30_ssg_cworstt_max_0p81v_125c    slow 
NAND2_X6B_A9PP140ZTUL_C30                1      1.638       451.370    sc9mcpp140z_cln28ht_base_ulvt_c30_ssg_cworstt_max_0p81v_125c    slow 
NAND3B_X1M_A9PP140ZTUL_C30              12      7.560      4514.923    sc9mcpp140z_cln28ht_base_ulvt_c30_ssg_cworstt_max_0p81v_125c    slow 
NAND3XXB_X1M_A9PP140ZTUL_C30             6      3.780      2756.363    sc9mcpp140z_cln28ht_base_ulvt_c30_ssg_cworstt_max_0p81v_125c    slow 
NOR2B_X1M_A9PP140ZTUL_C30               37     18.648     18428.803    sc9mcpp140z_cln28ht_base_ulvt_c30_ssg_cworstt_max_0p81v_125c    slow 
NOR2XB_X1M_A9PP140ZTL_C30                2      1.008       351.283    sc9mcpp140z_cln28ht_base_lvt_c30_ssg_cworstt_max_0p81v_125c     slow 
NOR2XB_X1M_A9PP140ZTUL_C30              10      5.040      4535.552    sc9mcpp140z_cln28ht_base_ulvt_c30_ssg_cworstt_max_0p81v_125c    slow 
NOR2_X1A_A9PP140ZTL_C30                  3      1.134       297.331    sc9mcpp140z_cln28ht_base_lvt_c30_ssg_cworstt_max_0p81v_125c     slow 
NOR2_X1A_A9PP140ZTUL_C30               446    168.588    111774.014    sc9mcpp140z_cln28ht_base_ulvt_c30_ssg_cworstt_max_0p81v_125c    slow 
NOR2_X1B_A9PP140ZTUL_C30                28     10.584      5817.567    sc9mcpp140z_cln28ht_base_ulvt_c30_ssg_cworstt_max_0p81v_125c    slow 
NOR2_X1M_A9PP140ZTL_C30                 44     16.632     12280.583    sc9mcpp140z_cln28ht_base_lvt_c30_ssg_cworstt_max_0p81v_125c     slow 
NOR2_X1M_A9PP140ZTUL_C30                14      5.292      2828.732    sc9mcpp140z_cln28ht_base_ulvt_c30_ssg_cworstt_max_0p81v_125c    slow 
NOR2_X1P4TA_A9PP140ZTUL_C30              1      0.756       486.890    sc9mcpp140z_cln28ht_hpk_ulvt_c30_ssg_cworstt_max_0p81v_125c     slow 
NOR2_X1TA_A9PP140ZTL_C30                 3      1.512       428.212    sc9mcpp140z_cln28ht_hpk_lvt_c30_ssg_cworstt_max_0p81v_125c      slow 
NOR2_X1TA_A9PP140ZTUL_C30                1      0.504       305.255    sc9mcpp140z_cln28ht_hpk_ulvt_c30_ssg_cworstt_max_0p81v_125c     slow 
NOR2_X2A_A9PP140ZTUL_C30                 4      2.520      2966.010    sc9mcpp140z_cln28ht_base_ulvt_c30_ssg_cworstt_max_0p81v_125c    slow 
NOR2_X2M_A9PP140ZTUL_C30                 2      1.260       897.332    sc9mcpp140z_cln28ht_base_ulvt_c30_ssg_cworstt_max_0p81v_125c    slow 
NOR2_X3A_A9PP140ZTUL_C30                 2      1.764      1626.200    sc9mcpp140z_cln28ht_base_ulvt_c30_ssg_cworstt_max_0p81v_125c    slow 
NOR3BB_X0P7M_A9PP140ZTUL_C30             2      1.260       719.040    sc9mcpp140z_cln28ht_base_ulvt_c30_ssg_cworstt_max_0p81v_125c    slow 
NOR3_X1A_A9PP140ZTUL_C30                 2      1.008       707.478    sc9mcpp140z_cln28ht_base_ulvt_c30_ssg_cworstt_max_0p81v_125c    slow 
OA1B2_X1M_A9PP140ZTUL_C30               14      8.820     11028.256    sc9mcpp140z_cln28ht_base_ulvt_c30_ssg_cworstt_max_0p81v_125c    slow 
OA21A1OI2_X0P7M_A9PP140ZTUL_C30          4      2.520      1390.135    sc9mcpp140z_cln28ht_base_ulvt_c30_ssg_cworstt_max_0p81v_125c    slow 
OA21A1OI2_X1M_A9PP140ZTUL_C30           26     16.380      9580.630    sc9mcpp140z_cln28ht_base_ulvt_c30_ssg_cworstt_max_0p81v_125c    slow 
OA21B_X1M_A9PP140ZTUL_C30               10      6.300      7683.145    sc9mcpp140z_cln28ht_base_ulvt_c30_ssg_cworstt_max_0p81v_125c    slow 
OA21B_X4M_A9PP140ZTUL_C30                2      3.276      5177.842    sc9mcpp140z_cln28ht_base_ulvt_c30_ssg_cworstt_max_0p81v_125c    slow 
OA21_X1M_A9PP140ZTL_C30                 10      7.560      2064.820    sc9mcpp140z_cln28ht_base_lvt_c30_ssg_cworstt_max_0p81v_125c     slow 
OA21_X1M_A9PP140ZTUL_C30                12      9.072      7101.718    sc9mcpp140z_cln28ht_base_ulvt_c30_ssg_cworstt_max_0p81v_125c    slow 
OAI211_X1M_A9PP140ZTUL_C30              12      7.560      3590.099    sc9mcpp140z_cln28ht_base_ulvt_c30_ssg_cworstt_max_0p81v_125c    slow 
OAI21B_X1M_A9PP140ZTUL_C30              52     39.312     25402.671    sc9mcpp140z_cln28ht_base_ulvt_c30_ssg_cworstt_max_0p81v_125c    slow 
OAI21_X1A_A9PP140ZTUL_C30               34     17.136     12898.365    sc9mcpp140z_cln28ht_hpk_ulvt_c30_ssg_cworstt_max_0p81v_125c     slow 
OAI21_X1M_A9PP140ZTL_C30                 8      4.032       926.762    sc9mcpp140z_cln28ht_base_lvt_c30_ssg_cworstt_max_0p81v_125c     slow 
OAI21_X1M_A9PP140ZTUL_C30              250    126.000     83199.446    sc9mcpp140z_cln28ht_base_ulvt_c30_ssg_cworstt_max_0p81v_125c    slow 
OAI21_X2M_A9PP140ZTL_C30                 2      1.764       545.283    sc9mcpp140z_cln28ht_base_lvt_c30_ssg_cworstt_max_0p81v_125c     slow 
OAI21_X2M_A9PP140ZTUL_C30                4      3.528      2695.242    sc9mcpp140z_cln28ht_base_ulvt_c30_ssg_cworstt_max_0p81v_125c    slow 
OAI21_X3A_A9PP140ZTUL_C30                2      2.520      2578.706    sc9mcpp140z_cln28ht_hpk_ulvt_c30_ssg_cworstt_max_0p81v_125c     slow 
OAI21_X3M_A9PP140ZTUL_C30                2      2.520      2464.280    sc9mcpp140z_cln28ht_base_ulvt_c30_ssg_cworstt_max_0p81v_125c    slow 
OAI21_X6M_A9PP140ZTUL_C30                2      4.788      4599.677    sc9mcpp140z_cln28ht_base_ulvt_c30_ssg_cworstt_max_0p81v_125c    slow 
OAI22BB_X0P5M_A9PP140ZTUL_C30            2      1.764       708.835    sc9mcpp140z_cln28ht_base_ulvt_c30_ssg_cworstt_max_0p81v_125c    slow 
OAI22BB_X1M_A9PP140ZTUL_C30            133    117.306     70081.267    sc9mcpp140z_cln28ht_base_ulvt_c30_ssg_cworstt_max_0p81v_125c    slow 
OAI22_X1A_A9PP140ZTUL_C30                4      2.520      1867.927    sc9mcpp140z_cln28ht_hpk_ulvt_c30_ssg_cworstt_max_0p81v_125c     slow 
OAI2XB1_X1M_A9PP140ZTUL_C30             33     24.948     14964.313    sc9mcpp140z_cln28ht_base_ulvt_c30_ssg_cworstt_max_0p81v_125c    slow 
OAI2XB1_X2M_A9PP140ZTUL_C30              4      4.536      3369.084    sc9mcpp140z_cln28ht_base_ulvt_c30_ssg_cworstt_max_0p81v_125c    slow 
OAI2XB1_X3M_A9PP140ZTUL_C30              4      6.048      5165.755    sc9mcpp140z_cln28ht_base_ulvt_c30_ssg_cworstt_max_0p81v_125c    slow 
OR2_X1B_A9PP140ZTUL_C30                  6      3.024      3396.683    sc9mcpp140z_cln28ht_base_ulvt_c30_ssg_cworstt_max_0p81v_125c    slow 
OR2_X1M_A9PP140ZTUL_C30                200    100.800    112731.925    sc9mcpp140z_cln28ht_base_ulvt_c30_ssg_cworstt_max_0p81v_125c    slow 
OR2_X2M_A9PP140ZTUL_C30                  4      2.520      3974.910    sc9mcpp140z_cln28ht_base_ulvt_c30_ssg_cworstt_max_0p81v_125c    slow 
OR3_X1M_A9PP140ZTUL_C30                  4      2.520      2138.871    sc9mcpp140z_cln28ht_base_ulvt_c30_ssg_cworstt_max_0p81v_125c    slow 
SDFFQA_X1M_A9PP140ZTL_C30                1      2.520       842.805    sc9mcpp140z_cln28ht_base_lvt_c30_ssg_cworstt_max_0p81v_125c     slow 
SDFFQL_X1M_A9PP140ZTL_C30                1      2.772       825.927    sc9mcpp140z_cln28ht_base_lvt_c30_ssg_cworstt_max_0p81v_125c     slow 
SDFFRPQA_X1M_A9PP140ZTL_C30             26     72.072     28459.761    sc9mcpp140z_cln28ht_base_lvt_c30_ssg_cworstt_max_0p81v_125c     slow 
SDFFRPQA_X1M_A9PP140ZTUL_C30          7182  19908.504  17481251.026    sc9mcpp140z_cln28ht_base_ulvt_c30_ssg_cworstt_max_0p81v_125c    slow 
SDFFRPQNA_X1M_A9PP140ZTUL_C30          613   1621.998   1250529.680    sc9mcpp140z_cln28ht_base_ulvt_c30_ssg_cworstt_max_0p81v_125c    slow 
SDFFSQA_X1M_A9PP140ZTUL_C30              1      2.772      1876.371    sc9mcpp140z_cln28ht_base_ulvt_c30_ssg_cworstt_max_0p81v_125c    slow 
SDFFSQNA_X1M_A9PP140ZTUL_C30             1      2.646      1928.238    sc9mcpp140z_cln28ht_base_ulvt_c30_ssg_cworstt_max_0p81v_125c    slow 
SDFFXRPQ_X2M_A9PP140ZTUL_C30             4     13.104     12187.423    sc9mcpp140z_cln28ht_hpk_ulvt_c30_ssg_cworstt_max_0p81v_125c     slow 
XNOR2_X0P5M_A9PP140ZTUL_C30             14     10.584      5530.192    sc9mcpp140z_cln28ht_base_ulvt_c30_ssg_cworstt_max_0p81v_125c    slow 
XNOR2_X0P7M_A9PP140ZTUL_C30            637    481.572    321859.265    sc9mcpp140z_cln28ht_base_ulvt_c30_ssg_cworstt_max_0p81v_125c    slow 
XNOR2_X1P4M_A9PP140ZTUL_C30             10     11.340     13288.218    sc9mcpp140z_cln28ht_base_ulvt_c30_ssg_cworstt_max_0p81v_125c    slow 
XNOR2_X2M_A9PP140ZTL_C30                 2      3.024      1898.396    sc9mcpp140z_cln28ht_base_lvt_c30_ssg_cworstt_max_0p81v_125c     slow 
XNOR2_X4M_A9PP140ZTUL_C30                4     10.584     20307.893    sc9mcpp140z_cln28ht_base_ulvt_c30_ssg_cworstt_max_0p81v_125c    slow 
XNOR3_X0P7M_A9PP140ZTL_C30               4      6.048      1991.084    sc9mcpp140z_cln28ht_base_lvt_c30_ssg_cworstt_max_0p81v_125c     slow 
XNOR3_X0P7M_A9PP140ZTUL_C30            224    338.688    243719.295    sc9mcpp140z_cln28ht_base_ulvt_c30_ssg_cworstt_max_0p81v_125c    slow 
XOR2_X0P5M_A9PP140ZTUL_C30             106     80.136     54425.625    sc9mcpp140z_cln28ht_base_ulvt_c30_ssg_cworstt_max_0p81v_125c    slow 
XOR2_X0P7M_A9PP140ZTUL_C30             829    626.724    470760.157    sc9mcpp140z_cln28ht_base_ulvt_c30_ssg_cworstt_max_0p81v_125c    slow 
XOR2_X1P4M_A9PP140ZTUL_C30               2      2.268      2653.201    sc9mcpp140z_cln28ht_base_ulvt_c30_ssg_cworstt_max_0p81v_125c    slow 
XOR2_X2M_A9PP140ZTL_C30                  2      3.024      1884.973    sc9mcpp140z_cln28ht_base_lvt_c30_ssg_cworstt_max_0p81v_125c     slow 
XOR2_X2M_A9PP140ZTUL_C30                 6      9.072     15138.989    sc9mcpp140z_cln28ht_base_ulvt_c30_ssg_cworstt_max_0p81v_125c    slow 
XOR2_X4M_A9PP140ZTUL_C30                 2      5.292     10159.937    sc9mcpp140z_cln28ht_base_ulvt_c30_ssg_cworstt_max_0p81v_125c    slow 
XOR3_X0P7M_A9PP140ZTL_C30               14     21.168      7734.133    sc9mcpp140z_cln28ht_base_lvt_c30_ssg_cworstt_max_0p81v_125c     slow 
XOR3_X0P7M_A9PP140ZTUL_C30              72    108.864     82633.731    sc9mcpp140z_cln28ht_base_ulvt_c30_ssg_cworstt_max_0p81v_125c    slow 
XOR3_X2M_A9PP140ZTUL_C30                10     22.680     35200.063    sc9mcpp140z_cln28ht_base_ulvt_c30_ssg_cworstt_max_0p81v_125c    slow 
--------------------------------------------------------------------------------------------------------------------------------------------
total                                25336  44087.904  36036522.752                                                                 


                                                                                                Leakage   Leakage 
                           Library                           Instances Instances %    Area    Power (nW)  Power % 
------------------------------------------------------------------------------------------------------------------
sc9mcpp140z_cln28ht_base_lvt_c30_ssg_cworstt_max_0p81v_125c       1995         7.9   736.722   252315.903     0.7 
sc9mcpp140z_cln28ht_base_svt_c30_ssg_cworstt_max_0p81v_125c        108         0.4   112.896     7195.491     0.0 
sc9mcpp140z_cln28ht_base_ulvt_c30_ssg_cworstt_max_0p81v_125c     23107        91.2 43160.544 35711225.714    99.1 
sc9mcpp140z_cln28ht_hpk_lvt_c30_ssg_cworstt_max_0p81v_125c           3         0.0     1.512      428.212     0.0 
sc9mcpp140z_cln28ht_hpk_ulvt_c30_ssg_cworstt_max_0p81v_125c        123         0.5    76.230    65357.432     0.2 

                                             Leakage   Leakage 
     Type      Instances    Area   Area %  Power (nW)  Power % 
---------------------------------------------------------------
sequential          7829 21626.388   49.1 18777901.233    52.1 
inverter            2778   703.080    1.6   377215.678     1.0 
buffer                 1     0.756    0.0      513.879     0.0 
logic              14728 21757.680   49.4 16880891.962    46.8 
physical_cells         0     0.000    0.0        0.000     0.0 
---------------------------------------------------------------
total              25336 44087.904  100.0 36036522.752   100.0 

