============================================================
  Generated by:           Genus(TM) Synthesis Solution 22.10-p001_1
  Generated on:           Jan 25 2025  12:18:05 pm
  Module:                 pp_int_x4
  Library domain:         slow
    Domain index:         0
    Technology libraries: sc9mcpp140z_cln28ht_base_lvt_c30_ssg_cworstt_max_0p81v_125c 1.0
                          sc9mcpp140z_cln28ht_hpk_lvt_c30_ssg_cworstt_max_0p81v_125c 1.0
                          sc9mcpp140z_cln28ht_base_svt_c30_ssg_cworstt_max_0p81v_125c 1.0
                          sc9mcpp140z_cln28ht_hpk_svt_c30_ssg_cworstt_max_0p81v_125c 1.0
                          sc9mcpp140z_cln28ht_base_ulvt_c30_ssg_cworstt_max_0p81v_125c 1.0
                          sc9mcpp140z_cln28ht_hpk_ulvt_c30_ssg_cworstt_max_0p81v_125c 1.0
  Library domain:         fast
    Domain index:         1
    Technology libraries: sc9mcpp140z_cln28ht_base_lvt_c30_ffg_cbestt_min_0p99v_m40c 1.0
                          sc9mcpp140z_cln28ht_hpk_lvt_c30_ffg_cbestt_min_0p99v_m40c 1.0
                          sc9mcpp140z_cln28ht_base_svt_c30_ffg_cbestt_min_0p99v_m40c 1.0
                          sc9mcpp140z_cln28ht_hpk_svt_c30_ffg_cbestt_min_0p99v_m40c 1.0
                          sc9mcpp140z_cln28ht_base_ulvt_c30_ffg_cbestt_min_0p99v_m40c 1.0
                          sc9mcpp140z_cln28ht_hpk_ulvt_c30_ffg_cbestt_min_0p99v_m40c 1.0
  Library domain:         nom
    Domain index:         2
    Technology libraries: sc9mcpp140z_cln28ht_base_lvt_c30_tt_ctypical_max_0p90v_25c 1.0
                          sc9mcpp140z_cln28ht_hpk_lvt_c30_tt_ctypical_max_0p90v_25c 1.0
                          sc9mcpp140z_cln28ht_base_svt_c30_tt_ctypical_max_0p90v_25c 1.0
                          sc9mcpp140z_cln28ht_hpk_svt_c30_tt_ctypical_max_0p90v_25c 1.0
                          sc9mcpp140z_cln28ht_base_ulvt_c30_tt_ctypical_max_0p90v_25c 1.0
                          sc9mcpp140z_cln28ht_hpk_ulvt_c30_tt_ctypical_max_0p90v_25c 1.0
  Operating conditions:   ssg_cworstt_max_0p81v_125c 
  Operating conditions:   ffg_cbestt_min_0p99v_m40c 
  Operating conditions:   tt_ctypical_max_0p90v_25c 
  Interconnect mode:      global
  Area mode:              physical library
============================================================

Timing
--------

 Analysis view  Clock Period 
-----------------------------
func-slow-maxrc clk    500.0 
                clk_4 2000.0 
func-fast-minrc clk    500.0 
                clk_4 2000.0 
func-typ-typ    clk    500.0 
                clk_4 2000.0 


    Analysis      Cost   Critical        Violating 
      View       Group  Path Slack  TNS    Paths   
---------------------------------------------------
func-slow-maxrc     clk        0.0  0.0          0 
                  clk_4     1008.6  0.0          0 
                default   No paths  0.0          0 
---------------------------------------------------
Total                              -0.0          0 
                                                   
func-fast-minrc     clk       37.5  0.0          0 
                  clk_4     1410.4  0.0          0 
                default   No paths  0.0          0 
---------------------------------------------------
Total                              -0.0          0 
                                                   
func-typ-typ        clk       25.5  0.0          0 
                  clk_4     1242.9  0.0          0 
                default   No paths  0.0          0 
---------------------------------------------------
Total                              -0.0          0 
                                                   

Instance Count
--------------
Leaf Instance Count             25336 
Physical Instance count             0 
Sequential Instance Count        7829 
Combinational Instance Count    17507 
Hierarchical Instance Count         6 

Area
----
Cell Area                          44087.904
Physical Cell Area                 0.000
Total Cell Area (Cell+Physical)    44087.904
Net Area                           12691.143
Total Area (Cell+Physical+Net)     56779.047

Runtime                            335.122132 seconds
Elapsed Runtime                    4860 seconds
Genus peak memory usage            4075.01 
Innovus peak memory usage          no_value 
Hostname                           cluster15.lan.ece
