============================================================
  Generated by:           Genus(TM) Synthesis Solution 22.10-p001_1
  Generated on:           Jan 25 2025  12:18:06 pm
  Module:                 pp_int_x4
  Operating conditions:   ssg_cworstt_max_0p81v_125c 
  Operating conditions:   ffg_cbestt_min_0p99v_m40c 
  Operating conditions:   tt_ctypical_max_0p90v_25c 
  Interconnect mode:      global
  Area mode:              physical library
============================================================


Path 1: MET (26 ps) Setup Check with Pin delayMatch_reg_re_reg[17][15]/CK->SE
           View: func-typ-typ
          Group: clk
     Startpoint: (R) SE
          Clock: (R) clk
       Endpoint: (R) delayMatch_reg_re_reg[17][15]/SE
          Clock: (R) clk

                     Capture       Launch     
        Clock Edge:+     500            0     
        Drv Adjust:+       0            0     
       Src Latency:+       0            0     
       Net Latency:+     200 (I)      200 (I) 
           Arrival:=     700          200     
                                              
             Setup:-      50                  
       Uncertainty:-     125                  
     Required Time:=     526                  
      Launch Clock:-     200                  
       Input Delay:-     300                  
         Data Path:-       0                  
             Slack:=      26                  

Exceptions/Constraints:
  input_delay             300             tmp_sdc_func-slow-ma_7_line_81 

#-------------------------------------------------------------------------------------------------------------------------------
#          Timing Point            Flags   Arc   Edge             Cell               Fanout  Load  Trans Delay Arrival Instance 
#                                                                                            (fF)   (ps)  (ps)   (ps)  Location 
#-------------------------------------------------------------------------------------------------------------------------------
  SE                               -       -     R     (arrival)                        741 1119.8     0     0     500    (-,-) 
  delayMatch_reg_re_reg[17][15]/SE -       -     R     SDFFRPQNA_X1M_A9PP140ZTUL_C30    741      -     -     0     500    (-,-) 
#-------------------------------------------------------------------------------------------------------------------------------



Path 2: MET (26 ps) Setup Check with Pin delayMatch_reg_re_reg[17][14]/CK->SE
           View: func-typ-typ
          Group: clk
     Startpoint: (R) SE
          Clock: (R) clk
       Endpoint: (R) delayMatch_reg_re_reg[17][14]/SE
          Clock: (R) clk

                     Capture       Launch     
        Clock Edge:+     500            0     
        Drv Adjust:+       0            0     
       Src Latency:+       0            0     
       Net Latency:+     200 (I)      200 (I) 
           Arrival:=     700          200     
                                              
             Setup:-      50                  
       Uncertainty:-     125                  
     Required Time:=     526                  
      Launch Clock:-     200                  
       Input Delay:-     300                  
         Data Path:-       0                  
             Slack:=      26                  

Exceptions/Constraints:
  input_delay             300             tmp_sdc_func-slow-ma_7_line_81 

#-------------------------------------------------------------------------------------------------------------------------------
#          Timing Point            Flags   Arc   Edge             Cell               Fanout  Load  Trans Delay Arrival Instance 
#                                                                                            (fF)   (ps)  (ps)   (ps)  Location 
#-------------------------------------------------------------------------------------------------------------------------------
  SE                               -       -     R     (arrival)                        741 1119.8     0     0     500    (-,-) 
  delayMatch_reg_re_reg[17][14]/SE -       -     R     SDFFRPQNA_X1M_A9PP140ZTUL_C30    741      -     -     0     500    (-,-) 
#-------------------------------------------------------------------------------------------------------------------------------



Path 3: MET (26 ps) Setup Check with Pin delayMatch_reg_re_reg[17][5]/CK->SE
           View: func-typ-typ
          Group: clk
     Startpoint: (R) SE
          Clock: (R) clk
       Endpoint: (R) delayMatch_reg_re_reg[17][5]/SE
          Clock: (R) clk

                     Capture       Launch     
        Clock Edge:+     500            0     
        Drv Adjust:+       0            0     
       Src Latency:+       0            0     
       Net Latency:+     200 (I)      200 (I) 
           Arrival:=     700          200     
                                              
             Setup:-      50                  
       Uncertainty:-     125                  
     Required Time:=     526                  
      Launch Clock:-     200                  
       Input Delay:-     300                  
         Data Path:-       0                  
             Slack:=      26                  

Exceptions/Constraints:
  input_delay             300             tmp_sdc_func-slow-ma_7_line_81 

#------------------------------------------------------------------------------------------------------------------------------
#          Timing Point           Flags   Arc   Edge             Cell               Fanout  Load  Trans Delay Arrival Instance 
#                                                                                           (fF)   (ps)  (ps)   (ps)  Location 
#------------------------------------------------------------------------------------------------------------------------------
  SE                              -       -     R     (arrival)                        741 1119.8     0     0     500    (-,-) 
  delayMatch_reg_re_reg[17][5]/SE -       -     R     SDFFRPQNA_X1M_A9PP140ZTUL_C30    741      -     -     0     500    (-,-) 
#------------------------------------------------------------------------------------------------------------------------------



Path 4: MET (26 ps) Setup Check with Pin delayMatch_reg_re_reg[17][4]/CK->SE
           View: func-typ-typ
          Group: clk
     Startpoint: (R) SE
          Clock: (R) clk
       Endpoint: (R) delayMatch_reg_re_reg[17][4]/SE
          Clock: (R) clk

                     Capture       Launch     
        Clock Edge:+     500            0     
        Drv Adjust:+       0            0     
       Src Latency:+       0            0     
       Net Latency:+     200 (I)      200 (I) 
           Arrival:=     700          200     
                                              
             Setup:-      50                  
       Uncertainty:-     125                  
     Required Time:=     526                  
      Launch Clock:-     200                  
       Input Delay:-     300                  
         Data Path:-       0                  
             Slack:=      26                  

Exceptions/Constraints:
  input_delay             300             tmp_sdc_func-slow-ma_7_line_81 

#------------------------------------------------------------------------------------------------------------------------------
#          Timing Point           Flags   Arc   Edge             Cell               Fanout  Load  Trans Delay Arrival Instance 
#                                                                                           (fF)   (ps)  (ps)   (ps)  Location 
#------------------------------------------------------------------------------------------------------------------------------
  SE                              -       -     R     (arrival)                        741 1119.8     0     0     500    (-,-) 
  delayMatch_reg_re_reg[17][4]/SE -       -     R     SDFFRPQNA_X1M_A9PP140ZTUL_C30    741      -     -     0     500    (-,-) 
#------------------------------------------------------------------------------------------------------------------------------



Path 5: MET (26 ps) Setup Check with Pin delayMatch_reg_re_reg[15][12]/CK->SE
           View: func-typ-typ
          Group: clk
     Startpoint: (R) SE
          Clock: (R) clk
       Endpoint: (R) delayMatch_reg_re_reg[15][12]/SE
          Clock: (R) clk

                     Capture       Launch     
        Clock Edge:+     500            0     
        Drv Adjust:+       0            0     
       Src Latency:+       0            0     
       Net Latency:+     200 (I)      200 (I) 
           Arrival:=     700          200     
                                              
             Setup:-      50                  
       Uncertainty:-     125                  
     Required Time:=     526                  
      Launch Clock:-     200                  
       Input Delay:-     300                  
         Data Path:-       0                  
             Slack:=      26                  

Exceptions/Constraints:
  input_delay             300             tmp_sdc_func-slow-ma_7_line_81 

#-------------------------------------------------------------------------------------------------------------------------------
#          Timing Point            Flags   Arc   Edge             Cell               Fanout  Load  Trans Delay Arrival Instance 
#                                                                                            (fF)   (ps)  (ps)   (ps)  Location 
#-------------------------------------------------------------------------------------------------------------------------------
  SE                               -       -     R     (arrival)                        741 1119.8     0     0     500    (-,-) 
  delayMatch_reg_re_reg[15][12]/SE -       -     R     SDFFRPQNA_X1M_A9PP140ZTUL_C30    741      -     -     0     500    (-,-) 
#-------------------------------------------------------------------------------------------------------------------------------



Path 6: MET (26 ps) Setup Check with Pin delayMatch_reg_re_reg[15][11]/CK->SE
           View: func-typ-typ
          Group: clk
     Startpoint: (R) SE
          Clock: (R) clk
       Endpoint: (R) delayMatch_reg_re_reg[15][11]/SE
          Clock: (R) clk

                     Capture       Launch     
        Clock Edge:+     500            0     
        Drv Adjust:+       0            0     
       Src Latency:+       0            0     
       Net Latency:+     200 (I)      200 (I) 
           Arrival:=     700          200     
                                              
             Setup:-      50                  
       Uncertainty:-     125                  
     Required Time:=     526                  
      Launch Clock:-     200                  
       Input Delay:-     300                  
         Data Path:-       0                  
             Slack:=      26                  

Exceptions/Constraints:
  input_delay             300             tmp_sdc_func-slow-ma_7_line_81 

#-------------------------------------------------------------------------------------------------------------------------------
#          Timing Point            Flags   Arc   Edge             Cell               Fanout  Load  Trans Delay Arrival Instance 
#                                                                                            (fF)   (ps)  (ps)   (ps)  Location 
#-------------------------------------------------------------------------------------------------------------------------------
  SE                               -       -     R     (arrival)                        741 1119.8     0     0     500    (-,-) 
  delayMatch_reg_re_reg[15][11]/SE -       -     R     SDFFRPQNA_X1M_A9PP140ZTUL_C30    741      -     -     0     500    (-,-) 
#-------------------------------------------------------------------------------------------------------------------------------



Path 7: MET (26 ps) Setup Check with Pin delayMatch_reg_re_reg[15][10]/CK->SE
           View: func-typ-typ
          Group: clk
     Startpoint: (R) SE
          Clock: (R) clk
       Endpoint: (R) delayMatch_reg_re_reg[15][10]/SE
          Clock: (R) clk

                     Capture       Launch     
        Clock Edge:+     500            0     
        Drv Adjust:+       0            0     
       Src Latency:+       0            0     
       Net Latency:+     200 (I)      200 (I) 
           Arrival:=     700          200     
                                              
             Setup:-      50                  
       Uncertainty:-     125                  
     Required Time:=     526                  
      Launch Clock:-     200                  
       Input Delay:-     300                  
         Data Path:-       0                  
             Slack:=      26                  

Exceptions/Constraints:
  input_delay             300             tmp_sdc_func-slow-ma_7_line_81 

#-------------------------------------------------------------------------------------------------------------------------------
#          Timing Point            Flags   Arc   Edge             Cell               Fanout  Load  Trans Delay Arrival Instance 
#                                                                                            (fF)   (ps)  (ps)   (ps)  Location 
#-------------------------------------------------------------------------------------------------------------------------------
  SE                               -       -     R     (arrival)                        741 1119.8     0     0     500    (-,-) 
  delayMatch_reg_re_reg[15][10]/SE -       -     R     SDFFRPQNA_X1M_A9PP140ZTUL_C30    741      -     -     0     500    (-,-) 
#-------------------------------------------------------------------------------------------------------------------------------



Path 8: MET (26 ps) Setup Check with Pin delayMatch_reg_re_reg[15][9]/CK->SE
           View: func-typ-typ
          Group: clk
     Startpoint: (R) SE
          Clock: (R) clk
       Endpoint: (R) delayMatch_reg_re_reg[15][9]/SE
          Clock: (R) clk

                     Capture       Launch     
        Clock Edge:+     500            0     
        Drv Adjust:+       0            0     
       Src Latency:+       0            0     
       Net Latency:+     200 (I)      200 (I) 
           Arrival:=     700          200     
                                              
             Setup:-      50                  
       Uncertainty:-     125                  
     Required Time:=     526                  
      Launch Clock:-     200                  
       Input Delay:-     300                  
         Data Path:-       0                  
             Slack:=      26                  

Exceptions/Constraints:
  input_delay             300             tmp_sdc_func-slow-ma_7_line_81 

#------------------------------------------------------------------------------------------------------------------------------
#          Timing Point           Flags   Arc   Edge             Cell               Fanout  Load  Trans Delay Arrival Instance 
#                                                                                           (fF)   (ps)  (ps)   (ps)  Location 
#------------------------------------------------------------------------------------------------------------------------------
  SE                              -       -     R     (arrival)                        741 1119.8     0     0     500    (-,-) 
  delayMatch_reg_re_reg[15][9]/SE -       -     R     SDFFRPQNA_X1M_A9PP140ZTUL_C30    741      -     -     0     500    (-,-) 
#------------------------------------------------------------------------------------------------------------------------------



Path 9: MET (26 ps) Setup Check with Pin delayMatch_reg_re_reg[12][8]/CK->SE
           View: func-typ-typ
          Group: clk
     Startpoint: (R) SE
          Clock: (R) clk
       Endpoint: (R) delayMatch_reg_re_reg[12][8]/SE
          Clock: (R) clk

                     Capture       Launch     
        Clock Edge:+     500            0     
        Drv Adjust:+       0            0     
       Src Latency:+       0            0     
       Net Latency:+     200 (I)      200 (I) 
           Arrival:=     700          200     
                                              
             Setup:-      50                  
       Uncertainty:-     125                  
     Required Time:=     526                  
      Launch Clock:-     200                  
       Input Delay:-     300                  
         Data Path:-       0                  
             Slack:=      26                  

Exceptions/Constraints:
  input_delay             300             tmp_sdc_func-slow-ma_7_line_81 

#------------------------------------------------------------------------------------------------------------------------------
#          Timing Point           Flags   Arc   Edge             Cell               Fanout  Load  Trans Delay Arrival Instance 
#                                                                                           (fF)   (ps)  (ps)   (ps)  Location 
#------------------------------------------------------------------------------------------------------------------------------
  SE                              -       -     R     (arrival)                        741 1119.8     0     0     500    (-,-) 
  delayMatch_reg_re_reg[12][8]/SE -       -     R     SDFFRPQNA_X1M_A9PP140ZTUL_C30    741      -     -     0     500    (-,-) 
#------------------------------------------------------------------------------------------------------------------------------



Path 10: MET (26 ps) Setup Check with Pin delayMatch_reg_re_reg[12][7]/CK->SE
           View: func-typ-typ
          Group: clk
     Startpoint: (R) SE
          Clock: (R) clk
       Endpoint: (R) delayMatch_reg_re_reg[12][7]/SE
          Clock: (R) clk

                     Capture       Launch     
        Clock Edge:+     500            0     
        Drv Adjust:+       0            0     
       Src Latency:+       0            0     
       Net Latency:+     200 (I)      200 (I) 
           Arrival:=     700          200     
                                              
             Setup:-      50                  
       Uncertainty:-     125                  
     Required Time:=     526                  
      Launch Clock:-     200                  
       Input Delay:-     300                  
         Data Path:-       0                  
             Slack:=      26                  

Exceptions/Constraints:
  input_delay             300             tmp_sdc_func-slow-ma_7_line_81 

#------------------------------------------------------------------------------------------------------------------------------
#          Timing Point           Flags   Arc   Edge             Cell               Fanout  Load  Trans Delay Arrival Instance 
#                                                                                           (fF)   (ps)  (ps)   (ps)  Location 
#------------------------------------------------------------------------------------------------------------------------------
  SE                              -       -     R     (arrival)                        741 1119.8     0     0     500    (-,-) 
  delayMatch_reg_re_reg[12][7]/SE -       -     R     SDFFRPQNA_X1M_A9PP140ZTUL_C30    741      -     -     0     500    (-,-) 
#------------------------------------------------------------------------------------------------------------------------------



Path 11: MET (26 ps) Setup Check with Pin delayMatch_reg_re_reg[12][6]/CK->SE
           View: func-typ-typ
          Group: clk
     Startpoint: (R) SE
          Clock: (R) clk
       Endpoint: (R) delayMatch_reg_re_reg[12][6]/SE
          Clock: (R) clk

                     Capture       Launch     
        Clock Edge:+     500            0     
        Drv Adjust:+       0            0     
       Src Latency:+       0            0     
       Net Latency:+     200 (I)      200 (I) 
           Arrival:=     700          200     
                                              
             Setup:-      50                  
       Uncertainty:-     125                  
     Required Time:=     526                  
      Launch Clock:-     200                  
       Input Delay:-     300                  
         Data Path:-       0                  
             Slack:=      26                  

Exceptions/Constraints:
  input_delay             300             tmp_sdc_func-slow-ma_7_line_81 

#------------------------------------------------------------------------------------------------------------------------------
#          Timing Point           Flags   Arc   Edge             Cell               Fanout  Load  Trans Delay Arrival Instance 
#                                                                                           (fF)   (ps)  (ps)   (ps)  Location 
#------------------------------------------------------------------------------------------------------------------------------
  SE                              -       -     R     (arrival)                        741 1119.8     0     0     500    (-,-) 
  delayMatch_reg_re_reg[12][6]/SE -       -     R     SDFFRPQNA_X1M_A9PP140ZTUL_C30    741      -     -     0     500    (-,-) 
#------------------------------------------------------------------------------------------------------------------------------



Path 12: MET (26 ps) Setup Check with Pin delayMatch_reg_re_reg[12][5]/CK->SE
           View: func-typ-typ
          Group: clk
     Startpoint: (R) SE
          Clock: (R) clk
       Endpoint: (R) delayMatch_reg_re_reg[12][5]/SE
          Clock: (R) clk

                     Capture       Launch     
        Clock Edge:+     500            0     
        Drv Adjust:+       0            0     
       Src Latency:+       0            0     
       Net Latency:+     200 (I)      200 (I) 
           Arrival:=     700          200     
                                              
             Setup:-      50                  
       Uncertainty:-     125                  
     Required Time:=     526                  
      Launch Clock:-     200                  
       Input Delay:-     300                  
         Data Path:-       0                  
             Slack:=      26                  

Exceptions/Constraints:
  input_delay             300             tmp_sdc_func-slow-ma_7_line_81 

#------------------------------------------------------------------------------------------------------------------------------
#          Timing Point           Flags   Arc   Edge             Cell               Fanout  Load  Trans Delay Arrival Instance 
#                                                                                           (fF)   (ps)  (ps)   (ps)  Location 
#------------------------------------------------------------------------------------------------------------------------------
  SE                              -       -     R     (arrival)                        741 1119.8     0     0     500    (-,-) 
  delayMatch_reg_re_reg[12][5]/SE -       -     R     SDFFRPQNA_X1M_A9PP140ZTUL_C30    741      -     -     0     500    (-,-) 
#------------------------------------------------------------------------------------------------------------------------------



Path 13: MET (26 ps) Setup Check with Pin delayMatch_reg_re_reg[12][4]/CK->SE
           View: func-typ-typ
          Group: clk
     Startpoint: (R) SE
          Clock: (R) clk
       Endpoint: (R) delayMatch_reg_re_reg[12][4]/SE
          Clock: (R) clk

                     Capture       Launch     
        Clock Edge:+     500            0     
        Drv Adjust:+       0            0     
       Src Latency:+       0            0     
       Net Latency:+     200 (I)      200 (I) 
           Arrival:=     700          200     
                                              
             Setup:-      50                  
       Uncertainty:-     125                  
     Required Time:=     526                  
      Launch Clock:-     200                  
       Input Delay:-     300                  
         Data Path:-       0                  
             Slack:=      26                  

Exceptions/Constraints:
  input_delay             300             tmp_sdc_func-slow-ma_7_line_81 

#------------------------------------------------------------------------------------------------------------------------------
#          Timing Point           Flags   Arc   Edge             Cell               Fanout  Load  Trans Delay Arrival Instance 
#                                                                                           (fF)   (ps)  (ps)   (ps)  Location 
#------------------------------------------------------------------------------------------------------------------------------
  SE                              -       -     R     (arrival)                        741 1119.8     0     0     500    (-,-) 
  delayMatch_reg_re_reg[12][4]/SE -       -     R     SDFFRPQNA_X1M_A9PP140ZTUL_C30    741      -     -     0     500    (-,-) 
#------------------------------------------------------------------------------------------------------------------------------



Path 14: MET (26 ps) Setup Check with Pin delayMatch_reg_re_reg[12][3]/CK->SE
           View: func-typ-typ
          Group: clk
     Startpoint: (R) SE
          Clock: (R) clk
       Endpoint: (R) delayMatch_reg_re_reg[12][3]/SE
          Clock: (R) clk

                     Capture       Launch     
        Clock Edge:+     500            0     
        Drv Adjust:+       0            0     
       Src Latency:+       0            0     
       Net Latency:+     200 (I)      200 (I) 
           Arrival:=     700          200     
                                              
             Setup:-      50                  
       Uncertainty:-     125                  
     Required Time:=     526                  
      Launch Clock:-     200                  
       Input Delay:-     300                  
         Data Path:-       0                  
             Slack:=      26                  

Exceptions/Constraints:
  input_delay             300             tmp_sdc_func-slow-ma_7_line_81 

#------------------------------------------------------------------------------------------------------------------------------
#          Timing Point           Flags   Arc   Edge             Cell               Fanout  Load  Trans Delay Arrival Instance 
#                                                                                           (fF)   (ps)  (ps)   (ps)  Location 
#------------------------------------------------------------------------------------------------------------------------------
  SE                              -       -     R     (arrival)                        741 1119.8     0     0     500    (-,-) 
  delayMatch_reg_re_reg[12][3]/SE -       -     R     SDFFRPQNA_X1M_A9PP140ZTUL_C30    741      -     -     0     500    (-,-) 
#------------------------------------------------------------------------------------------------------------------------------



Path 15: MET (26 ps) Setup Check with Pin delayMatch_reg_re_reg[6][2]/CK->SE
           View: func-typ-typ
          Group: clk
     Startpoint: (R) SE
          Clock: (R) clk
       Endpoint: (R) delayMatch_reg_re_reg[6][2]/SE
          Clock: (R) clk

                     Capture       Launch     
        Clock Edge:+     500            0     
        Drv Adjust:+       0            0     
       Src Latency:+       0            0     
       Net Latency:+     200 (I)      200 (I) 
           Arrival:=     700          200     
                                              
             Setup:-      50                  
       Uncertainty:-     125                  
     Required Time:=     526                  
      Launch Clock:-     200                  
       Input Delay:-     300                  
         Data Path:-       0                  
             Slack:=      26                  

Exceptions/Constraints:
  input_delay             300             tmp_sdc_func-slow-ma_7_line_81 

#-----------------------------------------------------------------------------------------------------------------------------
#         Timing Point           Flags   Arc   Edge             Cell               Fanout  Load  Trans Delay Arrival Instance 
#                                                                                          (fF)   (ps)  (ps)   (ps)  Location 
#-----------------------------------------------------------------------------------------------------------------------------
  SE                             -       -     R     (arrival)                        741 1119.8     0     0     500    (-,-) 
  delayMatch_reg_re_reg[6][2]/SE -       -     R     SDFFRPQNA_X1M_A9PP140ZTUL_C30    741      -     -     0     500    (-,-) 
#-----------------------------------------------------------------------------------------------------------------------------



Path 16: MET (26 ps) Setup Check with Pin delayMatch_reg_re_reg[6][1]/CK->SE
           View: func-typ-typ
          Group: clk
     Startpoint: (R) SE
          Clock: (R) clk
       Endpoint: (R) delayMatch_reg_re_reg[6][1]/SE
          Clock: (R) clk

                     Capture       Launch     
        Clock Edge:+     500            0     
        Drv Adjust:+       0            0     
       Src Latency:+       0            0     
       Net Latency:+     200 (I)      200 (I) 
           Arrival:=     700          200     
                                              
             Setup:-      50                  
       Uncertainty:-     125                  
     Required Time:=     526                  
      Launch Clock:-     200                  
       Input Delay:-     300                  
         Data Path:-       0                  
             Slack:=      26                  

Exceptions/Constraints:
  input_delay             300             tmp_sdc_func-slow-ma_7_line_81 

#-----------------------------------------------------------------------------------------------------------------------------
#         Timing Point           Flags   Arc   Edge             Cell               Fanout  Load  Trans Delay Arrival Instance 
#                                                                                          (fF)   (ps)  (ps)   (ps)  Location 
#-----------------------------------------------------------------------------------------------------------------------------
  SE                             -       -     R     (arrival)                        741 1119.8     0     0     500    (-,-) 
  delayMatch_reg_re_reg[6][1]/SE -       -     R     SDFFRPQNA_X1M_A9PP140ZTUL_C30    741      -     -     0     500    (-,-) 
#-----------------------------------------------------------------------------------------------------------------------------



Path 17: MET (26 ps) Setup Check with Pin delayMatch_reg_re_reg[6][0]/CK->SE
           View: func-typ-typ
          Group: clk
     Startpoint: (R) SE
          Clock: (R) clk
       Endpoint: (R) delayMatch_reg_re_reg[6][0]/SE
          Clock: (R) clk

                     Capture       Launch     
        Clock Edge:+     500            0     
        Drv Adjust:+       0            0     
       Src Latency:+       0            0     
       Net Latency:+     200 (I)      200 (I) 
           Arrival:=     700          200     
                                              
             Setup:-      50                  
       Uncertainty:-     125                  
     Required Time:=     526                  
      Launch Clock:-     200                  
       Input Delay:-     300                  
         Data Path:-       0                  
             Slack:=      26                  

Exceptions/Constraints:
  input_delay             300             tmp_sdc_func-slow-ma_7_line_81 

#-----------------------------------------------------------------------------------------------------------------------------
#         Timing Point           Flags   Arc   Edge             Cell               Fanout  Load  Trans Delay Arrival Instance 
#                                                                                          (fF)   (ps)  (ps)   (ps)  Location 
#-----------------------------------------------------------------------------------------------------------------------------
  SE                             -       -     R     (arrival)                        741 1119.8     0     0     500    (-,-) 
  delayMatch_reg_re_reg[6][0]/SE -       -     R     SDFFRPQNA_X1M_A9PP140ZTUL_C30    741      -     -     0     500    (-,-) 
#-----------------------------------------------------------------------------------------------------------------------------



Path 18: MET (26 ps) Setup Check with Pin delayMatch_reg_re_reg[5][15]/CK->SE
           View: func-typ-typ
          Group: clk
     Startpoint: (R) SE
          Clock: (R) clk
       Endpoint: (R) delayMatch_reg_re_reg[5][15]/SE
          Clock: (R) clk

                     Capture       Launch     
        Clock Edge:+     500            0     
        Drv Adjust:+       0            0     
       Src Latency:+       0            0     
       Net Latency:+     200 (I)      200 (I) 
           Arrival:=     700          200     
                                              
             Setup:-      50                  
       Uncertainty:-     125                  
     Required Time:=     526                  
      Launch Clock:-     200                  
       Input Delay:-     300                  
         Data Path:-       0                  
             Slack:=      26                  

Exceptions/Constraints:
  input_delay             300             tmp_sdc_func-slow-ma_7_line_81 

#------------------------------------------------------------------------------------------------------------------------------
#          Timing Point           Flags   Arc   Edge             Cell               Fanout  Load  Trans Delay Arrival Instance 
#                                                                                           (fF)   (ps)  (ps)   (ps)  Location 
#------------------------------------------------------------------------------------------------------------------------------
  SE                              -       -     R     (arrival)                        741 1119.8     0     0     500    (-,-) 
  delayMatch_reg_re_reg[5][15]/SE -       -     R     SDFFRPQNA_X1M_A9PP140ZTUL_C30    741      -     -     0     500    (-,-) 
#------------------------------------------------------------------------------------------------------------------------------



Path 19: MET (26 ps) Setup Check with Pin delayMatch_reg_re_reg[5][14]/CK->SE
           View: func-typ-typ
          Group: clk
     Startpoint: (R) SE
          Clock: (R) clk
       Endpoint: (R) delayMatch_reg_re_reg[5][14]/SE
          Clock: (R) clk

                     Capture       Launch     
        Clock Edge:+     500            0     
        Drv Adjust:+       0            0     
       Src Latency:+       0            0     
       Net Latency:+     200 (I)      200 (I) 
           Arrival:=     700          200     
                                              
             Setup:-      50                  
       Uncertainty:-     125                  
     Required Time:=     526                  
      Launch Clock:-     200                  
       Input Delay:-     300                  
         Data Path:-       0                  
             Slack:=      26                  

Exceptions/Constraints:
  input_delay             300             tmp_sdc_func-slow-ma_7_line_81 

#------------------------------------------------------------------------------------------------------------------------------
#          Timing Point           Flags   Arc   Edge             Cell               Fanout  Load  Trans Delay Arrival Instance 
#                                                                                           (fF)   (ps)  (ps)   (ps)  Location 
#------------------------------------------------------------------------------------------------------------------------------
  SE                              -       -     R     (arrival)                        741 1119.8     0     0     500    (-,-) 
  delayMatch_reg_re_reg[5][14]/SE -       -     R     SDFFRPQNA_X1M_A9PP140ZTUL_C30    741      -     -     0     500    (-,-) 
#------------------------------------------------------------------------------------------------------------------------------



Path 20: MET (26 ps) Setup Check with Pin delayMatch_reg_re_reg[5][13]/CK->SE
           View: func-typ-typ
          Group: clk
     Startpoint: (R) SE
          Clock: (R) clk
       Endpoint: (R) delayMatch_reg_re_reg[5][13]/SE
          Clock: (R) clk

                     Capture       Launch     
        Clock Edge:+     500            0     
        Drv Adjust:+       0            0     
       Src Latency:+       0            0     
       Net Latency:+     200 (I)      200 (I) 
           Arrival:=     700          200     
                                              
             Setup:-      50                  
       Uncertainty:-     125                  
     Required Time:=     526                  
      Launch Clock:-     200                  
       Input Delay:-     300                  
         Data Path:-       0                  
             Slack:=      26                  

Exceptions/Constraints:
  input_delay             300             tmp_sdc_func-slow-ma_7_line_81 

#------------------------------------------------------------------------------------------------------------------------------
#          Timing Point           Flags   Arc   Edge             Cell               Fanout  Load  Trans Delay Arrival Instance 
#                                                                                           (fF)   (ps)  (ps)   (ps)  Location 
#------------------------------------------------------------------------------------------------------------------------------
  SE                              -       -     R     (arrival)                        741 1119.8     0     0     500    (-,-) 
  delayMatch_reg_re_reg[5][13]/SE -       -     R     SDFFRPQNA_X1M_A9PP140ZTUL_C30    741      -     -     0     500    (-,-) 
#------------------------------------------------------------------------------------------------------------------------------



Path 21: MET (26 ps) Setup Check with Pin delayMatch_reg_re_reg[5][12]/CK->SE
           View: func-typ-typ
          Group: clk
     Startpoint: (R) SE
          Clock: (R) clk
       Endpoint: (R) delayMatch_reg_re_reg[5][12]/SE
          Clock: (R) clk

                     Capture       Launch     
        Clock Edge:+     500            0     
        Drv Adjust:+       0            0     
       Src Latency:+       0            0     
       Net Latency:+     200 (I)      200 (I) 
           Arrival:=     700          200     
                                              
             Setup:-      50                  
       Uncertainty:-     125                  
     Required Time:=     526                  
      Launch Clock:-     200                  
       Input Delay:-     300                  
         Data Path:-       0                  
             Slack:=      26                  

Exceptions/Constraints:
  input_delay             300             tmp_sdc_func-slow-ma_7_line_81 

#------------------------------------------------------------------------------------------------------------------------------
#          Timing Point           Flags   Arc   Edge             Cell               Fanout  Load  Trans Delay Arrival Instance 
#                                                                                           (fF)   (ps)  (ps)   (ps)  Location 
#------------------------------------------------------------------------------------------------------------------------------
  SE                              -       -     R     (arrival)                        741 1119.8     0     0     500    (-,-) 
  delayMatch_reg_re_reg[5][12]/SE -       -     R     SDFFRPQNA_X1M_A9PP140ZTUL_C30    741      -     -     0     500    (-,-) 
#------------------------------------------------------------------------------------------------------------------------------



Path 22: MET (26 ps) Setup Check with Pin delayMatch_reg_re_reg[5][11]/CK->SE
           View: func-typ-typ
          Group: clk
     Startpoint: (R) SE
          Clock: (R) clk
       Endpoint: (R) delayMatch_reg_re_reg[5][11]/SE
          Clock: (R) clk

                     Capture       Launch     
        Clock Edge:+     500            0     
        Drv Adjust:+       0            0     
       Src Latency:+       0            0     
       Net Latency:+     200 (I)      200 (I) 
           Arrival:=     700          200     
                                              
             Setup:-      50                  
       Uncertainty:-     125                  
     Required Time:=     526                  
      Launch Clock:-     200                  
       Input Delay:-     300                  
         Data Path:-       0                  
             Slack:=      26                  

Exceptions/Constraints:
  input_delay             300             tmp_sdc_func-slow-ma_7_line_81 

#------------------------------------------------------------------------------------------------------------------------------
#          Timing Point           Flags   Arc   Edge             Cell               Fanout  Load  Trans Delay Arrival Instance 
#                                                                                           (fF)   (ps)  (ps)   (ps)  Location 
#------------------------------------------------------------------------------------------------------------------------------
  SE                              -       -     R     (arrival)                        741 1119.8     0     0     500    (-,-) 
  delayMatch_reg_re_reg[5][11]/SE -       -     R     SDFFRPQNA_X1M_A9PP140ZTUL_C30    741      -     -     0     500    (-,-) 
#------------------------------------------------------------------------------------------------------------------------------



Path 23: MET (26 ps) Setup Check with Pin delayMatch_reg_re_reg[5][10]/CK->SE
           View: func-typ-typ
          Group: clk
     Startpoint: (R) SE
          Clock: (R) clk
       Endpoint: (R) delayMatch_reg_re_reg[5][10]/SE
          Clock: (R) clk

                     Capture       Launch     
        Clock Edge:+     500            0     
        Drv Adjust:+       0            0     
       Src Latency:+       0            0     
       Net Latency:+     200 (I)      200 (I) 
           Arrival:=     700          200     
                                              
             Setup:-      50                  
       Uncertainty:-     125                  
     Required Time:=     526                  
      Launch Clock:-     200                  
       Input Delay:-     300                  
         Data Path:-       0                  
             Slack:=      26                  

Exceptions/Constraints:
  input_delay             300             tmp_sdc_func-slow-ma_7_line_81 

#------------------------------------------------------------------------------------------------------------------------------
#          Timing Point           Flags   Arc   Edge             Cell               Fanout  Load  Trans Delay Arrival Instance 
#                                                                                           (fF)   (ps)  (ps)   (ps)  Location 
#------------------------------------------------------------------------------------------------------------------------------
  SE                              -       -     R     (arrival)                        741 1119.8     0     0     500    (-,-) 
  delayMatch_reg_re_reg[5][10]/SE -       -     R     SDFFRPQNA_X1M_A9PP140ZTUL_C30    741      -     -     0     500    (-,-) 
#------------------------------------------------------------------------------------------------------------------------------



Path 24: MET (26 ps) Setup Check with Pin delayMatch_reg_re_reg[5][9]/CK->SE
           View: func-typ-typ
          Group: clk
     Startpoint: (R) SE
          Clock: (R) clk
       Endpoint: (R) delayMatch_reg_re_reg[5][9]/SE
          Clock: (R) clk

                     Capture       Launch     
        Clock Edge:+     500            0     
        Drv Adjust:+       0            0     
       Src Latency:+       0            0     
       Net Latency:+     200 (I)      200 (I) 
           Arrival:=     700          200     
                                              
             Setup:-      50                  
       Uncertainty:-     125                  
     Required Time:=     526                  
      Launch Clock:-     200                  
       Input Delay:-     300                  
         Data Path:-       0                  
             Slack:=      26                  

Exceptions/Constraints:
  input_delay             300             tmp_sdc_func-slow-ma_7_line_81 

#-----------------------------------------------------------------------------------------------------------------------------
#         Timing Point           Flags   Arc   Edge             Cell               Fanout  Load  Trans Delay Arrival Instance 
#                                                                                          (fF)   (ps)  (ps)   (ps)  Location 
#-----------------------------------------------------------------------------------------------------------------------------
  SE                             -       -     R     (arrival)                        741 1119.8     0     0     500    (-,-) 
  delayMatch_reg_re_reg[5][9]/SE -       -     R     SDFFRPQNA_X1M_A9PP140ZTUL_C30    741      -     -     0     500    (-,-) 
#-----------------------------------------------------------------------------------------------------------------------------



Path 25: MET (26 ps) Setup Check with Pin delayMatch_reg_re_reg[5][8]/CK->SE
           View: func-typ-typ
          Group: clk
     Startpoint: (R) SE
          Clock: (R) clk
       Endpoint: (R) delayMatch_reg_re_reg[5][8]/SE
          Clock: (R) clk

                     Capture       Launch     
        Clock Edge:+     500            0     
        Drv Adjust:+       0            0     
       Src Latency:+       0            0     
       Net Latency:+     200 (I)      200 (I) 
           Arrival:=     700          200     
                                              
             Setup:-      50                  
       Uncertainty:-     125                  
     Required Time:=     526                  
      Launch Clock:-     200                  
       Input Delay:-     300                  
         Data Path:-       0                  
             Slack:=      26                  

Exceptions/Constraints:
  input_delay             300             tmp_sdc_func-slow-ma_7_line_81 

#-----------------------------------------------------------------------------------------------------------------------------
#         Timing Point           Flags   Arc   Edge             Cell               Fanout  Load  Trans Delay Arrival Instance 
#                                                                                          (fF)   (ps)  (ps)   (ps)  Location 
#-----------------------------------------------------------------------------------------------------------------------------
  SE                             -       -     R     (arrival)                        741 1119.8     0     0     500    (-,-) 
  delayMatch_reg_re_reg[5][8]/SE -       -     R     SDFFRPQNA_X1M_A9PP140ZTUL_C30    741      -     -     0     500    (-,-) 
#-----------------------------------------------------------------------------------------------------------------------------



Path 26: MET (26 ps) Setup Check with Pin delayMatch_reg_re_reg[5][7]/CK->SE
           View: func-typ-typ
          Group: clk
     Startpoint: (R) SE
          Clock: (R) clk
       Endpoint: (R) delayMatch_reg_re_reg[5][7]/SE
          Clock: (R) clk

                     Capture       Launch     
        Clock Edge:+     500            0     
        Drv Adjust:+       0            0     
       Src Latency:+       0            0     
       Net Latency:+     200 (I)      200 (I) 
           Arrival:=     700          200     
                                              
             Setup:-      50                  
       Uncertainty:-     125                  
     Required Time:=     526                  
      Launch Clock:-     200                  
       Input Delay:-     300                  
         Data Path:-       0                  
             Slack:=      26                  

Exceptions/Constraints:
  input_delay             300             tmp_sdc_func-slow-ma_7_line_81 

#-----------------------------------------------------------------------------------------------------------------------------
#         Timing Point           Flags   Arc   Edge             Cell               Fanout  Load  Trans Delay Arrival Instance 
#                                                                                          (fF)   (ps)  (ps)   (ps)  Location 
#-----------------------------------------------------------------------------------------------------------------------------
  SE                             -       -     R     (arrival)                        741 1119.8     0     0     500    (-,-) 
  delayMatch_reg_re_reg[5][7]/SE -       -     R     SDFFRPQNA_X1M_A9PP140ZTUL_C30    741      -     -     0     500    (-,-) 
#-----------------------------------------------------------------------------------------------------------------------------



Path 27: MET (26 ps) Setup Check with Pin delayMatch_reg_im_reg[12][5]/CK->SE
           View: func-typ-typ
          Group: clk
     Startpoint: (R) SE
          Clock: (R) clk
       Endpoint: (R) delayMatch_reg_im_reg[12][5]/SE
          Clock: (R) clk

                     Capture       Launch     
        Clock Edge:+     500            0     
        Drv Adjust:+       0            0     
       Src Latency:+       0            0     
       Net Latency:+     200 (I)      200 (I) 
           Arrival:=     700          200     
                                              
             Setup:-      50                  
       Uncertainty:-     125                  
     Required Time:=     526                  
      Launch Clock:-     200                  
       Input Delay:-     300                  
         Data Path:-       0                  
             Slack:=      26                  

Exceptions/Constraints:
  input_delay             300             tmp_sdc_func-slow-ma_7_line_81 

#------------------------------------------------------------------------------------------------------------------------------
#          Timing Point           Flags   Arc   Edge             Cell               Fanout  Load  Trans Delay Arrival Instance 
#                                                                                           (fF)   (ps)  (ps)   (ps)  Location 
#------------------------------------------------------------------------------------------------------------------------------
  SE                              -       -     R     (arrival)                        741 1119.8     0     0     500    (-,-) 
  delayMatch_reg_im_reg[12][5]/SE -       -     R     SDFFRPQNA_X1M_A9PP140ZTUL_C30    741      -     -     0     500    (-,-) 
#------------------------------------------------------------------------------------------------------------------------------



Path 28: MET (26 ps) Setup Check with Pin delayMatch_reg_im_reg[12][4]/CK->SE
           View: func-typ-typ
          Group: clk
     Startpoint: (R) SE
          Clock: (R) clk
       Endpoint: (R) delayMatch_reg_im_reg[12][4]/SE
          Clock: (R) clk

                     Capture       Launch     
        Clock Edge:+     500            0     
        Drv Adjust:+       0            0     
       Src Latency:+       0            0     
       Net Latency:+     200 (I)      200 (I) 
           Arrival:=     700          200     
                                              
             Setup:-      50                  
       Uncertainty:-     125                  
     Required Time:=     526                  
      Launch Clock:-     200                  
       Input Delay:-     300                  
         Data Path:-       0                  
             Slack:=      26                  

Exceptions/Constraints:
  input_delay             300             tmp_sdc_func-slow-ma_7_line_81 

#------------------------------------------------------------------------------------------------------------------------------
#          Timing Point           Flags   Arc   Edge             Cell               Fanout  Load  Trans Delay Arrival Instance 
#                                                                                           (fF)   (ps)  (ps)   (ps)  Location 
#------------------------------------------------------------------------------------------------------------------------------
  SE                              -       -     R     (arrival)                        741 1119.8     0     0     500    (-,-) 
  delayMatch_reg_im_reg[12][4]/SE -       -     R     SDFFRPQNA_X1M_A9PP140ZTUL_C30    741      -     -     0     500    (-,-) 
#------------------------------------------------------------------------------------------------------------------------------



Path 29: MET (26 ps) Setup Check with Pin delayMatch_reg_im_reg[12][3]/CK->SE
           View: func-typ-typ
          Group: clk
     Startpoint: (R) SE
          Clock: (R) clk
       Endpoint: (R) delayMatch_reg_im_reg[12][3]/SE
          Clock: (R) clk

                     Capture       Launch     
        Clock Edge:+     500            0     
        Drv Adjust:+       0            0     
       Src Latency:+       0            0     
       Net Latency:+     200 (I)      200 (I) 
           Arrival:=     700          200     
                                              
             Setup:-      50                  
       Uncertainty:-     125                  
     Required Time:=     526                  
      Launch Clock:-     200                  
       Input Delay:-     300                  
         Data Path:-       0                  
             Slack:=      26                  

Exceptions/Constraints:
  input_delay             300             tmp_sdc_func-slow-ma_7_line_81 

#------------------------------------------------------------------------------------------------------------------------------
#          Timing Point           Flags   Arc   Edge             Cell               Fanout  Load  Trans Delay Arrival Instance 
#                                                                                           (fF)   (ps)  (ps)   (ps)  Location 
#------------------------------------------------------------------------------------------------------------------------------
  SE                              -       -     R     (arrival)                        741 1119.8     0     0     500    (-,-) 
  delayMatch_reg_im_reg[12][3]/SE -       -     R     SDFFRPQNA_X1M_A9PP140ZTUL_C30    741      -     -     0     500    (-,-) 
#------------------------------------------------------------------------------------------------------------------------------



Path 30: MET (26 ps) Setup Check with Pin delayMatch_reg_im_reg[12][2]/CK->SE
           View: func-typ-typ
          Group: clk
     Startpoint: (R) SE
          Clock: (R) clk
       Endpoint: (R) delayMatch_reg_im_reg[12][2]/SE
          Clock: (R) clk

                     Capture       Launch     
        Clock Edge:+     500            0     
        Drv Adjust:+       0            0     
       Src Latency:+       0            0     
       Net Latency:+     200 (I)      200 (I) 
           Arrival:=     700          200     
                                              
             Setup:-      50                  
       Uncertainty:-     125                  
     Required Time:=     526                  
      Launch Clock:-     200                  
       Input Delay:-     300                  
         Data Path:-       0                  
             Slack:=      26                  

Exceptions/Constraints:
  input_delay             300             tmp_sdc_func-slow-ma_7_line_81 

#------------------------------------------------------------------------------------------------------------------------------
#          Timing Point           Flags   Arc   Edge             Cell               Fanout  Load  Trans Delay Arrival Instance 
#                                                                                           (fF)   (ps)  (ps)   (ps)  Location 
#------------------------------------------------------------------------------------------------------------------------------
  SE                              -       -     R     (arrival)                        741 1119.8     0     0     500    (-,-) 
  delayMatch_reg_im_reg[12][2]/SE -       -     R     SDFFRPQNA_X1M_A9PP140ZTUL_C30    741      -     -     0     500    (-,-) 
#------------------------------------------------------------------------------------------------------------------------------



Path 31: MET (26 ps) Setup Check with Pin delayMatch_reg_im_reg[12][1]/CK->SE
           View: func-typ-typ
          Group: clk
     Startpoint: (R) SE
          Clock: (R) clk
       Endpoint: (R) delayMatch_reg_im_reg[12][1]/SE
          Clock: (R) clk

                     Capture       Launch     
        Clock Edge:+     500            0     
        Drv Adjust:+       0            0     
       Src Latency:+       0            0     
       Net Latency:+     200 (I)      200 (I) 
           Arrival:=     700          200     
                                              
             Setup:-      50                  
       Uncertainty:-     125                  
     Required Time:=     526                  
      Launch Clock:-     200                  
       Input Delay:-     300                  
         Data Path:-       0                  
             Slack:=      26                  

Exceptions/Constraints:
  input_delay             300             tmp_sdc_func-slow-ma_7_line_81 

#------------------------------------------------------------------------------------------------------------------------------
#          Timing Point           Flags   Arc   Edge             Cell               Fanout  Load  Trans Delay Arrival Instance 
#                                                                                           (fF)   (ps)  (ps)   (ps)  Location 
#------------------------------------------------------------------------------------------------------------------------------
  SE                              -       -     R     (arrival)                        741 1119.8     0     0     500    (-,-) 
  delayMatch_reg_im_reg[12][1]/SE -       -     R     SDFFRPQNA_X1M_A9PP140ZTUL_C30    741      -     -     0     500    (-,-) 
#------------------------------------------------------------------------------------------------------------------------------



Path 32: MET (26 ps) Setup Check with Pin delayMatch_reg_im_reg[12][0]/CK->SE
           View: func-typ-typ
          Group: clk
     Startpoint: (R) SE
          Clock: (R) clk
       Endpoint: (R) delayMatch_reg_im_reg[12][0]/SE
          Clock: (R) clk

                     Capture       Launch     
        Clock Edge:+     500            0     
        Drv Adjust:+       0            0     
       Src Latency:+       0            0     
       Net Latency:+     200 (I)      200 (I) 
           Arrival:=     700          200     
                                              
             Setup:-      50                  
       Uncertainty:-     125                  
     Required Time:=     526                  
      Launch Clock:-     200                  
       Input Delay:-     300                  
         Data Path:-       0                  
             Slack:=      26                  

Exceptions/Constraints:
  input_delay             300             tmp_sdc_func-slow-ma_7_line_81 

#------------------------------------------------------------------------------------------------------------------------------
#          Timing Point           Flags   Arc   Edge             Cell               Fanout  Load  Trans Delay Arrival Instance 
#                                                                                           (fF)   (ps)  (ps)   (ps)  Location 
#------------------------------------------------------------------------------------------------------------------------------
  SE                              -       -     R     (arrival)                        741 1119.8     0     0     500    (-,-) 
  delayMatch_reg_im_reg[12][0]/SE -       -     R     SDFFRPQNA_X1M_A9PP140ZTUL_C30    741      -     -     0     500    (-,-) 
#------------------------------------------------------------------------------------------------------------------------------



Path 33: MET (26 ps) Setup Check with Pin delayMatch_reg_im_reg[11][15]/CK->SE
           View: func-typ-typ
          Group: clk
     Startpoint: (R) SE
          Clock: (R) clk
       Endpoint: (R) delayMatch_reg_im_reg[11][15]/SE
          Clock: (R) clk

                     Capture       Launch     
        Clock Edge:+     500            0     
        Drv Adjust:+       0            0     
       Src Latency:+       0            0     
       Net Latency:+     200 (I)      200 (I) 
           Arrival:=     700          200     
                                              
             Setup:-      50                  
       Uncertainty:-     125                  
     Required Time:=     526                  
      Launch Clock:-     200                  
       Input Delay:-     300                  
         Data Path:-       0                  
             Slack:=      26                  

Exceptions/Constraints:
  input_delay             300             tmp_sdc_func-slow-ma_7_line_81 

#-------------------------------------------------------------------------------------------------------------------------------
#          Timing Point            Flags   Arc   Edge             Cell               Fanout  Load  Trans Delay Arrival Instance 
#                                                                                            (fF)   (ps)  (ps)   (ps)  Location 
#-------------------------------------------------------------------------------------------------------------------------------
  SE                               -       -     R     (arrival)                        741 1119.8     0     0     500    (-,-) 
  delayMatch_reg_im_reg[11][15]/SE -       -     R     SDFFRPQNA_X1M_A9PP140ZTUL_C30    741      -     -     0     500    (-,-) 
#-------------------------------------------------------------------------------------------------------------------------------



Path 34: MET (26 ps) Setup Check with Pin delayMatch_reg_im_reg[11][14]/CK->SE
           View: func-typ-typ
          Group: clk
     Startpoint: (R) SE
          Clock: (R) clk
       Endpoint: (R) delayMatch_reg_im_reg[11][14]/SE
          Clock: (R) clk

                     Capture       Launch     
        Clock Edge:+     500            0     
        Drv Adjust:+       0            0     
       Src Latency:+       0            0     
       Net Latency:+     200 (I)      200 (I) 
           Arrival:=     700          200     
                                              
             Setup:-      50                  
       Uncertainty:-     125                  
     Required Time:=     526                  
      Launch Clock:-     200                  
       Input Delay:-     300                  
         Data Path:-       0                  
             Slack:=      26                  

Exceptions/Constraints:
  input_delay             300             tmp_sdc_func-slow-ma_7_line_81 

#-------------------------------------------------------------------------------------------------------------------------------
#          Timing Point            Flags   Arc   Edge             Cell               Fanout  Load  Trans Delay Arrival Instance 
#                                                                                            (fF)   (ps)  (ps)   (ps)  Location 
#-------------------------------------------------------------------------------------------------------------------------------
  SE                               -       -     R     (arrival)                        741 1119.8     0     0     500    (-,-) 
  delayMatch_reg_im_reg[11][14]/SE -       -     R     SDFFRPQNA_X1M_A9PP140ZTUL_C30    741      -     -     0     500    (-,-) 
#-------------------------------------------------------------------------------------------------------------------------------



Path 35: MET (26 ps) Setup Check with Pin delayMatch_reg_im_reg[11][13]/CK->SE
           View: func-typ-typ
          Group: clk
     Startpoint: (R) SE
          Clock: (R) clk
       Endpoint: (R) delayMatch_reg_im_reg[11][13]/SE
          Clock: (R) clk

                     Capture       Launch     
        Clock Edge:+     500            0     
        Drv Adjust:+       0            0     
       Src Latency:+       0            0     
       Net Latency:+     200 (I)      200 (I) 
           Arrival:=     700          200     
                                              
             Setup:-      50                  
       Uncertainty:-     125                  
     Required Time:=     526                  
      Launch Clock:-     200                  
       Input Delay:-     300                  
         Data Path:-       0                  
             Slack:=      26                  

Exceptions/Constraints:
  input_delay             300             tmp_sdc_func-slow-ma_7_line_81 

#-------------------------------------------------------------------------------------------------------------------------------
#          Timing Point            Flags   Arc   Edge             Cell               Fanout  Load  Trans Delay Arrival Instance 
#                                                                                            (fF)   (ps)  (ps)   (ps)  Location 
#-------------------------------------------------------------------------------------------------------------------------------
  SE                               -       -     R     (arrival)                        741 1119.8     0     0     500    (-,-) 
  delayMatch_reg_im_reg[11][13]/SE -       -     R     SDFFRPQNA_X1M_A9PP140ZTUL_C30    741      -     -     0     500    (-,-) 
#-------------------------------------------------------------------------------------------------------------------------------



Path 36: MET (26 ps) Setup Check with Pin delayMatch_reg_im_reg[11][12]/CK->SE
           View: func-typ-typ
          Group: clk
     Startpoint: (R) SE
          Clock: (R) clk
       Endpoint: (R) delayMatch_reg_im_reg[11][12]/SE
          Clock: (R) clk

                     Capture       Launch     
        Clock Edge:+     500            0     
        Drv Adjust:+       0            0     
       Src Latency:+       0            0     
       Net Latency:+     200 (I)      200 (I) 
           Arrival:=     700          200     
                                              
             Setup:-      50                  
       Uncertainty:-     125                  
     Required Time:=     526                  
      Launch Clock:-     200                  
       Input Delay:-     300                  
         Data Path:-       0                  
             Slack:=      26                  

Exceptions/Constraints:
  input_delay             300             tmp_sdc_func-slow-ma_7_line_81 

#-------------------------------------------------------------------------------------------------------------------------------
#          Timing Point            Flags   Arc   Edge             Cell               Fanout  Load  Trans Delay Arrival Instance 
#                                                                                            (fF)   (ps)  (ps)   (ps)  Location 
#-------------------------------------------------------------------------------------------------------------------------------
  SE                               -       -     R     (arrival)                        741 1119.8     0     0     500    (-,-) 
  delayMatch_reg_im_reg[11][12]/SE -       -     R     SDFFRPQNA_X1M_A9PP140ZTUL_C30    741      -     -     0     500    (-,-) 
#-------------------------------------------------------------------------------------------------------------------------------



Path 37: MET (26 ps) Setup Check with Pin delayMatch_reg_im_reg[11][11]/CK->SE
           View: func-typ-typ
          Group: clk
     Startpoint: (R) SE
          Clock: (R) clk
       Endpoint: (R) delayMatch_reg_im_reg[11][11]/SE
          Clock: (R) clk

                     Capture       Launch     
        Clock Edge:+     500            0     
        Drv Adjust:+       0            0     
       Src Latency:+       0            0     
       Net Latency:+     200 (I)      200 (I) 
           Arrival:=     700          200     
                                              
             Setup:-      50                  
       Uncertainty:-     125                  
     Required Time:=     526                  
      Launch Clock:-     200                  
       Input Delay:-     300                  
         Data Path:-       0                  
             Slack:=      26                  

Exceptions/Constraints:
  input_delay             300             tmp_sdc_func-slow-ma_7_line_81 

#-------------------------------------------------------------------------------------------------------------------------------
#          Timing Point            Flags   Arc   Edge             Cell               Fanout  Load  Trans Delay Arrival Instance 
#                                                                                            (fF)   (ps)  (ps)   (ps)  Location 
#-------------------------------------------------------------------------------------------------------------------------------
  SE                               -       -     R     (arrival)                        741 1119.8     0     0     500    (-,-) 
  delayMatch_reg_im_reg[11][11]/SE -       -     R     SDFFRPQNA_X1M_A9PP140ZTUL_C30    741      -     -     0     500    (-,-) 
#-------------------------------------------------------------------------------------------------------------------------------



Path 38: MET (26 ps) Setup Check with Pin delayMatch_reg_im_reg[11][10]/CK->SE
           View: func-typ-typ
          Group: clk
     Startpoint: (R) SE
          Clock: (R) clk
       Endpoint: (R) delayMatch_reg_im_reg[11][10]/SE
          Clock: (R) clk

                     Capture       Launch     
        Clock Edge:+     500            0     
        Drv Adjust:+       0            0     
       Src Latency:+       0            0     
       Net Latency:+     200 (I)      200 (I) 
           Arrival:=     700          200     
                                              
             Setup:-      50                  
       Uncertainty:-     125                  
     Required Time:=     526                  
      Launch Clock:-     200                  
       Input Delay:-     300                  
         Data Path:-       0                  
             Slack:=      26                  

Exceptions/Constraints:
  input_delay             300             tmp_sdc_func-slow-ma_7_line_81 

#-------------------------------------------------------------------------------------------------------------------------------
#          Timing Point            Flags   Arc   Edge             Cell               Fanout  Load  Trans Delay Arrival Instance 
#                                                                                            (fF)   (ps)  (ps)   (ps)  Location 
#-------------------------------------------------------------------------------------------------------------------------------
  SE                               -       -     R     (arrival)                        741 1119.8     0     0     500    (-,-) 
  delayMatch_reg_im_reg[11][10]/SE -       -     R     SDFFRPQNA_X1M_A9PP140ZTUL_C30    741      -     -     0     500    (-,-) 
#-------------------------------------------------------------------------------------------------------------------------------



Path 39: MET (26 ps) Setup Check with Pin delayMatch_reg_im_reg[11][9]/CK->SE
           View: func-typ-typ
          Group: clk
     Startpoint: (R) SE
          Clock: (R) clk
       Endpoint: (R) delayMatch_reg_im_reg[11][9]/SE
          Clock: (R) clk

                     Capture       Launch     
        Clock Edge:+     500            0     
        Drv Adjust:+       0            0     
       Src Latency:+       0            0     
       Net Latency:+     200 (I)      200 (I) 
           Arrival:=     700          200     
                                              
             Setup:-      50                  
       Uncertainty:-     125                  
     Required Time:=     526                  
      Launch Clock:-     200                  
       Input Delay:-     300                  
         Data Path:-       0                  
             Slack:=      26                  

Exceptions/Constraints:
  input_delay             300             tmp_sdc_func-slow-ma_7_line_81 

#------------------------------------------------------------------------------------------------------------------------------
#          Timing Point           Flags   Arc   Edge             Cell               Fanout  Load  Trans Delay Arrival Instance 
#                                                                                           (fF)   (ps)  (ps)   (ps)  Location 
#------------------------------------------------------------------------------------------------------------------------------
  SE                              -       -     R     (arrival)                        741 1119.8     0     0     500    (-,-) 
  delayMatch_reg_im_reg[11][9]/SE -       -     R     SDFFRPQNA_X1M_A9PP140ZTUL_C30    741      -     -     0     500    (-,-) 
#------------------------------------------------------------------------------------------------------------------------------



Path 40: MET (26 ps) Setup Check with Pin delayMatch_reg_im_reg[11][8]/CK->SE
           View: func-typ-typ
          Group: clk
     Startpoint: (R) SE
          Clock: (R) clk
       Endpoint: (R) delayMatch_reg_im_reg[11][8]/SE
          Clock: (R) clk

                     Capture       Launch     
        Clock Edge:+     500            0     
        Drv Adjust:+       0            0     
       Src Latency:+       0            0     
       Net Latency:+     200 (I)      200 (I) 
           Arrival:=     700          200     
                                              
             Setup:-      50                  
       Uncertainty:-     125                  
     Required Time:=     526                  
      Launch Clock:-     200                  
       Input Delay:-     300                  
         Data Path:-       0                  
             Slack:=      26                  

Exceptions/Constraints:
  input_delay             300             tmp_sdc_func-slow-ma_7_line_81 

#------------------------------------------------------------------------------------------------------------------------------
#          Timing Point           Flags   Arc   Edge             Cell               Fanout  Load  Trans Delay Arrival Instance 
#                                                                                           (fF)   (ps)  (ps)   (ps)  Location 
#------------------------------------------------------------------------------------------------------------------------------
  SE                              -       -     R     (arrival)                        741 1119.8     0     0     500    (-,-) 
  delayMatch_reg_im_reg[11][8]/SE -       -     R     SDFFRPQNA_X1M_A9PP140ZTUL_C30    741      -     -     0     500    (-,-) 
#------------------------------------------------------------------------------------------------------------------------------



Path 41: MET (26 ps) Setup Check with Pin delayMatch_reg_im_reg[11][7]/CK->SE
           View: func-typ-typ
          Group: clk
     Startpoint: (R) SE
          Clock: (R) clk
       Endpoint: (R) delayMatch_reg_im_reg[11][7]/SE
          Clock: (R) clk

                     Capture       Launch     
        Clock Edge:+     500            0     
        Drv Adjust:+       0            0     
       Src Latency:+       0            0     
       Net Latency:+     200 (I)      200 (I) 
           Arrival:=     700          200     
                                              
             Setup:-      50                  
       Uncertainty:-     125                  
     Required Time:=     526                  
      Launch Clock:-     200                  
       Input Delay:-     300                  
         Data Path:-       0                  
             Slack:=      26                  

Exceptions/Constraints:
  input_delay             300             tmp_sdc_func-slow-ma_7_line_81 

#------------------------------------------------------------------------------------------------------------------------------
#          Timing Point           Flags   Arc   Edge             Cell               Fanout  Load  Trans Delay Arrival Instance 
#                                                                                           (fF)   (ps)  (ps)   (ps)  Location 
#------------------------------------------------------------------------------------------------------------------------------
  SE                              -       -     R     (arrival)                        741 1119.8     0     0     500    (-,-) 
  delayMatch_reg_im_reg[11][7]/SE -       -     R     SDFFRPQNA_X1M_A9PP140ZTUL_C30    741      -     -     0     500    (-,-) 
#------------------------------------------------------------------------------------------------------------------------------



Path 42: MET (26 ps) Setup Check with Pin delayMatch_reg_im_reg[11][6]/CK->SE
           View: func-typ-typ
          Group: clk
     Startpoint: (R) SE
          Clock: (R) clk
       Endpoint: (R) delayMatch_reg_im_reg[11][6]/SE
          Clock: (R) clk

                     Capture       Launch     
        Clock Edge:+     500            0     
        Drv Adjust:+       0            0     
       Src Latency:+       0            0     
       Net Latency:+     200 (I)      200 (I) 
           Arrival:=     700          200     
                                              
             Setup:-      50                  
       Uncertainty:-     125                  
     Required Time:=     526                  
      Launch Clock:-     200                  
       Input Delay:-     300                  
         Data Path:-       0                  
             Slack:=      26                  

Exceptions/Constraints:
  input_delay             300             tmp_sdc_func-slow-ma_7_line_81 

#------------------------------------------------------------------------------------------------------------------------------
#          Timing Point           Flags   Arc   Edge             Cell               Fanout  Load  Trans Delay Arrival Instance 
#                                                                                           (fF)   (ps)  (ps)   (ps)  Location 
#------------------------------------------------------------------------------------------------------------------------------
  SE                              -       -     R     (arrival)                        741 1119.8     0     0     500    (-,-) 
  delayMatch_reg_im_reg[11][6]/SE -       -     R     SDFFRPQNA_X1M_A9PP140ZTUL_C30    741      -     -     0     500    (-,-) 
#------------------------------------------------------------------------------------------------------------------------------



Path 43: MET (26 ps) Setup Check with Pin delayMatch_reg_im_reg[11][5]/CK->SE
           View: func-typ-typ
          Group: clk
     Startpoint: (R) SE
          Clock: (R) clk
       Endpoint: (R) delayMatch_reg_im_reg[11][5]/SE
          Clock: (R) clk

                     Capture       Launch     
        Clock Edge:+     500            0     
        Drv Adjust:+       0            0     
       Src Latency:+       0            0     
       Net Latency:+     200 (I)      200 (I) 
           Arrival:=     700          200     
                                              
             Setup:-      50                  
       Uncertainty:-     125                  
     Required Time:=     526                  
      Launch Clock:-     200                  
       Input Delay:-     300                  
         Data Path:-       0                  
             Slack:=      26                  

Exceptions/Constraints:
  input_delay             300             tmp_sdc_func-slow-ma_7_line_81 

#------------------------------------------------------------------------------------------------------------------------------
#          Timing Point           Flags   Arc   Edge             Cell               Fanout  Load  Trans Delay Arrival Instance 
#                                                                                           (fF)   (ps)  (ps)   (ps)  Location 
#------------------------------------------------------------------------------------------------------------------------------
  SE                              -       -     R     (arrival)                        741 1119.8     0     0     500    (-,-) 
  delayMatch_reg_im_reg[11][5]/SE -       -     R     SDFFRPQNA_X1M_A9PP140ZTUL_C30    741      -     -     0     500    (-,-) 
#------------------------------------------------------------------------------------------------------------------------------



Path 44: MET (26 ps) Setup Check with Pin delayMatch_reg_im_reg[11][4]/CK->SE
           View: func-typ-typ
          Group: clk
     Startpoint: (R) SE
          Clock: (R) clk
       Endpoint: (R) delayMatch_reg_im_reg[11][4]/SE
          Clock: (R) clk

                     Capture       Launch     
        Clock Edge:+     500            0     
        Drv Adjust:+       0            0     
       Src Latency:+       0            0     
       Net Latency:+     200 (I)      200 (I) 
           Arrival:=     700          200     
                                              
             Setup:-      50                  
       Uncertainty:-     125                  
     Required Time:=     526                  
      Launch Clock:-     200                  
       Input Delay:-     300                  
         Data Path:-       0                  
             Slack:=      26                  

Exceptions/Constraints:
  input_delay             300             tmp_sdc_func-slow-ma_7_line_81 

#------------------------------------------------------------------------------------------------------------------------------
#          Timing Point           Flags   Arc   Edge             Cell               Fanout  Load  Trans Delay Arrival Instance 
#                                                                                           (fF)   (ps)  (ps)   (ps)  Location 
#------------------------------------------------------------------------------------------------------------------------------
  SE                              -       -     R     (arrival)                        741 1119.8     0     0     500    (-,-) 
  delayMatch_reg_im_reg[11][4]/SE -       -     R     SDFFRPQNA_X1M_A9PP140ZTUL_C30    741      -     -     0     500    (-,-) 
#------------------------------------------------------------------------------------------------------------------------------



Path 45: MET (26 ps) Setup Check with Pin delayMatch_reg_im_reg[11][3]/CK->SE
           View: func-typ-typ
          Group: clk
     Startpoint: (R) SE
          Clock: (R) clk
       Endpoint: (R) delayMatch_reg_im_reg[11][3]/SE
          Clock: (R) clk

                     Capture       Launch     
        Clock Edge:+     500            0     
        Drv Adjust:+       0            0     
       Src Latency:+       0            0     
       Net Latency:+     200 (I)      200 (I) 
           Arrival:=     700          200     
                                              
             Setup:-      50                  
       Uncertainty:-     125                  
     Required Time:=     526                  
      Launch Clock:-     200                  
       Input Delay:-     300                  
         Data Path:-       0                  
             Slack:=      26                  

Exceptions/Constraints:
  input_delay             300             tmp_sdc_func-slow-ma_7_line_81 

#------------------------------------------------------------------------------------------------------------------------------
#          Timing Point           Flags   Arc   Edge             Cell               Fanout  Load  Trans Delay Arrival Instance 
#                                                                                           (fF)   (ps)  (ps)   (ps)  Location 
#------------------------------------------------------------------------------------------------------------------------------
  SE                              -       -     R     (arrival)                        741 1119.8     0     0     500    (-,-) 
  delayMatch_reg_im_reg[11][3]/SE -       -     R     SDFFRPQNA_X1M_A9PP140ZTUL_C30    741      -     -     0     500    (-,-) 
#------------------------------------------------------------------------------------------------------------------------------



Path 46: MET (26 ps) Setup Check with Pin delayMatch_reg_im_reg[11][2]/CK->SE
           View: func-typ-typ
          Group: clk
     Startpoint: (R) SE
          Clock: (R) clk
       Endpoint: (R) delayMatch_reg_im_reg[11][2]/SE
          Clock: (R) clk

                     Capture       Launch     
        Clock Edge:+     500            0     
        Drv Adjust:+       0            0     
       Src Latency:+       0            0     
       Net Latency:+     200 (I)      200 (I) 
           Arrival:=     700          200     
                                              
             Setup:-      50                  
       Uncertainty:-     125                  
     Required Time:=     526                  
      Launch Clock:-     200                  
       Input Delay:-     300                  
         Data Path:-       0                  
             Slack:=      26                  

Exceptions/Constraints:
  input_delay             300             tmp_sdc_func-slow-ma_7_line_81 

#------------------------------------------------------------------------------------------------------------------------------
#          Timing Point           Flags   Arc   Edge             Cell               Fanout  Load  Trans Delay Arrival Instance 
#                                                                                           (fF)   (ps)  (ps)   (ps)  Location 
#------------------------------------------------------------------------------------------------------------------------------
  SE                              -       -     R     (arrival)                        741 1119.8     0     0     500    (-,-) 
  delayMatch_reg_im_reg[11][2]/SE -       -     R     SDFFRPQNA_X1M_A9PP140ZTUL_C30    741      -     -     0     500    (-,-) 
#------------------------------------------------------------------------------------------------------------------------------



Path 47: MET (26 ps) Setup Check with Pin delayMatch_reg_im_reg[11][1]/CK->SE
           View: func-typ-typ
          Group: clk
     Startpoint: (R) SE
          Clock: (R) clk
       Endpoint: (R) delayMatch_reg_im_reg[11][1]/SE
          Clock: (R) clk

                     Capture       Launch     
        Clock Edge:+     500            0     
        Drv Adjust:+       0            0     
       Src Latency:+       0            0     
       Net Latency:+     200 (I)      200 (I) 
           Arrival:=     700          200     
                                              
             Setup:-      50                  
       Uncertainty:-     125                  
     Required Time:=     526                  
      Launch Clock:-     200                  
       Input Delay:-     300                  
         Data Path:-       0                  
             Slack:=      26                  

Exceptions/Constraints:
  input_delay             300             tmp_sdc_func-slow-ma_7_line_81 

#------------------------------------------------------------------------------------------------------------------------------
#          Timing Point           Flags   Arc   Edge             Cell               Fanout  Load  Trans Delay Arrival Instance 
#                                                                                           (fF)   (ps)  (ps)   (ps)  Location 
#------------------------------------------------------------------------------------------------------------------------------
  SE                              -       -     R     (arrival)                        741 1119.8     0     0     500    (-,-) 
  delayMatch_reg_im_reg[11][1]/SE -       -     R     SDFFRPQNA_X1M_A9PP140ZTUL_C30    741      -     -     0     500    (-,-) 
#------------------------------------------------------------------------------------------------------------------------------



Path 48: MET (26 ps) Setup Check with Pin delayMatch_reg_im_reg[11][0]/CK->SE
           View: func-typ-typ
          Group: clk
     Startpoint: (R) SE
          Clock: (R) clk
       Endpoint: (R) delayMatch_reg_im_reg[11][0]/SE
          Clock: (R) clk

                     Capture       Launch     
        Clock Edge:+     500            0     
        Drv Adjust:+       0            0     
       Src Latency:+       0            0     
       Net Latency:+     200 (I)      200 (I) 
           Arrival:=     700          200     
                                              
             Setup:-      50                  
       Uncertainty:-     125                  
     Required Time:=     526                  
      Launch Clock:-     200                  
       Input Delay:-     300                  
         Data Path:-       0                  
             Slack:=      26                  

Exceptions/Constraints:
  input_delay             300             tmp_sdc_func-slow-ma_7_line_81 

#------------------------------------------------------------------------------------------------------------------------------
#          Timing Point           Flags   Arc   Edge             Cell               Fanout  Load  Trans Delay Arrival Instance 
#                                                                                           (fF)   (ps)  (ps)   (ps)  Location 
#------------------------------------------------------------------------------------------------------------------------------
  SE                              -       -     R     (arrival)                        741 1119.8     0     0     500    (-,-) 
  delayMatch_reg_im_reg[11][0]/SE -       -     R     SDFFRPQNA_X1M_A9PP140ZTUL_C30    741      -     -     0     500    (-,-) 
#------------------------------------------------------------------------------------------------------------------------------



Path 49: MET (26 ps) Setup Check with Pin delayMatch_reg_im_reg[10][15]/CK->SE
           View: func-typ-typ
          Group: clk
     Startpoint: (R) SE
          Clock: (R) clk
       Endpoint: (R) delayMatch_reg_im_reg[10][15]/SE
          Clock: (R) clk

                     Capture       Launch     
        Clock Edge:+     500            0     
        Drv Adjust:+       0            0     
       Src Latency:+       0            0     
       Net Latency:+     200 (I)      200 (I) 
           Arrival:=     700          200     
                                              
             Setup:-      50                  
       Uncertainty:-     125                  
     Required Time:=     526                  
      Launch Clock:-     200                  
       Input Delay:-     300                  
         Data Path:-       0                  
             Slack:=      26                  

Exceptions/Constraints:
  input_delay             300             tmp_sdc_func-slow-ma_7_line_81 

#-------------------------------------------------------------------------------------------------------------------------------
#          Timing Point            Flags   Arc   Edge             Cell               Fanout  Load  Trans Delay Arrival Instance 
#                                                                                            (fF)   (ps)  (ps)   (ps)  Location 
#-------------------------------------------------------------------------------------------------------------------------------
  SE                               -       -     R     (arrival)                        741 1119.8     0     0     500    (-,-) 
  delayMatch_reg_im_reg[10][15]/SE -       -     R     SDFFRPQNA_X1M_A9PP140ZTUL_C30    741      -     -     0     500    (-,-) 
#-------------------------------------------------------------------------------------------------------------------------------



Path 50: MET (26 ps) Setup Check with Pin delayMatch_reg_im_reg[10][14]/CK->SE
           View: func-typ-typ
          Group: clk
     Startpoint: (R) SE
          Clock: (R) clk
       Endpoint: (R) delayMatch_reg_im_reg[10][14]/SE
          Clock: (R) clk

                     Capture       Launch     
        Clock Edge:+     500            0     
        Drv Adjust:+       0            0     
       Src Latency:+       0            0     
       Net Latency:+     200 (I)      200 (I) 
           Arrival:=     700          200     
                                              
             Setup:-      50                  
       Uncertainty:-     125                  
     Required Time:=     526                  
      Launch Clock:-     200                  
       Input Delay:-     300                  
         Data Path:-       0                  
             Slack:=      26                  

Exceptions/Constraints:
  input_delay             300             tmp_sdc_func-slow-ma_7_line_81 

#-------------------------------------------------------------------------------------------------------------------------------
#          Timing Point            Flags   Arc   Edge             Cell               Fanout  Load  Trans Delay Arrival Instance 
#                                                                                            (fF)   (ps)  (ps)   (ps)  Location 
#-------------------------------------------------------------------------------------------------------------------------------
  SE                               -       -     R     (arrival)                        741 1119.8     0     0     500    (-,-) 
  delayMatch_reg_im_reg[10][14]/SE -       -     R     SDFFRPQNA_X1M_A9PP140ZTUL_C30    741      -     -     0     500    (-,-) 
#-------------------------------------------------------------------------------------------------------------------------------

