============================================================
  Generated by:           Genus(TM) Synthesis Solution 22.10-p001_1
  Generated on:           Jan 25 2025  04:26:58 pm
  Module:                 pp_int_x4
  Library domain:         timing_cond_wcl_slow
    Domain index:         0
    Technology library:   sc9mcpp140z_cln28ht_base_lvt_c30_ssg_cworstt_max_0p81v_125c 1.0
  Library domain:         timing_cond_wcl_fast
    Domain index:         1
    Technology library:   sc9mcpp140z_cln28ht_base_lvt_c30_ffg_cbestt_min_0p99v_m40c 1.0
  Library domain:         timing_cond_wcl_typical
    Domain index:         2
    Technology library:   sc9mcpp140z_cln28ht_base_lvt_c30_tt_ctypical_max_0p90v_25c 1.0
  Operating conditions:   ssg_cworstt_max_0p81v_125c 
  Operating conditions:   ffg_cbestt_min_0p99v_m40c 
  Operating conditions:   tt_ctypical_max_0p90v_25c 
  Interconnect mode:      spatial
  Area mode:              physical library
============================================================

                  Instance                               Module              Cell Count  Cell Area  Net Area   Total Area 
--------------------------------------------------------------------------------------------------------------------------
pp_int_x4                                                                         54125  89743.153     4.298    89747.452 
  csa_tree_add_437_52_groupi                 csa_tree_add_437_52_group_7            208    269.039     0.000      269.039 
  csa_tree_add_441_56_groupi                 csa_tree_add_441_56_group_5            208    269.039     0.000      269.039 
  u_clkDiv                                   clkDiv                                   5      9.783     0.000        9.783 
  u_fir_int_p0                               fir_int_p1                           13335  21696.475     0.000    21696.475 
    ADD_TC_OP                                add_signed_801                         106    141.313     0.000      141.313 
    ADD_TC_OP2799                            add_signed_801                         106    141.313     0.000      141.313 
    add_460_34                               add_signed_1015_1                       93    115.225     0.000      115.225 
    add_461_34                               add_signed_1015_1                       93    115.225     0.000      115.225 
    add_583_34                               add_signed_1017_1                      115    141.857     0.000      141.857 
    add_584_34                               add_signed_1017_1                      115    141.857     0.000      141.857 
    add_604_34                               add_signed_217_109_6925                125    155.445     0.000      155.445 
    add_605_34                               add_signed_217_109_6925                125    155.445     0.000      155.445 
    add_727_34                               add_signed_1019_1                      138    172.837     0.000      172.837 
    add_728_34                               add_signed_1019_1                      138    172.837     0.000      172.837 
    add_850_34                               add_signed_1021_1                      147    183.164     0.000      183.164 
    add_851_34                               add_signed_1021_1                      147    183.164     0.000      183.164 
    add_871_34                               add_signed_217_109_6927                147    183.164     0.000      183.164 
    add_872_34                               add_signed_217_109_6927                147    183.164     0.000      183.164 
    add_892_34                               add_signed_217_109                     147    183.164     0.000      183.164 
    add_893_34                               add_signed_217_109                     147    183.164     0.000      183.164 
    add_1015_34                              add_signed_1023_1                      129    159.249     0.000      159.249 
    add_1016_34                              add_signed_1023_1                      129    159.249     0.000      159.249 
    add_1138_35                              add_signed_1025_1                       99    120.116     0.000      120.116 
    add_1139_35                              add_signed_1025_1                       99    120.116     0.000      120.116 
    add_1159_34                              add_signed_217_109_6914                133    167.402     0.000      167.402 
    add_1160_34                              add_signed_217_109_6914                133    167.402     0.000      167.402 
    add_1236_34                              add_signed_1027_1                      145    184.251     0.000      184.251 
    add_1237_34                              add_signed_1027_1                      145    184.251     0.000      184.251 
    const_mul_381_53                         mult_signed_const_66936                 82    100.006     0.000      100.006 
    const_mul_383_55                         mult_signed_const_66936                 82    100.006     0.000      100.006 
    csa_tree_ADD_TC_OP_groupi                csa_tree_ADD_TC_OP_group_17558         210    274.474     0.000      274.474 
    csa_tree_ADD_TC_OP_groupi2801            csa_tree_ADD_TC_OP_group_17558         210    274.474     0.000      274.474 
    csa_tree_ADD_TC_OP_groupi2802            csa_tree_ADD_TC_OP_group_16231         364    477.747     0.000      477.747 
    csa_tree_ADD_TC_OP_groupi2803            csa_tree_ADD_TC_OP_group_16231         364    477.747     0.000      477.747 
    csa_tree_ADD_TC_OP_groupi2804            csa_tree_ADD_TC_OP_group_14954         323    422.309     0.000      422.309 
    csa_tree_ADD_TC_OP_groupi2805            csa_tree_ADD_TC_OP_group_14954         323    422.309     0.000      422.309 
    csa_tree_ADD_TC_OP_groupi2806            csa_tree_ADD_TC_OP_group_12887         528    695.152     0.000      695.152 
    csa_tree_ADD_TC_OP_groupi2807            csa_tree_ADD_TC_OP_group_12887         528    695.152     0.000      695.152 
    csa_tree_ADD_TC_OP_groupi2808            csa_tree_ADD_TC_OP_group_11359         380    495.683     0.000      495.683 
    csa_tree_ADD_TC_OP_groupi2809            csa_tree_ADD_TC_OP_group_11359         380    495.683     0.000      495.683 
    csa_tree_ADD_TC_OP_groupi2810            csa_tree_ADD_TC_OP_group_9389          527    693.522     0.000      693.522 
    csa_tree_ADD_TC_OP_groupi2811            csa_tree_ADD_TC_OP_group_9389          527    693.522     0.000      693.522 
    csa_tree_ADD_TC_OP_groupi2812            csa_tree_ADD_TC_OP_group_7266          537    705.479     0.000      705.479 
    csa_tree_ADD_TC_OP_groupi2813            csa_tree_ADD_TC_OP_group_7266          537    705.479     0.000      705.479 
    csa_tree_ADD_TC_OP_groupi2814            csa_tree_ADD_TC_OP_group_5645          397    519.054     0.000      519.054 
    csa_tree_ADD_TC_OP_groupi2815            csa_tree_ADD_TC_OP_group_5645          397    519.054     0.000      519.054 
    csa_tree_ADD_TC_OP_groupi2816            csa_tree_ADD_TC_OP_group_4099          378    498.401     0.000      498.401 
    csa_tree_ADD_TC_OP_groupi2817            csa_tree_ADD_TC_OP_group_4099          378    498.401     0.000      498.401 
    csa_tree_ADD_TC_OP_groupi2818            csa_tree_ADD_TC_OP_group_2906          276    360.349     0.000      360.349 
    csa_tree_ADD_TC_OP_groupi2819            csa_tree_ADD_TC_OP_group_2906          276    360.349     0.000      360.349 
    csa_tree_ADD_TC_OP_groupi2820            csa_tree_ADD_TC_OP_group_2             229    296.758     0.000      296.758 
    csa_tree_ADD_TC_OP_groupi2821            csa_tree_ADD_TC_OP_group_2             229    296.758     0.000      296.758 
  u_fir_int_p1                               fir_int_p1_655                       13335  21696.475     0.000    21696.475 
    ADD_TC_OP                                add_signed_801                         106    141.313     0.000      141.313 
    ADD_TC_OP2799                            add_signed_801                         106    141.313     0.000      141.313 
    add_460_34                               add_signed_1015_1                       93    115.225     0.000      115.225 
    add_461_34                               add_signed_1015_1                       93    115.225     0.000      115.225 
    add_583_34                               add_signed_1017_1                      115    141.857     0.000      141.857 
    add_584_34                               add_signed_1017_1                      115    141.857     0.000      141.857 
    add_604_34                               add_signed_217_109_6925                125    155.445     0.000      155.445 
    add_605_34                               add_signed_217_109_6925                125    155.445     0.000      155.445 
    add_727_34                               add_signed_1019_1                      138    172.837     0.000      172.837 
    add_728_34                               add_signed_1019_1                      138    172.837     0.000      172.837 
    add_850_34                               add_signed_1021_1                      147    183.164     0.000      183.164 
    add_851_34                               add_signed_1021_1                      147    183.164     0.000      183.164 
    add_871_34                               add_signed_217_109_6927                147    183.164     0.000      183.164 
    add_872_34                               add_signed_217_109_6927                147    183.164     0.000      183.164 
    add_892_34                               add_signed_217_109                     147    183.164     0.000      183.164 
    add_893_34                               add_signed_217_109                     147    183.164     0.000      183.164 
    add_1015_34                              add_signed_1023_1                      129    159.249     0.000      159.249 
    add_1016_34                              add_signed_1023_1                      129    159.249     0.000      159.249 
    add_1138_35                              add_signed_1025_1                       99    120.116     0.000      120.116 
    add_1139_35                              add_signed_1025_1                       99    120.116     0.000      120.116 
    add_1159_34                              add_signed_217_109_6914                133    167.402     0.000      167.402 
    add_1160_34                              add_signed_217_109_6914                133    167.402     0.000      167.402 
    add_1236_34                              add_signed_1027_1                      145    184.251     0.000      184.251 
    add_1237_34                              add_signed_1027_1                      145    184.251     0.000      184.251 
    const_mul_381_53                         mult_signed_const_66936                 82    100.006     0.000      100.006 
    const_mul_383_55                         mult_signed_const_66936                 82    100.006     0.000      100.006 
    csa_tree_ADD_TC_OP_groupi                csa_tree_ADD_TC_OP_group_17558         210    274.474     0.000      274.474 
    csa_tree_ADD_TC_OP_groupi2801            csa_tree_ADD_TC_OP_group_17558         210    274.474     0.000      274.474 
    csa_tree_ADD_TC_OP_groupi2802            csa_tree_ADD_TC_OP_group_16231         364    477.747     0.000      477.747 
    csa_tree_ADD_TC_OP_groupi2803            csa_tree_ADD_TC_OP_group_16231         364    477.747     0.000      477.747 
    csa_tree_ADD_TC_OP_groupi2804            csa_tree_ADD_TC_OP_group_14954         323    422.309     0.000      422.309 
    csa_tree_ADD_TC_OP_groupi2805            csa_tree_ADD_TC_OP_group_14954         323    422.309     0.000      422.309 
    csa_tree_ADD_TC_OP_groupi2806            csa_tree_ADD_TC_OP_group_12887         528    695.152     0.000      695.152 
    csa_tree_ADD_TC_OP_groupi2807            csa_tree_ADD_TC_OP_group_12887         528    695.152     0.000      695.152 
    csa_tree_ADD_TC_OP_groupi2808            csa_tree_ADD_TC_OP_group_11359         380    495.683     0.000      495.683 
    csa_tree_ADD_TC_OP_groupi2809            csa_tree_ADD_TC_OP_group_11359         380    495.683     0.000      495.683 
    csa_tree_ADD_TC_OP_groupi2810            csa_tree_ADD_TC_OP_group_9389          527    693.522     0.000      693.522 
    csa_tree_ADD_TC_OP_groupi2811            csa_tree_ADD_TC_OP_group_9389          527    693.522     0.000      693.522 
    csa_tree_ADD_TC_OP_groupi2812            csa_tree_ADD_TC_OP_group_7266          537    705.479     0.000      705.479 
    csa_tree_ADD_TC_OP_groupi2813            csa_tree_ADD_TC_OP_group_7266          537    705.479     0.000      705.479 
    csa_tree_ADD_TC_OP_groupi2814            csa_tree_ADD_TC_OP_group_5645          397    519.054     0.000      519.054 
    csa_tree_ADD_TC_OP_groupi2815            csa_tree_ADD_TC_OP_group_5645          397    519.054     0.000      519.054 
    csa_tree_ADD_TC_OP_groupi2816            csa_tree_ADD_TC_OP_group_4099          378    498.401     0.000      498.401 
    csa_tree_ADD_TC_OP_groupi2817            csa_tree_ADD_TC_OP_group_4099          378    498.401     0.000      498.401 
    csa_tree_ADD_TC_OP_groupi2818            csa_tree_ADD_TC_OP_group_2906          276    360.349     0.000      360.349 
    csa_tree_ADD_TC_OP_groupi2819            csa_tree_ADD_TC_OP_group_2906          276    360.349     0.000      360.349 
    csa_tree_ADD_TC_OP_groupi2820            csa_tree_ADD_TC_OP_group_2             229    296.758     0.000      296.758 
    csa_tree_ADD_TC_OP_groupi2821            csa_tree_ADD_TC_OP_group_2             229    296.758     0.000      296.758 
  u_fir_int_p3                               fir_int_p3                           13291  21637.776     0.000    21637.776 
    ADD_TC_OP                                add_signed_801                         106    141.313     0.000      141.313 
    ADD_TC_OP2792                            add_signed_801                         106    141.313     0.000      141.313 
    add_457_34                               add_signed_1043                         88    108.159     0.000      108.159 
    add_458_34                               add_signed_1043                         88    108.159     0.000      108.159 
    add_580_34                               add_signed_1045                        110    134.248     0.000      134.248 
    add_581_34                               add_signed_1045                        110    134.248     0.000      134.248 
    add_601_34                               add_signed_217_109_6902                121    152.184     0.000      152.184 
    add_602_34                               add_signed_217_109_6902                121    152.184     0.000      152.184 
    add_724_34                               add_signed_1047                        133    166.315     0.000      166.315 
    add_725_34                               add_signed_1047                        133    166.315     0.000      166.315 
    add_847_34                               add_signed_1049                        147    183.164     0.000      183.164 
    add_848_34                               add_signed_1049                        147    183.164     0.000      183.164 
    add_868_34                               add_signed_217_109_6904                147    183.164     0.000      183.164 
    add_869_34                               add_signed_217_109_6904                147    183.164     0.000      183.164 
    add_889_34                               add_signed_217_109_6906                147    183.164     0.000      183.164 
    add_890_34                               add_signed_217_109_6906                147    183.164     0.000      183.164 
    add_1012_34                              add_signed_1051                        125    155.445     0.000      155.445 
    add_1013_34                              add_signed_1051                        125    155.445     0.000      155.445 
    add_1135_35                              add_signed_1039                        104    127.725     0.000      127.725 
    add_1136_35                              add_signed_1039                        104    127.725     0.000      127.725 
    add_1156_34                              add_signed_217_109_6900                134    167.945     0.000      167.945 
    add_1157_34                              add_signed_217_109_6900                134    167.945     0.000      167.945 
    add_1236_34                              add_signed_1041_6992                   145    184.251     0.000      184.251 
    add_1237_34                              add_signed_1041_6992                   145    184.251     0.000      184.251 
    const_mul_1181_41                        mult_signed_const_66936_6972            82    100.006     0.000      100.006 
    const_mul_1183_41                        mult_signed_const_66936_6972            82    100.006     0.000      100.006 
    csa_tree_ADD_TC_OP_groupi                csa_tree_ADD_TC_OP_group_33972         228    296.214     0.000      296.214 
    csa_tree_ADD_TC_OP_groupi2793            csa_tree_ADD_TC_OP_group_33972         228    296.214     0.000      296.214 
    csa_tree_ADD_TC_OP_groupi2794            csa_tree_ADD_TC_OP_group_32873         275    359.805     0.000      359.805 
    csa_tree_ADD_TC_OP_groupi2795            csa_tree_ADD_TC_OP_group_32873         275    359.805     0.000      359.805 
    csa_tree_ADD_TC_OP_groupi2796            csa_tree_ADD_TC_OP_group_31366         379    499.488     0.000      499.488 
    csa_tree_ADD_TC_OP_groupi2797            csa_tree_ADD_TC_OP_group_31366         379    499.488     0.000      499.488 
    csa_tree_ADD_TC_OP_groupi2798            csa_tree_ADD_TC_OP_group_29770         389    508.728     0.000      508.728 
    csa_tree_ADD_TC_OP_groupi2799            csa_tree_ADD_TC_OP_group_29770         389    508.728     0.000      508.728 
    csa_tree_ADD_TC_OP_groupi2800            csa_tree_ADD_TC_OP_group_27715         538    706.566     0.000      706.566 
    csa_tree_ADD_TC_OP_groupi2801            csa_tree_ADD_TC_OP_group_27715         538    706.566     0.000      706.566 
    csa_tree_ADD_TC_OP_groupi2802            csa_tree_ADD_TC_OP_group_25686         524    689.717     0.000      689.717 
    csa_tree_ADD_TC_OP_groupi2803            csa_tree_ADD_TC_OP_group_25686         524    689.717     0.000      689.717 
    csa_tree_ADD_TC_OP_groupi2804            csa_tree_ADD_TC_OP_group_24158         381    497.314     0.000      497.314 
    csa_tree_ADD_TC_OP_groupi2805            csa_tree_ADD_TC_OP_group_24158         381    497.314     0.000      497.314 
    csa_tree_ADD_TC_OP_groupi2806            csa_tree_ADD_TC_OP_group_22100         527    698.414     0.000      698.414 
    csa_tree_ADD_TC_OP_groupi2807            csa_tree_ADD_TC_OP_group_22100         527    698.414     0.000      698.414 
    csa_tree_ADD_TC_OP_groupi2808            csa_tree_ADD_TC_OP_group_20727         321    419.048     0.000      419.048 
    csa_tree_ADD_TC_OP_groupi2809            csa_tree_ADD_TC_OP_group_20727         321    419.048     0.000      419.048 
    csa_tree_ADD_TC_OP_groupi2810            csa_tree_ADD_TC_OP_group_19304         369    486.987     0.000      486.987 
    csa_tree_ADD_TC_OP_groupi2811            csa_tree_ADD_TC_OP_group_19304         369    486.987     0.000      486.987 
    csa_tree_ADD_TC_OP_groupi2812            csa_tree_ADD_TC_OP_group_18395         217    282.627     0.000      282.627 
    csa_tree_ADD_TC_OP_groupi2813            csa_tree_ADD_TC_OP_group_18395         217    282.627     0.000      282.627 
  u_fir_int_p2_ADD_TC_OP                     add_signed_801                         106    141.313     0.000      141.313 
  u_fir_int_p2_ADD_TC_OP2799                 add_signed_801                         106    141.313     0.000      141.313 
  u_fir_int_p2_add_461_34                    add_signed_1015_1                       93    115.225     0.000      115.225 
  u_fir_int_p2_add_462_34                    add_signed_1015_1                       93    115.225     0.000      115.225 
  u_fir_int_p2_add_584_34                    add_signed_1031                        115    141.857     0.000      141.857 
  u_fir_int_p2_add_585_34                    add_signed_1031                        115    141.857     0.000      141.857 
  u_fir_int_p2_add_605_34                    add_signed_217_109_6911                125    155.445     0.000      155.445 
  u_fir_int_p2_add_606_34                    add_signed_217_109_6911                125    155.445     0.000      155.445 
  u_fir_int_p2_add_728_34                    add_signed_1033                        133    166.858     0.000      166.858 
  u_fir_int_p2_add_729_34                    add_signed_1033                        133    166.858     0.000      166.858 
  u_fir_int_p2_add_851_34                    add_signed_1035                        127    157.619     0.000      157.619 
  u_fir_int_p2_add_852_34                    add_signed_1035                        127    157.619     0.000      157.619 
  u_fir_int_p2_add_872_34                    add_signed                             135    168.489     0.000      168.489 
  u_fir_int_p2_add_873_34                    add_signed                             135    168.489     0.000      168.489 
  u_fir_int_p2_add_893_34                    add_signed_217_109_6913                147    183.164     0.000      183.164 
  u_fir_int_p2_add_894_34                    add_signed_217_109_6913                147    183.164     0.000      183.164 
  u_fir_int_p2_add_1016_34                   add_signed_1037                        126    155.988     0.000      155.988 
  u_fir_int_p2_add_1017_34                   add_signed_1037                        126    155.988     0.000      155.988 
  u_fir_int_p2_add_1139_35                   add_signed_1039                        104    127.725     0.000      127.725 
  u_fir_int_p2_add_1140_35                   add_signed_1039                        104    127.725     0.000      127.725 
  u_fir_int_p2_add_1160_34                   add_signed_217_109_6908                134    167.945     0.000      167.945 
  u_fir_int_p2_add_1161_34                   add_signed_217_109_6908                134    167.945     0.000      167.945 
  u_fir_int_p2_add_1240_34                   add_signed_1041                        145    184.251     0.000      184.251 
  u_fir_int_p2_add_1241_34                   add_signed_1041                        145    184.251     0.000      184.251 
  u_fir_int_p2_const_mul_382_53              mult_signed_const_66936                 82    100.006     0.000      100.006 
  u_fir_int_p2_const_mul_384_55              mult_signed_const_66936                 82    100.006     0.000      100.006 
  u_fir_int_p2_const_mul_1185_41             mult_signed_const_66936_6972            82    100.006     0.000      100.006 
  u_fir_int_p2_const_mul_1187_41             mult_signed_const_66936_6972            82    100.006     0.000      100.006 
  u_fir_int_p2_csa_tree_ADD_TC_OP_groupi     csa_tree_ADD_TC_OP_group_49671         218    283.170     0.000      283.170 
  u_fir_int_p2_csa_tree_ADD_TC_OP_groupi2801 csa_tree_ADD_TC_OP_group_49671         218    283.170     0.000      283.170 
  u_fir_int_p2_csa_tree_ADD_TC_OP_groupi2802 csa_tree_ADD_TC_OP_group_48455         319    420.679     0.000      420.679 
  u_fir_int_p2_csa_tree_ADD_TC_OP_groupi2803 csa_tree_ADD_TC_OP_group_48455         319    420.679     0.000      420.679 
  u_fir_int_p2_csa_tree_ADD_TC_OP_groupi2804 csa_tree_ADD_TC_OP_group_46881         389    511.989     0.000      511.989 
  u_fir_int_p2_csa_tree_ADD_TC_OP_groupi2805 csa_tree_ADD_TC_OP_group_46881         389    511.989     0.000      511.989 
  u_fir_int_p2_csa_tree_ADD_TC_OP_groupi2806 csa_tree_ADD_TC_OP_group_45392         374    488.618     0.000      488.618 
  u_fir_int_p2_csa_tree_ADD_TC_OP_groupi2807 csa_tree_ADD_TC_OP_group_45392         374    488.618     0.000      488.618 
  u_fir_int_p2_csa_tree_ADD_TC_OP_groupi2808 csa_tree_ADD_TC_OP_group_43625         450    586.450     0.000      586.450 
  u_fir_int_p2_csa_tree_ADD_TC_OP_groupi2809 csa_tree_ADD_TC_OP_group_43625         450    586.450     0.000      586.450 
  u_fir_int_p2_csa_tree_ADD_TC_OP_groupi2810 csa_tree_ADD_TC_OP_group_42011         390    507.097     0.000      507.097 
  u_fir_int_p2_csa_tree_ADD_TC_OP_groupi2811 csa_tree_ADD_TC_OP_group_42011         390    507.097     0.000      507.097 
  u_fir_int_p2_csa_tree_ADD_TC_OP_groupi2812 csa_tree_ADD_TC_OP_group_40193         453    592.429     0.000      592.429 
  u_fir_int_p2_csa_tree_ADD_TC_OP_groupi2813 csa_tree_ADD_TC_OP_group_40193         453    592.429     0.000      592.429 
  u_fir_int_p2_csa_tree_ADD_TC_OP_groupi2814 csa_tree_ADD_TC_OP_group_38704         374    490.248     0.000      490.248 
  u_fir_int_p2_csa_tree_ADD_TC_OP_groupi2815 csa_tree_ADD_TC_OP_group_38704         374    490.248     0.000      490.248 
  u_fir_int_p2_csa_tree_ADD_TC_OP_groupi2816 csa_tree_ADD_TC_OP_group_37120         391    511.445     0.000      511.445 
  u_fir_int_p2_csa_tree_ADD_TC_OP_groupi2817 csa_tree_ADD_TC_OP_group_37120         391    511.445     0.000      511.445 
  u_fir_int_p2_csa_tree_ADD_TC_OP_groupi2818 csa_tree_ADD_TC_OP_group_35788         318    419.592     0.000      419.592 
  u_fir_int_p2_csa_tree_ADD_TC_OP_groupi2819 csa_tree_ADD_TC_OP_group_35788         318    419.592     0.000      419.592 
  u_fir_int_p2_csa_tree_ADD_TC_OP_groupi2820 csa_tree_ADD_TC_OP_group_34886         217    281.539     0.000      281.539 
  u_fir_int_p2_csa_tree_ADD_TC_OP_groupi2821 csa_tree_ADD_TC_OP_group_34886         217    281.539     0.000      281.539 
