============================================================
  Generated by:           Genus(TM) Synthesis Solution 22.10-p001_1
  Generated on:           Jan 25 2025  04:27:07 pm
  Module:                 pp_int_x4
  Library domain:         timing_cond_wcl_slow
    Domain index:         0
    Technology library:   sc9mcpp140z_cln28ht_base_lvt_c30_ssg_cworstt_max_0p81v_125c 1.0
  Library domain:         timing_cond_wcl_fast
    Domain index:         1
    Technology library:   sc9mcpp140z_cln28ht_base_lvt_c30_ffg_cbestt_min_0p99v_m40c 1.0
  Library domain:         timing_cond_wcl_typical
    Domain index:         2
    Technology library:   sc9mcpp140z_cln28ht_base_lvt_c30_tt_ctypical_max_0p90v_25c 1.0
  Operating conditions:   ssg_cworstt_max_0p81v_125c 
  Operating conditions:   ffg_cbestt_min_0p99v_m40c 
  Operating conditions:   tt_ctypical_max_0p90v_25c 
  Interconnect mode:      spatial
  Area mode:              physical library
============================================================

                                            Leakage   Leakage 
     Type      Instances   Area   Area %  Power (nW)  Power % 
--------------------------------------------------------------
sequential          7829    0.000    0.0  9669207.068    63.6 
inverter              15    0.000    0.0     1059.112     0.0 
logic              46281    0.000    0.0  5527204.748    36.4 
physical_cells      1802 1022.364  100.0        0.000     0.0 
--------------------------------------------------------------
total              55927 1022.364  100.0 15197470.929   100.0 

