============================================================
  Generated by:           Genus(TM) Synthesis Solution 22.10-p001_1
  Generated on:           Jan 23 2025  11:20:46 pm
  Module:                 pp_int_x4
  Library domain:         timing_cond_wcl_slow
    Domain index:         0
    Technology library:   sc9mcpp140z_cln28ht_base_lvt_c30_ssg_cworstt_max_0p81v_125c 1.0
  Library domain:         timing_cond_wcl_fast
    Domain index:         1
    Technology library:   sc9mcpp140z_cln28ht_base_lvt_c30_ffg_cbestt_min_0p99v_m40c 1.0
  Library domain:         timing_cond_wcl_typical
    Domain index:         2
    Technology library:   sc9mcpp140z_cln28ht_base_lvt_c30_tt_ctypical_max_0p90v_25c 1.0
  Operating conditions:   ssg_cworstt_max_0p81v_125c 
  Operating conditions:   ffg_cbestt_min_0p99v_m40c 
  Operating conditions:   tt_ctypical_max_0p90v_25c 
  Interconnect mode:      placement
  Area mode:              physical library
============================================================

Timing
--------

  Analysis view  Clock Period 
------------------------------
view_wcl_slow    clk    500.0 
                 clk_4 2000.0 
view_wcl_fast    clk    500.0 
                 clk_4 2000.0 
view_wcl_typical clk    500.0 
                 clk_4 2000.0 


    Analysis       Cost   Critical        Violating 
      View        Group  Path Slack  TNS    Paths   
----------------------------------------------------
view_wcl_slow        clk        2.1  0.0          0 
                   clk_4      982.0  0.0          0 
                 default   No paths  0.0          0 
----------------------------------------------------
Total                               -0.0          0 
                                                    
view_wcl_fast        clk       33.5  0.0          0 
                   clk_4     1423.7  0.0          0 
                 default   No paths  0.0          0 
----------------------------------------------------
Total                               -0.0          0 
                                                    
view_wcl_typical     clk       22.5  0.0          0 
                   clk_4     1247.8  0.0          0 
                 default   No paths  0.0          0 
----------------------------------------------------
Total                               -0.0          0 
                                                    

Instance Count
--------------
Leaf Instance Count             32003 
Physical Instance count          1802 
Sequential Instance Count        7829 
Combinational Instance Count    24174 
Hierarchical Instance Count         2 

Area
----
Cell Area                          45287.928
Physical Cell Area                 1022.364
Total Cell Area (Cell+Physical)    46310.292
Net Area                           13394.603
Total Area (Cell+Physical+Net)     59704.895

Floorplan Utilization              63.27%
Runtime                            234.037568 seconds
Elapsed Runtime                    3415 seconds
Genus peak memory usage            3449.84 
Innovus peak memory usage          3543.539062 
Hostname                           cluster15.lan.ece

Physical Data
-------------
Total Net Length                   267892.06 um
Average Net Length                 6.51 um
