============================================================
  Generated by:           Genus(TM) Synthesis Solution 22.10-p001_1
  Generated on:           Jan 25 2025  04:34:15 pm
  Module:                 pp_int_x4
  Library domain:         timing_cond_wcl_slow
    Domain index:         0
    Technology library:   sc9mcpp140z_cln28ht_base_lvt_c30_ssg_cworstt_max_0p81v_125c 1.0
  Library domain:         timing_cond_wcl_fast
    Domain index:         1
    Technology library:   sc9mcpp140z_cln28ht_base_lvt_c30_ffg_cbestt_min_0p99v_m40c 1.0
  Library domain:         timing_cond_wcl_typical
    Domain index:         2
    Technology library:   sc9mcpp140z_cln28ht_base_lvt_c30_tt_ctypical_max_0p90v_25c 1.0
  Operating conditions:   ssg_cworstt_max_0p81v_125c 
  Operating conditions:   ffg_cbestt_min_0p99v_m40c 
  Operating conditions:   tt_ctypical_max_0p90v_25c 
  Interconnect mode:      spatial
  Area mode:              physical library
============================================================

Timing
--------

  Analysis view  Clock Period 
------------------------------
view_wcl_slow    clk    500.0 
                 clk_4 2000.0 
view_wcl_fast    clk    500.0 
                 clk_4 2000.0 
view_wcl_typical clk    500.0 
                 clk_4 2000.0 


    Analysis       Cost   Critical        Violating 
      View        Group  Path Slack  TNS    Paths   
----------------------------------------------------
view_wcl_slow        clk        0.0  0.0          0 
                   clk_4     1026.1  0.0          0 
                 default   No paths  0.0          0 
----------------------------------------------------
Total                               -0.0          0 
                                                    
view_wcl_fast        clk       48.6  0.0          0 
                   clk_4     1447.4  0.0          0 
                 default   No paths  0.0          0 
----------------------------------------------------
Total                               -0.0          0 
                                                    
view_wcl_typical     clk       40.8  0.0          0 
                   clk_4     1278.6  0.0          0 
                 default   No paths  0.0          0 
----------------------------------------------------
Total                               -0.0          0 
                                                    

Instance Count
--------------
Leaf Instance Count             24857 
Physical Instance count          1802 
Sequential Instance Count        7829 
Combinational Instance Count    17028 
Hierarchical Instance Count         1 

Area
----
Cell Area                          44309.790
Physical Cell Area                 1022.364
Total Cell Area (Cell+Physical)    45332.154
Net Area                           7340.025
Total Area (Cell+Physical+Net)     52672.179

Floorplan Utilization              61.91%
Runtime                            211.533774 seconds
Elapsed Runtime                    2001 seconds
Genus peak memory usage            2917.74 
Innovus peak memory usage          no_value 
Hostname                           cluster15.lan.ece
