============================================================
  Generated by:           Genus(TM) Synthesis Solution 22.10-p001_1
  Generated on:           Jan 25 2025  12:17:38 pm
  Module:                 pp_int_x4
  Library domain:         slow
    Domain index:         0
    Technology libraries: sc9mcpp140z_cln28ht_base_lvt_c30_ssg_cworstt_max_0p81v_125c 1.0
                          sc9mcpp140z_cln28ht_hpk_lvt_c30_ssg_cworstt_max_0p81v_125c 1.0
                          sc9mcpp140z_cln28ht_base_svt_c30_ssg_cworstt_max_0p81v_125c 1.0
                          sc9mcpp140z_cln28ht_hpk_svt_c30_ssg_cworstt_max_0p81v_125c 1.0
                          sc9mcpp140z_cln28ht_base_ulvt_c30_ssg_cworstt_max_0p81v_125c 1.0
                          sc9mcpp140z_cln28ht_hpk_ulvt_c30_ssg_cworstt_max_0p81v_125c 1.0
  Library domain:         fast
    Domain index:         1
    Technology libraries: sc9mcpp140z_cln28ht_base_lvt_c30_ffg_cbestt_min_0p99v_m40c 1.0
                          sc9mcpp140z_cln28ht_hpk_lvt_c30_ffg_cbestt_min_0p99v_m40c 1.0
                          sc9mcpp140z_cln28ht_base_svt_c30_ffg_cbestt_min_0p99v_m40c 1.0
                          sc9mcpp140z_cln28ht_hpk_svt_c30_ffg_cbestt_min_0p99v_m40c 1.0
                          sc9mcpp140z_cln28ht_base_ulvt_c30_ffg_cbestt_min_0p99v_m40c 1.0
                          sc9mcpp140z_cln28ht_hpk_ulvt_c30_ffg_cbestt_min_0p99v_m40c 1.0
  Library domain:         nom
    Domain index:         2
    Technology libraries: sc9mcpp140z_cln28ht_base_lvt_c30_tt_ctypical_max_0p90v_25c 1.0
                          sc9mcpp140z_cln28ht_hpk_lvt_c30_tt_ctypical_max_0p90v_25c 1.0
                          sc9mcpp140z_cln28ht_base_svt_c30_tt_ctypical_max_0p90v_25c 1.0
                          sc9mcpp140z_cln28ht_hpk_svt_c30_tt_ctypical_max_0p90v_25c 1.0
                          sc9mcpp140z_cln28ht_base_ulvt_c30_tt_ctypical_max_0p90v_25c 1.0
                          sc9mcpp140z_cln28ht_hpk_ulvt_c30_tt_ctypical_max_0p90v_25c 1.0
  Operating conditions:   ssg_cworstt_max_0p81v_125c 
  Operating conditions:   ffg_cbestt_min_0p99v_m40c 
  Operating conditions:   tt_ctypical_max_0p90v_25c 
  Interconnect mode:      global
  Area mode:              physical library
============================================================

                                                                                                                      Library 
              Gate               Instances    Area                                Library                              Domain 
------------------------------------------------------------------------------------------------------------------------------
ADDF_X1M_A9PP140ZTL_C30                 60    120.960    sc9mcpp140z_cln28ht_base_lvt_c30_ssg_cworstt_max_0p81v_125c     slow 
ADDF_X1M_A9PP140ZTS_C30                 44     88.704    sc9mcpp140z_cln28ht_base_svt_c30_ssg_cworstt_max_0p81v_125c     slow 
ADDF_X1M_A9PP140ZTUL_C30              8212  16555.392    sc9mcpp140z_cln28ht_base_ulvt_c30_ssg_cworstt_max_0p81v_125c    slow 
ADDF_X1P4M_A9PP140ZTUL_C30               2      4.536    sc9mcpp140z_cln28ht_base_ulvt_c30_ssg_cworstt_max_0p81v_125c    slow 
ADDF_X2M_A9PP140ZTUL_C30                 6     13.608    sc9mcpp140z_cln28ht_base_ulvt_c30_ssg_cworstt_max_0p81v_125c    slow 
ADDH_X1M_A9PP140ZTS_C30                  8     10.080    sc9mcpp140z_cln28ht_base_svt_c30_ssg_cworstt_max_0p81v_125c     slow 
ADDH_X1M_A9PP140ZTUL_C30               589    742.140    sc9mcpp140z_cln28ht_base_ulvt_c30_ssg_cworstt_max_0p81v_125c    slow 
AND2_X1M_A9PP140ZTL_C30                  2      1.008    sc9mcpp140z_cln28ht_base_lvt_c30_ssg_cworstt_max_0p81v_125c     slow 
AND2_X1M_A9PP140ZTUL_C30                13      6.552    sc9mcpp140z_cln28ht_base_ulvt_c30_ssg_cworstt_max_0p81v_125c    slow 
AND2_X3TM_A9PP140ZTUL_C30                1      1.386    sc9mcpp140z_cln28ht_hpk_ulvt_c30_ssg_cworstt_max_0p81v_125c     slow 
AO1B2_X1M_A9PP140ZTUL_C30                2      1.260    sc9mcpp140z_cln28ht_base_ulvt_c30_ssg_cworstt_max_0p81v_125c    slow 
AO1B2_X2M_A9PP140ZTUL_C30                2      1.764    sc9mcpp140z_cln28ht_base_ulvt_c30_ssg_cworstt_max_0p81v_125c    slow 
AO21A1AI2_X1M_A9PP140ZTUL_C30           32     20.160    sc9mcpp140z_cln28ht_base_ulvt_c30_ssg_cworstt_max_0p81v_125c    slow 
AO21B_X1M_A9PP140ZTUL_C30              128     80.640    sc9mcpp140z_cln28ht_base_ulvt_c30_ssg_cworstt_max_0p81v_125c    slow 
AO21_X1M_A9PP140ZTUL_C30               100     75.600    sc9mcpp140z_cln28ht_base_ulvt_c30_ssg_cworstt_max_0p81v_125c    slow 
AO22_X1M_A9PP140ZTL_C30                  4      3.528    sc9mcpp140z_cln28ht_base_lvt_c30_ssg_cworstt_max_0p81v_125c     slow 
AO22_X1M_A9PP140ZTUL_C30                40     35.280    sc9mcpp140z_cln28ht_base_ulvt_c30_ssg_cworstt_max_0p81v_125c    slow 
AO22_X2M_A9PP140ZTUL_C30                 1      1.008    sc9mcpp140z_cln28ht_base_ulvt_c30_ssg_cworstt_max_0p81v_125c    slow 
AOI211_X0P7M_A9PP140ZTUL_C30             8      5.040    sc9mcpp140z_cln28ht_base_ulvt_c30_ssg_cworstt_max_0p81v_125c    slow 
AOI211_X1M_A9PP140ZTUL_C30               2      1.260    sc9mcpp140z_cln28ht_base_ulvt_c30_ssg_cworstt_max_0p81v_125c    slow 
AOI21B_X0P5M_A9PP140ZTUL_C30            32     24.192    sc9mcpp140z_cln28ht_base_ulvt_c30_ssg_cworstt_max_0p81v_125c    slow 
AOI21B_X0P7M_A9PP140ZTUL_C30            28     21.168    sc9mcpp140z_cln28ht_base_ulvt_c30_ssg_cworstt_max_0p81v_125c    slow 
AOI21B_X1M_A9PP140ZTUL_C30               2      1.512    sc9mcpp140z_cln28ht_base_ulvt_c30_ssg_cworstt_max_0p81v_125c    slow 
AOI21_X0P7M_A9PP140ZTUL_C30              8      4.032    sc9mcpp140z_cln28ht_base_ulvt_c30_ssg_cworstt_max_0p81v_125c    slow 
AOI21_X1A_A9PP140ZTUL_C30               74     37.296    sc9mcpp140z_cln28ht_hpk_ulvt_c30_ssg_cworstt_max_0p81v_125c     slow 
AOI21_X1M_A9PP140ZTUL_C30               42     21.168    sc9mcpp140z_cln28ht_base_ulvt_c30_ssg_cworstt_max_0p81v_125c    slow 
AOI21_X2M_A9PP140ZTUL_C30                2      1.764    sc9mcpp140z_cln28ht_base_ulvt_c30_ssg_cworstt_max_0p81v_125c    slow 
AOI21_X4M_A9PP140ZTUL_C30                2      3.276    sc9mcpp140z_cln28ht_base_ulvt_c30_ssg_cworstt_max_0p81v_125c    slow 
AOI22_X3M_A9PP140ZTUL_C30                2      3.276    sc9mcpp140z_cln28ht_base_ulvt_c30_ssg_cworstt_max_0p81v_125c    slow 
AOI2XB1_X1M_A9PP140ZTUL_C30             22     16.632    sc9mcpp140z_cln28ht_base_ulvt_c30_ssg_cworstt_max_0p81v_125c    slow 
AOI2XB1_X2M_A9PP140ZTUL_C30              2      2.268    sc9mcpp140z_cln28ht_base_ulvt_c30_ssg_cworstt_max_0p81v_125c    slow 
BUFH_X3M_A9PP140ZTL_C30                  1      0.756    sc9mcpp140z_cln28ht_base_lvt_c30_ssg_cworstt_max_0p81v_125c     slow 
CGENCIN_X1P4M_A9PP140ZTUL_C30            2      5.292    sc9mcpp140z_cln28ht_base_ulvt_c30_ssg_cworstt_max_0p81v_125c    slow 
CGENI_X1M_A9PP140ZTUL_C30              514    388.584    sc9mcpp140z_cln28ht_base_ulvt_c30_ssg_cworstt_max_0p81v_125c    slow 
CGEN_X1M_A9PP140ZTL_C30                 16     14.112    sc9mcpp140z_cln28ht_base_lvt_c30_ssg_cworstt_max_0p81v_125c     slow 
CGEN_X1M_A9PP140ZTUL_C30               256    225.792    sc9mcpp140z_cln28ht_base_ulvt_c30_ssg_cworstt_max_0p81v_125c    slow 
INV_X0P7B_A9PP140ZTS_C30                56     14.112    sc9mcpp140z_cln28ht_base_svt_c30_ssg_cworstt_max_0p81v_125c     slow 
INV_X0P8B_A9PP140ZTUL_C30              106     26.712    sc9mcpp140z_cln28ht_base_ulvt_c30_ssg_cworstt_max_0p81v_125c    slow 
INV_X0P8M_A9PP140ZTUL_C30              802    202.104    sc9mcpp140z_cln28ht_base_ulvt_c30_ssg_cworstt_max_0p81v_125c    slow 
INV_X1M_A9PP140ZTL_C30                1789    450.828    sc9mcpp140z_cln28ht_base_lvt_c30_ssg_cworstt_max_0p81v_125c     slow 
INV_X1M_A9PP140ZTUL_C30                 16      4.032    sc9mcpp140z_cln28ht_base_ulvt_c30_ssg_cworstt_max_0p81v_125c    slow 
INV_X2M_A9PP140ZTUL_C30                  3      1.134    sc9mcpp140z_cln28ht_base_ulvt_c30_ssg_cworstt_max_0p81v_125c    slow 
INV_X3M_A9PP140ZTUL_C30                  2      1.008    sc9mcpp140z_cln28ht_base_ulvt_c30_ssg_cworstt_max_0p81v_125c    slow 
INV_X3P5M_A9PP140ZTUL_C30                1      0.630    sc9mcpp140z_cln28ht_base_ulvt_c30_ssg_cworstt_max_0p81v_125c    slow 
INV_X4M_A9PP140ZTUL_C30                  1      0.630    sc9mcpp140z_cln28ht_base_ulvt_c30_ssg_cworstt_max_0p81v_125c    slow 
INV_X5M_A9PP140ZTUL_C30                  1      0.756    sc9mcpp140z_cln28ht_base_ulvt_c30_ssg_cworstt_max_0p81v_125c    slow 
INV_X7P5M_A9PP140ZTUL_C30                1      1.134    sc9mcpp140z_cln28ht_base_ulvt_c30_ssg_cworstt_max_0p81v_125c    slow 
MXIT2_X1M_A9PP140ZTL_C30                 2      1.764    sc9mcpp140z_cln28ht_base_lvt_c30_ssg_cworstt_max_0p81v_125c     slow 
MXIT2_X1M_A9PP140ZTUL_C30              544    479.808    sc9mcpp140z_cln28ht_base_ulvt_c30_ssg_cworstt_max_0p81v_125c    slow 
MXT2_X0P5B_A9PP140ZTUL_C30               1      0.882    sc9mcpp140z_cln28ht_base_ulvt_c30_ssg_cworstt_max_0p81v_125c    slow 
NAND2B_X0P5M_A9PP140ZTUL_C30             4      2.016    sc9mcpp140z_cln28ht_base_ulvt_c30_ssg_cworstt_max_0p81v_125c    slow 
NAND2B_X1M_A9PP140ZTUL_C30              90     45.360    sc9mcpp140z_cln28ht_base_ulvt_c30_ssg_cworstt_max_0p81v_125c    slow 
NAND2XB_X1M_A9PP140ZTL_C30               2      1.008    sc9mcpp140z_cln28ht_base_lvt_c30_ssg_cworstt_max_0p81v_125c     slow 
NAND2XB_X1M_A9PP140ZTUL_C30             20     10.080    sc9mcpp140z_cln28ht_base_ulvt_c30_ssg_cworstt_max_0p81v_125c    slow 
NAND2XB_X2M_A9PP140ZTUL_C30              2      1.512    sc9mcpp140z_cln28ht_base_ulvt_c30_ssg_cworstt_max_0p81v_125c    slow 
NAND2_X1A_A9PP140ZTUL_C30              166     62.748    sc9mcpp140z_cln28ht_base_ulvt_c30_ssg_cworstt_max_0p81v_125c    slow 
NAND2_X1B_A9PP140ZTUL_C30              108     40.824    sc9mcpp140z_cln28ht_base_ulvt_c30_ssg_cworstt_max_0p81v_125c    slow 
NAND2_X1M_A9PP140ZTUL_C30              125     47.250    sc9mcpp140z_cln28ht_base_ulvt_c30_ssg_cworstt_max_0p81v_125c    slow 
NAND2_X1TA_A9PP140ZTUL_C30               2      1.008    sc9mcpp140z_cln28ht_hpk_ulvt_c30_ssg_cworstt_max_0p81v_125c     slow 
NAND2_X2B_A9PP140ZTUL_C30                4      2.520    sc9mcpp140z_cln28ht_base_ulvt_c30_ssg_cworstt_max_0p81v_125c    slow 
NAND2_X6B_A9PP140ZTUL_C30                1      1.638    sc9mcpp140z_cln28ht_base_ulvt_c30_ssg_cworstt_max_0p81v_125c    slow 
NAND3B_X1M_A9PP140ZTUL_C30              12      7.560    sc9mcpp140z_cln28ht_base_ulvt_c30_ssg_cworstt_max_0p81v_125c    slow 
NAND3XXB_X1M_A9PP140ZTUL_C30             6      3.780    sc9mcpp140z_cln28ht_base_ulvt_c30_ssg_cworstt_max_0p81v_125c    slow 
NOR2B_X1M_A9PP140ZTUL_C30               37     18.648    sc9mcpp140z_cln28ht_base_ulvt_c30_ssg_cworstt_max_0p81v_125c    slow 
NOR2XB_X1M_A9PP140ZTL_C30                2      1.008    sc9mcpp140z_cln28ht_base_lvt_c30_ssg_cworstt_max_0p81v_125c     slow 
NOR2XB_X1M_A9PP140ZTUL_C30              10      5.040    sc9mcpp140z_cln28ht_base_ulvt_c30_ssg_cworstt_max_0p81v_125c    slow 
NOR2_X1A_A9PP140ZTL_C30                  3      1.134    sc9mcpp140z_cln28ht_base_lvt_c30_ssg_cworstt_max_0p81v_125c     slow 
NOR2_X1A_A9PP140ZTUL_C30               446    168.588    sc9mcpp140z_cln28ht_base_ulvt_c30_ssg_cworstt_max_0p81v_125c    slow 
NOR2_X1B_A9PP140ZTUL_C30                28     10.584    sc9mcpp140z_cln28ht_base_ulvt_c30_ssg_cworstt_max_0p81v_125c    slow 
NOR2_X1M_A9PP140ZTL_C30                 44     16.632    sc9mcpp140z_cln28ht_base_lvt_c30_ssg_cworstt_max_0p81v_125c     slow 
NOR2_X1M_A9PP140ZTUL_C30                14      5.292    sc9mcpp140z_cln28ht_base_ulvt_c30_ssg_cworstt_max_0p81v_125c    slow 
NOR2_X1P4TA_A9PP140ZTUL_C30              1      0.756    sc9mcpp140z_cln28ht_hpk_ulvt_c30_ssg_cworstt_max_0p81v_125c     slow 
NOR2_X1TA_A9PP140ZTL_C30                 3      1.512    sc9mcpp140z_cln28ht_hpk_lvt_c30_ssg_cworstt_max_0p81v_125c      slow 
NOR2_X1TA_A9PP140ZTUL_C30                1      0.504    sc9mcpp140z_cln28ht_hpk_ulvt_c30_ssg_cworstt_max_0p81v_125c     slow 
NOR2_X2A_A9PP140ZTUL_C30                 4      2.520    sc9mcpp140z_cln28ht_base_ulvt_c30_ssg_cworstt_max_0p81v_125c    slow 
NOR2_X2M_A9PP140ZTUL_C30                 2      1.260    sc9mcpp140z_cln28ht_base_ulvt_c30_ssg_cworstt_max_0p81v_125c    slow 
NOR2_X3A_A9PP140ZTUL_C30                 2      1.764    sc9mcpp140z_cln28ht_base_ulvt_c30_ssg_cworstt_max_0p81v_125c    slow 
NOR3BB_X0P7M_A9PP140ZTUL_C30             2      1.260    sc9mcpp140z_cln28ht_base_ulvt_c30_ssg_cworstt_max_0p81v_125c    slow 
NOR3_X1A_A9PP140ZTUL_C30                 2      1.008    sc9mcpp140z_cln28ht_base_ulvt_c30_ssg_cworstt_max_0p81v_125c    slow 
OA1B2_X1M_A9PP140ZTUL_C30               14      8.820    sc9mcpp140z_cln28ht_base_ulvt_c30_ssg_cworstt_max_0p81v_125c    slow 
OA21A1OI2_X0P7M_A9PP140ZTUL_C30          4      2.520    sc9mcpp140z_cln28ht_base_ulvt_c30_ssg_cworstt_max_0p81v_125c    slow 
OA21A1OI2_X1M_A9PP140ZTUL_C30           26     16.380    sc9mcpp140z_cln28ht_base_ulvt_c30_ssg_cworstt_max_0p81v_125c    slow 
OA21B_X1M_A9PP140ZTUL_C30               10      6.300    sc9mcpp140z_cln28ht_base_ulvt_c30_ssg_cworstt_max_0p81v_125c    slow 
OA21B_X4M_A9PP140ZTUL_C30                2      3.276    sc9mcpp140z_cln28ht_base_ulvt_c30_ssg_cworstt_max_0p81v_125c    slow 
OA21_X1M_A9PP140ZTL_C30                 10      7.560    sc9mcpp140z_cln28ht_base_lvt_c30_ssg_cworstt_max_0p81v_125c     slow 
OA21_X1M_A9PP140ZTUL_C30                12      9.072    sc9mcpp140z_cln28ht_base_ulvt_c30_ssg_cworstt_max_0p81v_125c    slow 
OAI211_X1M_A9PP140ZTUL_C30              12      7.560    sc9mcpp140z_cln28ht_base_ulvt_c30_ssg_cworstt_max_0p81v_125c    slow 
OAI21B_X1M_A9PP140ZTUL_C30              52     39.312    sc9mcpp140z_cln28ht_base_ulvt_c30_ssg_cworstt_max_0p81v_125c    slow 
OAI21_X1A_A9PP140ZTUL_C30               34     17.136    sc9mcpp140z_cln28ht_hpk_ulvt_c30_ssg_cworstt_max_0p81v_125c     slow 
OAI21_X1M_A9PP140ZTL_C30                 8      4.032    sc9mcpp140z_cln28ht_base_lvt_c30_ssg_cworstt_max_0p81v_125c     slow 
OAI21_X1M_A9PP140ZTUL_C30              250    126.000    sc9mcpp140z_cln28ht_base_ulvt_c30_ssg_cworstt_max_0p81v_125c    slow 
OAI21_X2M_A9PP140ZTL_C30                 2      1.764    sc9mcpp140z_cln28ht_base_lvt_c30_ssg_cworstt_max_0p81v_125c     slow 
OAI21_X2M_A9PP140ZTUL_C30                4      3.528    sc9mcpp140z_cln28ht_base_ulvt_c30_ssg_cworstt_max_0p81v_125c    slow 
OAI21_X3A_A9PP140ZTUL_C30                2      2.520    sc9mcpp140z_cln28ht_hpk_ulvt_c30_ssg_cworstt_max_0p81v_125c     slow 
OAI21_X3M_A9PP140ZTUL_C30                2      2.520    sc9mcpp140z_cln28ht_base_ulvt_c30_ssg_cworstt_max_0p81v_125c    slow 
OAI21_X6M_A9PP140ZTUL_C30                2      4.788    sc9mcpp140z_cln28ht_base_ulvt_c30_ssg_cworstt_max_0p81v_125c    slow 
OAI22BB_X0P5M_A9PP140ZTUL_C30            2      1.764    sc9mcpp140z_cln28ht_base_ulvt_c30_ssg_cworstt_max_0p81v_125c    slow 
OAI22BB_X1M_A9PP140ZTUL_C30            133    117.306    sc9mcpp140z_cln28ht_base_ulvt_c30_ssg_cworstt_max_0p81v_125c    slow 
OAI22_X1A_A9PP140ZTUL_C30                4      2.520    sc9mcpp140z_cln28ht_hpk_ulvt_c30_ssg_cworstt_max_0p81v_125c     slow 
OAI2XB1_X1M_A9PP140ZTUL_C30             33     24.948    sc9mcpp140z_cln28ht_base_ulvt_c30_ssg_cworstt_max_0p81v_125c    slow 
OAI2XB1_X2M_A9PP140ZTUL_C30              4      4.536    sc9mcpp140z_cln28ht_base_ulvt_c30_ssg_cworstt_max_0p81v_125c    slow 
OAI2XB1_X3M_A9PP140ZTUL_C30              4      6.048    sc9mcpp140z_cln28ht_base_ulvt_c30_ssg_cworstt_max_0p81v_125c    slow 
OR2_X1B_A9PP140ZTUL_C30                  6      3.024    sc9mcpp140z_cln28ht_base_ulvt_c30_ssg_cworstt_max_0p81v_125c    slow 
OR2_X1M_A9PP140ZTUL_C30                200    100.800    sc9mcpp140z_cln28ht_base_ulvt_c30_ssg_cworstt_max_0p81v_125c    slow 
OR2_X2M_A9PP140ZTUL_C30                  4      2.520    sc9mcpp140z_cln28ht_base_ulvt_c30_ssg_cworstt_max_0p81v_125c    slow 
OR3_X1M_A9PP140ZTUL_C30                  4      2.520    sc9mcpp140z_cln28ht_base_ulvt_c30_ssg_cworstt_max_0p81v_125c    slow 
SDFFQA_X1M_A9PP140ZTL_C30                1      2.520    sc9mcpp140z_cln28ht_base_lvt_c30_ssg_cworstt_max_0p81v_125c     slow 
SDFFQL_X1M_A9PP140ZTL_C30                1      2.772    sc9mcpp140z_cln28ht_base_lvt_c30_ssg_cworstt_max_0p81v_125c     slow 
SDFFRPQA_X1M_A9PP140ZTL_C30             26     72.072    sc9mcpp140z_cln28ht_base_lvt_c30_ssg_cworstt_max_0p81v_125c     slow 
SDFFRPQA_X1M_A9PP140ZTUL_C30          7182  19908.504    sc9mcpp140z_cln28ht_base_ulvt_c30_ssg_cworstt_max_0p81v_125c    slow 
SDFFRPQNA_X1M_A9PP140ZTUL_C30          613   1621.998    sc9mcpp140z_cln28ht_base_ulvt_c30_ssg_cworstt_max_0p81v_125c    slow 
SDFFSQA_X1M_A9PP140ZTUL_C30              1      2.772    sc9mcpp140z_cln28ht_base_ulvt_c30_ssg_cworstt_max_0p81v_125c    slow 
SDFFSQNA_X1M_A9PP140ZTUL_C30             1      2.646    sc9mcpp140z_cln28ht_base_ulvt_c30_ssg_cworstt_max_0p81v_125c    slow 
SDFFXRPQ_X2M_A9PP140ZTUL_C30             4     13.104    sc9mcpp140z_cln28ht_hpk_ulvt_c30_ssg_cworstt_max_0p81v_125c     slow 
XNOR2_X0P5M_A9PP140ZTUL_C30             14     10.584    sc9mcpp140z_cln28ht_base_ulvt_c30_ssg_cworstt_max_0p81v_125c    slow 
XNOR2_X0P7M_A9PP140ZTUL_C30            637    481.572    sc9mcpp140z_cln28ht_base_ulvt_c30_ssg_cworstt_max_0p81v_125c    slow 
XNOR2_X1P4M_A9PP140ZTUL_C30             10     11.340    sc9mcpp140z_cln28ht_base_ulvt_c30_ssg_cworstt_max_0p81v_125c    slow 
XNOR2_X2M_A9PP140ZTL_C30                 2      3.024    sc9mcpp140z_cln28ht_base_lvt_c30_ssg_cworstt_max_0p81v_125c     slow 
XNOR2_X4M_A9PP140ZTUL_C30                4     10.584    sc9mcpp140z_cln28ht_base_ulvt_c30_ssg_cworstt_max_0p81v_125c    slow 
XNOR3_X0P7M_A9PP140ZTL_C30               4      6.048    sc9mcpp140z_cln28ht_base_lvt_c30_ssg_cworstt_max_0p81v_125c     slow 
XNOR3_X0P7M_A9PP140ZTUL_C30            224    338.688    sc9mcpp140z_cln28ht_base_ulvt_c30_ssg_cworstt_max_0p81v_125c    slow 
XOR2_X0P5M_A9PP140ZTUL_C30             106     80.136    sc9mcpp140z_cln28ht_base_ulvt_c30_ssg_cworstt_max_0p81v_125c    slow 
XOR2_X0P7M_A9PP140ZTUL_C30             829    626.724    sc9mcpp140z_cln28ht_base_ulvt_c30_ssg_cworstt_max_0p81v_125c    slow 
XOR2_X1P4M_A9PP140ZTUL_C30               2      2.268    sc9mcpp140z_cln28ht_base_ulvt_c30_ssg_cworstt_max_0p81v_125c    slow 
XOR2_X2M_A9PP140ZTL_C30                  2      3.024    sc9mcpp140z_cln28ht_base_lvt_c30_ssg_cworstt_max_0p81v_125c     slow 
XOR2_X2M_A9PP140ZTUL_C30                 6      9.072    sc9mcpp140z_cln28ht_base_ulvt_c30_ssg_cworstt_max_0p81v_125c    slow 
XOR2_X4M_A9PP140ZTUL_C30                 2      5.292    sc9mcpp140z_cln28ht_base_ulvt_c30_ssg_cworstt_max_0p81v_125c    slow 
XOR3_X0P7M_A9PP140ZTL_C30               14     21.168    sc9mcpp140z_cln28ht_base_lvt_c30_ssg_cworstt_max_0p81v_125c     slow 
XOR3_X0P7M_A9PP140ZTUL_C30              72    108.864    sc9mcpp140z_cln28ht_base_ulvt_c30_ssg_cworstt_max_0p81v_125c    slow 
XOR3_X2M_A9PP140ZTUL_C30                10     22.680    sc9mcpp140z_cln28ht_base_ulvt_c30_ssg_cworstt_max_0p81v_125c    slow 
------------------------------------------------------------------------------------------------------------------------------
total                                25336  44087.904                                                                 


                           Library                           Instances    Area   Instances % 
---------------------------------------------------------------------------------------------
sc9mcpp140z_cln28ht_base_lvt_c30_ssg_cworstt_max_0p81v_125c       1995   736.722         7.9 
sc9mcpp140z_cln28ht_base_svt_c30_ssg_cworstt_max_0p81v_125c        108   112.896         0.4 
sc9mcpp140z_cln28ht_base_ulvt_c30_ssg_cworstt_max_0p81v_125c     23107 43160.544        91.2 
sc9mcpp140z_cln28ht_hpk_lvt_c30_ssg_cworstt_max_0p81v_125c           3     1.512         0.0 
sc9mcpp140z_cln28ht_hpk_ulvt_c30_ssg_cworstt_max_0p81v_125c        123    76.230         0.5 

                                          
     Type      Instances    Area   Area % 
------------------------------------------
sequential          7829 21626.388   49.1 
inverter            2778   703.080    1.6 
buffer                 1     0.756    0.0 
logic              14728 21757.680   49.4 
physical_cells         0     0.000    0.0 
------------------------------------------
total              25336 44087.904  100.0 

