 ------------------------------------------------------------------------------------------------------------------------------------------------------ 
| Snapshot                | WNS                  | TNS                  | Density (%) | Hotspot      | Resource               | DRVs       | Layer-OPT |
|                         | HEPG (ns) | ALL (ns) | HEPG (ns) | ALL (ns) |             | Max  | Total | Real (s) | Memory (MB) | Tran | Cap | M8        |
|-------------------------+-----------+----------+-----------+----------+-------------+------+-------+----------+-------------+------+-----+-----------|
| initial_summary         |    -0.019 |   -0.054 |           |      -65 |       87.24 |      |       | 0:00:04  |        5333 |    0 |   0 |           |
| route_type_refinement   |           |          |           |          |             |      |       | 0:00:01  |        5336 |      |     |        34 |
| simplify_netlist        |           |          |           |          |             |      |       | 0:00:03  |        5362 |      |     |           |
| excluded_clk_net_fixing |           |          |           |          |             |      |       | 0:00:00  |        5362 |      |     |           |
| global_opt              |           |   -0.055 |           |      -91 |       87.56 |      |       | 0:00:08  |        5583 |      |     |        34 |
| global_opt_2            |           |   -0.056 |           |      -86 |       88.02 |      |       | 0:00:15  |        5695 |      |     |        34 |
| area_reclaiming         |    -0.036 |   -0.049 |        -3 |      -84 |       85.11 |      |       | 0:00:09  |        5677 |      |     |        34 |
| wns_fixing              |    -0.008 |   -0.051 |        -0 |     -101 |       87.29 |      |       | 0:02:01  |        6588 |      |     |        43 |
| tns_fixing              |    -0.008 |   -0.060 |        -0 |      -63 |       91.37 |      |       | 0:01:14  |        7121 |      |     |        75 |
| area_reclaiming_2       |    -0.007 |   -0.052 |        -0 |      -62 |       90.24 |      |       | 0:00:09  |        6481 |      |     |        81 |
| area_reclaiming_3       |    -0.007 |   -0.044 |        -0 |      -66 |       87.52 |      |       | 0:00:08  |        6466 |      |     |        57 |
| local_wire_reclaim      |           |          |           |          |             |      |       | 0:00:19  |        6462 |      |     |           |
| global_route            |           |          |           |          |             | 0.00 |  0.00 | 0:00:02  |        6240 |      |     |           |
| route_type_refinement_2 |           |          |           |          |             |      |       | 0:00:01  |        6240 |      |     |        57 |
| drv_eco_fixing          |    -0.013 |   -0.051 |        -1 |      -74 |       87.52 |      |       | 0:00:03  |        6308 |    0 |   0 |        57 |
| tns_eco_fixing          |    -0.006 |   -0.045 |        -0 |      -65 |       89.04 |      |       | 0:00:40  |        7144 |      |     |        56 |
| tns_eco_fixing_2        |    -0.006 |   -0.045 |        -0 |      -65 |       89.04 |      |       | 0:00:05  |        6997 |      |     |        56 |
| final_summary           |    -0.005 |   -0.046 |           |      -65 |       89.04 | 0.00 |  0.00 | 0:00:03  |        6352 |    0 |   0 |           |
 ------------------------------------------------------------------------------------------------------------------------------------------------------ 
