###############################################################
#  Generated by:      Cadence Innovus 23.10-p003_1
#  OS:                Linux x86_64(Host ID tc006)
#  Generated on:      Thu Feb 27 19:48:58 2025
#  Design:            pp_int_x4
#  Command:           report_clock_trees -out_file RPT/rclk_full.rpt
###############################################################

Clock DAG stats:
================

----------------------------------------------------------
Cell type                 Count    Area        Capacitance
----------------------------------------------------------
Buffers                      0        0.000       0.000
Inverters                 2813     2606.814       8.690
Integrated Clock Gates       0        0.000       0.000
Discrete Clock Gates         0        0.000       0.000
Clock Logic                  0        0.000       0.000
All                       2813     2606.814       8.690
----------------------------------------------------------

Clock DAG miscellaneous counts:
===============================

------------------------------
Type                     Count
------------------------------
Roots                      1
Preserved Ports            0
Multiple Clock Inputs      0
------------------------------


Clock DAG sink counts:
======================

-------------------------
Sink type           Count
-------------------------
Regular             17792
Enable Latch            0
Load Capacitance        0
Antenna Diode           0
Node Sink               0
Total               17792
-------------------------


Clock DAG wire lengths:
=======================

--------------------
Type     Wire Length
--------------------
Top           0.000
Trunk     15978.835
Leaf      32815.590
Total     48794.425
--------------------


Clock DAG hp wire lengths:
==========================

-----------------------
Type     hp Wire Length
-----------------------
Top            0.000
Trunk      14468.040
Leaf       19227.070
Total      33695.110
-----------------------


Clock DAG capacitances:
=======================

----------------------------------
Type     Gate      Wire     Total
----------------------------------
Top       0.000    0.000     0.000
Trunk     8.690    2.418    11.108
Leaf     23.099    5.619    28.718
Total    31.788    8.037    39.826
----------------------------------


Clock DAG sink capacitances:
============================

------------------------------------------------
Total     Average    Std. Dev.    Min      Max
------------------------------------------------
23.099     0.001       0.001      0.000    0.002
------------------------------------------------


Clock DAG net violations:
=========================

------------------------------------------------------------------------------------------------------------------------------------------------------
Type                    Units    Count    Average    Std. Dev.    Sum      Top 10 violations
------------------------------------------------------------------------------------------------------------------------------------------------------
Remaining Transition    ns        41       0.000       0.000      0.017    [0.001, 0.001, 0.001, 0.001, 0.001, 0.001, 0.001, 0.001, 0.001, 0.001, ...]
------------------------------------------------------------------------------------------------------------------------------------------------------


Clock DAG primary half-corner transition distribution:
======================================================

--------------------------------------------------------------------------------------------------------------------------------------------------------------------------------------------------------------------------------
Net Type    Target    Count    Average    Std. Dev.    Min      Max      Distribution                                                                     Over Target
--------------------------------------------------------------------------------------------------------------------------------------------------------------------------------------------------------------------------------
Trunk       0.025     1093      0.020       0.003      0.008    0.026    {71 <= 0.015ns, 483 <= 0.020ns, 371 <= 0.022ns, 77 <= 0.024ns, 84 <= 0.025ns}    {7 <= 0.026ns, 0 <= 0.028ns, 0 <= 0.030ns, 0 <= 0.037ns, 0 > 0.037ns}
Leaf        0.025     1721      0.023       0.001      0.018    0.026    {0 <= 0.015ns, 11 <= 0.020ns, 766 <= 0.022ns, 532 <= 0.024ns, 378 <= 0.025ns}    {34 <= 0.026ns, 0 <= 0.028ns, 0 <= 0.030ns, 0 <= 0.037ns, 0 > 0.037ns}
--------------------------------------------------------------------------------------------------------------------------------------------------------------------------------------------------------------------------------


Clock DAG library cell distribution:
====================================

-----------------------------------------------------------
Name                        Type        Inst     Inst Area 
                                        Count    (um^2)
-----------------------------------------------------------
INV_X7P5B_A9PP140ZTL_C30    inverter    1078      1222.452
INV_X6B_A9PP140ZTL_C30      inverter    1196      1054.872
INV_X4B_A9PP140ZTL_C30      inverter     499       314.370
INV_X2B_A9PP140ZTL_C30      inverter      40        15.120
-----------------------------------------------------------



Please note that the following tables reflect only the defined clock trees, so the flop counts might not include all flops in your design.

Clock Tree Summary:
===================

-----------------------------------------------------------------------------------------------------------------------
Clock Tree  Clock  Bufs  Invs  Other  Max       Max     Max      Max          Standard   Wire   Gate    Clock Tree Root
Name        Gates              Clock  Non-leaf  Leaf    Length   Source-sink  cell area  cap    cap     
                               Cells  Fanout    Fanout  (um)     Resistance   (um^2)     (pF)   (pF)    
                                                                 (Ohms)                                 
-----------------------------------------------------------------------------------------------------------------------
clk           0     0    2813    0       4        20    129.985    7548.03    2606.814   8.037  31.788  clk
-----------------------------------------------------------------------------------------------------------------------

Clock Sink Summary:
===================

-------------------------------------------------------------------------------------------------------------------------------------------
Clock Tree  Explicit      Implicit      Explicit     Implicit     Explicit   Implicit   Posedge  Negedge  Memory  Enable  Non enable  Other
Name        exclude pins  exclude pins  ignore pins  ignore pins  stop pins  stop pins  Flops    Flops    Clock   Latch   Latch       Sinks
                                                                                                          Pins    Sinks   Sinks       
-------------------------------------------------------------------------------------------------------------------------------------------
clk              0             0             0            0           0          0       17792      0       0       0         0         0
-------------------------------------------------------------------------------------------------------------------------------------------

Summary across all clock trees:
===============================

-------------------------------------------------------------------------------------------------------------
Clock  Bufs  Invs  Other  Max       Average   Max     Average  Max      Max          Standard   Wire   Gate
Gates              Clock  Non-leaf  Non-leaf  Leaf    Leaf     Length   Source-sink  cell area  cap    cap
                   Cells  Fanout    Fanout    Fanout  Fanout   (um)     Resistance   (um^2)     (pF)   (pF)
                                                                        (Ohms)                         
-------------------------------------------------------------------------------------------------------------
  0     0    2813    0       4      2.57365     20    10.3382  129.985    754.803    2606.814   8.037  31.788
-------------------------------------------------------------------------------------------------------------

Clock Sink Summary across all clock trees:
==========================================

-------------------------------------------------------------------------------------------------------------------------------
Explicit      Implicit      Explicit     Implicit     Explicit   Implicit   Posedge  Negedge  Memory  Enable  Non enable  Other
exclude pins  exclude pins  ignore pins  ignore pins  stop pins  stop pins  Flops    Flops    Clock   Latch   Latch       Sinks
                                                                                              Pins    Sinks   Sinks       
-------------------------------------------------------------------------------------------------------------------------------
     0             0             0            0           0          0       17792      0       0       0         0         0
-------------------------------------------------------------------------------------------------------------------------------

Physical metrics across all clock trees:
========================================

-----------------------------------------------------------------------
Metric                               Minimum  Average  Maximum  Std.dev
-----------------------------------------------------------------------
Source-sink routed net length (um)    0.620    10.700  129.985   6.911
Source-sink manhattan distance (um)   0.620     9.820  129.305   6.856
Source-sink resistance (Ohm)         24.505   126.425  754.803  43.868
-----------------------------------------------------------------------

Transition distribution for half-corner delay_corner_wcl_slow:both.late:
========================================================================

--------------------------------------------------------------------------------------------------------------------------------------------------------------------------------------------------------------------------------
Net Type    Target    Count    Average    Std. Dev.    Min      Max      Distribution                                                                     Over Target
--------------------------------------------------------------------------------------------------------------------------------------------------------------------------------------------------------------------------------
Trunk       0.025     1093      0.020       0.003      0.008    0.026    {71 <= 0.015ns, 483 <= 0.020ns, 371 <= 0.022ns, 77 <= 0.024ns, 84 <= 0.025ns}    {7 <= 0.026ns, 0 <= 0.028ns, 0 <= 0.030ns, 0 <= 0.037ns, 0 > 0.037ns}
Leaf        0.025     1721      0.023       0.001      0.018    0.026    {0 <= 0.015ns, 11 <= 0.020ns, 766 <= 0.022ns, 532 <= 0.024ns, 378 <= 0.025ns}    {34 <= 0.026ns, 0 <= 0.028ns, 0 <= 0.030ns, 0 <= 0.037ns, 0 > 0.037ns}
--------------------------------------------------------------------------------------------------------------------------------------------------------------------------------------------------------------------------------

Count of violations across all clock trees:
===========================================

---------------------------------------------------------------------------------------
Clock Tree  # Max capacitance  # Max resistance  # Max length  # Max fanout  # Slew
Name        violations         violations        violations    violations    violations
---------------------------------------------------------------------------------------
clk                 0                 0               0             0           435
---------------------------------------------------------------------------------------
Total               0                 0               0             0           435
---------------------------------------------------------------------------------------

Note the above table per clock tree is based on CCOpt clock tree view. The violations are counted across half corners.

Found a total of 0 clock tree pins with max capacitance violations.
Found a total of 0 clock tree nets with max resistance violations.
Found a total of 0 clock tree nets with max length violations.
Found a total of 0 clock tree nets with max fanout violations.
Found a total of 435 clock tree pins with a slew violation.

Slew violation summary across all clock trees - Top 10 violating pins:
======================================================================

Target and measured clock slews (in ns):

-----------------------------------------------------------------------------------------------------------------------------------
Half corner                      Violation  Slew    Slew      Dont   Ideal  Target    Pin
                                 amount     target  achieved  touch  net?   source    
                                                              net?                    
-----------------------------------------------------------------------------------------------------------------------------------
delay_corner_wcl_slow:both.late    0.001    0.025    0.026    N      N      explicit  u_int_pp_3/Delay_Pipeline_reg_im_reg[3][9]/CK
delay_corner_wcl_slow:both.late    0.001    0.025    0.026    N      N      explicit  u_int_pp_3/Delay_Pipeline_reg_im_reg[4][8]/CK
delay_corner_wcl_slow:both.late    0.001    0.025    0.026    N      N      explicit  u_int_pp_3/Delay_Pipeline_reg_im_reg[4][9]/CK
delay_corner_wcl_slow:both.late    0.001    0.025    0.026    N      N      explicit  u_int_pp_3/Delay_Pipeline_reg_im_reg[5][7]/CK
delay_corner_wcl_slow:both.late    0.001    0.025    0.026    N      N      explicit  u_int_pp_3/Delay_Pipeline_reg_im_reg[5][8]/CK
delay_corner_wcl_slow:both.late    0.001    0.025    0.026    N      N      explicit  u_int_pp_3/sum2_16_im_1_reg[6]/CK
delay_corner_wcl_slow:both.late    0.001    0.025    0.026    N      N      explicit  u_int_pp_3/sum2_16_im_1_reg[8]/CK
delay_corner_wcl_slow:both.late    0.001    0.025    0.026    N      N      explicit  u_int_pp_3/sum2_16_im_1_reg[9]/CK
delay_corner_wcl_slow:both.late    0.001    0.025    0.026    N      N      explicit  u_int_pp_3/sum2_16_im_1_reg[10]/CK
delay_corner_wcl_slow:both.late    0.001    0.025    0.026    N      N      explicit  u_int_pp_3/CTS_ccl_a_inv_01050/Y
-----------------------------------------------------------------------------------------------------------------------------------

Target sources:
auto extracted - target was extracted from SDC.
auto computed - target was computed when balancing trees.
explicit - target is explicitly set via cts_target_max_transition_time attribute.
pin explicit - target is explicitly set for this pin via cts_pin_target_max_transition_time attribute.
liberty explicit - target is explicitly set via max_transition from liberty library.

Found 0 pins on nets marked dont_touch that have slew violations.
Found 0 pins on nets marked dont_touch that do not have slew violations.
Found 0 pins on nets marked ideal_network that have slew violations.
Found 0 pins on nets marked ideal_network that do not have slew violations.


Report for clock tree: clk:
===========================

Clock Tree Gating Structure (Logical):

# Full cycle clock gates   : 0
Minimum clock gating depth : 0
Maximum clock gating depth : 0
Clock gate area (um^2)     : 0.000

Clock Tree Buffering Structure (Logical):

# Buffers             :    0
# Inverters           : 2813
  Total               : 2813
Minimum depth         :   16
Maximum depth         :   20
Buffering area (um^2) : 2606.814

Clock Tree Level Structure (Logical):

-----------------------------------------------------------------
Level  Full   Posedge  Negedge  Memory  Enable  Non enable  Other
       Cycle  Flops    Flops    Clock   Latch   Latch       Sinks
                                Pins    Sinks   Sinks       
-----------------------------------------------------------------
root     0     17792      0       0       0         0         0
-----------------------------------------------------------------
Total    0     17792      0       0       0         0         0
-----------------------------------------------------------------

Target and measured clock slews (in ns):

----------------------------------------------------------------------------------------------------------------------------------------------
Timing Corner                        Worst Rising  Worst Falling  Worst Rising  Worst Falling  Leaf Slew    Leaf Slew  Trunk Slew   Trunk Slew
                                     Leaf Slew     Leaf Slew      Trunk Slew    Trunk Slew     Target Type  Target     Target Type  Target
----------------------------------------------------------------------------------------------------------------------------------------------
delay_corner_wcl_fast:both.early        0.013          0.016         0.013          0.016      ignored          -      ignored          -
delay_corner_wcl_fast:both.late         0.013          0.016         0.013          0.016      ignored          -      ignored          -
delay_corner_wcl_slow:both.early        0.022          0.026         0.021          0.026      ignored          -      ignored          -
delay_corner_wcl_slow:both.late         0.022          0.026         0.021          0.026      explicit     *0.025     explicit     *0.025
delay_corner_wcl_typical:both.early     0.016          0.020         0.016          0.020      ignored          -      ignored          -
delay_corner_wcl_typical:both.late      0.016          0.020         0.016          0.020      ignored          -      ignored          -
----------------------------------------------------------------------------------------------------------------------------------------------

* - indicates that target was not met.

auto extracted - target was extracted from SDC.
auto computed - target was computed when balancing trees.

