###############################################################
#  Generated by:      Cadence Innovus 23.10-p003_1
#  OS:                Linux x86_64(Host ID tc006)
#  Generated on:      Thu Feb 27 19:48:59 2025
#  Design:            pp_int_x4
#  Command:           report_skew_groups -out_file RPT/rskg_full.rpt
###############################################################

Skew Group Structure:
=====================

---------------------------------------------------------------------------------
Skew Group                    Sources    Constrained Sinks    Unconstrained Sinks
---------------------------------------------------------------------------------
clk/functional_wcl_typical       1             17792                   0
---------------------------------------------------------------------------------

Skew Group Summary:
===================

------------------------------------------------------------------------------------------------------------------------------------------------------------------------------------------------
Timing Corner                          Skew Group                    ID Target    Min ID    Max ID    Avg ID    Std.Dev. ID    Skew Target Type    Skew Target    Skew     Skew window occupancy
------------------------------------------------------------------------------------------------------------------------------------------------------------------------------------------------
delay_corner_wcl_slow:both.early       clk/functional_wcl_typical        -        0.199     0.234     0.210        0.004       ignored                  -         0.036              -
delay_corner_wcl_slow:both.late        clk/functional_wcl_typical    *0.200       0.201     0.236     0.212        0.004       explicit            *0.010         0.035    87.6% {0.205, 0.215}
delay_corner_wcl_fast:both.early       clk/functional_wcl_typical        -        0.114     0.138     0.121        0.003       ignored                  -         0.023              -
delay_corner_wcl_fast:both.late        clk/functional_wcl_typical        -        0.117     0.140     0.124        0.003       ignored                  -         0.023              -
delay_corner_wcl_typical:both.early    clk/functional_wcl_typical        -        0.149     0.177     0.158        0.003       ignored                  -         0.028              -
delay_corner_wcl_typical:both.late     clk/functional_wcl_typical        -        0.152     0.180     0.160        0.003       ignored                  -         0.028              -
------------------------------------------------------------------------------------------------------------------------------------------------------------------------------------------------

* - indicates that target was not met.

Skew Group Min/Max path pins:
=============================

---------------------------------------------------------------------------------------------------------
Timing Corner                          Skew Group                    Min ID    PathID    Max ID    PathID
---------------------------------------------------------------------------------------------------------
delay_corner_wcl_slow:both.early       clk/functional_wcl_typical    0.199        1      0.234        2
-    min u_int_pp_3/sum3_3_re_1_reg[1]/CK
-    max u_int_pp_2_sum1_23_im_1_reg[13]/CK
delay_corner_wcl_slow:both.late        clk/functional_wcl_typical    0.201        3      0.236        4
-    min u_int_pp_3/sum3_3_re_1_reg[1]/CK
-    max u_int_pp_2_sum1_23_im_1_reg[13]/CK
delay_corner_wcl_fast:both.early       clk/functional_wcl_typical    0.114        5      0.138        6
-    min u_int_pp_3/Delay_Pipeline_reg_re_reg[38][9]/CK
-    max u_int_pp_2_sum1_25_im_1_reg[19]/CK
delay_corner_wcl_fast:both.late        clk/functional_wcl_typical    0.117        7      0.140        8
-    min u_int_pp_3/sum3_3_re_1_reg[15]/CK
-    max u_int_pp_2_sum1_25_im_1_reg[19]/CK
delay_corner_wcl_typical:both.early    clk/functional_wcl_typical    0.149        9      0.177       10
-    min u_int_pp_3/sum3_3_re_1_reg[1]/CK
-    max u_int_pp_2_sum1_23_im_1_reg[13]/CK
delay_corner_wcl_typical:both.late     clk/functional_wcl_typical    0.152       11      0.180       12
-    min u_int_pp_3/sum3_3_re_1_reg[1]/CK
-    max u_int_pp_2_sum1_23_im_1_reg[13]/CK
---------------------------------------------------------------------------------------------------------

Timing for timing corner delay_corner_wcl_slow:both.early, min clock_path:
==========================================================================

PathID    : 1
Path type : skew group clk/functional_wcl_typical (path 1 of 1)
Start     : clk
End       : u_int_pp_3/sum3_3_re_1_reg[1]/CK
Delay     : 0.199

-----------------------------------------------------------------------------------------------------------------
Name  Lib cell                   Event  Incr   Arrival  Slew   Cap    Location           Distance  Fanout  Status
                                        (ns)   (ns)     (ns)   (pF)                      (um)              
-- Clockpath trace ----------------------------------------------------------------------------------------------
clk
-     -                          rise   -       0.000   0.004  0.018  (411.275,286.000)  -            1    
CTS_ccl_inv_02775/A
-     INV_X7P5B_A9PP140ZTL_C30   rise   0.007   0.007   0.014  -      (348.320,219.650)  129.305   -       
CTS_ccl_inv_02775/Y
-     INV_X7P5B_A9PP140ZTL_C30   fall   0.007   0.014   0.010  0.005  (348.180,219.850)    0.340      1    
CTS_ccl_a_inv_02774/A
-     INV_X7P5B_A9PP140ZTL_C30   fall   0.000   0.014   0.010  -      (346.080,216.950)    5.000   -       
CTS_ccl_a_inv_02774/Y
-     INV_X7P5B_A9PP140ZTL_C30   rise   0.008   0.023   0.014  0.014  (345.940,216.750)    0.340      2    
CTS_ccl_inv_02773/A
-     INV_X7P5B_A9PP140ZTL_C30   rise   0.004   0.027   0.016  -      (279.580,213.350)   69.760   -       
CTS_ccl_inv_02773/Y
-     INV_X7P5B_A9PP140ZTL_C30   fall   0.008   0.035   0.011  0.005  (279.440,213.150)    0.340      1    
CTS_ccl_inv_02771/A
-     INV_X7P5B_A9PP140ZTL_C30   fall   0.000   0.036   0.011  -      (271.320,211.550)    9.720   -       
CTS_ccl_inv_02771/Y
-     INV_X7P5B_A9PP140ZTL_C30   rise   0.009   0.045   0.014  0.014  (271.180,211.350)    0.340      1    
CTS_ccl_inv_02769/A
-     INV_X7P5B_A9PP140ZTL_C30   rise   0.004   0.049   0.017  -      (187.040,211.550)   84.340   -       
CTS_ccl_inv_02769/Y
-     INV_X7P5B_A9PP140ZTL_C30   fall   0.011   0.060   0.016  0.010  (187.180,211.350)    0.340      2    
CTS_ccl_inv_02767/A
-     INV_X4B_A9PP140ZTL_C30     fall   0.002   0.062   0.017  -      (148.960,211.550)   38.420   -       
CTS_ccl_inv_02767/Y
-     INV_X4B_A9PP140ZTL_C30     rise   0.011   0.073   0.013  0.006  (149.100,211.350)    0.340      1    
CTS_ccl_inv_02763/A
-     INV_X6B_A9PP140ZTL_C30     rise   0.001   0.073   0.013  -      (141.820,223.250)   19.180   -       
CTS_ccl_inv_02763/Y
-     INV_X6B_A9PP140ZTL_C30     fall   0.012   0.085   0.017  0.010  (141.680,223.450)    0.340      2    
CTS_ccl_inv_02758/A
-     INV_X6B_A9PP140ZTL_C30     fall   0.001   0.086   0.017  -      (121.660,225.050)   21.620   -       
CTS_ccl_inv_02758/Y
-     INV_X6B_A9PP140ZTL_C30     rise   0.011   0.097   0.013  0.009  (121.520,225.250)    0.340      2    
CTS_ccl_inv_02749/A
-     INV_X6B_A9PP140ZTL_C30     rise   0.001   0.098   0.013  -      (106.680,224.150)   15.940   -       
CTS_ccl_inv_02749/Y
-     INV_X6B_A9PP140ZTL_C30     fall   0.011   0.108   0.016  0.008  (106.820,223.950)    0.340      1    
CTS_ccl_inv_02738/A
-     INV_X6B_A9PP140ZTL_C30     fall   0.002   0.110   0.016  -      (106.680,186.350)   37.740   -       
CTS_ccl_inv_02738/Y
-     INV_X6B_A9PP140ZTL_C30     rise   0.011   0.121   0.015  0.011  (106.820,186.150)    0.340      2    
u_int_pp_3/CTS_ccl_a_inv_02717/A
-     INV_X6B_A9PP140ZTL_C30     rise   0.002   0.123   0.015  -      (60.900,186.350)    46.120   -       
u_int_pp_3/CTS_ccl_a_inv_02717/Y
-     INV_X6B_A9PP140ZTL_C30     fall   0.012   0.135   0.016  0.009  (60.760,186.150)     0.340      2    
u_int_pp_3/CTS_ccl_a_inv_02681/A
-     INV_X4B_A9PP140ZTL_C30     fall   0.001   0.136   0.016  -      (57.120,186.350)     3.840   -       
u_int_pp_3/CTS_ccl_a_inv_02681/Y
-     INV_X4B_A9PP140ZTL_C30     rise   0.011   0.147   0.013  0.006  (56.980,186.150)     0.340      2    
u_int_pp_3/CTS_ccl_a_inv_02618/A
-     INV_X4B_A9PP140ZTL_C30     rise   0.000   0.147   0.013  -      (43.960,184.550)    14.620   -       
u_int_pp_3/CTS_ccl_a_inv_02618/Y
-     INV_X4B_A9PP140ZTL_C30     fall   0.011   0.159   0.015  0.006  (43.820,184.350)     0.340      2    
u_int_pp_3/CTS_ccl_a_inv_02464/A
-     INV_X6B_A9PP140ZTL_C30     fall   0.000   0.159   0.015  -      (41.860,185.450)     3.060   -       
u_int_pp_3/CTS_ccl_a_inv_02464/Y
-     INV_X6B_A9PP140ZTL_C30     rise   0.011   0.170   0.014  0.010  (41.720,185.650)     0.340      3    
u_int_pp_3/CTS_ccl_a_inv_02053/A
-     INV_X4B_A9PP140ZTL_C30     rise   0.001   0.171   0.014  -      (39.340,195.350)    12.080   -       
u_int_pp_3/CTS_ccl_a_inv_02053/Y
-     INV_X4B_A9PP140ZTL_C30     fall   0.012   0.183   0.017  0.007  (39.480,195.150)     0.340      2    
u_int_pp_3/CTS_ccl_a_inv_01021/A
-     INV_X6B_A9PP140ZTL_C30     fall   0.000   0.183   0.017  -      (43.960,194.450)     5.180   -       
u_int_pp_3/CTS_ccl_a_inv_01021/Y
-     INV_X6B_A9PP140ZTL_C30     rise   0.015   0.198   0.019  0.016  (43.820,194.650)     0.340     11    
u_int_pp_3/sum3_3_re_1_reg[1]/CK
-     DFFRPQ_X2M_A9PP140ZTL_C30  rise   0.000   0.199   0.019  -      (42.420,196.250)     3.000   -       
-----------------------------------------------------------------------------------------------------------------

Timing for timing corner delay_corner_wcl_slow:both.early, max clock_path:
==========================================================================

PathID    : 2
Path type : skew group clk/functional_wcl_typical (path 1 of 1)
Start     : clk
End       : u_int_pp_2_Delay_Pipeline_reg_im_reg[17][1]/CK
Delay     : 0.234

------------------------------------------------------------------------------------------------------------------
Name  Lib cell                    Event  Incr   Arrival  Slew   Cap    Location           Distance  Fanout  Status
                                         (ns)   (ns)     (ns)   (pF)                      (um)              
-- Clockpath trace -----------------------------------------------------------------------------------------------
clk
-     -                           rise   -       0.000   0.004  0.018  (411.275,286.000)  -            1    
CTS_ccl_inv_02775/A
-     INV_X7P5B_A9PP140ZTL_C30    rise   0.007   0.007   0.014  -      (348.320,219.650)  129.305   -       
CTS_ccl_inv_02775/Y
-     INV_X7P5B_A9PP140ZTL_C30    fall   0.007   0.014   0.010  0.005  (348.180,219.850)    0.340      1    
CTS_ccl_a_inv_02774/A
-     INV_X7P5B_A9PP140ZTL_C30    fall   0.000   0.014   0.010  -      (346.080,216.950)    5.000   -       
CTS_ccl_a_inv_02774/Y
-     INV_X7P5B_A9PP140ZTL_C30    rise   0.008   0.023   0.014  0.014  (345.940,216.750)    0.340      2    
CTS_idc_inv_02797/A
-     INV_X4B_A9PP140ZTL_C30      rise   0.004   0.027   0.016  -      (293.160,213.350)   56.180   -       
CTS_idc_inv_02797/Y
-     INV_X4B_A9PP140ZTL_C30      fall   0.009   0.036   0.012  0.003  (293.020,213.150)    0.340      1    
CTS_ccl_inv_02772/A
-     INV_X6B_A9PP140ZTL_C30      fall   0.000   0.036   0.012  -      (293.020,211.550)    1.600   -       
CTS_ccl_inv_02772/Y
-     INV_X6B_A9PP140ZTL_C30      rise   0.009   0.045   0.013  0.010  (293.160,211.350)    0.340      1    
CTS_ccl_inv_02770/A
-     INV_X6B_A9PP140ZTL_C30      rise   0.002   0.048   0.014  -      (300.580,164.750)   54.020   -       
CTS_ccl_inv_02770/Y
-     INV_X6B_A9PP140ZTL_C30      fall   0.009   0.057   0.013  0.006  (300.720,164.550)    0.340      2    
CTS_ccl_a_inv_02768/A
-     INV_X6B_A9PP140ZTL_C30      fall   0.000   0.057   0.013  -      (305.480,155.750)   13.560   -       
CTS_ccl_a_inv_02768/Y
-     INV_X6B_A9PP140ZTL_C30      rise   0.010   0.067   0.013  0.010  (305.620,155.550)    0.340      1    
CTS_ccl_inv_02765/A
-     INV_X6B_A9PP140ZTL_C30      rise   0.002   0.069   0.014  -      (305.620,105.350)   50.200   -       
CTS_ccl_inv_02765/Y
-     INV_X6B_A9PP140ZTL_C30      fall   0.011   0.079   0.014  0.007  (305.760,105.150)    0.340      2    
CTS_ccl_inv_02761/A
-     INV_X4B_A9PP140ZTL_C30      fall   0.000   0.080   0.014  -      (305.200,99.050)     6.660   -       
CTS_ccl_inv_02761/Y
-     INV_X4B_A9PP140ZTL_C30      rise   0.012   0.092   0.017  0.009  (305.060,99.250)     0.340      1    
CTS_ccl_inv_02755/A
-     INV_X7P5B_A9PP140ZTL_C30    rise   0.002   0.094   0.018  -      (303.520,58.550)    42.240   -       
CTS_ccl_inv_02755/Y
-     INV_X7P5B_A9PP140ZTL_C30    fall   0.013   0.108   0.021  0.014  (303.660,58.350)     0.340      2    
CTS_ccl_inv_02742/A
-     INV_X7P5B_A9PP140ZTL_C30    fall   0.001   0.108   0.021  -      (303.520,56.750)     1.740   -       
CTS_ccl_inv_02742/Y
-     INV_X7P5B_A9PP140ZTL_C30    rise   0.011   0.120   0.016  0.013  (303.660,56.550)     0.340      2    
CTS_ccl_a_inv_02723/A
-     INV_X4B_A9PP140ZTL_C30      rise   0.001   0.121   0.016  -      (303.660,63.050)     6.500   -       
CTS_ccl_a_inv_02723/Y
-     INV_X4B_A9PP140ZTL_C30      fall   0.013   0.134   0.018  0.007  (303.520,63.250)     0.340      2    
CTS_ccl_a_inv_02666/A
-     INV_X4B_A9PP140ZTL_C30      fall   0.000   0.134   0.018  -      (303.380,83.750)    20.640   -       
CTS_ccl_a_inv_02666/Y
-     INV_X4B_A9PP140ZTL_C30      rise   0.013   0.147   0.016  0.008  (303.520,83.550)     0.340      2    
CTS_ccl_a_inv_02577/A
-     INV_X4B_A9PP140ZTL_C30      rise   0.001   0.148   0.016  -      (302.820,109.850)   27.000   -       
CTS_ccl_a_inv_02577/Y
-     INV_X4B_A9PP140ZTL_C30      fall   0.006   0.154   0.008  0.001  (302.680,110.050)    0.340      1    
FE_USKC7564_CTS_971/A
-     INV_X2B_A9PP140ZTL_C30      fall   0.000   0.154   0.008  -      (301.700,110.750)    1.680   -       
FE_USKC7564_CTS_971/Y
-     INV_X2B_A9PP140ZTL_C30      rise   0.006   0.160   0.007  0.001  (301.560,110.950)    0.340      1    
FE_USKC7565_CTS_971/A
-     INV_X2B_A9PP140ZTL_C30      rise   0.000   0.160   0.007  -      (301.280,111.650)    0.980   -       
FE_USKC7565_CTS_971/Y
-     INV_X2B_A9PP140ZTL_C30      fall   0.013   0.173   0.020  0.005  (301.420,111.450)    0.340      2    
CTS_ccl_a_inv_02358/A
-     INV_X2B_A9PP140ZTL_C30      fall   0.000   0.173   0.020  -      (302.260,119.750)    9.140   -       
CTS_ccl_a_inv_02358/Y
-     INV_X2B_A9PP140ZTL_C30      rise   0.011   0.184   0.012  0.002  (302.400,119.950)    0.340      1    
FE_USKC7556_CTS_962/A
-     INV_X4B_A9PP140ZTL_C30      rise   0.000   0.184   0.012  -      (302.400,121.550)    1.600   -       
FE_USKC7556_CTS_962/Y
-     INV_X4B_A9PP140ZTL_C30      fall   0.007   0.191   0.009  0.002  (302.260,121.350)    0.340      1    
FE_USKC7557_CTS_962/A
-     INV_X4B_A9PP140ZTL_C30      fall   0.000   0.191   0.009  -      (303.100,121.550)    1.040   -       
FE_USKC7557_CTS_962/Y
-     INV_X4B_A9PP140ZTL_C30      rise   0.009   0.199   0.011  0.006  (303.240,121.350)    0.340      2    
CTS_ccl_a_inv_01842/A
-     INV_X4B_A9PP140ZTL_C30      rise   0.000   0.199   0.011  -      (307.580,123.350)    6.340   -       
CTS_ccl_a_inv_01842/Y
-     INV_X4B_A9PP140ZTL_C30      fall   0.016   0.216   0.024  0.011  (307.720,123.150)    0.340      3    
CTS_ccl_a_inv_00375/A
-     INV_X6B_A9PP140ZTL_C30      fall   0.001   0.216   0.024  -      (310.100,127.850)    7.080   -       
CTS_ccl_a_inv_00375/Y
-     INV_X6B_A9PP140ZTL_C30      rise   0.017   0.233   0.021  0.017  (309.960,128.050)    0.340     11    
u_int_pp_2_Delay_Pipeline_reg_im_reg[17][1]/CK
-     DFFRPQA_X1M_A9PP140ZTL_C30  rise   0.001   0.234   0.021  -      (308.940,133.350)    6.320   -       
------------------------------------------------------------------------------------------------------------------

Timing for timing corner delay_corner_wcl_slow:both.late, min clock_path:
=========================================================================

PathID    : 3
Path type : skew group clk/functional_wcl_typical (path 1 of 1)
Start     : clk
End       : u_int_pp_3/sum3_3_re_1_reg[1]/CK
Delay     : 0.201

-----------------------------------------------------------------------------------------------------------------
Name  Lib cell                   Event  Incr   Arrival  Slew   Cap    Location           Distance  Fanout  Status
                                        (ns)   (ns)     (ns)   (pF)                      (um)              
-- Clockpath trace ----------------------------------------------------------------------------------------------
clk
-     -                          rise   -       0.000   0.004  0.018  (411.275,286.000)  -            1    
CTS_ccl_inv_02775/A
-     INV_X7P5B_A9PP140ZTL_C30   rise   0.007   0.007   0.014  -      (348.320,219.650)  129.305   -       
CTS_ccl_inv_02775/Y
-     INV_X7P5B_A9PP140ZTL_C30   fall   0.007   0.014   0.010  0.005  (348.180,219.850)    0.340      1    
CTS_ccl_a_inv_02774/A
-     INV_X7P5B_A9PP140ZTL_C30   fall   0.000   0.015   0.010  -      (346.080,216.950)    5.000   -       
CTS_ccl_a_inv_02774/Y
-     INV_X7P5B_A9PP140ZTL_C30   rise   0.008   0.023   0.014  0.014  (345.940,216.750)    0.340      2    
CTS_ccl_inv_02773/A
-     INV_X7P5B_A9PP140ZTL_C30   rise   0.004   0.027   0.016  -      (279.580,213.350)   69.760   -       
CTS_ccl_inv_02773/Y
-     INV_X7P5B_A9PP140ZTL_C30   fall   0.008   0.036   0.011  0.005  (279.440,213.150)    0.340      1    
CTS_ccl_inv_02771/A
-     INV_X7P5B_A9PP140ZTL_C30   fall   0.001   0.036   0.011  -      (271.320,211.550)    9.720   -       
CTS_ccl_inv_02771/Y
-     INV_X7P5B_A9PP140ZTL_C30   rise   0.009   0.045   0.014  0.014  (271.180,211.350)    0.340      1    
CTS_ccl_inv_02769/A
-     INV_X7P5B_A9PP140ZTL_C30   rise   0.004   0.050   0.017  -      (187.040,211.550)   84.340   -       
CTS_ccl_inv_02769/Y
-     INV_X7P5B_A9PP140ZTL_C30   fall   0.011   0.060   0.016  0.010  (187.180,211.350)    0.340      2    
CTS_ccl_inv_02767/A
-     INV_X4B_A9PP140ZTL_C30     fall   0.002   0.062   0.017  -      (148.960,211.550)   38.420   -       
CTS_ccl_inv_02767/Y
-     INV_X4B_A9PP140ZTL_C30     rise   0.011   0.073   0.013  0.006  (149.100,211.350)    0.340      1    
CTS_ccl_inv_02763/A
-     INV_X6B_A9PP140ZTL_C30     rise   0.001   0.074   0.013  -      (141.820,223.250)   19.180   -       
CTS_ccl_inv_02763/Y
-     INV_X6B_A9PP140ZTL_C30     fall   0.012   0.086   0.017  0.010  (141.680,223.450)    0.340      2    
CTS_ccl_inv_02758/A
-     INV_X6B_A9PP140ZTL_C30     fall   0.001   0.088   0.017  -      (121.660,225.050)   21.620   -       
CTS_ccl_inv_02758/Y
-     INV_X6B_A9PP140ZTL_C30     rise   0.011   0.098   0.013  0.009  (121.520,225.250)    0.340      2    
CTS_ccl_inv_02749/A
-     INV_X6B_A9PP140ZTL_C30     rise   0.001   0.099   0.013  -      (106.680,224.150)   15.940   -       
CTS_ccl_inv_02749/Y
-     INV_X6B_A9PP140ZTL_C30     fall   0.011   0.110   0.016  0.008  (106.820,223.950)    0.340      1    
CTS_ccl_inv_02738/A
-     INV_X6B_A9PP140ZTL_C30     fall   0.002   0.111   0.016  -      (106.680,186.350)   37.740   -       
CTS_ccl_inv_02738/Y
-     INV_X6B_A9PP140ZTL_C30     rise   0.011   0.123   0.015  0.011  (106.820,186.150)    0.340      2    
u_int_pp_3/CTS_ccl_a_inv_02717/A
-     INV_X6B_A9PP140ZTL_C30     rise   0.002   0.125   0.015  -      (60.900,186.350)    46.120   -       
u_int_pp_3/CTS_ccl_a_inv_02717/Y
-     INV_X6B_A9PP140ZTL_C30     fall   0.012   0.137   0.016  0.009  (60.760,186.150)     0.340      2    
u_int_pp_3/CTS_ccl_a_inv_02681/A
-     INV_X4B_A9PP140ZTL_C30     fall   0.001   0.137   0.016  -      (57.120,186.350)     3.840   -       
u_int_pp_3/CTS_ccl_a_inv_02681/Y
-     INV_X4B_A9PP140ZTL_C30     rise   0.011   0.148   0.013  0.006  (56.980,186.150)     0.340      2    
u_int_pp_3/CTS_ccl_a_inv_02618/A
-     INV_X4B_A9PP140ZTL_C30     rise   0.001   0.149   0.013  -      (43.960,184.550)    14.620   -       
u_int_pp_3/CTS_ccl_a_inv_02618/Y
-     INV_X4B_A9PP140ZTL_C30     fall   0.011   0.160   0.015  0.006  (43.820,184.350)     0.340      2    
u_int_pp_3/CTS_ccl_a_inv_02464/A
-     INV_X6B_A9PP140ZTL_C30     fall   0.000   0.161   0.015  -      (41.860,185.450)     3.060   -       
u_int_pp_3/CTS_ccl_a_inv_02464/Y
-     INV_X6B_A9PP140ZTL_C30     rise   0.011   0.172   0.014  0.010  (41.720,185.650)     0.340      3    
u_int_pp_3/CTS_ccl_a_inv_02053/A
-     INV_X4B_A9PP140ZTL_C30     rise   0.001   0.173   0.014  -      (39.340,195.350)    12.080   -       
u_int_pp_3/CTS_ccl_a_inv_02053/Y
-     INV_X4B_A9PP140ZTL_C30     fall   0.012   0.185   0.017  0.007  (39.480,195.150)     0.340      2    
u_int_pp_3/CTS_ccl_a_inv_01021/A
-     INV_X6B_A9PP140ZTL_C30     fall   0.000   0.185   0.017  -      (43.960,194.450)     5.180   -       
u_int_pp_3/CTS_ccl_a_inv_01021/Y
-     INV_X6B_A9PP140ZTL_C30     rise   0.015   0.200   0.019  0.016  (43.820,194.650)     0.340     11    
u_int_pp_3/sum3_3_re_1_reg[1]/CK
-     DFFRPQ_X2M_A9PP140ZTL_C30  rise   0.000   0.201   0.019  -      (42.420,196.250)     3.000   -       
-----------------------------------------------------------------------------------------------------------------

Timing for timing corner delay_corner_wcl_slow:both.late, max clock_path:
=========================================================================

PathID    : 4
Path type : skew group clk/functional_wcl_typical (path 1 of 1)
Start     : clk
End       : u_int_pp_2_Delay_Pipeline_reg_im_reg[17][1]/CK
Delay     : 0.236

------------------------------------------------------------------------------------------------------------------
Name  Lib cell                    Event  Incr   Arrival  Slew   Cap    Location           Distance  Fanout  Status
                                         (ns)   (ns)     (ns)   (pF)                      (um)              
-- Clockpath trace -----------------------------------------------------------------------------------------------
clk
-     -                           rise   -       0.000   0.004  0.018  (411.275,286.000)  -            1    
CTS_ccl_inv_02775/A
-     INV_X7P5B_A9PP140ZTL_C30    rise   0.007   0.007   0.014  -      (348.320,219.650)  129.305   -       
CTS_ccl_inv_02775/Y
-     INV_X7P5B_A9PP140ZTL_C30    fall   0.007   0.014   0.010  0.005  (348.180,219.850)    0.340      1    
CTS_ccl_a_inv_02774/A
-     INV_X7P5B_A9PP140ZTL_C30    fall   0.000   0.015   0.010  -      (346.080,216.950)    5.000   -       
CTS_ccl_a_inv_02774/Y
-     INV_X7P5B_A9PP140ZTL_C30    rise   0.008   0.023   0.014  0.014  (345.940,216.750)    0.340      2    
CTS_idc_inv_02797/A
-     INV_X4B_A9PP140ZTL_C30      rise   0.004   0.027   0.016  -      (293.160,213.350)   56.180   -       
CTS_idc_inv_02797/Y
-     INV_X4B_A9PP140ZTL_C30      fall   0.009   0.036   0.012  0.003  (293.020,213.150)    0.340      1    
CTS_ccl_inv_02772/A
-     INV_X6B_A9PP140ZTL_C30      fall   0.000   0.036   0.012  -      (293.020,211.550)    1.600   -       
CTS_ccl_inv_02772/Y
-     INV_X6B_A9PP140ZTL_C30      rise   0.009   0.046   0.013  0.010  (293.160,211.350)    0.340      1    
CTS_ccl_inv_02770/A
-     INV_X6B_A9PP140ZTL_C30      rise   0.002   0.048   0.014  -      (300.580,164.750)   54.020   -       
CTS_ccl_inv_02770/Y
-     INV_X6B_A9PP140ZTL_C30      fall   0.009   0.057   0.013  0.006  (300.720,164.550)    0.340      2    
CTS_ccl_a_inv_02768/A
-     INV_X6B_A9PP140ZTL_C30      fall   0.001   0.058   0.013  -      (305.480,155.750)   13.560   -       
CTS_ccl_a_inv_02768/Y
-     INV_X6B_A9PP140ZTL_C30      rise   0.010   0.068   0.013  0.010  (305.620,155.550)    0.340      1    
CTS_ccl_inv_02765/A
-     INV_X6B_A9PP140ZTL_C30      rise   0.002   0.070   0.014  -      (305.620,105.350)   50.200   -       
CTS_ccl_inv_02765/Y
-     INV_X6B_A9PP140ZTL_C30      fall   0.011   0.080   0.014  0.007  (305.760,105.150)    0.340      2    
CTS_ccl_inv_02761/A
-     INV_X4B_A9PP140ZTL_C30      fall   0.000   0.081   0.014  -      (305.200,99.050)     6.660   -       
CTS_ccl_inv_02761/Y
-     INV_X4B_A9PP140ZTL_C30      rise   0.012   0.093   0.017  0.009  (305.060,99.250)     0.340      1    
CTS_ccl_inv_02755/A
-     INV_X7P5B_A9PP140ZTL_C30    rise   0.002   0.095   0.018  -      (303.520,58.550)    42.240   -       
CTS_ccl_inv_02755/Y
-     INV_X7P5B_A9PP140ZTL_C30    fall   0.013   0.108   0.021  0.014  (303.660,58.350)     0.340      2    
CTS_ccl_inv_02742/A
-     INV_X7P5B_A9PP140ZTL_C30    fall   0.001   0.109   0.021  -      (303.520,56.750)     1.740   -       
CTS_ccl_inv_02742/Y
-     INV_X7P5B_A9PP140ZTL_C30    rise   0.011   0.121   0.016  0.013  (303.660,56.550)     0.340      2    
CTS_ccl_a_inv_02723/A
-     INV_X4B_A9PP140ZTL_C30      rise   0.001   0.121   0.016  -      (303.660,63.050)     6.500   -       
CTS_ccl_a_inv_02723/Y
-     INV_X4B_A9PP140ZTL_C30      fall   0.013   0.134   0.018  0.007  (303.520,63.250)     0.340      2    
CTS_ccl_a_inv_02666/A
-     INV_X4B_A9PP140ZTL_C30      fall   0.001   0.135   0.018  -      (303.380,83.750)    20.640   -       
CTS_ccl_a_inv_02666/Y
-     INV_X4B_A9PP140ZTL_C30      rise   0.013   0.148   0.016  0.008  (303.520,83.550)     0.340      2    
CTS_ccl_a_inv_02577/A
-     INV_X4B_A9PP140ZTL_C30      rise   0.001   0.149   0.016  -      (302.820,109.850)   27.000   -       
CTS_ccl_a_inv_02577/Y
-     INV_X4B_A9PP140ZTL_C30      fall   0.006   0.155   0.008  0.001  (302.680,110.050)    0.340      1    
FE_USKC7564_CTS_971/A
-     INV_X2B_A9PP140ZTL_C30      fall   0.000   0.155   0.008  -      (301.700,110.750)    1.680   -       
FE_USKC7564_CTS_971/Y
-     INV_X2B_A9PP140ZTL_C30      rise   0.006   0.161   0.007  0.001  (301.560,110.950)    0.340      1    
FE_USKC7565_CTS_971/A
-     INV_X2B_A9PP140ZTL_C30      rise   0.000   0.161   0.007  -      (301.280,111.650)    0.980   -       
FE_USKC7565_CTS_971/Y
-     INV_X2B_A9PP140ZTL_C30      fall   0.013   0.174   0.020  0.005  (301.420,111.450)    0.340      2    
CTS_ccl_a_inv_02358/A
-     INV_X2B_A9PP140ZTL_C30      fall   0.000   0.175   0.020  -      (302.260,119.750)    9.140   -       
CTS_ccl_a_inv_02358/Y
-     INV_X2B_A9PP140ZTL_C30      rise   0.011   0.185   0.012  0.002  (302.400,119.950)    0.340      1    
FE_USKC7556_CTS_962/A
-     INV_X4B_A9PP140ZTL_C30      rise   0.000   0.185   0.012  -      (302.400,121.550)    1.600   -       
FE_USKC7556_CTS_962/Y
-     INV_X4B_A9PP140ZTL_C30      fall   0.007   0.192   0.009  0.002  (302.260,121.350)    0.340      1    
FE_USKC7557_CTS_962/A
-     INV_X4B_A9PP140ZTL_C30      fall   0.000   0.192   0.009  -      (303.100,121.550)    1.040   -       
FE_USKC7557_CTS_962/Y
-     INV_X4B_A9PP140ZTL_C30      rise   0.009   0.201   0.011  0.006  (303.240,121.350)    0.340      2    
CTS_ccl_a_inv_01842/A
-     INV_X4B_A9PP140ZTL_C30      rise   0.000   0.201   0.011  -      (307.580,123.350)    6.340   -       
CTS_ccl_a_inv_01842/Y
-     INV_X4B_A9PP140ZTL_C30      fall   0.016   0.218   0.024  0.011  (307.720,123.150)    0.340      3    
CTS_ccl_a_inv_00375/A
-     INV_X6B_A9PP140ZTL_C30      fall   0.001   0.218   0.024  -      (310.100,127.850)    7.080   -       
CTS_ccl_a_inv_00375/Y
-     INV_X6B_A9PP140ZTL_C30      rise   0.017   0.235   0.021  0.017  (309.960,128.050)    0.340     11    
u_int_pp_2_Delay_Pipeline_reg_im_reg[17][1]/CK
-     DFFRPQA_X1M_A9PP140ZTL_C30  rise   0.001   0.236   0.021  -      (308.940,133.350)    6.320   -       
------------------------------------------------------------------------------------------------------------------

Timing for timing corner delay_corner_wcl_fast:both.early, min clock_path:
==========================================================================

PathID    : 5
Path type : skew group clk/functional_wcl_typical (path 1 of 1)
Start     : clk
End       : u_int_pp_3/Delay_Pipeline_reg_re_reg[38][9]/CK
Delay     : 0.114

------------------------------------------------------------------------------------------------------------------
Name  Lib cell                    Event  Incr   Arrival  Slew   Cap    Location           Distance  Fanout  Status
                                         (ns)   (ns)     (ns)   (pF)                      (um)              
-- Clockpath trace -----------------------------------------------------------------------------------------------
clk
-     -                           rise   -       0.000   0.004  0.019  (411.275,286.000)  -           1     
CTS_ccl_inv_02775/A
-     INV_X7P5B_A9PP140ZTL_C30    rise   0.003   0.003   0.008  -      (348.320,219.650)  129.305   -       
CTS_ccl_inv_02775/Y
-     INV_X7P5B_A9PP140ZTL_C30    fall   0.004   0.008   0.006  0.005  (348.180,219.850)    0.340     1     
CTS_ccl_a_inv_02774/A
-     INV_X7P5B_A9PP140ZTL_C30    fall   0.000   0.008   0.006  -      (346.080,216.950)    5.000   -       
CTS_ccl_a_inv_02774/Y
-     INV_X7P5B_A9PP140ZTL_C30    rise   0.005   0.013   0.008  0.015  (345.940,216.750)    0.340     2     
CTS_ccl_inv_02773/A
-     INV_X7P5B_A9PP140ZTL_C30    rise   0.002   0.015   0.009  -      (279.580,213.350)   69.760   -       
CTS_ccl_inv_02773/Y
-     INV_X7P5B_A9PP140ZTL_C30    fall   0.005   0.020   0.007  0.006  (279.440,213.150)    0.340     1     
CTS_ccl_inv_02771/A
-     INV_X7P5B_A9PP140ZTL_C30    fall   0.000   0.020   0.007  -      (271.320,211.550)    9.720   -       
CTS_ccl_inv_02771/Y
-     INV_X7P5B_A9PP140ZTL_C30    rise   0.005   0.025   0.008  0.015  (271.180,211.350)    0.340     1     
CTS_ccl_inv_02769/A
-     INV_X7P5B_A9PP140ZTL_C30    rise   0.002   0.028   0.009  -      (187.040,211.550)   84.340   -       
CTS_ccl_inv_02769/Y
-     INV_X7P5B_A9PP140ZTL_C30    fall   0.007   0.034   0.009  0.011  (187.180,211.350)    0.340     2     
CTS_ccl_inv_02767/A
-     INV_X4B_A9PP140ZTL_C30      fall   0.000   0.035   0.009  -      (148.960,211.550)   38.420   -       
CTS_ccl_inv_02767/Y
-     INV_X4B_A9PP140ZTL_C30      rise   0.006   0.041   0.008  0.006  (149.100,211.350)    0.340     1     
CTS_ccl_inv_02763/A
-     INV_X6B_A9PP140ZTL_C30      rise   0.000   0.041   0.008  -      (141.820,223.250)   19.180   -       
CTS_ccl_inv_02763/Y
-     INV_X6B_A9PP140ZTL_C30      fall   0.007   0.049   0.010  0.010  (141.680,223.450)    0.340     2     
CTS_ccl_inv_02758/A
-     INV_X6B_A9PP140ZTL_C30      fall   0.000   0.049   0.010  -      (121.660,225.050)   21.620   -       
CTS_ccl_inv_02758/Y
-     INV_X6B_A9PP140ZTL_C30      rise   0.006   0.055   0.008  0.009  (121.520,225.250)    0.340     2     
CTS_ccl_inv_02749/A
-     INV_X6B_A9PP140ZTL_C30      rise   0.000   0.055   0.008  -      (106.680,224.150)   15.940   -       
CTS_ccl_inv_02749/Y
-     INV_X6B_A9PP140ZTL_C30      fall   0.007   0.062   0.009  0.009  (106.820,223.950)    0.340     1     
CTS_ccl_inv_02738/A
-     INV_X6B_A9PP140ZTL_C30      fall   0.001   0.062   0.009  -      (106.680,186.350)   37.740   -       
CTS_ccl_inv_02738/Y
-     INV_X6B_A9PP140ZTL_C30      rise   0.007   0.069   0.009  0.012  (106.820,186.150)    0.340     2     
u_int_pp_3/CTS_ccl_a_inv_02717/A
-     INV_X6B_A9PP140ZTL_C30      rise   0.001   0.070   0.009  -      (60.900,186.350)    46.120   -       
u_int_pp_3/CTS_ccl_a_inv_02717/Y
-     INV_X6B_A9PP140ZTL_C30      fall   0.007   0.077   0.010  0.010  (60.760,186.150)     0.340     2     
u_int_pp_3/CTS_ccl_a_inv_02682/A
-     INV_X6B_A9PP140ZTL_C30      fall   0.000   0.077   0.010  -      (57.540,212.450)    29.520   -       
u_int_pp_3/CTS_ccl_a_inv_02682/Y
-     INV_X6B_A9PP140ZTL_C30      rise   0.007   0.084   0.008  0.010  (57.400,212.650)     0.340     2     
u_int_pp_3/CTS_ccl_a_inv_02619/A
-     INV_X6B_A9PP140ZTL_C30      rise   0.000   0.084   0.008  -      (45.220,215.150)    14.680   -       
u_int_pp_3/CTS_ccl_a_inv_02619/Y
-     INV_X6B_A9PP140ZTL_C30      fall   0.009   0.093   0.013  0.013  (45.360,214.950)     0.340     3     
u_int_pp_3/CTS_ccl_a_inv_02478/A
-     INV_X6B_A9PP140ZTL_C30      fall   0.000   0.093   0.013  -      (12.880,214.250)    33.180   -       
u_int_pp_3/CTS_ccl_a_inv_02478/Y
-     INV_X6B_A9PP140ZTL_C30      rise   0.006   0.099   0.008  0.009  (12.740,214.450)     0.340     3     
u_int_pp_3/CTS_ccl_a_inv_02148/A
-     INV_X4B_A9PP140ZTL_C30      rise   0.000   0.100   0.008  -      (8.400,219.650)      9.540   -       
u_int_pp_3/CTS_ccl_a_inv_02148/Y
-     INV_X4B_A9PP140ZTL_C30      fall   0.007   0.107   0.010  0.007  (8.260,219.850)      0.340     2     
u_int_pp_3/CTS_ccl_a_inv_01282/A
-     INV_X6B_A9PP140ZTL_C30      fall   0.000   0.107   0.010  -      (8.120,227.750)      8.040   -       
u_int_pp_3/CTS_ccl_a_inv_01282/Y
-     INV_X6B_A9PP140ZTL_C30      rise   0.008   0.114   0.009  0.013  (8.260,227.550)      0.340     9     
u_int_pp_3/Delay_Pipeline_reg_re_reg[38][9]/CK
-     DFFRPQA_X1M_A9PP140ZTL_C30  rise   0.000   0.114   0.009  -      (6.820,228.750)      2.640   -       
------------------------------------------------------------------------------------------------------------------

Timing for timing corner delay_corner_wcl_fast:both.early, max clock_path:
==========================================================================

PathID    : 6
Path type : skew group clk/functional_wcl_typical (path 1 of 1)
Start     : clk
End       : u_int_pp_2_Delay_Pipeline_reg_im_reg[16][2]/CK
Delay     : 0.138

------------------------------------------------------------------------------------------------------------------
Name  Lib cell                    Event  Incr   Arrival  Slew   Cap    Location           Distance  Fanout  Status
                                         (ns)   (ns)     (ns)   (pF)                      (um)              
-- Clockpath trace -----------------------------------------------------------------------------------------------
clk
-     -                           rise   -       0.000   0.004  0.019  (411.275,286.000)  -            1    
CTS_ccl_inv_02775/A
-     INV_X7P5B_A9PP140ZTL_C30    rise   0.003   0.003   0.008  -      (348.320,219.650)  129.305   -       
CTS_ccl_inv_02775/Y
-     INV_X7P5B_A9PP140ZTL_C30    fall   0.004   0.008   0.006  0.005  (348.180,219.850)    0.340      1    
CTS_ccl_a_inv_02774/A
-     INV_X7P5B_A9PP140ZTL_C30    fall   0.000   0.008   0.006  -      (346.080,216.950)    5.000   -       
CTS_ccl_a_inv_02774/Y
-     INV_X7P5B_A9PP140ZTL_C30    rise   0.005   0.013   0.008  0.015  (345.940,216.750)    0.340      2    
CTS_idc_inv_02797/A
-     INV_X4B_A9PP140ZTL_C30      rise   0.002   0.015   0.009  -      (293.160,213.350)   56.180   -       
CTS_idc_inv_02797/Y
-     INV_X4B_A9PP140ZTL_C30      fall   0.005   0.020   0.007  0.004  (293.020,213.150)    0.340      1    
CTS_ccl_inv_02772/A
-     INV_X6B_A9PP140ZTL_C30      fall   0.000   0.020   0.007  -      (293.020,211.550)    1.600   -       
CTS_ccl_inv_02772/Y
-     INV_X6B_A9PP140ZTL_C30      rise   0.006   0.026   0.008  0.011  (293.160,211.350)    0.340      1    
CTS_ccl_inv_02770/A
-     INV_X6B_A9PP140ZTL_C30      rise   0.001   0.028   0.008  -      (300.580,164.750)   54.020   -       
CTS_ccl_inv_02770/Y
-     INV_X6B_A9PP140ZTL_C30      fall   0.006   0.033   0.008  0.006  (300.720,164.550)    0.340      2    
CTS_ccl_a_inv_02768/A
-     INV_X6B_A9PP140ZTL_C30      fall   0.000   0.033   0.008  -      (305.480,155.750)   13.560   -       
CTS_ccl_a_inv_02768/Y
-     INV_X6B_A9PP140ZTL_C30      rise   0.006   0.039   0.008  0.010  (305.620,155.550)    0.340      1    
CTS_ccl_inv_02765/A
-     INV_X6B_A9PP140ZTL_C30      rise   0.001   0.040   0.008  -      (305.620,105.350)   50.200   -       
CTS_ccl_inv_02765/Y
-     INV_X6B_A9PP140ZTL_C30      fall   0.006   0.046   0.009  0.008  (305.760,105.150)    0.340      2    
CTS_ccl_inv_02761/A
-     INV_X4B_A9PP140ZTL_C30      fall   0.000   0.046   0.009  -      (305.200,99.050)     6.660   -       
CTS_ccl_inv_02761/Y
-     INV_X4B_A9PP140ZTL_C30      rise   0.008   0.054   0.010  0.010  (305.060,99.250)     0.340      1    
CTS_ccl_inv_02755/A
-     INV_X7P5B_A9PP140ZTL_C30    rise   0.001   0.055   0.010  -      (303.520,58.550)    42.240   -       
CTS_ccl_inv_02755/Y
-     INV_X7P5B_A9PP140ZTL_C30    fall   0.009   0.064   0.012  0.015  (303.660,58.350)     0.340      2    
CTS_ccl_inv_02742/A
-     INV_X7P5B_A9PP140ZTL_C30    fall   0.000   0.064   0.012  -      (303.520,56.750)     1.740   -       
CTS_ccl_inv_02742/Y
-     INV_X7P5B_A9PP140ZTL_C30    rise   0.007   0.071   0.009  0.014  (303.660,56.550)     0.340      2    
CTS_ccl_a_inv_02723/A
-     INV_X4B_A9PP140ZTL_C30      rise   0.000   0.071   0.009  -      (303.660,63.050)     6.500   -       
CTS_ccl_a_inv_02723/Y
-     INV_X4B_A9PP140ZTL_C30      fall   0.008   0.079   0.011  0.008  (303.520,63.250)     0.340      2    
CTS_ccl_a_inv_02666/A
-     INV_X4B_A9PP140ZTL_C30      fall   0.000   0.079   0.011  -      (303.380,83.750)    20.640   -       
CTS_ccl_a_inv_02666/Y
-     INV_X4B_A9PP140ZTL_C30      rise   0.008   0.087   0.010  0.009  (303.520,83.550)     0.340      2    
CTS_ccl_a_inv_02577/A
-     INV_X4B_A9PP140ZTL_C30      rise   0.000   0.087   0.010  -      (302.820,109.850)   27.000   -       
CTS_ccl_a_inv_02577/Y
-     INV_X4B_A9PP140ZTL_C30      fall   0.003   0.090   0.005  0.001  (302.680,110.050)    0.340      1    
FE_USKC7564_CTS_971/A
-     INV_X2B_A9PP140ZTL_C30      fall   0.000   0.090   0.005  -      (301.700,110.750)    1.680   -       
FE_USKC7564_CTS_971/Y
-     INV_X2B_A9PP140ZTL_C30      rise   0.003   0.094   0.004  0.001  (301.560,110.950)    0.340      1    
FE_USKC7565_CTS_971/A
-     INV_X2B_A9PP140ZTL_C30      rise   0.000   0.094   0.004  -      (301.280,111.650)    0.980   -       
FE_USKC7565_CTS_971/Y
-     INV_X2B_A9PP140ZTL_C30      fall   0.008   0.102   0.013  0.005  (301.420,111.450)    0.340      2    
CTS_ccl_a_inv_02358/A
-     INV_X2B_A9PP140ZTL_C30      fall   0.000   0.102   0.013  -      (302.260,119.750)    9.140   -       
CTS_ccl_a_inv_02358/Y
-     INV_X2B_A9PP140ZTL_C30      rise   0.006   0.108   0.007  0.002  (302.400,119.950)    0.340      1    
FE_USKC7556_CTS_962/A
-     INV_X4B_A9PP140ZTL_C30      rise   0.000   0.108   0.007  -      (302.400,121.550)    1.600   -       
FE_USKC7556_CTS_962/Y
-     INV_X4B_A9PP140ZTL_C30      fall   0.004   0.112   0.005  0.002  (302.260,121.350)    0.340      1    
FE_USKC7557_CTS_962/A
-     INV_X4B_A9PP140ZTL_C30      fall   0.000   0.112   0.005  -      (303.100,121.550)    1.040   -       
FE_USKC7557_CTS_962/Y
-     INV_X4B_A9PP140ZTL_C30      rise   0.005   0.118   0.006  0.006  (303.240,121.350)    0.340      2    
CTS_ccl_a_inv_01842/A
-     INV_X4B_A9PP140ZTL_C30      rise   0.000   0.118   0.006  -      (307.580,123.350)    6.340   -       
CTS_ccl_a_inv_01842/Y
-     INV_X4B_A9PP140ZTL_C30      fall   0.010   0.128   0.015  0.012  (307.720,123.150)    0.340      3    
CTS_ccl_a_inv_00331/A
-     INV_X6B_A9PP140ZTL_C30      fall   0.000   0.128   0.015  -      (310.660,122.450)    3.640   -       
CTS_ccl_a_inv_00331/Y
-     INV_X6B_A9PP140ZTL_C30      rise   0.010   0.138   0.013  0.017  (310.520,122.650)    0.340     12    
u_int_pp_2_Delay_Pipeline_reg_im_reg[16][2]/CK
-     DFFRPQA_X1M_A9PP140ZTL_C30  rise   0.000   0.138   0.013  -      (310.620,126.150)    3.600   -       
------------------------------------------------------------------------------------------------------------------

Timing for timing corner delay_corner_wcl_fast:both.late, min clock_path:
=========================================================================

PathID    : 7
Path type : skew group clk/functional_wcl_typical (path 1 of 1)
Start     : clk
End       : u_int_pp_3/sum3_3_re_1_reg[15]/CK
Delay     : 0.117

-----------------------------------------------------------------------------------------------------------------
Name  Lib cell                   Event  Incr   Arrival  Slew   Cap    Location           Distance  Fanout  Status
                                        (ns)   (ns)     (ns)   (pF)                      (um)              
-- Clockpath trace ----------------------------------------------------------------------------------------------
clk
-     -                          rise   -       0.000   0.004  0.019  (411.275,286.000)  -            1    
CTS_ccl_inv_02775/A
-     INV_X7P5B_A9PP140ZTL_C30   rise   0.003   0.003   0.008  -      (348.320,219.650)  129.305   -       
CTS_ccl_inv_02775/Y
-     INV_X7P5B_A9PP140ZTL_C30   fall   0.004   0.008   0.006  0.005  (348.180,219.850)    0.340      1    
CTS_ccl_a_inv_02774/A
-     INV_X7P5B_A9PP140ZTL_C30   fall   0.000   0.008   0.006  -      (346.080,216.950)    5.000   -       
CTS_ccl_a_inv_02774/Y
-     INV_X7P5B_A9PP140ZTL_C30   rise   0.005   0.013   0.008  0.015  (345.940,216.750)    0.340      2    
CTS_ccl_inv_02773/A
-     INV_X7P5B_A9PP140ZTL_C30   rise   0.002   0.015   0.009  -      (279.580,213.350)   69.760   -       
CTS_ccl_inv_02773/Y
-     INV_X7P5B_A9PP140ZTL_C30   fall   0.005   0.020   0.007  0.006  (279.440,213.150)    0.340      1    
CTS_ccl_inv_02771/A
-     INV_X7P5B_A9PP140ZTL_C30   fall   0.000   0.020   0.007  -      (271.320,211.550)    9.720   -       
CTS_ccl_inv_02771/Y
-     INV_X7P5B_A9PP140ZTL_C30   rise   0.005   0.026   0.008  0.015  (271.180,211.350)    0.340      1    
CTS_ccl_inv_02769/A
-     INV_X7P5B_A9PP140ZTL_C30   rise   0.002   0.028   0.009  -      (187.040,211.550)   84.340   -       
CTS_ccl_inv_02769/Y
-     INV_X7P5B_A9PP140ZTL_C30   fall   0.007   0.035   0.009  0.011  (187.180,211.350)    0.340      2    
CTS_ccl_inv_02767/A
-     INV_X4B_A9PP140ZTL_C30     fall   0.001   0.035   0.009  -      (148.960,211.550)   38.420   -       
CTS_ccl_inv_02767/Y
-     INV_X4B_A9PP140ZTL_C30     rise   0.006   0.041   0.008  0.006  (149.100,211.350)    0.340      1    
CTS_ccl_inv_02763/A
-     INV_X6B_A9PP140ZTL_C30     rise   0.000   0.042   0.008  -      (141.820,223.250)   19.180   -       
CTS_ccl_inv_02763/Y
-     INV_X6B_A9PP140ZTL_C30     fall   0.007   0.049   0.010  0.010  (141.680,223.450)    0.340      2    
CTS_ccl_inv_02758/A
-     INV_X6B_A9PP140ZTL_C30     fall   0.000   0.050   0.010  -      (121.660,225.050)   21.620   -       
CTS_ccl_inv_02758/Y
-     INV_X6B_A9PP140ZTL_C30     rise   0.006   0.056   0.008  0.009  (121.520,225.250)    0.340      2    
CTS_ccl_inv_02749/A
-     INV_X6B_A9PP140ZTL_C30     rise   0.000   0.056   0.008  -      (106.680,224.150)   15.940   -       
CTS_ccl_inv_02749/Y
-     INV_X6B_A9PP140ZTL_C30     fall   0.007   0.063   0.009  0.009  (106.820,223.950)    0.340      1    
CTS_ccl_inv_02738/A
-     INV_X6B_A9PP140ZTL_C30     fall   0.001   0.064   0.009  -      (106.680,186.350)   37.740   -       
CTS_ccl_inv_02738/Y
-     INV_X6B_A9PP140ZTL_C30     rise   0.007   0.071   0.009  0.012  (106.820,186.150)    0.340      2    
u_int_pp_3/CTS_ccl_a_inv_02717/A
-     INV_X6B_A9PP140ZTL_C30     rise   0.001   0.072   0.009  -      (60.900,186.350)    46.120   -       
u_int_pp_3/CTS_ccl_a_inv_02717/Y
-     INV_X6B_A9PP140ZTL_C30     fall   0.007   0.079   0.010  0.010  (60.760,186.150)     0.340      2    
u_int_pp_3/CTS_ccl_a_inv_02681/A
-     INV_X4B_A9PP140ZTL_C30     fall   0.001   0.079   0.010  -      (57.120,186.350)     3.840   -       
u_int_pp_3/CTS_ccl_a_inv_02681/Y
-     INV_X4B_A9PP140ZTL_C30     rise   0.007   0.086   0.008  0.007  (56.980,186.150)     0.340      2    
u_int_pp_3/CTS_ccl_a_inv_02618/A
-     INV_X4B_A9PP140ZTL_C30     rise   0.000   0.086   0.008  -      (43.960,184.550)    14.620   -       
u_int_pp_3/CTS_ccl_a_inv_02618/Y
-     INV_X4B_A9PP140ZTL_C30     fall   0.007   0.093   0.010  0.006  (43.820,184.350)     0.340      2    
u_int_pp_3/CTS_ccl_a_inv_02464/A
-     INV_X6B_A9PP140ZTL_C30     fall   0.000   0.093   0.010  -      (41.860,185.450)     3.060   -       
u_int_pp_3/CTS_ccl_a_inv_02464/Y
-     INV_X6B_A9PP140ZTL_C30     rise   0.007   0.100   0.009  0.011  (41.720,185.650)     0.340      3    
u_int_pp_3/CTS_ccl_a_inv_02053/A
-     INV_X4B_A9PP140ZTL_C30     rise   0.000   0.100   0.009  -      (39.340,195.350)    12.080   -       
u_int_pp_3/CTS_ccl_a_inv_02053/Y
-     INV_X4B_A9PP140ZTL_C30     fall   0.008   0.108   0.011  0.007  (39.480,195.150)     0.340      2    
u_int_pp_3/CTS_ccl_a_inv_01021/A
-     INV_X6B_A9PP140ZTL_C30     fall   0.000   0.108   0.011  -      (43.960,194.450)     5.180   -       
u_int_pp_3/CTS_ccl_a_inv_01021/Y
-     INV_X6B_A9PP140ZTL_C30     rise   0.009   0.117   0.011  0.016  (43.820,194.650)     0.340     11    
u_int_pp_3/sum3_3_re_1_reg[15]/CK
-     DFFRPQ_X1M_A9PP140ZTL_C30  rise   0.000   0.117   0.011  -      (47.600,198.050)     7.180   -       
-----------------------------------------------------------------------------------------------------------------

Timing for timing corner delay_corner_wcl_fast:both.late, max clock_path:
=========================================================================

PathID    : 8
Path type : skew group clk/functional_wcl_typical (path 1 of 1)
Start     : clk
End       : u_int_pp_2_Delay_Pipeline_reg_im_reg[16][2]/CK
Delay     : 0.140

------------------------------------------------------------------------------------------------------------------
Name  Lib cell                    Event  Incr   Arrival  Slew   Cap    Location           Distance  Fanout  Status
                                         (ns)   (ns)     (ns)   (pF)                      (um)              
-- Clockpath trace -----------------------------------------------------------------------------------------------
clk
-     -                           rise   -       0.000   0.004  0.019  (411.275,286.000)  -            1    
CTS_ccl_inv_02775/A
-     INV_X7P5B_A9PP140ZTL_C30    rise   0.003   0.003   0.008  -      (348.320,219.650)  129.305   -       
CTS_ccl_inv_02775/Y
-     INV_X7P5B_A9PP140ZTL_C30    fall   0.004   0.008   0.006  0.005  (348.180,219.850)    0.340      1    
CTS_ccl_a_inv_02774/A
-     INV_X7P5B_A9PP140ZTL_C30    fall   0.000   0.008   0.006  -      (346.080,216.950)    5.000   -       
CTS_ccl_a_inv_02774/Y
-     INV_X7P5B_A9PP140ZTL_C30    rise   0.005   0.013   0.008  0.015  (345.940,216.750)    0.340      2    
CTS_idc_inv_02797/A
-     INV_X4B_A9PP140ZTL_C30      rise   0.002   0.015   0.009  -      (293.160,213.350)   56.180   -       
CTS_idc_inv_02797/Y
-     INV_X4B_A9PP140ZTL_C30      fall   0.005   0.020   0.007  0.004  (293.020,213.150)    0.340      1    
CTS_ccl_inv_02772/A
-     INV_X6B_A9PP140ZTL_C30      fall   0.000   0.020   0.007  -      (293.020,211.550)    1.600   -       
CTS_ccl_inv_02772/Y
-     INV_X6B_A9PP140ZTL_C30      rise   0.006   0.026   0.008  0.011  (293.160,211.350)    0.340      1    
CTS_ccl_inv_02770/A
-     INV_X6B_A9PP140ZTL_C30      rise   0.001   0.028   0.008  -      (300.580,164.750)   54.020   -       
CTS_ccl_inv_02770/Y
-     INV_X6B_A9PP140ZTL_C30      fall   0.006   0.033   0.008  0.006  (300.720,164.550)    0.340      2    
CTS_ccl_a_inv_02768/A
-     INV_X6B_A9PP140ZTL_C30      fall   0.000   0.033   0.008  -      (305.480,155.750)   13.560   -       
CTS_ccl_a_inv_02768/Y
-     INV_X6B_A9PP140ZTL_C30      rise   0.006   0.040   0.008  0.010  (305.620,155.550)    0.340      1    
CTS_ccl_inv_02765/A
-     INV_X6B_A9PP140ZTL_C30      rise   0.001   0.041   0.008  -      (305.620,105.350)   50.200   -       
CTS_ccl_inv_02765/Y
-     INV_X6B_A9PP140ZTL_C30      fall   0.006   0.047   0.009  0.008  (305.760,105.150)    0.340      2    
CTS_ccl_inv_02761/A
-     INV_X4B_A9PP140ZTL_C30      fall   0.000   0.048   0.009  -      (305.200,99.050)     6.660   -       
CTS_ccl_inv_02761/Y
-     INV_X4B_A9PP140ZTL_C30      rise   0.008   0.056   0.010  0.010  (305.060,99.250)     0.340      1    
CTS_ccl_inv_02755/A
-     INV_X7P5B_A9PP140ZTL_C30    rise   0.001   0.057   0.010  -      (303.520,58.550)    42.240   -       
CTS_ccl_inv_02755/Y
-     INV_X7P5B_A9PP140ZTL_C30    fall   0.009   0.065   0.012  0.015  (303.660,58.350)     0.340      2    
CTS_ccl_inv_02742/A
-     INV_X7P5B_A9PP140ZTL_C30    fall   0.000   0.066   0.012  -      (303.520,56.750)     1.740   -       
CTS_ccl_inv_02742/Y
-     INV_X7P5B_A9PP140ZTL_C30    rise   0.007   0.073   0.009  0.014  (303.660,56.550)     0.340      2    
CTS_ccl_a_inv_02723/A
-     INV_X4B_A9PP140ZTL_C30      rise   0.000   0.073   0.009  -      (303.660,63.050)     6.500   -       
CTS_ccl_a_inv_02723/Y
-     INV_X4B_A9PP140ZTL_C30      fall   0.008   0.081   0.011  0.008  (303.520,63.250)     0.340      2    
CTS_ccl_a_inv_02666/A
-     INV_X4B_A9PP140ZTL_C30      fall   0.000   0.081   0.011  -      (303.380,83.750)    20.640   -       
CTS_ccl_a_inv_02666/Y
-     INV_X4B_A9PP140ZTL_C30      rise   0.008   0.089   0.010  0.009  (303.520,83.550)     0.340      2    
CTS_ccl_a_inv_02577/A
-     INV_X4B_A9PP140ZTL_C30      rise   0.000   0.089   0.010  -      (302.820,109.850)   27.000   -       
CTS_ccl_a_inv_02577/Y
-     INV_X4B_A9PP140ZTL_C30      fall   0.003   0.092   0.005  0.001  (302.680,110.050)    0.340      1    
FE_USKC7564_CTS_971/A
-     INV_X2B_A9PP140ZTL_C30      fall   0.000   0.092   0.005  -      (301.700,110.750)    1.680   -       
FE_USKC7564_CTS_971/Y
-     INV_X2B_A9PP140ZTL_C30      rise   0.003   0.096   0.004  0.001  (301.560,110.950)    0.340      1    
FE_USKC7565_CTS_971/A
-     INV_X2B_A9PP140ZTL_C30      rise   0.000   0.096   0.004  -      (301.280,111.650)    0.980   -       
FE_USKC7565_CTS_971/Y
-     INV_X2B_A9PP140ZTL_C30      fall   0.008   0.104   0.013  0.005  (301.420,111.450)    0.340      2    
CTS_ccl_a_inv_02358/A
-     INV_X2B_A9PP140ZTL_C30      fall   0.000   0.104   0.013  -      (302.260,119.750)    9.140   -       
CTS_ccl_a_inv_02358/Y
-     INV_X2B_A9PP140ZTL_C30      rise   0.006   0.111   0.007  0.002  (302.400,119.950)    0.340      1    
FE_USKC7556_CTS_962/A
-     INV_X4B_A9PP140ZTL_C30      rise   0.000   0.111   0.007  -      (302.400,121.550)    1.600   -       
FE_USKC7556_CTS_962/Y
-     INV_X4B_A9PP140ZTL_C30      fall   0.004   0.115   0.005  0.002  (302.260,121.350)    0.340      1    
FE_USKC7557_CTS_962/A
-     INV_X4B_A9PP140ZTL_C30      fall   0.000   0.115   0.005  -      (303.100,121.550)    1.040   -       
FE_USKC7557_CTS_962/Y
-     INV_X4B_A9PP140ZTL_C30      rise   0.005   0.120   0.006  0.006  (303.240,121.350)    0.340      2    
CTS_ccl_a_inv_01842/A
-     INV_X4B_A9PP140ZTL_C30      rise   0.000   0.120   0.006  -      (307.580,123.350)    6.340   -       
CTS_ccl_a_inv_01842/Y
-     INV_X4B_A9PP140ZTL_C30      fall   0.010   0.130   0.015  0.012  (307.720,123.150)    0.340      3    
CTS_ccl_a_inv_00331/A
-     INV_X6B_A9PP140ZTL_C30      fall   0.000   0.130   0.015  -      (310.660,122.450)    3.640   -       
CTS_ccl_a_inv_00331/Y
-     INV_X6B_A9PP140ZTL_C30      rise   0.010   0.140   0.013  0.017  (310.520,122.650)    0.340     12    
u_int_pp_2_Delay_Pipeline_reg_im_reg[16][2]/CK
-     DFFRPQA_X1M_A9PP140ZTL_C30  rise   0.000   0.140   0.013  -      (310.620,126.150)    3.600   -       
------------------------------------------------------------------------------------------------------------------

Timing for timing corner delay_corner_wcl_typical:both.early, min clock_path:
=============================================================================

PathID    : 9
Path type : skew group clk/functional_wcl_typical (path 1 of 1)
Start     : clk
End       : u_int_pp_3/sum3_3_re_1_reg[1]/CK
Delay     : 0.149

-----------------------------------------------------------------------------------------------------------------
Name  Lib cell                   Event  Incr   Arrival  Slew   Cap    Location           Distance  Fanout  Status
                                        (ns)   (ns)     (ns)   (pF)                      (um)              
-- Clockpath trace ----------------------------------------------------------------------------------------------
clk
-     -                          rise   -       0.000   0.004  0.019  (411.275,286.000)  -            1    
CTS_ccl_inv_02775/A
-     INV_X7P5B_A9PP140ZTL_C30   rise   0.005   0.005   0.010  -      (348.320,219.650)  129.305   -       
CTS_ccl_inv_02775/Y
-     INV_X7P5B_A9PP140ZTL_C30   fall   0.006   0.010   0.007  0.005  (348.180,219.850)    0.340      1    
CTS_ccl_a_inv_02774/A
-     INV_X7P5B_A9PP140ZTL_C30   fall   0.000   0.011   0.007  -      (346.080,216.950)    5.000   -       
CTS_ccl_a_inv_02774/Y
-     INV_X7P5B_A9PP140ZTL_C30   rise   0.006   0.017   0.010  0.015  (345.940,216.750)    0.340      2    
CTS_ccl_inv_02773/A
-     INV_X7P5B_A9PP140ZTL_C30   rise   0.003   0.020   0.012  -      (279.580,213.350)   69.760   -       
CTS_ccl_inv_02773/Y
-     INV_X7P5B_A9PP140ZTL_C30   fall   0.006   0.026   0.008  0.006  (279.440,213.150)    0.340      1    
CTS_ccl_inv_02771/A
-     INV_X7P5B_A9PP140ZTL_C30   fall   0.000   0.026   0.008  -      (271.320,211.550)    9.720   -       
CTS_ccl_inv_02771/Y
-     INV_X7P5B_A9PP140ZTL_C30   rise   0.007   0.033   0.010  0.014  (271.180,211.350)    0.340      1    
CTS_ccl_inv_02769/A
-     INV_X7P5B_A9PP140ZTL_C30   rise   0.003   0.036   0.012  -      (187.040,211.550)   84.340   -       
CTS_ccl_inv_02769/Y
-     INV_X7P5B_A9PP140ZTL_C30   fall   0.009   0.045   0.012  0.010  (187.180,211.350)    0.340      2    
CTS_ccl_inv_02767/A
-     INV_X4B_A9PP140ZTL_C30     fall   0.001   0.046   0.012  -      (148.960,211.550)   38.420   -       
CTS_ccl_inv_02767/Y
-     INV_X4B_A9PP140ZTL_C30     rise   0.008   0.054   0.009  0.006  (149.100,211.350)    0.340      1    
CTS_ccl_inv_02763/A
-     INV_X6B_A9PP140ZTL_C30     rise   0.000   0.054   0.009  -      (141.820,223.250)   19.180   -       
CTS_ccl_inv_02763/Y
-     INV_X6B_A9PP140ZTL_C30     fall   0.009   0.064   0.013  0.010  (141.680,223.450)    0.340      2    
CTS_ccl_inv_02758/A
-     INV_X6B_A9PP140ZTL_C30     fall   0.000   0.064   0.013  -      (121.660,225.050)   21.620   -       
CTS_ccl_inv_02758/Y
-     INV_X6B_A9PP140ZTL_C30     rise   0.008   0.072   0.010  0.009  (121.520,225.250)    0.340      2    
CTS_ccl_inv_02749/A
-     INV_X6B_A9PP140ZTL_C30     rise   0.000   0.072   0.010  -      (106.680,224.150)   15.940   -       
CTS_ccl_inv_02749/Y
-     INV_X6B_A9PP140ZTL_C30     fall   0.008   0.081   0.012  0.008  (106.820,223.950)    0.340      1    
CTS_ccl_inv_02738/A
-     INV_X6B_A9PP140ZTL_C30     fall   0.001   0.082   0.012  -      (106.680,186.350)   37.740   -       
CTS_ccl_inv_02738/Y
-     INV_X6B_A9PP140ZTL_C30     rise   0.009   0.091   0.011  0.012  (106.820,186.150)    0.340      2    
u_int_pp_3/CTS_ccl_a_inv_02717/A
-     INV_X6B_A9PP140ZTL_C30     rise   0.001   0.092   0.011  -      (60.900,186.350)    46.120   -       
u_int_pp_3/CTS_ccl_a_inv_02717/Y
-     INV_X6B_A9PP140ZTL_C30     fall   0.009   0.101   0.013  0.009  (60.760,186.150)     0.340      2    
u_int_pp_3/CTS_ccl_a_inv_02681/A
-     INV_X4B_A9PP140ZTL_C30     fall   0.000   0.101   0.013  -      (57.120,186.350)     3.840   -       
u_int_pp_3/CTS_ccl_a_inv_02681/Y
-     INV_X4B_A9PP140ZTL_C30     rise   0.009   0.110   0.010  0.007  (56.980,186.150)     0.340      2    
u_int_pp_3/CTS_ccl_a_inv_02618/A
-     INV_X4B_A9PP140ZTL_C30     rise   0.000   0.110   0.010  -      (43.960,184.550)    14.620   -       
u_int_pp_3/CTS_ccl_a_inv_02618/Y
-     INV_X4B_A9PP140ZTL_C30     fall   0.009   0.119   0.012  0.006  (43.820,184.350)     0.340      2    
u_int_pp_3/CTS_ccl_a_inv_02464/A
-     INV_X6B_A9PP140ZTL_C30     fall   0.000   0.119   0.012  -      (41.860,185.450)     3.060   -       
u_int_pp_3/CTS_ccl_a_inv_02464/Y
-     INV_X6B_A9PP140ZTL_C30     rise   0.009   0.128   0.010  0.011  (41.720,185.650)     0.340      3    
u_int_pp_3/CTS_ccl_a_inv_02053/A
-     INV_X4B_A9PP140ZTL_C30     rise   0.001   0.128   0.010  -      (39.340,195.350)    12.080   -       
u_int_pp_3/CTS_ccl_a_inv_02053/Y
-     INV_X4B_A9PP140ZTL_C30     fall   0.009   0.138   0.013  0.007  (39.480,195.150)     0.340      2    
u_int_pp_3/CTS_ccl_a_inv_01021/A
-     INV_X6B_A9PP140ZTL_C30     fall   0.000   0.138   0.013  -      (43.960,194.450)     5.180   -       
u_int_pp_3/CTS_ccl_a_inv_01021/Y
-     INV_X6B_A9PP140ZTL_C30     rise   0.011   0.149   0.014  0.016  (43.820,194.650)     0.340     11    
u_int_pp_3/sum3_3_re_1_reg[1]/CK
-     DFFRPQ_X2M_A9PP140ZTL_C30  rise   0.000   0.149   0.014  -      (42.420,196.250)     3.000   -       
-----------------------------------------------------------------------------------------------------------------

Timing for timing corner delay_corner_wcl_typical:both.early, max clock_path:
=============================================================================

PathID    : 10
Path type : skew group clk/functional_wcl_typical (path 1 of 1)
Start     : clk
End       : u_int_pp_2_Delay_Pipeline_reg_im_reg[17][1]/CK
Delay     :  0.177

------------------------------------------------------------------------------------------------------------------
Name  Lib cell                    Event  Incr   Arrival  Slew   Cap    Location           Distance  Fanout  Status
                                         (ns)   (ns)     (ns)   (pF)                      (um)              
-- Clockpath trace -----------------------------------------------------------------------------------------------
clk
-     -                           rise   -       0.000   0.004  0.019  (411.275,286.000)  -            1    
CTS_ccl_inv_02775/A
-     INV_X7P5B_A9PP140ZTL_C30    rise   0.005   0.005   0.010  -      (348.320,219.650)  129.305   -       
CTS_ccl_inv_02775/Y
-     INV_X7P5B_A9PP140ZTL_C30    fall   0.006   0.010   0.007  0.005  (348.180,219.850)    0.340      1    
CTS_ccl_a_inv_02774/A
-     INV_X7P5B_A9PP140ZTL_C30    fall   0.000   0.011   0.007  -      (346.080,216.950)    5.000   -       
CTS_ccl_a_inv_02774/Y
-     INV_X7P5B_A9PP140ZTL_C30    rise   0.006   0.017   0.010  0.015  (345.940,216.750)    0.340      2    
CTS_idc_inv_02797/A
-     INV_X4B_A9PP140ZTL_C30      rise   0.003   0.019   0.012  -      (293.160,213.350)   56.180   -       
CTS_idc_inv_02797/Y
-     INV_X4B_A9PP140ZTL_C30      fall   0.007   0.026   0.009  0.004  (293.020,213.150)    0.340      1    
CTS_ccl_inv_02772/A
-     INV_X6B_A9PP140ZTL_C30      fall   0.000   0.026   0.009  -      (293.020,211.550)    1.600   -       
CTS_ccl_inv_02772/Y
-     INV_X6B_A9PP140ZTL_C30      rise   0.007   0.034   0.010  0.010  (293.160,211.350)    0.340      1    
CTS_ccl_inv_02770/A
-     INV_X6B_A9PP140ZTL_C30      rise   0.002   0.035   0.010  -      (300.580,164.750)   54.020   -       
CTS_ccl_inv_02770/Y
-     INV_X6B_A9PP140ZTL_C30      fall   0.007   0.043   0.010  0.006  (300.720,164.550)    0.340      2    
CTS_ccl_a_inv_02768/A
-     INV_X6B_A9PP140ZTL_C30      fall   0.000   0.043   0.010  -      (305.480,155.750)   13.560   -       
CTS_ccl_a_inv_02768/Y
-     INV_X6B_A9PP140ZTL_C30      rise   0.008   0.051   0.009  0.010  (305.620,155.550)    0.340      1    
CTS_ccl_inv_02765/A
-     INV_X6B_A9PP140ZTL_C30      rise   0.001   0.052   0.009  -      (305.620,105.350)   50.200   -       
CTS_ccl_inv_02765/Y
-     INV_X6B_A9PP140ZTL_C30      fall   0.008   0.060   0.011  0.008  (305.760,105.150)    0.340      2    
CTS_ccl_inv_02761/A
-     INV_X4B_A9PP140ZTL_C30      fall   0.000   0.060   0.011  -      (305.200,99.050)     6.660   -       
CTS_ccl_inv_02761/Y
-     INV_X4B_A9PP140ZTL_C30      rise   0.010   0.070   0.013  0.010  (305.060,99.250)     0.340      1    
CTS_ccl_inv_02755/A
-     INV_X7P5B_A9PP140ZTL_C30    rise   0.001   0.072   0.013  -      (303.520,58.550)    42.240   -       
CTS_ccl_inv_02755/Y
-     INV_X7P5B_A9PP140ZTL_C30    fall   0.011   0.082   0.016  0.015  (303.660,58.350)     0.340      2    
CTS_ccl_inv_02742/A
-     INV_X7P5B_A9PP140ZTL_C30    fall   0.000   0.082   0.016  -      (303.520,56.750)     1.740   -       
CTS_ccl_inv_02742/Y
-     INV_X7P5B_A9PP140ZTL_C30    rise   0.009   0.091   0.012  0.013  (303.660,56.550)     0.340      2    
CTS_ccl_a_inv_02723/A
-     INV_X4B_A9PP140ZTL_C30      rise   0.000   0.092   0.012  -      (303.660,63.050)     6.500   -       
CTS_ccl_a_inv_02723/Y
-     INV_X4B_A9PP140ZTL_C30      fall   0.010   0.102   0.014  0.007  (303.520,63.250)     0.340      2    
CTS_ccl_a_inv_02666/A
-     INV_X4B_A9PP140ZTL_C30      fall   0.000   0.102   0.014  -      (303.380,83.750)    20.640   -       
CTS_ccl_a_inv_02666/Y
-     INV_X4B_A9PP140ZTL_C30      rise   0.010   0.112   0.012  0.008  (303.520,83.550)     0.340      2    
CTS_ccl_a_inv_02577/A
-     INV_X4B_A9PP140ZTL_C30      rise   0.000   0.112   0.012  -      (302.820,109.850)   27.000   -       
CTS_ccl_a_inv_02577/Y
-     INV_X4B_A9PP140ZTL_C30      fall   0.004   0.117   0.006  0.001  (302.680,110.050)    0.340      1    
FE_USKC7564_CTS_971/A
-     INV_X2B_A9PP140ZTL_C30      fall   0.000   0.117   0.006  -      (301.700,110.750)    1.680   -       
FE_USKC7564_CTS_971/Y
-     INV_X2B_A9PP140ZTL_C30      rise   0.004   0.121   0.005  0.001  (301.560,110.950)    0.340      1    
FE_USKC7565_CTS_971/A
-     INV_X2B_A9PP140ZTL_C30      rise   0.000   0.121   0.005  -      (301.280,111.650)    0.980   -       
FE_USKC7565_CTS_971/Y
-     INV_X2B_A9PP140ZTL_C30      fall   0.010   0.131   0.016  0.005  (301.420,111.450)    0.340      2    
CTS_ccl_a_inv_02358/A
-     INV_X2B_A9PP140ZTL_C30      fall   0.000   0.131   0.016  -      (302.260,119.750)    9.140   -       
CTS_ccl_a_inv_02358/Y
-     INV_X2B_A9PP140ZTL_C30      rise   0.008   0.139   0.009  0.002  (302.400,119.950)    0.340      1    
FE_USKC7556_CTS_962/A
-     INV_X4B_A9PP140ZTL_C30      rise   0.000   0.139   0.009  -      (302.400,121.550)    1.600   -       
FE_USKC7556_CTS_962/Y
-     INV_X4B_A9PP140ZTL_C30      fall   0.005   0.145   0.007  0.002  (302.260,121.350)    0.340      1    
FE_USKC7557_CTS_962/A
-     INV_X4B_A9PP140ZTL_C30      fall   0.000   0.145   0.007  -      (303.100,121.550)    1.040   -       
FE_USKC7557_CTS_962/Y
-     INV_X4B_A9PP140ZTL_C30      rise   0.007   0.151   0.008  0.006  (303.240,121.350)    0.340      2    
CTS_ccl_a_inv_01842/A
-     INV_X4B_A9PP140ZTL_C30      rise   0.000   0.151   0.008  -      (307.580,123.350)    6.340   -       
CTS_ccl_a_inv_01842/Y
-     INV_X4B_A9PP140ZTL_C30      fall   0.013   0.164   0.019  0.012  (307.720,123.150)    0.340      3    
CTS_ccl_a_inv_00375/A
-     INV_X6B_A9PP140ZTL_C30      fall   0.000   0.164   0.019  -      (310.100,127.850)    7.080   -       
CTS_ccl_a_inv_00375/Y
-     INV_X6B_A9PP140ZTL_C30      rise   0.013   0.177   0.016  0.017  (309.960,128.050)    0.340     11    
u_int_pp_2_Delay_Pipeline_reg_im_reg[17][1]/CK
-     DFFRPQA_X1M_A9PP140ZTL_C30  rise   0.001   0.177   0.016  -      (308.940,133.350)    6.320   -       
------------------------------------------------------------------------------------------------------------------

Timing for timing corner delay_corner_wcl_typical:both.late, min clock_path:
============================================================================

PathID    : 11
Path type : skew group clk/functional_wcl_typical (path 1 of 1)
Start     : clk
End       : u_int_pp_3/sum3_3_re_1_reg[1]/CK
Delay     :  0.152

-----------------------------------------------------------------------------------------------------------------
Name  Lib cell                   Event  Incr   Arrival  Slew   Cap    Location           Distance  Fanout  Status
                                        (ns)   (ns)     (ns)   (pF)                      (um)              
-- Clockpath trace ----------------------------------------------------------------------------------------------
clk
-     -                          rise   -       0.000   0.004  0.019  (411.275,286.000)  -            1    
CTS_ccl_inv_02775/A
-     INV_X7P5B_A9PP140ZTL_C30   rise   0.005   0.005   0.010  -      (348.320,219.650)  129.305   -       
CTS_ccl_inv_02775/Y
-     INV_X7P5B_A9PP140ZTL_C30   fall   0.006   0.010   0.007  0.005  (348.180,219.850)    0.340      1    
CTS_ccl_a_inv_02774/A
-     INV_X7P5B_A9PP140ZTL_C30   fall   0.000   0.011   0.007  -      (346.080,216.950)    5.000   -       
CTS_ccl_a_inv_02774/Y
-     INV_X7P5B_A9PP140ZTL_C30   rise   0.006   0.017   0.010  0.015  (345.940,216.750)    0.340      2    
CTS_ccl_inv_02773/A
-     INV_X7P5B_A9PP140ZTL_C30   rise   0.003   0.020   0.012  -      (279.580,213.350)   69.760   -       
CTS_ccl_inv_02773/Y
-     INV_X7P5B_A9PP140ZTL_C30   fall   0.006   0.026   0.008  0.006  (279.440,213.150)    0.340      1    
CTS_ccl_inv_02771/A
-     INV_X7P5B_A9PP140ZTL_C30   fall   0.001   0.027   0.008  -      (271.320,211.550)    9.720   -       
CTS_ccl_inv_02771/Y
-     INV_X7P5B_A9PP140ZTL_C30   rise   0.007   0.033   0.010  0.014  (271.180,211.350)    0.340      1    
CTS_ccl_inv_02769/A
-     INV_X7P5B_A9PP140ZTL_C30   rise   0.003   0.036   0.012  -      (187.040,211.550)   84.340   -       
CTS_ccl_inv_02769/Y
-     INV_X7P5B_A9PP140ZTL_C30   fall   0.009   0.045   0.012  0.010  (187.180,211.350)    0.340      2    
CTS_ccl_inv_02767/A
-     INV_X4B_A9PP140ZTL_C30     fall   0.001   0.046   0.012  -      (148.960,211.550)   38.420   -       
CTS_ccl_inv_02767/Y
-     INV_X4B_A9PP140ZTL_C30     rise   0.008   0.054   0.009  0.006  (149.100,211.350)    0.340      1    
CTS_ccl_inv_02763/A
-     INV_X6B_A9PP140ZTL_C30     rise   0.001   0.055   0.009  -      (141.820,223.250)   19.180   -       
CTS_ccl_inv_02763/Y
-     INV_X6B_A9PP140ZTL_C30     fall   0.009   0.064   0.013  0.010  (141.680,223.450)    0.340      2    
CTS_ccl_inv_02758/A
-     INV_X6B_A9PP140ZTL_C30     fall   0.001   0.065   0.013  -      (121.660,225.050)   21.620   -       
CTS_ccl_inv_02758/Y
-     INV_X6B_A9PP140ZTL_C30     rise   0.008   0.073   0.010  0.009  (121.520,225.250)    0.340      2    
CTS_ccl_inv_02749/A
-     INV_X6B_A9PP140ZTL_C30     rise   0.001   0.074   0.010  -      (106.680,224.150)   15.940   -       
CTS_ccl_inv_02749/Y
-     INV_X6B_A9PP140ZTL_C30     fall   0.008   0.082   0.012  0.008  (106.820,223.950)    0.340      1    
CTS_ccl_inv_02738/A
-     INV_X6B_A9PP140ZTL_C30     fall   0.002   0.084   0.012  -      (106.680,186.350)   37.740   -       
CTS_ccl_inv_02738/Y
-     INV_X6B_A9PP140ZTL_C30     rise   0.009   0.093   0.011  0.012  (106.820,186.150)    0.340      2    
u_int_pp_3/CTS_ccl_a_inv_02717/A
-     INV_X6B_A9PP140ZTL_C30     rise   0.001   0.094   0.011  -      (60.900,186.350)    46.120   -       
u_int_pp_3/CTS_ccl_a_inv_02717/Y
-     INV_X6B_A9PP140ZTL_C30     fall   0.009   0.103   0.013  0.009  (60.760,186.150)     0.340      2    
u_int_pp_3/CTS_ccl_a_inv_02681/A
-     INV_X4B_A9PP140ZTL_C30     fall   0.001   0.104   0.013  -      (57.120,186.350)     3.840   -       
u_int_pp_3/CTS_ccl_a_inv_02681/Y
-     INV_X4B_A9PP140ZTL_C30     rise   0.009   0.113   0.010  0.007  (56.980,186.150)     0.340      2    
u_int_pp_3/CTS_ccl_a_inv_02618/A
-     INV_X4B_A9PP140ZTL_C30     rise   0.000   0.113   0.010  -      (43.960,184.550)    14.620   -       
u_int_pp_3/CTS_ccl_a_inv_02618/Y
-     INV_X4B_A9PP140ZTL_C30     fall   0.009   0.122   0.012  0.006  (43.820,184.350)     0.340      2    
u_int_pp_3/CTS_ccl_a_inv_02464/A
-     INV_X6B_A9PP140ZTL_C30     fall   0.000   0.122   0.012  -      (41.860,185.450)     3.060   -       
u_int_pp_3/CTS_ccl_a_inv_02464/Y
-     INV_X6B_A9PP140ZTL_C30     rise   0.009   0.131   0.010  0.011  (41.720,185.650)     0.340      3    
u_int_pp_3/CTS_ccl_a_inv_02053/A
-     INV_X4B_A9PP140ZTL_C30     rise   0.001   0.131   0.010  -      (39.340,195.350)    12.080   -       
u_int_pp_3/CTS_ccl_a_inv_02053/Y
-     INV_X4B_A9PP140ZTL_C30     fall   0.009   0.140   0.013  0.007  (39.480,195.150)     0.340      2    
u_int_pp_3/CTS_ccl_a_inv_01021/A
-     INV_X6B_A9PP140ZTL_C30     fall   0.000   0.141   0.013  -      (43.960,194.450)     5.180   -       
u_int_pp_3/CTS_ccl_a_inv_01021/Y
-     INV_X6B_A9PP140ZTL_C30     rise   0.011   0.152   0.014  0.016  (43.820,194.650)     0.340     11    
u_int_pp_3/sum3_3_re_1_reg[1]/CK
-     DFFRPQ_X2M_A9PP140ZTL_C30  rise   0.000   0.152   0.014  -      (42.420,196.250)     3.000   -       
-----------------------------------------------------------------------------------------------------------------

Timing for timing corner delay_corner_wcl_typical:both.late, max clock_path:
============================================================================

PathID    : 12
Path type : skew group clk/functional_wcl_typical (path 1 of 1)
Start     : clk
End       : u_int_pp_2_Delay_Pipeline_reg_im_reg[17][1]/CK
Delay     :  0.180

------------------------------------------------------------------------------------------------------------------
Name  Lib cell                    Event  Incr   Arrival  Slew   Cap    Location           Distance  Fanout  Status
                                         (ns)   (ns)     (ns)   (pF)                      (um)              
-- Clockpath trace -----------------------------------------------------------------------------------------------
clk
-     -                           rise   -       0.000   0.004  0.019  (411.275,286.000)  -            1    
CTS_ccl_inv_02775/A
-     INV_X7P5B_A9PP140ZTL_C30    rise   0.005   0.005   0.010  -      (348.320,219.650)  129.305   -       
CTS_ccl_inv_02775/Y
-     INV_X7P5B_A9PP140ZTL_C30    fall   0.006   0.010   0.007  0.005  (348.180,219.850)    0.340      1    
CTS_ccl_a_inv_02774/A
-     INV_X7P5B_A9PP140ZTL_C30    fall   0.000   0.011   0.007  -      (346.080,216.950)    5.000   -       
CTS_ccl_a_inv_02774/Y
-     INV_X7P5B_A9PP140ZTL_C30    rise   0.006   0.017   0.010  0.015  (345.940,216.750)    0.340      2    
CTS_idc_inv_02797/A
-     INV_X4B_A9PP140ZTL_C30      rise   0.003   0.019   0.012  -      (293.160,213.350)   56.180   -       
CTS_idc_inv_02797/Y
-     INV_X4B_A9PP140ZTL_C30      fall   0.007   0.026   0.009  0.004  (293.020,213.150)    0.340      1    
CTS_ccl_inv_02772/A
-     INV_X6B_A9PP140ZTL_C30      fall   0.000   0.026   0.009  -      (293.020,211.550)    1.600   -       
CTS_ccl_inv_02772/Y
-     INV_X6B_A9PP140ZTL_C30      rise   0.007   0.034   0.010  0.010  (293.160,211.350)    0.340      1    
CTS_ccl_inv_02770/A
-     INV_X6B_A9PP140ZTL_C30      rise   0.002   0.035   0.010  -      (300.580,164.750)   54.020   -       
CTS_ccl_inv_02770/Y
-     INV_X6B_A9PP140ZTL_C30      fall   0.007   0.043   0.010  0.006  (300.720,164.550)    0.340      2    
CTS_ccl_a_inv_02768/A
-     INV_X6B_A9PP140ZTL_C30      fall   0.000   0.043   0.010  -      (305.480,155.750)   13.560   -       
CTS_ccl_a_inv_02768/Y
-     INV_X6B_A9PP140ZTL_C30      rise   0.008   0.051   0.009  0.010  (305.620,155.550)    0.340      1    
CTS_ccl_inv_02765/A
-     INV_X6B_A9PP140ZTL_C30      rise   0.001   0.052   0.009  -      (305.620,105.350)   50.200   -       
CTS_ccl_inv_02765/Y
-     INV_X6B_A9PP140ZTL_C30      fall   0.008   0.060   0.011  0.008  (305.760,105.150)    0.340      2    
CTS_ccl_inv_02761/A
-     INV_X4B_A9PP140ZTL_C30      fall   0.001   0.061   0.011  -      (305.200,99.050)     6.660   -       
CTS_ccl_inv_02761/Y
-     INV_X4B_A9PP140ZTL_C30      rise   0.010   0.071   0.013  0.010  (305.060,99.250)     0.340      1    
CTS_ccl_inv_02755/A
-     INV_X7P5B_A9PP140ZTL_C30    rise   0.001   0.072   0.013  -      (303.520,58.550)    42.240   -       
CTS_ccl_inv_02755/Y
-     INV_X7P5B_A9PP140ZTL_C30    fall   0.011   0.083   0.016  0.015  (303.660,58.350)     0.340      2    
CTS_ccl_inv_02742/A
-     INV_X7P5B_A9PP140ZTL_C30    fall   0.000   0.083   0.016  -      (303.520,56.750)     1.740   -       
CTS_ccl_inv_02742/Y
-     INV_X7P5B_A9PP140ZTL_C30    rise   0.009   0.092   0.012  0.013  (303.660,56.550)     0.340      2    
CTS_ccl_a_inv_02723/A
-     INV_X4B_A9PP140ZTL_C30      rise   0.000   0.092   0.012  -      (303.660,63.050)     6.500   -       
CTS_ccl_a_inv_02723/Y
-     INV_X4B_A9PP140ZTL_C30      fall   0.010   0.103   0.014  0.007  (303.520,63.250)     0.340      2    
CTS_ccl_a_inv_02666/A
-     INV_X4B_A9PP140ZTL_C30      fall   0.000   0.103   0.014  -      (303.380,83.750)    20.640   -       
CTS_ccl_a_inv_02666/Y
-     INV_X4B_A9PP140ZTL_C30      rise   0.010   0.113   0.012  0.008  (303.520,83.550)     0.340      2    
CTS_ccl_a_inv_02577/A
-     INV_X4B_A9PP140ZTL_C30      rise   0.001   0.114   0.012  -      (302.820,109.850)   27.000   -       
CTS_ccl_a_inv_02577/Y
-     INV_X4B_A9PP140ZTL_C30      fall   0.004   0.118   0.006  0.001  (302.680,110.050)    0.340      1    
FE_USKC7564_CTS_971/A
-     INV_X2B_A9PP140ZTL_C30      fall   0.000   0.118   0.006  -      (301.700,110.750)    1.680   -       
FE_USKC7564_CTS_971/Y
-     INV_X2B_A9PP140ZTL_C30      rise   0.004   0.123   0.005  0.001  (301.560,110.950)    0.340      1    
FE_USKC7565_CTS_971/A
-     INV_X2B_A9PP140ZTL_C30      rise   0.000   0.123   0.005  -      (301.280,111.650)    0.980   -       
FE_USKC7565_CTS_971/Y
-     INV_X2B_A9PP140ZTL_C30      fall   0.010   0.133   0.016  0.005  (301.420,111.450)    0.340      2    
CTS_ccl_a_inv_02358/A
-     INV_X2B_A9PP140ZTL_C30      fall   0.000   0.133   0.016  -      (302.260,119.750)    9.140   -       
CTS_ccl_a_inv_02358/Y
-     INV_X2B_A9PP140ZTL_C30      rise   0.008   0.141   0.009  0.002  (302.400,119.950)    0.340      1    
FE_USKC7556_CTS_962/A
-     INV_X4B_A9PP140ZTL_C30      rise   0.000   0.141   0.009  -      (302.400,121.550)    1.600   -       
FE_USKC7556_CTS_962/Y
-     INV_X4B_A9PP140ZTL_C30      fall   0.005   0.146   0.007  0.002  (302.260,121.350)    0.340      1    
FE_USKC7557_CTS_962/A
-     INV_X4B_A9PP140ZTL_C30      fall   0.000   0.146   0.007  -      (303.100,121.550)    1.040   -       
FE_USKC7557_CTS_962/Y
-     INV_X4B_A9PP140ZTL_C30      rise   0.007   0.153   0.008  0.006  (303.240,121.350)    0.340      2    
CTS_ccl_a_inv_01842/A
-     INV_X4B_A9PP140ZTL_C30      rise   0.000   0.153   0.008  -      (307.580,123.350)    6.340   -       
CTS_ccl_a_inv_01842/Y
-     INV_X4B_A9PP140ZTL_C30      fall   0.013   0.166   0.019  0.012  (307.720,123.150)    0.340      3    
CTS_ccl_a_inv_00375/A
-     INV_X6B_A9PP140ZTL_C30      fall   0.000   0.166   0.019  -      (310.100,127.850)    7.080   -       
CTS_ccl_a_inv_00375/Y
-     INV_X6B_A9PP140ZTL_C30      rise   0.013   0.179   0.016  0.017  (309.960,128.050)    0.340     11    
u_int_pp_2_Delay_Pipeline_reg_im_reg[17][1]/CK
-     DFFRPQA_X1M_A9PP140ZTL_C30  rise   0.001   0.180   0.016  -      (308.940,133.350)    6.320   -       
------------------------------------------------------------------------------------------------------------------

