============================================================
  Generated by:           Genus(TM) Synthesis Solution 23.10-p004_1
  Generated on:           Feb 17 2025  02:57:31 pm
  Module:                 pp_fir_u_2
  Library domain:         timing_cond_wcl_slow
    Domain index:         0
    Technology library:   sc9mcpp140z_cln28ht_base_lvt_c30_ssg_cworstt_max_0p81v_125c 1.0
  Library domain:         timing_cond_wcl_fast
    Domain index:         1
    Technology library:   sc9mcpp140z_cln28ht_base_lvt_c30_ffg_cbestt_min_0p99v_m40c 1.0
  Library domain:         timing_cond_wcl_typical
    Domain index:         2
    Technology library:   sc9mcpp140z_cln28ht_base_lvt_c30_tt_ctypical_max_0p90v_25c 1.0
  Operating conditions:   ssg_cworstt_max_0p81v_125c 
  Operating conditions:   ffg_cbestt_min_0p99v_m40c 
  Operating conditions:   tt_ctypical_max_0p90v_25c 
  Interconnect mode:      placement
  Area mode:              physical library
============================================================

Timing
--------

  Analysis view  Clock Period 
------------------------------
view_wcl_slow    clk    500.0 
view_wcl_fast    clk    500.0 
view_wcl_typical clk    500.0 


    Analysis       Cost   Critical            Violating 
      View        Group  Path Slack    TNS      Paths   
--------------------------------------------------------
view_wcl_slow        clk      -47.3 -54600.7       2778 
                 default   No paths      0.0          0 
--------------------------------------------------------
Total                               -54600.7       2778 
                                                        
view_wcl_fast        clk        5.2      0.0          0 
                 default   No paths      0.0          0 
--------------------------------------------------------
Total                                   -0.0          0 
                                                        
view_wcl_typical     clk      -15.1  -4303.0       1054 
                 default   No paths      0.0          0 
--------------------------------------------------------
Total                                -4303.0       1054 
                                                        

Instance Count
--------------
Leaf Instance Count             26096 
Physical Instance count          1107 
Sequential Instance Count        3694 
Combinational Instance Count    22402 
Hierarchical Instance Count         0 

Area
----
Cell Area                          29089.620
Physical Cell Area                 596.610
Total Cell Area (Cell+Physical)    29686.230
Net Area                           8149.487
Total Area (Cell+Physical+Net)     37835.717

Floorplan Utilization              79.21%
Runtime                            120.12117500000001 seconds
Elapsed Runtime                    3493 seconds
Genus peak memory usage            3561.11 
Innovus peak memory usage          5516.457031 
Hostname                           tc012.cm.cluster

Physical Data
-------------
Total Net Length                   162989.74 um
Average Net Length                 5.99 um
