============================================================
  Generated by:           Genus(TM) Synthesis Solution 23.10-p004_1
  Generated on:           Feb 17 2025  02:23:21 pm
  Module:                 pp_fir_u_2
  Library domain:         timing_cond_wcl_slow
    Domain index:         0
    Technology library:   sc9mcpp140z_cln28ht_base_lvt_c30_ssg_cworstt_max_0p81v_125c 1.0
  Library domain:         timing_cond_wcl_fast
    Domain index:         1
    Technology library:   sc9mcpp140z_cln28ht_base_lvt_c30_ffg_cbestt_min_0p99v_m40c 1.0
  Library domain:         timing_cond_wcl_typical
    Domain index:         2
    Technology library:   sc9mcpp140z_cln28ht_base_lvt_c30_tt_ctypical_max_0p90v_25c 1.0
  Operating conditions:   ssg_cworstt_max_0p81v_125c 
  Operating conditions:   ffg_cbestt_min_0p99v_m40c 
  Operating conditions:   tt_ctypical_max_0p90v_25c 
  Interconnect mode:      spatial
  Area mode:              physical library
============================================================

Timing
--------

  Analysis view  Clock Period 
------------------------------
view_wcl_slow    clk    500.0 
view_wcl_fast    clk    500.0 
view_wcl_typical clk    500.0 


    Analysis       Cost   Critical            Violating 
      View        Group  Path Slack    TNS      Paths   
--------------------------------------------------------
view_wcl_slow        clk      -16.3 -22934.5       2260 
                 default   No paths      0.0          0 
--------------------------------------------------------
Total                               -22934.5       2260 
                                                        
view_wcl_fast        clk       23.1      0.0          0 
                 default   No paths      0.0          0 
--------------------------------------------------------
Total                                   -0.0          0 
                                                        
view_wcl_typical     clk        6.1      0.0          0 
                 default   No paths      0.0          0 
--------------------------------------------------------
Total                                   -0.0          0 
                                                        

Instance Count
--------------
Leaf Instance Count             26110 
Physical Instance count          1107 
Sequential Instance Count        3694 
Combinational Instance Count    22416 
Hierarchical Instance Count         0 

Area
----
Cell Area                          28082.124
Physical Cell Area                 596.610
Total Cell Area (Cell+Physical)    28678.734
Net Area                           7278.250
Total Area (Cell+Physical+Net)     35956.984

Floorplan Utilization              76.47%
Runtime                            121.12117500000001 seconds
Elapsed Runtime                    1445 seconds
Genus peak memory usage            2654.59 
Innovus peak memory usage          no_value 
Hostname                           tc012.cm.cluster
