 ---------------------------------------------------------------------------------------------------------------------- 
| Snapshot           | WNS                  | TNS                  | Density (%) | Resource               | DRVs       |
|                    | HEPG (ns) | ALL (ns) | HEPG (ns) | ALL (ns) |             | Real (s) | Memory (MB) | Tran | Cap |
|--------------------+-----------+----------+-----------+----------+-------------+----------+-------------+------+-----|
| initial_summary    |     0.010 |   -0.074 |           |       -3 |       61.77 | 0:01:56  |       14903 |    1 |   0 |
| ccopt_pro          |           |          |           |          |             | 0:00:27  |       18696 |      |     |
| drv_eco_fixing     |     0.007 |   -0.075 |         0 |       -4 |       61.77 | 0:00:22  |       15204 |    1 |   0 |
| wns_fixing         |     0.007 |   -0.075 |         0 |       -4 |       61.77 | 0:00:29  |       15460 |      |     |
| tns_fixing         |     0.007 |   -0.075 |         0 |       -3 |       61.75 | 0:00:16  |       15460 |      |     |
| route_type_fixing  |           |          |           |          |             | 0:00:04  |       15204 |      |     |
| pre_route_summary  |     0.007 |   -0.075 |           |       -3 |       61.75 | 0:00:02  |       15204 |    1 |   0 |
| eco_route          |           |          |           |          |             | 0:08:14  |       14965 |      |     |
| post_route_summary |     0.012 |   -0.071 |           |       -2 |       61.75 | 0:01:15  |       15194 |    1 |   0 |
| tns_eco_fixing     |     0.012 |   -0.071 |         0 |       -2 |      100.00 | 0:00:14  |       15450 |      |     |
| final_summary      |     0.012 |   -0.071 |           |       -2 |       61.75 | 0:00:27  |       15194 |    1 |   0 |
 ---------------------------------------------------------------------------------------------------------------------- 
