 ------------------------------------------------------------------------------------------------------------------------------------------------------ 
| Snapshot                | WNS                  | TNS                  | Density (%) | Hotspot      | Resource               | DRVs       | Layer-OPT |
|                         | HEPG (ns) | ALL (ns) | HEPG (ns) | ALL (ns) |             | Max  | Total | Real (s) | Memory (MB) | Tran | Cap | M8        |
|-------------------------+-----------+----------+-----------+----------+-------------+------+-------+----------+-------------+------+-----+-----------|
| initial_summary         |    -0.358 |   -0.358 |           |     -128 |       64.84 |      |       | 0:00:07  |        5300 |    0 |   0 |           |
| route_type_refinement   |           |          |           |          |             |      |       | 0:00:01  |        5305 |      |     |        12 |
| simplify_netlist        |           |          |           |          |             |      |       | 0:00:03  |        5324 |      |     |           |
| excluded_clk_net_fixing |           |          |           |          |             |      |       | 0:00:00  |        5324 |      |     |           |
| global_opt              |           |   -0.358 |           |     -123 |       64.99 |      |       | 0:00:05  |        5587 |      |     |        12 |
| global_opt_2            |           |   -0.359 |           |     -118 |       65.21 |      |       | 0:00:06  |        5671 |      |     |        12 |
| area_reclaiming         |     0.041 |   -0.358 |         0 |     -119 |       65.01 |      |       | 0:00:07  |        5780 |      |     |         5 |
| wns_fixing              |     0.041 |   -0.356 |         0 |     -133 |       65.01 |      |       | 0:00:09  |        6400 |      |     |         6 |
| tns_fixing              |     0.048 |   -0.358 |         0 |     -113 |       65.21 |      |       | 0:00:15  |        6754 |      |     |        15 |
| area_reclaiming_2       |     0.068 |   -0.350 |         0 |     -113 |       65.17 |      |       | 0:00:08  |        6199 |      |     |        15 |
| area_reclaiming_3       |     0.070 |   -0.350 |         0 |     -113 |       65.15 |      |       | 0:00:05  |        6189 |      |     |        11 |
| local_wire_reclaim      |           |          |           |          |             |      |       | 0:00:15  |        6186 |      |     |           |
| global_route            |           |          |           |          |             | 0.00 |  0.00 | 0:00:03  |        5951 |      |     |           |
| route_type_refinement_2 |           |          |           |          |             |      |       | 0:00:00  |        5951 |      |     |        11 |
| drv_eco_fixing          |     0.071 |   -0.350 |         0 |     -118 |       65.17 |      |       | 0:00:05  |        6184 |    0 |   0 |        11 |
| tns_eco_fixing          |     0.071 |   -0.350 |         0 |     -118 |       65.19 |      |       | 0:00:08  |        6831 |      |     |        11 |
| tns_eco_fixing_2        |     0.071 |   -0.350 |         0 |     -118 |       65.19 |      |       | 0:00:05  |        6618 |      |     |        11 |
| final_summary           |     0.071 |   -0.350 |           |     -118 |       65.10 | 0.00 |  0.00 | 0:00:04  |        6144 |    0 |   0 |           |
 ------------------------------------------------------------------------------------------------------------------------------------------------------ 
