============================================================
  Generated by:           Genus(TM) Synthesis Solution 23.14-s090_1
  Generated on:           Jan 25 2026  09:07:53 pm
  Module:                 b2u_3b_static
  Library domain:         fast
    Domain index:         0
    Technology libraries: sc9mcpp140z_cln28ht_base_svt_c30_ffg_cbestt_min_0p99v_m40c 1.0
                          sc9mcpp140z_cln28ht_hpk_svt_c30_ffg_cbestt_min_0p99v_m40c 1.0
  Library domain:         nom
    Domain index:         1
    Technology libraries: sc9mcpp140z_cln28ht_base_svt_c30_tt_ctypical_max_0p90v_25c 1.0
                          sc9mcpp140z_cln28ht_hpk_svt_c30_tt_ctypical_max_0p90v_25c 1.0
  Operating conditions:   ffg_cbestt_min_0p99v_m40c 
  Operating conditions:   tt_ctypical_max_0p90v_25c 
  Interconnect mode:      global
  Area mode:              physical library
============================================================

Timing
-------
    Analysis      Cost   Critical        Violating 
      View       Group  Path Slack  TNS    Paths   
---------------------------------------------------
slow-slow-maxrc default   No paths  0.0          0 
---------------------------------------------------
Total                              -0.0          0 
                                                   
fast-fast-minrc default   No paths  0.0          0 
---------------------------------------------------
Total                              -0.0          0 
                                                   
func-typ-typ    default   No paths  0.0          0 
---------------------------------------------------
Total                              -0.0          0 
                                                   

Instance Count
--------------
Leaf Instance Count             7 
Physical Instance count         0 
Sequential Instance Count       0 
Combinational Instance Count    7 
Hierarchical Instance Count     0 

Area
----
Cell Area                          4.158
Physical Cell Area                 0.000
Total Cell Area (Cell+Physical)    4.158
Net Area                           3.997
Total Area (Cell+Physical+Net)     8.155

Runtime                            0.0 seconds
Elapsed Runtime                    876 seconds
Genus peak memory usage            2356.25 
Innovus peak memory usage          no_value 
Hostname                           lnx-prd-05.ece.vt.edu
