

Working Directory = /data/projects/28HPC_summer2024/jswalling/synthesis/cadence/bgr_dec/work
QoS Summary for b2u_3b_static
================================================================================
Metric                          generic         map             final          
================================================================================

View : slow-slow-maxrc
Slack (ps):                       inf             inf             inf
  R2R (ps):                  no_value        no_value        no_value
  I2R (ps):                  no_value        no_value        no_value
  R2O (ps):                  no_value        no_value        no_value
  I2O (ps):                  no_value        no_value        no_value
  CG  (ps):                  no_value        no_value        no_value
TNS (ps):                           0               0               0
  R2R (ps):                  no_value        no_value        no_value
  I2R (ps):                  no_value        no_value        no_value
  R2O (ps):                  no_value        no_value        no_value
  I2O (ps):                  no_value        no_value        no_value
  CG  (ps):                  no_value        no_value        no_value
Failing Paths:                      0               0               0

View : fast-fast-minrc
Slack (ps):                       inf             inf             inf
  R2R (ps):                  no_value        no_value        no_value
  I2R (ps):                  no_value        no_value        no_value
  R2O (ps):                  no_value        no_value        no_value
  I2O (ps):                  no_value        no_value        no_value
  CG  (ps):                  no_value        no_value        no_value
TNS (ps):                           0               0               0
  R2R (ps):                  no_value        no_value        no_value
  I2R (ps):                  no_value        no_value        no_value
  R2O (ps):                  no_value        no_value        no_value
  I2O (ps):                  no_value        no_value        no_value
  CG  (ps):                  no_value        no_value        no_value
Failing Paths:                      0               0               0

View : func-typ-typ
Slack (ps):                       inf             inf             inf
  R2R (ps):                  no_value        no_value        no_value
  I2R (ps):                  no_value        no_value        no_value
  R2O (ps):                  no_value        no_value        no_value
  I2O (ps):                  no_value        no_value        no_value
  CG  (ps):                  no_value        no_value        no_value
TNS (ps):                           0               0               0
  R2R (ps):                  no_value        no_value        no_value
  I2R (ps):                  no_value        no_value        no_value
  R2O (ps):                  no_value        no_value        no_value
  I2O (ps):                  no_value        no_value        no_value
  CG  (ps):                  no_value        no_value        no_value
Failing Paths:                      0               0               0

Cell Area:                         12               4               4
Total Cell Area:                   12               4               4
Leaf Instances:                     9               7               7
Total Instances:                    9               7               7
Utilization (%):                 0.00            0.00            0.00
Tot. Net Length (um):        no_value        no_value        no_value
Avg. Net Length (um):        no_value        no_value        no_value
Route Overflow H (%):        no_value        no_value        no_value
Route Overflow V (%):        no_value        no_value        no_value
MBCI(%) (bits/gate) :            0.00            0.00            0.00
Norm Cong Hotspot Area:
  Max Cong:                  no_value        no_value        no_value
  Tot Cong:                  no_value        no_value        no_value
================================================================================
CPU  Runtime (h:m:s):        00:00:53        00:00:02        00:00:01
Real Runtime (h:m:s):        00:14:31        00:00:02        00:00:01
CPU  Elapsed (h:m:s):        00:00:54        00:00:56        00:00:57
Real Elapsed (h:m:s):        00:14:31        00:14:33        00:14:34
Memory (MB):                  2323.96         2335.25         2356.25
================================================================================
================================================================================
Flow Settings:
================================================================================
Total Runtime (h:m:s): 00:14:34
Total Memory (MB):     2365.25
Executable Version:    23.14-s090_1
================================================================================
Total Cell Area =  Cell Area + Physical Cell Area
Total Instances =  Leaf Instances + Physical Instances


