============================================================
  Generated by:           Genus(TM) Synthesis Solution 23.14-s090_1
  Generated on:           Jan 25 2026  09:07:52 pm
  Module:                 b2u_3b_static
  Library domain:         fast
    Domain index:         0
    Technology libraries: sc9mcpp140z_cln28ht_base_svt_c30_ffg_cbestt_min_0p99v_m40c 1.0
                          sc9mcpp140z_cln28ht_hpk_svt_c30_ffg_cbestt_min_0p99v_m40c 1.0
  Library domain:         nom
    Domain index:         1
    Technology libraries: sc9mcpp140z_cln28ht_base_svt_c30_tt_ctypical_max_0p90v_25c 1.0
                          sc9mcpp140z_cln28ht_hpk_svt_c30_tt_ctypical_max_0p90v_25c 1.0
  Operating conditions:   ffg_cbestt_min_0p99v_m40c 
  Operating conditions:   tt_ctypical_max_0p90v_25c 
  Interconnect mode:      global
  Area mode:              physical library
============================================================

                                               Leakage                                                                 Library 
           Gate             Instances  Area  Power (nW)                             Library                             Domain 
-------------------------------------------------------------------------------------------------------------------------------
AND2_X0P7M_A9PP140ZTS_C30           2  1.008     60.268    sc9mcpp140z_cln28ht_base_svt_c30_ssg_cworstt_max_0p81v_125c    slow 
AO21_X1M_A9PP140ZTS_C30             1  0.756     45.484    sc9mcpp140z_cln28ht_base_svt_c30_ssg_cworstt_max_0p81v_125c    slow 
NAND2XB_X2M_A9PP140ZTS_C30          1  0.756     65.147    sc9mcpp140z_cln28ht_base_svt_c30_ssg_cworstt_max_0p81v_125c    slow 
NOR2XB_X2M_A9PP140ZTS_C30           1  0.756     72.638    sc9mcpp140z_cln28ht_base_svt_c30_ssg_cworstt_max_0p81v_125c    slow 
NOR2_X0P7B_A9PP140ZTS_C30           1  0.378     14.713    sc9mcpp140z_cln28ht_base_svt_c30_ssg_cworstt_max_0p81v_125c    slow 
OR2_X0P7B_A9PP140ZTS_C30            1  0.504     39.308    sc9mcpp140z_cln28ht_base_svt_c30_ssg_cworstt_max_0p81v_125c    slow 
-------------------------------------------------------------------------------------------------------------------------------
total                               7  4.158    297.558                                                                


                                        Leakage  Leakage 
     Type      Instances  Area Area % Power (nW) Power % 
---------------------------------------------------------
logic                  7 4.158  100.0    297.558   100.0 
physical_cells         0 0.000    0.0      0.000     0.0 
---------------------------------------------------------
total                  7 4.158  100.0    297.558   100.0 

