 ------------------------------------------------------------------------------------------------------------------------------------------------------ 
| Snapshot                | WNS                  | TNS                  | Density (%) | Hotspot      | Resource               | DRVs       | Layer-OPT |
|                         | HEPG (ns) | ALL (ns) | HEPG (ns) | ALL (ns) |             | Max  | Total | Real (s) | Memory (MB) | Tran | Cap | M8        |
|-------------------------+-----------+----------+-----------+----------+-------------+------+-------+----------+-------------+------+-----+-----------|
| initial_summary         |           |   -0.153 |           |     -424 |       77.99 |      |       | 0:00:10  |        3268 |    0 |   0 |           |
| route_type_refinement   |           |          |           |          |             |      |       | 0:00:00  |        3266 |      |     |           |
| simplify_netlist        |           |          |           |          |             |      |       | 0:00:02  |        3276 |      |     |           |
| drv_fixing              |           |          |           |          |             |      |       | 0:00:02  |        3276 |      |     |           |
| global_opt              |           |   -0.093 |           |     -159 |       78.68 |      |       | 0:01:07  |        3362 |      |     |         3 |
| area_reclaiming         |     0.000 |   -0.086 |         0 |     -143 |       75.69 |      |       | 0:00:23  |        3363 |      |     |         3 |
| incremental_replacement |    -0.028 |   -0.111 |           |     -163 |             | 0.00 |  0.00 | 0:01:00  |        3415 |      |     |           |
| tns_fixing              |    -0.005 |   -0.111 |        -0 |     -159 |       76.39 |      |       | 0:00:31  |        3534 |      |     |         3 |
| wns_fixing              |     0.001 |   -0.075 |         0 |     -119 |       79.12 |      |       | 0:07:50  |        3641 |      |     |        26 |
| tns_fixing_2            |     0.003 |   -0.071 |         0 |     -100 |       82.48 |      |       | 0:03:52  |        3630 |      |     |        47 |
| area_reclaiming_2       |    -0.001 |   -0.064 |        -0 |     -100 |       81.43 |      |       | 0:00:31  |        3545 |      |     |        58 |
| area_reclaiming_3       |    -0.004 |   -0.060 |        -0 |      -98 |       78.15 |      |       | 0:00:23  |        3539 |      |     |        39 |
| drv_eco_fixing          |    -0.004 |   -0.060 |        -0 |      -98 |       78.15 |      |       | 0:00:04  |        3537 |    1 |   0 |        39 |
| tns_eco_fixing          |    -0.001 |   -0.062 |        -0 |      -95 |       79.86 |      |       | 0:01:25  |        3676 |      |     |        39 |
| final_summary           |    -0.003 |   -0.062 |           |      -95 |       79.86 |      |       | 0:00:04  |        3512 |    0 |   0 |           |
 ------------------------------------------------------------------------------------------------------------------------------------------------------ 
